
====================================================================
  SURFACE GRINDING CONTROLLER
====================================================================
  robot              172.16.0.2
--------------------------------------------------------------------

Press Enter to recover and configure the robot.
  Robot recovered or already ready.

====================================================================
  STARTUP MODE
====================================================================
  run     s   run the phase sequence from q_init
          h   hold the q_init pose
          t   hold with the set-up impedance, to test those gains
          g   hand-guide the start pose, then choose
--------------------------------------------------------------------
  set up  q   go to q_init and inspect
          o   open the hand now
          c   grasp the tool now
          r   recalibrate the hand width, fingers empty
          f   fetch the tool from the holder
          b   put the tool back
--------------------------------------------------------------------
  quit    e   stop and quit
--------------------------------------------------------------------
  in a run    e stop | m menu | g hand-guide | s sequence | t hold
--------------------------------------------------------------------
Choice [s/h/t/g/q/o/c/r/f/b/e]: 
-- selected: phase sequence ----------------------------------------

-- moving to q_init ------------------------------------------------
  case               horizontal_table_search
  q1..q7 [deg]     = [0.8, 12.1, -0.5, -130.9, -0.2, 142.9, 44.7] deg
  horizontal_table_search = [0.014777, 0.210911, -0.009320, -2.284835, -0.002725, 2.493410, 0.780694] rad
  q_init reached.

-- start pose ------------------------------------------------------
  q_start          = [0.8, 12.1, -0.5, -130.9, -0.1, 142.9, 44.7] deg
  p_start          = [    531.1,       2.5,     156.6] mm

====================================================================
  RUN
====================================================================

-- phase: approach_orient ------------------------------------------
  Kp [t1,t2,n]     = [    150.0,     150.0,     150.0] N/m
  Dp [t1,t2,n]     = [    126.5,     103.6,     128.3] Ns/m     auto (factor 1.90)
  KR [t1,t2,n]     = [     90.0,      90.0,      90.0] Nm/rad
  DR [t1,t2,n]     = [     13.5,      15.8,       2.0] Nms/rad  auto (factor 1.90)
orient:     t=  0.0 s | axis_err=  9.0 deg | spin_err=  0.8 deg
orient:     t=  0.2 s | axis_err=  8.1 deg | spin_err=  0.6 deg
orient:     t=  0.4 s | axis_err=  5.5 deg | spin_err=  0.0 deg
orient:     t=  0.6 s | axis_err=  3.2 deg | spin_err=  0.4 deg
orient:     t=  0.8 s | axis_err=  2.6 deg | spin_err=  0.4 deg
orient:     t=  1.0 s | axis_err=  2.4 deg | spin_err=  0.3 deg
orient:     t=  1.2 s | axis_err=  2.4 deg | spin_err=  0.3 deg
orient:     t=  1.4 s | axis_err=  2.3 deg | spin_err=  0.3 deg
orient:     t=  1.6 s | axis_err=  2.3 deg | spin_err=  0.3 deg
orient:     t=  1.8 s | axis_err=  2.3 deg | spin_err=  0.3 deg
orient:     t=  2.0 s | axis_err=  2.3 deg | spin_err=  0.3 deg
orient:     t=  2.2 s | axis_err=  2.3 deg | spin_err=  0.3 deg
orient:     t=  2.4 s | axis_err=  2.3 deg | spin_err=  0.3 deg
orient:     t=  2.6 s | axis_err=  2.3 deg | spin_err=  0.3 deg
orient:     t=  2.8 s | axis_err=  2.3 deg | spin_err=  0.3 deg
orient:     t=  3.0 s | axis_err=  2.3 deg | spin_err=  0.3 deg
orient:     t=  3.2 s | axis_err=  2.3 deg | spin_err=  0.3 deg
orient:     t=  3.4 s | axis_err=  2.3 deg | spin_err=  0.3 deg
orient:     t=  3.6 s | axis_err=  2.3 deg | spin_err=  0.3 deg
orient:     t=  3.8 s | axis_err=  2.3 deg | spin_err=  0.3 deg
orient:     t=  4.0 s | axis_err=  2.3 deg | spin_err=  0.3 deg
orient:     t=  4.2 s | axis_err=  2.3 deg | spin_err=  0.3 deg
orient:     t=  4.4 s | axis_err=  2.3 deg | spin_err=  0.3 deg
orient:     t=  4.6 s | axis_err=  2.3 deg | spin_err=  0.3 deg
orient:     t=  4.8 s | axis_err=  2.3 deg | spin_err=  0.3 deg

Orientation settled short of the 2.0 deg gate after 5.0 s: axis_err=2.3 deg | spin_err=0.3 deg

-- phase: approach_descend -----------------------------------------
  Kp [t1,t2,n]     = [    150.0,     150.0,     150.0] N/m
  Dp [t1,t2,n]     = [    126.5,     103.6,     128.3] Ns/m     auto (factor 1.90)
  KR [t1,t2,n]     = [     90.0,      90.0,      90.0] Nm/rad
  DR [t1,t2,n]     = [     13.5,      15.8,       2.0] Nms/rad  auto (factor 1.90)
  descend to         20 mm clearance at 0.100 m/s
descend:    t=  0.0 s | distance=   0.1 mm | height=+135.6 mm (target 20.0) | force=  0.0 N
descend:    t=  0.2 s | distance=  20.1 mm | height=+124.7 mm (target 20.0) | force=  0.5 N
descend:    t=  0.4 s | distance=  40.1 mm | height=+107.9 mm (target 20.0) | force=  0.4 N
descend:    t=  0.6 s | distance=  60.1 mm | height= +90.4 mm (target 20.0) | force=  1.1 N
descend:    t=  0.8 s | distance=  80.1 mm | height= +72.2 mm (target 20.0) | force=  1.3 N
descend:    t=  1.0 s | distance= 100.1 mm | height= +53.6 mm (target 20.0) | force=  0.5 N
descend:    t=  1.2 s | distance= 120.1 mm | height= +34.8 mm (target 20.0) | force=  1.1 N

[GATE] Reached 20 mm above the plane. Press Enter to start the set-up press (e+Enter stops).

-- gate hold -------------------------------------------------------
  Kp [x,y,z]       = [   5000.0,    5000.0,    5000.0] N/m
  Dp [x,y,z]       = [    205.1,     145.9,     252.2] Ns/m     auto
  KR [t1,t2,n]     = [     90.0,      90.0,      90.0] Nm/rad
  DR [t1,t2,n]     = [     13.8,      12.0,       2.5] Nms/rad  auto
[GATE] Continuing to the set-up press.

Clearance reached: distance=135.8 mm | height=19.9 mm | target=20.0 mm | force=-0.1 N (not used for the switch)
  offset_ee        = [    -20.0,      60.0,      20.0] mm
  p_EE_at_contact  = [    535.7,       7.9,      44.3] mm
  contact_point    = [    518.1,     -52.5,       1.5] mm
  edge_offset      = [    -17.5,     -60.4,     -42.8] mm

-- phase: set_up ---------------------------------------------------

-- set-up impedance ------------------------------------------------
  law                wrench = K_TCP*dx + D_TCP*dv
                     K_TCP  = Ad(r_c)^T * blkdiag(Kp,KR) * Ad(r_c)
  Kp [t1,t2,n]     = [   2000.0,    2000.0,     800.0] N/m
  Dp [t1,t2,n]     = [    212.2,     180.4,     174.6] Ns/m     auto
  KR [t1,t2,n]     = [      5.0,       5.0,      50.0] Nm/rad
  DR [t1,t2,n]     = [      1.9,       1.7,       1.1] Nms/rad  auto
  p_c [EE]         = [     35.8,     -16.9,       5.9] mm       the pole on the tool, from p_EE
  r_c [t1,t2,n]    = [     40.0,       0.0,       0.0] mm       commanded: p_TCP - p_c, in the plane
set_up:     t=  0.0 s | tip=  0.0 deg | F=  0.0 N | M=  0.0 Nm (limit 150.0) | edge= 19.8 mm
set_up:     t=  0.2 s | tip=  0.4 deg | F=  1.3 N | M=  1.3 Nm (limit 150.0) | edge= 10.7 mm
set_up:     t=  0.4 s | tip=  0.9 deg | F=  1.6 N | M=  1.3 Nm (limit 150.0) | edge=  4.9 mm
set_up:     t=  0.6 s | tip=  1.4 deg | F= 14.1 N | M=  8.2 Nm (limit 150.0) | edge=  2.7 mm
set_up:     t=  0.8 s | tip=  1.4 deg | F= 19.1 N | M= 11.3 Nm (limit 150.0) | edge=  2.9 mm
set_up:     t=  1.0 s | tip=  1.5 deg | F= 27.1 N | M= 15.6 Nm (limit 150.0) | edge=  3.0 mm
set_up:     t=  1.2 s | tip=  1.6 deg | F= 35.1 N | M= 20.0 Nm (limit 150.0) | edge=  3.2 mm
set_up:     t=  1.4 s | tip=  1.7 deg | F= 43.0 N | M= 24.4 Nm (limit 150.0) | edge=  3.4 mm
set_up:     t=  1.6 s | tip=  2.0 deg | F= 50.3 N | M= 28.4 Nm (limit 150.0) | edge=  3.6 mm
set_up:     t=  1.8 s | tip=  2.1 deg | F= 44.6 N | M= 25.3 Nm (limit 150.0) | edge=  3.4 mm
set_up:     t=  2.0 s | tip=  2.1 deg | F= 44.5 N | M= 25.3 Nm (limit 150.0) | edge=  3.4 mm
set_up:     t=  2.2 s | tip=  2.1 deg | F= 44.5 N | M= 25.2 Nm (limit 150.0) | edge=  3.4 mm
set_up:     t=  2.4 s | tip=  2.1 deg | F= 44.6 N | M= 25.3 Nm (limit 150.0) | edge=  3.4 mm
set_up:     t=  2.6 s | tip=  2.1 deg | F= 44.5 N | M= 25.3 Nm (limit 150.0) | edge=  3.4 mm
set_up:     t=  2.8 s | tip=  2.1 deg | F= 44.6 N | M= 25.3 Nm (limit 150.0) | edge=  3.4 mm
set_up:     t=  3.0 s | tip=  2.1 deg | F= 44.6 N | M= 25.3 Nm (limit 150.0) | edge=  3.4 mm
set_up:     t=  3.2 s | tip=  2.1 deg | F= 44.7 N | M= 25.3 Nm (limit 150.0) | edge=  3.4 mm
set_up:     t=  3.4 s | tip=  2.1 deg | F= 44.6 N | M= 25.3 Nm (limit 150.0) | edge=  3.4 mm
set_up:     t=  3.6 s | tip=  2.1 deg | F= 44.6 N | M= 25.3 Nm (limit 150.0) | edge=  3.4 mm
set_up:     t=  3.8 s | tip=  2.1 deg | F= 44.5 N | M= 25.3 Nm (limit 150.0) | edge=  3.4 mm
set_up:     t=  4.0 s | tip=  2.1 deg | F= 44.6 N | M= 25.3 Nm (limit 150.0) | edge=  3.4 mm
set_up:     t=  4.2 s | tip=  2.1 deg | F= 44.6 N | M= 25.3 Nm (limit 150.0) | edge=  3.4 mm
set_up:     t=  4.4 s | tip=  2.1 deg | F= 44.6 N | M= 25.3 Nm (limit 150.0) | edge=  3.4 mm
set_up:     t=  4.6 s | tip=  2.1 deg | F= 44.5 N | M= 25.3 Nm (limit 150.0) | edge=  3.4 mm
set_up:     t=  4.8 s | tip=  2.1 deg | F= 44.5 N | M= 25.2 Nm (limit 150.0) | edge=  3.4 mm

====================================================================
  SET-UP RESULT
====================================================================
  stop: time | t=5.0 s | tip=2.1 deg | F=44.5 N | M=25.3 Nm
  edge_from_contact = [-2.5, +0.0, -2.4] mm | norm=3.4 mm
  tcp_from_contact  = [+15.4, +59.9, +19.8] mm | norm=65.0 mm
  alignment: before=8.37 deg | after=6.35 deg | gain=+2.02 deg
  alignment components [t1,t2,n] deg: before=[-1.59,-8.22,+0.00] | after=[-0.86,-6.29,+0.00]

-- set-up surface-frame breakdown ----------------------------------
  frame              alignment-target [tangent1, tangent2, normal]
  force        [N]      = [    -1.50,     +2.22,    -44.45]
  tcp_disp     [mm]     = [    +1.53,     -0.95,    -23.07]
  edge_disp    [mm]     = [    +2.19,     -1.10,     -2.40]
  Kp_eff=F/tcp [N/m]    = [   -979.8,   -2344.3,    1926.8]
  moment@edge  [Nm]     = [    -8.30,    -24.91,     -0.94]
  tip_angle    [deg]    = [    +0.71,     +1.93,     -0.21]
  KR_eff=M/ang [Nm/rad] = [   -671.6,    -738.5,     255.9]

-- centre of compliance --------------------------------------------
  definition         r_c = p_TCP - p_c
  p_TCP [x,y,z]    = [    535.7,       7.9,      44.3] mm
  p_c [EE]         = [     35.8,     -16.9,       5.9] mm
  r_c [t1,t2,n]    = [     40.0,      -0.0,       0.0] mm
                     p_c resolved at first contact

-- what the TCP feels ----------------------------------------------
  K_TCP translation = [   1999.6,    1999.1,     801.3] N/m
  K_TCP rotation   = [      5.2,       6.1,      53.1] Nm/rad
  commanded KR was = [      5.0,       5.0,      50.0] Nm/rad   the rest is the lever
  D_TCP translation = [    206.5,     186.1,     174.7] Ns/m
  D_TCP rotation   = [      1.9,       1.9,       1.4] Nms/rad
  coupling           max |moment per unit translation| = 72.4 Nm/m (K), 6.5 Nms/m (D)
  eigenvalues        K_TCP 4.99 .. 2003 | D_TCP 1.11 .. 212  (both positive: valid springs)

  K_TCP [N/m, Nm/rad | rows fx..mz, cols tx..rz]:
           tx        ty        tz    |    rx        ry        rz
  fx [    2000  -0.5725   -20.68 |  -0.3505   -1.437   -33.84 ]
  fy [ -0.5725     1999   -33.18 |    1.624    1.203    72.44 ]
  fz [  -20.68   -33.18    801.3 |    13.52   -29.01  -0.8523 ]
     ---------------------------+---------------------------
  mx [ -0.3505    1.624    13.52 |    5.244  -0.4679   0.8404 ]
  my [  -1.437    1.203   -29.01 |  -0.4679    6.087    1.312 ]
  mz [  -33.84    72.44  -0.8523 |   0.8404    1.312    53.15 ]

  D_TCP [Ns/m, Nms/rad]:
           tx        ty        tz    |    rx        ry        rz
  fx [   206.5    12.19  -0.8871 | -0.001672  -0.1936   -3.051 ]
  fy [   12.19    186.1  -0.5263 |   0.1945 0.005738    6.535 ]
  fz [ -0.8871  -0.5263    174.7 |    2.954   -6.328 -0.004066 ]
     ---------------------------+---------------------------
  mx [-0.001672   0.1945    2.954 |    1.926 -0.01138 -0.008667 ]
  my [ -0.1936 0.005738   -6.328 | -0.01138    1.944 -0.01472 ]
  mz [  -3.051    6.535 -0.004066 | -0.008667 -0.01472    1.406 ]

[GATE] Set up finished (holding the pressed pose). Press Enter to start the grind (e+Enter stops).

Stop requested with e + Enter. Finishing control loop...

-- joint motion [deg] ----------------------------------------------
  joint       start    final    delta
  q1            0.8      0.8     -0.0
  q2           12.1     30.5    +18.3
  q3           -0.5      0.1     +0.6
  q4         -130.9   -131.9     -1.0
  q5           -0.1      1.0     +1.1
  q6          142.9    167.8    +24.9
  q7           44.7     44.7     +0.0

====================================================================
  FINAL RESULT
====================================================================
  p_d              = [    534.3,       5.7,     -35.5] mm
  p_EE             = [    533.5,       7.5,      21.3] mm
  e_p              = [      0.8,      -1.8,     -56.8] mm
  e_R              = [     0.17,     -2.06,     -0.16] deg
--------------------------------------------------------------------
  position error     56.83 mm
  rotation error     2.07 deg
  csv                logs/surface_grinding_controller_log.csv
--------------------------------------------------------------------
