
Press Enter to recover and configure the robot.
Robot recovered or already ready.
Collision: custom thresholds.

=== Startup choice ===
  q = go to q_init (from params/common.txt), then choose again
  g = guiding mode: go to q_init, then hand-guide to your pose;
      use s+Enter for sequence or h+Enter for hold
  o = open the Franka hand now (release/load tool), then choose again
  c = close/grasp the tool now, then choose again
  r = continue to run mode (available after q_init is reached)
Choice [q/g/o/c/r, Enter = q]: Moving to q_init...
q_init reached.

=== Startup choice ===
  q = go to q_init (from params/common.txt), then choose again
  g = guiding mode: go to q_init, then hand-guide to your pose;
      use s+Enter for sequence or h+Enter for hold
  o = open the Franka hand now (release/load tool), then choose again
  c = close/grasp the tool now, then choose again
  r = continue to run mode
Choice [q/g/o/c/r, Enter = q]: 
=== Run mode ===
  s = phase sequence (approach / set up / grind)
  h = hold at the start pose
Choice [s/h, Enter = s]: Selected: phase sequence. Nullspace mode from parameters: nullspace_damping_plus_sigma.

=== Setup ===
run: phase sequence | approach_orient: on | nullspace: nullspace_damping_plus_sigma
nullspace parameters: d_null=2.000 | k_sigma=1.000 Nm | alpha=0.0800 rad
hold: Kp=300.0 N/m | KR=40.0 Nm/rad | damping=auto translation+rotation (factor fitted online toward Dp=50.0 Ns/m)
manual_guidance_start: off | manual_damping=0.50
descend: clearance=20.0 mm | speed=0.100 m/s | max_distance=640 mm
alignment push: start=captured | end=+180 mm | speed=0.050 m/s | ramp_time~=4.0 s | timeout=12.0 s | moment_threshold=150.0 Nm
grind: sweep | axis=tangent2 | amplitude=30 mm | frequency=0.20 Hz
coupled stiffness: apply=on | saved=yes | pole=manual
gates: pause_before_set_up=on | pause_auto_damping=on | pause_before_grind=off | debug_period=0.20 s
alignment-target normal=[+0.087, -0.000, +0.996] | tilt a(x)=0.0 deg, b(y)=5.0 deg (from angles)
tool face: 40 x 120 mm | center offset EE=[+0.0, +0.0, +20.0] mm
Gripper already holding the tool (width 65.0 mm); keeping grasp.
Press e+Enter to stop the controller before the duration expires.
During hold: press g+Enter to hand-guide the tool, then p+Enter to recapture and resume hold.
experiment_duration <= 0: running indefinitely until e + Enter.

=== Start pose ===
q_start = [-2.7, 18.1, -5.1, -122.8, 17.5, 139.5, 26.8] deg
p_start = [565.1, -59.4, 151.1] mm

=== Run ===
phase: approach_orient
orient:     t=  0.0 s | axis_err= 11.5 deg | rot_err= 11.5 deg
approach Dp        auto=[ 134.14,   97.25,  122.28]  manual=[  20.00,   20.00,   20.00] Ns/m
approach DR        auto=[  12.73,   16.36,    4.08]  manual=[  12.00,   12.00,   12.00] Nms/rad
orient:     t=  0.2 s | axis_err=  4.5 deg | rot_err=  4.5 deg
orient:     t=  0.4 s | axis_err=  2.3 deg | rot_err=  2.3 deg

Orientation reached: axis_err=1.9 deg
phase: approach_descend
descend:    t=  0.0 s | distance=   0.1 mm | height= +97.9 mm (target 20.0) | force=  0.0 N
descend:    t=  0.2 s | distance=  20.1 mm | height= +86.0 mm (target 20.0) | force=  1.0 N
descend:    t=  0.4 s | distance=  40.1 mm | height= +69.3 mm (target 20.0) | force=  1.7 N
descend:    t=  0.6 s | distance=  60.2 mm | height= +51.6 mm (target 20.0) | force=  2.0 N
descend:    t=  0.8 s | distance=  80.3 mm | height= +33.6 mm (target 20.0) | force=  2.1 N

[GATE] Reached 20 mm above the plane. Press Enter to start the set-up press (e+Enter stops).
pause auto damping: fitted Dp factor=0.551, DR factor=1.960
pause Dp [xyz]     auto=[ 206.56,  155.24,  224.87]  manual=[ 200.00,  200.00,  200.00] Ns/m
pause DR [t1t2n]   auto=[  11.73,   17.28,    2.04]  manual=[  12.73,   16.36,    4.08] Nms/rad
[GATE] Continuing to the set-up press.
descend:    t=  1.9 s | distance=  95.6 mm | height= +19.5 mm (target 20.0) | force=  0.8 N

Clearance reached: distance=95.6 mm | height=19.5 mm | target=20.0 mm | force=0.8 N (not used for the switch)
offset_ee = [20.0, 60.0, 20.0] mm
p_EE_at_contact = [546.6, -65.5, 65.4] mm
contact_point = [560.3, -126.2, 24.1] mm
edge_offset_base = [13.7, -60.7, -41.3] mm
phase: set_up
set_up Dp [xyz]    auto=[ 237.05,  178.18,  108.11]  manual=[  10.00,   10.00,  175.00] Ns/m
set_up DR [t1t2n]  auto=[   1.41,    2.07,    0.77]  manual=[  10.01,   10.01,   10.00] Nms/rad
set_up:     t=  0.0 s | tip=  0.0 deg | F=  0.0 N | M=  0.0 Nm (limit 150.0) | edge= 19.5 mm
set_up:     t=  0.2 s | tip=  0.3 deg | F=  1.4 N | M=  0.5 Nm (limit 150.0) | edge= 14.0 mm
set_up:     t=  0.4 s | tip=  0.4 deg | F=  1.5 N | M=  0.5 Nm (limit 150.0) | edge=  6.2 mm
set_up:     t=  0.6 s | tip=  0.6 deg | F=  2.9 N | M=  1.3 Nm (limit 150.0) | edge=  3.1 mm
set_up:     t=  0.8 s | tip=  0.6 deg | F=  1.3 N | M=  0.3 Nm (limit 150.0) | edge= 12.2 mm
set_up:     t=  1.0 s | tip=  0.6 deg | F= 12.3 N | M=  6.9 Nm (limit 150.0) | edge= 19.5 mm
set_up:     t=  1.2 s | tip=  0.6 deg | F= 12.4 N | M=  7.1 Nm (limit 150.0) | edge= 19.5 mm
set_up:     t=  1.4 s | tip=  0.6 deg | F= 16.1 N | M=  9.3 Nm (limit 150.0) | edge= 19.7 mm
set_up:     t=  1.6 s | tip=  0.7 deg | F= 20.0 N | M= 11.4 Nm (limit 150.0) | edge= 19.8 mm
set_up:     t=  1.8 s | tip=  0.7 deg | F= 23.3 N | M= 13.2 Nm (limit 150.0) | edge= 20.0 mm
set_up:     t=  2.0 s | tip=  0.8 deg | F= 27.4 N | M= 15.6 Nm (limit 150.0) | edge= 20.2 mm
set_up:     t=  2.2 s | tip=  0.8 deg | F= 31.1 N | M= 17.6 Nm (limit 150.0) | edge= 20.4 mm
set_up:     t=  2.4 s | tip=  0.9 deg | F= 34.7 N | M= 19.5 Nm (limit 150.0) | edge= 20.6 mm
set_up:     t=  2.6 s | tip=  1.0 deg | F= 38.2 N | M= 21.4 Nm (limit 150.0) | edge= 20.8 mm
set_up:     t=  2.8 s | tip=  1.1 deg | F= 42.2 N | M= 23.5 Nm (limit 150.0) | edge= 21.0 mm
set_up:     t=  3.0 s | tip=  1.2 deg | F= 45.7 N | M= 25.4 Nm (limit 150.0) | edge= 21.3 mm
set_up:     t=  3.2 s | tip=  1.3 deg | F= 48.7 N | M= 27.0 Nm (limit 150.0) | edge= 21.5 mm
set_up:     t=  3.4 s | tip=  1.4 deg | F= 52.2 N | M= 28.8 Nm (limit 150.0) | edge= 21.8 mm
set_up:     t=  3.6 s | tip=  1.6 deg | F= 55.6 N | M= 30.7 Nm (limit 150.0) | edge= 22.1 mm
set_up:     t=  3.8 s | tip=  1.7 deg | F= 59.4 N | M= 32.7 Nm (limit 150.0) | edge= 22.3 mm
set_up:     t=  4.0 s | tip=  1.8 deg | F= 63.4 N | M= 34.9 Nm (limit 150.0) | edge= 22.5 mm
set_up:     t=  4.2 s | tip=  1.9 deg | F= 58.3 N | M= 32.1 Nm (limit 150.0) | edge= 22.6 mm
set_up:     t=  4.4 s | tip=  2.0 deg | F= 58.1 N | M= 32.1 Nm (limit 150.0) | edge= 22.7 mm
set_up:     t=  4.6 s | tip=  2.0 deg | F= 58.2 N | M= 32.1 Nm (limit 150.0) | edge= 22.7 mm
set_up:     t=  4.8 s | tip=  2.0 deg | F= 58.1 N | M= 32.0 Nm (limit 150.0) | edge= 22.7 mm
set_up:     t=  5.0 s | tip=  2.0 deg | F= 58.0 N | M= 31.9 Nm (limit 150.0) | edge= 22.7 mm
set_up:     t=  5.2 s | tip=  2.0 deg | F= 57.9 N | M= 31.9 Nm (limit 150.0) | edge= 22.7 mm
set_up:     t=  5.4 s | tip=  2.0 deg | F= 58.0 N | M= 31.9 Nm (limit 150.0) | edge= 22.7 mm
set_up:     t=  5.6 s | tip=  2.0 deg | F= 57.9 N | M= 31.9 Nm (limit 150.0) | edge= 22.7 mm
set_up:     t=  5.8 s | tip=  2.0 deg | F= 57.9 N | M= 31.9 Nm (limit 150.0) | edge= 22.7 mm
set_up:     t=  6.0 s | tip=  2.0 deg | F= 57.9 N | M= 31.9 Nm (limit 150.0) | edge= 22.7 mm
set_up:     t=  6.2 s | tip=  2.0 deg | F= 58.0 N | M= 32.0 Nm (limit 150.0) | edge= 22.7 mm
set_up:     t=  6.4 s | tip=  2.0 deg | F= 57.9 N | M= 31.9 Nm (limit 150.0) | edge= 22.7 mm
set_up:     t=  6.6 s | tip=  2.0 deg | F= 57.9 N | M= 31.9 Nm (limit 150.0) | edge= 22.7 mm
set_up:     t=  6.8 s | tip=  2.0 deg | F= 58.0 N | M= 31.9 Nm (limit 150.0) | edge= 22.7 mm
set_up:     t=  7.0 s | tip=  2.0 deg | F= 57.9 N | M= 31.9 Nm (limit 150.0) | edge= 22.7 mm
set_up:     t=  7.2 s | tip=  2.0 deg | F= 57.6 N | M= 31.7 Nm (limit 150.0) | edge= 22.7 mm
set_up:     t=  7.4 s | tip=  2.0 deg | F= 57.8 N | M= 31.8 Nm (limit 150.0) | edge= 22.7 mm
set_up:     t=  7.6 s | tip=  2.0 deg | F= 57.8 N | M= 31.8 Nm (limit 150.0) | edge= 22.7 mm
set_up:     t=  7.8 s | tip=  2.0 deg | F= 57.8 N | M= 31.8 Nm (limit 150.0) | edge= 22.8 mm
set_up:     t=  8.0 s | tip=  2.0 deg | F= 57.9 N | M= 31.9 Nm (limit 150.0) | edge= 22.8 mm
set_up:     t=  8.2 s | tip=  2.0 deg | F= 57.9 N | M= 31.8 Nm (limit 150.0) | edge= 22.8 mm
set_up:     t=  8.4 s | tip=  2.0 deg | F= 57.6 N | M= 31.7 Nm (limit 150.0) | edge= 22.8 mm
set_up:     t=  8.6 s | tip=  2.0 deg | F= 57.9 N | M= 31.9 Nm (limit 150.0) | edge= 22.8 mm
set_up:     t=  8.8 s | tip=  2.1 deg | F= 57.8 N | M= 31.9 Nm (limit 150.0) | edge= 22.8 mm
set_up:     t=  9.0 s | tip=  2.1 deg | F= 57.8 N | M= 31.9 Nm (limit 150.0) | edge= 22.8 mm
set_up:     t=  9.2 s | tip=  2.1 deg | F= 57.9 N | M= 31.9 Nm (limit 150.0) | edge= 22.8 mm
set_up:     t=  9.4 s | tip=  2.1 deg | F= 57.7 N | M= 31.8 Nm (limit 150.0) | edge= 22.8 mm
set_up:     t=  9.6 s | tip=  2.1 deg | F= 57.7 N | M= 31.8 Nm (limit 150.0) | edge= 22.8 mm
set_up:     t=  9.8 s | tip=  2.1 deg | F= 57.8 N | M= 31.8 Nm (limit 150.0) | edge= 22.8 mm
set_up:     t= 10.0 s | tip=  2.1 deg | F= 57.7 N | M= 31.8 Nm (limit 150.0) | edge= 22.8 mm
set_up:     t= 10.2 s | tip=  2.1 deg | F= 57.8 N | M= 31.9 Nm (limit 150.0) | edge= 22.8 mm
set_up:     t= 10.4 s | tip=  2.1 deg | F= 57.7 N | M= 31.9 Nm (limit 150.0) | edge= 22.8 mm
set_up:     t= 10.6 s | tip=  2.1 deg | F= 57.8 N | M= 31.9 Nm (limit 150.0) | edge= 22.8 mm
set_up:     t= 10.8 s | tip=  2.1 deg | F= 57.7 N | M= 31.8 Nm (limit 150.0) | edge= 22.8 mm
set_up:     t= 11.0 s | tip=  2.1 deg | F= 57.9 N | M= 31.9 Nm (limit 150.0) | edge= 22.8 mm
set_up:     t= 11.2 s | tip=  2.1 deg | F= 57.6 N | M= 31.8 Nm (limit 150.0) | edge= 22.8 mm
set_up:     t= 11.4 s | tip=  2.1 deg | F= 57.6 N | M= 31.8 Nm (limit 150.0) | edge= 22.8 mm
set_up:     t= 11.6 s | tip=  2.1 deg | F= 57.6 N | M= 31.7 Nm (limit 150.0) | edge= 22.8 mm
set_up:     t= 11.8 s | tip=  2.1 deg | F= 57.7 N | M= 31.8 Nm (limit 150.0) | edge= 22.8 mm

=== Set-up result ===
stop: time | t=12.0 s | tip=2.1 deg | F=57.7 N | M=31.8 Nm
edge_from_contact = [-7.4, +0.8, -21.6] mm | norm=22.8 mm
tcp_from_contact  = [-21.8, +61.6, +0.8] mm | norm=65.3 mm
alignment: before=0.43 deg | after=2.26 deg | gain=-1.83 deg

=== Set-up surface-frame breakdown ===
frame: alignment-target [tangent1, tangent2, normal]
force        [N]      = [    -5.77,     -1.28,    -57.38]
tcp_disp     [mm]     = [    -4.50,     +0.89,    -40.99]
edge_disp    [mm]     = [    -5.51,     +0.81,    -22.12]
Kp_eff=F/tcp [N/m]    = [   1281.0,   -1431.7,    1400.0]
moment@edge  [Nm]     = [    +3.59,    +29.91,     -1.03]
tip_angle    [deg]    = [    +0.02,     -2.08,     +0.24]
KR_eff=M/ang [Nm/rad] = [      n/a,    -822.8,    -241.0]

finite_axis: angle=2.1 deg | axis_from_edge=[-585.9, +10.7, +190.4] mm | dir=[-0.019, +0.993, -0.115] | pitch=+93.9 mm/rad

=== Coupled stiffness from the measured pole ===
source spring K_pole/D_pole (diagonal, from parameters):
  Kp [N/m]     = [2000, 2000, 350]
  KR [Nm/rad]  = [5, 5, 50]
  Dp [Ns/m]    = [10, 10, 175]
  DR [Nms/rad] = [10.01, 10.01, 10]

poles compared (lever r_c = TCP - pole):
  (A) measured axis : angle=2.1 deg | pitch=+93.9 mm/rad
      pole_from_edge = [-578.5, 13.3, 211.5] mm
      r_c            = [564.2, 47.4, -189.1] mm
  (B) manual pole   : COMMANDED this run, contact reference
      pole_from_edge = [0.4, -0.8, -58.1] mm
      r_c            = [-6.8, 60.7, 121.0] mm
      r_c(B)-r_c(A)  = [-570.9, 13.3, 310.1] mm

K_TCP = Ad^T K_pole Ad  [rows fx..mz | cols tx..rz]:
  (A) measured axis:
           tx        ty        tz    |    rx        ry        rz
  fx [    2000        0        0 |        0    378.2    94.87 ]
  fy [       0     2000        0 |   -378.2        0    -1128 ]
  fz [       0        0      350 |    -16.6    197.5        0 ]
     ---------------------------+---------------------------
  mx [       0   -378.2    -16.6 |    77.66   -9.366    217.3 ]
  my [   378.2        0    197.5 |   -9.366    187.9    17.94 ]
  mz [   94.87    -1128        0 |    217.3    17.94    690.8 ]
  (A) K_TCP eigenvalues = [3.677, 4.901, 37.43, 458.3, 2077, 2725] -> PSD ok (>=0) (min=3.677)
  (B) manual pole:
           tx        ty        tz    |    rx        ry        rz
  fx [    2000        0        0 |        0   -241.9    121.4 ]
  fy [       0     2000        0 |    241.9        0    13.51 ]
  fz [       0        0      350 |   -21.24   -2.365        0 ]
     ---------------------------+---------------------------
  mx [       0    241.9   -21.24 |     35.9   0.1435    5.542 ]
  my [  -241.9        0   -2.365 |   0.1435    34.29   -14.68 ]
  mz [   121.4    13.51        0 |    5.542   -14.68    57.11 ]
  (B) K_TCP eigenvalues = [4.909, 4.929, 49.8, 351.3, 2029, 2037] -> PSD ok (>=0) (min=4.909)

D_TCP = Ad^T D_pole Ad:
  (A) measured axis:
           tx        ty        tz    |    rx        ry        rz
  fx [     237        0        0 |        0    44.83    11.24 ]
  fy [       0    178.2        0 |    -33.7        0   -100.5 ]
  fz [       0        0    108.1 |   -5.128    60.99        0 ]
     ---------------------------+---------------------------
  mx [       0    -33.7   -5.128 |    8.021   -2.893    18.96 ]
  my [   44.83        0    60.99 |   -2.893    44.96    2.126 ]
  mz [   11.24   -100.5        0 |    18.96    2.126    58.03 ]
  (A) D_TCP eigenvalues = [0.5766, 1.384, 1.535, 140.4, 238.8, 251.6] -> PSD ok (>=0) (min=0.5766)
  (B) manual pole:
           tx        ty        tz    |    rx        ry        rz
  fx [     237        0        0 |        0   -28.68    14.39 ]
  fy [       0    178.2        0 |    21.56        0    1.204 ]
  fz [       0        0    108.1 |    -6.56  -0.7305        0 ]
     ---------------------------+---------------------------
  mx [       0    21.56    -6.56 |    4.411  0.04433  0.09042 ]
  my [  -28.68        0  -0.7305 |  0.04433    5.547    -1.74 ]
  mz [   14.39    1.204        0 |  0.09042    -1.74     1.66 ]
  (B) D_TCP eigenvalues = [0.771, 1.385, 2.042, 108.5, 180.8, 241.4] -> PSD ok (>=0) (min=0.771)
phase: grind

Stop requested with e + Enter. Finishing control loop...

Joint motion [deg]:
joint    start   final   delta
------------------------------
q1       -2.7    -1.9     0.9
q2       18.1    32.3    14.2
q3       -5.1    -2.3     2.8
q4     -122.8  -122.3     0.5
q5       17.5     0.5   -17.0
q6      139.5   146.9     7.4
q7       26.8    43.1    16.3

=== Final result ===
p_d = [529.2, -35.5, -133.3] mm
p_EE = [535.1, -41.9, 24.1] mm
e_p = [-5.9, 6.4, -157.4] mm
position_error = 157.66 mm
e_R = [0.82, -2.62, -0.14] deg
rotation_error = 2.75 deg
csv: surface_grinding_controller_log.csv
