
Press Enter to recover and configure the robot.
Robot recovered or already ready.
keys: e stop | m menu | g hand-guide

=== Startup mode ===
  s = run the phase sequence from q_init
  h = hold the q_init pose
  t = hold with the set-up impedance
  g = hand-guide the start pose
  q = go to q_init and inspect
  o = open the hand now
  c = grasp the tool now
  r = recalibrate hand width, fingers empty
  f = fetch the tool from the holder
  b = put the tool back
  e = stop and quit
While a run is going: e+Enter stops, m+Enter comes back here.
Choice [s/h/t/g/q/o/c/r/f/b/e]: 
=== Phase sequence mode ===
Moving to q_init (horizontal_table_search)
  q1..q7 [deg] = [0.8, 12.1, -0.5, -130.9, -0.2, 142.9, 44.7] deg
  horizontal_table_search = [0.014777, 0.210911, -0.009320, -2.284835, -0.002725, 2.493410, 0.780694] rad
q_init reached.

=== Start pose ===
q_start = [0.9, 12.1, -0.5, -130.9, -0.2, 142.9, 44.7] deg
p_start = [531.3, 2.5, 156.8] mm

=== Run ===
phase: approach_orient
  Kp=[150, 150, 150] N/m  KR=[90, 90, 90] Nm/rad  [t1,t2,n]
  Dp=[126.5, 103.6, 128.3] Ns/m  DR=[13.45, 15.80, 2.01] Nms/rad  auto (factor 1.90)
orient:     t=  0.0 s | axis_err= 11.1 deg | spin_err=  0.8 deg
orient:     t=  0.2 s | axis_err= 10.4 deg | spin_err=  0.9 deg
orient:     t=  0.4 s | axis_err=  7.7 deg | spin_err=  0.5 deg
orient:     t=  0.6 s | axis_err=  4.1 deg | spin_err=  0.1 deg
orient:     t=  0.8 s | axis_err=  2.4 deg | spin_err=  0.2 deg
orient:     t=  1.0 s | axis_err=  2.3 deg | spin_err=  0.2 deg
orient:     t=  1.2 s | axis_err=  2.2 deg | spin_err=  0.2 deg
orient:     t=  1.4 s | axis_err=  2.2 deg | spin_err=  0.2 deg
orient:     t=  1.6 s | axis_err=  2.2 deg | spin_err=  0.2 deg
orient:     t=  1.8 s | axis_err=  2.2 deg | spin_err=  0.2 deg
orient:     t=  2.0 s | axis_err=  2.2 deg | spin_err=  0.2 deg
orient:     t=  2.2 s | axis_err=  2.2 deg | spin_err=  0.2 deg
orient:     t=  2.4 s | axis_err=  2.2 deg | spin_err=  0.2 deg
orient:     t=  2.6 s | axis_err=  2.2 deg | spin_err=  0.2 deg
orient:     t=  2.8 s | axis_err=  2.2 deg | spin_err=  0.2 deg
orient:     t=  3.0 s | axis_err=  2.2 deg | spin_err=  0.2 deg
orient:     t=  3.2 s | axis_err=  2.2 deg | spin_err=  0.2 deg
orient:     t=  3.4 s | axis_err=  2.2 deg | spin_err=  0.2 deg
orient:     t=  3.6 s | axis_err=  2.2 deg | spin_err=  0.2 deg
orient:     t=  3.8 s | axis_err=  2.2 deg | spin_err=  0.2 deg
orient:     t=  4.0 s | axis_err=  2.2 deg | spin_err=  0.2 deg
orient:     t=  4.2 s | axis_err=  2.2 deg | spin_err=  0.2 deg
orient:     t=  4.4 s | axis_err=  2.2 deg | spin_err=  0.2 deg
orient:     t=  4.6 s | axis_err=  2.2 deg | spin_err=  0.2 deg
orient:     t=  4.8 s | axis_err=  2.2 deg | spin_err=  0.2 deg

Orientation settled short of the 2.0 deg gate after 5.0 s: axis_err=2.2 deg | spin_err=0.2 deg
phase: approach_descend
  Kp=[150, 150, 150] N/m  KR=[90, 90, 90] Nm/rad  [t1,t2,n]
  Dp=[126.5, 103.6, 128.3] Ns/m  DR=[13.45, 15.80, 2.01] Nms/rad  auto (factor 1.90)
  descend to 20 mm clearance at 0.100 m/s
descend:    t=  0.0 s | distance=   0.1 mm | height=+132.7 mm (target 20.0) | force=  0.0 N
descend:    t=  0.2 s | distance=  20.1 mm | height=+122.4 mm (target 20.0) | force=  0.9 N
descend:    t=  0.4 s | distance=  40.1 mm | height=+106.0 mm (target 20.0) | force=  0.2 N
descend:    t=  0.6 s | distance=  60.1 mm | height= +89.0 mm (target 20.0) | force=  1.8 N
descend:    t=  0.8 s | distance=  80.1 mm | height= +71.6 mm (target 20.0) | force=  0.6 N
descend:    t=  1.0 s | distance= 100.1 mm | height= +54.4 mm (target 20.0) | force=  1.4 N
descend:    t=  1.2 s | distance= 120.1 mm | height= +37.3 mm (target 20.0) | force=  0.9 N
descend:    t=  1.4 s | distance= 140.1 mm | height= +20.5 mm (target 20.0) | force=  2.1 N

[GATE] Reached 20 mm above the plane. Press Enter to start the set-up press (e+Enter stops).
  gate hold: Kp=[5000, 5000, 5000] N/m [x,y,z]  KR=[90, 90, 90] Nm/rad [t1,t2,n]
             Dp=[206.7, 150.8, 242.8] Ns/m  DR=[11.16, 14.27, 2.39] Nms/rad  auto
[GATE] Continuing to the set-up press.
descend:    t=  5.7 s | distance= 140.7 mm | height= +19.5 mm (target 20.0) | force= -0.3 N

Clearance reached: distance=140.7 mm | height=19.5 mm | target=20.0 mm | force=-0.3 N (not used for the switch)
offset_ee = [-20.0, -60.0, 20.0] mm
p_EE_at_contact = [531.8, -8.6, 47.3] mm
contact_point = [512.1, 47.3, -1.1] mm
edge_offset_base = [-19.7, 56.0, -48.4] mm
phase: set_up

--- set-up impedance ---
  f = Kp*e_p + Dp*de,   m = KR*e_R + DR*dw   (decoupled)
  Kp [t1,t2,n]  = [  2000.0,   2000.0,    800.0] N/m
  Dp [t1,t2,n]  = [   223.7,    179.1,    170.7] Ns/m   auto
  KR [t1,t2,n]  = [     5.0,      5.0,     50.0] Nm/rad
  DR [t1,t2,n]  = [     1.5,      1.9,      1.0] Nms/rad   auto
set_up:     t=  0.0 s | tip=  0.0 deg | F=  0.0 N | M=  0.0 Nm (limit 150.0) | edge= 19.5 mm
set_up:     t=  0.2 s | tip=  0.6 deg | F=  1.5 N | M=  1.4 Nm (limit 150.0) | edge= 13.2 mm
set_up:     t=  0.4 s | tip=  1.3 deg | F=  1.8 N | M=  1.5 Nm (limit 150.0) | edge=  4.6 mm
set_up:     t=  0.6 s | tip=  1.4 deg | F= 16.8 N | M=  9.4 Nm (limit 150.0) | edge=  2.6 mm
set_up:     t=  0.8 s | tip=  1.4 deg | F= 24.1 N | M= 13.3 Nm (limit 150.0) | edge=  2.5 mm
set_up:     t=  1.0 s | tip=  1.4 deg | F= 32.0 N | M= 17.5 Nm (limit 150.0) | edge=  2.4 mm
set_up:     t=  1.2 s | tip=  1.4 deg | F= 39.6 N | M= 21.6 Nm (limit 150.0) | edge=  2.4 mm
set_up:     t=  1.4 s | tip=  1.4 deg | F= 47.6 N | M= 25.8 Nm (limit 150.0) | edge=  2.3 mm
set_up:     t=  1.6 s | tip=  1.4 deg | F= 56.3 N | M= 30.5 Nm (limit 150.0) | edge=  2.3 mm
set_up:     t=  1.8 s | tip=  1.4 deg | F= 49.0 N | M= 26.7 Nm (limit 150.0) | edge=  2.4 mm
set_up:     t=  2.0 s | tip=  1.4 deg | F= 49.0 N | M= 26.6 Nm (limit 150.0) | edge=  2.3 mm
set_up:     t=  2.2 s | tip=  1.5 deg | F= 48.9 N | M= 26.6 Nm (limit 150.0) | edge=  2.3 mm
set_up:     t=  2.4 s | tip=  1.5 deg | F= 48.9 N | M= 26.6 Nm (limit 150.0) | edge=  2.3 mm
set_up:     t=  2.6 s | tip=  1.5 deg | F= 48.8 N | M= 26.5 Nm (limit 150.0) | edge=  2.3 mm
set_up:     t=  2.8 s | tip=  1.5 deg | F= 48.6 N | M= 26.4 Nm (limit 150.0) | edge=  2.3 mm
set_up:     t=  3.0 s | tip=  1.5 deg | F= 48.9 N | M= 26.6 Nm (limit 150.0) | edge=  2.3 mm
set_up:     t=  3.2 s | tip=  1.5 deg | F= 48.9 N | M= 26.6 Nm (limit 150.0) | edge=  2.3 mm
set_up:     t=  3.4 s | tip=  1.5 deg | F= 48.9 N | M= 26.6 Nm (limit 150.0) | edge=  2.3 mm
set_up:     t=  3.6 s | tip=  1.5 deg | F= 48.9 N | M= 26.6 Nm (limit 150.0) | edge=  2.3 mm
set_up:     t=  3.8 s | tip=  1.5 deg | F= 48.8 N | M= 26.6 Nm (limit 150.0) | edge=  2.3 mm
set_up:     t=  4.0 s | tip=  1.5 deg | F= 48.8 N | M= 26.5 Nm (limit 150.0) | edge=  2.3 mm
set_up:     t=  4.2 s | tip=  1.5 deg | F= 48.8 N | M= 26.5 Nm (limit 150.0) | edge=  2.3 mm
set_up:     t=  4.4 s | tip=  1.5 deg | F= 48.8 N | M= 26.5 Nm (limit 150.0) | edge=  2.3 mm
set_up:     t=  4.6 s | tip=  1.5 deg | F= 48.8 N | M= 26.6 Nm (limit 150.0) | edge=  2.3 mm
set_up:     t=  4.8 s | tip=  1.5 deg | F= 48.9 N | M= 26.6 Nm (limit 150.0) | edge=  2.3 mm

=== Set-up result ===
stop: time | t=5.0 s | tip=1.5 deg | F=48.8 N | M=26.5 Nm
edge_from_contact = [-2.2, +0.1, +0.7] mm | norm=2.3 mm
tcp_from_contact  = [+17.6, -56.6, +28.8] mm | norm=66.0 mm
alignment: before=7.00 deg | after=6.27 deg | gain=+0.73 deg
alignment components [t1,t2,n] deg: before=[-7.00,+0.14,+0.00] | after=[-6.13,+1.32,-0.00]

=== Set-up surface-frame breakdown ===
frame: alignment-target [tangent1, tangent2, normal]
force        [N]      = [    -5.20,     +0.90,    -48.53]
tcp_disp     [mm]     = [    +1.60,     -0.59,    -19.58]
edge_disp    [mm]     = [    +2.00,     -0.98,     +0.70]
Kp_eff=F/tcp [N/m]    = [  -3249.5,   -1538.7,    2478.5]
moment@edge  [Nm]     = [   -14.37,    -23.77,     +0.91]
tip_angle    [deg]    = [    +0.87,     +1.17,     +0.15]
KR_eff=M/ang [Nm/rad] = [   -951.7,   -1167.3,     358.5]

[GATE] Set up finished (holding the pressed pose). Press Enter to start the grind (e+Enter stops).

Stop requested with e + Enter. Finishing control loop...

Joint motion [deg]:
joint    start   final   delta
------------------------------
q1        0.9     1.7     0.9
q2       12.1    29.6    17.5
q3       -0.5    -2.5    -2.0
q4     -130.9  -129.4     1.5
q5       -0.2   -18.0   -17.9
q6      142.9   158.8    16.0
q7       44.7    61.2    16.5

=== Final result ===
p_d = [530.4, -10.8, -32.2] mm
p_EE = [529.7, -9.3, 27.7] mm
e_p = [0.7, -1.5, -59.9] mm
position_error = 59.95 mm
e_R = [-0.29, -1.42, 0.19] deg
rotation_error = 1.46 deg
csv: logs/surface_grinding_controller_log.csv
