
Press Enter to recover and configure the robot.
Robot recovered or already ready.
Collision: custom thresholds.

=== Startup choice ===
  q = go to q_init (from params/common.txt), then choose again
  g = guiding mode: go to q_init, then hand-guide to your pose;
      use s+Enter for sequence or h+Enter for hold
  o = open the Franka hand now (release/load tool), then choose again
  c = close/grasp the tool now, then choose again
  r = continue to run mode (available after q_init is reached)
Choice [q/g/o/c/r, Enter = q]: Moving to q_init...
q_init reached.

=== Startup choice ===
  q = go to q_init (from params/common.txt), then choose again
  g = guiding mode: go to q_init, then hand-guide to your pose;
      use s+Enter for sequence or h+Enter for hold
  o = open the Franka hand now (release/load tool), then choose again
  c = close/grasp the tool now, then choose again
  r = continue to run mode
Choice [q/g/o/c/r, Enter = q]: 
=== Run mode ===
  s = phase sequence (approach / set up / grind)
  h = hold at the start pose
Choice [s/h, Enter = s]: Selected: phase sequence. Nullspace mode from parameters: nullspace_damping_plus_sigma.

=== Setup ===
run: phase sequence | approach_orient: on | nullspace: nullspace_damping_plus_sigma
nullspace parameters: d_null=2.000 | k_sigma=1.000 Nm | alpha=0.0800 rad
hold: Kp=300.0 N/m | KR=40.0 Nm/rad | damping=auto translation+rotation (factor fitted online toward Dp=50.0 Ns/m)
manual_guidance_start: off | manual_damping=0.50
descend: clearance=20.0 mm | speed=0.100 m/s | max_distance=640 mm
alignment push: start=captured | end=+180 mm | speed=0.050 m/s | ramp_time~=4.0 s | timeout=12.0 s | moment_threshold=150.0 Nm
grind: sweep | axis=tangent2 | amplitude=30 mm | frequency=0.20 Hz
coupled stiffness: apply=on | saved=yes | pole=manual
gates: pause_before_set_up=on | pause_auto_damping=on | pause_before_grind=off | debug_period=0.20 s
alignment-target normal=[+0.087, -0.000, +0.996] | tilt a(x)=0.0 deg, b(y)=5.0 deg (from angles)
tool face: 40 x 120 mm | center offset EE=[+0.0, +0.0, +20.0] mm
Gripper already holding the tool (width 65.6 mm); keeping grasp.
Press e+Enter to stop the controller before the duration expires.
During hold: press g+Enter to hand-guide the tool, then p+Enter to recapture and resume hold.
experiment_duration <= 0: running indefinitely until e + Enter.

=== Start pose ===
q_start = [-2.7, 18.1, -5.1, -122.8, 17.5, 139.5, 26.8] deg
p_start = [565.2, -59.4, 151.1] mm

=== Run ===
phase: approach_orient
orient:     t=  0.0 s | axis_err= 11.5 deg | rot_err= 11.5 deg
approach Dp        auto=[ 134.14,   97.25,  122.28]  manual=[  20.00,   20.00,   20.00] Ns/m
approach DR        auto=[  12.73,   16.36,    4.08]  manual=[  12.00,   12.00,   12.00] Nms/rad
orient:     t=  0.2 s | axis_err=  4.5 deg | rot_err=  4.5 deg
orient:     t=  0.4 s | axis_err=  2.3 deg | rot_err=  2.3 deg

Orientation reached: axis_err=1.9 deg
phase: approach_descend
descend:    t=  0.0 s | distance=   0.1 mm | height= +97.7 mm (target 20.0) | force= -0.0 N
descend:    t=  0.2 s | distance=  20.1 mm | height= +85.8 mm (target 20.0) | force=  0.9 N
descend:    t=  0.4 s | distance=  40.1 mm | height= +69.0 mm (target 20.0) | force=  1.6 N
descend:    t=  0.6 s | distance=  60.2 mm | height= +51.5 mm (target 20.0) | force=  2.2 N
descend:    t=  0.8 s | distance=  80.3 mm | height= +33.6 mm (target 20.0) | force=  1.9 N

[GATE] Reached 20 mm above the plane. Press Enter to start the set-up press (e+Enter stops).
pause auto damping: fitted Dp factor=0.551, DR factor=1.961
pause Dp [xyz]     auto=[ 206.53,  155.22,  224.91]  manual=[ 200.00,  200.00,  200.00] Ns/m
pause DR [t1t2n]   auto=[  11.73,   17.28,    2.04]  manual=[  12.73,   16.36,    4.08] Nms/rad
[GATE] Continuing to the set-up press.
descend:    t=  1.7 s | distance=  95.7 mm | height= +19.5 mm (target 20.0) | force=  0.6 N

Clearance reached: distance=95.7 mm | height=19.5 mm | target=20.0 mm | force=0.6 N (not used for the switch)
offset_ee = [20.0, 60.0, 20.0] mm
p_EE_at_contact = [546.4, -65.4, 65.4] mm
contact_point = [560.1, -126.1, 24.1] mm
edge_offset_base = [13.7, -60.7, -41.3] mm
phase: set_up
set_up Dp [xyz]    auto=[ 237.04,  178.18,  108.12]  manual=[  10.00,   10.00,  175.00] Ns/m
set_up DR [t1t2n]  auto=[   1.41,    2.07,    0.77]  manual=[  10.01,   10.01,   10.00] Nms/rad
set_up:     t=  0.0 s | tip=  0.0 deg | F=  0.0 N | M=  0.0 Nm (limit 150.0) | edge= 19.5 mm
set_up:     t=  0.2 s | tip=  0.4 deg | F=  1.4 N | M=  0.5 Nm (limit 150.0) | edge= 13.9 mm
set_up:     t=  0.4 s | tip=  0.6 deg | F=  2.0 N | M=  0.7 Nm (limit 150.0) | edge=  6.3 mm
set_up:     t=  0.6 s | tip=  0.7 deg | F=  2.8 N | M=  1.1 Nm (limit 150.0) | edge=  3.2 mm
set_up:     t=  0.8 s | tip=  0.9 deg | F=  2.0 N | M=  0.7 Nm (limit 150.0) | edge= 11.8 mm
set_up:     t=  1.0 s | tip=  0.7 deg | F= 13.2 N | M=  7.4 Nm (limit 150.0) | edge= 18.9 mm
set_up:     t=  1.2 s | tip=  0.7 deg | F= 13.1 N | M=  7.4 Nm (limit 150.0) | edge= 18.9 mm
set_up:     t=  1.4 s | tip=  0.8 deg | F= 16.8 N | M=  9.6 Nm (limit 150.0) | edge= 19.1 mm
set_up:     t=  1.6 s | tip=  0.8 deg | F= 20.4 N | M= 11.5 Nm (limit 150.0) | edge= 19.2 mm
set_up:     t=  1.8 s | tip=  0.8 deg | F= 23.8 N | M= 13.2 Nm (limit 150.0) | edge= 19.3 mm
set_up:     t=  2.0 s | tip=  0.8 deg | F= 27.7 N | M= 15.3 Nm (limit 150.0) | edge= 19.5 mm
set_up:     t=  2.2 s | tip=  0.9 deg | F= 31.7 N | M= 17.4 Nm (limit 150.0) | edge= 19.6 mm
set_up:     t=  2.4 s | tip=  0.9 deg | F= 35.1 N | M= 19.1 Nm (limit 150.0) | edge= 19.7 mm
set_up:     t=  2.6 s | tip=  1.0 deg | F= 39.0 N | M= 21.1 Nm (limit 150.0) | edge= 19.9 mm
set_up:     t=  2.8 s | tip=  1.0 deg | F= 43.1 N | M= 23.3 Nm (limit 150.0) | edge= 20.1 mm
set_up:     t=  3.0 s | tip=  1.0 deg | F= 46.9 N | M= 25.2 Nm (limit 150.0) | edge= 20.3 mm
set_up:     t=  3.2 s | tip=  1.1 deg | F= 50.8 N | M= 27.2 Nm (limit 150.0) | edge= 20.5 mm
set_up:     t=  3.4 s | tip=  1.2 deg | F= 54.2 N | M= 29.0 Nm (limit 150.0) | edge= 20.7 mm
set_up:     t=  3.6 s | tip=  1.5 deg | F= 57.1 N | M= 30.5 Nm (limit 150.0) | edge= 20.9 mm
set_up:     t=  3.8 s | tip=  1.6 deg | F= 61.2 N | M= 32.6 Nm (limit 150.0) | edge= 21.2 mm
set_up:     t=  4.0 s | tip=  1.7 deg | F= 65.2 N | M= 34.7 Nm (limit 150.0) | edge= 21.4 mm
set_up:     t=  4.2 s | tip=  1.9 deg | F= 60.0 N | M= 31.9 Nm (limit 150.0) | edge= 21.4 mm
set_up:     t=  4.4 s | tip=  1.9 deg | F= 60.1 N | M= 32.0 Nm (limit 150.0) | edge= 21.4 mm
set_up:     t=  4.6 s | tip=  1.9 deg | F= 59.9 N | M= 31.9 Nm (limit 150.0) | edge= 21.5 mm
set_up:     t=  4.8 s | tip=  2.0 deg | F= 59.6 N | M= 31.8 Nm (limit 150.0) | edge= 21.5 mm
set_up:     t=  5.0 s | tip=  2.1 deg | F= 59.6 N | M= 31.9 Nm (limit 150.0) | edge= 21.6 mm
set_up:     t=  5.2 s | tip=  2.3 deg | F= 58.9 N | M= 31.6 Nm (limit 150.0) | edge= 21.6 mm
set_up:     t=  5.4 s | tip=  2.5 deg | F= 58.8 N | M= 31.7 Nm (limit 150.0) | edge= 21.7 mm
set_up:     t=  5.6 s | tip=  2.5 deg | F= 58.9 N | M= 31.8 Nm (limit 150.0) | edge= 21.8 mm
set_up:     t=  5.8 s | tip=  2.5 deg | F= 59.2 N | M= 31.9 Nm (limit 150.0) | edge= 21.8 mm
set_up:     t=  6.0 s | tip=  2.5 deg | F= 59.1 N | M= 31.9 Nm (limit 150.0) | edge= 21.8 mm
set_up:     t=  6.2 s | tip=  2.5 deg | F= 59.2 N | M= 31.8 Nm (limit 150.0) | edge= 21.8 mm
set_up:     t=  6.4 s | tip=  2.5 deg | F= 59.3 N | M= 31.9 Nm (limit 150.0) | edge= 21.8 mm
set_up:     t=  6.6 s | tip=  2.6 deg | F= 59.1 N | M= 31.8 Nm (limit 150.0) | edge= 21.8 mm
set_up:     t=  6.8 s | tip=  2.6 deg | F= 59.0 N | M= 31.7 Nm (limit 150.0) | edge= 21.8 mm
set_up:     t=  7.0 s | tip=  2.6 deg | F= 59.2 N | M= 31.9 Nm (limit 150.0) | edge= 21.8 mm
set_up:     t=  7.2 s | tip=  2.6 deg | F= 59.2 N | M= 31.9 Nm (limit 150.0) | edge= 21.8 mm
set_up:     t=  7.4 s | tip=  2.6 deg | F= 59.1 N | M= 31.9 Nm (limit 150.0) | edge= 21.8 mm
set_up:     t=  7.6 s | tip=  2.6 deg | F= 59.1 N | M= 31.8 Nm (limit 150.0) | edge= 21.8 mm
set_up:     t=  7.8 s | tip=  2.6 deg | F= 59.0 N | M= 31.7 Nm (limit 150.0) | edge= 21.8 mm
set_up:     t=  8.0 s | tip=  2.6 deg | F= 59.1 N | M= 31.8 Nm (limit 150.0) | edge= 21.8 mm
set_up:     t=  8.2 s | tip=  2.6 deg | F= 59.2 N | M= 31.8 Nm (limit 150.0) | edge= 21.8 mm
set_up:     t=  8.4 s | tip=  2.6 deg | F= 59.2 N | M= 31.9 Nm (limit 150.0) | edge= 21.8 mm
set_up:     t=  8.6 s | tip=  2.6 deg | F= 59.1 N | M= 31.9 Nm (limit 150.0) | edge= 21.8 mm
set_up:     t=  8.8 s | tip=  2.6 deg | F= 59.2 N | M= 31.9 Nm (limit 150.0) | edge= 21.8 mm
set_up:     t=  9.0 s | tip=  2.6 deg | F= 59.1 N | M= 31.8 Nm (limit 150.0) | edge= 21.9 mm
set_up:     t=  9.2 s | tip=  2.6 deg | F= 59.2 N | M= 31.9 Nm (limit 150.0) | edge= 21.9 mm
set_up:     t=  9.4 s | tip=  2.6 deg | F= 59.2 N | M= 31.9 Nm (limit 150.0) | edge= 21.9 mm
set_up:     t=  9.6 s | tip=  2.6 deg | F= 59.1 N | M= 31.8 Nm (limit 150.0) | edge= 21.9 mm
set_up:     t=  9.8 s | tip=  2.6 deg | F= 59.2 N | M= 31.9 Nm (limit 150.0) | edge= 21.9 mm
set_up:     t= 10.0 s | tip=  2.6 deg | F= 59.3 N | M= 31.9 Nm (limit 150.0) | edge= 21.9 mm
set_up:     t= 10.2 s | tip=  2.6 deg | F= 59.2 N | M= 31.9 Nm (limit 150.0) | edge= 21.9 mm
set_up:     t= 10.4 s | tip=  2.6 deg | F= 59.2 N | M= 31.9 Nm (limit 150.0) | edge= 21.9 mm
set_up:     t= 10.6 s | tip=  2.6 deg | F= 59.2 N | M= 32.0 Nm (limit 150.0) | edge= 21.9 mm
set_up:     t= 10.8 s | tip=  2.6 deg | F= 59.1 N | M= 31.9 Nm (limit 150.0) | edge= 21.9 mm
set_up:     t= 11.0 s | tip=  2.6 deg | F= 59.1 N | M= 31.9 Nm (limit 150.0) | edge= 21.9 mm
set_up:     t= 11.2 s | tip=  2.6 deg | F= 59.1 N | M= 31.9 Nm (limit 150.0) | edge= 21.9 mm
set_up:     t= 11.4 s | tip=  2.6 deg | F= 59.2 N | M= 31.9 Nm (limit 150.0) | edge= 21.9 mm
set_up:     t= 11.6 s | tip=  2.6 deg | F= 59.1 N | M= 31.9 Nm (limit 150.0) | edge= 21.9 mm
set_up:     t= 11.8 s | tip=  2.6 deg | F= 59.1 N | M= 31.9 Nm (limit 150.0) | edge= 21.9 mm

=== Set-up result ===
stop: time | t=12.0 s | tip=2.6 deg | F=59.1 N | M=31.8 Nm
edge_from_contact = [-5.6, +0.4, -21.2] mm | norm=21.9 mm
tcp_from_contact  = [-19.7, +61.1, +1.5] mm | norm=64.2 mm
alignment: before=0.43 deg | after=2.79 deg | gain=-2.36 deg

=== Set-up surface-frame breakdown ===
frame: alignment-target [tangent1, tangent2, normal]
force        [N]      = [   -11.59,     -0.40,    -57.92]
tcp_disp     [mm]     = [    -2.45,     +0.42,    -40.21]
edge_disp    [mm]     = [    -3.72,     +0.36,    -21.57]
Kp_eff=F/tcp [N/m]    = [   4724.3,    -951.9,    1440.5]
moment@edge  [Nm]     = [    +3.30,    +29.87,     -0.82]
tip_angle    [deg]    = [    -0.08,     -2.60,     +0.30]
KR_eff=M/ang [Nm/rad] = [  -2318.9,    -657.8,    -155.9]

finite_axis: angle=2.6 deg | axis_from_edge=[-461.2, +22.9, +111.0] mm | dir=[+0.021, +0.993, -0.117] | pitch=+59.5 mm/rad

=== Coupled stiffness from the measured pole ===
source spring K_pole/D_pole (diagonal, from parameters):
  Kp [N/m]     = [2000, 2000, 350]
  KR [Nm/rad]  = [5, 5, 50]
  Dp [Ns/m]    = [10, 10, 175]
  DR [Nms/rad] = [10.01, 10.01, 10]

poles compared (lever r_c = TCP - pole):
  (A) measured axis : angle=2.6 deg | pitch=+59.5 mm/rad
      pole_from_edge = [-455.5, 25.2, 131.8] mm
      r_c            = [441.4, 35.5, -109.2] mm
  (B) manual pole   : COMMANDED this run, contact reference
      pole_from_edge = [2.1, -0.4, -18.7] mm
      r_c            = [-10.3, 60.7, 81.2] mm
      r_c(B)-r_c(A)  = [-451.7, 25.1, 190.4] mm

K_TCP = Ad^T K_pole Ad  [rows fx..mz | cols tx..rz]:
  (A) measured axis:
           tx        ty        tz    |    rx        ry        rz
  fx [    2000        0        0 |        0    218.4    71.09 ]
  fy [       0     2000        0 |   -218.4        0   -882.9 ]
  fz [       0        0      350 |   -12.44    154.5        0 ]
     ---------------------------+---------------------------
  mx [       0   -218.4   -12.44 |    29.63   -5.492    100.3 ]
  my [   218.4        0    154.5 |   -5.492    97.05    7.763 ]
  mz [   71.09   -882.9        0 |    100.3    7.763    441.9 ]
  (A) K_TCP eigenvalues = [4.131, 4.975, 41.45, 418.4, 2025, 2425] -> PSD ok (>=0) (min=4.131)
  (B) manual pole:
           tx        ty        tz    |    rx        ry        rz
  fx [    2000        0        0 |        0   -162.3    121.4 ]
  fy [       0     2000        0 |    162.3        0    20.52 ]
  fz [       0        0      350 |   -21.24   -3.591        0 ]
     ---------------------------+---------------------------
  mx [       0    162.3   -21.24 |     19.8   0.2179    5.573 ]
  my [  -162.3        0   -3.591 |   0.2179    18.21   -9.849 ]
  mz [   121.4    20.52        0 |    5.573   -9.849    57.23 ]
  (B) K_TCP eigenvalues = [4.948, 4.968, 49.8, 351.3, 2013, 2021] -> PSD ok (>=0) (min=4.948)

D_TCP = Ad^T D_pole Ad:
  (A) measured axis:
           tx        ty        tz    |    rx        ry        rz
  fx [     237        0        0 |        0    25.88    8.426 ]
  fy [       0    178.2        0 |   -19.46        0   -78.65 ]
  fz [       0        0    108.1 |   -3.843    47.73        0 ]
     ---------------------------+---------------------------
  mx [       0   -19.46   -3.843 |    3.667   -1.697    8.534 ]
  my [   25.88        0    47.73 |   -1.697    25.97   0.9201 ]
  mz [   8.426   -78.65        0 |    8.534   0.9201     35.8 ]
  (A) D_TCP eigenvalues = [0.6426, 1.402, 1.715, 129.1, 214.8, 241.1] -> PSD ok (>=0) (min=0.6426)
  (B) manual pole:
           tx        ty        tz    |    rx        ry        rz
  fx [     237        0        0 |        0   -19.24    14.38 ]
  fy [       0    178.2        0 |    14.46        0    1.828 ]
  fz [       0        0    108.1 |    -6.56   -1.109        0 ]
     ---------------------------+---------------------------
  mx [       0    14.46    -6.56 |    2.977  0.06732  0.09316 ]
  my [  -19.24        0   -1.109 |  0.06732    3.645   -1.167 ]
  mz [   14.38    1.828        0 |  0.09316   -1.167     1.67 ]
  (B) D_TCP eigenvalues = [0.771, 1.396, 2.059, 108.5, 179.4, 239.5] -> PSD ok (>=0) (min=0.771)
phase: grind

Stop requested with e + Enter. Finishing control loop...

Joint motion [deg]:
joint    start   final   delta
------------------------------
q1       -2.7    -2.1     0.6
q2       18.1    32.7    14.5
q3       -5.1    -3.2     1.9
q4     -122.8  -121.3     1.5
q5       17.5     1.0   -16.5
q6      139.5   145.9     6.4
q7       26.8    41.5    14.7

=== Final result ===
p_d = [529.0, -47.3, -133.3] mm
p_EE = [537.4, -54.2, 25.3] mm
e_p = [-8.4, 6.9, -158.6] mm
position_error = 158.96 mm
e_R = [0.84, -2.99, -0.19] deg
rotation_error = 3.11 deg
csv: surface_grinding_controller_log.csv
