
Press Enter to recover and configure the robot.
Robot recovered or already ready.
Collision: custom thresholds.

=== Startup choice ===
  q = go to q_init (from params/common.txt), then choose again
  g = guiding mode: go to q_init, then hand-guide to your pose;
      use s+Enter for sequence or h+Enter for hold
  o = open the Franka hand now (release/load tool), then choose again
  c = close/grasp the tool now, then choose again
  r = continue to run mode (available after q_init is reached)
Choice [q/g/o/c/r, Enter = q]: Moving to q_init...
q_init reached.

=== Startup choice ===
  q = go to q_init (from params/common.txt), then choose again
  g = guiding mode: go to q_init, then hand-guide to your pose;
      use s+Enter for sequence or h+Enter for hold
  o = open the Franka hand now (release/load tool), then choose again
  c = close/grasp the tool now, then choose again
  r = continue to run mode
Choice [q/g/o/c/r, Enter = q]: 
=== Run mode ===
  s = phase sequence (approach / set up / grind)
  h = hold at the start pose
Choice [s/h, Enter = s]: Selected: phase sequence. Nullspace mode from parameters: nullspace_damping_plus_sigma.

=== Setup ===
run: phase sequence | approach_orient: on | nullspace: nullspace_damping_plus_sigma
nullspace parameters: d_null=2.000 | k_sigma=1.000 Nm | alpha=0.0800 rad
hold: Kp=300.0 N/m | KR=40.0 Nm/rad | damping=auto translation+rotation (factor fitted online toward Dp=50.0 Ns/m)
manual_guidance_start: off | manual_damping=0.50
descend: clearance=20.0 mm | speed=0.100 m/s | max_distance=640 mm
alignment push: start=captured | end=+180 mm | speed=0.050 m/s | ramp_time~=4.0 s | timeout=12.0 s | moment_threshold=150.0 Nm
grind: sweep | axis=tangent2 | amplitude=30 mm | frequency=0.20 Hz
coupled stiffness: apply=on | saved=yes | pole=manual
gates: pause_before_set_up=on | pause_auto_damping=on | pause_before_grind=off | debug_period=0.20 s
alignment-target normal=[+0.087, -0.000, +0.996] | tilt a(x)=0.0 deg, b(y)=5.0 deg (from angles)
tool face: 40 x 120 mm | center offset EE=[+0.0, +0.0, +20.0] mm
Gripper already holding the tool (width 65.0 mm); keeping grasp.
Press e+Enter to stop the controller before the duration expires.
During hold: press g+Enter to hand-guide the tool, then p+Enter to recapture and resume hold.
experiment_duration <= 0: running indefinitely until e + Enter.

=== Start pose ===
q_start = [-2.7, 18.1, -5.1, -122.8, 17.5, 139.5, 26.8] deg
p_start = [565.1, -59.4, 151.1] mm

=== Run ===
phase: approach_orient
orient:     t=  0.0 s | axis_err= 11.5 deg | rot_err= 11.5 deg
approach Dp        auto=[ 134.14,   97.25,  122.28]  manual=[  20.00,   20.00,   20.00] Ns/m
approach DR        auto=[  12.73,   16.36,    4.08]  manual=[  12.00,   12.00,   12.00] Nms/rad
orient:     t=  0.2 s | axis_err=  4.5 deg | rot_err=  4.5 deg
orient:     t=  0.4 s | axis_err=  2.3 deg | rot_err=  2.3 deg

Orientation reached: axis_err=1.9 deg
phase: approach_descend
descend:    t=  0.0 s | distance=   0.1 mm | height= +98.0 mm (target 20.0) | force=  0.0 N
descend:    t=  0.2 s | distance=  20.1 mm | height= +86.0 mm (target 20.0) | force=  0.9 N
descend:    t=  0.4 s | distance=  40.1 mm | height= +69.0 mm (target 20.0) | force=  1.3 N
descend:    t=  0.6 s | distance=  60.2 mm | height= +51.3 mm (target 20.0) | force=  2.4 N
descend:    t=  0.8 s | distance=  80.3 mm | height= +33.5 mm (target 20.0) | force=  2.0 N

[GATE] Reached 20 mm above the plane. Press Enter to start the set-up press (e+Enter stops).
pause auto damping: fitted Dp factor=0.551, DR factor=1.960
pause Dp [xyz]     auto=[ 206.56,  155.25,  224.87]  manual=[ 200.00,  200.00,  200.00] Ns/m
pause DR [t1t2n]   auto=[  11.73,   17.28,    2.04]  manual=[  12.73,   16.36,    4.08] Nms/rad
[GATE] Continuing to the set-up press.
descend:    t=  1.4 s | distance=  95.5 mm | height= +19.6 mm (target 20.0) | force=  0.7 N

Clearance reached: distance=95.5 mm | height=19.6 mm | target=20.0 mm | force=0.7 N (not used for the switch)
offset_ee = [20.0, 60.0, 20.0] mm
p_EE_at_contact = [546.5, -65.5, 65.5] mm
contact_point = [560.2, -126.2, 24.1] mm
edge_offset_base = [13.7, -60.7, -41.4] mm
phase: set_up
set_up Dp [xyz]    auto=[ 237.07,  178.20,  108.10]  manual=[  10.00,   10.00,  175.00] Ns/m
set_up DR [t1t2n]  auto=[   1.41,    2.07,    0.77]  manual=[  10.01,   10.01,   10.00] Nms/rad
set_up:     t=  0.0 s | tip=  0.0 deg | F=  0.0 N | M=  0.0 Nm (limit 150.0) | edge= 19.6 mm
set_up:     t=  0.2 s | tip=  0.3 deg | F=  1.5 N | M=  0.5 Nm (limit 150.0) | edge= 14.0 mm
set_up:     t=  0.4 s | tip=  0.4 deg | F=  1.7 N | M=  0.6 Nm (limit 150.0) | edge=  6.4 mm
set_up:     t=  0.6 s | tip=  0.6 deg | F=  2.2 N | M=  0.8 Nm (limit 150.0) | edge=  3.0 mm
set_up:     t=  0.8 s | tip=  0.8 deg | F=  2.2 N | M=  0.7 Nm (limit 150.0) | edge= 11.8 mm
set_up:     t=  1.0 s | tip=  0.8 deg | F=  1.8 N | M=  0.7 Nm (limit 150.0) | edge= 21.6 mm
set_up:     t=  1.2 s | tip=  0.8 deg | F= 11.2 N | M=  6.2 Nm (limit 150.0) | edge= 22.0 mm
set_up:     t=  1.4 s | tip=  0.8 deg | F= 14.6 N | M=  8.1 Nm (limit 150.0) | edge= 22.1 mm
set_up:     t=  1.6 s | tip=  0.8 deg | F= 18.0 N | M=  9.9 Nm (limit 150.0) | edge= 22.4 mm
set_up:     t=  1.8 s | tip=  0.9 deg | F= 22.2 N | M= 12.2 Nm (limit 150.0) | edge= 22.7 mm
set_up:     t=  2.0 s | tip=  1.0 deg | F= 26.1 N | M= 14.4 Nm (limit 150.0) | edge= 23.0 mm
set_up:     t=  2.2 s | tip=  1.0 deg | F= 29.7 N | M= 16.4 Nm (limit 150.0) | edge= 23.3 mm
set_up:     t=  2.4 s | tip=  1.1 deg | F= 33.3 N | M= 18.3 Nm (limit 150.0) | edge= 23.5 mm
set_up:     t=  2.6 s | tip=  1.2 deg | F= 37.2 N | M= 20.4 Nm (limit 150.0) | edge= 23.7 mm
set_up:     t=  2.8 s | tip=  1.3 deg | F= 40.9 N | M= 22.4 Nm (limit 150.0) | edge= 23.9 mm
set_up:     t=  3.0 s | tip=  1.4 deg | F= 44.5 N | M= 24.3 Nm (limit 150.0) | edge= 24.2 mm
set_up:     t=  3.2 s | tip=  1.5 deg | F= 47.8 N | M= 26.2 Nm (limit 150.0) | edge= 24.4 mm
set_up:     t=  3.4 s | tip=  1.6 deg | F= 51.2 N | M= 28.0 Nm (limit 150.0) | edge= 24.7 mm
set_up:     t=  3.6 s | tip=  1.7 deg | F= 54.5 N | M= 29.8 Nm (limit 150.0) | edge= 25.0 mm
set_up:     t=  3.8 s | tip=  1.8 deg | F= 58.0 N | M= 31.7 Nm (limit 150.0) | edge= 25.3 mm
set_up:     t=  4.0 s | tip=  1.9 deg | F= 62.0 N | M= 33.9 Nm (limit 150.0) | edge= 25.4 mm
set_up:     t=  4.2 s | tip=  2.0 deg | F= 57.7 N | M= 31.5 Nm (limit 150.0) | edge= 25.5 mm
set_up:     t=  4.4 s | tip=  2.0 deg | F= 57.7 N | M= 31.5 Nm (limit 150.0) | edge= 25.5 mm
set_up:     t=  4.6 s | tip=  2.0 deg | F= 57.7 N | M= 31.6 Nm (limit 150.0) | edge= 25.5 mm
set_up:     t=  4.8 s | tip=  2.1 deg | F= 57.5 N | M= 31.4 Nm (limit 150.0) | edge= 25.6 mm
set_up:     t=  5.0 s | tip=  2.1 deg | F= 57.6 N | M= 31.5 Nm (limit 150.0) | edge= 25.6 mm
set_up:     t=  5.2 s | tip=  2.1 deg | F= 57.5 N | M= 31.4 Nm (limit 150.0) | edge= 25.6 mm
set_up:     t=  5.4 s | tip=  2.1 deg | F= 57.5 N | M= 31.4 Nm (limit 150.0) | edge= 25.6 mm
set_up:     t=  5.6 s | tip=  2.1 deg | F= 57.5 N | M= 31.4 Nm (limit 150.0) | edge= 25.6 mm
set_up:     t=  5.8 s | tip=  2.1 deg | F= 57.5 N | M= 31.4 Nm (limit 150.0) | edge= 25.6 mm
set_up:     t=  6.0 s | tip=  2.1 deg | F= 57.6 N | M= 31.5 Nm (limit 150.0) | edge= 25.6 mm
set_up:     t=  6.2 s | tip=  2.1 deg | F= 57.4 N | M= 31.4 Nm (limit 150.0) | edge= 25.7 mm
set_up:     t=  6.4 s | tip=  2.1 deg | F= 57.6 N | M= 31.5 Nm (limit 150.0) | edge= 25.7 mm
set_up:     t=  6.6 s | tip=  2.1 deg | F= 57.6 N | M= 31.5 Nm (limit 150.0) | edge= 25.7 mm
set_up:     t=  6.8 s | tip=  2.1 deg | F= 57.5 N | M= 31.4 Nm (limit 150.0) | edge= 25.7 mm
set_up:     t=  7.0 s | tip=  2.1 deg | F= 57.4 N | M= 31.4 Nm (limit 150.0) | edge= 25.7 mm
set_up:     t=  7.2 s | tip=  2.1 deg | F= 57.4 N | M= 31.4 Nm (limit 150.0) | edge= 25.7 mm
set_up:     t=  7.4 s | tip=  2.1 deg | F= 57.3 N | M= 31.4 Nm (limit 150.0) | edge= 25.7 mm
set_up:     t=  7.6 s | tip=  2.1 deg | F= 57.4 N | M= 31.5 Nm (limit 150.0) | edge= 25.7 mm
set_up:     t=  7.8 s | tip=  2.1 deg | F= 57.2 N | M= 31.3 Nm (limit 150.0) | edge= 25.7 mm
set_up:     t=  8.0 s | tip=  2.1 deg | F= 57.1 N | M= 31.3 Nm (limit 150.0) | edge= 25.7 mm
set_up:     t=  8.2 s | tip=  2.1 deg | F= 57.0 N | M= 31.2 Nm (limit 150.0) | edge= 25.7 mm
set_up:     t=  8.4 s | tip=  2.1 deg | F= 57.0 N | M= 31.2 Nm (limit 150.0) | edge= 25.7 mm
set_up:     t=  8.6 s | tip=  2.1 deg | F= 57.0 N | M= 31.2 Nm (limit 150.0) | edge= 25.7 mm
set_up:     t=  8.8 s | tip=  2.1 deg | F= 57.0 N | M= 31.2 Nm (limit 150.0) | edge= 25.7 mm
set_up:     t=  9.0 s | tip=  2.1 deg | F= 57.0 N | M= 31.2 Nm (limit 150.0) | edge= 25.7 mm
set_up:     t=  9.2 s | tip=  2.1 deg | F= 57.0 N | M= 31.2 Nm (limit 150.0) | edge= 25.7 mm
set_up:     t=  9.4 s | tip=  2.1 deg | F= 56.9 N | M= 31.2 Nm (limit 150.0) | edge= 25.7 mm
set_up:     t=  9.6 s | tip=  2.1 deg | F= 57.0 N | M= 31.2 Nm (limit 150.0) | edge= 25.7 mm
set_up:     t=  9.8 s | tip=  2.1 deg | F= 56.9 N | M= 31.1 Nm (limit 150.0) | edge= 25.7 mm
set_up:     t= 10.0 s | tip=  2.1 deg | F= 56.9 N | M= 31.1 Nm (limit 150.0) | edge= 25.7 mm
set_up:     t= 10.2 s | tip=  2.1 deg | F= 57.0 N | M= 31.2 Nm (limit 150.0) | edge= 25.7 mm
set_up:     t= 10.4 s | tip=  2.1 deg | F= 56.9 N | M= 31.1 Nm (limit 150.0) | edge= 25.7 mm
set_up:     t= 10.6 s | tip=  2.1 deg | F= 56.9 N | M= 31.1 Nm (limit 150.0) | edge= 25.7 mm
set_up:     t= 10.8 s | tip=  2.1 deg | F= 56.8 N | M= 31.1 Nm (limit 150.0) | edge= 25.7 mm
set_up:     t= 11.0 s | tip=  2.1 deg | F= 56.9 N | M= 31.1 Nm (limit 150.0) | edge= 25.7 mm
set_up:     t= 11.2 s | tip=  2.1 deg | F= 56.9 N | M= 31.1 Nm (limit 150.0) | edge= 25.7 mm
set_up:     t= 11.4 s | tip=  2.1 deg | F= 57.1 N | M= 31.2 Nm (limit 150.0) | edge= 25.7 mm
set_up:     t= 11.6 s | tip=  2.1 deg | F= 56.8 N | M= 31.1 Nm (limit 150.0) | edge= 25.7 mm
set_up:     t= 11.8 s | tip=  2.1 deg | F= 56.8 N | M= 31.1 Nm (limit 150.0) | edge= 25.7 mm

=== Set-up result ===
stop: time | t=12.0 s | tip=2.1 deg | F=56.8 N | M=31.1 Nm
edge_from_contact = [-7.6, +0.7, -24.5] mm | norm=25.7 mm
tcp_from_contact  = [-22.0, +61.5, -2.1] mm | norm=65.3 mm
alignment: before=0.45 deg | after=2.31 deg | gain=-1.86 deg

=== Set-up surface-frame breakdown ===
frame: alignment-target [tangent1, tangent2, normal]
force        [N]      = [    -5.76,     -0.99,    -56.49]
tcp_disp     [mm]     = [    -4.42,     +0.83,    -44.08]
edge_disp    [mm]     = [    -5.43,     +0.75,    -25.08]
Kp_eff=F/tcp [N/m]    = [   1303.3,   -1185.5,    1281.7]
moment@edge  [Nm]     = [    +3.54,    +29.21,     -0.86]
tip_angle    [deg]    = [    +0.06,     -2.12,     +0.22]
KR_eff=M/ang [Nm/rad] = [   3542.5,    -788.2,    -220.3]

finite_axis: angle=2.1 deg | axis_from_edge=[-655.3, -4.2, +189.7] mm | dir=[-0.036, +0.994, -0.102] | pitch=+94.1 mm/rad

=== Coupled stiffness from the measured pole ===
source spring K_pole/D_pole (diagonal, from parameters):
  Kp [N/m]     = [2000, 2000, 350]
  KR [Nm/rad]  = [5, 5, 50]
  Dp [Ns/m]    = [10, 10, 175]
  DR [Nms/rad] = [10.01, 10.01, 10]

poles compared (lever r_c = TCP - pole):
  (A) measured axis : angle=2.1 deg | pitch=+94.1 mm/rad
      pole_from_edge = [-647.8, -1.5, 213.8] mm
      r_c            = [633.4, 62.2, -191.4] mm
  (B) manual pole   : COMMANDED this run, contact reference
      pole_from_edge = [0.6, -0.7, -55.2] mm
      r_c            = [-6.8, 60.7, 121.1] mm
      r_c(B)-r_c(A)  = [-640.2, -1.6, 312.5] mm

K_TCP = Ad^T K_pole Ad  [rows fx..mz | cols tx..rz]:
  (A) measured axis:
           tx        ty        tz    |    rx        ry        rz
  fx [    2000        0        0 |        0    382.8    124.5 ]
  fy [       0     2000        0 |   -382.8        0    -1267 ]
  fz [       0        0      350 |   -21.78    221.7        0 ]
     ---------------------------+---------------------------
  mx [       0   -382.8   -21.78 |    79.98    -13.8    246.4 ]
  my [   382.8        0    221.7 |    -13.8    218.7    23.83 ]
  mz [   124.5    -1267        0 |    246.4    23.83    859.9 ]
  (A) K_TCP eigenvalues = [3.458, 4.905, 35.17, 486.6, 2080, 2898] -> PSD ok (>=0) (min=3.458)
  (B) manual pole:
           tx        ty        tz    |    rx        ry        rz
  fx [    2000        0        0 |        0   -242.2    121.3 ]
  fy [       0     2000        0 |    242.2        0     13.5 ]
  fz [       0        0      350 |   -21.24   -2.363        0 ]
     ---------------------------+---------------------------
  mx [       0    242.2   -21.24 |    35.96   0.1434    5.542 ]
  my [  -242.2        0   -2.363 |   0.1434    34.34    -14.7 ]
  mz [   121.3     13.5        0 |    5.542    -14.7    57.11 ]
  (B) K_TCP eigenvalues = [4.909, 4.929, 49.8, 351.3, 2029, 2037] -> PSD ok (>=0) (min=4.909)

D_TCP = Ad^T D_pole Ad:
  (A) measured axis:
           tx        ty        tz    |    rx        ry        rz
  fx [   237.1        0        0 |        0    45.38    14.75 ]
  fy [       0    178.2        0 |   -34.11        0   -112.9 ]
  fz [       0        0    108.1 |   -6.728    68.47        0 ]
     ---------------------------+---------------------------
  mx [       0   -34.11   -6.728 |    8.354   -4.262    21.55 ]
  my [   45.38        0    68.47 |   -4.262    54.13    2.824 ]
  mz [   14.75   -112.9        0 |    21.55    2.824     73.2 ]
  (A) D_TCP eigenvalues = [0.5417, 1.362, 1.469, 148.5, 245.4, 261.8] -> PSD ok (>=0) (min=0.5417)
  (B) manual pole:
           tx        ty        tz    |    rx        ry        rz
  fx [   237.1        0        0 |        0   -28.71    14.38 ]
  fy [       0    178.2        0 |    21.58        0    1.203 ]
  fz [       0        0    108.1 |   -6.559  -0.7299        0 ]
     ---------------------------+---------------------------
  mx [       0    21.58   -6.559 |    4.417  0.04429  0.09048 ]
  my [  -28.71        0  -0.7299 |  0.04429    5.554   -1.742 ]
  mz [   14.38    1.203        0 |  0.09048   -1.742     1.66 ]
  (B) D_TCP eigenvalues = [0.7713, 1.385, 2.043, 108.5, 180.9, 241.4] -> PSD ok (>=0) (min=0.7713)
phase: grind

Stop requested with e + Enter. Finishing control loop...

Joint motion [deg]:
joint    start   final   delta
------------------------------
q1       -2.7    -1.9     0.9
q2       18.1    32.6    14.5
q3       -5.1    -3.0     2.1
q4     -122.8  -122.4     0.4
q5       17.5     1.4   -16.2
q6      139.5   147.2     7.7
q7       26.8    41.8    15.0

=== Final result ===
p_d = [529.1, -40.0, -133.3] mm
p_EE = [533.5, -48.7, 21.5] mm
e_p = [-4.4, 8.6, -154.8] mm
position_error = 155.09 mm
e_R = [0.68, -2.67, -0.12] deg
rotation_error = 2.76 deg
csv: surface_grinding_controller_log.csv
