
====================================================================
  SURFACE GRINDING CONTROLLER
====================================================================
  robot              172.16.0.2
--------------------------------------------------------------------

Press Enter to recover and configure the robot.
  Robot recovered or already ready.

====================================================================
  STARTUP MODE
====================================================================
  run     s   run the phase sequence from q_init
          h   hold the q_init pose
          t   hold with the set-up impedance, to test those gains
          g   hand-guide the start pose, then choose
--------------------------------------------------------------------
  set up  q   go to q_init and inspect
          o   open the hand now
          c   grasp the tool now
          r   recalibrate the hand width, fingers empty
          f   fetch the tool from the holder
          b   put the tool back
--------------------------------------------------------------------
  quit    e   stop and quit
--------------------------------------------------------------------
  in a run    e stop | m menu | g hand-guide | s sequence | t hold
--------------------------------------------------------------------
Choice [s/h/t/g/q/o/c/r/f/b/e]: 
-- selected: phase sequence ----------------------------------------

-- moving to q_init ------------------------------------------------
  case               horizontal_table_search
  q1..q7 [deg]     = [0.8, 12.1, -0.5, -130.9, -0.2, 142.9, 44.7] deg
  horizontal_table_search = [0.014777, 0.210911, -0.009320, -2.284835, -0.002725, 2.493410, 0.780694] rad
  q_init reached.

-- start pose ------------------------------------------------------
  q_start          = [0.8, 12.1, -0.5, -130.9, -0.2, 142.9, 44.7] deg
  p_start          = [    531.4,       2.4,     156.9] mm

====================================================================
  RUN
====================================================================

-- phase: approach_orient ------------------------------------------
  Kp [t1,t2,n]     = [    150.0,     150.0,     150.0] N/m
  Dp [t1,t2,n]     = [    126.5,     103.6,     128.3] Ns/m     auto (factor 1.90)
  KR [t1,t2,n]     = [     90.0,      90.0,      90.0] Nm/rad
  DR [t1,t2,n]     = [     13.5,      15.8,       2.0] Nms/rad  auto (factor 1.90)
orient:     t=  0.0 s | axis_err= 11.1 deg | spin_err=  0.8 deg
orient:     t=  0.2 s | axis_err= 10.4 deg | spin_err=  0.9 deg
orient:     t=  0.4 s | axis_err=  7.7 deg | spin_err=  0.5 deg
orient:     t=  0.6 s | axis_err=  4.1 deg | spin_err=  0.2 deg
orient:     t=  0.8 s | axis_err=  2.4 deg | spin_err=  0.2 deg
orient:     t=  1.0 s | axis_err=  2.2 deg | spin_err=  0.2 deg
orient:     t=  1.2 s | axis_err=  2.2 deg | spin_err=  0.2 deg
orient:     t=  1.4 s | axis_err=  2.2 deg | spin_err=  0.2 deg
orient:     t=  1.6 s | axis_err=  2.2 deg | spin_err=  0.2 deg
orient:     t=  1.8 s | axis_err=  2.2 deg | spin_err=  0.2 deg
orient:     t=  2.0 s | axis_err=  2.2 deg | spin_err=  0.2 deg
orient:     t=  2.2 s | axis_err=  2.2 deg | spin_err=  0.2 deg
orient:     t=  2.4 s | axis_err=  2.2 deg | spin_err=  0.2 deg
orient:     t=  2.6 s | axis_err=  2.2 deg | spin_err=  0.2 deg
orient:     t=  2.8 s | axis_err=  2.2 deg | spin_err=  0.2 deg
orient:     t=  3.0 s | axis_err=  2.2 deg | spin_err=  0.2 deg
orient:     t=  3.2 s | axis_err=  2.2 deg | spin_err=  0.2 deg
orient:     t=  3.4 s | axis_err=  2.2 deg | spin_err=  0.2 deg
orient:     t=  3.6 s | axis_err=  2.2 deg | spin_err=  0.2 deg
orient:     t=  3.8 s | axis_err=  2.2 deg | spin_err=  0.2 deg
orient:     t=  4.0 s | axis_err=  2.2 deg | spin_err=  0.2 deg
orient:     t=  4.2 s | axis_err=  2.2 deg | spin_err=  0.2 deg
orient:     t=  4.4 s | axis_err=  2.2 deg | spin_err=  0.2 deg
orient:     t=  4.6 s | axis_err=  2.2 deg | spin_err=  0.2 deg
orient:     t=  4.8 s | axis_err=  2.2 deg | spin_err=  0.2 deg

Orientation settled short of the 2.0 deg gate after 5.0 s: axis_err=2.2 deg | spin_err=0.2 deg

-- phase: approach_descend -----------------------------------------
  Kp [t1,t2,n]     = [    150.0,     150.0,     150.0] N/m
  Dp [t1,t2,n]     = [    126.5,     103.6,     128.3] Ns/m     auto (factor 1.90)
  KR [t1,t2,n]     = [     90.0,      90.0,      90.0] Nm/rad
  DR [t1,t2,n]     = [     13.5,      15.8,       2.0] Nms/rad  auto (factor 1.90)
  descend to         20 mm clearance at 0.100 m/s
descend:    t=  0.0 s | distance=   0.1 mm | height=+132.7 mm (target 20.0) | force=  0.0 N
descend:    t=  0.2 s | distance=  20.1 mm | height=+122.9 mm (target 20.0) | force=  0.5 N
descend:    t=  0.4 s | distance=  40.1 mm | height=+106.8 mm (target 20.0) | force=  0.6 N
descend:    t=  0.6 s | distance=  60.1 mm | height= +89.8 mm (target 20.0) | force=  1.4 N
descend:    t=  0.8 s | distance=  80.1 mm | height= +72.4 mm (target 20.0) | force=  0.3 N
descend:    t=  1.0 s | distance= 100.1 mm | height= +55.4 mm (target 20.0) | force=  1.2 N
descend:    t=  1.2 s | distance= 120.1 mm | height= +38.8 mm (target 20.0) | force=  0.3 N
descend:    t=  1.4 s | distance= 140.1 mm | height= +22.1 mm (target 20.0) | force=  1.6 N

[GATE] Reached 20 mm above the plane. Press Enter to start the set-up press (e+Enter stops).

-- gate hold -------------------------------------------------------
  Kp [x,y,z]       = [   5000.0,    5000.0,    5000.0] N/m
  Dp [x,y,z]       = [    206.7,     150.8,     242.7] Ns/m     auto
  KR [t1,t2,n]     = [     90.0,      90.0,      90.0] Nm/rad
  DR [t1,t2,n]     = [     11.2,      14.3,       2.4] Nms/rad  auto
[GATE] Continuing to the set-up press.

Clearance reached: distance=142.8 mm | height=19.8 mm | target=20.0 mm | force=2.2 N (not used for the switch)
  offset_ee        = [    -20.0,     -60.0,      20.0] mm
  p_EE_at_contact  = [    531.3,      -7.9,      47.1] mm
  contact_point    = [    511.4,      48.2,      -1.1] mm
  edge_offset      = [    -19.8,      56.1,     -48.3] mm

-- phase: set_up ---------------------------------------------------

-- set-up impedance ------------------------------------------------
  law                wrench = K_TCP*dx + D_TCP*dv
                     K_TCP  = Ad(r_c)^T * blkdiag(Kp,KR) * Ad(r_c)
  Kp [t1,t2,n]     = [   2000.0,    2000.0,     800.0] N/m
  Dp [t1,t2,n]     = [    224.0,     179.1,     170.5] Ns/m     auto
  KR [t1,t2,n]     = [      5.0,       5.0,      50.0] Nm/rad
  DR [t1,t2,n]     = [      1.5,       1.9,       1.0] Nms/rad  auto
  p_c [EE]         = [      8.3,      18.0,       2.3] mm       the pole on the tool, from p_EE
  r_c [t1,t2,n]    = [      0.0,     -20.0,       0.0] mm       commanded: p_TCP - p_c, in the plane
set_up:     t=  0.0 s | tip=  0.0 deg | F=  0.1 N | M=  0.1 Nm (limit 150.0) | edge= 19.8 mm
set_up:     t=  0.2 s | tip=  0.5 deg | F=  1.7 N | M=  1.5 Nm (limit 150.0) | edge= 11.4 mm
set_up:     t=  0.4 s | tip=  1.0 deg | F=  2.1 N | M=  1.5 Nm (limit 150.0) | edge=  4.9 mm
set_up:     t=  0.6 s | tip=  1.2 deg | F= 13.1 N | M=  7.9 Nm (limit 150.0) | edge=  2.4 mm
set_up:     t=  0.8 s | tip=  1.2 deg | F= 19.9 N | M= 11.5 Nm (limit 150.0) | edge=  2.3 mm
set_up:     t=  1.0 s | tip=  1.2 deg | F= 28.1 N | M= 15.9 Nm (limit 150.0) | edge=  2.3 mm
set_up:     t=  1.2 s | tip=  1.2 deg | F= 36.1 N | M= 20.3 Nm (limit 150.0) | edge=  2.2 mm
set_up:     t=  1.4 s | tip=  1.3 deg | F= 43.8 N | M= 24.5 Nm (limit 150.0) | edge=  2.3 mm
set_up:     t=  1.6 s | tip=  1.4 deg | F= 51.5 N | M= 28.6 Nm (limit 150.0) | edge=  2.3 mm
set_up:     t=  1.8 s | tip=  1.5 deg | F= 45.1 N | M= 25.2 Nm (limit 150.0) | edge=  2.1 mm
set_up:     t=  2.0 s | tip=  1.5 deg | F= 44.0 N | M= 24.7 Nm (limit 150.0) | edge=  2.1 mm
set_up:     t=  2.2 s | tip=  1.6 deg | F= 44.3 N | M= 24.8 Nm (limit 150.0) | edge=  2.1 mm
set_up:     t=  2.4 s | tip=  1.6 deg | F= 44.3 N | M= 24.8 Nm (limit 150.0) | edge=  2.1 mm
set_up:     t=  2.6 s | tip=  1.7 deg | F= 43.8 N | M= 24.6 Nm (limit 150.0) | edge=  2.1 mm
set_up:     t=  2.8 s | tip=  1.8 deg | F= 43.7 N | M= 24.5 Nm (limit 150.0) | edge=  2.1 mm
set_up:     t=  3.0 s | tip=  1.8 deg | F= 44.0 N | M= 24.6 Nm (limit 150.0) | edge=  2.1 mm
set_up:     t=  3.2 s | tip=  1.8 deg | F= 43.9 N | M= 24.6 Nm (limit 150.0) | edge=  2.1 mm
set_up:     t=  3.4 s | tip=  1.8 deg | F= 43.9 N | M= 24.6 Nm (limit 150.0) | edge=  2.1 mm
set_up:     t=  3.6 s | tip=  1.8 deg | F= 44.0 N | M= 24.6 Nm (limit 150.0) | edge=  2.1 mm
set_up:     t=  3.8 s | tip=  1.8 deg | F= 44.0 N | M= 24.6 Nm (limit 150.0) | edge=  2.1 mm
set_up:     t=  4.0 s | tip=  1.8 deg | F= 44.1 N | M= 24.6 Nm (limit 150.0) | edge=  2.1 mm
set_up:     t=  4.2 s | tip=  1.8 deg | F= 44.0 N | M= 24.6 Nm (limit 150.0) | edge=  2.1 mm
set_up:     t=  4.4 s | tip=  1.8 deg | F= 44.0 N | M= 24.6 Nm (limit 150.0) | edge=  2.1 mm
set_up:     t=  4.6 s | tip=  1.8 deg | F= 44.0 N | M= 24.6 Nm (limit 150.0) | edge=  2.1 mm
set_up:     t=  4.8 s | tip=  1.8 deg | F= 44.1 N | M= 24.6 Nm (limit 150.0) | edge=  2.1 mm

====================================================================
  SET-UP RESULT
====================================================================
  stop: time | t=5.0 s | tip=1.8 deg | F=44.0 N | M=24.6 Nm
  edge_from_contact = [-2.0, +0.0, +0.5] mm | norm=2.1 mm
  tcp_from_contact  = [+17.7, -57.4, +27.3] mm | norm=66.0 mm
  alignment: before=6.57 deg | after=4.95 deg | gain=+1.62 deg
  alignment components [t1,t2,n] deg: before=[-6.56,+0.31,-0.00] | after=[-4.86,+0.94,+0.00]

-- set-up surface-frame breakdown ----------------------------------
  frame              alignment-target [tangent1, tangent2, normal]
  force        [N]      = [    -4.03,     -0.82,    -43.78]
  tcp_disp     [mm]     = [    +1.90,     -0.12,    -21.06]
  edge_disp    [mm]     = [    +1.85,     -0.86,     +0.51]
  Kp_eff=F/tcp [N/m]    = [  -2114.6,    7150.0,    2079.0]
  moment@edge  [Nm]     = [   -13.88,    -21.62,     +1.51]
  tip_angle    [deg]    = [    +1.70,     +0.60,     +0.32]
  KR_eff=M/ang [Nm/rad] = [   -468.1,   -2057.0,     274.7]

-- centre of compliance --------------------------------------------
  definition         r_c = p_TCP - p_c
  p_TCP [x,y,z]    = [    531.3,      -7.9,      47.1] mm
  p_c [EE]         = [      8.3,      18.0,       2.3] mm
  r_c [t1,t2,n]    = [      0.0,     -20.0,       0.0] mm
                     p_c resolved at first contact

-- what the TCP feels ----------------------------------------------
  K_TCP translation = [   1999.6,    1999.1,     801.3] N/m
  K_TCP rotation   = [      5.3,       5.1,      50.8] Nm/rad
  commanded KR was = [      5.0,       5.0,      50.0] Nm/rad   the rest is the lever
  D_TCP translation = [    216.0,     187.1,     170.6] Ns/m
  D_TCP rotation   = [      1.6,       1.8,       1.1] Nms/rad
  coupling           max |moment per unit translation| = 36.2 Nm/m (K), 4.1 Nms/m (D)
  eigenvalues        K_TCP 5.00 .. 2001 | D_TCP 0.99 .. 224  (both positive: valid springs)

  K_TCP [N/m, Nm/rad | rows fx..mz, cols tx..rz]:
           tx        ty        tz    |    rx        ry        rz
  fx [    2000  -0.5725   -20.68 |   0.3749   0.8856    36.22 ]
  fy [ -0.5725     1999   -33.18 |  -0.1092   0.2807    16.92 ]
  fz [  -20.68   -33.18    801.3 |    -14.5   -6.792  -0.6556 ]
     ---------------------------+---------------------------
  mx [  0.3749  -0.1092    -14.5 |    5.276   0.1444   0.7815 ]
  my [  0.8856   0.2807   -6.792 |   0.1444    5.092    1.263 ]
  mz [   36.22    16.92  -0.6556 |   0.7815    1.263    50.75 ]

  D_TCP [Ns/m, Nms/rad]:
           tx        ty        tz    |    rx        ry        rz
  fx [     216     17.2    -1.26 |  0.01671   0.0874    4.058 ]
  fy [    17.2    187.1  -0.7556 |  -0.0528  0.01251    1.896 ]
  fz [   -1.26  -0.7556    170.6 |    -3.09   -1.445 -0.02922 ]
     ---------------------------+---------------------------
  mx [ 0.01671  -0.0528    -3.09 |    1.592  -0.1311 -0.005185 ]
  my [  0.0874  0.01251   -1.445 |  -0.1311    1.811 -0.01792 ]
  mz [   4.058    1.896 -0.02922 | -0.005185 -0.01792    1.082 ]

[GATE] Set up finished (holding the pressed pose). Press Enter to start the grind (e+Enter stops).

Stop requested with e + Enter. Finishing control loop...

-- joint motion [deg] ----------------------------------------------
  joint       start    final    delta
  q1            0.8     -1.0     -1.8
  q2           12.1     29.7    +17.6
  q3           -0.5     -0.2     +0.3
  q4         -130.9   -129.4     +1.5
  q5           -0.2    -17.7    -17.5
  q6          142.9    158.9    +16.0
  q7           44.7     60.4    +15.6

====================================================================
  FINAL RESULT
====================================================================
  p_d              = [    529.9,     -10.1,     -32.7] mm
  p_EE             = [    529.1,      -9.2,      26.1] mm
  e_p              = [      0.8,      -0.9,     -58.8] mm
  e_R              = [    -1.28,     -1.26,      0.37] deg
--------------------------------------------------------------------
  position error     58.82 mm
  rotation error     1.83 deg
  csv                logs/surface_grinding_controller_log.csv
--------------------------------------------------------------------
