
====================================================================
  SURFACE GRINDING CONTROLLER
====================================================================
  robot              172.16.0.2
--------------------------------------------------------------------

Press Enter to recover and configure the robot.
  Robot recovered or already ready.

====================================================================
  STARTUP MODE
====================================================================
  run     s   run the phase sequence from q_init
          h   hold the q_init pose
          t   hold with the set-up impedance, to test those gains
          g   hand-guide the start pose, then choose
--------------------------------------------------------------------
  set up  q   go to q_init and inspect
          o   open the hand now
          c   grasp the tool now
          r   recalibrate the hand width, fingers empty
          f   fetch the tool from the holder
          b   put the tool back
--------------------------------------------------------------------
  quit    e   stop and quit
--------------------------------------------------------------------
  in a run    e stop | m menu | g hand-guide | s sequence | t hold
--------------------------------------------------------------------
Choice [s/h/t/g/q/o/c/r/f/b/e]: 
-- selected: phase sequence ----------------------------------------

-- moving to q_init ------------------------------------------------
  case               horizontal_table_search
  q1..q7 [deg]     = [0.8, 12.1, -0.5, -130.9, -0.2, 142.9, 44.7] deg
  horizontal_table_search = [0.014777, 0.210911, -0.009320, -2.284835, -0.002725, 2.493410, 0.780694] rad
  q_init reached.

-- start pose ------------------------------------------------------
  q_start          = [0.8, 12.1, -0.5, -130.9, -0.2, 142.9, 44.7] deg
  p_start          = [    531.3,       2.3,     156.8] mm

====================================================================
  RUN
====================================================================

-- phase: approach_orient ------------------------------------------
  Kp [t1,t2,n]     = [    150.0,     150.0,     150.0] N/m
  Dp [t1,t2,n]     = [    126.5,     103.6,     128.3] Ns/m     auto (factor 1.90)
  KR [t1,t2,n]     = [     90.0,      90.0,      90.0] Nm/rad
  DR [t1,t2,n]     = [     13.5,      15.8,       2.0] Nms/rad  auto (factor 1.90)
orient:     t=  0.0 s | axis_err= 11.1 deg | spin_err=  0.6 deg
orient:     t=  0.2 s | axis_err= 10.3 deg | spin_err=  0.6 deg
orient:     t=  0.4 s | axis_err=  7.8 deg | spin_err=  0.4 deg
orient:     t=  0.6 s | axis_err=  4.5 deg | spin_err=  0.0 deg
orient:     t=  0.8 s | axis_err=  2.8 deg | spin_err=  0.0 deg
orient:     t=  1.0 s | axis_err=  2.3 deg | spin_err=  0.0 deg
orient:     t=  1.2 s | axis_err=  2.1 deg | spin_err=  0.1 deg

Orientation reached: axis_err=2.0 deg | spin_err=0.1 deg

-- phase: approach_descend -----------------------------------------
  Kp [t1,t2,n]     = [    150.0,     150.0,     150.0] N/m
  Dp [t1,t2,n]     = [    126.5,     103.6,     128.3] Ns/m     auto (factor 1.90)
  KR [t1,t2,n]     = [     90.0,      90.0,      90.0] Nm/rad
  DR [t1,t2,n]     = [     13.5,      15.8,       2.0] Nms/rad  auto (factor 1.90)
  descend to         20 mm clearance at 0.100 m/s
descend:    t=  0.0 s | distance=   0.1 mm | height=+123.5 mm (target 20.0) | force=  0.0 N
descend:    t=  0.2 s | distance=  20.2 mm | height=+111.9 mm (target 20.0) | force=  1.6 N
descend:    t=  0.4 s | distance=  40.3 mm | height= +96.1 mm (target 20.0) | force=  2.7 N
descend:    t=  0.6 s | distance=  60.4 mm | height= +79.5 mm (target 20.0) | force=  2.1 N
descend:    t=  0.8 s | distance=  80.5 mm | height= +62.6 mm (target 20.0) | force=  2.6 N
descend:    t=  1.0 s | distance= 100.6 mm | height= +45.4 mm (target 20.0) | force=  1.3 N
descend:    t=  1.2 s | distance= 120.7 mm | height= +28.0 mm (target 20.0) | force=  3.2 N

[GATE] Reached 20 mm above the plane. Press Enter to start the set-up press (e+Enter stops).

-- gate hold -------------------------------------------------------
  Kp [x,y,z]       = [   5000.0,    5000.0,    5000.0] N/m
  Dp [x,y,z]       = [    207.6,     155.1,     235.9] Ns/m     auto
  KR [t1,t2,n]     = [     90.0,      90.0,      90.0] Nm/rad
  DR [t1,t2,n]     = [     11.2,      14.3,       2.5] Nms/rad  auto
[GATE] Continuing to the set-up press.

Clearance reached: distance=130.1 mm | height=19.9 mm | target=20.0 mm | force=3.1 N (not used for the switch)
  offset_ee        = [     20.0,     -60.0,      20.0] mm
  p_EE_at_contact  = [    501.9,      -4.3,      45.6] mm
  contact_point    = [    517.6,      53.5,      -1.4] mm
  edge_offset      = [     15.6,      57.8,     -47.0] mm

-- phase: set_up ---------------------------------------------------

-- set-up impedance ------------------------------------------------
  law                wrench = K_TCP*dx + D_TCP*dv
                     K_TCP  = Ad(r_c)^T * blkdiag(Kp,KR) * Ad(r_c)
  Kp [t1,t2,n]     = [   2000.0,    2000.0,     800.0] N/m
  Dp [t1,t2,n]     = [    225.3,     188.7,     167.6] Ns/m     auto
  KR [t1,t2,n]     = [      5.0,       5.0,      50.0] Nm/rad
  DR [t1,t2,n]     = [      1.6,       2.0,       1.1] Nms/rad  auto
  p_c [EE]         = [    -53.6,      25.2,       9.5] mm       the pole on the tool, from p_EE
  r_c [t1,t2,n]    = [    -60.0,      -0.0,       0.0] mm       commanded: p_TCP - p_c, in the plane
set_up:     t=  0.0 s | tip=  0.0 deg | F=  0.0 N | M=  0.0 Nm (limit 150.0) | edge= 19.8 mm
set_up:     t=  0.2 s | tip=  0.6 deg | F=  0.1 N | M=  1.0 Nm (limit 150.0) | edge= 10.5 mm
set_up:     t=  0.4 s | tip=  0.5 deg | F=  1.5 N | M=  1.3 Nm (limit 150.0) | edge=  3.6 mm
set_up:     t=  0.6 s | tip=  0.4 deg | F= 11.6 N | M=  5.8 Nm (limit 150.0) | edge=  2.1 mm
set_up:     t=  0.8 s | tip=  0.4 deg | F= 19.1 N | M=  9.3 Nm (limit 150.0) | edge=  2.2 mm
set_up:     t=  1.0 s | tip=  0.5 deg | F= 26.8 N | M= 13.0 Nm (limit 150.0) | edge=  2.3 mm
set_up:     t=  1.2 s | tip=  1.0 deg | F= 36.3 N | M= 17.8 Nm (limit 150.0) | edge=  1.9 mm
set_up:     t=  1.4 s | tip=  2.3 deg | F= 42.8 N | M= 21.1 Nm (limit 150.0) | edge=  1.6 mm
set_up:     t=  1.6 s | tip=  4.5 deg | F= 47.8 N | M= 23.3 Nm (limit 150.0) | edge=  1.1 mm
set_up:     t=  1.8 s | tip=  5.6 deg | F= 40.3 N | M= 19.3 Nm (limit 150.0) | edge=  0.8 mm
set_up:     t=  2.0 s | tip=  5.6 deg | F= 40.3 N | M= 19.5 Nm (limit 150.0) | edge=  0.8 mm
set_up:     t=  2.2 s | tip=  5.6 deg | F= 40.2 N | M= 19.4 Nm (limit 150.0) | edge=  0.8 mm
set_up:     t=  2.4 s | tip=  5.6 deg | F= 40.1 N | M= 19.4 Nm (limit 150.0) | edge=  0.8 mm
set_up:     t=  2.6 s | tip=  5.6 deg | F= 40.1 N | M= 19.4 Nm (limit 150.0) | edge=  0.8 mm
set_up:     t=  2.8 s | tip=  5.6 deg | F= 39.9 N | M= 19.3 Nm (limit 150.0) | edge=  0.8 mm
set_up:     t=  3.0 s | tip=  5.6 deg | F= 40.0 N | M= 19.3 Nm (limit 150.0) | edge=  0.8 mm
set_up:     t=  3.2 s | tip=  5.6 deg | F= 40.0 N | M= 19.3 Nm (limit 150.0) | edge=  0.8 mm
set_up:     t=  3.4 s | tip=  5.6 deg | F= 39.9 N | M= 19.3 Nm (limit 150.0) | edge=  0.8 mm
set_up:     t=  3.6 s | tip=  5.6 deg | F= 39.9 N | M= 19.3 Nm (limit 150.0) | edge=  0.9 mm
set_up:     t=  3.8 s | tip=  5.6 deg | F= 39.9 N | M= 19.3 Nm (limit 150.0) | edge=  0.9 mm
set_up:     t=  4.0 s | tip=  5.6 deg | F= 39.9 N | M= 19.3 Nm (limit 150.0) | edge=  0.8 mm
set_up:     t=  4.2 s | tip=  5.6 deg | F= 39.8 N | M= 19.3 Nm (limit 150.0) | edge=  0.8 mm
set_up:     t=  4.4 s | tip=  5.6 deg | F= 39.8 N | M= 19.3 Nm (limit 150.0) | edge=  0.9 mm
set_up:     t=  4.6 s | tip=  5.6 deg | F= 39.8 N | M= 19.3 Nm (limit 150.0) | edge=  0.8 mm
set_up:     t=  4.8 s | tip=  5.6 deg | F= 39.8 N | M= 19.2 Nm (limit 150.0) | edge=  0.8 mm

====================================================================
  SET-UP RESULT
====================================================================
  stop: time | t=5.0 s | tip=5.6 deg | F=39.8 N | M=19.2 Nm
  edge_from_contact = [+0.3, +0.7, -0.4] mm | norm=0.9 mm
  tcp_from_contact  = [-17.5, -58.5, +23.7] mm | norm=65.5 mm
  alignment: before=9.59 deg | after=4.01 deg | gain=+5.58 deg
  alignment components [t1,t2,n] deg: before=[+1.89,+9.40,+0.00] | after=[+0.77,+3.94,-0.00]

-- set-up surface-frame breakdown ----------------------------------
  frame              alignment-target [tangent1, tangent2, normal]
  force        [N]      = [    -3.76,     -0.60,    -39.57]
  tcp_disp     [mm]     = [    +1.30,     -0.58,    -23.29]
  edge_disp    [mm]     = [    -0.60,     -0.46,     -0.39]
  Kp_eff=F/tcp [N/m]    = [  -2900.1,    1041.8,    1698.7]
  moment@edge  [Nm]     = [   -10.27,    -15.70,     +0.60]
  tip_angle    [deg]    = [    -1.06,     -5.47,     -0.45]
  KR_eff=M/ang [Nm/rad] = [    554.6,     164.3,     -75.5]

-- centre of compliance --------------------------------------------
  definition         r_c = p_TCP - p_c
  p_TCP [x,y,z]    = [    501.9,      -4.3,      45.6] mm
  p_c [EE]         = [    -53.6,      25.2,       9.5] mm
  r_c [t1,t2,n]    = [    -60.0,       0.0,       0.0] mm
                     p_c resolved at first contact

-- what the TCP feels ----------------------------------------------
  K_TCP translation = [   1999.6,    1999.1,     801.3] N/m
  K_TCP rotation   = [      5.5,       7.4,      57.1] Nm/rad
  commanded KR was = [      5.0,       5.0,      50.0] Nm/rad   the rest is the lever
  D_TCP translation = [    218.7,     195.2,     167.6] Ns/m
  D_TCP rotation   = [      1.7,       2.4,       1.8] Nms/rad
  coupling           max |moment per unit translation| = 108.7 Nm/m (K), 10.3 Nms/m (D)
  eigenvalues        K_TCP 4.98 .. 2007 | D_TCP 1.09 .. 225  (both positive: valid springs)

  K_TCP [N/m, Nm/rad | rows fx..mz, cols tx..rz]:
           tx        ty        tz    |    rx        ry        rz
  fx [    2000  -0.5725   -20.68 |   0.5257    2.155    50.76 ]
  fy [ -0.5725     1999   -33.18 |   -2.437   -1.804   -108.7 ]
  fz [  -20.68   -33.18    801.3 |   -20.27    43.51    1.278 ]
     ---------------------------+---------------------------
  mx [  0.5257   -2.437   -20.27 |    5.532    -1.08   0.9214 ]
  my [   2.155   -1.804    43.51 |    -1.08    7.403    1.397 ]
  mz [   50.76   -108.7    1.278 |   0.9214    1.397    57.15 ]

  D_TCP [Ns/m, Nms/rad]:
           tx        ty        tz    |    rx        ry        rz
  fx [   218.7    14.01   -1.271 | 0.009256   0.2896    4.787 ]
  fy [   14.01    195.2   -1.007 |  -0.2946 -0.03177   -10.25 ]
  fz [  -1.271   -1.007    167.6 |   -4.251    9.107  0.02251 ]
     ---------------------------+---------------------------
  mx [0.009256  -0.2946   -4.251 |    1.739   -0.391  0.01147 ]
  my [  0.2896 -0.03177    9.107 |   -0.391    2.393 -0.01032 ]
  mz [   4.787   -10.25  0.02251 |  0.01147 -0.01032    1.777 ]

[GATE] Set up finished (holding the pressed pose). Press Enter to start the grind (e+Enter stops).

Stop requested with e + Enter. Finishing control loop...

-- joint motion [deg] ----------------------------------------------
  joint       start    final    delta
  q1            0.8      0.3     -0.5
  q2           12.1     28.2    +16.0
  q3           -0.5     -0.7     -0.1
  q4         -130.9   -132.1     -1.2
  q5           -0.2     -5.4     -5.2
  q6          142.9    155.6    +12.7
  q7           44.7     49.3     +4.5

====================================================================
  FINAL RESULT
====================================================================
  p_d              = [    500.5,      -6.5,     -34.2] mm
  p_EE             = [    500.1,      -5.0,      22.3] mm
  e_p              = [      0.4,      -1.5,     -56.6] mm
  e_R              = [    -1.36,      5.39,     -0.58] deg
--------------------------------------------------------------------
  position error     56.58 mm
  rotation error     5.59 deg
  csv                logs/surface_grinding_controller_log.csv
--------------------------------------------------------------------
