
Press Enter to recover and configure the robot.
Robot recovered or already ready.
Collision: custom thresholds.

=== Startup choice ===
  q = go to q_init (from params/common.txt), then choose again
  g = guiding mode: go to q_init, then hand-guide to your pose;
      use s+Enter for sequence or h+Enter for hold
  o = open the Franka hand now (release/load tool), then choose again
  c = close/grasp the tool now, then choose again
  r = continue to run mode (available after q_init is reached)
Choice [q/g/o/c/r, Enter = q]: Moving to q_init...
q_init reached.

=== Startup choice ===
  q = go to q_init (from params/common.txt), then choose again
  g = guiding mode: go to q_init, then hand-guide to your pose;
      use s+Enter for sequence or h+Enter for hold
  o = open the Franka hand now (release/load tool), then choose again
  c = close/grasp the tool now, then choose again
  r = continue to run mode
Choice [q/g/o/c/r, Enter = q]: 
=== Run mode ===
  s = phase sequence (approach / set up / grind)
  h = hold at the start pose
Choice [s/h, Enter = s]: Selected: phase sequence. Nullspace mode from parameters: nullspace_damping_plus_sigma.

=== Setup ===
run: phase sequence | approach_orient: on | nullspace: nullspace_damping_plus_sigma
nullspace parameters: d_null=2.000 | k_sigma=1.000 Nm | alpha=0.0800 rad
hold: Kp=300.0 N/m | KR=40.0 Nm/rad | damping=auto translation+rotation (factor fitted online toward Dp=50.0 Ns/m)
manual_guidance_start: off | manual_damping=0.50
descend: clearance=20.0 mm | speed=0.100 m/s | max_distance=640 mm
alignment push: start=captured | end=+180 mm | speed=0.050 m/s | ramp_time~=4.0 s | timeout=12.0 s | moment_threshold=150.0 Nm
grind: sweep | axis=tangent2 | amplitude=30 mm | frequency=0.20 Hz
coupled stiffness: apply=off | saved=yes | pole=manual
gates: pause_before_set_up=on | pause_auto_damping=on | pause_before_grind=off | debug_period=0.20 s
alignment-target normal=[+0.087, -0.000, +0.996] | tilt a(x)=0.0 deg, b(y)=5.0 deg (from angles)
tool face: 40 x 120 mm | center offset EE=[+0.0, +0.0, +20.0] mm
Gripper already holding the tool (width 65.0 mm); keeping grasp.
Press e+Enter to stop the controller before the duration expires.
During hold: press g+Enter to hand-guide the tool, then p+Enter to recapture and resume hold.
experiment_duration <= 0: running indefinitely until e + Enter.

=== Start pose ===
q_start = [-2.7, 18.1, -5.1, -122.8, 17.5, 139.5, 26.8] deg
p_start = [565.1, -59.4, 151.1] mm

=== Run ===
phase: approach_orient
orient:     t=  0.0 s | axis_err= 11.5 deg | rot_err= 11.5 deg
approach Dp        auto=[ 134.14,   97.25,  122.28]  manual=[  20.00,   20.00,   20.00] Ns/m
approach DR        auto=[  12.73,   16.36,    4.08]  manual=[  12.00,   12.00,   12.00] Nms/rad
orient:     t=  0.2 s | axis_err=  4.5 deg | rot_err=  4.5 deg
orient:     t=  0.4 s | axis_err=  2.3 deg | rot_err=  2.3 deg

Orientation reached: axis_err=1.9 deg
phase: approach_descend
descend:    t=  0.0 s | distance=   0.1 mm | height= +97.6 mm (target 20.0) | force= -0.0 N
descend:    t=  0.2 s | distance=  20.1 mm | height= +85.6 mm (target 20.0) | force=  1.0 N
descend:    t=  0.4 s | distance=  40.1 mm | height= +68.6 mm (target 20.0) | force=  1.9 N
descend:    t=  0.6 s | distance=  60.2 mm | height= +50.9 mm (target 20.0) | force=  1.7 N
descend:    t=  0.8 s | distance=  80.3 mm | height= +33.1 mm (target 20.0) | force=  2.5 N

[GATE] Reached 20 mm above the plane. Press Enter to start the set-up press (e+Enter stops).
pause auto damping: fitted Dp factor=0.551, DR factor=1.960
pause Dp [xyz]     auto=[ 206.57,  155.30,  224.83]  manual=[ 200.00,  200.00,  200.00] Ns/m
pause DR [t1t2n]   auto=[  11.74,   17.28,    2.04]  manual=[  12.73,   16.36,    4.08] Nms/rad
[GATE] Continuing to the set-up press.
descend:    t=  2.4 s | distance=  95.1 mm | height= +19.5 mm (target 20.0) | force=  0.8 N

Clearance reached: distance=95.1 mm | height=19.5 mm | target=20.0 mm | force=0.8 N (not used for the switch)
offset_ee = [20.0, 60.0, 20.0] mm
p_EE_at_contact = [546.7, -65.7, 65.5] mm
contact_point = [560.5, -126.3, 24.1] mm
edge_offset_base = [13.8, -60.7, -41.4] mm
phase: set_up
set_up Dp [xyz]    auto=[ 237.06,  178.25,  108.08]  manual=[  10.00,   10.00,  175.00] Ns/m
set_up DR [t1t2n]  auto=[   1.41,    2.07,    0.77]  manual=[  10.01,   10.01,   10.00] Nms/rad
set_up:     t=  0.0 s | tip=  0.0 deg | F=  0.0 N | M=  0.0 Nm (limit 150.0) | edge= 19.5 mm
set_up:     t=  0.2 s | tip=  0.5 deg | F=  0.8 N | M=  0.2 Nm (limit 150.0) | edge= 13.5 mm
set_up:     t=  0.4 s | tip=  0.9 deg | F=  1.4 N | M=  0.6 Nm (limit 150.0) | edge=  6.1 mm
set_up:     t=  0.6 s | tip=  1.1 deg | F=  2.3 N | M=  0.9 Nm (limit 150.0) | edge=  4.6 mm
set_up:     t=  0.8 s | tip=  1.4 deg | F=  1.1 N | M=  0.4 Nm (limit 150.0) | edge= 13.1 mm
set_up:     t=  1.0 s | tip=  1.8 deg | F=  1.2 N | M=  0.4 Nm (limit 150.0) | edge= 22.5 mm
set_up:     t=  1.2 s | tip=  1.8 deg | F= 11.5 N | M=  6.1 Nm (limit 150.0) | edge= 23.6 mm
set_up:     t=  1.4 s | tip=  1.8 deg | F= 15.1 N | M=  7.9 Nm (limit 150.0) | edge= 23.8 mm
set_up:     t=  1.6 s | tip=  1.8 deg | F= 18.7 N | M=  9.7 Nm (limit 150.0) | edge= 23.9 mm
set_up:     t=  1.8 s | tip=  1.8 deg | F= 22.3 N | M= 11.6 Nm (limit 150.0) | edge= 24.1 mm
set_up:     t=  2.0 s | tip=  1.8 deg | F= 26.1 N | M= 13.5 Nm (limit 150.0) | edge= 24.2 mm
set_up:     t=  2.2 s | tip=  1.8 deg | F= 30.2 N | M= 15.5 Nm (limit 150.0) | edge= 24.4 mm
set_up:     t=  2.4 s | tip=  1.8 deg | F= 34.1 N | M= 17.5 Nm (limit 150.0) | edge= 24.5 mm
set_up:     t=  2.6 s | tip=  1.9 deg | F= 37.5 N | M= 19.3 Nm (limit 150.0) | edge= 24.7 mm
set_up:     t=  2.8 s | tip=  1.9 deg | F= 41.6 N | M= 21.5 Nm (limit 150.0) | edge= 24.8 mm
set_up:     t=  3.0 s | tip=  2.0 deg | F= 45.4 N | M= 23.4 Nm (limit 150.0) | edge= 25.0 mm
set_up:     t=  3.2 s | tip=  2.1 deg | F= 48.8 N | M= 25.0 Nm (limit 150.0) | edge= 25.1 mm
set_up:     t=  3.4 s | tip=  2.3 deg | F= 52.5 N | M= 26.8 Nm (limit 150.0) | edge= 25.3 mm
set_up:     t=  3.6 s | tip=  2.3 deg | F= 56.3 N | M= 28.6 Nm (limit 150.0) | edge= 25.4 mm
set_up:     t=  3.8 s | tip=  2.3 deg | F= 59.9 N | M= 30.4 Nm (limit 150.0) | edge= 25.6 mm
set_up:     t=  4.0 s | tip=  2.3 deg | F= 64.2 N | M= 32.8 Nm (limit 150.0) | edge= 25.7 mm
set_up:     t=  4.2 s | tip=  2.3 deg | F= 59.7 N | M= 30.5 Nm (limit 150.0) | edge= 25.7 mm
set_up:     t=  4.4 s | tip=  2.3 deg | F= 59.7 N | M= 30.6 Nm (limit 150.0) | edge= 25.7 mm
set_up:     t=  4.6 s | tip=  2.3 deg | F= 59.7 N | M= 30.6 Nm (limit 150.0) | edge= 25.7 mm
set_up:     t=  4.8 s | tip=  2.3 deg | F= 59.7 N | M= 30.6 Nm (limit 150.0) | edge= 25.7 mm
set_up:     t=  5.0 s | tip=  2.3 deg | F= 59.6 N | M= 30.5 Nm (limit 150.0) | edge= 25.7 mm
set_up:     t=  5.2 s | tip=  2.3 deg | F= 59.6 N | M= 30.5 Nm (limit 150.0) | edge= 25.7 mm
set_up:     t=  5.4 s | tip=  2.3 deg | F= 59.5 N | M= 30.4 Nm (limit 150.0) | edge= 25.7 mm
set_up:     t=  5.6 s | tip=  2.3 deg | F= 59.5 N | M= 30.4 Nm (limit 150.0) | edge= 25.7 mm
set_up:     t=  5.8 s | tip=  2.3 deg | F= 59.5 N | M= 30.4 Nm (limit 150.0) | edge= 25.7 mm
set_up:     t=  6.0 s | tip=  2.3 deg | F= 59.5 N | M= 30.4 Nm (limit 150.0) | edge= 25.7 mm
set_up:     t=  6.2 s | tip=  2.3 deg | F= 59.5 N | M= 30.4 Nm (limit 150.0) | edge= 25.7 mm
set_up:     t=  6.4 s | tip=  2.3 deg | F= 59.5 N | M= 30.4 Nm (limit 150.0) | edge= 25.7 mm
set_up:     t=  6.6 s | tip=  2.3 deg | F= 59.5 N | M= 30.4 Nm (limit 150.0) | edge= 25.7 mm
set_up:     t=  6.8 s | tip=  2.3 deg | F= 59.5 N | M= 30.4 Nm (limit 150.0) | edge= 25.7 mm
set_up:     t=  7.0 s | tip=  2.3 deg | F= 59.5 N | M= 30.4 Nm (limit 150.0) | edge= 25.7 mm
set_up:     t=  7.2 s | tip=  2.3 deg | F= 59.5 N | M= 30.3 Nm (limit 150.0) | edge= 25.7 mm
set_up:     t=  7.4 s | tip=  2.3 deg | F= 59.5 N | M= 30.3 Nm (limit 150.0) | edge= 25.7 mm
set_up:     t=  7.6 s | tip=  2.3 deg | F= 59.4 N | M= 30.3 Nm (limit 150.0) | edge= 25.7 mm
set_up:     t=  7.8 s | tip=  2.3 deg | F= 59.3 N | M= 30.2 Nm (limit 150.0) | edge= 25.7 mm
set_up:     t=  8.0 s | tip=  2.3 deg | F= 59.4 N | M= 30.3 Nm (limit 150.0) | edge= 25.7 mm
set_up:     t=  8.2 s | tip=  2.3 deg | F= 59.4 N | M= 30.3 Nm (limit 150.0) | edge= 25.7 mm
set_up:     t=  8.4 s | tip=  2.3 deg | F= 59.4 N | M= 30.3 Nm (limit 150.0) | edge= 25.7 mm
set_up:     t=  8.6 s | tip=  2.3 deg | F= 59.4 N | M= 30.3 Nm (limit 150.0) | edge= 25.7 mm
set_up:     t=  8.8 s | tip=  2.3 deg | F= 59.4 N | M= 30.3 Nm (limit 150.0) | edge= 25.7 mm
set_up:     t=  9.0 s | tip=  2.3 deg | F= 59.5 N | M= 30.3 Nm (limit 150.0) | edge= 25.7 mm
set_up:     t=  9.2 s | tip=  2.3 deg | F= 59.4 N | M= 30.3 Nm (limit 150.0) | edge= 25.7 mm
set_up:     t=  9.4 s | tip=  2.3 deg | F= 59.5 N | M= 30.3 Nm (limit 150.0) | edge= 25.7 mm
set_up:     t=  9.6 s | tip=  2.3 deg | F= 59.4 N | M= 30.3 Nm (limit 150.0) | edge= 25.7 mm
set_up:     t=  9.8 s | tip=  2.3 deg | F= 59.4 N | M= 30.2 Nm (limit 150.0) | edge= 25.7 mm
set_up:     t= 10.0 s | tip=  2.3 deg | F= 59.3 N | M= 30.2 Nm (limit 150.0) | edge= 25.7 mm
set_up:     t= 10.2 s | tip=  2.3 deg | F= 59.4 N | M= 30.2 Nm (limit 150.0) | edge= 25.7 mm
set_up:     t= 10.4 s | tip=  2.3 deg | F= 59.4 N | M= 30.2 Nm (limit 150.0) | edge= 25.7 mm
set_up:     t= 10.6 s | tip=  2.3 deg | F= 59.4 N | M= 30.2 Nm (limit 150.0) | edge= 25.7 mm
set_up:     t= 10.8 s | tip=  2.3 deg | F= 59.3 N | M= 30.2 Nm (limit 150.0) | edge= 25.7 mm
set_up:     t= 11.0 s | tip=  2.3 deg | F= 59.3 N | M= 30.2 Nm (limit 150.0) | edge= 25.7 mm
set_up:     t= 11.2 s | tip=  2.3 deg | F= 59.3 N | M= 30.2 Nm (limit 150.0) | edge= 25.7 mm
set_up:     t= 11.4 s | tip=  2.3 deg | F= 59.3 N | M= 30.2 Nm (limit 150.0) | edge= 25.7 mm
set_up:     t= 11.6 s | tip=  2.3 deg | F= 59.3 N | M= 30.2 Nm (limit 150.0) | edge= 25.7 mm
set_up:     t= 11.8 s | tip=  2.3 deg | F= 59.3 N | M= 30.2 Nm (limit 150.0) | edge= 25.7 mm

=== Set-up result ===
stop: time | t=12.0 s | tip=2.3 deg | F=59.3 N | M=30.1 Nm
edge_from_contact = [-6.2, +0.4, -25.0] mm | norm=25.7 mm
tcp_from_contact  = [-21.3, +61.2, -3.3] mm | norm=64.9 mm
alignment: before=0.48 deg | after=2.35 deg | gain=-1.86 deg

=== Set-up surface-frame breakdown ===
frame: alignment-target [tangent1, tangent2, normal]
force        [N]      = [   -13.79,     -2.28,    -57.58]
tcp_disp     [mm]     = [    -3.62,     +0.59,    -45.18]
edge_disp    [mm]     = [    -4.04,     +0.38,    -25.40]
Kp_eff=F/tcp [N/m]    = [   3804.1,   -3851.2,    1274.5]
moment@edge  [Nm]     = [    +2.35,    +28.22,     -1.48]
tip_angle    [deg]    = [    +0.87,     -2.15,     -0.33]
KR_eff=M/ang [Nm/rad] = [    154.6,    -753.3,     256.9]

finite_axis: angle=2.3 deg | axis_from_edge=[-565.9, -244.1, +124.5] mm | dir=[-0.358, +0.918, +0.173] | pitch=-42.7 mm/rad
(coupled_K_tcp/coupled_D_tcp queued for the next run)

=== Coupled stiffness from the measured pole ===
source spring K_pole/D_pole (diagonal, from parameters):
  Kp [N/m]     = [2000, 2000, 350]
  KR [Nm/rad]  = [5, 5, 50]
  Dp [Ns/m]    = [10, 10, 175]
  DR [Nms/rad] = [10.01, 10.01, 10]

poles compared (lever r_c = TCP - pole):
  (A) measured axis : angle=2.3 deg | pitch=-42.7 mm/rad
      pole_from_edge = [-559.0, -246.1, 149.1] mm
      r_c            = [543.9, 307.0, -127.5] mm
  (B) manual pole   : comparison only, contact reference
      pole_from_edge = [-33.8, 79.6, 25.0] mm
      r_c            = [26.2, -19.3, 41.4] mm
      r_c(B)-r_c(A)  = [-517.7, -326.3, 168.9] mm

K_TCP = Ad^T K_pole Ad  [rows fx..mz | cols tx..rz]:
  (A) measured axis:
           tx        ty        tz    |    rx        ry        rz
  fx [    2000        0        0 |        0      255    613.9 ]
  fy [       0     2000        0 |     -255        0    -1088 ]
  fz [       0        0      350 |   -107.4    190.4        0 ]
     ---------------------------+---------------------------
  mx [       0     -255   -107.4 |    70.83   -58.44    142.6 ]
  my [     255        0    190.4 |   -58.44    141.1    78.27 ]
  mz [   613.9    -1088        0 |    142.6    78.27    829.9 ]
  (A) K_TCP eigenvalues = [3.545, 4.967, 35.6, 485.1, 2035, 2827] -> PSD ok (>=0) (min=3.545)
  (B) manual pole:
           tx        ty        tz    |    rx        ry        rz
  fx [    2000        0        0 |        0   -82.77    -38.7 ]
  fy [       0     2000        0 |    82.77        0   -52.49 ]
  fz [       0        0      350 |    6.772    9.185        0 ]
     ---------------------------+---------------------------
  mx [       0    82.77    6.772 |    8.898   0.1777    1.735 ]
  my [  -82.77        0    9.185 |   0.1777    8.666    1.601 ]
  mz [   -38.7   -52.49        0 |    1.735    1.601    51.78 ]
  (B) K_TCP eigenvalues = [4.986, 4.991, 49.95, 350.4, 2003, 2006] -> PSD ok (>=0) (min=4.986)

D_TCP = Ad^T D_pole Ad:
  (A) measured axis:
           tx        ty        tz    |    rx        ry        rz
  fx [   237.1        0        0 |        0    30.22    72.77 ]
  fy [       0    178.3        0 |   -22.73        0   -96.96 ]
  fz [       0        0    108.1 |   -33.18    58.79        0 ]
     ---------------------------+---------------------------
  mx [       0   -22.73   -33.18 |    14.49   -18.05    12.31 ]
  my [   30.22        0    58.79 |   -18.05     37.9    9.278 ]
  mz [   72.77   -96.96        0 |    12.31    9.278    75.86 ]
  (A) D_TCP eigenvalues = [0.5524, 1.204, 1.716, 148.6, 213.1, 286.4] -> PSD ok (>=0) (min=0.5524)
  (B) manual pole:
           tx        ty        tz    |    rx        ry        rz
  fx [   237.1        0        0 |        0   -9.811   -4.587 ]
  fy [       0    178.3        0 |    7.377        0   -4.678 ]
  fz [       0        0    108.1 |    2.091    2.836        0 ]
     ---------------------------+---------------------------
  mx [       0    7.377    2.091 |    1.753  0.05488  -0.2489 ]
  my [  -9.811        0    2.836 |  0.05488    2.553   0.1898 ]
  mz [  -4.587   -4.678        0 |  -0.2489   0.1898   0.9912 ]
  (B) D_TCP eigenvalues = [0.7742, 1.409, 2.067, 108.2, 178.7, 237.6] -> PSD ok (>=0) (min=0.7742)
phase: grind

Stop requested with e + Enter. Finishing control loop...
params/sequence.txt updated after control loop (73 queued values).

Joint motion [deg]:
joint    start   final   delta
------------------------------
q1       -2.7    -1.1     1.6
q2       18.1    33.1    15.0
q3       -5.1    -3.1     2.0
q4     -122.8  -121.8     1.1
q5       17.5     1.0   -16.6
q6      139.5   147.2     7.8
q7       26.8    42.7    15.9

=== Final result ===
p_d = [529.3, -45.1, -133.3] mm
p_EE = [537.4, -43.2, 20.6] mm
e_p = [-8.1, -1.9, -153.9] mm
position_error = 154.08 mm
e_R = [1.10, -2.46, -0.24] deg
rotation_error = 2.71 deg
csv: surface_grinding_controller_log.csv
