
====================================================================
  SURFACE GRINDING CONTROLLER
====================================================================
  robot              172.16.0.2
--------------------------------------------------------------------

Press Enter to recover and configure the robot.
  Robot recovered or already ready.

====================================================================
  STARTUP MODE
====================================================================
  run     s   run the phase sequence from q_init
          h   hold the q_init pose
          t   hold with the set-up impedance, to test those gains
          g   hand-guide the start pose, then choose
--------------------------------------------------------------------
  set up  q   go to q_init and inspect
          o   open the hand now
          c   grasp the tool now
          r   recalibrate the hand width, fingers empty
          f   fetch the tool from the holder
          b   put the tool back
--------------------------------------------------------------------
  quit    e   stop and quit
--------------------------------------------------------------------
  in a run    e stop | m menu | g hand-guide | s sequence | t hold
--------------------------------------------------------------------
Choice [s/h/t/g/q/o/c/r/f/b/e]: 
-- selected: phase sequence ----------------------------------------

-- moving to q_init ------------------------------------------------
  case               horizontal_table_search
  q1..q7 [deg]     = [0.8, 12.1, -0.5, -130.9, -0.2, 142.9, 44.7] deg
  horizontal_table_search = [0.014777, 0.210911, -0.009320, -2.284835, -0.002725, 2.493410, 0.780694] rad
  q_init reached.

-- start pose ------------------------------------------------------
  q_start          = [0.9, 12.1, -0.5, -130.9, -0.1, 142.9, 44.7] deg
  p_start          = [    531.4,       2.5,     156.9] mm

====================================================================
  RUN
====================================================================

-- phase: approach_orient ------------------------------------------
  Kp [t1,t2,n]     = [    150.0,     150.0,     150.0] N/m
  Dp [t1,t2,n]     = [    126.5,     103.6,     128.3] Ns/m     auto (factor 1.90)
  KR [t1,t2,n]     = [     90.0,      90.0,      90.0] Nm/rad
  DR [t1,t2,n]     = [     13.5,      15.8,       2.0] Nms/rad  auto (factor 1.90)
orient:     t=  0.0 s | axis_err=  8.6 deg | spin_err=  1.1 deg
orient:     t=  0.2 s | axis_err=  7.9 deg | spin_err=  0.5 deg
orient:     t=  0.4 s | axis_err=  5.6 deg | spin_err=  0.3 deg
orient:     t=  0.6 s | axis_err=  3.2 deg | spin_err=  0.3 deg
orient:     t=  0.8 s | axis_err=  2.7 deg | spin_err=  0.4 deg
orient:     t=  1.0 s | axis_err=  2.6 deg | spin_err=  0.4 deg
orient:     t=  1.2 s | axis_err=  2.5 deg | spin_err=  0.4 deg
orient:     t=  1.4 s | axis_err=  2.5 deg | spin_err=  0.4 deg
orient:     t=  1.6 s | axis_err=  2.5 deg | spin_err=  0.4 deg
orient:     t=  1.8 s | axis_err=  2.5 deg | spin_err=  0.4 deg
orient:     t=  2.0 s | axis_err=  2.5 deg | spin_err=  0.4 deg
orient:     t=  2.2 s | axis_err=  2.5 deg | spin_err=  0.4 deg
orient:     t=  2.4 s | axis_err=  2.5 deg | spin_err=  0.4 deg
orient:     t=  2.6 s | axis_err=  2.5 deg | spin_err=  0.4 deg
orient:     t=  2.8 s | axis_err=  2.4 deg | spin_err=  0.4 deg
orient:     t=  3.0 s | axis_err=  2.4 deg | spin_err=  0.4 deg
orient:     t=  3.2 s | axis_err=  2.4 deg | spin_err=  0.4 deg
orient:     t=  3.4 s | axis_err=  2.4 deg | spin_err=  0.4 deg
orient:     t=  3.6 s | axis_err=  2.4 deg | spin_err=  0.4 deg
orient:     t=  3.8 s | axis_err=  2.4 deg | spin_err=  0.4 deg
orient:     t=  4.0 s | axis_err=  2.4 deg | spin_err=  0.4 deg
orient:     t=  4.2 s | axis_err=  2.4 deg | spin_err=  0.4 deg
orient:     t=  4.4 s | axis_err=  2.4 deg | spin_err=  0.4 deg
orient:     t=  4.6 s | axis_err=  2.4 deg | spin_err=  0.4 deg
orient:     t=  4.8 s | axis_err=  2.4 deg | spin_err=  0.4 deg

Orientation settled short of the 2.0 deg gate after 5.0 s: axis_err=2.4 deg | spin_err=0.4 deg

-- phase: approach_descend -----------------------------------------
  Kp [t1,t2,n]     = [    150.0,     150.0,     150.0] N/m
  Dp [t1,t2,n]     = [    126.5,     103.6,     128.3] Ns/m     auto (factor 1.90)
  KR [t1,t2,n]     = [     90.0,      90.0,      90.0] Nm/rad
  DR [t1,t2,n]     = [     13.5,      15.8,       2.0] Nms/rad  auto (factor 1.90)
  descend to         20 mm clearance at 0.100 m/s
descend:    t=  0.0 s | distance=   0.1 mm | height=+135.0 mm (target 20.0) | force=  0.0 N
descend:    t=  0.2 s | distance=  20.1 mm | height=+124.1 mm (target 20.0) | force=  0.4 N
descend:    t=  0.4 s | distance=  40.1 mm | height=+107.4 mm (target 20.0) | force=  1.2 N
descend:    t=  0.6 s | distance=  60.1 mm | height= +90.2 mm (target 20.0) | force=  1.7 N
descend:    t=  0.8 s | distance=  80.1 mm | height= +72.6 mm (target 20.0) | force=  2.0 N
descend:    t=  1.0 s | distance= 100.1 mm | height= +54.8 mm (target 20.0) | force=  1.7 N
descend:    t=  1.2 s | distance= 120.1 mm | height= +36.4 mm (target 20.0) | force=  1.6 N

[GATE] Reached 20 mm above the plane. Press Enter to start the set-up press (e+Enter stops).

-- gate hold -------------------------------------------------------
  Kp [x,y,z]       = [   5000.0,    5000.0,    5000.0] N/m
  Dp [x,y,z]       = [    204.8,     150.8,     247.1] Ns/m     auto
  KR [t1,t2,n]     = [     90.0,      90.0,      90.0] Nm/rad
  DR [t1,t2,n]     = [     13.7,      12.0,       2.5] Nms/rad  auto
[GATE] Continuing to the set-up press.

Clearance reached: distance=137.8 mm | height=19.8 mm | target=20.0 mm | force=0.3 N (not used for the switch)
  offset_ee        = [    -20.0,      60.0,      20.0] mm
  p_EE_at_contact  = [    536.3,      11.6,      45.7] mm
  contact_point    = [    517.3,     -47.7,       1.4] mm
  edge_offset      = [    -19.1,     -59.3,     -44.3] mm

-- phase: set_up ---------------------------------------------------

-- set-up impedance ------------------------------------------------
  law                wrench = K_TCP*dx + D_TCP*dv
                     K_TCP  = Ad(r_c)^T * blkdiag(Kp,KR) * Ad(r_c)
  Kp [t1,t2,n]     = [   2000.0,    2000.0,     800.0] N/m
  Dp [t1,t2,n]     = [    213.2,     186.7,     172.2] Ns/m     auto
  KR [t1,t2,n]     = [      5.0,       5.0,      50.0] Nm/rad
  DR [t1,t2,n]     = [      1.8,       1.6,       1.1] Nms/rad  auto
  p_c [EE]         = [     32.0,     -41.4,      66.8] mm       the pole on the tool, from p_EE
  r_c [t1,t2,n]    = [     54.4,      25.4,      60.0] mm       commanded: p_TCP - p_c, in the plane
set_up:     t=  0.0 s | tip=  0.0 deg | F=  0.1 N | M=  0.1 Nm (limit 150.0) | edge= 19.7 mm
set_up:     t=  0.2 s | tip=  0.3 deg | F=  1.6 N | M=  2.0 Nm (limit 150.0) | edge= 10.6 mm
set_up:     t=  0.4 s | tip=  0.8 deg | F=  1.8 N | M=  2.1 Nm (limit 150.0) | edge=  4.3 mm
set_up:     t=  0.6 s | tip=  1.0 deg | F= 13.6 N | M=  8.3 Nm (limit 150.0) | edge=  1.3 mm
set_up:     t=  0.8 s | tip=  1.1 deg | F= 19.5 N | M= 11.6 Nm (limit 150.0) | edge=  1.5 mm
set_up:     t=  1.0 s | tip=  1.1 deg | F= 27.6 N | M= 16.1 Nm (limit 150.0) | edge=  1.7 mm
set_up:     t=  1.2 s | tip=  1.2 deg | F= 35.5 N | M= 20.4 Nm (limit 150.0) | edge=  1.9 mm
set_up:     t=  1.4 s | tip=  1.3 deg | F= 43.8 N | M= 25.0 Nm (limit 150.0) | edge=  2.1 mm
set_up:     t=  1.6 s | tip=  1.5 deg | F= 49.9 N | M= 28.5 Nm (limit 150.0) | edge=  2.3 mm
set_up:     t=  1.8 s | tip=  1.6 deg | F= 43.7 N | M= 25.1 Nm (limit 150.0) | edge=  2.1 mm
set_up:     t=  2.0 s | tip=  1.9 deg | F= 43.4 N | M= 25.1 Nm (limit 150.0) | edge=  2.1 mm
set_up:     t=  2.2 s | tip=  2.1 deg | F= 43.0 N | M= 24.9 Nm (limit 150.0) | edge=  2.0 mm
set_up:     t=  2.4 s | tip=  2.3 deg | F= 43.5 N | M= 25.3 Nm (limit 150.0) | edge=  2.0 mm
set_up:     t=  2.6 s | tip=  2.5 deg | F= 42.8 N | M= 24.8 Nm (limit 150.0) | edge=  1.9 mm
set_up:     t=  2.8 s | tip=  2.6 deg | F= 42.7 N | M= 24.9 Nm (limit 150.0) | edge=  1.8 mm
set_up:     t=  3.0 s | tip=  2.8 deg | F= 42.1 N | M= 24.5 Nm (limit 150.0) | edge=  1.8 mm
set_up:     t=  3.2 s | tip=  3.0 deg | F= 43.0 N | M= 25.1 Nm (limit 150.0) | edge=  1.8 mm
set_up:     t=  3.4 s | tip=  3.1 deg | F= 41.7 N | M= 24.4 Nm (limit 150.0) | edge=  1.7 mm
set_up:     t=  3.6 s | tip=  3.3 deg | F= 41.7 N | M= 24.4 Nm (limit 150.0) | edge=  1.5 mm
set_up:     t=  3.8 s | tip=  3.4 deg | F= 40.8 N | M= 23.9 Nm (limit 150.0) | edge=  1.5 mm
set_up:     t=  4.0 s | tip=  3.5 deg | F= 40.8 N | M= 23.9 Nm (limit 150.0) | edge=  1.4 mm
set_up:     t=  4.2 s | tip=  3.6 deg | F= 41.4 N | M= 24.3 Nm (limit 150.0) | edge=  1.5 mm
set_up:     t=  4.4 s | tip=  3.6 deg | F= 41.1 N | M= 24.1 Nm (limit 150.0) | edge=  1.5 mm
set_up:     t=  4.6 s | tip=  3.6 deg | F= 40.6 N | M= 23.8 Nm (limit 150.0) | edge=  1.4 mm
set_up:     t=  4.8 s | tip=  3.6 deg | F= 40.7 N | M= 23.9 Nm (limit 150.0) | edge=  1.4 mm

====================================================================
  SET-UP RESULT
====================================================================
  stop: time | t=5.0 s | tip=3.6 deg | F=40.8 N | M=24.0 Nm
  edge_from_contact = [-0.5, -0.7, -1.1] mm | norm=1.4 mm
  tcp_from_contact  = [+18.6, +59.4, +19.5] mm | norm=65.2 mm
  alignment: before=6.79 deg | after=3.64 deg | gain=+3.15 deg
  alignment components [t1,t2,n] deg: before=[+1.79,-6.55,-0.00] | after=[-0.35,-3.63,-0.00]

-- set-up surface-frame breakdown ----------------------------------
  frame              alignment-target [tangent1, tangent2, normal]
  force        [N]      = [    -5.41,     -2.78,    -40.36]
  tcp_disp     [mm]     = [    -0.32,     -0.68,    -24.85]
  edge_disp    [mm]     = [    +0.73,     +0.43,     -1.16]
  Kp_eff=F/tcp [N/m]    = [  16963.9,    4100.8,    1624.1]
  moment@edge  [Nm]     = [    -5.00,    -24.69,     +2.37]
  tip_angle    [deg]    = [    -2.17,     +2.92,     -0.25]
  KR_eff=M/ang [Nm/rad] = [    132.3,    -484.7,    -542.7]

-- centre of compliance --------------------------------------------
  definition         r_c = p_TCP - p_c
  p_TCP [x,y,z]    = [    536.3,      11.6,      45.7] mm
  p_c [EE]         = [     32.0,     -41.4,      66.8] mm
  r_c [t1,t2,n]    = [     54.4,      25.4,      60.0] mm
                     p_c resolved at first contact

-- what the TCP feels ----------------------------------------------
  K_TCP translation = [   1999.6,    1999.1,     801.3] N/m
  K_TCP rotation   = [     14.1,      13.7,      56.7] Nm/rad
  commanded KR was = [      5.0,       5.0,      50.0] Nm/rad   the rest is the lever
  D_TCP translation = [    208.5,     191.4,     172.2] Ns/m
  D_TCP rotation   = [      2.8,       2.7,       1.7] Nms/rad
  coupling           max |moment per unit translation| = 123.0 Nm/m (K), 12.9 Nms/m (D)
  eigenvalues        K_TCP 4.96 .. 2015 | D_TCP 1.05 .. 214  (both positive: valid springs)

  K_TCP [N/m, Nm/rad | rows fx..mz, cols tx..rz]:
           tx        ty        tz    |    rx        ry        rz
  fx [    2000  -0.5725   -20.68 |  -0.9524     -123   -88.68 ]
  fy [ -0.5725     1999   -33.18 |    122.3    1.278    74.88 ]
  fz [  -20.68   -33.18    801.3 |    33.47   -28.72  -0.3253 ]
     ---------------------------+---------------------------
  mx [ -0.9524    122.3    33.47 |    14.07   -1.173    5.397 ]
  my [    -123    1.278   -28.72 |   -1.173    13.73    6.746 ]
  mz [  -88.68    74.88  -0.3253 |    5.397    6.746    56.69 ]

  D_TCP [Ns/m, Nms/rad]:
           tx        ty        tz    |    rx        ry        rz
  fx [   208.5    10.16  -0.9064 |   0.5886   -12.87   -8.862 ]
  fy [   10.16    191.4  -0.7068 |    11.82  -0.6023    6.717 ]
  fz [ -0.9064  -0.7068    172.2 |    7.593   -6.394  0.01372 ]
     ---------------------------+---------------------------
  mx [  0.5886    11.82    7.593 |    2.846  -0.2362   0.4017 ]
  my [  -12.87  -0.6023   -6.394 |  -0.2362    2.671   0.5306 ]
  mz [  -8.862    6.717  0.01372 |   0.4017   0.5306    1.701 ]

[GATE] Set up finished (holding the pressed pose). Press Enter to start the grind (e+Enter stops).

Stop requested with e + Enter. Finishing control loop...

-- joint motion [deg] ----------------------------------------------
  joint       start    final    delta
  q1            0.9      7.3     +6.4
  q2           12.1     31.0    +18.9
  q3           -0.5     -5.0     -4.4
  q4         -130.9   -129.7     +1.2
  q5           -0.1      7.1     +7.3
  q6          142.9    163.3    +20.4
  q7           44.7     41.4     -3.3

====================================================================
  FINAL RESULT
====================================================================
  p_d              = [    535.0,       9.3,     -34.1] mm
  p_EE             = [    535.9,      11.6,      20.9] mm
  e_p              = [     -1.0,      -2.3,     -54.9] mm
  e_R              = [     3.19,     -1.73,     -0.26] deg
--------------------------------------------------------------------
  position error     55.00 mm
  rotation error     3.64 deg
  csv                logs/surface_grinding_controller_log.csv
--------------------------------------------------------------------
