
Press Enter to recover and configure the robot.
Robot recovered or already ready.
Collision: custom thresholds.

=== Startup choice ===
  q = go to q_init (from params/common.txt), then choose again
  g = guiding mode: go to q_init, then hand-guide to your pose;
      use s+Enter for sequence or h+Enter for hold
  o = open the Franka hand now (release/load tool), then choose again
  c = close/grasp the tool now, then choose again
  r = continue to run mode (available after q_init is reached)
Choice [q/g/o/c/r, Enter = q]: Moving to q_init...
q_init reached.

=== Startup choice ===
  q = go to q_init (from params/common.txt), then choose again
  g = guiding mode: go to q_init, then hand-guide to your pose;
      use s+Enter for sequence or h+Enter for hold
  o = open the Franka hand now (release/load tool), then choose again
  c = close/grasp the tool now, then choose again
  r = continue to run mode
Choice [q/g/o/c/r, Enter = q]: Moving to q_init...
q_init reached.

=== Startup choice ===
  q = go to q_init (from params/common.txt), then choose again
  g = guiding mode: go to q_init, then hand-guide to your pose;
      use s+Enter for sequence or h+Enter for hold
  o = open the Franka hand now (release/load tool), then choose again
  c = close/grasp the tool now, then choose again
  r = continue to run mode
Choice [q/g/o/c/r, Enter = q]: 
=== Run mode ===
  s = phase sequence (approach / set up / grind)
  h = hold at the start pose
Choice [s/h, Enter = s]: Selected: phase sequence. Nullspace mode from parameters: nullspace_damping_plus_sigma.

=== Setup ===
run: phase sequence | approach_orient: on | nullspace: nullspace_damping_plus_sigma
nullspace parameters: d_null=2.000 | k_sigma=1.000 Nm | alpha=0.0800 rad
hold: Kp=300.0 N/m | KR=40.0 Nm/rad | damping=auto translation+rotation (factor fitted online toward Dp=50.0 Ns/m)
manual_guidance_start: off | manual_damping=0.50
descend: clearance=20.0 mm | speed=0.100 m/s | max_distance=640 mm
alignment push: start=captured | end=+180 mm | speed=0.050 m/s | ramp_time~=4.0 s | timeout=12.0 s | moment_threshold=150.0 Nm
grind: sweep | axis=tangent2 | amplitude=30 mm | frequency=0.20 Hz
coupled stiffness: apply=on | saved=yes | pole=manual
gates: pause_before_set_up=on | pause_auto_damping=on | pause_before_grind=off | debug_period=0.20 s
alignment-target normal=[+0.087, -0.000, +0.996] | tilt a(x)=0.0 deg, b(y)=5.0 deg (from angles)
tool face: 40 x 120 mm | center offset EE=[+0.0, +0.0, +20.0] mm
Gripper already holding the tool (width 65.1 mm); keeping grasp.
Press e+Enter to stop the controller before the duration expires.
During hold: press g+Enter to hand-guide the tool, then p+Enter to recapture and resume hold.
experiment_duration <= 0: running indefinitely until e + Enter.

=== Start pose ===
q_start = [-2.7, 18.1, -5.1, -122.8, 17.5, 139.5, 26.8] deg
p_start = [565.1, -59.5, 151.1] mm

=== Run ===
phase: approach_orient
orient:     t=  0.0 s | axis_err= 11.5 deg | rot_err= 11.5 deg
approach Dp        auto=[ 134.14,   97.25,  122.29]  manual=[  20.00,   20.00,   20.00] Ns/m
approach DR        auto=[  12.73,   16.36,    4.08]  manual=[  12.00,   12.00,   12.00] Nms/rad
orient:     t=  0.2 s | axis_err=  4.6 deg | rot_err=  4.6 deg
orient:     t=  0.4 s | axis_err=  2.4 deg | rot_err=  2.4 deg

Orientation reached: axis_err=2.0 deg
phase: approach_descend
descend:    t=  0.0 s | distance=   0.1 mm | height= +96.5 mm (target 20.0) | force=  0.0 N
descend:    t=  0.2 s | distance=  20.1 mm | height= +84.4 mm (target 20.0) | force=  1.3 N
descend:    t=  0.4 s | distance=  40.1 mm | height= +67.9 mm (target 20.0) | force=  2.4 N
descend:    t=  0.6 s | distance=  60.2 mm | height= +50.7 mm (target 20.0) | force=  3.1 N
descend:    t=  0.8 s | distance=  80.3 mm | height= +32.9 mm (target 20.0) | force=  1.3 N

[GATE] Reached 20 mm above the plane. Press Enter to start the set-up press (e+Enter stops).
pause auto damping: fitted Dp factor=0.551, DR factor=1.963
pause Dp [xyz]     auto=[ 206.40,  155.18,  225.03]  manual=[ 200.00,  200.00,  200.00] Ns/m
pause DR [t1t2n]   auto=[  11.74,   17.27,    2.04]  manual=[  12.73,   16.36,    4.08] Nms/rad
[GATE] Continuing to the set-up press.
descend:    t=  1.5 s | distance=  94.9 mm | height= +19.5 mm (target 20.0) | force=  0.6 N

Clearance reached: distance=94.9 mm | height=19.5 mm | target=20.0 mm | force=0.6 N (not used for the switch)
offset_ee = [0.0, 60.0, 20.0] mm
p_EE_at_contact = [545.3, -65.7, 65.6] mm
contact_point = [539.1, -125.5, 26.0] mm
edge_offset_base = [-6.1, -59.8, -39.6] mm
phase: set_up
set_up Dp [xyz]    auto=[ 236.92,  178.15,  108.21]  manual=[  10.00,   10.00,  175.00] Ns/m
set_up DR [t1t2n]  auto=[   1.41,    2.07,    0.77]  manual=[  10.01,   10.01,   10.00] Nms/rad
set_up:     t=  0.0 s | tip=  0.0 deg | F=  0.0 N | M=  0.0 Nm (limit 150.0) | edge= 19.6 mm
set_up:     t=  0.2 s | tip=  0.5 deg | F=  2.0 N | M=  0.9 Nm (limit 150.0) | edge= 13.7 mm
set_up:     t=  0.4 s | tip=  0.7 deg | F=  2.0 N | M=  0.8 Nm (limit 150.0) | edge=  5.7 mm
set_up:     t=  0.6 s | tip=  1.1 deg | F=  2.3 N | M=  1.0 Nm (limit 150.0) | edge=  5.7 mm
set_up:     t=  0.8 s | tip=  1.5 deg | F=  2.2 N | M=  0.8 Nm (limit 150.0) | edge= 14.8 mm
set_up:     t=  1.0 s | tip=  1.1 deg | F=  8.9 N | M=  4.7 Nm (limit 150.0) | edge= 18.2 mm
set_up:     t=  1.2 s | tip=  1.0 deg | F= 13.1 N | M=  7.0 Nm (limit 150.0) | edge= 18.9 mm
set_up:     t=  1.4 s | tip=  0.9 deg | F= 16.5 N | M=  8.7 Nm (limit 150.0) | edge= 19.3 mm
set_up:     t=  1.6 s | tip=  0.9 deg | F= 20.0 N | M= 10.4 Nm (limit 150.0) | edge= 19.4 mm
set_up:     t=  1.8 s | tip=  0.8 deg | F= 24.2 N | M= 12.6 Nm (limit 150.0) | edge= 19.6 mm
set_up:     t=  2.0 s | tip=  0.6 deg | F= 29.0 N | M= 15.2 Nm (limit 150.0) | edge= 19.8 mm
set_up:     t=  2.2 s | tip=  0.7 deg | F= 32.1 N | M= 16.6 Nm (limit 150.0) | edge= 19.8 mm
set_up:     t=  2.4 s | tip=  1.4 deg | F= 35.4 N | M= 18.2 Nm (limit 150.0) | edge= 19.6 mm
set_up:     t=  2.6 s | tip=  2.1 deg | F= 38.4 N | M= 19.7 Nm (limit 150.0) | edge= 19.6 mm
set_up:     t=  2.8 s | tip=  2.9 deg | F= 41.4 N | M= 21.1 Nm (limit 150.0) | edge= 19.4 mm
set_up:     t=  3.0 s | tip=  4.0 deg | F= 43.7 N | M= 22.3 Nm (limit 150.0) | edge= 19.3 mm
set_up:     t=  3.2 s | tip=  5.3 deg | F= 46.4 N | M= 23.6 Nm (limit 150.0) | edge= 19.1 mm
set_up:     t=  3.4 s | tip=  6.5 deg | F= 50.1 N | M= 25.7 Nm (limit 150.0) | edge= 19.1 mm
set_up:     t=  3.6 s | tip=  7.8 deg | F= 53.1 N | M= 27.2 Nm (limit 150.0) | edge= 18.8 mm
set_up:     t=  3.8 s | tip=  9.0 deg | F= 56.3 N | M= 28.9 Nm (limit 150.0) | edge= 18.6 mm
set_up:     t=  4.0 s | tip= 10.2 deg | F= 59.5 N | M= 30.5 Nm (limit 150.0) | edge= 18.3 mm
set_up:     t=  4.2 s | tip= 10.9 deg | F= 53.4 N | M= 27.3 Nm (limit 150.0) | edge= 18.2 mm
set_up:     t=  4.4 s | tip= 10.9 deg | F= 53.3 N | M= 27.4 Nm (limit 150.0) | edge= 18.2 mm
set_up:     t=  4.6 s | tip= 10.9 deg | F= 53.3 N | M= 27.4 Nm (limit 150.0) | edge= 18.3 mm
set_up:     t=  4.8 s | tip= 10.9 deg | F= 53.4 N | M= 27.5 Nm (limit 150.0) | edge= 18.3 mm
set_up:     t=  5.0 s | tip= 10.9 deg | F= 53.4 N | M= 27.5 Nm (limit 150.0) | edge= 18.3 mm
set_up:     t=  5.2 s | tip= 11.0 deg | F= 53.4 N | M= 27.5 Nm (limit 150.0) | edge= 18.3 mm
set_up:     t=  5.4 s | tip= 11.0 deg | F= 53.4 N | M= 27.5 Nm (limit 150.0) | edge= 18.3 mm
set_up:     t=  5.6 s | tip= 11.0 deg | F= 53.4 N | M= 27.6 Nm (limit 150.0) | edge= 18.3 mm
set_up:     t=  5.8 s | tip= 11.0 deg | F= 53.4 N | M= 27.6 Nm (limit 150.0) | edge= 18.3 mm
set_up:     t=  6.0 s | tip= 11.0 deg | F= 53.5 N | M= 27.6 Nm (limit 150.0) | edge= 18.3 mm
set_up:     t=  6.2 s | tip= 11.0 deg | F= 53.4 N | M= 27.6 Nm (limit 150.0) | edge= 18.3 mm
set_up:     t=  6.4 s | tip= 11.0 deg | F= 53.4 N | M= 27.6 Nm (limit 150.0) | edge= 18.3 mm
set_up:     t=  6.6 s | tip= 11.0 deg | F= 53.3 N | M= 27.5 Nm (limit 150.0) | edge= 18.3 mm
set_up:     t=  6.8 s | tip= 11.0 deg | F= 53.5 N | M= 27.6 Nm (limit 150.0) | edge= 18.3 mm
set_up:     t=  7.0 s | tip= 11.0 deg | F= 53.3 N | M= 27.6 Nm (limit 150.0) | edge= 18.3 mm
set_up:     t=  7.2 s | tip= 11.0 deg | F= 53.3 N | M= 27.5 Nm (limit 150.0) | edge= 18.3 mm
set_up:     t=  7.4 s | tip= 11.0 deg | F= 53.2 N | M= 27.5 Nm (limit 150.0) | edge= 18.3 mm
set_up:     t=  7.6 s | tip= 11.0 deg | F= 53.2 N | M= 27.5 Nm (limit 150.0) | edge= 18.3 mm
set_up:     t=  7.8 s | tip= 11.0 deg | F= 53.2 N | M= 27.5 Nm (limit 150.0) | edge= 18.3 mm
set_up:     t=  8.0 s | tip= 11.0 deg | F= 53.2 N | M= 27.5 Nm (limit 150.0) | edge= 18.3 mm
set_up:     t=  8.2 s | tip= 11.0 deg | F= 53.4 N | M= 27.5 Nm (limit 150.0) | edge= 18.3 mm
set_up:     t=  8.4 s | tip= 11.0 deg | F= 53.4 N | M= 27.6 Nm (limit 150.0) | edge= 18.3 mm
set_up:     t=  8.6 s | tip= 11.0 deg | F= 53.3 N | M= 27.5 Nm (limit 150.0) | edge= 18.3 mm
set_up:     t=  8.8 s | tip= 11.0 deg | F= 53.3 N | M= 27.6 Nm (limit 150.0) | edge= 18.3 mm
set_up:     t=  9.0 s | tip= 11.0 deg | F= 53.3 N | M= 27.6 Nm (limit 150.0) | edge= 18.3 mm
set_up:     t=  9.2 s | tip= 11.0 deg | F= 53.3 N | M= 27.6 Nm (limit 150.0) | edge= 18.3 mm
set_up:     t=  9.4 s | tip= 11.0 deg | F= 53.3 N | M= 27.6 Nm (limit 150.0) | edge= 18.3 mm
set_up:     t=  9.6 s | tip= 11.0 deg | F= 53.3 N | M= 27.6 Nm (limit 150.0) | edge= 18.3 mm
set_up:     t=  9.8 s | tip= 11.0 deg | F= 53.2 N | M= 27.6 Nm (limit 150.0) | edge= 18.3 mm
set_up:     t= 10.0 s | tip= 11.0 deg | F= 53.2 N | M= 27.5 Nm (limit 150.0) | edge= 18.3 mm
set_up:     t= 10.2 s | tip= 11.0 deg | F= 53.3 N | M= 27.6 Nm (limit 150.0) | edge= 18.3 mm
set_up:     t= 10.4 s | tip= 11.0 deg | F= 53.2 N | M= 27.6 Nm (limit 150.0) | edge= 18.3 mm
set_up:     t= 10.6 s | tip= 11.0 deg | F= 53.2 N | M= 27.5 Nm (limit 150.0) | edge= 18.3 mm
set_up:     t= 10.8 s | tip= 11.0 deg | F= 53.2 N | M= 27.5 Nm (limit 150.0) | edge= 18.3 mm
set_up:     t= 11.0 s | tip= 11.0 deg | F= 53.2 N | M= 27.5 Nm (limit 150.0) | edge= 18.3 mm
set_up:     t= 11.2 s | tip= 11.0 deg | F= 53.2 N | M= 27.5 Nm (limit 150.0) | edge= 18.3 mm
set_up:     t= 11.4 s | tip= 11.0 deg | F= 53.2 N | M= 27.5 Nm (limit 150.0) | edge= 18.3 mm
set_up:     t= 11.6 s | tip= 11.0 deg | F= 53.2 N | M= 27.5 Nm (limit 150.0) | edge= 18.3 mm
set_up:     t= 11.8 s | tip= 11.0 deg | F= 53.2 N | M= 27.5 Nm (limit 150.0) | edge= 18.3 mm

=== Set-up result ===
stop: time | t=12.0 s | tip=11.0 deg | F=53.2 N | M=27.5 Nm
edge_from_contact = [-1.3, -0.3, -18.2] mm | norm=18.3 mm
tcp_from_contact  = [+0.2, +59.9, +1.2] mm | norm=59.9 mm
alignment: before=0.41 deg | after=10.87 deg | gain=-10.46 deg

=== Set-up surface-frame breakdown ===
frame: alignment-target [tangent1, tangent2, normal]
force        [N]      = [    +4.98,     -3.63,    -52.82]
tcp_disp     [mm]     = [    -2.59,     +0.09,    -38.81]
edge_disp    [mm]     = [    +0.31,     -0.29,    -18.26]
Kp_eff=F/tcp [N/m]    = [  -1921.0,  -41148.7,    1361.0]
moment@edge  [Nm]     = [    +2.96,    +26.90,     -1.54]
tip_angle    [deg]    = [    +1.15,    +10.92,     +0.86]
KR_eff=M/ang [Nm/rad] = [    147.4,     141.1,    -102.0]

finite_axis: angle=11.0 deg | axis_from_edge=[+93.0, -9.3, -15.5] mm | dir=[-0.111, -0.991, -0.069] | pitch=+8.8 mm/rad

=== Coupled stiffness from the measured pole ===
source spring K_pole/D_pole (diagonal, from parameters):
  Kp [N/m]     = [2000, 2000, 350]
  KR [Nm/rad]  = [5, 5, 50]
  Dp [Ns/m]    = [10, 10, 175]
  DR [Nms/rad] = [10.01, 10.01, 10]

poles compared (lever r_c = TCP - pole):
  (A) measured axis : angle=11.0 deg | pitch=+8.8 mm/rad
      pole_from_edge = [94.1, -10.7, 2.6] mm
      r_c            = [-92.6, 70.9, 16.8] mm
  (B) manual pole   : COMMANDED this run, contact reference
      pole_from_edge = [-71.4, 0.3, 104.9] mm
      r_c            = [78.9, 59.8, -47.1] mm
      r_c(B)-r_c(A)  = [171.5, -11.1, -63.8] mm

K_TCP = Ad^T K_pole Ad  [rows fx..mz | cols tx..rz]:
  (A) measured axis:
           tx        ty        tz    |    rx        ry        rz
  fx [    2000        0        0 |        0   -33.52    141.8 ]
  fy [       0     2000        0 |    33.52        0    185.3 ]
  fz [       0        0      350 |   -24.81   -32.42        0 ]
     ---------------------------+---------------------------
  mx [       0    33.52   -24.81 |    7.662    2.298    7.012 ]
  my [  -33.52        0   -32.42 |    2.298    8.565   -2.376 ]
  mz [   141.8    185.3        0 |    7.012   -2.376    76.87 ]
  (A) K_TCP eigenvalues = [4.931, 5, 49.3, 354.8, 2001, 2028] -> PSD ok (>=0) (min=4.931)
  (B) manual pole:
           tx        ty        tz    |    rx        ry        rz
  fx [    2000        0        0 |        0    94.11    119.6 ]
  fy [       0     2000        0 |   -94.11        0   -157.7 ]
  fz [       0        0      350 |   -20.93     27.6        0 ]
     ---------------------------+---------------------------
  mx [       0   -94.11   -20.93 |    11.02   -1.651    11.33 ]
  my [   94.11        0     27.6 |   -1.651    11.61    5.628 ]
  mz [   119.6   -157.7        0 |    11.33    5.628    69.25 ]
  (B) K_TCP eigenvalues = [4.94, 4.992, 49.47, 353.5, 2004, 2025] -> PSD ok (>=0) (min=4.94)

D_TCP = Ad^T D_pole Ad:
  (A) measured axis:
           tx        ty        tz    |    rx        ry        rz
  fx [   236.9        0        0 |        0   -3.971    16.79 ]
  fy [       0    178.2        0 |    2.986        0     16.5 ]
  fz [       0        0    108.2 |    -7.67   -10.02        0 ]
     ---------------------------+---------------------------
  mx [       0    2.986    -7.67 |    1.999   0.7105   0.2214 ]
  my [  -3.971        0   -10.02 |   0.7105    3.065  -0.2814 ]
  mz [   16.79     16.5        0 |   0.2214  -0.2814    3.498 ]
  (A) D_TCP eigenvalues = [0.763, 1.402, 2.051, 109.7, 179.7, 238.2] -> PSD ok (>=0) (min=0.763)
  (B) manual pole:
           tx        ty        tz    |    rx        ry        rz
  fx [   236.9        0        0 |        0    11.15    14.17 ]
  fy [       0    178.2        0 |   -8.383        0   -14.05 ]
  fz [       0        0    108.2 |   -6.471    8.535        0 ]
     ---------------------------+---------------------------
  mx [       0   -8.383   -6.471 |    2.186  -0.5104   0.6059 ]
  my [   11.15        0    8.535 |  -0.5104    3.267   0.6667 ]
  mz [   14.17   -14.05        0 |   0.6059   0.6667    2.734 ]
  (B) D_TCP eigenvalues = [0.7656, 1.402, 2.052, 109.3, 179.7, 238.3] -> PSD ok (>=0) (min=0.7656)
phase: grind

Stop requested with e + Enter. Finishing control loop...

Joint motion [deg]:
joint    start   final   delta
------------------------------
q1       -2.7    -7.3    -4.6
q2       18.1    30.8    12.7
q3       -5.1    -1.3     3.8
q4     -122.8  -128.0    -5.2
q5       17.5    -1.2   -18.7
q6      139.5   160.4    20.9
q7       26.8    40.0    13.2

=== Final result ===
p_d = [527.9, -84.3, -133.3] mm
p_EE = [535.5, -83.4, 26.1] mm
e_p = [-7.6, -0.9, -159.4] mm
position_error = 159.56 mm
e_R = [1.71, 6.47, -0.26] deg
rotation_error = 6.70 deg
csv: surface_grinding_controller_log.csv
