
Press Enter to recover and configure the robot.
Robot recovered or already ready.
Collision: custom thresholds.

=== Startup choice ===
  q = go to q_init (from params/common.txt), then choose again
  g = guiding mode: go to q_init, then hand-guide to your pose;
      use s+Enter for sequence or h+Enter for hold
  o = open the Franka hand now (release/load tool), then choose again
  c = close/grasp the tool now, then choose again
  r = continue to run mode (available after q_init is reached)
Choice [q/g/o/c/r, Enter = q]: Moving to q_init...
q_init reached.

=== Startup choice ===
  q = go to q_init (from params/common.txt), then choose again
  g = guiding mode: go to q_init, then hand-guide to your pose;
      use s+Enter for sequence or h+Enter for hold
  o = open the Franka hand now (release/load tool), then choose again
  c = close/grasp the tool now, then choose again
  r = continue to run mode
Choice [q/g/o/c/r, Enter = q]: 
=== Run mode ===
  s = phase sequence (approach / set up / grind)
  h = hold at the start pose
Choice [s/h, Enter = s]: Selected: phase sequence. Nullspace mode from parameters: nullspace_damping_plus_sigma.

=== Setup ===
run: phase sequence | approach_orient: on | nullspace: nullspace_damping_plus_sigma
nullspace parameters: d_null=2.000 | k_sigma=1.000 Nm | alpha=0.0800 rad
hold: Kp=300.0 N/m | KR=40.0 Nm/rad | damping=auto translation+rotation (factor fitted online toward Dp=50.0 Ns/m)
manual_guidance_start: off | manual_damping=0.50
descend: clearance=20.0 mm | speed=0.100 m/s | max_distance=640 mm
alignment push: start=captured | end=+180 mm | speed=0.050 m/s | ramp_time~=4.0 s | timeout=12.0 s | moment_threshold=150.0 Nm
grind: sweep | axis=tangent2 | amplitude=30 mm | frequency=0.20 Hz
coupled stiffness: apply=on | saved=yes | pole=manual
gates: pause_before_set_up=on | pause_auto_damping=on | pause_before_grind=off | debug_period=0.20 s
alignment-target normal=[+0.087, -0.000, +0.996] | tilt a(x)=0.0 deg, b(y)=5.0 deg (from angles)
tool face: 40 x 120 mm | center offset EE=[+0.0, +0.0, +20.0] mm
Gripper already holding the tool (width 65.1 mm); keeping grasp.
Press e+Enter to stop the controller before the duration expires.
During hold: press g+Enter to hand-guide the tool, then p+Enter to recapture and resume hold.
experiment_duration <= 0: running indefinitely until e + Enter.

=== Start pose ===
q_start = [-2.7, 18.1, -5.1, -122.8, 17.5, 139.5, 26.8] deg
p_start = [565.0, -59.5, 151.0] mm

=== Run ===
phase: approach_orient
orient:     t=  0.0 s | axis_err= 11.4 deg | rot_err= 11.4 deg
approach Dp        auto=[ 134.13,   97.25,  122.29]  manual=[  20.00,   20.00,   20.00] Ns/m
approach DR        auto=[  12.73,   16.36,    4.08]  manual=[  12.00,   12.00,   12.00] Nms/rad
orient:     t=  0.2 s | axis_err=  4.6 deg | rot_err=  4.6 deg
orient:     t=  0.4 s | axis_err=  2.3 deg | rot_err=  2.3 deg

Orientation reached: axis_err=1.9 deg
phase: approach_descend
descend:    t=  0.0 s | distance=   0.1 mm | height= +96.8 mm (target 20.0) | force=  0.0 N
descend:    t=  0.2 s | distance=  20.1 mm | height= +84.9 mm (target 20.0) | force=  1.1 N
descend:    t=  0.4 s | distance=  40.1 mm | height= +68.2 mm (target 20.0) | force=  1.7 N
descend:    t=  0.6 s | distance=  60.2 mm | height= +50.6 mm (target 20.0) | force=  2.5 N
descend:    t=  0.8 s | distance=  80.3 mm | height= +32.7 mm (target 20.0) | force=  1.0 N

[GATE] Reached 20 mm above the plane. Press Enter to start the set-up press (e+Enter stops).
pause auto damping: fitted Dp factor=0.551, DR factor=1.963
pause Dp [xyz]     auto=[ 206.41,  155.17,  225.03]  manual=[ 200.00,  200.00,  200.00] Ns/m
pause DR [t1t2n]   auto=[  11.74,   17.28,    2.04]  manual=[  12.73,   16.36,    4.08] Nms/rad
[GATE] Continuing to the set-up press.
descend:    t=  3.8 s | distance=  94.5 mm | height= +19.6 mm (target 20.0) | force=  0.7 N

Clearance reached: distance=94.5 mm | height=19.6 mm | target=20.0 mm | force=0.7 N (not used for the switch)
offset_ee = [0.0, 60.0, 20.0] mm
p_EE_at_contact = [545.4, -65.7, 65.6] mm
contact_point = [539.2, -125.5, 25.9] mm
edge_offset_base = [-6.1, -59.8, -39.7] mm
phase: set_up
set_up Dp [xyz]    auto=[ 236.93,  178.15,  108.21]  manual=[  10.00,   10.00,  175.00] Ns/m
set_up DR [t1t2n]  auto=[   1.41,    2.07,    0.77]  manual=[  10.01,   10.01,   10.00] Nms/rad
set_up:     t=  0.0 s | tip=  0.0 deg | F=  0.0 N | M=  0.0 Nm (limit 150.0) | edge= 19.6 mm
set_up:     t=  0.2 s | tip=  0.5 deg | F=  1.5 N | M=  0.6 Nm (limit 150.0) | edge= 13.7 mm
set_up:     t=  0.4 s | tip=  0.8 deg | F=  1.7 N | M=  0.7 Nm (limit 150.0) | edge=  6.0 mm
set_up:     t=  0.6 s | tip=  1.2 deg | F=  1.9 N | M=  0.7 Nm (limit 150.0) | edge=  5.5 mm
set_up:     t=  0.8 s | tip=  1.9 deg | F=  1.6 N | M=  0.5 Nm (limit 150.0) | edge= 14.1 mm
set_up:     t=  1.0 s | tip=  2.1 deg | F=  9.4 N | M=  5.2 Nm (limit 150.0) | edge= 19.0 mm
set_up:     t=  1.2 s | tip=  2.2 deg | F= 13.0 N | M=  7.1 Nm (limit 150.0) | edge= 19.7 mm
set_up:     t=  1.4 s | tip=  2.2 deg | F= 16.6 N | M=  8.9 Nm (limit 150.0) | edge= 19.9 mm
set_up:     t=  1.6 s | tip=  2.2 deg | F= 19.8 N | M= 10.7 Nm (limit 150.0) | edge= 20.0 mm
set_up:     t=  1.8 s | tip=  2.2 deg | F= 23.3 N | M= 12.5 Nm (limit 150.0) | edge= 20.2 mm
set_up:     t=  2.0 s | tip=  2.2 deg | F= 26.7 N | M= 14.1 Nm (limit 150.0) | edge= 20.3 mm
set_up:     t=  2.2 s | tip=  2.2 deg | F= 30.4 N | M= 15.9 Nm (limit 150.0) | edge= 20.4 mm
set_up:     t=  2.4 s | tip=  2.1 deg | F= 34.0 N | M= 17.7 Nm (limit 150.0) | edge= 20.5 mm
set_up:     t=  2.6 s | tip=  2.0 deg | F= 38.9 N | M= 20.1 Nm (limit 150.0) | edge= 20.6 mm
set_up:     t=  2.8 s | tip=  1.8 deg | F= 43.0 N | M= 22.2 Nm (limit 150.0) | edge= 20.7 mm
set_up:     t=  3.0 s | tip=  1.4 deg | F= 47.2 N | M= 24.4 Nm (limit 150.0) | edge= 20.8 mm
set_up:     t=  3.2 s | tip=  1.1 deg | F= 49.8 N | M= 25.6 Nm (limit 150.0) | edge= 20.9 mm
set_up:     t=  3.4 s | tip=  1.0 deg | F= 53.4 N | M= 27.4 Nm (limit 150.0) | edge= 21.0 mm
set_up:     t=  3.6 s | tip=  0.7 deg | F= 57.6 N | M= 29.6 Nm (limit 150.0) | edge= 21.0 mm
set_up:     t=  3.8 s | tip=  0.8 deg | F= 60.5 N | M= 31.0 Nm (limit 150.0) | edge= 20.9 mm
set_up:     t=  4.0 s | tip=  1.0 deg | F= 64.0 N | M= 32.8 Nm (limit 150.0) | edge= 20.9 mm
set_up:     t=  4.2 s | tip=  1.1 deg | F= 59.3 N | M= 30.2 Nm (limit 150.0) | edge= 20.8 mm
set_up:     t=  4.4 s | tip=  1.2 deg | F= 59.2 N | M= 30.1 Nm (limit 150.0) | edge= 20.8 mm
set_up:     t=  4.6 s | tip=  1.3 deg | F= 59.1 N | M= 29.9 Nm (limit 150.0) | edge= 20.7 mm
set_up:     t=  4.8 s | tip=  1.6 deg | F= 59.0 N | M= 30.0 Nm (limit 150.0) | edge= 20.7 mm
set_up:     t=  5.0 s | tip=  1.9 deg | F= 59.5 N | M= 30.4 Nm (limit 150.0) | edge= 20.6 mm
set_up:     t=  5.2 s | tip=  1.9 deg | F= 59.4 N | M= 30.4 Nm (limit 150.0) | edge= 20.6 mm
set_up:     t=  5.4 s | tip=  1.9 deg | F= 59.3 N | M= 30.4 Nm (limit 150.0) | edge= 20.6 mm
set_up:     t=  5.6 s | tip=  1.9 deg | F= 59.4 N | M= 30.5 Nm (limit 150.0) | edge= 20.6 mm
set_up:     t=  5.8 s | tip=  2.0 deg | F= 59.3 N | M= 30.4 Nm (limit 150.0) | edge= 20.6 mm
set_up:     t=  6.0 s | tip=  2.0 deg | F= 59.3 N | M= 30.4 Nm (limit 150.0) | edge= 20.6 mm
set_up:     t=  6.2 s | tip=  2.0 deg | F= 59.2 N | M= 30.4 Nm (limit 150.0) | edge= 20.6 mm
set_up:     t=  6.4 s | tip=  2.0 deg | F= 59.3 N | M= 30.4 Nm (limit 150.0) | edge= 20.6 mm
set_up:     t=  6.6 s | tip=  2.0 deg | F= 59.3 N | M= 30.5 Nm (limit 150.0) | edge= 20.6 mm
set_up:     t=  6.8 s | tip=  2.0 deg | F= 59.3 N | M= 30.4 Nm (limit 150.0) | edge= 20.6 mm
set_up:     t=  7.0 s | tip=  2.0 deg | F= 59.3 N | M= 30.4 Nm (limit 150.0) | edge= 20.6 mm
set_up:     t=  7.2 s | tip=  2.0 deg | F= 59.2 N | M= 30.4 Nm (limit 150.0) | edge= 20.6 mm
set_up:     t=  7.4 s | tip=  2.0 deg | F= 59.2 N | M= 30.4 Nm (limit 150.0) | edge= 20.6 mm
set_up:     t=  7.6 s | tip=  2.0 deg | F= 59.1 N | M= 30.4 Nm (limit 150.0) | edge= 20.6 mm
set_up:     t=  7.8 s | tip=  2.0 deg | F= 59.1 N | M= 30.3 Nm (limit 150.0) | edge= 20.6 mm
set_up:     t=  8.0 s | tip=  2.0 deg | F= 59.1 N | M= 30.4 Nm (limit 150.0) | edge= 20.6 mm
set_up:     t=  8.2 s | tip=  2.0 deg | F= 59.0 N | M= 30.3 Nm (limit 150.0) | edge= 20.6 mm
set_up:     t=  8.4 s | tip=  2.0 deg | F= 59.0 N | M= 30.4 Nm (limit 150.0) | edge= 20.6 mm
set_up:     t=  8.6 s | tip=  2.0 deg | F= 59.0 N | M= 30.4 Nm (limit 150.0) | edge= 20.6 mm
set_up:     t=  8.8 s | tip=  2.0 deg | F= 58.9 N | M= 30.3 Nm (limit 150.0) | edge= 20.6 mm
set_up:     t=  9.0 s | tip=  2.0 deg | F= 59.0 N | M= 30.3 Nm (limit 150.0) | edge= 20.6 mm
set_up:     t=  9.2 s | tip=  2.0 deg | F= 59.0 N | M= 30.3 Nm (limit 150.0) | edge= 20.6 mm
set_up:     t=  9.4 s | tip=  2.0 deg | F= 59.0 N | M= 30.3 Nm (limit 150.0) | edge= 20.6 mm
set_up:     t=  9.6 s | tip=  2.0 deg | F= 58.9 N | M= 30.4 Nm (limit 150.0) | edge= 20.6 mm
set_up:     t=  9.8 s | tip=  2.0 deg | F= 59.0 N | M= 30.4 Nm (limit 150.0) | edge= 20.6 mm
set_up:     t= 10.0 s | tip=  2.0 deg | F= 58.9 N | M= 30.3 Nm (limit 150.0) | edge= 20.6 mm
set_up:     t= 10.2 s | tip=  2.0 deg | F= 58.9 N | M= 30.3 Nm (limit 150.0) | edge= 20.6 mm
set_up:     t= 10.4 s | tip=  2.0 deg | F= 59.0 N | M= 30.3 Nm (limit 150.0) | edge= 20.6 mm
set_up:     t= 10.6 s | tip=  2.0 deg | F= 58.9 N | M= 30.3 Nm (limit 150.0) | edge= 20.6 mm
set_up:     t= 10.8 s | tip=  2.0 deg | F= 58.9 N | M= 30.3 Nm (limit 150.0) | edge= 20.6 mm
set_up:     t= 11.0 s | tip=  2.0 deg | F= 58.9 N | M= 30.3 Nm (limit 150.0) | edge= 20.6 mm
set_up:     t= 11.2 s | tip=  2.0 deg | F= 59.0 N | M= 30.3 Nm (limit 150.0) | edge= 20.6 mm
set_up:     t= 11.4 s | tip=  2.0 deg | F= 58.9 N | M= 30.3 Nm (limit 150.0) | edge= 20.6 mm
set_up:     t= 11.6 s | tip=  2.0 deg | F= 58.9 N | M= 30.3 Nm (limit 150.0) | edge= 20.6 mm
set_up:     t= 11.8 s | tip=  2.0 deg | F= 58.9 N | M= 30.3 Nm (limit 150.0) | edge= 20.6 mm

=== Set-up result ===
stop: time | t=12.0 s | tip=2.0 deg | F=58.9 N | M=30.3 Nm
edge_from_contact = [-6.3, +0.3, -19.6] mm | norm=20.6 mm
tcp_from_contact  = [-1.9, +60.3, -0.1] mm | norm=60.3 mm
alignment: before=0.41 deg | after=1.75 deg | gain=-1.34 deg

=== Set-up surface-frame breakdown ===
frame: alignment-target [tangent1, tangent2, normal]
force        [N]      = [    -5.87,     -2.77,    -58.50]
tcp_disp     [mm]     = [    -4.59,     +0.50,    -40.29]
edge_disp    [mm]     = [    -4.54,     +0.31,    -20.10]
Kp_eff=F/tcp [N/m]    = [   1277.7,   -5564.3,    1452.0]
moment@edge  [Nm]     = [    +3.75,    +29.41,     -1.71]
tip_angle    [deg]    = [    +0.60,     +1.80,     +0.55]
KR_eff=M/ang [Nm/rad] = [    356.8,     935.6,    -176.5]

finite_axis: angle=2.0 deg | axis_from_edge=[+517.8, -137.4, -177.3] mm | dir=[-0.328, -0.910, -0.252] | pitch=+194.7 mm/rad

=== Coupled stiffness from the measured pole ===
source spring K_pole/D_pole (diagonal, from parameters):
  Kp [N/m]     = [2000, 2000, 350]
  KR [Nm/rad]  = [5, 5, 50]
  Dp [Ns/m]    = [10, 10, 175]
  DR [Nms/rad] = [10.01, 10.01, 10]

poles compared (lever r_c = TCP - pole):
  (A) measured axis : angle=2.0 deg | pitch=+194.7 mm/rad
      pole_from_edge = [521.9, -143.8, -159.4] mm
      r_c            = [-517.5, 203.8, 178.9] mm
  (B) manual pole   : COMMANDED this run, contact reference
      pole_from_edge = [-26.6, -0.3, 102.8] mm
      r_c            = [39.0, 59.8, -43.5] mm
      r_c(B)-r_c(A)  = [556.6, -144.0, -222.5] mm

K_TCP = Ad^T K_pole Ad  [rows fx..mz | cols tx..rz]:
  (A) measured axis:
           tx        ty        tz    |    rx        ry        rz
  fx [    2000        0        0 |        0   -357.9    407.6 ]
  fy [       0     2000        0 |    357.9        0     1035 ]
  fz [       0        0      350 |   -71.32   -181.1        0 ]
     ---------------------------+---------------------------
  mx [       0    357.9   -71.32 |    83.92    36.91    189.1 ]
  my [  -357.9        0   -181.1 |    36.91    162.8   -72.93 ]
  mz [   407.6     1035        0 |    189.1   -72.93    668.4 ]
  (A) K_TCP eigenvalues = [3.718, 4.91, 37.79, 455.1, 2069, 2695] -> PSD ok (>=0) (min=3.718)
  (B) manual pole:
           tx        ty        tz    |    rx        ry        rz
  fx [    2000        0        0 |        0    87.02    119.6 ]
  fy [       0     2000        0 |   -87.02        0   -78.05 ]
  fz [       0        0      350 |   -20.93    13.66        0 ]
     ---------------------------+---------------------------
  mx [       0   -87.02   -20.93 |    10.38  -0.8168    7.303 ]
  my [   87.02        0    13.66 |  -0.8168    9.319    5.204 ]
  mz [   119.6   -78.05        0 |    7.303    5.204    59.86 ]
  (B) K_TCP eigenvalues = [4.965, 4.992, 49.73, 351.8, 2004, 2014] -> PSD ok (>=0) (min=4.965)

D_TCP = Ad^T D_pole Ad:
  (A) measured axis:
           tx        ty        tz    |    rx        ry        rz
  fx [   236.9        0        0 |        0    -42.4    48.28 ]
  fy [       0    178.2        0 |    31.88        0     92.2 ]
  fz [       0        0    108.2 |   -22.05      -56        0 ]
     ---------------------------+---------------------------
  mx [       0    31.88   -22.05 |     11.6    11.41    16.44 ]
  my [   -42.4        0      -56 |    11.41    38.64    -8.64 ]
  mz [   48.28     92.2        0 |    16.44    -8.64    58.34 ]
  (A) D_TCP eigenvalues = [0.5822, 1.288, 1.665, 139.5, 220.4, 268.4] -> PSD ok (>=0) (min=0.5822)
  (B) manual pole:
           tx        ty        tz    |    rx        ry        rz
  fx [   236.9        0        0 |        0    10.31    14.17 ]
  fy [       0    178.2        0 |   -7.752        0   -6.952 ]
  fz [       0        0    108.2 |   -6.471    4.223        0 ]
     ---------------------------+---------------------------
  mx [       0   -7.752   -6.471 |    2.129  -0.2525   0.2473 ]
  my [   10.31        0    4.223 |  -0.2525    2.683   0.6165 ]
  mz [   14.17   -6.952        0 |   0.2473   0.6165    1.897 ]
  (B) D_TCP eigenvalues = [0.7693, 1.402, 2.063, 108.8, 178.8, 238.2] -> PSD ok (>=0) (min=0.7693)
phase: grind

Stop requested with e + Enter. Finishing control loop...

Joint motion [deg]:
joint    start   final   delta
------------------------------
q1       -2.7    -6.2    -3.5
q2       18.1    31.7    13.6
q3       -5.1    -2.4     2.8
q4     -122.8  -124.4    -1.6
q5       17.5    -0.6   -18.2
q6      139.5   152.7    13.2
q7       26.8    39.3    12.5

=== Final result ===
p_d = [528.0, -91.7, -133.3] mm
p_EE = [535.8, -84.5, 25.4] mm
e_p = [-7.8, -7.2, -158.6] mm
position_error = 159.00 mm
e_R = [1.38, 1.46, -0.61] deg
rotation_error = 2.10 deg
csv: surface_grinding_controller_log.csv
