
Press Enter to recover and configure the robot.
Robot recovered or already ready.
keys: e stop | m menu | g hand-guide

=== Startup mode ===
  s = run the phase sequence from q_init
  h = hold the q_init pose
  t = hold with the set-up impedance
  g = hand-guide the start pose
  q = go to q_init and inspect
  o = open the hand now
  c = grasp the tool now
  r = recalibrate hand width, fingers empty
  f = fetch the tool from the holder
  b = put the tool back
  e = stop and quit
While a run is going: e+Enter stops, m+Enter comes back here.
Choice [s/h/t/g/q/o/c/r/f/b/e]: 
=== Phase sequence mode ===
Moving to q_init (horizontal_table_search)
  q1..q7 [deg] = [0.8, 12.1, -0.5, -130.9, -0.2, 142.9, 44.7] deg
  horizontal_table_search = [0.014777, 0.210911, -0.009320, -2.284835, -0.002725, 2.493410, 0.780694] rad
q_init reached.

=== Start pose ===
q_start = [0.8, 12.1, -0.5, -130.9, -0.2, 142.9, 44.7] deg
p_start = [531.3, 2.3, 156.8] mm

=== Run ===
phase: approach_orient
  Kp=[150, 150, 150] N/m  KR=[90, 90, 90] Nm/rad  [t1,t2,n]
  Dp=[126.5, 103.6, 128.3] Ns/m  DR=[13.45, 15.79, 2.01] Nms/rad  auto (factor 1.90)
orient:     t=  0.0 s | axis_err= 10.6 deg | spin_err=  0.5 deg
orient:     t=  0.2 s | axis_err=  9.9 deg | spin_err=  0.7 deg
orient:     t=  0.4 s | axis_err=  7.3 deg | spin_err=  0.5 deg
orient:     t=  0.6 s | axis_err=  3.9 deg | spin_err=  0.2 deg
orient:     t=  0.8 s | axis_err=  2.6 deg | spin_err=  0.3 deg
orient:     t=  1.0 s | axis_err=  2.5 deg | spin_err=  0.3 deg
orient:     t=  1.2 s | axis_err=  2.4 deg | spin_err=  0.3 deg
orient:     t=  1.4 s | axis_err=  2.4 deg | spin_err=  0.3 deg
orient:     t=  1.6 s | axis_err=  2.4 deg | spin_err=  0.3 deg
orient:     t=  1.8 s | axis_err=  2.4 deg | spin_err=  0.3 deg
orient:     t=  2.0 s | axis_err=  2.4 deg | spin_err=  0.3 deg
orient:     t=  2.2 s | axis_err=  2.4 deg | spin_err=  0.3 deg
orient:     t=  2.4 s | axis_err=  2.4 deg | spin_err=  0.3 deg
orient:     t=  2.6 s | axis_err=  2.4 deg | spin_err=  0.3 deg
orient:     t=  2.8 s | axis_err=  2.4 deg | spin_err=  0.3 deg
orient:     t=  3.0 s | axis_err=  2.4 deg | spin_err=  0.3 deg
orient:     t=  3.2 s | axis_err=  2.4 deg | spin_err=  0.3 deg
orient:     t=  3.4 s | axis_err=  2.4 deg | spin_err=  0.3 deg
orient:     t=  3.6 s | axis_err=  2.4 deg | spin_err=  0.3 deg
orient:     t=  3.8 s | axis_err=  2.4 deg | spin_err=  0.3 deg
orient:     t=  4.0 s | axis_err=  2.4 deg | spin_err=  0.3 deg
orient:     t=  4.2 s | axis_err=  2.4 deg | spin_err=  0.3 deg
orient:     t=  4.4 s | axis_err=  2.4 deg | spin_err=  0.3 deg
orient:     t=  4.6 s | axis_err=  2.4 deg | spin_err=  0.3 deg
orient:     t=  4.8 s | axis_err=  2.4 deg | spin_err=  0.3 deg

Orientation settled short of the 2.0 deg gate after 5.0 s: axis_err=2.4 deg | spin_err=0.3 deg
phase: approach_descend
  Kp=[150, 150, 150] N/m  KR=[90, 90, 90] Nm/rad  [t1,t2,n]
  Dp=[126.5, 103.6, 128.3] Ns/m  DR=[13.45, 15.79, 2.01] Nms/rad  auto (factor 1.90)
  descend to 20 mm clearance at 0.100 m/s
descend:    t=  0.0 s | distance=   0.1 mm | height=+134.9 mm (target 20.0) | force= -0.0 N
descend:    t=  0.2 s | distance=  20.1 mm | height=+124.2 mm (target 20.0) | force=  0.8 N
descend:    t=  0.4 s | distance=  40.1 mm | height=+108.6 mm (target 20.0) | force=  0.8 N
descend:    t=  0.6 s | distance=  60.1 mm | height= +92.0 mm (target 20.0) | force=  1.4 N
descend:    t=  0.8 s | distance=  80.1 mm | height= +74.9 mm (target 20.0) | force=  0.2 N
descend:    t=  1.0 s | distance= 100.1 mm | height= +57.6 mm (target 20.0) | force=  1.5 N
descend:    t=  1.2 s | distance= 120.1 mm | height= +39.8 mm (target 20.0) | force=  1.1 N
descend:    t=  1.4 s | distance= 140.1 mm | height= +21.5 mm (target 20.0) | force=  0.7 N

[GATE] Reached 20 mm above the plane. Press Enter to start the set-up press (e+Enter stops).
  gate hold: Kp=[5000, 5000, 5000] N/m [x,y,z]  KR=[90, 90, 90] Nm/rad [t1,t2,n]
             Dp=[206.4, 146.8, 248.0] Ns/m  DR=[12.47, 13.11, 2.04] Nms/rad  auto
[GATE] Continuing to the set-up press.

Clearance reached: distance=141.8 mm | height=19.9 mm | target=20.0 mm | force=0.1 N (not used for the switch)
offset_ee = [-20.0, -60.0, 20.0] mm
p_EE_at_contact = [536.8, -13.8, 45.2] mm
contact_point = [518.1, 43.6, -1.1] mm
edge_offset_base = [-18.7, 57.4, -46.4] mm
phase: set_up

--- set-up impedance ---
  f = Kp*e_p + Dp*de,   m = KR*e_R + DR*dw   (decoupled)
  Kp [t1,t2,n]  = [  2000.0,   2000.0,    800.0] N/m
  Dp [t1,t2,n]  = [   218.1,    178.3,    172.9] Ns/m   auto
  KR [t1,t2,n]  = [     5.0,      5.0,     50.0] Nm/rad
  DR [t1,t2,n]  = [     1.7,      1.8,      0.9] Nms/rad   auto
set_up:     t=  0.0 s | tip=  0.0 deg | F=  0.0 N | M=  0.0 Nm (limit 150.0) | edge= 19.8 mm
set_up:     t=  0.2 s | tip=  0.5 deg | F=  1.5 N | M=  1.8 Nm (limit 150.0) | edge= 10.7 mm
set_up:     t=  0.4 s | tip=  1.1 deg | F=  1.6 N | M=  1.9 Nm (limit 150.0) | edge=  4.1 mm
set_up:     t=  0.6 s | tip=  1.2 deg | F= 14.1 N | M=  8.3 Nm (limit 150.0) | edge=  2.1 mm
set_up:     t=  0.8 s | tip=  1.2 deg | F= 21.8 N | M= 12.2 Nm (limit 150.0) | edge=  2.0 mm
set_up:     t=  1.0 s | tip=  1.3 deg | F= 29.7 N | M= 16.5 Nm (limit 150.0) | edge=  2.1 mm
set_up:     t=  1.2 s | tip=  1.3 deg | F= 38.3 N | M= 21.1 Nm (limit 150.0) | edge=  2.1 mm
set_up:     t=  1.4 s | tip=  1.3 deg | F= 46.1 N | M= 25.3 Nm (limit 150.0) | edge=  2.1 mm
set_up:     t=  1.6 s | tip=  1.3 deg | F= 53.4 N | M= 29.2 Nm (limit 150.0) | edge=  2.2 mm
set_up:     t=  1.8 s | tip=  1.3 deg | F= 47.8 N | M= 26.4 Nm (limit 150.0) | edge=  2.1 mm
set_up:     t=  2.0 s | tip=  1.4 deg | F= 47.3 N | M= 26.2 Nm (limit 150.0) | edge=  2.1 mm
set_up:     t=  2.2 s | tip=  1.4 deg | F= 47.0 N | M= 26.0 Nm (limit 150.0) | edge=  2.2 mm
set_up:     t=  2.4 s | tip=  1.4 deg | F= 46.9 N | M= 26.0 Nm (limit 150.0) | edge=  2.2 mm
set_up:     t=  2.6 s | tip=  1.4 deg | F= 47.0 N | M= 26.0 Nm (limit 150.0) | edge=  2.2 mm
set_up:     t=  2.8 s | tip=  1.4 deg | F= 47.0 N | M= 26.0 Nm (limit 150.0) | edge=  2.2 mm
set_up:     t=  3.0 s | tip=  1.4 deg | F= 47.0 N | M= 26.0 Nm (limit 150.0) | edge=  2.2 mm
set_up:     t=  3.2 s | tip=  1.4 deg | F= 47.0 N | M= 26.0 Nm (limit 150.0) | edge=  2.2 mm
set_up:     t=  3.4 s | tip=  1.4 deg | F= 46.9 N | M= 26.0 Nm (limit 150.0) | edge=  2.2 mm
set_up:     t=  3.6 s | tip=  1.4 deg | F= 47.0 N | M= 26.0 Nm (limit 150.0) | edge=  2.2 mm
set_up:     t=  3.8 s | tip=  1.4 deg | F= 47.0 N | M= 26.0 Nm (limit 150.0) | edge=  2.2 mm
set_up:     t=  4.0 s | tip=  1.4 deg | F= 47.1 N | M= 26.1 Nm (limit 150.0) | edge=  2.2 mm
set_up:     t=  4.2 s | tip=  1.4 deg | F= 47.0 N | M= 26.0 Nm (limit 150.0) | edge=  2.2 mm
set_up:     t=  4.4 s | tip=  1.4 deg | F= 47.0 N | M= 26.0 Nm (limit 150.0) | edge=  2.2 mm
set_up:     t=  4.6 s | tip=  1.4 deg | F= 47.0 N | M= 26.0 Nm (limit 150.0) | edge=  2.2 mm
set_up:     t=  4.8 s | tip=  1.4 deg | F= 47.0 N | M= 26.0 Nm (limit 150.0) | edge=  2.2 mm

=== Set-up result ===
stop: time | t=5.0 s | tip=1.4 deg | F=47.0 N | M=26.0 Nm
edge_from_contact = [-2.2, -0.0, -0.2] mm | norm=2.2 mm
tcp_from_contact  = [+16.6, -58.2, +25.6] mm | norm=65.7 mm
alignment: before=6.77 deg | after=5.47 deg | gain=+1.31 deg
alignment components [t1,t2,n] deg: before=[-5.26,-4.27,+0.00] | after=[-4.46,-3.16,+0.00]

=== Set-up surface-frame breakdown ===
frame: alignment-target [tangent1, tangent2, normal]
force        [N]      = [    -3.60,     +0.66,    -46.83]
tcp_disp     [mm]     = [    +1.69,     -0.59,    -20.77]
edge_disp    [mm]     = [    +1.95,     -0.91,     -0.21]
Kp_eff=F/tcp [N/m]    = [  -2126.1,   -1118.8,    2254.6]
moment@edge  [Nm]     = [   -14.59,    -22.88,     +0.59]
tip_angle    [deg]    = [    +0.81,     +1.09,     +0.20]
KR_eff=M/ang [Nm/rad] = [  -1028.9,   -1203.2,     169.3]

[GATE] Set up finished (holding the pressed pose). Press Enter to start the grind (e+Enter stops).

Stop requested with e + Enter. Finishing control loop...

Joint motion [deg]:
joint    start   final   delta
------------------------------
q1        0.8     0.6    -0.2
q2       12.1    30.2    18.1
q3       -0.5    -2.4    -1.9
q4     -130.9  -130.8     0.1
q5       -0.2   -11.4   -11.2
q6      142.9   164.9    22.0
q7       44.7    54.0     9.3

=== Final result ===
p_d = [535.5, -16.0, -34.6] mm
p_EE = [534.7, -14.5, 24.5] mm
e_p = [0.8, -1.5, -59.1] mm
position_error = 59.12 mm
e_R = [-0.27, -1.32, 0.24] deg
rotation_error = 1.37 deg
csv: logs/surface_grinding_controller_log.csv
