
====================================================================
  SURFACE GRINDING CONTROLLER
====================================================================
  robot              172.16.0.2
--------------------------------------------------------------------

Press Enter to recover and configure the robot.
  Robot recovered or already ready.

====================================================================
  STARTUP MODE
====================================================================
  run     s   run the phase sequence from q_init
          h   hold the q_init pose
          t   hold with the set-up impedance, to test those gains
          g   hand-guide the start pose, then choose
--------------------------------------------------------------------
  set up  q   go to q_init and inspect
          o   open the hand now
          c   grasp the tool now
          r   recalibrate the hand width, fingers empty
          f   fetch the tool from the holder
          b   put the tool back
--------------------------------------------------------------------
  quit    e   stop and quit
--------------------------------------------------------------------
  in a run    e stop | m menu | g hand-guide | s sequence | t hold
--------------------------------------------------------------------
Choice [s/h/t/g/q/o/c/r/f/b/e]: 
-- selected: phase sequence ----------------------------------------

-- moving to q_init ------------------------------------------------
  case               horizontal_table_search
  q1..q7 [deg]     = [0.8, 12.1, -0.5, -130.9, -0.2, 142.9, 44.7] deg
  horizontal_table_search = [0.014777, 0.210911, -0.009320, -2.284835, -0.002725, 2.493410, 0.780694] rad
  q_init reached.

-- start pose ------------------------------------------------------
  q_start          = [0.8, 12.1, -0.5, -130.9, -0.2, 142.9, 44.7] deg
  p_start          = [    531.2,       2.4,     156.7] mm

====================================================================
  RUN
====================================================================

-- phase: approach_orient ------------------------------------------
  Kp [t1,t2,n]     = [    150.0,     150.0,     150.0] N/m
  Dp [t1,t2,n]     = [    126.5,     103.6,     128.3] Ns/m     auto (factor 1.90)
  KR [t1,t2,n]     = [     90.0,      90.0,      90.0] Nm/rad
  DR [t1,t2,n]     = [     13.5,      15.8,       2.0] Nms/rad  auto (factor 1.90)
orient:     t=  0.0 s | axis_err= 10.6 deg | spin_err=  0.5 deg
orient:     t=  0.2 s | axis_err=  9.8 deg | spin_err=  0.7 deg
orient:     t=  0.4 s | axis_err=  7.3 deg | spin_err=  0.5 deg
orient:     t=  0.6 s | axis_err=  3.9 deg | spin_err=  0.2 deg
orient:     t=  0.8 s | axis_err=  2.6 deg | spin_err=  0.3 deg
orient:     t=  1.0 s | axis_err=  2.5 deg | spin_err=  0.3 deg
orient:     t=  1.2 s | axis_err=  2.5 deg | spin_err=  0.3 deg
orient:     t=  1.4 s | axis_err=  2.4 deg | spin_err=  0.3 deg
orient:     t=  1.6 s | axis_err=  2.4 deg | spin_err=  0.3 deg
orient:     t=  1.8 s | axis_err=  2.4 deg | spin_err=  0.3 deg
orient:     t=  2.0 s | axis_err=  2.4 deg | spin_err=  0.3 deg
orient:     t=  2.2 s | axis_err=  2.4 deg | spin_err=  0.3 deg
orient:     t=  2.4 s | axis_err=  2.4 deg | spin_err=  0.3 deg
orient:     t=  2.6 s | axis_err=  2.4 deg | spin_err=  0.3 deg
orient:     t=  2.8 s | axis_err=  2.4 deg | spin_err=  0.3 deg
orient:     t=  3.0 s | axis_err=  2.4 deg | spin_err=  0.3 deg
orient:     t=  3.2 s | axis_err=  2.4 deg | spin_err=  0.3 deg
orient:     t=  3.4 s | axis_err=  2.4 deg | spin_err=  0.3 deg
orient:     t=  3.6 s | axis_err=  2.4 deg | spin_err=  0.3 deg
orient:     t=  3.8 s | axis_err=  2.4 deg | spin_err=  0.3 deg
orient:     t=  4.0 s | axis_err=  2.4 deg | spin_err=  0.3 deg
orient:     t=  4.2 s | axis_err=  2.4 deg | spin_err=  0.3 deg
orient:     t=  4.4 s | axis_err=  2.4 deg | spin_err=  0.3 deg
orient:     t=  4.6 s | axis_err=  2.4 deg | spin_err=  0.3 deg
orient:     t=  4.8 s | axis_err=  2.4 deg | spin_err=  0.3 deg

Orientation settled short of the 2.0 deg gate after 5.0 s: axis_err=2.4 deg | spin_err=0.3 deg

-- phase: approach_descend -----------------------------------------
  Kp [t1,t2,n]     = [    150.0,     150.0,     150.0] N/m
  Dp [t1,t2,n]     = [    126.5,     103.6,     128.3] Ns/m     auto (factor 1.90)
  KR [t1,t2,n]     = [     90.0,      90.0,      90.0] Nm/rad
  DR [t1,t2,n]     = [     13.5,      15.8,       2.0] Nms/rad  auto (factor 1.90)
  descend to         20 mm clearance at 0.100 m/s
descend:    t=  0.0 s | distance=   0.1 mm | height=+135.3 mm (target 20.0) | force=  0.0 N
descend:    t=  0.2 s | distance=  20.1 mm | height=+124.5 mm (target 20.0) | force=  0.4 N
descend:    t=  0.4 s | distance=  40.1 mm | height=+108.9 mm (target 20.0) | force=  0.1 N
descend:    t=  0.6 s | distance=  60.1 mm | height= +92.2 mm (target 20.0) | force=  0.8 N
descend:    t=  0.8 s | distance=  80.1 mm | height= +74.9 mm (target 20.0) | force= -0.3 N
descend:    t=  1.0 s | distance= 100.1 mm | height= +57.2 mm (target 20.0) | force=  1.5 N
descend:    t=  1.2 s | distance= 120.1 mm | height= +38.8 mm (target 20.0) | force=  1.1 N
descend:    t=  1.4 s | distance= 140.1 mm | height= +20.3 mm (target 20.0) | force=  0.3 N

[GATE] Reached 20 mm above the plane. Press Enter to start the set-up press (e+Enter stops).

-- gate hold -------------------------------------------------------
  Kp [x,y,z]       = [   5000.0,    5000.0,    5000.0] N/m
  Dp [x,y,z]       = [    206.4,     146.7,     248.0] Ns/m     auto
  KR [t1,t2,n]     = [     90.0,      90.0,      90.0] Nm/rad
  DR [t1,t2,n]     = [     12.5,      13.1,       2.1] Nms/rad  auto
[GATE] Continuing to the set-up press.

Clearance reached: distance=140.4 mm | height=19.9 mm | target=20.0 mm | force=-0.2 N (not used for the switch)
  offset_ee        = [    -20.0,     -60.0,      20.0] mm
  p_EE_at_contact  = [    537.1,     -13.2,      45.3] mm
  contact_point    = [    518.4,      44.2,      -1.1] mm
  edge_offset      = [    -18.7,      57.4,     -46.4] mm

-- phase: set_up ---------------------------------------------------

-- set-up impedance ------------------------------------------------
  law                wrench = K_TCP*dx + D_TCP*dv
                     K_TCP  = Ad(r_c)^T * blkdiag(Kp,KR) * Ad(r_c)
  Kp [t1,t2,n]     = [   2000.0,    2000.0,     800.0] N/m
  Dp [t1,t2,n]     = [    218.1,     178.1,     172.9] Ns/m     auto
  KR [t1,t2,n]     = [      5.0,       5.0,      50.0] Nm/rad
  DR [t1,t2,n]     = [      1.7,       1.8,       0.9] Nms/rad  auto
  p_c [EE]         = [     38.8,     -45.7,       2.0] mm       the pole on the tool, from p_EE
  r_c [t1,t2,n]    = [     54.4,      25.4,      -0.0] mm       commanded: p_TCP - p_c, in the plane
set_up:     t=  0.0 s | tip=  0.0 deg | F=  0.2 N | M=  0.1 Nm (limit 150.0) | edge= 19.8 mm
set_up:     t=  0.2 s | tip=  0.4 deg | F=  1.2 N | M=  1.8 Nm (limit 150.0) | edge= 10.7 mm
set_up:     t=  0.4 s | tip=  1.0 deg | F=  1.4 N | M=  1.8 Nm (limit 150.0) | edge=  4.4 mm
set_up:     t=  0.6 s | tip=  1.1 deg | F= 13.8 N | M=  8.4 Nm (limit 150.0) | edge=  2.1 mm
set_up:     t=  0.8 s | tip=  1.2 deg | F= 21.4 N | M= 12.7 Nm (limit 150.0) | edge=  2.2 mm
set_up:     t=  1.0 s | tip=  1.2 deg | F= 29.3 N | M= 17.1 Nm (limit 150.0) | edge=  2.2 mm
set_up:     t=  1.2 s | tip=  1.2 deg | F= 37.3 N | M= 21.5 Nm (limit 150.0) | edge=  2.3 mm
set_up:     t=  1.4 s | tip=  1.3 deg | F= 45.0 N | M= 25.9 Nm (limit 150.0) | edge=  2.5 mm
set_up:     t=  1.6 s | tip=  1.4 deg | F= 52.8 N | M= 30.1 Nm (limit 150.0) | edge=  2.6 mm
set_up:     t=  1.8 s | tip=  1.4 deg | F= 47.3 N | M= 27.2 Nm (limit 150.0) | edge=  2.6 mm
set_up:     t=  2.0 s | tip=  1.4 deg | F= 47.0 N | M= 27.1 Nm (limit 150.0) | edge=  2.6 mm
set_up:     t=  2.2 s | tip=  1.4 deg | F= 46.7 N | M= 26.9 Nm (limit 150.0) | edge=  2.6 mm
set_up:     t=  2.4 s | tip=  1.5 deg | F= 46.9 N | M= 27.0 Nm (limit 150.0) | edge=  2.6 mm
set_up:     t=  2.6 s | tip=  1.5 deg | F= 46.9 N | M= 27.0 Nm (limit 150.0) | edge=  2.6 mm
set_up:     t=  2.8 s | tip=  1.5 deg | F= 46.9 N | M= 27.0 Nm (limit 150.0) | edge=  2.6 mm
set_up:     t=  3.0 s | tip=  1.5 deg | F= 46.8 N | M= 26.9 Nm (limit 150.0) | edge=  2.6 mm
set_up:     t=  3.2 s | tip=  1.5 deg | F= 46.8 N | M= 26.9 Nm (limit 150.0) | edge=  2.6 mm
set_up:     t=  3.4 s | tip=  1.5 deg | F= 46.7 N | M= 26.9 Nm (limit 150.0) | edge=  2.6 mm
set_up:     t=  3.6 s | tip=  1.5 deg | F= 46.8 N | M= 26.9 Nm (limit 150.0) | edge=  2.6 mm
set_up:     t=  3.8 s | tip=  1.5 deg | F= 46.8 N | M= 26.9 Nm (limit 150.0) | edge=  2.6 mm
set_up:     t=  4.0 s | tip=  1.5 deg | F= 46.8 N | M= 26.9 Nm (limit 150.0) | edge=  2.6 mm
set_up:     t=  4.2 s | tip=  1.5 deg | F= 46.9 N | M= 27.0 Nm (limit 150.0) | edge=  2.6 mm
set_up:     t=  4.4 s | tip=  1.5 deg | F= 46.8 N | M= 27.0 Nm (limit 150.0) | edge=  2.6 mm
set_up:     t=  4.6 s | tip=  1.5 deg | F= 46.7 N | M= 26.9 Nm (limit 150.0) | edge=  2.6 mm
set_up:     t=  4.8 s | tip=  1.5 deg | F= 46.7 N | M= 27.0 Nm (limit 150.0) | edge=  2.6 mm

====================================================================
  SET-UP RESULT
====================================================================
  stop: time | t=5.0 s | tip=1.5 deg | F=46.9 N | M=27.0 Nm
  edge_from_contact = [-2.6, -0.1, -0.3] mm | norm=2.6 mm
  tcp_from_contact  = [+16.4, -58.0, +25.8] mm | norm=65.6 mm
  alignment: before=6.87 deg | after=5.59 deg | gain=+1.28 deg
  alignment components [t1,t2,n] deg: before=[-5.32,-4.33,-0.00] | after=[-4.72,-2.98,+0.00]

-- set-up surface-frame breakdown ----------------------------------
  frame              alignment-target [tangent1, tangent2, normal]
  force        [N]      = [    -2.62,     +1.73,    -46.78]
  tcp_disp     [mm]     = [    +1.79,     -0.79,    -20.69]
  edge_disp    [mm]     = [    +2.33,     -1.04,     -0.37]
  Kp_eff=F/tcp [N/m]    = [  -1465.0,   -2193.5,    2261.0]
  moment@edge  [Nm]     = [   -14.31,    -24.20,     -0.17]
  tip_angle    [deg]    = [    +0.60,     +1.35,     +0.04]
  KR_eff=M/ang [Nm/rad] = [  -1364.5,   -1026.7,    -214.4]

-- centre of compliance --------------------------------------------
  definition         r_c = p_TCP - p_c
  p_TCP [x,y,z]    = [    537.1,     -13.2,      45.3] mm
  p_c [EE]         = [     38.8,     -45.7,       2.0] mm
  r_c [t1,t2,n]    = [     54.4,      25.4,      -0.0] mm
                     p_c resolved at first contact

-- what the TCP feels ----------------------------------------------
  K_TCP translation = [   1999.6,    1999.1,     801.3] N/m
  K_TCP rotation   = [      6.7,       6.2,      57.1] Nm/rad
  commanded KR was = [      5.0,       5.0,      50.0] Nm/rad   the rest is the lever
  D_TCP translation = [    210.9,     185.3,     173.0] Ns/m
  D_TCP rotation   = [      2.1,       2.0,       1.5] Nms/rad
  coupling           max |moment per unit translation| = 92.0 Nm/m (K), 9.1 Nms/m (D)
  eigenvalues        K_TCP 4.98 .. 2007 | D_TCP 0.87 .. 218  (both positive: valid springs)

  K_TCP [N/m, Nm/rad | rows fx..mz, cols tx..rz]:
           tx        ty        tz    |    rx        ry        rz
  fx [    2000  -0.5725   -20.68 |  -0.9524   -3.077      -92 ]
  fy [ -0.5725     1999   -33.18 |    2.346    1.278    76.95 ]
  fz [  -20.68   -33.18    801.3 |    36.79   -30.79  -0.3253 ]
     ---------------------------+---------------------------
  mx [ -0.9524    2.346    36.79 |     6.71   -1.392   0.9097 ]
  my [  -3.077    1.278   -30.79 |   -1.392    6.225    1.435 ]
  mz [     -92    76.95  -0.3253 |   0.9097    1.435    57.14 ]

  D_TCP [Ns/m, Nms/rad]:
           tx        ty        tz    |    rx        ry        rz
  fx [   210.9     15.3   -1.079 | -0.01998   -0.367   -9.113 ]
  fy [    15.3    185.3  -0.6056 |    0.331 -0.006324    6.426 ]
  fz [  -1.079  -0.6056      173 |    7.955   -6.654  0.02631 ]
     ---------------------------+---------------------------
  mx [-0.01998    0.331    7.955 |    2.066  -0.3389 0.0003583 ]
  my [  -0.367 -0.006324   -6.654 |  -0.3389     2.01 -0.00708 ]
  mz [  -9.113    6.426  0.02631 | 0.0003583 -0.00708    1.543 ]

[GATE] Set up finished (holding the pressed pose). Press Enter to start the grind (e+Enter stops).

Stop requested with e + Enter. Finishing control loop...

-- joint motion [deg] ----------------------------------------------
  joint       start    final    delta
  q1            0.8      1.3     +0.5
  q2           12.1     30.2    +18.1
  q3           -0.5     -3.0     -2.4
  q4         -130.9   -130.8     +0.2
  q5           -0.2    -11.5    -11.3
  q6          142.9    164.8    +21.9
  q7           44.7     54.2     +9.5

====================================================================
  FINAL RESULT
====================================================================
  p_d              = [    535.7,     -15.4,     -34.5] mm
  p_EE             = [    534.8,     -13.8,      24.7] mm
  e_p              = [      0.9,      -1.6,     -59.2] mm
  e_R              = [     0.03,     -1.48,      0.08] deg
--------------------------------------------------------------------
  position error     59.23 mm
  rotation error     1.48 deg
  csv                logs/surface_grinding_controller_log.csv
--------------------------------------------------------------------
