
Press Enter to recover and configure the robot.
Robot recovered or already ready.
keys: e stop | m menu | g hand-guide

=== Startup mode ===
  s = run the phase sequence from q_init
  h = hold the q_init pose
  t = hold with the set-up impedance
  g = hand-guide the start pose
  q = go to q_init and inspect
  o = open the hand now
  c = grasp the tool now
  r = recalibrate hand width, fingers empty
  f = fetch the tool from the holder
  b = put the tool back
  e = stop and quit
While a run is going: e+Enter stops, m+Enter comes back here.
Choice [s/h/t/g/q/o/c/r/f/b/e]: 
=== Phase sequence mode ===
Moving to q_init (horizontal_table_search)
  q1..q7 [deg] = [0.8, 12.1, -0.5, -130.9, -0.2, 142.9, 44.7] deg
  horizontal_table_search = [0.014777, 0.210911, -0.009320, -2.284835, -0.002725, 2.493410, 0.780694] rad
q_init reached.

=== Start pose ===
q_start = [0.8, 12.1, -0.5, -130.9, -0.1, 142.9, 44.7] deg
p_start = [531.0, 2.6, 156.6] mm

=== Run ===
phase: approach_orient
  Kp=[150, 150, 150] N/m  KR=[90, 90, 90] Nm/rad  [t1,t2,n]
  Dp=[126.5, 103.6, 128.3] Ns/m  DR=[13.46, 15.79, 2.02] Nms/rad  auto (factor 1.90)
orient:     t=  0.0 s | axis_err=  9.0 deg | spin_err= 24.2 deg
orient:     t=  0.2 s | axis_err=  8.8 deg | spin_err= 21.1 deg
orient:     t=  0.4 s | axis_err=  8.1 deg | spin_err= 17.4 deg
orient:     t=  0.6 s | axis_err=  7.1 deg | spin_err= 13.7 deg
orient:     t=  0.8 s | axis_err=  5.9 deg | spin_err= 10.1 deg
orient:     t=  1.0 s | axis_err=  4.8 deg | spin_err=  6.4 deg
orient:     t=  1.2 s | axis_err=  3.8 deg | spin_err=  2.8 deg
orient:     t=  1.4 s | axis_err=  2.9 deg | spin_err=  0.4 deg
orient:     t=  1.6 s | axis_err=  2.6 deg | spin_err=  0.4 deg
orient:     t=  1.8 s | axis_err=  2.5 deg | spin_err=  0.4 deg
orient:     t=  2.0 s | axis_err=  2.4 deg | spin_err=  0.4 deg
orient:     t=  2.2 s | axis_err=  2.4 deg | spin_err=  0.4 deg
orient:     t=  2.4 s | axis_err=  2.4 deg | spin_err=  0.4 deg
orient:     t=  2.6 s | axis_err=  2.4 deg | spin_err=  0.4 deg
orient:     t=  2.8 s | axis_err=  2.4 deg | spin_err=  0.4 deg
orient:     t=  3.0 s | axis_err=  2.4 deg | spin_err=  0.3 deg
orient:     t=  3.2 s | axis_err=  2.4 deg | spin_err=  0.3 deg
orient:     t=  3.4 s | axis_err=  2.4 deg | spin_err=  0.3 deg
orient:     t=  3.6 s | axis_err=  2.3 deg | spin_err=  0.3 deg
orient:     t=  3.8 s | axis_err=  2.3 deg | spin_err=  0.3 deg
orient:     t=  4.0 s | axis_err=  2.3 deg | spin_err=  0.3 deg
orient:     t=  4.2 s | axis_err=  2.3 deg | spin_err=  0.3 deg
orient:     t=  4.4 s | axis_err=  2.3 deg | spin_err=  0.3 deg
orient:     t=  4.6 s | axis_err=  2.3 deg | spin_err=  0.3 deg
orient:     t=  4.8 s | axis_err=  2.3 deg | spin_err=  0.3 deg

Orientation settled short of the 2.0 deg gate after 5.0 s: axis_err=2.3 deg | spin_err=0.3 deg
phase: approach_descend
  Kp=[150, 150, 150] N/m  KR=[90, 90, 90] Nm/rad  [t1,t2,n]
  Dp=[126.5, 103.6, 128.3] Ns/m  DR=[13.46, 15.79, 2.02] Nms/rad  auto (factor 1.90)
  descend to 20 mm clearance at 0.100 m/s
descend:    t=  0.0 s | distance=   0.1 mm | height=+136.8 mm (target 20.0) | force= -0.0 N
descend:    t=  0.2 s | distance=  20.1 mm | height=+125.1 mm (target 20.0) | force=  0.2 N
descend:    t=  0.4 s | distance=  40.1 mm | height=+107.3 mm (target 20.0) | force=  0.6 N
descend:    t=  0.6 s | distance=  60.1 mm | height= +89.1 mm (target 20.0) | force=  1.6 N
descend:    t=  0.8 s | distance=  80.1 mm | height= +70.2 mm (target 20.0) | force=  0.4 N
descend:    t=  1.0 s | distance= 100.1 mm | height= +50.9 mm (target 20.0) | force= -0.2 N
descend:    t=  1.2 s | distance= 120.1 mm | height= +31.8 mm (target 20.0) | force=  0.4 N

[GATE] Reached 20 mm above the plane. Press Enter to start the set-up press (e+Enter stops).
  gate hold: Kp=[5000, 5000, 5000] N/m [x,y,z]  KR=[90, 90, 90] Nm/rad [t1,t2,n]
             Dp=[205.1, 145.6, 252.3] Ns/m  DR=[13.71, 12.04, 2.52] Nms/rad  auto
[GATE] Continuing to the set-up press.
descend:    t= 49.2 s | distance= 132.3 mm | height= +19.2 mm (target 20.0) | force= -1.0 N

Clearance reached: distance=132.3 mm | height=19.2 mm | target=20.0 mm | force=-1.0 N (not used for the switch)
offset_ee = [-20.0, -60.0, 20.0] mm
p_EE_at_contact = [536.4, 11.3, 43.4] mm
contact_point = [495.8, 57.0, -1.1] mm
edge_offset_base = [-40.6, 45.7, -44.5] mm
phase: set_up

--- set-up impedance ---
  f = Kp*e_p + Dp*de,   m = KR*e_R + DR*dw   (decoupled)
  Kp [t1,t2,n]  = [  2000.0,   2000.0,    800.0] N/m
  Dp [t1,t2,n]  = [   211.9,    179.3,    174.9] Ns/m   auto
  KR [t1,t2,n]  = [     5.0,     50.0,     50.0] Nm/rad
  DR [t1,t2,n]  = [     1.9,      5.3,      1.2] Nms/rad   auto
set_up:     t=  0.0 s | tip=  0.0 deg | F=  0.0 N | M=  0.0 Nm (limit 150.0) | edge= 19.2 mm
set_up:     t=  0.2 s | tip=  0.6 deg | F=  1.6 N | M=  1.0 Nm (limit 150.0) | edge= 12.9 mm
set_up:     t=  0.4 s | tip=  1.2 deg | F=  2.4 N | M=  1.2 Nm (limit 150.0) | edge=  4.8 mm
set_up:     t=  0.6 s | tip=  1.2 deg | F= 16.3 N | M=  8.2 Nm (limit 150.0) | edge=  1.4 mm
set_up:     t=  0.8 s | tip=  1.2 deg | F= 22.6 N | M= 11.3 Nm (limit 150.0) | edge=  1.5 mm
set_up:     t=  1.0 s | tip=  1.3 deg | F= 30.9 N | M= 15.6 Nm (limit 150.0) | edge=  1.6 mm
set_up:     t=  1.2 s | tip=  1.3 deg | F= 38.7 N | M= 19.7 Nm (limit 150.0) | edge=  1.6 mm
set_up:     t=  1.4 s | tip=  1.3 deg | F= 46.6 N | M= 23.9 Nm (limit 150.0) | edge=  1.8 mm
set_up:     t=  1.6 s | tip=  1.3 deg | F= 55.1 N | M= 28.4 Nm (limit 150.0) | edge=  1.8 mm
set_up:     t=  1.8 s | tip=  1.4 deg | F= 48.2 N | M= 24.8 Nm (limit 150.0) | edge=  1.8 mm
set_up:     t=  2.0 s | tip=  1.4 deg | F= 48.0 N | M= 24.8 Nm (limit 150.0) | edge=  1.8 mm
set_up:     t=  2.2 s | tip=  1.4 deg | F= 47.9 N | M= 24.7 Nm (limit 150.0) | edge=  1.8 mm
set_up:     t=  2.4 s | tip=  1.4 deg | F= 47.8 N | M= 24.7 Nm (limit 150.0) | edge=  1.8 mm
set_up:     t=  2.6 s | tip=  1.4 deg | F= 47.8 N | M= 24.7 Nm (limit 150.0) | edge=  1.8 mm
set_up:     t=  2.8 s | tip=  1.4 deg | F= 47.8 N | M= 24.7 Nm (limit 150.0) | edge=  1.8 mm
set_up:     t=  3.0 s | tip=  1.4 deg | F= 47.8 N | M= 24.7 Nm (limit 150.0) | edge=  1.8 mm
set_up:     t=  3.2 s | tip=  1.4 deg | F= 47.7 N | M= 24.7 Nm (limit 150.0) | edge=  1.8 mm
set_up:     t=  3.4 s | tip=  1.4 deg | F= 47.7 N | M= 24.6 Nm (limit 150.0) | edge=  1.8 mm
set_up:     t=  3.6 s | tip=  1.4 deg | F= 47.7 N | M= 24.6 Nm (limit 150.0) | edge=  1.8 mm
set_up:     t=  3.8 s | tip=  1.4 deg | F= 47.7 N | M= 24.7 Nm (limit 150.0) | edge=  1.8 mm
set_up:     t=  4.0 s | tip=  1.4 deg | F= 47.7 N | M= 24.7 Nm (limit 150.0) | edge=  1.8 mm
set_up:     t=  4.2 s | tip=  1.4 deg | F= 47.7 N | M= 24.7 Nm (limit 150.0) | edge=  1.8 mm
set_up:     t=  4.4 s | tip=  1.4 deg | F= 47.7 N | M= 24.7 Nm (limit 150.0) | edge=  1.8 mm
set_up:     t=  4.6 s | tip=  1.4 deg | F= 47.7 N | M= 24.7 Nm (limit 150.0) | edge=  1.8 mm
set_up:     t=  4.8 s | tip=  1.4 deg | F= 47.7 N | M= 24.7 Nm (limit 150.0) | edge=  1.8 mm

=== Set-up result ===
stop: time | t=5.0 s | tip=1.4 deg | F=47.8 N | M=24.7 Nm
edge_from_contact = [-1.4, +0.4, -1.1] mm | norm=1.8 mm
tcp_from_contact  = [+39.3, -46.0, +23.2] mm | norm=64.8 mm
alignment: before=8.92 deg | after=7.61 deg | gain=+1.31 deg
alignment components [t1,t2,n] deg: before=[-1.80,-8.74,+0.00] | after=[-1.23,-7.51,+0.00]

=== Set-up surface-frame breakdown ===
frame: alignment-target [tangent1, tangent2, normal]
force        [N]      = [    -2.37,     -0.59,    -47.71]
tcp_disp     [mm]     = [    +0.67,     -0.66,    -21.32]
edge_disp    [mm]     = [    +1.06,     -0.95,     -1.14]
Kp_eff=F/tcp [N/m]    = [  -3522.9,     883.7,    2237.7]
moment@edge  [Nm]     = [   -10.01,    -24.46,     +0.71]
tip_angle    [deg]    = [    +0.59,     +1.22,     +0.13]
KR_eff=M/ang [Nm/rad] = [   -973.8,   -1145.5,     318.8]

[GATE] Set up finished (holding the pressed pose). Press Enter to start the grind (e+Enter stops).

Stop requested with e + Enter. Finishing control loop...
Log buffer wrapped: kept latest 120000 rows, sampled every 1 control cycles.

Joint motion [deg]:
joint    start   final   delta
------------------------------
q1        0.8     0.4    -0.4
q2       12.1    30.5    18.4
q3       -0.5     0.7     1.2
q4     -130.9  -132.4    -1.4
q5       -0.1     1.0     1.1
q6      142.9   169.5    26.6
q7       44.7    20.3   -24.4

=== Final result ===
p_d = [535.0, 9.1, -35.7] mm
p_EE = [535.1, 11.0, 22.1] mm
e_p = [-0.1, -1.9, -57.8] mm
position_error = 57.84 mm
e_R = [-0.03, -1.36, 0.18] deg
rotation_error = 1.37 deg
csv: logs/surface_grinding_controller_log.csv
