
Press Enter to recover and configure the robot.
Robot recovered or already ready.
Collision: custom thresholds.

=== Startup choice ===
  q = go to q_init (from params/common.txt), then choose again
  g = guiding mode: go to q_init, then hand-guide to your pose;
      use s+Enter for sequence or h+Enter for hold
  o = open the Franka hand now (release/load tool), then choose again
  c = close/grasp the tool now, then choose again
  r = continue to run mode (available after q_init is reached)
Choice [q/g/o/c/r, Enter = q]: Moving to q_init...
q_init reached.

=== Startup choice ===
  q = go to q_init (from params/common.txt), then choose again
  g = guiding mode: go to q_init, then hand-guide to your pose;
      use s+Enter for sequence or h+Enter for hold
  o = open the Franka hand now (release/load tool), then choose again
  c = close/grasp the tool now, then choose again
  r = continue to run mode
Choice [q/g/o/c/r, Enter = q]: Opening gripper to 80.0 mm...
Gripper opened.

=== Startup choice ===
  q = go to q_init (from params/common.txt), then choose again
  g = guiding mode: go to q_init, then hand-guide to your pose;
      use s+Enter for sequence or h+Enter for hold
  o = open the Franka hand now (release/load tool), then choose again
  c = close/grasp the tool now, then choose again
  r = continue to run mode
Choice [q/g/o/c/r, Enter = q]: Grasping tool: width 70.0 mm, force 60.0 N...
Gripper grasp returned false (tool not held within tolerance).

=== Startup choice ===
  q = go to q_init (from params/common.txt), then choose again
  g = guiding mode: go to q_init, then hand-guide to your pose;
      use s+Enter for sequence or h+Enter for hold
  o = open the Franka hand now (release/load tool), then choose again
  c = close/grasp the tool now, then choose again
  r = continue to run mode
Choice [q/g/o/c/r, Enter = q]: Grasping tool: width 70.0 mm, force 60.0 N...
Gripper grasp returned false (tool not held within tolerance).

=== Startup choice ===
  q = go to q_init (from params/common.txt), then choose again
  g = guiding mode: go to q_init, then hand-guide to your pose;
      use s+Enter for sequence or h+Enter for hold
  o = open the Franka hand now (release/load tool), then choose again
  c = close/grasp the tool now, then choose again
  r = continue to run mode
Choice [q/g/o/c/r, Enter = q]: Grasping tool: width 70.0 mm, force 60.0 N...
Gripper closed on the tool.

=== Startup choice ===
  q = go to q_init (from params/common.txt), then choose again
  g = guiding mode: go to q_init, then hand-guide to your pose;
      use s+Enter for sequence or h+Enter for hold
  o = open the Franka hand now (release/load tool), then choose again
  c = close/grasp the tool now, then choose again
  r = continue to run mode
Choice [q/g/o/c/r, Enter = q]: 
=== Run mode ===
  s = phase sequence (approach / set up / grind)
  h = hold at the start pose
Choice [s/h, Enter = s]: Selected: phase sequence. Nullspace mode from parameters: nullspace_damping_plus_sigma.

=== Setup ===
run: phase sequence | approach_orient: on | nullspace: nullspace_damping_plus_sigma
nullspace parameters: d_null=2.000 | k_sigma=1.000 Nm | alpha=0.0800 rad
hold: Kp=300.0 N/m | KR=40.0 Nm/rad | damping=auto translation+rotation (factor fitted online toward Dp=50.0 Ns/m)
manual_guidance_start: off | manual_damping=0.50
descend: clearance=20.0 mm | speed=0.100 m/s | max_distance=640 mm
alignment push: start=captured | end=+180 mm | speed=0.050 m/s | ramp_time~=4.0 s | timeout=12.0 s | moment_threshold=150.0 Nm
grind: sweep | axis=tangent2 | amplitude=30 mm | frequency=0.20 Hz
coupled stiffness: apply=off | saved=yes | pole=manual
gates: pause_before_set_up=on | pause_auto_damping=on | pause_before_grind=off | debug_period=0.20 s
alignment-target normal=[+0.087, -0.000, +0.996] | tilt a(x)=0.0 deg, b(y)=5.0 deg (from angles)
tool face: 40 x 120 mm | center offset EE=[+0.0, +0.0, +20.0] mm
Press e+Enter to stop the controller before the duration expires.
During hold: press g+Enter to hand-guide the tool, then p+Enter to recapture and resume hold.
experiment_duration <= 0: running indefinitely until e + Enter.

=== Start pose ===
q_start = [-2.7, 18.1, -5.1, -122.8, 17.6, 139.5, 26.8] deg
p_start = [565.1, -59.5, 151.2] mm

=== Run ===
phase: approach_orient
orient:     t=  0.0 s | axis_err= 11.5 deg | rot_err= 11.5 deg
approach Dp        auto=[ 134.14,   97.25,  122.28]  manual=[  20.00,   20.00,   20.00] Ns/m
approach DR        auto=[  12.73,   16.36,    4.08]  manual=[  12.00,   12.00,   12.00] Nms/rad
orient:     t=  0.2 s | axis_err=  4.5 deg | rot_err=  4.5 deg
orient:     t=  0.4 s | axis_err=  2.2 deg | rot_err=  2.2 deg

Orientation reached: axis_err=1.8 deg
phase: approach_descend
descend:    t=  0.0 s | distance=   0.1 mm | height= +98.3 mm (target 20.0) | force= -0.0 N
descend:    t=  0.2 s | distance=  20.1 mm | height= +86.4 mm (target 20.0) | force= -0.2 N
descend:    t=  0.4 s | distance=  40.1 mm | height= +69.4 mm (target 20.0) | force=  0.8 N
descend:    t=  0.6 s | distance=  60.2 mm | height= +51.6 mm (target 20.0) | force=  1.9 N
descend:    t=  0.8 s | distance=  80.3 mm | height= +33.7 mm (target 20.0) | force=  1.6 N

[GATE] Reached 20 mm above the plane. Press Enter to start the set-up press (e+Enter stops).
pause auto damping: fitted Dp factor=0.551, DR factor=1.960
pause Dp [xyz]     auto=[ 206.57,  155.24,  224.86]  manual=[ 200.00,  200.00,  200.00] Ns/m
pause DR [t1t2n]   auto=[  11.73,   17.28,    2.04]  manual=[  12.73,   16.36,    4.08] Nms/rad
[GATE] Continuing to the set-up press.
descend:    t=  1.7 s | distance=  95.9 mm | height= +19.5 mm (target 20.0) | force=  0.1 N

Clearance reached: distance=95.9 mm | height=19.5 mm | target=20.0 mm | force=0.1 N (not used for the switch)
offset_ee = [20.0, 60.0, 20.0] mm
p_EE_at_contact = [546.5, -65.6, 65.5] mm
contact_point = [560.2, -126.2, 24.1] mm
edge_offset_base = [13.7, -60.7, -41.4] mm
phase: set_up
set_up Dp [xyz]    auto=[ 237.07,  178.18,  108.09]  manual=[  10.00,   10.00,  175.00] Ns/m
set_up DR [t1t2n]  auto=[   2.44,    3.59,    0.77]  manual=[  10.01,   10.01,   10.00] Nms/rad
set_up:     t=  0.0 s | tip=  0.0 deg | F=  0.0 N | M=  0.0 Nm (limit 150.0) | edge= 19.5 mm
set_up:     t=  0.2 s | tip=  0.5 deg | F=  1.6 N | M=  0.6 Nm (limit 150.0) | edge= 13.7 mm
set_up:     t=  0.4 s | tip=  0.8 deg | F=  2.1 N | M=  0.8 Nm (limit 150.0) | edge=  6.5 mm
set_up:     t=  0.6 s | tip=  0.9 deg | F=  2.3 N | M=  0.9 Nm (limit 150.0) | edge=  4.1 mm
set_up:     t=  0.8 s | tip=  1.3 deg | F=  2.0 N | M=  0.6 Nm (limit 150.0) | edge= 12.3 mm
set_up:     t=  1.0 s | tip=  1.3 deg | F= 12.7 N | M=  6.9 Nm (limit 150.0) | edge= 18.9 mm
set_up:     t=  1.2 s | tip=  1.3 deg | F= 12.3 N | M=  6.7 Nm (limit 150.0) | edge= 19.1 mm
set_up:     t=  1.4 s | tip=  1.3 deg | F= 15.8 N | M=  8.5 Nm (limit 150.0) | edge= 19.4 mm
set_up:     t=  1.6 s | tip=  1.4 deg | F= 20.0 N | M= 10.7 Nm (limit 150.0) | edge= 19.5 mm
set_up:     t=  1.8 s | tip=  1.4 deg | F= 23.9 N | M= 12.5 Nm (limit 150.0) | edge= 19.6 mm
set_up:     t=  2.0 s | tip=  1.4 deg | F= 27.7 N | M= 14.4 Nm (limit 150.0) | edge= 19.8 mm
set_up:     t=  2.2 s | tip=  1.4 deg | F= 31.7 N | M= 16.4 Nm (limit 150.0) | edge= 19.9 mm
set_up:     t=  2.4 s | tip=  1.4 deg | F= 35.5 N | M= 18.4 Nm (limit 150.0) | edge= 20.0 mm
set_up:     t=  2.6 s | tip=  1.4 deg | F= 39.4 N | M= 20.4 Nm (limit 150.0) | edge= 20.2 mm
set_up:     t=  2.8 s | tip=  1.6 deg | F= 42.6 N | M= 22.0 Nm (limit 150.0) | edge= 20.3 mm
set_up:     t=  3.0 s | tip=  1.6 deg | F= 46.7 N | M= 24.1 Nm (limit 150.0) | edge= 20.4 mm
set_up:     t=  3.2 s | tip=  1.7 deg | F= 50.2 N | M= 25.8 Nm (limit 150.0) | edge= 20.6 mm
set_up:     t=  3.4 s | tip=  1.7 deg | F= 53.8 N | M= 27.6 Nm (limit 150.0) | edge= 20.8 mm
set_up:     t=  3.6 s | tip=  1.7 deg | F= 57.6 N | M= 29.5 Nm (limit 150.0) | edge= 20.9 mm
set_up:     t=  3.8 s | tip=  1.7 deg | F= 61.4 N | M= 31.3 Nm (limit 150.0) | edge= 21.1 mm
set_up:     t=  4.0 s | tip=  1.7 deg | F= 65.5 N | M= 33.5 Nm (limit 150.0) | edge= 21.1 mm
set_up:     t=  4.2 s | tip=  1.7 deg | F= 61.0 N | M= 31.0 Nm (limit 150.0) | edge= 21.1 mm
set_up:     t=  4.4 s | tip=  1.7 deg | F= 60.9 N | M= 30.9 Nm (limit 150.0) | edge= 21.1 mm
set_up:     t=  4.6 s | tip=  1.8 deg | F= 60.8 N | M= 30.9 Nm (limit 150.0) | edge= 21.1 mm
set_up:     t=  4.8 s | tip=  1.8 deg | F= 60.8 N | M= 30.8 Nm (limit 150.0) | edge= 21.1 mm
set_up:     t=  5.0 s | tip=  1.8 deg | F= 60.8 N | M= 30.8 Nm (limit 150.0) | edge= 21.1 mm
set_up:     t=  5.2 s | tip=  1.8 deg | F= 60.7 N | M= 30.8 Nm (limit 150.0) | edge= 21.1 mm
set_up:     t=  5.4 s | tip=  1.8 deg | F= 60.7 N | M= 30.8 Nm (limit 150.0) | edge= 21.1 mm
set_up:     t=  5.6 s | tip=  1.8 deg | F= 60.5 N | M= 30.7 Nm (limit 150.0) | edge= 21.1 mm
set_up:     t=  5.8 s | tip=  1.8 deg | F= 60.7 N | M= 30.8 Nm (limit 150.0) | edge= 21.1 mm
set_up:     t=  6.0 s | tip=  1.8 deg | F= 60.6 N | M= 30.7 Nm (limit 150.0) | edge= 21.1 mm
set_up:     t=  6.2 s | tip=  1.8 deg | F= 60.6 N | M= 30.7 Nm (limit 150.0) | edge= 21.1 mm
set_up:     t=  6.4 s | tip=  1.8 deg | F= 60.6 N | M= 30.7 Nm (limit 150.0) | edge= 21.1 mm
set_up:     t=  6.6 s | tip=  1.8 deg | F= 60.6 N | M= 30.7 Nm (limit 150.0) | edge= 21.1 mm
set_up:     t=  6.8 s | tip=  1.8 deg | F= 60.6 N | M= 30.7 Nm (limit 150.0) | edge= 21.1 mm
set_up:     t=  7.0 s | tip=  1.8 deg | F= 60.6 N | M= 30.6 Nm (limit 150.0) | edge= 21.1 mm
set_up:     t=  7.2 s | tip=  1.8 deg | F= 60.5 N | M= 30.6 Nm (limit 150.0) | edge= 21.1 mm
set_up:     t=  7.4 s | tip=  1.8 deg | F= 60.5 N | M= 30.6 Nm (limit 150.0) | edge= 21.1 mm
set_up:     t=  7.6 s | tip=  1.8 deg | F= 60.5 N | M= 30.6 Nm (limit 150.0) | edge= 21.1 mm
set_up:     t=  7.8 s | tip=  1.8 deg | F= 60.5 N | M= 30.6 Nm (limit 150.0) | edge= 21.1 mm
set_up:     t=  8.0 s | tip=  1.8 deg | F= 60.5 N | M= 30.6 Nm (limit 150.0) | edge= 21.1 mm
set_up:     t=  8.2 s | tip=  1.8 deg | F= 60.6 N | M= 30.7 Nm (limit 150.0) | edge= 21.1 mm
set_up:     t=  8.4 s | tip=  1.8 deg | F= 60.5 N | M= 30.6 Nm (limit 150.0) | edge= 21.1 mm
set_up:     t=  8.6 s | tip=  1.8 deg | F= 60.5 N | M= 30.6 Nm (limit 150.0) | edge= 21.1 mm
set_up:     t=  8.8 s | tip=  1.8 deg | F= 60.5 N | M= 30.6 Nm (limit 150.0) | edge= 21.1 mm
set_up:     t=  9.0 s | tip=  1.8 deg | F= 60.5 N | M= 30.6 Nm (limit 150.0) | edge= 21.1 mm
set_up:     t=  9.2 s | tip=  1.8 deg | F= 60.5 N | M= 30.6 Nm (limit 150.0) | edge= 21.1 mm
set_up:     t=  9.4 s | tip=  1.8 deg | F= 60.5 N | M= 30.5 Nm (limit 150.0) | edge= 21.1 mm
set_up:     t=  9.6 s | tip=  1.8 deg | F= 60.4 N | M= 30.6 Nm (limit 150.0) | edge= 21.1 mm
set_up:     t=  9.8 s | tip=  1.8 deg | F= 60.4 N | M= 30.5 Nm (limit 150.0) | edge= 21.1 mm
set_up:     t= 10.0 s | tip=  1.8 deg | F= 60.4 N | M= 30.5 Nm (limit 150.0) | edge= 21.1 mm
set_up:     t= 10.2 s | tip=  1.8 deg | F= 60.6 N | M= 30.6 Nm (limit 150.0) | edge= 21.1 mm
set_up:     t= 10.4 s | tip=  1.8 deg | F= 60.5 N | M= 30.6 Nm (limit 150.0) | edge= 21.1 mm
set_up:     t= 10.6 s | tip=  1.8 deg | F= 60.5 N | M= 30.6 Nm (limit 150.0) | edge= 21.1 mm
set_up:     t= 10.8 s | tip=  1.8 deg | F= 60.5 N | M= 30.6 Nm (limit 150.0) | edge= 21.1 mm
set_up:     t= 11.0 s | tip=  1.8 deg | F= 60.4 N | M= 30.5 Nm (limit 150.0) | edge= 21.1 mm
set_up:     t= 11.2 s | tip=  1.8 deg | F= 60.5 N | M= 30.6 Nm (limit 150.0) | edge= 21.1 mm
set_up:     t= 11.4 s | tip=  1.8 deg | F= 60.4 N | M= 30.6 Nm (limit 150.0) | edge= 21.1 mm
set_up:     t= 11.6 s | tip=  1.8 deg | F= 60.5 N | M= 30.6 Nm (limit 150.0) | edge= 21.1 mm
set_up:     t= 11.8 s | tip=  1.8 deg | F= 60.5 N | M= 30.6 Nm (limit 150.0) | edge= 21.1 mm

=== Set-up result ===
stop: time | t=12.0 s | tip=1.8 deg | F=60.5 N | M=30.6 Nm
edge_from_contact = [-5.7, +0.3, -20.3] mm | norm=21.1 mm
tcp_from_contact  = [-20.8, +61.2, +1.3] mm | norm=64.6 mm
alignment: before=0.46 deg | after=1.80 deg | gain=-1.34 deg

=== Set-up surface-frame breakdown ===
frame: alignment-target [tangent1, tangent2, normal]
force        [N]      = [   -14.47,     -2.34,    -58.67]
tcp_disp     [mm]     = [    -3.59,     +0.50,    -40.51]
edge_disp    [mm]     = [    -3.92,     +0.33,    -20.76]
Kp_eff=F/tcp [N/m]    = [   4027.3,   -4646.4,    1448.4]
moment@edge  [Nm]     = [    +2.08,    +28.67,     -1.43]
tip_angle    [deg]    = [    +0.68,     -1.61,     -0.23]
KR_eff=M/ang [Nm/rad] = [    174.4,   -1018.5,     359.6]

finite_axis: angle=1.8 deg | axis_from_edge=[-607.5, -276.0, +155.4] mm | dir=[-0.374, +0.913, +0.162] | pitch=-27.7 mm/rad
(coupled_K_tcp/coupled_D_tcp queued for the next run)

=== Coupled stiffness from the measured pole ===
source spring K_pole/D_pole (diagonal, from parameters):
  Kp [N/m]     = [2000, 2000, 350]
  KR [Nm/rad]  = [15, 15, 50]
  Dp [Ns/m]    = [10, 10, 175]
  DR [Nms/rad] = [10.01, 10.01, 10]

poles compared (lever r_c = TCP - pole):
  (A) measured axis : angle=1.8 deg | pitch=-27.7 mm/rad
      pole_from_edge = [-601.5, -277.1, 175.6] mm
      r_c            = [586.4, 338.0, -153.9] mm
  (B) manual pole   : comparison only, contact reference
      pole_from_edge = [-34.3, 79.7, 20.3] mm
      r_c            = [26.3, -19.3, 41.4] mm
      r_c(B)-r_c(A)  = [-560.1, -357.3, 195.3] mm

K_TCP = Ad^T K_pole Ad  [rows fx..mz | cols tx..rz]:
  (A) measured axis:
           tx        ty        tz    |    rx        ry        rz
  fx [    2000        0        0 |        0    307.9      676 ]
  fy [       0     2000        0 |   -307.9        0    -1173 ]
  fz [       0        0      350 |   -118.3    205.2        0 ]
     ---------------------------+---------------------------
  mx [       0   -307.9   -118.3 |    102.6   -69.36    183.6 ]
  my [   307.9        0    205.2 |   -69.36    182.7      104 ]
  mz [     676    -1173        0 |    183.6      104    965.9 ]
  (A) K_TCP eigenvalues = [10.03, 14.81, 34, 510, 2053, 2980] -> PSD ok (>=0) (min=10.03)
  (B) manual pole:
           tx        ty        tz    |    rx        ry        rz
  fx [    2000        0        0 |        0   -82.73   -38.65 ]
  fy [       0     2000        0 |    82.73        0   -52.61 ]
  fz [       0        0      350 |    6.763    9.206        0 ]
     ---------------------------+---------------------------
  mx [       0    82.73    6.763 |    18.82   0.1779   0.8629 ]
  my [  -82.73        0    9.206 |   0.1779    18.66    1.598 ]
  mz [  -38.65   -52.61        0 |   0.8629    1.598    51.86 ]
  (B) K_TCP eigenvalues = [14.96, 14.97, 49.95, 350.4, 2003, 2006] -> PSD ok (>=0) (min=14.96)

D_TCP = Ad^T D_pole Ad:
  (A) measured axis:
           tx        ty        tz    |    rx        ry        rz
  fx [   237.1        0        0 |        0    36.49    80.13 ]
  fy [       0    178.2        0 |   -27.43        0   -104.5 ]
  fz [       0        0    108.1 |   -36.53    63.38        0 ]
     ---------------------------+---------------------------
  mx [       0   -27.43   -36.53 |       19   -21.42    15.94 ]
  my [   36.49        0    63.38 |   -21.42    46.37    12.33 ]
  mz [   80.13   -104.5        0 |    15.94    12.33    89.13 ]
  (A) D_TCP eigenvalues = [0.5256, 1.995, 2.929, 154.7, 217.6, 300.1] -> PSD ok (>=0) (min=0.5256)
  (B) manual pole:
           tx        ty        tz    |    rx        ry        rz
  fx [   237.1        0        0 |        0   -9.806   -4.581 ]
  fy [       0    178.2        0 |     7.37        0   -4.687 ]
  fz [       0        0    108.1 |    2.089    2.843        0 ]
     ---------------------------+---------------------------
  mx [       0     7.37    2.089 |    2.775  0.05494  -0.3386 ]
  my [  -9.806        0    2.843 |  0.05494    4.072   0.1895 ]
  mz [  -4.581   -4.687        0 |  -0.3386   0.1895   0.9991 ]
  (B) D_TCP eigenvalues = [0.774, 2.437, 3.583, 108.2, 178.6, 237.6] -> PSD ok (>=0) (min=0.774)
phase: grind

Stop requested with e + Enter. Finishing control loop...
params/sequence.txt updated after control loop (73 queued values).

Joint motion [deg]:
joint    start   final   delta
------------------------------
q1       -2.7    -5.7    -3.0
q2       18.1    32.2    14.1
q3       -5.1    -2.7     2.5
q4     -122.8  -122.3     0.5
q5       17.6    -0.7   -18.2
q6      139.5   147.6     8.1
q7       26.8    41.0    14.2

=== Final result ===
p_d = [529.1, -88.5, -133.3] mm
p_EE = [533.5, -82.5, 26.1] mm
e_p = [-4.5, -6.0, -159.3] mm
position_error = 159.52 mm
e_R = [1.31, -1.94, 0.80] deg
rotation_error = 2.48 deg
csv: surface_grinding_controller_log.csv
