
Press Enter to recover and configure the robot.
Robot recovered or already ready.
Collision: custom thresholds.

=== Startup choice ===
  q = go to q_init (from params/common.txt), then choose again
  g = guiding mode: go to q_init, then hand-guide to your pose;
      use s+Enter for sequence or h+Enter for hold
  o = open the Franka hand now (release/load tool), then choose again
  c = close/grasp the tool now, then choose again
  r = continue to run mode (available after q_init is reached)
Choice [q/g/o/c/r, Enter = q]: Moving to q_init...
q_init reached.

=== Startup choice ===
  q = go to q_init (from params/common.txt), then choose again
  g = guiding mode: go to q_init, then hand-guide to your pose;
      use s+Enter for sequence or h+Enter for hold
  o = open the Franka hand now (release/load tool), then choose again
  c = close/grasp the tool now, then choose again
  r = continue to run mode
Choice [q/g/o/c/r, Enter = q]: 
=== Run mode ===
  s = phase sequence (approach / set up / grind)
  h = hold at the start pose
Choice [s/h, Enter = s]: Selected: phase sequence. Nullspace mode from parameters: nullspace_damping_plus_sigma.

=== Setup ===
run: phase sequence | approach_orient: on | nullspace: nullspace_damping_plus_sigma
nullspace parameters: d_null=2.000 | k_sigma=1.000 Nm | alpha=0.0800 rad
hold: Kp=300.0 N/m | KR=40.0 Nm/rad | damping=auto translation+rotation (factor fitted online toward Dp=50.0 Ns/m)
manual_guidance_start: off | manual_damping=0.50
descend: clearance=20.0 mm | speed=0.100 m/s | max_distance=640 mm
alignment push: start=captured | end=+180 mm | speed=0.050 m/s | ramp_time~=4.0 s | timeout=12.0 s | moment_threshold=150.0 Nm
grind: sweep | axis=tangent2 | amplitude=30 mm | frequency=0.20 Hz
coupled stiffness: apply=on | saved=yes | pole=block-diagonal (no coupling)
gates: pause_before_set_up=on | pause_auto_damping=on | pause_before_grind=off | debug_period=0.20 s
alignment-target normal=[+0.087, -0.000, +0.996] | tilt a(x)=0.0 deg, b(y)=5.0 deg (from angles)
tool face: 40 x 120 mm | center offset EE=[+0.0, +0.0, +20.0] mm
Gripper already holding the tool (width 65.6 mm); keeping grasp.
Press e+Enter to stop the controller before the duration expires.
During hold: press g+Enter to hand-guide the tool, then p+Enter to recapture and resume hold.
experiment_duration <= 0: running indefinitely until e + Enter.

=== Start pose ===
q_start = [-2.8, 18.1, -5.1, -122.8, 17.5, 139.5, 26.8] deg
p_start = [565.1, -59.5, 151.1] mm

=== Run ===
phase: approach_orient
orient:     t=  0.0 s | axis_err= 11.5 deg | rot_err= 11.5 deg
approach Dp        auto=[ 134.14,   97.25,  122.28]  manual=[  20.00,   20.00,   20.00] Ns/m
approach DR        auto=[  12.73,   16.36,    4.08]  manual=[  12.00,   12.00,   12.00] Nms/rad
orient:     t=  0.2 s | axis_err=  4.6 deg | rot_err=  4.6 deg
orient:     t=  0.4 s | axis_err=  2.3 deg | rot_err=  2.3 deg

Orientation reached: axis_err=1.9 deg
phase: approach_descend
descend:    t=  0.0 s | distance=   0.1 mm | height= +98.0 mm (target 20.0) | force= -0.0 N
descend:    t=  0.2 s | distance=  20.1 mm | height= +85.8 mm (target 20.0) | force=  0.2 N
descend:    t=  0.4 s | distance=  40.1 mm | height= +68.7 mm (target 20.0) | force=  1.7 N
descend:    t=  0.6 s | distance=  60.2 mm | height= +51.0 mm (target 20.0) | force=  1.7 N
descend:    t=  0.8 s | distance=  80.3 mm | height= +33.0 mm (target 20.0) | force=  1.9 N

[GATE] Reached 20 mm above the plane. Press Enter to start the set-up press (e+Enter stops).
pause auto damping: fitted Dp factor=0.551, DR factor=1.960
pause Dp [xyz]     auto=[ 206.58,  155.31,  224.83]  manual=[ 200.00,  200.00,  200.00] Ns/m
pause DR [t1t2n]   auto=[  11.74,   17.27,    2.04]  manual=[  12.73,   16.36,    4.08] Nms/rad
[GATE] Continuing to the set-up press.
descend:    t=  2.4 s | distance=  95.0 mm | height= +19.5 mm (target 20.0) | force=  0.5 N

Clearance reached: distance=95.0 mm | height=19.5 mm | target=20.0 mm | force=0.5 N (not used for the switch)
offset_ee = [20.0, 60.0, 20.0] mm
p_EE_at_contact = [546.6, -65.8, 65.6] mm
contact_point = [560.3, -126.4, 24.1] mm
edge_offset_base = [13.7, -60.6, -41.5] mm
phase: set_up
set_up Dp [xyz]    auto=[ 237.06,  178.26,  108.08]  manual=[  10.00,   10.00,  175.00] Ns/m
set_up DR [t1t2n]  auto=[   1.41,    2.07,    0.78]  manual=[  10.01,   10.01,   10.00] Nms/rad
set_up:     t=  0.0 s | tip=  0.0 deg | F=  0.0 N | M=  0.0 Nm (limit 150.0) | edge= 19.5 mm
set_up:     t=  0.2 s | tip=  0.5 deg | F=  1.2 N | M=  0.4 Nm (limit 150.0) | edge= 13.6 mm
set_up:     t=  0.4 s | tip=  1.0 deg | F=  1.5 N | M=  0.5 Nm (limit 150.0) | edge=  6.2 mm
set_up:     t=  0.6 s | tip=  1.2 deg | F=  2.4 N | M=  0.9 Nm (limit 150.0) | edge=  4.5 mm
set_up:     t=  0.8 s | tip=  1.5 deg | F=  1.5 N | M=  0.4 Nm (limit 150.0) | edge= 13.0 mm
set_up:     t=  1.0 s | tip=  2.1 deg | F=  1.5 N | M=  0.5 Nm (limit 150.0) | edge= 22.3 mm
set_up:     t=  1.2 s | tip=  2.3 deg | F= 10.9 N | M=  5.9 Nm (limit 150.0) | edge= 25.5 mm
set_up:     t=  1.4 s | tip=  2.3 deg | F= 13.5 N | M=  7.3 Nm (limit 150.0) | edge= 25.7 mm
set_up:     t=  1.6 s | tip=  2.3 deg | F= 17.4 N | M=  9.3 Nm (limit 150.0) | edge= 25.8 mm
set_up:     t=  1.8 s | tip=  2.3 deg | F= 21.4 N | M= 11.4 Nm (limit 150.0) | edge= 26.0 mm
set_up:     t=  2.0 s | tip=  2.3 deg | F= 25.3 N | M= 13.3 Nm (limit 150.0) | edge= 26.1 mm
set_up:     t=  2.2 s | tip=  2.3 deg | F= 29.1 N | M= 15.2 Nm (limit 150.0) | edge= 26.2 mm
set_up:     t=  2.4 s | tip=  2.3 deg | F= 33.2 N | M= 17.3 Nm (limit 150.0) | edge= 26.4 mm
set_up:     t=  2.6 s | tip=  2.3 deg | F= 37.1 N | M= 19.3 Nm (limit 150.0) | edge= 26.5 mm
set_up:     t=  2.8 s | tip=  2.3 deg | F= 41.0 N | M= 21.2 Nm (limit 150.0) | edge= 26.7 mm
set_up:     t=  3.0 s | tip=  2.4 deg | F= 44.8 N | M= 23.2 Nm (limit 150.0) | edge= 26.8 mm
set_up:     t=  3.2 s | tip=  2.4 deg | F= 48.3 N | M= 25.0 Nm (limit 150.0) | edge= 27.0 mm
set_up:     t=  3.4 s | tip=  2.4 deg | F= 52.2 N | M= 27.0 Nm (limit 150.0) | edge= 27.1 mm
set_up:     t=  3.6 s | tip=  2.4 deg | F= 55.6 N | M= 28.8 Nm (limit 150.0) | edge= 27.3 mm
set_up:     t=  3.8 s | tip=  2.5 deg | F= 58.8 N | M= 30.5 Nm (limit 150.0) | edge= 27.4 mm
set_up:     t=  4.0 s | tip=  2.7 deg | F= 62.9 N | M= 32.7 Nm (limit 150.0) | edge= 27.5 mm
set_up:     t=  4.2 s | tip=  2.8 deg | F= 58.8 N | M= 30.5 Nm (limit 150.0) | edge= 27.5 mm
set_up:     t=  4.4 s | tip=  2.8 deg | F= 58.8 N | M= 30.6 Nm (limit 150.0) | edge= 27.5 mm
set_up:     t=  4.6 s | tip=  2.8 deg | F= 58.7 N | M= 30.5 Nm (limit 150.0) | edge= 27.5 mm
set_up:     t=  4.8 s | tip=  2.8 deg | F= 58.6 N | M= 30.5 Nm (limit 150.0) | edge= 27.5 mm
set_up:     t=  5.0 s | tip=  2.8 deg | F= 58.6 N | M= 30.5 Nm (limit 150.0) | edge= 27.5 mm
set_up:     t=  5.2 s | tip=  2.8 deg | F= 58.6 N | M= 30.4 Nm (limit 150.0) | edge= 27.5 mm
set_up:     t=  5.4 s | tip=  2.8 deg | F= 58.6 N | M= 30.4 Nm (limit 150.0) | edge= 27.5 mm
set_up:     t=  5.6 s | tip=  2.8 deg | F= 58.5 N | M= 30.4 Nm (limit 150.0) | edge= 27.5 mm
set_up:     t=  5.8 s | tip=  2.8 deg | F= 58.4 N | M= 30.3 Nm (limit 150.0) | edge= 27.5 mm
set_up:     t=  6.0 s | tip=  2.8 deg | F= 58.4 N | M= 30.3 Nm (limit 150.0) | edge= 27.5 mm
set_up:     t=  6.2 s | tip=  2.8 deg | F= 58.4 N | M= 30.3 Nm (limit 150.0) | edge= 27.5 mm
set_up:     t=  6.4 s | tip=  2.8 deg | F= 58.3 N | M= 30.2 Nm (limit 150.0) | edge= 27.5 mm
set_up:     t=  6.6 s | tip=  2.8 deg | F= 58.5 N | M= 30.4 Nm (limit 150.0) | edge= 27.5 mm
set_up:     t=  6.8 s | tip=  2.8 deg | F= 58.4 N | M= 30.3 Nm (limit 150.0) | edge= 27.5 mm
set_up:     t=  7.0 s | tip=  2.8 deg | F= 58.4 N | M= 30.3 Nm (limit 150.0) | edge= 27.5 mm
set_up:     t=  7.2 s | tip=  2.8 deg | F= 58.4 N | M= 30.3 Nm (limit 150.0) | edge= 27.5 mm
set_up:     t=  7.4 s | tip=  2.8 deg | F= 58.4 N | M= 30.3 Nm (limit 150.0) | edge= 27.5 mm
set_up:     t=  7.6 s | tip=  2.8 deg | F= 58.4 N | M= 30.3 Nm (limit 150.0) | edge= 27.5 mm
set_up:     t=  7.8 s | tip=  2.8 deg | F= 58.4 N | M= 30.3 Nm (limit 150.0) | edge= 27.5 mm
set_up:     t=  8.0 s | tip=  2.8 deg | F= 58.4 N | M= 30.3 Nm (limit 150.0) | edge= 27.5 mm
set_up:     t=  8.2 s | tip=  2.8 deg | F= 58.3 N | M= 30.2 Nm (limit 150.0) | edge= 27.5 mm
set_up:     t=  8.4 s | tip=  2.8 deg | F= 58.1 N | M= 30.1 Nm (limit 150.0) | edge= 27.5 mm
set_up:     t=  8.6 s | tip=  2.8 deg | F= 58.3 N | M= 30.2 Nm (limit 150.0) | edge= 27.5 mm
set_up:     t=  8.8 s | tip=  2.8 deg | F= 58.3 N | M= 30.3 Nm (limit 150.0) | edge= 27.5 mm
set_up:     t=  9.0 s | tip=  2.8 deg | F= 58.3 N | M= 30.2 Nm (limit 150.0) | edge= 27.5 mm
set_up:     t=  9.2 s | tip=  2.8 deg | F= 58.3 N | M= 30.2 Nm (limit 150.0) | edge= 27.5 mm
set_up:     t=  9.4 s | tip=  2.8 deg | F= 58.3 N | M= 30.2 Nm (limit 150.0) | edge= 27.5 mm
set_up:     t=  9.6 s | tip=  2.8 deg | F= 58.3 N | M= 30.2 Nm (limit 150.0) | edge= 27.5 mm
set_up:     t=  9.8 s | tip=  2.8 deg | F= 58.3 N | M= 30.2 Nm (limit 150.0) | edge= 27.5 mm
set_up:     t= 10.0 s | tip=  2.8 deg | F= 58.3 N | M= 30.2 Nm (limit 150.0) | edge= 27.5 mm
set_up:     t= 10.2 s | tip=  2.8 deg | F= 58.3 N | M= 30.2 Nm (limit 150.0) | edge= 27.5 mm
set_up:     t= 10.4 s | tip=  2.8 deg | F= 58.3 N | M= 30.2 Nm (limit 150.0) | edge= 27.5 mm
set_up:     t= 10.6 s | tip=  2.8 deg | F= 58.3 N | M= 30.2 Nm (limit 150.0) | edge= 27.5 mm
set_up:     t= 10.8 s | tip=  2.8 deg | F= 58.3 N | M= 30.2 Nm (limit 150.0) | edge= 27.5 mm
set_up:     t= 11.0 s | tip=  2.8 deg | F= 58.2 N | M= 30.2 Nm (limit 150.0) | edge= 27.5 mm
set_up:     t= 11.2 s | tip=  2.8 deg | F= 58.1 N | M= 30.1 Nm (limit 150.0) | edge= 27.5 mm
set_up:     t= 11.4 s | tip=  2.8 deg | F= 58.3 N | M= 30.2 Nm (limit 150.0) | edge= 27.5 mm
set_up:     t= 11.6 s | tip=  2.8 deg | F= 58.2 N | M= 30.2 Nm (limit 150.0) | edge= 27.6 mm
set_up:     t= 11.8 s | tip=  2.8 deg | F= 58.2 N | M= 30.2 Nm (limit 150.0) | edge= 27.5 mm

=== Set-up result ===
stop: time | t=12.0 s | tip=2.8 deg | F=58.2 N | M=30.2 Nm
edge_from_contact = [-7.0, +0.0, -26.6] mm | norm=27.5 mm
tcp_from_contact  = [-21.7, +60.9, -4.8] mm | norm=64.8 mm
alignment: before=0.53 deg | after=2.83 deg | gain=-2.30 deg

=== Set-up surface-frame breakdown ===
frame: alignment-target [tangent1, tangent2, normal]
force        [N]      = [   -11.96,     -1.53,    -56.96]
tcp_disp     [mm]     = [    -3.87,     +0.29,    -46.77]
edge_disp    [mm]     = [    -4.65,     +0.04,    -27.15]
Kp_eff=F/tcp [N/m]    = [   3087.1,   -5254.8,    1217.8]
moment@edge  [Nm]     = [    +1.97,    +28.44,     -1.06]
tip_angle    [deg]    = [    +0.83,     -2.65,     -0.17]
KR_eff=M/ang [Nm/rad] = [    137.1,    -615.6,     365.0]

finite_axis: angle=2.8 deg | axis_from_edge=[-527.3, -172.0, +123.9] mm | dir=[-0.291, +0.953, +0.085] | pitch=-4.2 mm/rad

=== Coupled stiffness from the measured pole ===
source spring K_pole/D_pole (diagonal, from parameters):
  Kp [N/m]     = [2000, 2000, 350]
  KR [Nm/rad]  = [5, 5, 50]
  Dp [Ns/m]    = [10, 10, 175]
  DR [Nms/rad] = [10.01, 10.01, 10]

poles compared (lever r_c = TCP - pole):
  (A) measured axis : angle=2.8 deg | pitch=-4.2 mm/rad
      pole_from_edge = [-520.2, -172.2, 150.5] mm
      r_c            = [505.6, 233.1, -128.7] mm
  (B) manual pole   : comparison only, contact reference
      pole_from_edge = [-33.0, 80.0, 26.6] mm
      r_c            = [26.3, -19.4, 41.5] mm
      r_c(B)-r_c(A)  = [-479.3, -252.4, 170.1] mm

K_TCP = Ad^T K_pole Ad  [rows fx..mz | cols tx..rz]:
  (A) measured axis:
           tx        ty        tz    |    rx        ry        rz
  fx [    2000        0        0 |        0    257.4    466.2 ]
  fy [       0     2000        0 |   -257.4        0    -1011 ]
  fz [       0        0      350 |   -81.58    176.9        0 ]
     ---------------------------+---------------------------
  mx [       0   -257.4   -81.58 |    57.48   -41.24      134 ]
  my [   257.4        0    176.9 |   -41.24    127.6    59.99 ]
  mz [   466.2    -1011        0 |      134    59.99    669.5 ]
  (A) K_TCP eigenvalues = [3.76, 4.963, 37.8, 457.4, 2035, 2665] -> PSD ok (>=0) (min=3.76)
  (B) manual pole:
           tx        ty        tz    |    rx        ry        rz
  fx [    2000        0        0 |        0   -82.93   -38.71 ]
  fy [       0     2000        0 |    82.93        0   -52.57 ]
  fz [       0        0      350 |    6.775    9.199        0 ]
     ---------------------------+---------------------------
  mx [       0    82.93    6.775 |    8.911   0.1781    1.728 ]
  my [  -82.93        0    9.199 |   0.1781     8.68    1.605 ]
  mz [  -38.71   -52.57        0 |    1.728    1.605    51.79 ]
  (B) K_TCP eigenvalues = [4.986, 4.99, 49.95, 350.4, 2003, 2006] -> PSD ok (>=0) (min=4.986)

D_TCP = Ad^T D_pole Ad:
  (A) measured axis:
           tx        ty        tz    |    rx        ry        rz
  fx [   237.1        0        0 |        0    30.51    55.26 ]
  fy [       0    178.3        0 |   -22.94        0   -90.12 ]
  fz [       0        0    108.1 |   -25.19    54.64        0 ]
     ---------------------------+---------------------------
  mx [       0   -22.94   -25.19 |    10.23   -12.74    11.54 ]
  my [   30.51        0    54.64 |   -12.74    33.62     7.11 ]
  mz [   55.26   -90.12        0 |    11.54     7.11    59.22 ]
  (A) D_TCP eigenvalues = [0.5866, 1.28, 1.711, 140.5, 213.7, 268.6] -> PSD ok (>=0) (min=0.5866)
  (B) manual pole:
           tx        ty        tz    |    rx        ry        rz
  fx [   237.1        0        0 |        0   -9.829   -4.589 ]
  fy [       0    178.3        0 |    7.391        0   -4.685 ]
  fz [       0        0    108.1 |    2.092    2.841        0 ]
     ---------------------------+---------------------------
  mx [       0    7.391    2.092 |    1.754  0.05498  -0.2495 ]
  my [  -9.829        0    2.841 |  0.05498    2.555   0.1903 ]
  mz [  -4.589   -4.685        0 |  -0.2495   0.1903   0.9923 ]
  (B) D_TCP eigenvalues = [0.7748, 1.409, 2.068, 108.2, 178.7, 237.6] -> PSD ok (>=0) (min=0.7748)
phase: grind

Stop requested with e + Enter. Finishing control loop...

Joint motion [deg]:
joint    start   final   delta
------------------------------
q1       -2.8    -4.5    -1.7
q2       18.1    33.4    15.3
q3       -5.1    -1.2     3.9
q4     -122.8  -121.3     1.6
q5       17.5    -1.0   -18.6
q6      139.5   146.5     7.0
q7       26.8    43.7    16.9

=== Final result ===
p_d = [529.2, -63.0, -133.2] mm
p_EE = [535.8, -55.9, 18.5] mm
e_p = [-6.6, -7.1, -151.7] mm
position_error = 152.05 mm
e_R = [1.05, -3.14, 0.75] deg
rotation_error = 3.40 deg
csv: surface_grinding_controller_log.csv
