
Press Enter to recover and configure the robot.
Robot recovered or already ready.
Collision: custom thresholds.

=== Startup choice ===
  q = go to q_init (from params/common.txt), then choose again
  g = guiding mode: go to q_init, then hand-guide to your pose;
      use s+Enter for sequence or h+Enter for hold
  o = open the Franka hand now (release/load tool), then choose again
  c = close/grasp the tool now, then choose again
  r = continue to run mode (available after q_init is reached)
Choice [q/g/o/c/r, Enter = q]: Moving to q_init...
q_init reached.

=== Startup choice ===
  q = go to q_init (from params/common.txt), then choose again
  g = guiding mode: go to q_init, then hand-guide to your pose;
      use s+Enter for sequence or h+Enter for hold
  o = open the Franka hand now (release/load tool), then choose again
  c = close/grasp the tool now, then choose again
  r = continue to run mode
Choice [q/g/o/c/r, Enter = q]: 
=== Run mode ===
  s = phase sequence (approach / set up / grind)
  h = hold at the start pose
Choice [s/h, Enter = s]: Selected: phase sequence. Nullspace mode from parameters: nullspace_damping_plus_sigma.

=== Setup ===
run: phase sequence | approach_orient: on | nullspace: nullspace_damping_plus_sigma
nullspace parameters: d_null=2.000 | k_sigma=1.000 Nm | alpha=0.0800 rad
hold: Kp=300.0 N/m | KR=40.0 Nm/rad | damping=auto translation+rotation (factor fitted online toward Dp=50.0 Ns/m)
manual_guidance_start: off | manual_damping=0.50
descend: clearance=20.0 mm | speed=0.100 m/s | max_distance=640 mm
alignment push: start=captured | end=+180 mm | speed=0.050 m/s | ramp_time~=4.0 s | timeout=12.0 s | moment_threshold=150.0 Nm
grind: sweep | axis=tangent2 | amplitude=30 mm | frequency=0.20 Hz
coupled stiffness: apply=on | saved=yes | pole=manual
gates: pause_before_set_up=on | pause_auto_damping=on | pause_before_grind=off | debug_period=0.20 s
alignment-target normal=[+0.087, -0.000, +0.996] | tilt a(x)=0.0 deg, b(y)=5.0 deg (from angles)
tool face: 40 x 120 mm | center offset EE=[+0.0, +0.0, +20.0] mm
Gripper already holding the tool (width 65.1 mm); keeping grasp.
Press e+Enter to stop the controller before the duration expires.
During hold: press g+Enter to hand-guide the tool, then p+Enter to recapture and resume hold.
experiment_duration <= 0: running indefinitely until e + Enter.

=== Start pose ===
q_start = [-2.8, 18.1, -5.1, -122.8, 17.5, 139.5, 26.8] deg
p_start = [565.1, -59.5, 151.1] mm

=== Run ===
phase: approach_orient
orient:     t=  0.0 s | axis_err= 11.5 deg | rot_err= 11.5 deg
approach Dp        auto=[ 134.14,   97.25,  122.28]  manual=[  20.00,   20.00,   20.00] Ns/m
approach DR        auto=[  12.73,   16.36,    4.08]  manual=[  12.00,   12.00,   12.00] Nms/rad
orient:     t=  0.2 s | axis_err=  4.5 deg | rot_err=  4.5 deg
orient:     t=  0.4 s | axis_err=  2.3 deg | rot_err=  2.3 deg

Orientation reached: axis_err=1.9 deg
phase: approach_descend
descend:    t=  0.0 s | distance=   0.1 mm | height= +98.2 mm (target 20.0) | force= -0.0 N
descend:    t=  0.2 s | distance=  20.1 mm | height= +86.1 mm (target 20.0) | force=  0.2 N
descend:    t=  0.4 s | distance=  40.1 mm | height= +69.1 mm (target 20.0) | force=  1.4 N
descend:    t=  0.6 s | distance=  60.2 mm | height= +51.3 mm (target 20.0) | force=  1.7 N
descend:    t=  0.8 s | distance=  80.3 mm | height= +33.7 mm (target 20.0) | force=  1.4 N

[GATE] Reached 20 mm above the plane. Press Enter to start the set-up press (e+Enter stops).
pause auto damping: fitted Dp factor=0.551, DR factor=1.959
pause Dp [xyz]     auto=[ 206.57,  155.30,  224.84]  manual=[ 200.00,  200.00,  200.00] Ns/m
pause DR [t1t2n]   auto=[  11.74,   17.28,    2.04]  manual=[  12.73,   16.36,    4.08] Nms/rad
[GATE] Continuing to the set-up press.
descend:    t=  1.2 s | distance=  95.9 mm | height= +19.5 mm (target 20.0) | force= -0.0 N

Clearance reached: distance=95.9 mm | height=19.5 mm | target=20.0 mm | force=-0.0 N (not used for the switch)
offset_ee = [20.0, 60.0, 20.0] mm
p_EE_at_contact = [546.3, -66.0, 65.5] mm
contact_point = [560.1, -126.7, 24.1] mm
edge_offset_base = [13.7, -60.7, -41.4] mm
phase: set_up
set_up Dp [xyz]    auto=[ 237.06,  178.25,  108.09]  manual=[  10.00,   10.00,  175.00] Ns/m
set_up DR [t1t2n]  auto=[   1.41,    2.07,    0.78]  manual=[  10.01,   10.01,   10.00] Nms/rad
set_up:     t=  0.0 s | tip=  0.0 deg | F=  0.0 N | M=  0.0 Nm (limit 150.0) | edge= 19.5 mm
set_up:     t=  0.2 s | tip=  0.6 deg | F=  1.4 N | M=  0.7 Nm (limit 150.0) | edge= 13.3 mm
set_up:     t=  0.4 s | tip=  1.3 deg | F=  3.0 N | M=  1.4 Nm (limit 150.0) | edge=  6.9 mm
set_up:     t=  0.6 s | tip=  2.0 deg | F=  2.9 N | M=  1.3 Nm (limit 150.0) | edge=  7.4 mm
set_up:     t=  0.8 s | tip=  2.7 deg | F=  3.1 N | M=  1.3 Nm (limit 150.0) | edge= 14.7 mm
set_up:     t=  1.0 s | tip=  3.2 deg | F= 12.4 N | M=  6.8 Nm (limit 150.0) | edge= 21.2 mm
set_up:     t=  1.2 s | tip=  3.2 deg | F= 13.0 N | M=  7.1 Nm (limit 150.0) | edge= 21.2 mm
set_up:     t=  1.4 s | tip=  3.2 deg | F= 16.9 N | M=  9.3 Nm (limit 150.0) | edge= 21.3 mm
set_up:     t=  1.6 s | tip=  3.2 deg | F= 20.5 N | M= 11.1 Nm (limit 150.0) | edge= 21.5 mm
set_up:     t=  1.8 s | tip=  3.2 deg | F= 24.4 N | M= 13.1 Nm (limit 150.0) | edge= 21.6 mm
set_up:     t=  2.0 s | tip=  3.2 deg | F= 28.0 N | M= 14.9 Nm (limit 150.0) | edge= 21.7 mm
set_up:     t=  2.2 s | tip=  3.2 deg | F= 31.7 N | M= 16.7 Nm (limit 150.0) | edge= 21.9 mm
set_up:     t=  2.4 s | tip=  3.2 deg | F= 35.4 N | M= 18.6 Nm (limit 150.0) | edge= 22.0 mm
set_up:     t=  2.6 s | tip=  3.2 deg | F= 38.9 N | M= 20.2 Nm (limit 150.0) | edge= 22.2 mm
set_up:     t=  2.8 s | tip=  3.3 deg | F= 42.5 N | M= 22.0 Nm (limit 150.0) | edge= 22.3 mm
set_up:     t=  3.0 s | tip=  3.3 deg | F= 46.3 N | M= 24.0 Nm (limit 150.0) | edge= 22.5 mm
set_up:     t=  3.2 s | tip=  3.3 deg | F= 50.0 N | M= 25.9 Nm (limit 150.0) | edge= 22.8 mm
set_up:     t=  3.4 s | tip=  3.3 deg | F= 53.7 N | M= 27.8 Nm (limit 150.0) | edge= 23.1 mm
set_up:     t=  3.6 s | tip=  3.4 deg | F= 57.4 N | M= 29.7 Nm (limit 150.0) | edge= 23.3 mm
set_up:     t=  3.8 s | tip=  3.4 deg | F= 61.0 N | M= 31.6 Nm (limit 150.0) | edge= 23.6 mm
set_up:     t=  4.0 s | tip=  3.4 deg | F= 65.0 N | M= 33.6 Nm (limit 150.0) | edge= 23.7 mm
set_up:     t=  4.2 s | tip=  3.4 deg | F= 60.3 N | M= 31.0 Nm (limit 150.0) | edge= 23.7 mm
set_up:     t=  4.4 s | tip=  3.4 deg | F= 60.3 N | M= 31.0 Nm (limit 150.0) | edge= 23.7 mm
set_up:     t=  4.6 s | tip=  3.4 deg | F= 60.3 N | M= 31.0 Nm (limit 150.0) | edge= 23.7 mm
set_up:     t=  4.8 s | tip=  3.4 deg | F= 60.3 N | M= 31.0 Nm (limit 150.0) | edge= 23.7 mm
set_up:     t=  5.0 s | tip=  3.4 deg | F= 60.2 N | M= 30.9 Nm (limit 150.0) | edge= 23.7 mm
set_up:     t=  5.2 s | tip=  3.4 deg | F= 60.2 N | M= 30.9 Nm (limit 150.0) | edge= 23.7 mm
set_up:     t=  5.4 s | tip=  3.4 deg | F= 60.4 N | M= 31.0 Nm (limit 150.0) | edge= 23.7 mm
set_up:     t=  5.6 s | tip=  3.4 deg | F= 60.2 N | M= 30.9 Nm (limit 150.0) | edge= 23.7 mm
set_up:     t=  5.8 s | tip=  3.4 deg | F= 60.2 N | M= 30.9 Nm (limit 150.0) | edge= 23.7 mm
set_up:     t=  6.0 s | tip=  3.4 deg | F= 60.2 N | M= 30.9 Nm (limit 150.0) | edge= 23.7 mm
set_up:     t=  6.2 s | tip=  3.4 deg | F= 60.2 N | M= 30.9 Nm (limit 150.0) | edge= 23.7 mm
set_up:     t=  6.4 s | tip=  3.4 deg | F= 60.2 N | M= 30.9 Nm (limit 150.0) | edge= 23.7 mm
set_up:     t=  6.6 s | tip=  3.4 deg | F= 60.2 N | M= 30.9 Nm (limit 150.0) | edge= 23.7 mm
set_up:     t=  6.8 s | tip=  3.4 deg | F= 60.2 N | M= 30.9 Nm (limit 150.0) | edge= 23.7 mm
set_up:     t=  7.0 s | tip=  3.4 deg | F= 60.2 N | M= 30.9 Nm (limit 150.0) | edge= 23.7 mm
set_up:     t=  7.2 s | tip=  3.4 deg | F= 60.2 N | M= 30.9 Nm (limit 150.0) | edge= 23.7 mm
set_up:     t=  7.4 s | tip=  3.4 deg | F= 60.2 N | M= 30.9 Nm (limit 150.0) | edge= 23.7 mm
set_up:     t=  7.6 s | tip=  3.4 deg | F= 60.2 N | M= 30.9 Nm (limit 150.0) | edge= 23.7 mm
set_up:     t=  7.8 s | tip=  3.4 deg | F= 60.2 N | M= 30.9 Nm (limit 150.0) | edge= 23.7 mm
set_up:     t=  8.0 s | tip=  3.4 deg | F= 60.2 N | M= 30.9 Nm (limit 150.0) | edge= 23.7 mm
set_up:     t=  8.2 s | tip=  3.4 deg | F= 60.2 N | M= 30.9 Nm (limit 150.0) | edge= 23.7 mm
set_up:     t=  8.4 s | tip=  3.4 deg | F= 60.2 N | M= 30.9 Nm (limit 150.0) | edge= 23.7 mm
set_up:     t=  8.6 s | tip=  3.4 deg | F= 60.2 N | M= 30.9 Nm (limit 150.0) | edge= 23.7 mm
set_up:     t=  8.8 s | tip=  3.4 deg | F= 60.2 N | M= 30.9 Nm (limit 150.0) | edge= 23.7 mm
set_up:     t=  9.0 s | tip=  3.4 deg | F= 60.1 N | M= 30.9 Nm (limit 150.0) | edge= 23.7 mm
set_up:     t=  9.2 s | tip=  3.4 deg | F= 60.1 N | M= 30.9 Nm (limit 150.0) | edge= 23.7 mm
set_up:     t=  9.4 s | tip=  3.4 deg | F= 60.2 N | M= 30.9 Nm (limit 150.0) | edge= 23.7 mm
set_up:     t=  9.6 s | tip=  3.4 deg | F= 60.3 N | M= 30.9 Nm (limit 150.0) | edge= 23.7 mm
set_up:     t=  9.8 s | tip=  3.4 deg | F= 60.2 N | M= 30.9 Nm (limit 150.0) | edge= 23.7 mm
set_up:     t= 10.0 s | tip=  3.4 deg | F= 60.1 N | M= 30.9 Nm (limit 150.0) | edge= 23.7 mm
set_up:     t= 10.2 s | tip=  3.4 deg | F= 60.2 N | M= 30.9 Nm (limit 150.0) | edge= 23.7 mm
set_up:     t= 10.4 s | tip=  3.4 deg | F= 60.2 N | M= 30.9 Nm (limit 150.0) | edge= 23.7 mm
set_up:     t= 10.6 s | tip=  3.4 deg | F= 60.2 N | M= 30.9 Nm (limit 150.0) | edge= 23.7 mm
set_up:     t= 10.8 s | tip=  3.4 deg | F= 60.2 N | M= 30.9 Nm (limit 150.0) | edge= 23.7 mm
set_up:     t= 11.0 s | tip=  3.4 deg | F= 60.2 N | M= 30.9 Nm (limit 150.0) | edge= 23.7 mm
set_up:     t= 11.2 s | tip=  3.4 deg | F= 60.2 N | M= 30.9 Nm (limit 150.0) | edge= 23.7 mm
set_up:     t= 11.4 s | tip=  3.4 deg | F= 60.1 N | M= 30.8 Nm (limit 150.0) | edge= 23.7 mm
set_up:     t= 11.6 s | tip=  3.4 deg | F= 60.1 N | M= 30.8 Nm (limit 150.0) | edge= 23.7 mm
set_up:     t= 11.8 s | tip=  3.4 deg | F= 60.2 N | M= 30.9 Nm (limit 150.0) | edge= 23.7 mm

=== Set-up result ===
stop: time | t=12.0 s | tip=3.4 deg | F=60.1 N | M=30.9 Nm
edge_from_contact = [-12.1, +0.5, -20.4] mm | norm=23.7 mm
tcp_from_contact  = [-25.9, +61.2, +2.6] mm | norm=66.5 mm
alignment: before=0.49 deg | after=3.65 deg | gain=-3.16 deg

=== Set-up surface-frame breakdown ===
frame: alignment-target [tangent1, tangent2, normal]
force        [N]      = [   -12.99,     -0.65,    -58.72]
tcp_disp     [mm]     = [    -8.76,     +0.51,    -39.76]
edge_disp    [mm]     = [   -10.30,     +0.49,    -21.38]
Kp_eff=F/tcp [N/m]    = [   1482.7,   -1279.2,    1476.8]
moment@edge  [Nm]     = [    +3.73,    +28.71,     -1.07]
tip_angle    [deg]    = [    -0.15,     -3.40,     +0.26]
KR_eff=M/ang [Nm/rad] = [  -1430.2,    -483.8,    -233.9]

finite_axis: angle=3.4 deg | axis_from_edge=[-346.4, +28.4, +192.7] mm | dir=[+0.037, +0.996, -0.080] | pitch=+28.2 mm/rad

=== Coupled stiffness from the measured pole ===
source spring K_pole/D_pole (diagonal, from parameters):
  Kp [N/m]     = [2000, 2000, 350]
  KR [Nm/rad]  = [5, 5, 50]
  Dp [Ns/m]    = [10, 10, 175]
  DR [Nms/rad] = [10.01, 10.01, 10]

poles compared (lever r_c = TCP - pole):
  (A) measured axis : angle=3.4 deg | pitch=+28.2 mm/rad
      pole_from_edge = [-334.2, 29.6, 213.0] mm
      r_c            = [320.4, 31.1, -190.0] mm
  (B) manual pole   : COMMANDED this run, contact reference
      pole_from_edge = [22.6, -0.5, 139.9] mm
      r_c            = [-24.2, 60.7, -78.1] mm
      r_c(B)-r_c(A)  = [-344.6, 29.6, 111.9] mm

K_TCP = Ad^T K_pole Ad  [rows fx..mz | cols tx..rz]:
  (A) measured axis:
           tx        ty        tz    |    rx        ry        rz
  fx [    2000        0        0 |        0      380    62.14 ]
  fy [       0     2000        0 |     -380        0   -640.8 ]
  fz [       0        0      350 |   -10.88    112.1        0 ]
     ---------------------------+---------------------------
  mx [       0     -380   -10.88 |    77.87   -3.484    125.7 ]
  my [     380        0    112.1 |   -3.484    113.1    11.81 ]
  mz [   62.14   -640.8        0 |    125.7    11.81    256.9 ]
  (A) K_TCP eigenvalues = [4.382, 4.871, 44.93, 385.2, 2074, 2285] -> PSD ok (>=0) (min=4.382)
  (B) manual pole:
           tx        ty        tz    |    rx        ry        rz
  fx [    2000        0        0 |        0    156.3    121.3 ]
  fy [       0     2000        0 |   -156.3        0    48.39 ]
  fz [       0        0      350 |   -21.23   -8.469        0 ]
     ---------------------------+---------------------------
  mx [       0   -156.3   -21.23 |    18.84   0.5137    0.126 ]
  my [   156.3        0   -8.469 |   0.5137    17.41    9.478 ]
  mz [   121.3    48.39        0 |    0.126    9.478    58.19 ]
  (B) K_TCP eigenvalues = [4.948, 4.968, 49.8, 351.5, 2012, 2021] -> PSD ok (>=0) (min=4.948)

D_TCP = Ad^T D_pole Ad:
  (A) measured axis:
           tx        ty        tz    |    rx        ry        rz
  fx [   237.1        0        0 |        0    45.04    7.366 ]
  fy [       0    178.3        0 |   -33.87        0   -57.11 ]
  fz [       0        0    108.1 |   -3.358    34.63        0 ]
     ---------------------------+---------------------------
  mx [       0   -33.87   -3.358 |    7.945   -1.076     10.8 ]
  my [   45.04        0    34.63 |   -1.076    21.73    1.399 ]
  mz [   7.366   -57.11        0 |     10.8    1.399    19.31 ]
  (A) D_TCP eigenvalues = [0.6939, 1.381, 1.818, 118.7, 203, 246.8] -> PSD ok (>=0) (min=0.6939)
  (B) manual pole:
           tx        ty        tz    |    rx        ry        rz
  fx [   237.1        0        0 |        0    18.52    14.38 ]
  fy [       0    178.3        0 |   -13.93        0    4.313 ]
  fz [       0        0    108.1 |   -6.556   -2.615        0 ]
     ---------------------------+---------------------------
  mx [       0   -13.93   -6.556 |    2.892   0.1586  -0.3922 ]
  my [   18.52        0   -2.615 |   0.1586    3.584    1.123 ]
  mz [   14.38    4.313        0 |  -0.3922    1.123    1.756 ]
  (B) D_TCP eigenvalues = [0.772, 1.397, 2.06, 108.5, 179.5, 239.4] -> PSD ok (>=0) (min=0.772)
phase: grind

Stop requested with e + Enter. Finishing control loop...

Joint motion [deg]:
joint    start   final   delta
------------------------------
q1       -2.8    -1.9     0.9
q2       18.1    32.4    14.3
q3       -5.1    -2.4     2.8
q4     -122.8  -121.5     1.3
q5       17.5     0.6   -17.0
q6      139.5   145.1     5.7
q7       26.8    43.0    16.2

=== Final result ===
p_d = [528.9, -38.7, -133.2] mm
p_EE = [535.0, -42.6, 25.7] mm
e_p = [-6.1, 3.9, -158.9] mm
position_error = 159.04 mm
e_R = [0.77, -3.64, -0.13] deg
rotation_error = 3.73 deg
csv: surface_grinding_controller_log.csv
