
====================================================================
  SURFACE GRINDING CONTROLLER
====================================================================
  robot              172.16.0.2
--------------------------------------------------------------------

Press Enter to recover and configure the robot.
  Robot recovered or already ready.

====================================================================
  STARTUP MODE
====================================================================
  run     s   run the phase sequence from q_init
          h   hold the q_init pose
          t   hold with the set-up impedance, to test those gains
          g   hand-guide the start pose, then choose
--------------------------------------------------------------------
  set up  q   go to q_init and inspect
          o   open the hand now
          c   grasp the tool now
          r   recalibrate the hand width, fingers empty
          f   fetch the tool from the holder
          b   put the tool back
--------------------------------------------------------------------
  quit    e   stop and quit
--------------------------------------------------------------------
  in a run    e stop | m menu | g hand-guide | s sequence | t hold
--------------------------------------------------------------------
Choice [s/h/t/g/q/o/c/r/f/b/e]: 
-- selected: phase sequence ----------------------------------------

-- moving to q_init ------------------------------------------------
  case               horizontal_table_search
  q1..q7 [deg]     = [0.8, 12.1, -0.5, -130.9, -0.2, 142.9, 44.7] deg
  horizontal_table_search = [0.014777, 0.210911, -0.009320, -2.284835, -0.002725, 2.493410, 0.780694] rad
  q_init reached.

-- start pose ------------------------------------------------------
  q_start          = [0.9, 12.1, -0.6, -130.9, -0.1, 142.9, 44.7] deg
  p_start          = [    531.4,       2.4,     156.9] mm

====================================================================
  RUN
====================================================================

-- phase: approach_orient ------------------------------------------
  Kp [t1,t2,n]     = [    150.0,     150.0,     150.0] N/m
  Dp [t1,t2,n]     = [    126.5,     103.6,     128.3] Ns/m     auto (factor 1.90)
  KR [t1,t2,n]     = [     90.0,      90.0,      90.0] Nm/rad
  DR [t1,t2,n]     = [     13.5,      15.8,       2.0] Nms/rad  auto (factor 1.90)
orient:     t=  0.0 s | axis_err=  9.0 deg | spin_err=  0.6 deg
orient:     t=  0.2 s | axis_err=  8.4 deg | spin_err=  0.0 deg
orient:     t=  0.4 s | axis_err=  5.9 deg | spin_err=  0.2 deg
orient:     t=  0.6 s | axis_err=  3.1 deg | spin_err=  0.2 deg
orient:     t=  0.8 s | axis_err=  2.3 deg | spin_err=  0.3 deg
orient:     t=  1.0 s | axis_err=  2.0 deg | spin_err=  0.2 deg

Orientation reached: axis_err=2.0 deg | spin_err=0.2 deg

-- phase: approach_descend -----------------------------------------
  Kp [t1,t2,n]     = [    150.0,     150.0,     150.0] N/m
  Dp [t1,t2,n]     = [    126.5,     103.6,     128.3] Ns/m     auto (factor 1.90)
  KR [t1,t2,n]     = [     90.0,      90.0,      90.0] Nm/rad
  DR [t1,t2,n]     = [     13.5,      15.8,       2.0] Nms/rad  auto (factor 1.90)
  descend to         20 mm clearance at 0.100 m/s
descend:    t=  0.0 s | distance=   0.1 mm | height=+120.8 mm (target 20.0) | force=  0.0 N
descend:    t=  0.2 s | distance=  20.2 mm | height=+109.7 mm (target 20.0) | force=  2.0 N
descend:    t=  0.4 s | distance=  40.3 mm | height= +95.3 mm (target 20.0) | force=  2.9 N
descend:    t=  0.6 s | distance=  60.4 mm | height= +79.7 mm (target 20.0) | force=  3.3 N
descend:    t=  0.8 s | distance=  80.5 mm | height= +63.0 mm (target 20.0) | force=  1.8 N
descend:    t=  1.0 s | distance= 100.6 mm | height= +45.9 mm (target 20.0) | force=  3.0 N
descend:    t=  1.2 s | distance= 120.7 mm | height= +29.0 mm (target 20.0) | force=  2.0 N

[GATE] Reached 20 mm above the plane. Press Enter to start the set-up press (e+Enter stops).

-- gate hold -------------------------------------------------------
  Kp [x,y,z]       = [   5000.0,    5000.0,    5000.0] N/m
  Dp [x,y,z]       = [    205.7,     156.7,     239.2] Ns/m     auto
  KR [t1,t2,n]     = [     90.0,      90.0,      90.0] Nm/rad
  DR [t1,t2,n]     = [     13.3,      12.6,       2.5] Nms/rad  auto
[GATE] Continuing to the set-up press.

Clearance reached: distance=131.6 mm | height=19.9 mm | target=20.0 mm | force=2.9 N (not used for the switch)
  offset_ee        = [     20.0,      60.0,      20.0] mm
  p_EE_at_contact  = [    509.6,       6.0,      48.3] mm
  contact_point    = [    526.7,     -52.6,       1.4] mm
  edge_offset      = [     17.1,     -58.6,     -46.9] mm

-- phase: set_up ---------------------------------------------------

-- set-up impedance ------------------------------------------------
  law                wrench = K_TCP*dx + D_TCP*dv
                     K_TCP  = Ad(r_c)^T * blkdiag(Kp,KR) * Ad(r_c)
  Kp [t1,t2,n]     = [   2000.0,    2000.0,     800.0] N/m
  Dp [t1,t2,n]     = [    218.5,     194.1,     169.2] Ns/m     auto
  KR [t1,t2,n]     = [      5.0,       5.0,      50.0] Nm/rad
  DR [t1,t2,n]     = [      1.8,       1.7,       1.1] Nms/rad  auto
  p_c [EE]         = [      0.0,       0.0,       0.0] mm       the pole on the tool, from p_EE
  r_c [t1,t2,n]    = [      0.0,       0.0,       0.0] mm       commanded: p_TCP - p_c, in the plane
set_up:     t=  0.0 s | tip=  0.0 deg | F=  0.1 N | M=  0.0 Nm (limit 150.0) | edge= 19.8 mm
set_up:     t=  0.2 s | tip=  0.5 deg | F=  0.5 N | M=  1.3 Nm (limit 150.0) | edge= 10.8 mm
set_up:     t=  0.4 s | tip=  1.0 deg | F=  0.4 N | M=  1.4 Nm (limit 150.0) | edge=  4.3 mm
set_up:     t=  0.6 s | tip=  1.4 deg | F= 12.8 N | M=  7.1 Nm (limit 150.0) | edge=  3.1 mm
set_up:     t=  0.8 s | tip=  1.4 deg | F= 18.5 N | M=  9.9 Nm (limit 150.0) | edge=  3.4 mm
set_up:     t=  1.0 s | tip=  1.4 deg | F= 26.8 N | M= 14.1 Nm (limit 150.0) | edge=  3.7 mm
set_up:     t=  1.2 s | tip=  1.5 deg | F= 34.7 N | M= 18.2 Nm (limit 150.0) | edge=  4.2 mm
set_up:     t=  1.4 s | tip=  1.5 deg | F= 42.5 N | M= 22.2 Nm (limit 150.0) | edge=  4.6 mm
set_up:     t=  1.6 s | tip=  1.6 deg | F= 50.2 N | M= 26.1 Nm (limit 150.0) | edge=  5.0 mm
set_up:     t=  1.8 s | tip=  1.6 deg | F= 44.3 N | M= 23.0 Nm (limit 150.0) | edge=  4.9 mm
set_up:     t=  2.0 s | tip=  1.6 deg | F= 44.1 N | M= 22.9 Nm (limit 150.0) | edge=  4.9 mm
set_up:     t=  2.2 s | tip=  1.6 deg | F= 44.0 N | M= 22.8 Nm (limit 150.0) | edge=  4.9 mm
set_up:     t=  2.4 s | tip=  1.6 deg | F= 43.9 N | M= 22.8 Nm (limit 150.0) | edge=  4.9 mm
set_up:     t=  2.6 s | tip=  1.6 deg | F= 43.9 N | M= 22.8 Nm (limit 150.0) | edge=  4.9 mm
set_up:     t=  2.8 s | tip=  1.6 deg | F= 43.9 N | M= 22.8 Nm (limit 150.0) | edge=  4.9 mm
set_up:     t=  3.0 s | tip=  1.6 deg | F= 43.9 N | M= 22.8 Nm (limit 150.0) | edge=  4.9 mm
set_up:     t=  3.2 s | tip=  1.6 deg | F= 43.8 N | M= 22.7 Nm (limit 150.0) | edge=  4.9 mm
set_up:     t=  3.4 s | tip=  1.6 deg | F= 43.8 N | M= 22.7 Nm (limit 150.0) | edge=  4.9 mm
set_up:     t=  3.6 s | tip=  1.6 deg | F= 43.8 N | M= 22.7 Nm (limit 150.0) | edge=  4.9 mm
set_up:     t=  3.8 s | tip=  1.6 deg | F= 43.8 N | M= 22.7 Nm (limit 150.0) | edge=  4.9 mm
set_up:     t=  4.0 s | tip=  1.6 deg | F= 43.8 N | M= 22.7 Nm (limit 150.0) | edge=  4.9 mm
set_up:     t=  4.2 s | tip=  1.6 deg | F= 43.8 N | M= 22.7 Nm (limit 150.0) | edge=  4.9 mm
set_up:     t=  4.4 s | tip=  1.6 deg | F= 43.8 N | M= 22.7 Nm (limit 150.0) | edge=  4.9 mm
set_up:     t=  4.6 s | tip=  1.6 deg | F= 44.0 N | M= 22.8 Nm (limit 150.0) | edge=  5.0 mm
set_up:     t=  4.8 s | tip=  1.6 deg | F= 44.0 N | M= 22.8 Nm (limit 150.0) | edge=  5.0 mm

====================================================================
  SET-UP RESULT
====================================================================
  stop: time | t=5.0 s | tip=1.6 deg | F=43.9 N | M=22.8 Nm
  edge_from_contact = [-3.3, +0.1, -3.7] mm | norm=5.0 mm
  tcp_from_contact  = [-19.8, +58.4, +23.4] mm | norm=66.0 mm
  alignment: before=8.17 deg | after=8.93 deg | gain=-0.76 deg
  alignment components [t1,t2,n] deg: before=[+8.02,+1.59,+0.00] | after=[+8.38,+3.07,+0.00]

-- set-up surface-frame breakdown ----------------------------------
  frame              alignment-target [tangent1, tangent2, normal]
  force        [N]      = [    -2.66,     +2.92,    -43.69]
  tcp_disp     [mm]     = [    +1.80,     -1.39,    -23.49]
  edge_disp    [mm]     = [    +2.84,     -1.60,     -3.73]
  Kp_eff=F/tcp [N/m]    = [  -1480.1,   -2104.3,    1859.6]
  moment@edge  [Nm]     = [    -6.65,    -21.33,     -0.60]
  tip_angle    [deg]    = [    +0.35,     +1.53,     +0.28]
  KR_eff=M/ang [Nm/rad] = [  -1074.5,    -796.4,    -123.0]

-- centre of compliance --------------------------------------------
  definition         r_c = p_TCP - p_c
  p_TCP [x,y,z]    = [    509.6,       6.0,      48.3] mm
  p_c [EE]         = [     -0.0,       0.0,      -0.0] mm
  r_c [t1,t2,n]    = [      0.0,       0.0,       0.0] mm
                     p_c resolved at first contact

-- what the TCP feels ----------------------------------------------
  K_TCP translation = [   1999.6,    1999.1,     801.3] N/m
  K_TCP rotation   = [      5.0,       5.0,      50.0] Nm/rad
  commanded KR was = [      5.0,       5.0,      50.0] Nm/rad   the rest is the lever
  D_TCP translation = [    214.1,     198.4,     169.2] Ns/m
  D_TCP rotation   = [      1.8,       1.7,       1.1] Nms/rad
  coupling           max |moment per unit translation| = 0.0 Nm/m (K), 0.0 Nms/m (D)
  eigenvalues        K_TCP 5.00 .. 2000 | D_TCP 1.08 .. 219  (both positive: valid springs)

  K_TCP [N/m, Nm/rad | rows fx..mz, cols tx..rz]:
           tx        ty        tz    |    rx        ry        rz
  fx [    2000  -0.5725   -20.68 |        0        0        0 ]
  fy [ -0.5725     1999   -33.18 |        0        0        0 ]
  fz [  -20.68   -33.18    801.3 |        0        0        0 ]
     ---------------------------+---------------------------
  mx [       0        0        0 |    5.013  0.02147   0.7756 ]
  my [       0        0        0 |  0.02147    5.034    1.244 ]
  mz [       0        0        0 |   0.7756    1.244    49.95 ]

  D_TCP [Ns/m, Nms/rad]:
           tx        ty        tz    |    rx        ry        rz
  fx [   214.1     9.35   -1.034 |        0        0        0 ]
  fy [    9.35    198.4  -0.9709 |        0        0        0 ]
  fz [  -1.034  -0.9709    169.2 |        0        0        0 ]
     ---------------------------+---------------------------
  mx [       0        0        0 |    1.754  0.03429 -0.01265 ]
  my [       0        0        0 |  0.03429    1.696 -0.01775 ]
  mz [       0        0        0 | -0.01265 -0.01775    1.077 ]

[GATE] Set up finished (holding the pressed pose). Press Enter to start the grind (e+Enter stops).

Stop requested with e + Enter. Finishing control loop...

-- joint motion [deg] ----------------------------------------------
  joint       start    final    delta
  q1            0.9      0.7     -0.2
  q2           12.1     29.0    +16.9
  q3           -0.6     -0.5     +0.1
  q4         -130.9   -128.9     +2.0
  q5           -0.1     10.2    +10.3
  q6          142.9    150.6     +7.7
  q7           44.7     36.7     -8.0

====================================================================
  FINAL RESULT
====================================================================
  p_d              = [    508.2,       3.8,     -31.6] mm
  p_EE             = [    507.0,       5.9,      24.8] mm
  e_p              = [      1.2,      -2.1,     -56.4] mm
  e_R              = [     0.33,     -1.53,      0.32] deg
--------------------------------------------------------------------
  position error     56.45 mm
  rotation error     1.60 deg
  csv                logs/surface_grinding_controller_log.csv
--------------------------------------------------------------------
