
Press Enter to recover and configure the robot.
Robot recovered or already ready.
Collision: custom thresholds.

=== Startup choice ===
  q = go to q_init (from params/common.txt), then choose again
  g = guiding mode: go to q_init, then hand-guide to your pose;
      use s+Enter for sequence or h+Enter for hold
  o = open the Franka hand now (release/load tool), then choose again
  c = close/grasp the tool now, then choose again
  r = continue to run mode (available after q_init is reached)
Choice [q/g/o/c/r, Enter = q]: Moving to q_init...
q_init reached.

=== Startup choice ===
  q = go to q_init (from params/common.txt), then choose again
  g = guiding mode: go to q_init, then hand-guide to your pose;
      use s+Enter for sequence or h+Enter for hold
  o = open the Franka hand now (release/load tool), then choose again
  c = close/grasp the tool now, then choose again
  r = continue to run mode
Choice [q/g/o/c/r, Enter = q]: Moving to q_init...
q_init reached.

=== Startup choice ===
  q = go to q_init (from params/common.txt), then choose again
  g = guiding mode: go to q_init, then hand-guide to your pose;
      use s+Enter for sequence or h+Enter for hold
  o = open the Franka hand now (release/load tool), then choose again
  c = close/grasp the tool now, then choose again
  r = continue to run mode
Choice [q/g/o/c/r, Enter = q]: 
=== Run mode ===
  s = phase sequence (approach / set up / grind)
  h = hold at the start pose
Choice [s/h, Enter = s]: Selected: phase sequence. Nullspace mode from parameters: nullspace_damping_plus_sigma.

=== Setup ===
run: phase sequence | approach_orient: on | nullspace: nullspace_damping_plus_sigma
nullspace parameters: d_null=2.000 | k_sigma=1.000 Nm | alpha=0.0800 rad
hold: Kp=300.0 N/m | KR=40.0 Nm/rad | damping=auto translation+rotation (factor fitted online toward Dp=50.0 Ns/m)
manual_guidance_start: off | manual_damping=0.50
descend: clearance=20.0 mm | speed=0.100 m/s | max_distance=640 mm
alignment push: start=captured | end=+180 mm | speed=0.050 m/s | ramp_time~=4.0 s | timeout=12.0 s | moment_threshold=150.0 Nm
grind: sweep | axis=tangent2 | amplitude=30 mm | frequency=0.20 Hz
coupled stiffness: apply=on | saved=yes | pole=manual
gates: pause_before_set_up=on | pause_auto_damping=on | pause_before_grind=off | debug_period=0.20 s
alignment-target normal=[+0.087, -0.000, +0.996] | tilt a(x)=0.0 deg, b(y)=5.0 deg (from angles)
tool face: 40 x 120 mm | center offset EE=[+0.0, +0.0, +20.0] mm
Gripper already holding the tool (width 65.0 mm); keeping grasp.
Press e+Enter to stop the controller before the duration expires.
During hold: press g+Enter to hand-guide the tool, then p+Enter to recapture and resume hold.
experiment_duration <= 0: running indefinitely until e + Enter.

=== Start pose ===
q_start = [-2.7, 18.1, -5.1, -122.8, 17.5, 139.5, 26.8] deg
p_start = [565.1, -59.4, 151.1] mm

=== Run ===
phase: approach_orient
orient:     t=  0.0 s | axis_err= 11.5 deg | rot_err= 11.5 deg
approach Dp        auto=[ 134.14,   97.25,  122.28]  manual=[  20.00,   20.00,   20.00] Ns/m
approach DR        auto=[  12.73,   16.36,    4.08]  manual=[  12.00,   12.00,   12.00] Nms/rad
orient:     t=  0.2 s | axis_err=  4.5 deg | rot_err=  4.5 deg
orient:     t=  0.4 s | axis_err=  2.3 deg | rot_err=  2.3 deg

Orientation reached: axis_err=1.9 deg
phase: approach_descend
descend:    t=  0.0 s | distance=   0.1 mm | height= +98.2 mm (target 20.0) | force= -0.0 N
descend:    t=  0.2 s | distance=  20.1 mm | height= +86.2 mm (target 20.0) | force=  0.6 N
descend:    t=  0.4 s | distance=  40.1 mm | height= +69.3 mm (target 20.0) | force=  1.4 N
descend:    t=  0.6 s | distance=  60.2 mm | height= +51.6 mm (target 20.0) | force=  1.7 N
descend:    t=  0.8 s | distance=  80.3 mm | height= +33.6 mm (target 20.0) | force=  1.8 N

[GATE] Reached 20 mm above the plane. Press Enter to start the set-up press (e+Enter stops).
pause auto damping: fitted Dp factor=0.551, DR factor=1.960
pause Dp [xyz]     auto=[ 206.57,  155.26,  224.86]  manual=[ 200.00,  200.00,  200.00] Ns/m
pause DR [t1t2n]   auto=[  11.73,   17.28,    2.04]  manual=[  12.73,   16.36,    4.08] Nms/rad
[GATE] Continuing to the set-up press.
descend:    t=  2.7 s | distance=  95.6 mm | height= +19.6 mm (target 20.0) | force=  0.6 N

Clearance reached: distance=95.6 mm | height=19.6 mm | target=20.0 mm | force=0.6 N (not used for the switch)
offset_ee = [20.0, 60.0, 20.0] mm
p_EE_at_contact = [546.5, -65.6, 65.5] mm
contact_point = [560.3, -126.2, 24.1] mm
edge_offset_base = [13.7, -60.7, -41.4] mm
phase: set_up
set_up Dp [xyz]    auto=[ 237.08,  178.21,  108.09]  manual=[  10.00,   10.00,  175.00] Ns/m
set_up DR [t1t2n]  auto=[   1.41,    2.07,    0.77]  manual=[  10.01,   10.01,   10.00] Nms/rad
set_up:     t=  0.0 s | tip=  0.0 deg | F=  0.0 N | M=  0.0 Nm (limit 150.0) | edge= 19.6 mm
set_up:     t=  0.2 s | tip=  0.3 deg | F=  0.7 N | M=  0.2 Nm (limit 150.0) | edge= 14.2 mm
set_up:     t=  0.4 s | tip=  0.4 deg | F=  2.0 N | M=  0.7 Nm (limit 150.0) | edge=  6.4 mm
set_up:     t=  0.6 s | tip=  0.6 deg | F=  2.0 N | M=  0.7 Nm (limit 150.0) | edge=  2.8 mm
set_up:     t=  0.8 s | tip=  0.8 deg | F=  1.3 N | M=  0.3 Nm (limit 150.0) | edge= 12.0 mm
set_up:     t=  1.0 s | tip=  0.8 deg | F= 11.6 N | M=  5.8 Nm (limit 150.0) | edge= 20.7 mm
set_up:     t=  1.2 s | tip=  0.8 deg | F= 11.6 N | M=  6.1 Nm (limit 150.0) | edge= 20.7 mm
set_up:     t=  1.4 s | tip=  0.8 deg | F= 15.4 N | M=  8.3 Nm (limit 150.0) | edge= 20.8 mm
set_up:     t=  1.6 s | tip=  0.8 deg | F= 18.8 N | M= 10.2 Nm (limit 150.0) | edge= 21.1 mm
set_up:     t=  1.8 s | tip=  0.9 deg | F= 23.0 N | M= 12.6 Nm (limit 150.0) | edge= 21.3 mm
set_up:     t=  2.0 s | tip=  1.0 deg | F= 26.7 N | M= 14.7 Nm (limit 150.0) | edge= 21.5 mm
set_up:     t=  2.2 s | tip=  1.0 deg | F= 30.4 N | M= 16.7 Nm (limit 150.0) | edge= 21.7 mm
set_up:     t=  2.4 s | tip=  1.1 deg | F= 33.8 N | M= 18.7 Nm (limit 150.0) | edge= 21.9 mm
set_up:     t=  2.6 s | tip=  1.1 deg | F= 37.5 N | M= 20.7 Nm (limit 150.0) | edge= 22.1 mm
set_up:     t=  2.8 s | tip=  1.2 deg | F= 40.9 N | M= 22.6 Nm (limit 150.0) | edge= 22.3 mm
set_up:     t=  3.0 s | tip=  1.3 deg | F= 44.6 N | M= 24.6 Nm (limit 150.0) | edge= 22.5 mm
set_up:     t=  3.2 s | tip=  1.4 deg | F= 47.3 N | M= 26.0 Nm (limit 150.0) | edge= 22.8 mm
set_up:     t=  3.4 s | tip=  1.5 deg | F= 51.1 N | M= 28.1 Nm (limit 150.0) | edge= 23.0 mm
set_up:     t=  3.6 s | tip=  1.6 deg | F= 55.1 N | M= 30.3 Nm (limit 150.0) | edge= 23.3 mm
set_up:     t=  3.8 s | tip=  1.7 deg | F= 58.7 N | M= 32.3 Nm (limit 150.0) | edge= 23.5 mm
set_up:     t=  4.0 s | tip=  1.8 deg | F= 62.0 N | M= 33.9 Nm (limit 150.0) | edge= 23.7 mm
set_up:     t=  4.2 s | tip=  2.0 deg | F= 57.5 N | M= 31.6 Nm (limit 150.0) | edge= 23.7 mm
set_up:     t=  4.4 s | tip=  2.0 deg | F= 57.6 N | M= 31.6 Nm (limit 150.0) | edge= 23.8 mm
set_up:     t=  4.6 s | tip=  2.0 deg | F= 57.5 N | M= 31.6 Nm (limit 150.0) | edge= 23.8 mm
set_up:     t=  4.8 s | tip=  2.0 deg | F= 57.5 N | M= 31.6 Nm (limit 150.0) | edge= 23.8 mm
set_up:     t=  5.0 s | tip=  2.0 deg | F= 57.6 N | M= 31.7 Nm (limit 150.0) | edge= 23.8 mm
set_up:     t=  5.2 s | tip=  2.0 deg | F= 57.4 N | M= 31.5 Nm (limit 150.0) | edge= 23.8 mm
set_up:     t=  5.4 s | tip=  2.0 deg | F= 57.3 N | M= 31.4 Nm (limit 150.0) | edge= 23.8 mm
set_up:     t=  5.6 s | tip=  2.0 deg | F= 57.5 N | M= 31.6 Nm (limit 150.0) | edge= 23.8 mm
set_up:     t=  5.8 s | tip=  2.0 deg | F= 57.4 N | M= 31.5 Nm (limit 150.0) | edge= 23.8 mm
set_up:     t=  6.0 s | tip=  2.0 deg | F= 57.4 N | M= 31.5 Nm (limit 150.0) | edge= 23.8 mm
set_up:     t=  6.2 s | tip=  2.0 deg | F= 57.3 N | M= 31.5 Nm (limit 150.0) | edge= 23.8 mm
set_up:     t=  6.4 s | tip=  2.0 deg | F= 57.4 N | M= 31.5 Nm (limit 150.0) | edge= 23.8 mm
set_up:     t=  6.6 s | tip=  2.0 deg | F= 57.2 N | M= 31.4 Nm (limit 150.0) | edge= 23.8 mm
set_up:     t=  6.8 s | tip=  2.0 deg | F= 57.2 N | M= 31.5 Nm (limit 150.0) | edge= 23.8 mm
set_up:     t=  7.0 s | tip=  2.0 deg | F= 57.3 N | M= 31.5 Nm (limit 150.0) | edge= 23.8 mm
set_up:     t=  7.2 s | tip=  2.0 deg | F= 57.3 N | M= 31.5 Nm (limit 150.0) | edge= 23.8 mm
set_up:     t=  7.4 s | tip=  2.0 deg | F= 57.4 N | M= 31.6 Nm (limit 150.0) | edge= 23.8 mm
set_up:     t=  7.6 s | tip=  2.0 deg | F= 57.3 N | M= 31.5 Nm (limit 150.0) | edge= 23.8 mm
set_up:     t=  7.8 s | tip=  2.0 deg | F= 57.2 N | M= 31.5 Nm (limit 150.0) | edge= 23.8 mm
set_up:     t=  8.0 s | tip=  2.0 deg | F= 57.4 N | M= 31.6 Nm (limit 150.0) | edge= 23.8 mm
set_up:     t=  8.2 s | tip=  2.0 deg | F= 57.2 N | M= 31.5 Nm (limit 150.0) | edge= 23.8 mm
set_up:     t=  8.4 s | tip=  2.1 deg | F= 57.1 N | M= 31.5 Nm (limit 150.0) | edge= 23.8 mm
set_up:     t=  8.6 s | tip=  2.1 deg | F= 57.1 N | M= 31.5 Nm (limit 150.0) | edge= 23.8 mm
set_up:     t=  8.8 s | tip=  2.1 deg | F= 57.2 N | M= 31.5 Nm (limit 150.0) | edge= 23.8 mm
set_up:     t=  9.0 s | tip=  2.1 deg | F= 57.2 N | M= 31.5 Nm (limit 150.0) | edge= 23.8 mm
set_up:     t=  9.2 s | tip=  2.1 deg | F= 57.2 N | M= 31.5 Nm (limit 150.0) | edge= 23.8 mm
set_up:     t=  9.4 s | tip=  2.1 deg | F= 57.1 N | M= 31.5 Nm (limit 150.0) | edge= 23.9 mm
set_up:     t=  9.6 s | tip=  2.1 deg | F= 57.0 N | M= 31.5 Nm (limit 150.0) | edge= 23.9 mm
set_up:     t=  9.8 s | tip=  2.1 deg | F= 57.0 N | M= 31.4 Nm (limit 150.0) | edge= 23.9 mm
set_up:     t= 10.0 s | tip=  2.1 deg | F= 57.1 N | M= 31.5 Nm (limit 150.0) | edge= 23.9 mm
set_up:     t= 10.2 s | tip=  2.1 deg | F= 57.0 N | M= 31.4 Nm (limit 150.0) | edge= 23.9 mm
set_up:     t= 10.4 s | tip=  2.1 deg | F= 57.1 N | M= 31.5 Nm (limit 150.0) | edge= 23.9 mm
set_up:     t= 10.6 s | tip=  2.1 deg | F= 57.0 N | M= 31.4 Nm (limit 150.0) | edge= 23.9 mm
set_up:     t= 10.8 s | tip=  2.1 deg | F= 57.1 N | M= 31.5 Nm (limit 150.0) | edge= 23.9 mm
set_up:     t= 11.0 s | tip=  2.1 deg | F= 57.0 N | M= 31.4 Nm (limit 150.0) | edge= 23.9 mm
set_up:     t= 11.2 s | tip=  2.1 deg | F= 57.1 N | M= 31.4 Nm (limit 150.0) | edge= 23.9 mm
set_up:     t= 11.4 s | tip=  2.1 deg | F= 57.0 N | M= 31.4 Nm (limit 150.0) | edge= 23.9 mm
set_up:     t= 11.6 s | tip=  2.1 deg | F= 57.1 N | M= 31.5 Nm (limit 150.0) | edge= 23.9 mm
set_up:     t= 11.8 s | tip=  2.1 deg | F= 57.1 N | M= 31.4 Nm (limit 150.0) | edge= 23.9 mm

=== Set-up result ===
stop: time | t=12.0 s | tip=2.1 deg | F=57.1 N | M=31.5 Nm
edge_from_contact = [-6.3, +0.8, -23.0] mm | norm=23.9 mm
tcp_from_contact  = [-20.7, +61.5, -0.6] mm | norm=64.9 mm
alignment: before=0.46 deg | after=2.35 deg | gain=-1.89 deg

=== Set-up surface-frame breakdown ===
frame: alignment-target [tangent1, tangent2, normal]
force        [N]      = [    -5.24,     -0.59,    -56.84]
tcp_disp     [mm]     = [    -3.33,     +0.84,    -42.45]
edge_disp    [mm]     = [    -4.23,     +0.79,    -23.50]
Kp_eff=F/tcp [N/m]    = [   1573.1,    -709.5,    1338.8]
moment@edge  [Nm]     = [    +3.26,    +29.72,     -0.75]
tip_angle    [deg]    = [    +0.02,     -2.15,     +0.12]
KR_eff=M/ang [Nm/rad] = [      n/a,    -793.5,    -361.3]

finite_axis: angle=2.1 deg | axis_from_edge=[-615.2, -1.2, +155.0] mm | dir=[-0.016, +0.998, -0.054] | pitch=+57.0 mm/rad

=== Coupled stiffness from the measured pole ===
source spring K_pole/D_pole (diagonal, from parameters):
  Kp [N/m]     = [2000, 2000, 350]
  KR [Nm/rad]  = [5, 5, 50]
  Dp [Ns/m]    = [10, 10, 175]
  DR [Nms/rad] = [10.01, 10.01, 10]

poles compared (lever r_c = TCP - pole):
  (A) measured axis : angle=2.1 deg | pitch=+57.0 mm/rad
      pole_from_edge = [-608.9, 0.2, 177.9] mm
      r_c            = [594.4, 60.5, -155.5] mm
  (B) manual pole   : COMMANDED this run, contact reference
      pole_from_edge = [-4.2, -0.8, -96.5] mm
      r_c            = [-3.3, 60.7, 161.0] mm
      r_c(B)-r_c(A)  = [-597.7, 0.1, 316.4] mm

K_TCP = Ad^T K_pole Ad  [rows fx..mz | cols tx..rz]:
  (A) measured axis:
           tx        ty        tz    |    rx        ry        rz
  fx [    2000        0        0 |        0    310.9    121.1 ]
  fy [       0     2000        0 |   -310.9        0    -1189 ]
  fz [       0        0      350 |   -21.19    208.1        0 ]
     ---------------------------+---------------------------
  mx [       0   -310.9   -21.19 |    54.96    -12.6    188.7 ]
  my [   310.9        0    208.1 |    -12.6      177    18.82 ]
  mz [   121.1    -1189        0 |    188.7    18.82    763.7 ]
  (A) K_TCP eigenvalues = [3.61, 4.945, 36.42, 472.4, 2052, 2776] -> PSD ok (>=0) (min=3.61)
  (B) manual pole:
           tx        ty        tz    |    rx        ry        rz
  fx [    2000        0        0 |        0   -321.9    121.3 ]
  fy [       0     2000        0 |    321.9        0    6.528 ]
  fz [       0        0      350 |   -21.23   -1.142        0 ]
     ---------------------------+---------------------------
  mx [       0    321.9   -21.23 |    58.45  0.06931    4.958 ]
  my [  -321.9        0   -1.142 |  0.06931    56.82   -19.53 ]
  mz [   121.3    6.528        0 |    4.958   -19.53    57.04 ]
  (B) K_TCP eigenvalues = [4.856, 4.875, 49.8, 351.3, 2052, 2060] -> PSD ok (>=0) (min=4.856)

D_TCP = Ad^T D_pole Ad:
  (A) measured axis:
           tx        ty        tz    |    rx        ry        rz
  fx [   237.1        0        0 |        0    36.86    14.35 ]
  fy [       0    178.2        0 |    -27.7        0   -105.9 ]
  fz [       0        0    108.1 |   -6.544    64.25        0 ]
     ---------------------------+---------------------------
  mx [       0    -27.7   -6.544 |    6.109    -3.89    16.41 ]
  my [   36.86        0    64.25 |    -3.89       46    2.231 ]
  mz [   14.35   -105.9        0 |    16.41    2.231    64.62 ]
  (A) D_TCP eigenvalues = [0.5636, 1.381, 1.519, 144.9, 238.7, 253] -> PSD ok (>=0) (min=0.5636)
  (B) manual pole:
           tx        ty        tz    |    rx        ry        rz
  fx [   237.1        0        0 |        0   -38.16    14.38 ]
  fy [       0    178.2        0 |    28.69        0   0.5817 ]
  fz [       0        0    108.1 |   -6.558  -0.3528        0 ]
     ---------------------------+---------------------------
  mx [       0    28.69   -6.558 |    6.421  0.02141  0.03841 ]
  my [  -38.16        0  -0.3528 |  0.02141    8.217   -2.315 ]
  mz [   14.38   0.5817        0 |  0.03841   -2.315    1.654 ]
  (B) D_TCP eigenvalues = [0.7715, 1.37, 2.021, 108.5, 182.9, 244.1] -> PSD ok (>=0) (min=0.7715)
phase: grind

Stop requested with e + Enter. Finishing control loop...

Joint motion [deg]:
joint    start   final   delta
------------------------------
q1       -2.7    -2.7     0.0
q2       18.1    32.6    14.4
q3       -5.1    -2.7     2.4
q4     -122.8  -122.1     0.7
q5       17.5     0.1   -17.5
q6      139.5   146.8     7.3
q7       26.8    43.1    16.3

=== Final result ===
p_d = [529.1, -61.3, -133.3] mm
p_EE = [534.0, -54.1, 22.8] mm
e_p = [-4.8, -7.2, -156.1] mm
position_error = 156.34 mm
e_R = [1.21, -2.80, 0.61] deg
rotation_error = 3.11 deg
csv: surface_grinding_controller_log.csv
