
====================================================================
  SURFACE GRINDING CONTROLLER
====================================================================
  robot              172.16.0.2
--------------------------------------------------------------------

Press Enter to recover and configure the robot.
  Robot recovered or already ready.

====================================================================
  STARTUP MODE
====================================================================
  run     s   run the phase sequence from q_init
          h   hold the q_init pose
          t   hold with the set-up impedance, to test those gains
          g   hand-guide the start pose, then choose
--------------------------------------------------------------------
  set up  q   go to q_init and inspect
          o   open the hand now
          c   grasp the tool now
          r   recalibrate the hand width, fingers empty
          f   fetch the tool from the holder
          b   put the tool back
--------------------------------------------------------------------
  quit    e   stop and quit
--------------------------------------------------------------------
  in a run    e stop | m menu | g hand-guide | s sequence | t hold
--------------------------------------------------------------------
Choice [s/h/t/g/q/o/c/r/f/b/e]: 
-- selected: phase sequence ----------------------------------------

-- moving to q_init ------------------------------------------------
  case               horizontal_table_search
  q1..q7 [deg]     = [0.8, 12.1, -0.5, -130.9, -0.2, 142.9, 44.7] deg
  horizontal_table_search = [0.014777, 0.210911, -0.009320, -2.284835, -0.002725, 2.493410, 0.780694] rad
  q_init reached.

-- start pose ------------------------------------------------------
  q_start          = [0.9, 12.1, -0.5, -130.9, -0.1, 142.9, 44.7] deg
  p_start          = [    531.4,       2.5,     156.9] mm

====================================================================
  RUN
====================================================================

-- phase: approach_orient ------------------------------------------
  Kp [t1,t2,n]     = [    150.0,     150.0,     150.0] N/m
  Dp [t1,t2,n]     = [    126.5,     103.6,     128.3] Ns/m     auto (factor 1.90)
  KR [t1,t2,n]     = [     90.0,      90.0,      90.0] Nm/rad
  DR [t1,t2,n]     = [     13.5,      15.8,       2.0] Nms/rad  auto (factor 1.90)
orient:     t=  0.0 s | axis_err=  8.6 deg | spin_err=  1.1 deg
orient:     t=  0.2 s | axis_err=  7.9 deg | spin_err=  0.5 deg
orient:     t=  0.4 s | axis_err=  5.6 deg | spin_err=  0.2 deg
orient:     t=  0.6 s | axis_err=  3.2 deg | spin_err=  0.2 deg
orient:     t=  0.8 s | axis_err=  2.7 deg | spin_err=  0.3 deg
orient:     t=  1.0 s | axis_err=  2.4 deg | spin_err=  0.3 deg
orient:     t=  1.2 s | axis_err=  2.3 deg | spin_err=  0.3 deg
orient:     t=  1.4 s | axis_err=  2.3 deg | spin_err=  0.3 deg
orient:     t=  1.6 s | axis_err=  2.3 deg | spin_err=  0.3 deg
orient:     t=  1.8 s | axis_err=  2.3 deg | spin_err=  0.3 deg
orient:     t=  2.0 s | axis_err=  2.3 deg | spin_err=  0.3 deg
orient:     t=  2.2 s | axis_err=  2.3 deg | spin_err=  0.3 deg
orient:     t=  2.4 s | axis_err=  2.3 deg | spin_err=  0.3 deg
orient:     t=  2.6 s | axis_err=  2.3 deg | spin_err=  0.3 deg
orient:     t=  2.8 s | axis_err=  2.3 deg | spin_err=  0.3 deg
orient:     t=  3.0 s | axis_err=  2.3 deg | spin_err=  0.3 deg
orient:     t=  3.2 s | axis_err=  2.3 deg | spin_err=  0.3 deg
orient:     t=  3.4 s | axis_err=  2.3 deg | spin_err=  0.3 deg
orient:     t=  3.6 s | axis_err=  2.3 deg | spin_err=  0.3 deg
orient:     t=  3.8 s | axis_err=  2.3 deg | spin_err=  0.3 deg
orient:     t=  4.0 s | axis_err=  2.3 deg | spin_err=  0.3 deg
orient:     t=  4.2 s | axis_err=  2.3 deg | spin_err=  0.3 deg
orient:     t=  4.4 s | axis_err=  2.3 deg | spin_err=  0.3 deg
orient:     t=  4.6 s | axis_err=  2.3 deg | spin_err=  0.3 deg
orient:     t=  4.8 s | axis_err=  2.3 deg | spin_err=  0.3 deg

Orientation settled short of the 2.0 deg gate after 5.0 s: axis_err=2.3 deg | spin_err=0.3 deg

-- phase: approach_descend -----------------------------------------
  Kp [t1,t2,n]     = [    150.0,     150.0,     150.0] N/m
  Dp [t1,t2,n]     = [    126.5,     103.6,     128.3] Ns/m     auto (factor 1.90)
  KR [t1,t2,n]     = [     90.0,      90.0,      90.0] Nm/rad
  DR [t1,t2,n]     = [     13.5,      15.8,       2.0] Nms/rad  auto (factor 1.90)
  descend to         20 mm clearance at 0.100 m/s
descend:    t=  0.0 s | distance=   0.1 mm | height=+135.1 mm (target 20.0) | force=  0.0 N
descend:    t=  0.2 s | distance=  20.1 mm | height=+124.5 mm (target 20.0) | force=  1.0 N
descend:    t=  0.4 s | distance=  40.1 mm | height=+107.9 mm (target 20.0) | force=  0.7 N
descend:    t=  0.6 s | distance=  60.1 mm | height= +90.9 mm (target 20.0) | force=  1.6 N
descend:    t=  0.8 s | distance=  80.1 mm | height= +73.3 mm (target 20.0) | force=  0.9 N
descend:    t=  1.0 s | distance= 100.1 mm | height= +55.5 mm (target 20.0) | force=  1.1 N
descend:    t=  1.2 s | distance= 120.1 mm | height= +37.0 mm (target 20.0) | force=  1.1 N

[GATE] Reached 20 mm above the plane. Press Enter to start the set-up press (e+Enter stops).

-- gate hold -------------------------------------------------------
  Kp [x,y,z]       = [   5000.0,    5000.0,    5000.0] N/m
  Dp [x,y,z]       = [    204.8,     150.8,     246.8] Ns/m     auto
  KR [t1,t2,n]     = [     90.0,      90.0,      90.0] Nm/rad
  DR [t1,t2,n]     = [     13.7,      12.0,       2.5] Nms/rad  auto
[GATE] Continuing to the set-up press.

Clearance reached: distance=138.3 mm | height=19.9 mm | target=20.0 mm | force=0.6 N (not used for the switch)
  offset_ee        = [    -20.0,      60.0,      20.0] mm
  p_EE_at_contact  = [    537.2,      11.4,      45.8] mm
  contact_point    = [    518.1,     -47.8,       1.4] mm
  edge_offset      = [    -19.1,     -59.3,     -44.3] mm

-- phase: set_up ---------------------------------------------------

-- set-up impedance ------------------------------------------------
  law                wrench = K_TCP*dx + D_TCP*dv
                     K_TCP  = Ad(r_c)^T * blkdiag(Kp,KR) * Ad(r_c)
  Kp [t1,t2,n]     = [   2000.0,    2000.0,     800.0] N/m
  Dp [t1,t2,n]     = [    213.3,     186.8,     172.1] Ns/m     auto
  KR [t1,t2,n]     = [      5.0,       5.0,      50.0] Nm/rad
  DR [t1,t2,n]     = [      1.8,       1.6,       1.1] Nms/rad  auto
  p_c [EE]         = [     32.0,     -41.4,      66.8] mm       the pole on the tool, from p_EE
  r_c [t1,t2,n]    = [     54.4,      25.4,      60.0] mm       commanded: p_TCP - p_c, in the plane
set_up:     t=  0.0 s | tip=  0.0 deg | F=  0.1 N | M=  0.0 Nm (limit 150.0) | edge= 19.8 mm
set_up:     t=  0.2 s | tip=  0.3 deg | F=  1.5 N | M=  1.9 Nm (limit 150.0) | edge= 10.6 mm
set_up:     t=  0.4 s | tip=  0.8 deg | F=  1.5 N | M=  2.0 Nm (limit 150.0) | edge=  4.4 mm
set_up:     t=  0.6 s | tip=  1.1 deg | F= 13.3 N | M=  8.1 Nm (limit 150.0) | edge=  1.3 mm
set_up:     t=  0.8 s | tip=  1.1 deg | F= 19.6 N | M= 11.6 Nm (limit 150.0) | edge=  1.4 mm
set_up:     t=  1.0 s | tip=  1.1 deg | F= 27.5 N | M= 15.9 Nm (limit 150.0) | edge=  1.6 mm
set_up:     t=  1.2 s | tip=  1.2 deg | F= 34.9 N | M= 20.0 Nm (limit 150.0) | edge=  1.9 mm
set_up:     t=  1.4 s | tip=  1.3 deg | F= 42.9 N | M= 24.4 Nm (limit 150.0) | edge=  2.0 mm
set_up:     t=  1.6 s | tip=  1.5 deg | F= 50.9 N | M= 29.1 Nm (limit 150.0) | edge=  2.2 mm
set_up:     t=  1.8 s | tip=  1.8 deg | F= 42.7 N | M= 24.7 Nm (limit 150.0) | edge=  2.0 mm
set_up:     t=  2.0 s | tip=  2.0 deg | F= 43.7 N | M= 25.4 Nm (limit 150.0) | edge=  1.9 mm
set_up:     t=  2.2 s | tip=  2.2 deg | F= 42.2 N | M= 24.6 Nm (limit 150.0) | edge=  2.0 mm
set_up:     t=  2.4 s | tip=  2.5 deg | F= 42.9 N | M= 24.9 Nm (limit 150.0) | edge=  1.9 mm
set_up:     t=  2.6 s | tip=  2.7 deg | F= 41.9 N | M= 24.4 Nm (limit 150.0) | edge=  1.9 mm
set_up:     t=  2.8 s | tip=  2.8 deg | F= 41.9 N | M= 24.4 Nm (limit 150.0) | edge=  1.7 mm
set_up:     t=  3.0 s | tip=  3.0 deg | F= 41.3 N | M= 24.1 Nm (limit 150.0) | edge=  1.8 mm
set_up:     t=  3.2 s | tip=  3.2 deg | F= 41.1 N | M= 24.0 Nm (limit 150.0) | edge=  1.7 mm
set_up:     t=  3.4 s | tip=  3.3 deg | F= 40.6 N | M= 23.7 Nm (limit 150.0) | edge=  1.6 mm
set_up:     t=  3.6 s | tip=  3.5 deg | F= 40.9 N | M= 23.9 Nm (limit 150.0) | edge=  1.4 mm
set_up:     t=  3.8 s | tip=  3.5 deg | F= 40.6 N | M= 23.7 Nm (limit 150.0) | edge=  1.5 mm
set_up:     t=  4.0 s | tip=  3.6 deg | F= 40.4 N | M= 23.6 Nm (limit 150.0) | edge=  1.5 mm
set_up:     t=  4.2 s | tip=  3.6 deg | F= 40.7 N | M= 23.8 Nm (limit 150.0) | edge=  1.5 mm
set_up:     t=  4.4 s | tip=  3.6 deg | F= 40.6 N | M= 23.7 Nm (limit 150.0) | edge=  1.5 mm
set_up:     t=  4.6 s | tip=  3.6 deg | F= 40.8 N | M= 23.8 Nm (limit 150.0) | edge=  1.5 mm
set_up:     t=  4.8 s | tip=  3.6 deg | F= 40.7 N | M= 23.8 Nm (limit 150.0) | edge=  1.5 mm

====================================================================
  SET-UP RESULT
====================================================================
  stop: time | t=5.0 s | tip=3.6 deg | F=40.7 N | M=23.8 Nm
  edge_from_contact = [-0.5, -0.7, -1.2] mm | norm=1.5 mm
  tcp_from_contact  = [+18.6, +59.4, +19.5] mm | norm=65.2 mm
  alignment: before=6.78 deg | after=3.66 deg | gain=+3.12 deg
  alignment components [t1,t2,n] deg: before=[+1.81,-6.54,+0.00] | after=[-0.29,-3.65,+0.00]

-- set-up surface-frame breakdown ----------------------------------
  frame              alignment-target [tangent1, tangent2, normal]
  force        [N]      = [    -4.95,     -2.68,    -40.33]
  tcp_disp     [mm]     = [    -0.28,     -0.72,    -24.87]
  edge_disp    [mm]     = [    +0.72,     +0.41,     -1.22]
  Kp_eff=F/tcp [N/m]    = [  17414.8,    3746.1,    1621.4]
  moment@edge  [Nm]     = [    -5.43,    -24.33,     +2.26]
  tip_angle    [deg]    = [    -2.13,     +2.88,     -0.29]
  KR_eff=M/ang [Nm/rad] = [    146.3,    -484.5,    -447.7]

-- centre of compliance --------------------------------------------
  definition         r_c = p_TCP - p_c
  p_TCP [x,y,z]    = [    537.2,      11.4,      45.8] mm
  p_c [EE]         = [     32.0,     -41.4,      66.8] mm
  r_c [t1,t2,n]    = [     54.4,      25.4,      60.0] mm
                     p_c resolved at first contact

-- what the TCP feels ----------------------------------------------
  K_TCP translation = [   1999.6,    1999.1,     801.3] N/m
  K_TCP rotation   = [     14.1,      13.7,      56.7] Nm/rad
  commanded KR was = [      5.0,       5.0,      50.0] Nm/rad   the rest is the lever
  D_TCP translation = [    208.5,     191.5,     172.1] Ns/m
  D_TCP rotation   = [      2.8,       2.7,       1.7] Nms/rad
  coupling           max |moment per unit translation| = 123.0 Nm/m (K), 12.9 Nms/m (D)
  eigenvalues        K_TCP 4.96 .. 2015 | D_TCP 1.05 .. 214  (both positive: valid springs)

  K_TCP [N/m, Nm/rad | rows fx..mz, cols tx..rz]:
           tx        ty        tz    |    rx        ry        rz
  fx [    2000  -0.5725   -20.68 |  -0.9524     -123   -88.68 ]
  fy [ -0.5725     1999   -33.18 |    122.3    1.278    74.88 ]
  fz [  -20.68   -33.18    801.3 |    33.47   -28.72  -0.3253 ]
     ---------------------------+---------------------------
  mx [ -0.9524    122.3    33.47 |    14.07   -1.173    5.397 ]
  my [    -123    1.278   -28.72 |   -1.173    13.73    6.746 ]
  mz [  -88.68    74.88  -0.3253 |    5.397    6.746    56.69 ]

  D_TCP [Ns/m, Nms/rad]:
           tx        ty        tz    |    rx        ry        rz
  fx [   208.5    10.16  -0.9105 |   0.5888   -12.88   -8.865 ]
  fy [   10.16    191.5  -0.7129 |    11.82  -0.6024     6.72 ]
  fz [ -0.9105  -0.7129    172.1 |    7.586   -6.388  0.01367 ]
     ---------------------------+---------------------------
  mx [  0.5888    11.82    7.586 |    2.844  -0.2367   0.4018 ]
  my [  -12.88  -0.6024   -6.388 |  -0.2367    2.671   0.5308 ]
  mz [  -8.865     6.72  0.01367 |   0.4018   0.5308    1.701 ]

[GATE] Set up finished (holding the pressed pose). Press Enter to start the grind (e+Enter stops).

Stop requested with e + Enter. Finishing control loop...

-- joint motion [deg] ----------------------------------------------
  joint       start    final    delta
  q1            0.9      6.9     +6.1
  q2           12.1     31.1    +19.0
  q3           -0.5     -4.7     -4.1
  q4         -130.9   -129.6     +1.4
  q5           -0.1      6.9     +7.0
  q6          142.9    163.2    +20.3
  q7           44.7     41.5     -3.2

====================================================================
  FINAL RESULT
====================================================================
  p_d              = [    535.8,       9.2,     -34.1] mm
  p_EE             = [    536.7,      11.5,      20.9] mm
  e_p              = [     -0.9,      -2.3,     -54.9] mm
  e_R              = [     3.14,     -1.71,     -0.30] deg
--------------------------------------------------------------------
  position error     55.00 mm
  rotation error     3.59 deg
  csv                logs/surface_grinding_controller_log.csv
--------------------------------------------------------------------
