
Press Enter to recover and configure the robot.
Robot recovered or already ready.
keys: e stop | m menu | g hand-guide

=== Startup mode ===
  s = run the phase sequence from q_init
  h = hold the q_init pose
  t = hold with the set-up impedance
  g = hand-guide the start pose
  q = go to q_init and inspect
  o = open the hand now
  c = grasp the tool now
  r = recalibrate hand width, fingers empty
  f = fetch the tool from the holder
  b = put the tool back
  e = stop and quit
While a run is going: e+Enter stops, m+Enter comes back here.
Choice [s/h/t/g/q/o/c/r/f/b/e]: Moving to q_init (horizontal_table_search)
  q1..q7 [deg] = [0.8, 12.1, -0.5, -130.9, -0.2, 142.9, 44.7] deg
  horizontal_table_search = [0.014777, 0.210911, -0.009320, -2.284835, -0.002725, 2.493410, 0.780694] rad
q_init reached.

Select hold nullspace mode:
  0 = no nullspace torque
  1 = nullspace damping only (no return to q_start)
  2 = sigma optimization only (push toward larger sigma_min)
  3 = sigma optimization + nullspace damping (damped comeback)
Choice [0/1/2/3, Enter = 2]: Selected: hold mode with sigma_optimization_only.

=== Start pose ===
q_start = [0.8, 12.1, -0.5, -130.9, -0.2, 142.8, 44.7] deg
p_start = [531.2, 2.5, 156.8] mm

=== Run ===
phase: hold

--- nullspace: sigma_optimization_only ---
  tau = +k_sigma * N_tau * n_best       k_sigma = 1.000 Nm
  undamped: it pushes, nothing brakes it
  type: k <Nm>, a <deg>
  probe alpha = 4.584 deg = 0.080000 rad (sampling only, not a gain)
  type 0/1/2/3 to switch mode.
  Kp=[2000, 2000, 2000] N/m  KR=[50, 50, 50] Nm/rad  [x,y,z]
  Dp=[50, 50, 50] Ns/m  DR=[8.0, 8.0, 8.0] Nms/rad
sigma:      t=  0.0 s | a=0.080 k=1.000 | min=0.216508 d/dt=n/a | probe=3.89e-04 C=388.7x |grad|=2.43e-03/rad | push tau=1.0000 Nm | vN=0.0011 vBest=+0.0011 rad/s
sigma-joint: nBest=[-0.681 -0.001 +0.674 +0.000 -0.234 -0.000 +0.165] | dominant=q1 (share 46.4%) | ||J*nBest||=2.63e-16
sigma-joint: dqN  =[-0.0008 -0.0000 +0.0008 +0.0000 -0.0003 -0.0000 +0.0002] rad/s | moving=q1 (share 46.4%)
sigma-joint: tauS =[-0.6808 -0.0013 +0.6741 +0.0001 -0.2340 -0.0004 +0.1652] Nm
sigma:      t=  0.2 s | a=0.080 k=1.000 | min=0.216515 d/dt=+3.28e-05/s | probe=2.58e-04 C=257.6x |grad|=1.61e-03/rad | push tau=1.0000 Nm | vN=0.0034 vBest=+0.0034 rad/s
sigma-joint: nBest=[-0.681 -0.001 +0.674 +0.000 -0.235 -0.000 +0.166] | dominant=q1 (share 46.3%) | ||J*nBest||=1.88e-16
sigma-joint: dqN  =[-0.0023 -0.0000 +0.0023 +0.0000 -0.0008 -0.0000 +0.0006] rad/s | moving=q1 (share 46.3%)
sigma-joint: tauS =[-0.6807 -0.0008 +0.6739 +0.0002 -0.2347 -0.0005 +0.1657] Nm
sigma:      t=  0.4 s | a=0.080 k=1.000 | min=0.216515 d/dt=+3.38e-06/s | probe=2.42e-04 C=241.8x |grad|=1.51e-03/rad | push tau=1.0000 Nm | vN=0.0022 vBest=+0.0022 rad/s
sigma-joint: nBest=[-0.681 -0.001 +0.674 +0.000 -0.235 -0.000 +0.166] | dominant=q1 (share 46.3%) | ||J*nBest||=2.16e-16
sigma-joint: dqN  =[-0.0015 -0.0000 +0.0015 +0.0000 -0.0005 -0.0000 +0.0004] rad/s | moving=q1 (share 46.3%)
sigma-joint: tauS =[-0.6807 -0.0008 +0.6739 +0.0002 -0.2347 -0.0005 +0.1657] Nm
sigma:      t=  0.6 s | a=0.080 k=1.000 | min=0.216516 d/dt=+4.75e-06/s | probe=2.40e-04 C=239.6x |grad|=1.50e-03/rad | push tau=1.0000 Nm | vN=0.0007 vBest=-0.0007 rad/s
sigma-joint: nBest=[-0.681 -0.001 +0.674 +0.000 -0.235 -0.000 +0.166] | dominant=q1 (share 46.3%) | ||J*nBest||=4.38e-17
sigma-joint: dqN  =[+0.0005 +0.0000 -0.0005 -0.0000 +0.0002 +0.0000 -0.0001] rad/s | moving=q1 (share 46.3%)
sigma-joint: tauS =[-0.6807 -0.0007 +0.6739 +0.0002 -0.2348 -0.0005 +0.1657] Nm
sigma:      t=  0.8 s | a=0.080 k=1.000 | min=0.216516 d/dt=-2.62e-06/s | probe=2.39e-04 C=238.8x |grad|=1.49e-03/rad | push tau=1.0000 Nm | vN=0.0008 vBest=-0.0008 rad/s
sigma-joint: nBest=[-0.681 -0.001 +0.674 +0.000 -0.235 -0.000 +0.166] | dominant=q1 (share 46.3%) | ||J*nBest||=1.88e-16
sigma-joint: dqN  =[+0.0006 +0.0000 -0.0006 -0.0000 +0.0002 +0.0000 -0.0001] rad/s | moving=q1 (share 46.3%)
sigma-joint: tauS =[-0.6807 -0.0007 +0.6739 +0.0002 -0.2348 -0.0005 +0.1657] Nm
sigma:      t=  1.0 s | a=0.080 k=1.000 | min=0.216516 d/dt=+1.42e-06/s | probe=2.38e-04 C=238.1x |grad|=1.49e-03/rad | push tau=1.0000 Nm | vN=0.0006 vBest=-0.0006 rad/s
sigma-joint: nBest=[-0.681 -0.001 +0.674 +0.000 -0.235 -0.000 +0.166] | dominant=q1 (share 46.3%) | ||J*nBest||=1.35e-16
sigma-joint: dqN  =[+0.0004 +0.0000 -0.0004 -0.0000 +0.0001 +0.0000 -0.0001] rad/s | moving=q1 (share 46.3%)
sigma-joint: tauS =[-0.6807 -0.0007 +0.6739 +0.0002 -0.2347 -0.0005 +0.1657] Nm
sigma:      t=  1.2 s | a=0.080 k=1.000 | min=0.216516 d/dt=-6.26e-07/s | probe=2.38e-04 C=237.9x |grad|=1.49e-03/rad | push tau=1.0000 Nm | vN=0.0005 vBest=+0.0005 rad/s
sigma-joint: nBest=[-0.681 -0.001 +0.674 +0.000 -0.235 -0.000 +0.166] | dominant=q1 (share 46.3%) | ||J*nBest||=1.88e-16
sigma-joint: dqN  =[-0.0003 -0.0000 +0.0003 +0.0000 -0.0001 -0.0000 +0.0001] rad/s | moving=q1 (share 46.3%)
sigma-joint: tauS =[-0.6807 -0.0007 +0.6739 +0.0002 -0.2348 -0.0005 +0.1657] Nm
sigma:      t=  1.4 s | a=0.080 k=1.000 | min=0.216516 d/dt=+6.21e-08/s | probe=2.38e-04 C=237.9x |grad|=1.49e-03/rad | push tau=1.0000 Nm | vN=0.0009 vBest=-0.0009 rad/s
sigma-joint: nBest=[-0.681 -0.001 +0.674 +0.000 -0.235 -0.000 +0.166] | dominant=q1 (share 46.3%) | ||J*nBest||=1.69e-16
sigma-joint: dqN  =[+0.0006 +0.0000 -0.0006 -0.0000 +0.0002 +0.0000 -0.0001] rad/s | moving=q1 (share 46.3%)
sigma-joint: tauS =[-0.6807 -0.0007 +0.6739 +0.0002 -0.2348 -0.0005 +0.1657] Nm
sigma:      t=  1.6 s | a=0.080 k=1.000 | min=0.216516 d/dt=+6.90e-07/s | probe=2.38e-04 C=237.6x |grad|=1.49e-03/rad | push tau=1.0000 Nm | vN=0.0007 vBest=+0.0007 rad/s
sigma-joint: nBest=[-0.681 -0.001 +0.674 +0.000 -0.235 -0.000 +0.166] | dominant=q1 (share 46.3%) | ||J*nBest||=2.14e-16
sigma-joint: dqN  =[-0.0005 -0.0000 +0.0005 +0.0000 -0.0002 -0.0000 +0.0001] rad/s | moving=q1 (share 46.3%)
sigma-joint: tauS =[-0.6807 -0.0007 +0.6739 +0.0002 -0.2348 -0.0005 +0.1657] Nm
sigma:      t=  1.8 s | a=0.080 k=1.000 | min=0.216516 d/dt=+5.78e-07/s | probe=2.38e-04 C=237.6x |grad|=1.49e-03/rad | push tau=1.0000 Nm | vN=0.0016 vBest=-0.0016 rad/s
sigma-joint: nBest=[-0.681 -0.001 +0.674 +0.000 -0.235 -0.000 +0.166] | dominant=q1 (share 46.3%) | ||J*nBest||=1.31e-16
sigma-joint: dqN  =[+0.0011 +0.0000 -0.0011 -0.0000 +0.0004 +0.0000 -0.0003] rad/s | moving=q1 (share 46.3%)
sigma-joint: tauS =[-0.6807 -0.0007 +0.6739 +0.0002 -0.2348 -0.0005 +0.1657] Nm
sigma:      t=  2.0 s | a=0.080 k=1.000 | min=0.216516 d/dt=-1.14e-06/s | probe=2.37e-04 C=237.3x |grad|=1.48e-03/rad | push tau=1.0000 Nm | vN=0.0002 vBest=-0.0002 rad/s
sigma-joint: nBest=[-0.681 -0.001 +0.674 +0.000 -0.235 -0.000 +0.166] | dominant=q1 (share 46.3%) | ||J*nBest||=1.16e-16
sigma-joint: dqN  =[+0.0001 +0.0000 -0.0001 -0.0000 +0.0000 +0.0000 -0.0000] rad/s | moving=q1 (share 46.3%)
sigma-joint: tauS =[-0.6807 -0.0007 +0.6739 +0.0002 -0.2348 -0.0005 +0.1657] Nm
sigma:      t=  2.2 s | a=0.080 k=1.000 | min=0.216516 d/dt=+1.33e-06/s | probe=2.37e-04 C=237.3x |grad|=1.48e-03/rad | push tau=1.0000 Nm | vN=0.0000 vBest=-0.0000 rad/s
sigma-joint: nBest=[-0.681 -0.001 +0.674 +0.000 -0.235 -0.000 +0.166] | dominant=q1 (share 46.3%) | ||J*nBest||=1.75e-16
sigma-joint: dqN  =[+0.0000 +0.0000 -0.0000 -0.0000 +0.0000 +0.0000 -0.0000] rad/s | moving=q1 (share 46.3%)
sigma-joint: tauS =[-0.6807 -0.0007 +0.6739 +0.0002 -0.2348 -0.0005 +0.1657] Nm
sigma:      t=  2.4 s | a=0.080 k=1.000 | min=0.216516 d/dt=-6.21e-08/s | probe=2.37e-04 C=237.2x |grad|=1.48e-03/rad | push tau=1.0000 Nm | vN=0.0006 vBest=+0.0006 rad/s
sigma-joint: nBest=[-0.681 -0.001 +0.674 +0.000 -0.235 -0.000 +0.166] | dominant=q1 (share 46.3%) | ||J*nBest||=3.32e-16
sigma-joint: dqN  =[-0.0004 -0.0000 +0.0004 +0.0000 -0.0002 -0.0000 +0.0001] rad/s | moving=q1 (share 46.3%)
sigma-joint: tauS =[-0.6807 -0.0007 +0.6739 +0.0002 -0.2348 -0.0005 +0.1657] Nm
sigma:      t=  2.6 s | a=0.080 k=1.000 | min=0.216516 d/dt=-5.34e-07/s | probe=2.37e-04 C=237.1x |grad|=1.48e-03/rad | push tau=1.0000 Nm | vN=0.0007 vBest=+0.0007 rad/s
sigma-joint: nBest=[-0.681 -0.001 +0.674 +0.000 -0.235 -0.000 +0.166] | dominant=q1 (share 46.3%) | ||J*nBest||=1.86e-16
sigma-joint: dqN  =[-0.0005 -0.0000 +0.0005 +0.0000 -0.0002 -0.0000 +0.0001] rad/s | moving=q1 (share 46.3%)
sigma-joint: tauS =[-0.6807 -0.0007 +0.6739 +0.0002 -0.2348 -0.0005 +0.1657] Nm
sigma:      t=  2.8 s | a=0.080 k=1.000 | min=0.216516 d/dt=-1.11e-07/s | probe=2.37e-04 C=237.1x |grad|=1.48e-03/rad | push tau=1.0000 Nm | vN=0.0008 vBest=-0.0008 rad/s
sigma-joint: nBest=[-0.681 -0.001 +0.674 +0.000 -0.235 -0.000 +0.166] | dominant=q1 (share 46.3%) | ||J*nBest||=2.14e-16
sigma-joint: dqN  =[+0.0005 +0.0000 -0.0005 -0.0000 +0.0002 +0.0000 -0.0001] rad/s | moving=q1 (share 46.3%)
sigma-joint: tauS =[-0.6807 -0.0007 +0.6739 +0.0002 -0.2348 -0.0005 +0.1657] Nm
sigma:      t=  3.0 s | a=0.080 k=1.000 | min=0.216516 d/dt=+8.72e-08/s | probe=2.37e-04 C=237.1x |grad|=1.48e-03/rad | push tau=1.0000 Nm | vN=0.0002 vBest=+0.0002 rad/s
sigma-joint: nBest=[-0.681 -0.001 +0.674 +0.000 -0.235 -0.000 +0.166] | dominant=q1 (share 46.3%) | ||J*nBest||=1.88e-16
sigma-joint: dqN  =[-0.0001 -0.0000 +0.0001 +0.0000 -0.0000 -0.0000 +0.0000] rad/s | moving=q1 (share 46.3%)
sigma-joint: tauS =[-0.6807 -0.0007 +0.6739 +0.0002 -0.2348 -0.0005 +0.1657] Nm
sigma:      t=  3.2 s | a=0.080 k=1.000 | min=0.216516 d/dt=+1.33e-06/s | probe=2.37e-04 C=236.9x |grad|=1.48e-03/rad | push tau=1.0000 Nm | vN=0.0002 vBest=+0.0002 rad/s
sigma-joint: nBest=[-0.681 -0.001 +0.674 +0.000 -0.235 -0.000 +0.166] | dominant=q1 (share 46.3%) | ||J*nBest||=1.98e-16
sigma-joint: dqN  =[-0.0002 -0.0000 +0.0002 +0.0000 -0.0001 -0.0000 +0.0000] rad/s | moving=q1 (share 46.3%)
sigma-joint: tauS =[-0.6807 -0.0007 +0.6739 +0.0002 -0.2348 -0.0005 +0.1657] Nm
sigma:      t=  3.4 s | a=0.080 k=1.000 | min=0.216516 d/dt=-1.38e-06/s | probe=2.37e-04 C=236.9x |grad|=1.48e-03/rad | push tau=1.0000 Nm | vN=0.0007 vBest=-0.0007 rad/s
sigma-joint: nBest=[-0.681 -0.001 +0.674 +0.000 -0.235 -0.000 +0.166] | dominant=q1 (share 46.3%) | ||J*nBest||=1.71e-16
sigma-joint: dqN  =[+0.0005 +0.0000 -0.0005 -0.0000 +0.0002 +0.0000 -0.0001] rad/s | moving=q1 (share 46.3%)
sigma-joint: tauS =[-0.6807 -0.0007 +0.6739 +0.0002 -0.2348 -0.0005 +0.1657] Nm
sigma:      t=  3.6 s | a=0.080 k=1.000 | min=0.216516 d/dt=+7.39e-07/s | probe=2.37e-04 C=236.7x |grad|=1.48e-03/rad | push tau=1.0000 Nm | vN=0.0002 vBest=+0.0002 rad/s
sigma-joint: nBest=[-0.681 -0.001 +0.674 +0.000 -0.235 -0.000 +0.166] | dominant=q1 (share 46.3%) | ||J*nBest||=7.02e-17
sigma-joint: dqN  =[-0.0001 -0.0000 +0.0001 +0.0000 -0.0000 -0.0000 +0.0000] rad/s | moving=q1 (share 46.3%)
sigma-joint: tauS =[-0.6807 -0.0007 +0.6739 +0.0002 -0.2348 -0.0005 +0.1657] Nm
sigma:      t=  3.8 s | a=0.080 k=1.000 | min=0.216516 d/dt=-1.27e-06/s | probe=2.37e-04 C=236.8x |grad|=1.48e-03/rad | push tau=1.0000 Nm | vN=0.0010 vBest=+0.0010 rad/s
sigma-joint: nBest=[-0.681 -0.001 +0.674 +0.000 -0.235 -0.000 +0.166] | dominant=q1 (share 46.3%) | ||J*nBest||=1.16e-16
sigma-joint: dqN  =[-0.0007 -0.0000 +0.0007 +0.0000 -0.0002 -0.0000 +0.0002] rad/s | moving=q1 (share 46.3%)
sigma-joint: tauS =[-0.6807 -0.0007 +0.6739 +0.0002 -0.2348 -0.0005 +0.1657] Nm
sigma:      t=  4.0 s | a=0.080 k=1.000 | min=0.216516 d/dt=+1.30e-07/s | probe=2.37e-04 C=236.8x |grad|=1.48e-03/rad | push tau=1.0000 Nm | vN=0.0027 vBest=-0.0027 rad/s
sigma-joint: nBest=[-0.681 -0.001 +0.674 +0.000 -0.235 -0.000 +0.166] | dominant=q1 (share 46.3%) | ||J*nBest||=1.83e-16
sigma-joint: dqN  =[+0.0019 +0.0000 -0.0018 -0.0000 +0.0006 +0.0000 -0.0005] rad/s | moving=q1 (share 46.3%)
sigma-joint: tauS =[-0.6807 -0.0007 +0.6739 +0.0002 -0.2348 -0.0005 +0.1657] Nm
sigma:      t=  4.2 s | a=0.080 k=1.000 | min=0.216516 d/dt=+1.25e-06/s | probe=2.37e-04 C=236.7x |grad|=1.48e-03/rad | push tau=1.0000 Nm | vN=0.0003 vBest=+0.0003 rad/s
sigma-joint: nBest=[-0.681 -0.001 +0.674 +0.000 -0.235 -0.000 +0.166] | dominant=q1 (share 46.3%) | ||J*nBest||=2.25e-16
sigma-joint: dqN  =[-0.0002 -0.0000 +0.0002 +0.0000 -0.0001 -0.0000 +0.0000] rad/s | moving=q1 (share 46.3%)
sigma-joint: tauS =[-0.6807 -0.0007 +0.6739 +0.0002 -0.2348 -0.0005 +0.1657] Nm
sigma:      t=  4.4 s | a=0.080 k=1.000 | min=0.216516 d/dt=-8.29e-07/s | probe=2.37e-04 C=236.6x |grad|=1.48e-03/rad | push tau=1.0000 Nm | vN=0.0003 vBest=-0.0003 rad/s
sigma-joint: nBest=[-0.681 -0.001 +0.674 +0.000 -0.235 -0.000 +0.166] | dominant=q1 (share 46.3%) | ||J*nBest||=2.06e-16
sigma-joint: dqN  =[+0.0002 +0.0000 -0.0002 -0.0000 +0.0001 +0.0000 -0.0001] rad/s | moving=q1 (share 46.3%)
sigma-joint: tauS =[-0.6807 -0.0007 +0.6739 +0.0002 -0.2348 -0.0005 +0.1657] Nm
sigma:      t=  4.6 s | a=0.080 k=1.000 | min=0.216516 d/dt=+9.17e-07/s | probe=2.36e-04 C=236.4x |grad|=1.48e-03/rad | push tau=1.0000 Nm | vN=0.0010 vBest=+0.0010 rad/s
sigma-joint: nBest=[-0.681 -0.001 +0.674 +0.000 -0.235 -0.000 +0.166] | dominant=q1 (share 46.3%) | ||J*nBest||=1.26e-16
sigma-joint: dqN  =[-0.0007 -0.0000 +0.0007 +0.0000 -0.0002 -0.0000 +0.0002] rad/s | moving=q1 (share 46.3%)
sigma-joint: tauS =[-0.6807 -0.0007 +0.6739 +0.0002 -0.2348 -0.0005 +0.1657] Nm
sigma:      t=  4.8 s | a=0.080 k=1.000 | min=0.216516 d/dt=-2.74e-06/s | probe=2.36e-04 C=236.3x |grad|=1.48e-03/rad | push tau=1.0000 Nm | vN=0.0006 vBest=+0.0006 rad/s
sigma-joint: nBest=[-0.681 -0.001 +0.674 +0.000 -0.235 -0.000 +0.166] | dominant=q1 (share 46.3%) | ||J*nBest||=1.18e-16
sigma-joint: dqN  =[-0.0004 -0.0000 +0.0004 +0.0000 -0.0001 -0.0000 +0.0001] rad/s | moving=q1 (share 46.3%)
sigma-joint: tauS =[-0.6807 -0.0007 +0.6739 +0.0002 -0.2348 -0.0005 +0.1657] Nm

>>> PUSH THE ARM NOW  (t = 5.0 s)
sigma:      t=  5.0 s | a=0.080 k=1.000 | min=0.216516 d/dt=+7.17e-07/s | probe=2.36e-04 C=236.2x |grad|=1.48e-03/rad | push tau=1.0000 Nm | vN=0.0010 vBest=+0.0010 rad/s
sigma-joint: nBest=[-0.681 -0.001 +0.674 +0.000 -0.235 -0.000 +0.166] | dominant=q1 (share 46.3%) | ||J*nBest||=2.08e-16
sigma-joint: dqN  =[-0.0007 -0.0000 +0.0007 +0.0000 -0.0002 -0.0000 +0.0002] rad/s | moving=q1 (share 46.3%)
sigma-joint: tauS =[-0.6807 -0.0007 +0.6739 +0.0002 -0.2348 -0.0005 +0.1657] Nm
sigma:      t=  5.2 s | a=0.080 k=1.000 | min=0.216516 d/dt=+1.70e-06/s | probe=2.36e-04 C=236.1x |grad|=1.48e-03/rad | push tau=1.0000 Nm | vN=0.0002 vBest=+0.0002 rad/s
sigma-joint: nBest=[-0.681 -0.001 +0.674 +0.000 -0.235 -0.000 +0.166] | dominant=q1 (share 46.3%) | ||J*nBest||=2.49e-16
sigma-joint: dqN  =[-0.0001 -0.0000 +0.0001 +0.0000 -0.0000 -0.0000 +0.0000] rad/s | moving=q1 (share 46.3%)
sigma-joint: tauS =[-0.6807 -0.0007 +0.6739 +0.0002 -0.2348 -0.0005 +0.1657] Nm
sigma:      t=  5.4 s | a=0.080 k=1.000 | min=0.216516 d/dt=-3.40e-07/s | probe=2.36e-04 C=235.9x |grad|=1.47e-03/rad | push tau=1.0000 Nm | vN=0.0006 vBest=+0.0006 rad/s
sigma-joint: nBest=[-0.681 -0.001 +0.674 +0.000 -0.235 -0.000 +0.166] | dominant=q1 (share 46.3%) | ||J*nBest||=2.59e-16
sigma-joint: dqN  =[-0.0004 -0.0000 +0.0004 +0.0000 -0.0001 -0.0000 +0.0001] rad/s | moving=q1 (share 46.3%)
sigma-joint: tauS =[-0.6807 -0.0007 +0.6739 +0.0002 -0.2348 -0.0005 +0.1657] Nm
sigma:      t=  5.6 s | a=0.080 k=1.000 | min=0.216516 d/dt=+8.17e-07/s | probe=2.36e-04 C=236.0x |grad|=1.47e-03/rad | push tau=1.0000 Nm | vN=0.0008 vBest=-0.0008 rad/s
sigma-joint: nBest=[-0.681 -0.001 +0.674 +0.000 -0.235 -0.000 +0.166] | dominant=q1 (share 46.3%) | ||J*nBest||=2.14e-16
sigma-joint: dqN  =[+0.0005 +0.0000 -0.0005 -0.0000 +0.0002 +0.0000 -0.0001] rad/s | moving=q1 (share 46.3%)
sigma-joint: tauS =[-0.6807 -0.0007 +0.6739 +0.0002 -0.2348 -0.0005 +0.1657] Nm
sigma:      t=  5.8 s | a=0.080 k=1.000 | min=0.216516 d/dt=+2.54e-08/s | probe=2.36e-04 C=235.7x |grad|=1.47e-03/rad | push tau=1.0000 Nm | vN=0.0007 vBest=-0.0007 rad/s
sigma-joint: nBest=[-0.681 -0.001 +0.674 +0.000 -0.235 -0.000 +0.166] | dominant=q1 (share 46.3%) | ||J*nBest||=1.03e-16
sigma-joint: dqN  =[+0.0004 +0.0000 -0.0004 -0.0000 +0.0002 +0.0000 -0.0001] rad/s | moving=q1 (share 46.3%)
sigma-joint: tauS =[-0.6807 -0.0007 +0.6739 +0.0002 -0.2348 -0.0005 +0.1657] Nm
sigma:      t=  6.0 s | a=0.080 k=1.000 | min=0.216516 d/dt=+8.52e-08/s | probe=2.35e-04 C=235.3x |grad|=1.47e-03/rad | push tau=1.0000 Nm | vN=0.0002 vBest=+0.0002 rad/s
sigma-joint: nBest=[-0.681 -0.001 +0.674 +0.000 -0.235 -0.000 +0.166] | dominant=q1 (share 46.3%) | ||J*nBest||=1.97e-16
sigma-joint: dqN  =[-0.0001 -0.0000 +0.0001 +0.0000 -0.0000 -0.0000 +0.0000] rad/s | moving=q1 (share 46.3%)
sigma-joint: tauS =[-0.6807 -0.0007 +0.6739 +0.0002 -0.2348 -0.0005 +0.1657] Nm
sigma:      t=  6.2 s | a=0.080 k=1.000 | min=0.216516 d/dt=-8.04e-07/s | probe=2.35e-04 C=235.1x |grad|=1.47e-03/rad | push tau=1.0000 Nm | vN=0.0010 vBest=+0.0010 rad/s
sigma-joint: nBest=[-0.681 -0.001 +0.674 +0.000 -0.235 -0.000 +0.166] | dominant=q1 (share 46.3%) | ||J*nBest||=1.18e-16
sigma-joint: dqN  =[-0.0007 -0.0000 +0.0007 +0.0000 -0.0002 -0.0000 +0.0002] rad/s | moving=q1 (share 46.3%)
sigma-joint: tauS =[-0.6807 -0.0007 +0.6739 +0.0002 -0.2348 -0.0005 +0.1657] Nm
sigma:      t=  6.4 s | a=0.080 k=1.000 | min=0.216516 d/dt=+7.18e-07/s | probe=2.35e-04 C=234.9x |grad|=1.47e-03/rad | push tau=1.0000 Nm | vN=0.0004 vBest=+0.0004 rad/s
sigma-joint: nBest=[-0.681 -0.001 +0.674 +0.000 -0.235 -0.000 +0.166] | dominant=q1 (share 46.3%) | ||J*nBest||=3.02e-16
sigma-joint: dqN  =[-0.0003 -0.0000 +0.0003 +0.0000 -0.0001 -0.0000 +0.0001] rad/s | moving=q1 (share 46.3%)
sigma-joint: tauS =[-0.6807 -0.0007 +0.6739 +0.0002 -0.2348 -0.0005 +0.1657] Nm
sigma:      t=  6.6 s | a=0.080 k=1.000 | min=0.216516 d/dt=-7.63e-07/s | probe=2.35e-04 C=234.7x |grad|=1.47e-03/rad | push tau=1.0000 Nm | vN=0.0020 vBest=+0.0020 rad/s
sigma-joint: nBest=[-0.681 -0.001 +0.674 +0.000 -0.235 -0.000 +0.166] | dominant=q1 (share 46.3%) | ||J*nBest||=1.86e-16
sigma-joint: dqN  =[-0.0014 -0.0000 +0.0014 +0.0000 -0.0005 -0.0000 +0.0003] rad/s | moving=q1 (share 46.3%)
sigma-joint: tauS =[-0.6807 -0.0007 +0.6739 +0.0002 -0.2348 -0.0005 +0.1657] Nm
sigma:      t=  6.8 s | a=0.080 k=1.000 | min=0.216516 d/dt=+9.44e-07/s | probe=2.35e-04 C=234.7x |grad|=1.47e-03/rad | push tau=1.0000 Nm | vN=0.0004 vBest=-0.0004 rad/s
sigma-joint: nBest=[-0.681 -0.001 +0.674 +0.000 -0.235 -0.000 +0.166] | dominant=q1 (share 46.3%) | ||J*nBest||=1.06e-16
sigma-joint: dqN  =[+0.0003 +0.0000 -0.0003 -0.0000 +0.0001 +0.0000 -0.0001] rad/s | moving=q1 (share 46.3%)
sigma-joint: tauS =[-0.6807 -0.0007 +0.6739 +0.0002 -0.2348 -0.0005 +0.1657] Nm
sigma:      t=  7.0 s | a=0.080 k=1.000 | min=0.216516 d/dt=-4.92e-07/s | probe=2.34e-04 C=234.4x |grad|=1.46e-03/rad | push tau=1.0000 Nm | vN=0.0001 vBest=-0.0001 rad/s
sigma-joint: nBest=[-0.681 -0.001 +0.674 +0.000 -0.235 -0.000 +0.166] | dominant=q1 (share 46.3%) | ||J*nBest||=2.64e-16
sigma-joint: dqN  =[+0.0001 +0.0000 -0.0001 -0.0000 +0.0000 +0.0000 -0.0000] rad/s | moving=q1 (share 46.3%)
sigma-joint: tauS =[-0.6807 -0.0007 +0.6739 +0.0002 -0.2348 -0.0005 +0.1657] Nm
sigma:      t=  7.2 s | a=0.080 k=1.000 | min=0.216516 d/dt=-1.24e-06/s | probe=2.34e-04 C=234.4x |grad|=1.47e-03/rad | push tau=1.0000 Nm | vN=0.0012 vBest=-0.0012 rad/s
sigma-joint: nBest=[-0.681 -0.001 +0.674 +0.000 -0.235 -0.000 +0.166] | dominant=q1 (share 46.3%) | ||J*nBest||=2.09e-16
sigma-joint: dqN  =[+0.0008 +0.0000 -0.0008 -0.0000 +0.0003 +0.0000 -0.0002] rad/s | moving=q1 (share 46.3%)
sigma-joint: tauS =[-0.6807 -0.0007 +0.6739 +0.0002 -0.2348 -0.0005 +0.1657] Nm
sigma:      t=  7.4 s | a=0.080 k=1.000 | min=0.216516 d/dt=-1.10e-07/s | probe=2.34e-04 C=234.2x |grad|=1.46e-03/rad | push tau=1.0000 Nm | vN=0.0008 vBest=-0.0008 rad/s
sigma-joint: nBest=[-0.681 -0.001 +0.674 +0.000 -0.235 -0.000 +0.166] | dominant=q1 (share 46.3%) | ||J*nBest||=2.07e-16
sigma-joint: dqN  =[+0.0005 +0.0000 -0.0005 -0.0000 +0.0002 +0.0000 -0.0001] rad/s | moving=q1 (share 46.3%)
sigma-joint: tauS =[-0.6807 -0.0007 +0.6739 +0.0002 -0.2348 -0.0005 +0.1657] Nm
sigma:      t=  7.6 s | a=0.080 k=1.000 | min=0.216516 d/dt=+1.39e-06/s | probe=2.34e-04 C=234.0x |grad|=1.46e-03/rad | push tau=1.0000 Nm | vN=0.0008 vBest=+0.0008 rad/s
sigma-joint: nBest=[-0.681 -0.001 +0.674 +0.000 -0.235 -0.000 +0.166] | dominant=q1 (share 46.3%) | ||J*nBest||=3.20e-16
sigma-joint: dqN  =[-0.0006 -0.0000 +0.0006 +0.0000 -0.0002 -0.0000 +0.0001] rad/s | moving=q1 (share 46.3%)
sigma-joint: tauS =[-0.6807 -0.0007 +0.6739 +0.0002 -0.2348 -0.0005 +0.1657] Nm
sigma:      t=  7.8 s | a=0.080 k=1.000 | min=0.216516 d/dt=-2.45e-07/s | probe=2.34e-04 C=234.0x |grad|=1.46e-03/rad | push tau=1.0000 Nm | vN=0.0003 vBest=-0.0003 rad/s
sigma-joint: nBest=[-0.681 -0.001 +0.674 +0.000 -0.235 -0.000 +0.166] | dominant=q1 (share 46.3%) | ||J*nBest||=1.13e-16
sigma-joint: dqN  =[+0.0002 +0.0000 -0.0002 -0.0000 +0.0001 +0.0000 -0.0000] rad/s | moving=q1 (share 46.3%)
sigma-joint: tauS =[-0.6807 -0.0007 +0.6739 +0.0002 -0.2348 -0.0005 +0.1657] Nm

>>> RELEASE - do not touch until the run ends  (t = 8.0 s)
sigma:      t=  8.0 s | a=0.080 k=1.000 | min=0.216516 d/dt=-8.16e-07/s | probe=2.34e-04 C=233.9x |grad|=1.46e-03/rad | push tau=1.0000 Nm | vN=0.0010 vBest=+0.0010 rad/s
sigma-joint: nBest=[-0.681 -0.001 +0.674 +0.000 -0.235 -0.000 +0.166] | dominant=q1 (share 46.3%) | ||J*nBest||=2.19e-16
sigma-joint: dqN  =[-0.0007 -0.0000 +0.0007 +0.0000 -0.0002 -0.0000 +0.0002] rad/s | moving=q1 (share 46.3%)
sigma-joint: tauS =[-0.6807 -0.0007 +0.6739 +0.0002 -0.2348 -0.0005 +0.1657] Nm
sigma:      t=  8.2 s | a=0.080 k=1.000 | min=0.216516 d/dt=+5.25e-07/s | probe=2.34e-04 C=233.8x |grad|=1.46e-03/rad | push tau=1.0000 Nm | vN=0.0005 vBest=+0.0005 rad/s
sigma-joint: nBest=[-0.681 -0.001 +0.674 +0.000 -0.235 -0.000 +0.166] | dominant=q1 (share 46.3%) | ||J*nBest||=4.70e-17
sigma-joint: dqN  =[-0.0004 -0.0000 +0.0004 +0.0000 -0.0001 -0.0000 +0.0001] rad/s | moving=q1 (share 46.3%)
sigma-joint: tauS =[-0.6807 -0.0007 +0.6739 +0.0002 -0.2348 -0.0005 +0.1657] Nm
sigma:      t=  8.4 s | a=0.080 k=1.000 | min=0.216516 d/dt=+3.50e-07/s | probe=2.34e-04 C=233.7x |grad|=1.46e-03/rad | push tau=1.0000 Nm | vN=0.0008 vBest=+0.0008 rad/s
sigma-joint: nBest=[-0.681 -0.001 +0.674 +0.000 -0.235 -0.000 +0.166] | dominant=q1 (share 46.3%) | ||J*nBest||=2.26e-16
sigma-joint: dqN  =[-0.0005 -0.0000 +0.0005 +0.0000 -0.0002 -0.0000 +0.0001] rad/s | moving=q1 (share 46.3%)
sigma-joint: tauS =[-0.6807 -0.0007 +0.6739 +0.0002 -0.2348 -0.0005 +0.1657] Nm
sigma:      t=  8.6 s | a=0.080 k=1.000 | min=0.216516 d/dt=+2.19e-07/s | probe=2.34e-04 C=233.8x |grad|=1.46e-03/rad | push tau=1.0000 Nm | vN=0.0001 vBest=-0.0001 rad/s
sigma-joint: nBest=[-0.681 -0.001 +0.674 +0.000 -0.235 -0.000 +0.166] | dominant=q1 (share 46.3%) | ||J*nBest||=1.49e-16
sigma-joint: dqN  =[+0.0001 +0.0000 -0.0001 -0.0000 +0.0000 +0.0000 -0.0000] rad/s | moving=q1 (share 46.3%)
sigma-joint: tauS =[-0.6807 -0.0007 +0.6739 +0.0002 -0.2348 -0.0005 +0.1657] Nm
sigma:      t=  8.8 s | a=0.080 k=1.000 | min=0.216516 d/dt=-1.48e-06/s | probe=2.34e-04 C=233.7x |grad|=1.46e-03/rad | push tau=1.0000 Nm | vN=0.0001 vBest=-0.0001 rad/s
sigma-joint: nBest=[-0.681 -0.001 +0.674 +0.000 -0.235 -0.000 +0.166] | dominant=q1 (share 46.3%) | ||J*nBest||=1.47e-16
sigma-joint: dqN  =[+0.0001 +0.0000 -0.0001 -0.0000 +0.0000 +0.0000 -0.0000] rad/s | moving=q1 (share 46.3%)
sigma-joint: tauS =[-0.6807 -0.0007 +0.6739 +0.0002 -0.2348 -0.0005 +0.1657] Nm
sigma:      t=  9.0 s | a=0.080 k=1.000 | min=0.216516 d/dt=+9.77e-07/s | probe=2.34e-04 C=233.6x |grad|=1.46e-03/rad | push tau=1.0000 Nm | vN=0.0006 vBest=+0.0006 rad/s
sigma-joint: nBest=[-0.681 -0.001 +0.674 +0.000 -0.235 -0.000 +0.166] | dominant=q1 (share 46.3%) | ||J*nBest||=1.38e-16
sigma-joint: dqN  =[-0.0004 -0.0000 +0.0004 +0.0000 -0.0001 -0.0000 +0.0001] rad/s | moving=q1 (share 46.3%)
sigma-joint: tauS =[-0.6807 -0.0007 +0.6739 +0.0002 -0.2348 -0.0005 +0.1657] Nm
sigma:      t=  9.2 s | a=0.080 k=1.000 | min=0.216516 d/dt=-1.03e-06/s | probe=2.34e-04 C=233.6x |grad|=1.46e-03/rad | push tau=1.0000 Nm | vN=0.0000 vBest=-0.0000 rad/s
sigma-joint: nBest=[-0.681 -0.001 +0.674 +0.000 -0.235 -0.000 +0.166] | dominant=q1 (share 46.3%) | ||J*nBest||=1.01e-16
sigma-joint: dqN  =[+0.0000 +0.0000 -0.0000 -0.0000 +0.0000 +0.0000 -0.0000] rad/s | moving=q1 (share 46.3%)
sigma-joint: tauS =[-0.6807 -0.0007 +0.6739 +0.0002 -0.2348 -0.0005 +0.1657] Nm
sigma:      t=  9.4 s | a=0.080 k=1.000 | min=0.216516 d/dt=+1.53e-06/s | probe=2.34e-04 C=233.6x |grad|=1.46e-03/rad | push tau=1.0000 Nm | vN=0.0013 vBest=+0.0013 rad/s
sigma-joint: nBest=[-0.681 -0.001 +0.674 +0.000 -0.235 -0.000 +0.166] | dominant=q1 (share 46.3%) | ||J*nBest||=1.43e-16
sigma-joint: dqN  =[-0.0009 -0.0000 +0.0008 +0.0000 -0.0003 -0.0000 +0.0002] rad/s | moving=q1 (share 46.3%)
sigma-joint: tauS =[-0.6807 -0.0007 +0.6739 +0.0002 -0.2348 -0.0005 +0.1657] Nm
sigma:      t=  9.6 s | a=0.080 k=1.000 | min=0.216516 d/dt=+5.75e-07/s | probe=2.34e-04 C=233.6x |grad|=1.46e-03/rad | push tau=1.0000 Nm | vN=0.0003 vBest=-0.0003 rad/s
sigma-joint: nBest=[-0.681 -0.001 +0.674 +0.000 -0.235 -0.000 +0.166] | dominant=q1 (share 46.3%) | ||J*nBest||=2.96e-16
sigma-joint: dqN  =[+0.0002 +0.0000 -0.0002 -0.0000 +0.0001 +0.0000 -0.0001] rad/s | moving=q1 (share 46.3%)
sigma-joint: tauS =[-0.6807 -0.0007 +0.6739 +0.0002 -0.2348 -0.0005 +0.1657] Nm
sigma:      t=  9.8 s | a=0.080 k=1.000 | min=0.216516 d/dt=-1.09e-06/s | probe=2.33e-04 C=233.3x |grad|=1.46e-03/rad | push tau=1.0000 Nm | vN=0.0002 vBest=+0.0002 rad/s
sigma-joint: nBest=[-0.681 -0.001 +0.674 +0.000 -0.235 -0.000 +0.166] | dominant=q1 (share 46.3%) | ||J*nBest||=2.07e-16
sigma-joint: dqN  =[-0.0002 -0.0000 +0.0002 +0.0000 -0.0001 -0.0000 +0.0000] rad/s | moving=q1 (share 46.3%)
sigma-joint: tauS =[-0.6807 -0.0007 +0.6739 +0.0002 -0.2348 -0.0005 +0.1657] Nm
sigma:      t= 10.0 s | a=0.080 k=1.000 | min=0.216517 d/dt=+1.38e-06/s | probe=2.33e-04 C=233.3x |grad|=1.46e-03/rad | push tau=1.0000 Nm | vN=0.0011 vBest=+0.0011 rad/s
sigma-joint: nBest=[-0.681 -0.001 +0.674 +0.000 -0.235 -0.000 +0.166] | dominant=q1 (share 46.3%) | ||J*nBest||=3.27e-16
sigma-joint: dqN  =[-0.0007 -0.0000 +0.0007 +0.0000 -0.0003 -0.0000 +0.0002] rad/s | moving=q1 (share 46.3%)
sigma-joint: tauS =[-0.6807 -0.0007 +0.6739 +0.0002 -0.2348 -0.0005 +0.1657] Nm
sigma:      t= 10.2 s | a=0.080 k=1.000 | min=0.216516 d/dt=-8.38e-07/s | probe=2.33e-04 C=233.1x |grad|=1.46e-03/rad | push tau=1.0000 Nm | vN=0.0009 vBest=+0.0009 rad/s
sigma-joint: nBest=[-0.681 -0.001 +0.674 +0.000 -0.235 -0.000 +0.166] | dominant=q1 (share 46.3%) | ||J*nBest||=3.41e-16
sigma-joint: dqN  =[-0.0006 -0.0000 +0.0006 +0.0000 -0.0002 -0.0000 +0.0001] rad/s | moving=q1 (share 46.3%)
sigma-joint: tauS =[-0.6807 -0.0007 +0.6739 +0.0002 -0.2348 -0.0005 +0.1657] Nm
sigma:      t= 10.4 s | a=0.080 k=1.000 | min=0.216516 d/dt=-5.62e-08/s | probe=2.33e-04 C=233.3x |grad|=1.46e-03/rad | push tau=1.0000 Nm | vN=0.0001 vBest=-0.0001 rad/s
sigma-joint: nBest=[-0.681 -0.001 +0.674 +0.000 -0.235 -0.000 +0.166] | dominant=q1 (share 46.3%) | ||J*nBest||=2.63e-16
sigma-joint: dqN  =[+0.0000 +0.0000 -0.0000 -0.0000 +0.0000 +0.0000 -0.0000] rad/s | moving=q1 (share 46.3%)
sigma-joint: tauS =[-0.6807 -0.0007 +0.6739 +0.0002 -0.2348 -0.0005 +0.1657] Nm
sigma:      t= 10.6 s | a=0.080 k=1.000 | min=0.216516 d/dt=-4.97e-07/s | probe=2.33e-04 C=233.1x |grad|=1.46e-03/rad | push tau=1.0000 Nm | vN=0.0015 vBest=+0.0015 rad/s
sigma-joint: nBest=[-0.681 -0.001 +0.674 +0.000 -0.235 -0.000 +0.166] | dominant=q1 (share 46.3%) | ||J*nBest||=2.49e-16
sigma-joint: dqN  =[-0.0010 -0.0000 +0.0010 +0.0000 -0.0003 -0.0000 +0.0002] rad/s | moving=q1 (share 46.3%)
sigma-joint: tauS =[-0.6807 -0.0007 +0.6739 +0.0002 -0.2348 -0.0005 +0.1657] Nm
sigma:      t= 10.8 s | a=0.080 k=1.000 | min=0.216517 d/dt=+1.42e-06/s | probe=2.33e-04 C=233.1x |grad|=1.46e-03/rad | push tau=1.0000 Nm | vN=0.0003 vBest=+0.0003 rad/s
sigma-joint: nBest=[-0.681 -0.001 +0.674 +0.000 -0.235 -0.000 +0.166] | dominant=q1 (share 46.3%) | ||J*nBest||=2.89e-16
sigma-joint: dqN  =[-0.0002 -0.0000 +0.0002 +0.0000 -0.0001 -0.0000 +0.0000] rad/s | moving=q1 (share 46.3%)
sigma-joint: tauS =[-0.6807 -0.0007 +0.6739 +0.0002 -0.2348 -0.0005 +0.1657] Nm
sigma:      t= 11.0 s | a=0.080 k=1.000 | min=0.216516 d/dt=-1.44e-06/s | probe=2.33e-04 C=233.0x |grad|=1.46e-03/rad | push tau=1.0000 Nm | vN=0.0001 vBest=+0.0001 rad/s
sigma-joint: nBest=[-0.681 -0.001 +0.674 +0.000 -0.235 -0.000 +0.166] | dominant=q1 (share 46.3%) | ||J*nBest||=2.19e-16
sigma-joint: dqN  =[-0.0001 -0.0000 +0.0001 +0.0000 -0.0000 -0.0000 +0.0000] rad/s | moving=q1 (share 46.3%)
sigma-joint: tauS =[-0.6807 -0.0007 +0.6739 +0.0002 -0.2348 -0.0005 +0.1657] Nm
sigma:      t= 11.2 s | a=0.080 k=1.000 | min=0.216516 d/dt=-8.16e-07/s | probe=2.33e-04 C=232.9x |grad|=1.46e-03/rad | push tau=1.0000 Nm | vN=0.0005 vBest=+0.0005 rad/s
sigma-joint: nBest=[-0.681 -0.001 +0.674 +0.000 -0.235 -0.000 +0.166] | dominant=q1 (share 46.3%) | ||J*nBest||=1.82e-16
sigma-joint: dqN  =[-0.0004 -0.0000 +0.0003 +0.0000 -0.0001 -0.0000 +0.0001] rad/s | moving=q1 (share 46.3%)
sigma-joint: tauS =[-0.6807 -0.0007 +0.6739 +0.0002 -0.2348 -0.0005 +0.1657] Nm
sigma:      t= 11.4 s | a=0.080 k=1.000 | min=0.216516 d/dt=+1.60e-06/s | probe=2.33e-04 C=233.0x |grad|=1.46e-03/rad | push tau=1.0000 Nm | vN=0.0005 vBest=+0.0005 rad/s
sigma-joint: nBest=[-0.681 -0.001 +0.674 +0.000 -0.235 -0.000 +0.166] | dominant=q1 (share 46.3%) | ||J*nBest||=1.49e-16
sigma-joint: dqN  =[-0.0003 -0.0000 +0.0003 +0.0000 -0.0001 -0.0000 +0.0001] rad/s | moving=q1 (share 46.3%)
sigma-joint: tauS =[-0.6807 -0.0007 +0.6739 +0.0002 -0.2348 -0.0005 +0.1657] Nm
sigma:      t= 11.6 s | a=0.080 k=1.000 | min=0.216516 d/dt=-1.28e-06/s | probe=2.33e-04 C=232.9x |grad|=1.46e-03/rad | push tau=1.0000 Nm | vN=0.0003 vBest=-0.0003 rad/s
sigma-joint: nBest=[-0.681 -0.001 +0.674 +0.000 -0.235 -0.000 +0.166] | dominant=q1 (share 46.3%) | ||J*nBest||=2.29e-16
sigma-joint: dqN  =[+0.0002 +0.0000 -0.0002 -0.0000 +0.0001 +0.0000 -0.0000] rad/s | moving=q1 (share 46.3%)
sigma-joint: tauS =[-0.6807 -0.0007 +0.6739 +0.0002 -0.2348 -0.0005 +0.1657] Nm
sigma:      t= 11.8 s | a=0.080 k=1.000 | min=0.216516 d/dt=+7.17e-07/s | probe=2.33e-04 C=232.8x |grad|=1.45e-03/rad | push tau=1.0000 Nm | vN=0.0001 vBest=-0.0001 rad/s
sigma-joint: nBest=[-0.681 -0.001 +0.674 +0.000 -0.235 -0.000 +0.166] | dominant=q1 (share 46.3%) | ||J*nBest||=1.69e-16
sigma-joint: dqN  =[+0.0001 +0.0000 -0.0001 -0.0000 +0.0000 +0.0000 -0.0000] rad/s | moving=q1 (share 46.3%)
sigma-joint: tauS =[-0.6807 -0.0007 +0.6739 +0.0002 -0.2348 -0.0005 +0.1657] Nm
sigma:      t= 12.0 s | a=0.080 k=1.000 | min=0.216516 d/dt=+7.57e-07/s | probe=2.32e-04 C=232.0x |grad|=1.45e-03/rad | push tau=1.0000 Nm | vN=0.0000 vBest=+0.0000 rad/s
sigma-joint: nBest=[-0.681 -0.001 +0.674 +0.000 -0.235 -0.000 +0.166] | dominant=q1 (share 46.3%) | ||J*nBest||=1.21e-16
sigma-joint: dqN  =[-0.0000 -0.0000 +0.0000 +0.0000 -0.0000 -0.0000 +0.0000] rad/s | moving=q1 (share 46.3%)
sigma-joint: tauS =[-0.6807 -0.0007 +0.6739 +0.0002 -0.2348 -0.0005 +0.1657] Nm
sigma:      t= 12.2 s | a=0.080 k=1.000 | min=0.216517 d/dt=+1.26e-06/s | probe=2.28e-04 C=228.3x |grad|=1.43e-03/rad | push tau=1.0000 Nm | vN=0.0007 vBest=+0.0007 rad/s
sigma-joint: nBest=[-0.681 -0.001 +0.674 +0.000 -0.235 -0.000 +0.166] | dominant=q1 (share 46.3%) | ||J*nBest||=2.30e-16
sigma-joint: dqN  =[-0.0005 -0.0000 +0.0005 +0.0000 -0.0002 -0.0000 +0.0001] rad/s | moving=q1 (share 46.3%)
sigma-joint: tauS =[-0.6807 -0.0007 +0.6739 +0.0002 -0.2348 -0.0005 +0.1657] Nm
sigma:      t= 12.4 s | a=0.080 k=1.000 | min=0.216516 d/dt=-1.05e-06/s | probe=2.24e-04 C=223.6x |grad|=1.40e-03/rad | push tau=1.0000 Nm | vN=0.0011 vBest=+0.0011 rad/s
sigma-joint: nBest=[-0.681 -0.001 +0.674 +0.000 -0.235 -0.000 +0.166] | dominant=q1 (share 46.3%) | ||J*nBest||=1.81e-16
sigma-joint: dqN  =[-0.0007 -0.0000 +0.0007 +0.0000 -0.0002 -0.0000 +0.0002] rad/s | moving=q1 (share 46.3%)
sigma-joint: tauS =[-0.6807 -0.0007 +0.6739 +0.0002 -0.2348 -0.0005 +0.1657] Nm
sigma:      t= 12.6 s | a=0.080 k=1.000 | min=0.216517 d/dt=+2.29e-06/s | probe=2.21e-04 C=220.7x |grad|=1.38e-03/rad | push tau=1.0000 Nm | vN=0.0003 vBest=-0.0003 rad/s
sigma-joint: nBest=[-0.681 -0.001 +0.674 +0.000 -0.235 -0.000 +0.166] | dominant=q1 (share 46.3%) | ||J*nBest||=1.88e-16
sigma-joint: dqN  =[+0.0002 +0.0000 -0.0002 -0.0000 +0.0001 +0.0000 -0.0001] rad/s | moving=q1 (share 46.3%)
sigma-joint: tauS =[-0.6807 -0.0007 +0.6739 +0.0002 -0.2348 -0.0005 +0.1657] Nm
sigma:      t= 12.8 s | a=0.080 k=1.000 | min=0.216517 d/dt=-1.28e-07/s | probe=2.20e-04 C=220.2x |grad|=1.38e-03/rad | push tau=1.0000 Nm | vN=0.0002 vBest=+0.0002 rad/s
sigma-joint: nBest=[-0.681 -0.001 +0.674 +0.000 -0.235 -0.000 +0.166] | dominant=q1 (share 46.3%) | ||J*nBest||=1.87e-16
sigma-joint: dqN  =[-0.0001 -0.0000 +0.0001 +0.0000 -0.0000 -0.0000 +0.0000] rad/s | moving=q1 (share 46.3%)
sigma-joint: tauS =[-0.6807 -0.0007 +0.6739 +0.0002 -0.2348 -0.0005 +0.1657] Nm
sigma:      t= 13.0 s | a=0.080 k=1.000 | min=0.216517 d/dt=+9.80e-07/s | probe=2.19e-04 C=219.1x |grad|=1.37e-03/rad | push tau=1.0000 Nm | vN=0.0010 vBest=-0.0010 rad/s
sigma-joint: nBest=[-0.681 -0.001 +0.674 +0.000 -0.235 -0.000 +0.166] | dominant=q1 (share 46.3%) | ||J*nBest||=2.05e-16
sigma-joint: dqN  =[+0.0007 +0.0000 -0.0007 -0.0000 +0.0002 +0.0000 -0.0002] rad/s | moving=q1 (share 46.3%)
sigma-joint: tauS =[-0.6807 -0.0007 +0.6739 +0.0002 -0.2348 -0.0005 +0.1657] Nm
sigma:      t= 13.2 s | a=0.080 k=1.000 | min=0.216517 d/dt=-1.23e-06/s | probe=2.19e-04 C=218.9x |grad|=1.37e-03/rad | push tau=1.0000 Nm | vN=0.0006 vBest=-0.0006 rad/s
sigma-joint: nBest=[-0.681 -0.001 +0.674 +0.000 -0.235 -0.000 +0.166] | dominant=q1 (share 46.3%) | ||J*nBest||=1.46e-16
sigma-joint: dqN  =[+0.0004 +0.0000 -0.0004 -0.0000 +0.0001 +0.0000 -0.0001] rad/s | moving=q1 (share 46.3%)
sigma-joint: tauS =[-0.6807 -0.0007 +0.6739 +0.0002 -0.2348 -0.0005 +0.1657] Nm
sigma:      t= 13.4 s | a=0.080 k=1.000 | min=0.216517 d/dt=+8.87e-07/s | probe=2.18e-04 C=218.3x |grad|=1.36e-03/rad | push tau=1.0000 Nm | vN=0.0003 vBest=+0.0003 rad/s
sigma-joint: nBest=[-0.681 -0.001 +0.674 +0.000 -0.235 -0.000 +0.166] | dominant=q1 (share 46.3%) | ||J*nBest||=1.85e-16
sigma-joint: dqN  =[-0.0002 -0.0000 +0.0002 +0.0000 -0.0001 -0.0000 +0.0000] rad/s | moving=q1 (share 46.3%)
sigma-joint: tauS =[-0.6807 -0.0007 +0.6739 +0.0002 -0.2348 -0.0005 +0.1657] Nm
sigma:      t= 13.6 s | a=0.080 k=1.000 | min=0.216517 d/dt=+1.48e-06/s | probe=2.18e-04 C=217.5x |grad|=1.36e-03/rad | push tau=1.0000 Nm | vN=0.0032 vBest=+0.0032 rad/s
sigma-joint: nBest=[-0.681 -0.001 +0.674 +0.000 -0.235 -0.000 +0.166] | dominant=q1 (share 46.3%) | ||J*nBest||=3.28e-16
sigma-joint: dqN  =[-0.0022 -0.0000 +0.0022 +0.0000 -0.0007 -0.0000 +0.0005] rad/s | moving=q1 (share 46.3%)
sigma-joint: tauS =[-0.6807 -0.0007 +0.6739 +0.0002 -0.2348 -0.0005 +0.1657] Nm
sigma:      t= 13.8 s | a=0.080 k=1.000 | min=0.216517 d/dt=-1.35e-06/s | probe=2.18e-04 C=217.9x |grad|=1.36e-03/rad | push tau=1.0000 Nm | vN=0.0004 vBest=+0.0004 rad/s
sigma-joint: nBest=[-0.681 -0.001 +0.674 +0.000 -0.235 -0.000 +0.166] | dominant=q1 (share 46.3%) | ||J*nBest||=2.74e-16
sigma-joint: dqN  =[-0.0003 -0.0000 +0.0003 +0.0000 -0.0001 -0.0000 +0.0001] rad/s | moving=q1 (share 46.3%)
sigma-joint: tauS =[-0.6807 -0.0007 +0.6739 +0.0002 -0.2348 -0.0005 +0.1657] Nm
sigma:      t= 14.0 s | a=0.080 k=1.000 | min=0.216517 d/dt=-4.10e-07/s | probe=2.16e-04 C=216.3x |grad|=1.35e-03/rad | push tau=1.0000 Nm | vN=0.0006 vBest=-0.0006 rad/s
sigma-joint: nBest=[-0.681 -0.001 +0.674 +0.000 -0.235 -0.000 +0.166] | dominant=q1 (share 46.3%) | ||J*nBest||=2.88e-16
sigma-joint: dqN  =[+0.0004 +0.0000 -0.0004 -0.0000 +0.0001 +0.0000 -0.0001] rad/s | moving=q1 (share 46.3%)
sigma-joint: tauS =[-0.6807 -0.0007 +0.6739 +0.0002 -0.2348 -0.0005 +0.1657] Nm
sigma:      t= 14.2 s | a=0.080 k=1.000 | min=0.216518 d/dt=+3.93e-06/s | probe=2.09e-04 C=209.0x |grad|=1.31e-03/rad | push tau=1.0000 Nm | vN=0.0007 vBest=+0.0007 rad/s
sigma-joint: nBest=[-0.681 -0.001 +0.674 +0.000 -0.235 -0.000 +0.166] | dominant=q1 (share 46.3%) | ||J*nBest||=1.82e-16
sigma-joint: dqN  =[-0.0005 -0.0000 +0.0005 +0.0000 -0.0002 -0.0000 +0.0001] rad/s | moving=q1 (share 46.3%)
sigma-joint: tauS =[-0.6807 -0.0006 +0.6739 +0.0002 -0.2348 -0.0005 +0.1657] Nm
sigma:      t= 14.4 s | a=0.080 k=1.000 | min=0.216518 d/dt=+1.62e-06/s | probe=2.02e-04 C=202.3x |grad|=1.26e-03/rad | push tau=1.0000 Nm | vN=0.0006 vBest=+0.0006 rad/s
sigma-joint: nBest=[-0.681 -0.001 +0.674 +0.000 -0.235 -0.000 +0.166] | dominant=q1 (share 46.3%) | ||J*nBest||=1.73e-16
sigma-joint: dqN  =[-0.0004 -0.0000 +0.0004 +0.0000 -0.0001 -0.0000 +0.0001] rad/s | moving=q1 (share 46.3%)
sigma-joint: tauS =[-0.6807 -0.0006 +0.6738 +0.0002 -0.2348 -0.0005 +0.1657] Nm
sigma:      t= 14.6 s | a=0.080 k=1.000 | min=0.216518 d/dt=+7.54e-08/s | probe=1.97e-04 C=196.6x |grad|=1.23e-03/rad | push tau=1.0000 Nm | vN=0.0026 vBest=+0.0026 rad/s
sigma-joint: nBest=[-0.681 -0.001 +0.674 +0.000 -0.235 -0.000 +0.166] | dominant=q1 (share 46.3%) | ||J*nBest||=1.74e-16
sigma-joint: dqN  =[-0.0018 -0.0000 +0.0017 +0.0000 -0.0006 -0.0000 +0.0004] rad/s | moving=q1 (share 46.3%)
sigma-joint: tauS =[-0.6807 -0.0006 +0.6739 +0.0002 -0.2348 -0.0005 +0.1657] Nm
sigma:      t= 14.8 s | a=0.080 k=1.000 | min=0.216518 d/dt=+8.04e-07/s | probe=1.96e-04 C=196.3x |grad|=1.23e-03/rad | push tau=1.0000 Nm | vN=0.0012 vBest=-0.0012 rad/s
sigma-joint: nBest=[-0.681 -0.001 +0.674 +0.000 -0.235 -0.000 +0.166] | dominant=q1 (share 46.3%) | ||J*nBest||=1.78e-16
sigma-joint: dqN  =[+0.0008 +0.0000 -0.0008 -0.0000 +0.0003 +0.0000 -0.0002] rad/s | moving=q1 (share 46.3%)
sigma-joint: tauS =[-0.6807 -0.0006 +0.6738 +0.0002 -0.2348 -0.0005 +0.1657] Nm
sigma:      t= 15.0 s | a=0.080 k=1.000 | min=0.216518 d/dt=+2.80e-07/s | probe=1.95e-04 C=195.4x |grad|=1.22e-03/rad | push tau=1.0000 Nm | vN=0.0000 vBest=+0.0000 rad/s
sigma-joint: nBest=[-0.681 -0.001 +0.674 +0.000 -0.235 -0.000 +0.166] | dominant=q1 (share 46.3%) | ||J*nBest||=1.26e-16
sigma-joint: dqN  =[-0.0000 -0.0000 +0.0000 +0.0000 -0.0000 -0.0000 +0.0000] rad/s | moving=q1 (share 46.3%)
sigma-joint: tauS =[-0.6807 -0.0006 +0.6738 +0.0002 -0.2348 -0.0005 +0.1657] Nm
sigma:      t= 15.3 s | a=0.080 k=1.000 | min=0.216518 d/dt=-6.29e-07/s | probe=1.95e-04 C=195.4x |grad|=1.22e-03/rad | push tau=1.0000 Nm | vN=0.0001 vBest=+0.0001 rad/s
sigma-joint: nBest=[-0.681 -0.001 +0.674 +0.000 -0.235 -0.000 +0.166] | dominant=q1 (share 46.3%) | ||J*nBest||=1.27e-16
sigma-joint: dqN  =[-0.0000 -0.0000 +0.0000 +0.0000 -0.0000 -0.0000 +0.0000] rad/s | moving=q1 (share 46.3%)
sigma-joint: tauS =[-0.6807 -0.0006 +0.6739 +0.0002 -0.2348 -0.0005 +0.1657] Nm
sigma:      t= 15.5 s | a=0.080 k=1.000 | min=0.216518 d/dt=+5.90e-07/s | probe=1.95e-04 C=195.4x |grad|=1.22e-03/rad | push tau=1.0000 Nm | vN=0.0007 vBest=+0.0007 rad/s
sigma-joint: nBest=[-0.681 -0.001 +0.674 +0.000 -0.235 -0.000 +0.166] | dominant=q1 (share 46.3%) | ||J*nBest||=1.81e-16
sigma-joint: dqN  =[-0.0005 -0.0000 +0.0005 +0.0000 -0.0002 -0.0000 +0.0001] rad/s | moving=q1 (share 46.3%)
sigma-joint: tauS =[-0.6807 -0.0006 +0.6739 +0.0002 -0.2348 -0.0005 +0.1657] Nm
sigma:      t= 15.7 s | a=0.080 k=1.000 | min=0.216518 d/dt=+6.08e-07/s | probe=1.95e-04 C=195.3x |grad|=1.22e-03/rad | push tau=1.0000 Nm | vN=0.0002 vBest=+0.0002 rad/s
sigma-joint: nBest=[-0.681 -0.001 +0.674 +0.000 -0.235 -0.000 +0.166] | dominant=q1 (share 46.3%) | ||J*nBest||=1.38e-16
sigma-joint: dqN  =[-0.0001 -0.0000 +0.0001 +0.0000 -0.0000 -0.0000 +0.0000] rad/s | moving=q1 (share 46.3%)
sigma-joint: tauS =[-0.6807 -0.0006 +0.6739 +0.0002 -0.2348 -0.0005 +0.1657] Nm
sigma:      t= 15.9 s | a=0.080 k=1.000 | min=0.216518 d/dt=-2.04e-06/s | probe=1.95e-04 C=195.3x |grad|=1.22e-03/rad | push tau=1.0000 Nm | vN=0.0038 vBest=+0.0038 rad/s
sigma-joint: nBest=[-0.681 -0.001 +0.674 +0.000 -0.235 -0.000 +0.166] | dominant=q1 (share 46.3%) | ||J*nBest||=1.82e-16
sigma-joint: dqN  =[-0.0026 -0.0000 +0.0025 +0.0000 -0.0009 -0.0000 +0.0006] rad/s | moving=q1 (share 46.3%)
sigma-joint: tauS =[-0.6807 -0.0006 +0.6739 +0.0002 -0.2348 -0.0005 +0.1657] Nm
sigma:      t= 16.1 s | a=0.080 k=1.000 | min=0.216518 d/dt=+7.83e-07/s | probe=1.95e-04 C=195.3x |grad|=1.22e-03/rad | push tau=1.0000 Nm | vN=0.0001 vBest=-0.0001 rad/s
sigma-joint: nBest=[-0.681 -0.001 +0.674 +0.000 -0.235 -0.000 +0.166] | dominant=q1 (share 46.3%) | ||J*nBest||=2.45e-16
sigma-joint: dqN  =[+0.0000 +0.0000 -0.0000 -0.0000 +0.0000 +0.0000 -0.0000] rad/s | moving=q1 (share 46.3%)
sigma-joint: tauS =[-0.6807 -0.0006 +0.6739 +0.0002 -0.2348 -0.0005 +0.1657] Nm
sigma:      t= 16.3 s | a=0.080 k=1.000 | min=0.216518 d/dt=+6.90e-07/s | probe=1.95e-04 C=195.3x |grad|=1.22e-03/rad | push tau=1.0000 Nm | vN=0.0010 vBest=-0.0010 rad/s
sigma-joint: nBest=[-0.681 -0.001 +0.674 +0.000 -0.235 -0.000 +0.166] | dominant=q1 (share 46.3%) | ||J*nBest||=2.62e-16
sigma-joint: dqN  =[+0.0007 +0.0000 -0.0007 -0.0000 +0.0002 +0.0000 -0.0002] rad/s | moving=q1 (share 46.3%)
sigma-joint: tauS =[-0.6807 -0.0006 +0.6738 +0.0002 -0.2348 -0.0005 +0.1657] Nm
sigma:      t= 16.5 s | a=0.080 k=1.000 | min=0.216518 d/dt=-1.22e-06/s | probe=1.95e-04 C=195.2x |grad|=1.22e-03/rad | push tau=1.0000 Nm | vN=0.0004 vBest=-0.0004 rad/s
sigma-joint: nBest=[-0.681 -0.001 +0.674 +0.000 -0.235 -0.000 +0.166] | dominant=q1 (share 46.3%) | ||J*nBest||=2.65e-16
sigma-joint: dqN  =[+0.0002 +0.0000 -0.0002 -0.0000 +0.0001 +0.0000 -0.0001] rad/s | moving=q1 (share 46.3%)
sigma-joint: tauS =[-0.6807 -0.0006 +0.6738 +0.0002 -0.2348 -0.0005 +0.1657] Nm
sigma:      t= 16.7 s | a=0.080 k=1.000 | min=0.216518 d/dt=+1.21e-06/s | probe=1.95e-04 C=195.2x |grad|=1.22e-03/rad | push tau=1.0000 Nm | vN=0.0012 vBest=-0.0012 rad/s
sigma-joint: nBest=[-0.681 -0.001 +0.674 +0.000 -0.235 -0.000 +0.166] | dominant=q1 (share 46.3%) | ||J*nBest||=3.93e-16
sigma-joint: dqN  =[+0.0008 +0.0000 -0.0008 -0.0000 +0.0003 +0.0000 -0.0002] rad/s | moving=q1 (share 46.3%)
sigma-joint: tauS =[-0.6807 -0.0006 +0.6739 +0.0002 -0.2348 -0.0005 +0.1657] Nm
sigma:      t= 16.9 s | a=0.080 k=1.000 | min=0.216518 d/dt=-6.86e-07/s | probe=1.95e-04 C=195.1x |grad|=1.22e-03/rad | push tau=1.0000 Nm | vN=0.0007 vBest=+0.0007 rad/s
sigma-joint: nBest=[-0.681 -0.001 +0.674 +0.000 -0.235 -0.000 +0.166] | dominant=q1 (share 46.3%) | ||J*nBest||=1.97e-16
sigma-joint: dqN  =[-0.0005 -0.0000 +0.0005 +0.0000 -0.0002 -0.0000 +0.0001] rad/s | moving=q1 (share 46.3%)
sigma-joint: tauS =[-0.6807 -0.0006 +0.6739 +0.0002 -0.2348 -0.0005 +0.1657] Nm
sigma:      t= 17.1 s | a=0.080 k=1.000 | min=0.216518 d/dt=+1.85e-08/s | probe=1.95e-04 C=195.1x |grad|=1.22e-03/rad | push tau=1.0000 Nm | vN=0.0013 vBest=-0.0013 rad/s
sigma-joint: nBest=[-0.681 -0.001 +0.674 +0.000 -0.235 -0.000 +0.166] | dominant=q1 (share 46.3%) | ||J*nBest||=2.79e-16
sigma-joint: dqN  =[+0.0009 +0.0000 -0.0009 -0.0000 +0.0003 +0.0000 -0.0002] rad/s | moving=q1 (share 46.3%)
sigma-joint: tauS =[-0.6807 -0.0006 +0.6739 +0.0002 -0.2348 -0.0005 +0.1657] Nm
sigma:      t= 17.3 s | a=0.080 k=1.000 | min=0.216518 d/dt=-4.77e-07/s | probe=1.95e-04 C=195.1x |grad|=1.22e-03/rad | push tau=1.0000 Nm | vN=0.0004 vBest=+0.0004 rad/s
sigma-joint: nBest=[-0.681 -0.001 +0.674 +0.000 -0.235 -0.000 +0.166] | dominant=q1 (share 46.3%) | ||J*nBest||=2.90e-16
sigma-joint: dqN  =[-0.0003 -0.0000 +0.0003 +0.0000 -0.0001 -0.0000 +0.0001] rad/s | moving=q1 (share 46.3%)
sigma-joint: tauS =[-0.6807 -0.0006 +0.6738 +0.0002 -0.2348 -0.0005 +0.1657] Nm
sigma:      t= 17.5 s | a=0.080 k=1.000 | min=0.216518 d/dt=+1.26e-06/s | probe=1.95e-04 C=195.1x |grad|=1.22e-03/rad | push tau=1.0000 Nm | vN=0.0002 vBest=+0.0002 rad/s
sigma-joint: nBest=[-0.681 -0.001 +0.674 +0.000 -0.235 -0.000 +0.166] | dominant=q1 (share 46.3%) | ||J*nBest||=1.64e-16
sigma-joint: dqN  =[-0.0002 -0.0000 +0.0002 +0.0000 -0.0001 -0.0000 +0.0000] rad/s | moving=q1 (share 46.3%)
sigma-joint: tauS =[-0.6807 -0.0006 +0.6739 +0.0002 -0.2348 -0.0005 +0.1657] Nm
sigma:      t= 17.7 s | a=0.080 k=1.000 | min=0.216518 d/dt=-7.19e-07/s | probe=1.95e-04 C=195.1x |grad|=1.22e-03/rad | push tau=1.0000 Nm | vN=0.0000 vBest=+0.0000 rad/s
sigma-joint: nBest=[-0.681 -0.001 +0.674 +0.000 -0.235 -0.000 +0.166] | dominant=q1 (share 46.3%) | ||J*nBest||=1.70e-16
sigma-joint: dqN  =[-0.0000 -0.0000 +0.0000 +0.0000 -0.0000 -0.0000 +0.0000] rad/s | moving=q1 (share 46.3%)
sigma-joint: tauS =[-0.6807 -0.0006 +0.6738 +0.0002 -0.2348 -0.0005 +0.1657] Nm
sigma:      t= 17.9 s | a=0.080 k=1.000 | min=0.216518 d/dt=-1.97e-08/s | probe=1.95e-04 C=194.9x |grad|=1.22e-03/rad | push tau=1.0000 Nm | vN=0.0004 vBest=+0.0004 rad/s
sigma-joint: nBest=[-0.681 -0.001 +0.674 +0.000 -0.235 -0.000 +0.166] | dominant=q1 (share 46.3%) | ||J*nBest||=2.81e-16
sigma-joint: dqN  =[-0.0003 -0.0000 +0.0003 +0.0000 -0.0001 -0.0000 +0.0001] rad/s | moving=q1 (share 46.3%)
sigma-joint: tauS =[-0.6807 -0.0006 +0.6739 +0.0002 -0.2348 -0.0005 +0.1657] Nm
sigma:      t= 18.1 s | a=0.080 k=1.000 | min=0.216518 d/dt=+8.04e-07/s | probe=1.95e-04 C=194.9x |grad|=1.22e-03/rad | push tau=1.0000 Nm | vN=0.0001 vBest=+0.0001 rad/s
sigma-joint: nBest=[-0.681 -0.001 +0.674 +0.000 -0.235 -0.000 +0.166] | dominant=q1 (share 46.3%) | ||J*nBest||=1.24e-16
sigma-joint: dqN  =[-0.0001 -0.0000 +0.0001 +0.0000 -0.0000 -0.0000 +0.0000] rad/s | moving=q1 (share 46.3%)
sigma-joint: tauS =[-0.6807 -0.0006 +0.6738 +0.0002 -0.2348 -0.0005 +0.1657] Nm
sigma:      t= 18.3 s | a=0.080 k=1.000 | min=0.216518 d/dt=-8.37e-07/s | probe=1.95e-04 C=194.8x |grad|=1.22e-03/rad | push tau=1.0000 Nm | vN=0.0008 vBest=+0.0008 rad/s
sigma-joint: nBest=[-0.681 -0.001 +0.674 +0.000 -0.235 -0.000 +0.166] | dominant=q1 (share 46.3%) | ||J*nBest||=1.85e-16
sigma-joint: dqN  =[-0.0005 -0.0000 +0.0005 +0.0000 -0.0002 -0.0000 +0.0001] rad/s | moving=q1 (share 46.3%)
sigma-joint: tauS =[-0.6807 -0.0006 +0.6739 +0.0002 -0.2348 -0.0005 +0.1657] Nm
sigma:      t= 18.5 s | a=0.080 k=1.000 | min=0.216518 d/dt=+8.55e-08/s | probe=1.95e-04 C=194.9x |grad|=1.22e-03/rad | push tau=1.0000 Nm | vN=0.0000 vBest=-0.0000 rad/s
sigma-joint: nBest=[-0.681 -0.001 +0.674 +0.000 -0.235 -0.000 +0.166] | dominant=q1 (share 46.3%) | ||J*nBest||=1.22e-16
sigma-joint: dqN  =[+0.0000 +0.0000 -0.0000 -0.0000 +0.0000 +0.0000 -0.0000] rad/s | moving=q1 (share 46.3%)
sigma-joint: tauS =[-0.6807 -0.0006 +0.6739 +0.0002 -0.2348 -0.0005 +0.1657] Nm
sigma:      t= 18.7 s | a=0.080 k=1.000 | min=0.216518 d/dt=+7.29e-07/s | probe=1.95e-04 C=194.8x |grad|=1.22e-03/rad | push tau=1.0000 Nm | vN=0.0004 vBest=+0.0004 rad/s
sigma-joint: nBest=[-0.681 -0.001 +0.674 +0.000 -0.235 -0.000 +0.166] | dominant=q1 (share 46.3%) | ||J*nBest||=1.25e-16
sigma-joint: dqN  =[-0.0003 -0.0000 +0.0003 +0.0000 -0.0001 -0.0000 +0.0001] rad/s | moving=q1 (share 46.3%)
sigma-joint: tauS =[-0.6807 -0.0006 +0.6739 +0.0002 -0.2348 -0.0005 +0.1657] Nm
sigma:      t= 18.9 s | a=0.080 k=1.000 | min=0.216518 d/dt=-1.30e-06/s | probe=1.95e-04 C=194.9x |grad|=1.22e-03/rad | push tau=1.0000 Nm | vN=0.0001 vBest=+0.0001 rad/s
sigma-joint: nBest=[-0.681 -0.001 +0.674 +0.000 -0.235 -0.000 +0.166] | dominant=q1 (share 46.3%) | ||J*nBest||=4.96e-17
sigma-joint: dqN  =[-0.0001 -0.0000 +0.0001 +0.0000 -0.0000 -0.0000 +0.0000] rad/s | moving=q1 (share 46.3%)
sigma-joint: tauS =[-0.6807 -0.0006 +0.6738 +0.0002 -0.2348 -0.0005 +0.1657] Nm
sigma:      t= 19.1 s | a=0.080 k=1.000 | min=0.216518 d/dt=-2.42e-07/s | probe=1.95e-04 C=194.8x |grad|=1.22e-03/rad | push tau=1.0000 Nm | vN=0.0002 vBest=+0.0002 rad/s
sigma-joint: nBest=[-0.681 -0.001 +0.674 +0.000 -0.235 -0.000 +0.166] | dominant=q1 (share 46.3%) | ||J*nBest||=2.99e-16
sigma-joint: dqN  =[-0.0002 -0.0000 +0.0002 +0.0000 -0.0001 -0.0000 +0.0000] rad/s | moving=q1 (share 46.3%)
sigma-joint: tauS =[-0.6807 -0.0006 +0.6739 +0.0002 -0.2348 -0.0005 +0.1657] Nm
sigma:      t= 19.3 s | a=0.080 k=1.000 | min=0.216518 d/dt=+7.91e-07/s | probe=1.95e-04 C=194.8x |grad|=1.22e-03/rad | push tau=1.0000 Nm | vN=0.0001 vBest=-0.0001 rad/s
sigma-joint: nBest=[-0.681 -0.001 +0.674 +0.000 -0.235 -0.000 +0.166] | dominant=q1 (share 46.3%) | ||J*nBest||=1.48e-16
sigma-joint: dqN  =[+0.0000 +0.0000 -0.0000 -0.0000 +0.0000 +0.0000 -0.0000] rad/s | moving=q1 (share 46.3%)
sigma-joint: tauS =[-0.6807 -0.0006 +0.6739 +0.0002 -0.2348 -0.0005 +0.1657] Nm
sigma:      t= 19.5 s | a=0.080 k=1.000 | min=0.216518 d/dt=+1.38e-06/s | probe=1.95e-04 C=194.7x |grad|=1.22e-03/rad | push tau=1.0000 Nm | vN=0.0005 vBest=+0.0005 rad/s
sigma-joint: nBest=[-0.681 -0.001 +0.674 +0.000 -0.235 -0.000 +0.166] | dominant=q1 (share 46.3%) | ||J*nBest||=1.32e-16
sigma-joint: dqN  =[-0.0003 -0.0000 +0.0003 +0.0000 -0.0001 -0.0000 +0.0001] rad/s | moving=q1 (share 46.3%)
sigma-joint: tauS =[-0.6807 -0.0006 +0.6739 +0.0002 -0.2348 -0.0005 +0.1657] Nm
sigma:      t= 19.7 s | a=0.080 k=1.000 | min=0.216518 d/dt=-1.24e-06/s | probe=1.95e-04 C=194.7x |grad|=1.22e-03/rad | push tau=1.0000 Nm | vN=0.0007 vBest=+0.0007 rad/s
sigma-joint: nBest=[-0.681 -0.001 +0.674 +0.000 -0.235 -0.000 +0.166] | dominant=q1 (share 46.3%) | ||J*nBest||=3.04e-16
sigma-joint: dqN  =[-0.0005 -0.0000 +0.0005 +0.0000 -0.0002 -0.0000 +0.0001] rad/s | moving=q1 (share 46.3%)
sigma-joint: tauS =[-0.6807 -0.0006 +0.6739 +0.0002 -0.2348 -0.0005 +0.1657] Nm
sigma:      t= 19.9 s | a=0.080 k=1.000 | min=0.216518 d/dt=-1.84e-07/s | probe=1.95e-04 C=195.0x |grad|=1.22e-03/rad | push tau=1.0000 Nm | vN=0.0010 vBest=-0.0010 rad/s
sigma-joint: nBest=[-0.681 -0.001 +0.674 +0.000 -0.235 -0.000 +0.166] | dominant=q1 (share 46.3%) | ||J*nBest||=8.79e-17
sigma-joint: dqN  =[+0.0007 +0.0000 -0.0007 -0.0000 +0.0002 +0.0000 -0.0002] rad/s | moving=q1 (share 46.3%)
sigma-joint: tauS =[-0.6807 -0.0006 +0.6739 +0.0002 -0.2348 -0.0005 +0.1657] Nm
sigma:      t= 20.1 s | a=0.080 k=1.000 | min=0.216518 d/dt=+7.56e-07/s | probe=1.95e-04 C=194.7x |grad|=1.22e-03/rad | push tau=1.0000 Nm | vN=0.0005 vBest=-0.0005 rad/s
sigma-joint: nBest=[-0.681 -0.001 +0.674 +0.000 -0.235 -0.000 +0.166] | dominant=q1 (share 46.3%) | ||J*nBest||=1.64e-16
sigma-joint: dqN  =[+0.0003 +0.0000 -0.0003 -0.0000 +0.0001 +0.0000 -0.0001] rad/s | moving=q1 (share 46.3%)
sigma-joint: tauS =[-0.6807 -0.0006 +0.6739 +0.0002 -0.2348 -0.0005 +0.1657] Nm
sigma:      t= 20.3 s | a=0.080 k=1.000 | min=0.216518 d/dt=-7.36e-07/s | probe=1.95e-04 C=194.8x |grad|=1.22e-03/rad | push tau=1.0000 Nm | vN=0.0004 vBest=-0.0004 rad/s
sigma-joint: nBest=[-0.681 -0.001 +0.674 +0.000 -0.235 -0.000 +0.166] | dominant=q1 (share 46.3%) | ||J*nBest||=1.03e-16
sigma-joint: dqN  =[+0.0003 +0.0000 -0.0003 -0.0000 +0.0001 +0.0000 -0.0001] rad/s | moving=q1 (share 46.3%)
sigma-joint: tauS =[-0.6807 -0.0006 +0.6739 +0.0002 -0.2348 -0.0005 +0.1657] Nm
sigma:      t= 20.5 s | a=0.080 k=1.000 | min=0.216518 d/dt=-7.22e-07/s | probe=1.95e-04 C=194.7x |grad|=1.22e-03/rad | push tau=1.0000 Nm | vN=0.0003 vBest=-0.0003 rad/s
sigma-joint: nBest=[-0.681 -0.001 +0.674 +0.000 -0.235 -0.000 +0.166] | dominant=q1 (share 46.3%) | ||J*nBest||=8.68e-17
sigma-joint: dqN  =[+0.0002 +0.0000 -0.0002 -0.0000 +0.0001 +0.0000 -0.0000] rad/s | moving=q1 (share 46.3%)
sigma-joint: tauS =[-0.6807 -0.0006 +0.6739 +0.0002 -0.2348 -0.0005 +0.1657] Nm
sigma:      t= 20.7 s | a=0.080 k=1.000 | min=0.216518 d/dt=+7.76e-07/s | probe=1.95e-04 C=194.7x |grad|=1.22e-03/rad | push tau=1.0000 Nm | vN=0.0004 vBest=-0.0004 rad/s
sigma-joint: nBest=[-0.681 -0.001 +0.674 +0.000 -0.235 -0.000 +0.166] | dominant=q1 (share 46.3%) | ||J*nBest||=1.48e-16
sigma-joint: dqN  =[+0.0003 +0.0000 -0.0003 -0.0000 +0.0001 +0.0000 -0.0001] rad/s | moving=q1 (share 46.3%)
sigma-joint: tauS =[-0.6807 -0.0006 +0.6738 +0.0002 -0.2348 -0.0005 +0.1657] Nm
sigma:      t= 20.9 s | a=0.080 k=1.000 | min=0.216518 d/dt=-2.72e-07/s | probe=1.95e-04 C=194.7x |grad|=1.22e-03/rad | push tau=1.0000 Nm | vN=0.0002 vBest=-0.0002 rad/s
sigma-joint: nBest=[-0.681 -0.001 +0.674 +0.000 -0.235 -0.000 +0.166] | dominant=q1 (share 46.3%) | ||J*nBest||=1.25e-16
sigma-joint: dqN  =[+0.0001 +0.0000 -0.0001 -0.0000 +0.0000 +0.0000 -0.0000] rad/s | moving=q1 (share 46.3%)
sigma-joint: tauS =[-0.6807 -0.0006 +0.6738 +0.0002 -0.2348 -0.0005 +0.1657] Nm
sigma:      t= 21.1 s | a=0.080 k=1.000 | min=0.216518 d/dt=+1.53e-07/s | probe=1.95e-04 C=194.6x |grad|=1.22e-03/rad | push tau=1.0000 Nm | vN=0.0000 vBest=-0.0000 rad/s
sigma-joint: nBest=[-0.681 -0.001 +0.674 +0.000 -0.235 -0.000 +0.166] | dominant=q1 (share 46.3%) | ||J*nBest||=1.09e-16
sigma-joint: dqN  =[+0.0000 +0.0000 -0.0000 -0.0000 +0.0000 +0.0000 -0.0000] rad/s | moving=q1 (share 46.3%)
sigma-joint: tauS =[-0.6807 -0.0006 +0.6739 +0.0002 -0.2348 -0.0005 +0.1657] Nm
sigma:      t= 21.3 s | a=0.080 k=1.000 | min=0.216518 d/dt=+7.93e-07/s | probe=1.95e-04 C=194.7x |grad|=1.22e-03/rad | push tau=1.0000 Nm | vN=0.0024 vBest=+0.0024 rad/s
sigma-joint: nBest=[-0.681 -0.001 +0.674 +0.000 -0.235 -0.000 +0.166] | dominant=q1 (share 46.3%) | ||J*nBest||=3.14e-16
sigma-joint: dqN  =[-0.0016 -0.0000 +0.0016 +0.0000 -0.0006 -0.0000 +0.0004] rad/s | moving=q1 (share 46.3%)
sigma-joint: tauS =[-0.6807 -0.0006 +0.6739 +0.0002 -0.2348 -0.0005 +0.1657] Nm
sigma:      t= 21.5 s | a=0.080 k=1.000 | min=0.216518 d/dt=-5.79e-07/s | probe=1.94e-04 C=194.4x |grad|=1.22e-03/rad | push tau=1.0000 Nm | vN=0.0003 vBest=+0.0003 rad/s
sigma-joint: nBest=[-0.681 -0.001 +0.674 +0.000 -0.235 -0.000 +0.166] | dominant=q1 (share 46.3%) | ||J*nBest||=1.64e-16
sigma-joint: dqN  =[-0.0002 -0.0000 +0.0002 +0.0000 -0.0001 -0.0000 +0.0001] rad/s | moving=q1 (share 46.3%)
sigma-joint: tauS =[-0.6807 -0.0006 +0.6738 +0.0002 -0.2348 -0.0005 +0.1657] Nm
sigma:      t= 21.7 s | a=0.080 k=1.000 | min=0.216518 d/dt=+1.45e-08/s | probe=1.95e-04 C=194.6x |grad|=1.22e-03/rad | push tau=1.0000 Nm | vN=0.0006 vBest=+0.0006 rad/s
sigma-joint: nBest=[-0.681 -0.001 +0.674 +0.000 -0.235 -0.000 +0.166] | dominant=q1 (share 46.3%) | ||J*nBest||=1.05e-16
sigma-joint: dqN  =[-0.0004 -0.0000 +0.0004 +0.0000 -0.0001 -0.0000 +0.0001] rad/s | moving=q1 (share 46.3%)
sigma-joint: tauS =[-0.6807 -0.0006 +0.6739 +0.0002 -0.2348 -0.0005 +0.1657] Nm
sigma:      t= 21.9 s | a=0.080 k=1.000 | min=0.216518 d/dt=-6.00e-07/s | probe=1.95e-04 C=194.6x |grad|=1.22e-03/rad | push tau=1.0000 Nm | vN=0.0006 vBest=+0.0006 rad/s
sigma-joint: nBest=[-0.681 -0.001 +0.674 +0.000 -0.235 -0.000 +0.166] | dominant=q1 (share 46.3%) | ||J*nBest||=1.10e-16
sigma-joint: dqN  =[-0.0004 -0.0000 +0.0004 +0.0000 -0.0001 -0.0000 +0.0001] rad/s | moving=q1 (share 46.3%)
sigma-joint: tauS =[-0.6807 -0.0006 +0.6739 +0.0002 -0.2348 -0.0005 +0.1657] Nm
sigma:      t= 22.1 s | a=0.080 k=1.000 | min=0.216518 d/dt=+5.09e-07/s | probe=1.95e-04 C=194.6x |grad|=1.22e-03/rad | push tau=1.0000 Nm | vN=0.0001 vBest=+0.0001 rad/s
sigma-joint: nBest=[-0.681 -0.001 +0.674 +0.000 -0.235 -0.000 +0.166] | dominant=q1 (share 46.3%) | ||J*nBest||=2.20e-16
sigma-joint: dqN  =[-0.0001 -0.0000 +0.0001 +0.0000 -0.0000 -0.0000 +0.0000] rad/s | moving=q1 (share 46.3%)
sigma-joint: tauS =[-0.6807 -0.0006 +0.6739 +0.0002 -0.2348 -0.0005 +0.1657] Nm
sigma:      t= 22.3 s | a=0.080 k=1.000 | min=0.216518 d/dt=+6.94e-08/s | probe=1.95e-04 C=194.7x |grad|=1.22e-03/rad | push tau=1.0000 Nm | vN=0.0003 vBest=-0.0003 rad/s
sigma-joint: nBest=[-0.681 -0.001 +0.674 +0.000 -0.235 -0.000 +0.166] | dominant=q1 (share 46.3%) | ||J*nBest||=1.78e-16
sigma-joint: dqN  =[+0.0002 +0.0000 -0.0002 -0.0000 +0.0001 +0.0000 -0.0001] rad/s | moving=q1 (share 46.3%)
sigma-joint: tauS =[-0.6807 -0.0006 +0.6738 +0.0002 -0.2348 -0.0005 +0.1657] Nm
sigma:      t= 22.5 s | a=0.080 k=1.000 | min=0.216518 d/dt=-1.11e-09/s | probe=1.95e-04 C=194.7x |grad|=1.22e-03/rad | push tau=1.0000 Nm | vN=0.0006 vBest=-0.0006 rad/s
sigma-joint: nBest=[-0.681 -0.001 +0.674 +0.000 -0.235 -0.000 +0.166] | dominant=q1 (share 46.3%) | ||J*nBest||=3.27e-16
sigma-joint: dqN  =[+0.0004 +0.0000 -0.0004 -0.0000 +0.0001 +0.0000 -0.0001] rad/s | moving=q1 (share 46.3%)
sigma-joint: tauS =[-0.6807 -0.0006 +0.6739 +0.0002 -0.2348 -0.0005 +0.1657] Nm
sigma:      t= 22.7 s | a=0.080 k=1.000 | min=0.216518 d/dt=+3.32e-07/s | probe=1.95e-04 C=194.6x |grad|=1.22e-03/rad | push tau=1.0000 Nm | vN=0.0003 vBest=-0.0003 rad/s
sigma-joint: nBest=[-0.681 -0.001 +0.674 +0.000 -0.235 -0.000 +0.166] | dominant=q1 (share 46.3%) | ||J*nBest||=2.69e-16
sigma-joint: dqN  =[+0.0002 +0.0000 -0.0002 -0.0000 +0.0001 +0.0000 -0.0000] rad/s | moving=q1 (share 46.3%)
sigma-joint: tauS =[-0.6807 -0.0006 +0.6738 +0.0002 -0.2348 -0.0005 +0.1657] Nm
