
Press Enter to recover and configure the robot.
Robot recovered or already ready.
Collision: custom thresholds.

=== Startup choice ===
  q = go to q_init (from params/common.txt), then choose again
  g = guiding mode: go to q_init, then hand-guide to your pose;
      use s+Enter for sequence or h+Enter for hold
  o = open the Franka hand now (release/load tool), then choose again
  c = close/grasp the tool now, then choose again
  r = continue to run mode (available after q_init is reached)
Choice [q/g/o/c/r, Enter = q]: Moving to q_init...
q_init reached.

=== Startup choice ===
  q = go to q_init (from params/common.txt), then choose again
  g = guiding mode: go to q_init, then hand-guide to your pose;
      use s+Enter for sequence or h+Enter for hold
  o = open the Franka hand now (release/load tool), then choose again
  c = close/grasp the tool now, then choose again
  r = continue to run mode
Choice [q/g/o/c/r, Enter = q]: 
=== Run mode ===
  s = phase sequence (approach / set up / grind)
  h = hold at the start pose
Choice [s/h, Enter = s]: Selected: phase sequence. Nullspace mode from parameters: nullspace_damping_plus_sigma.

=== Setup ===
run: phase sequence | approach_orient: on | nullspace: nullspace_damping_plus_sigma
nullspace parameters: d_null=2.000 | k_sigma=1.000 Nm | alpha=0.0800 rad
hold: Kp=300.0 N/m | KR=40.0 Nm/rad | damping=auto translation+rotation (factor fitted online toward Dp=50.0 Ns/m)
manual_guidance_start: off | manual_damping=0.50
descend: clearance=20.0 mm | speed=0.100 m/s | max_distance=640 mm
alignment push: start=captured | end=+180 mm | speed=0.050 m/s | ramp_time~=4.0 s | timeout=12.0 s | moment_threshold=150.0 Nm
grind: sweep | axis=tangent2 | amplitude=30 mm | frequency=0.20 Hz
coupled stiffness: apply=on | saved=yes | pole=block-diagonal (no coupling)
gates: pause_before_set_up=on | pause_auto_damping=on | pause_before_grind=off | debug_period=0.20 s
alignment-target normal=[+0.087, -0.000, +0.996] | tilt a(x)=0.0 deg, b(y)=5.0 deg (from angles)
tool face: 40 x 120 mm | center offset EE=[+0.0, +0.0, +20.0] mm
Gripper already holding the tool (width 65.0 mm); keeping grasp.
Press e+Enter to stop the controller before the duration expires.
During hold: press g+Enter to hand-guide the tool, then p+Enter to recapture and resume hold.
experiment_duration <= 0: running indefinitely until e + Enter.

=== Start pose ===
q_start = [-2.8, 18.1, -5.1, -122.8, 17.5, 139.5, 26.8] deg
p_start = [565.1, -59.5, 151.1] mm

=== Run ===
phase: approach_orient
orient:     t=  0.0 s | axis_err= 11.5 deg | rot_err= 11.5 deg
approach Dp        auto=[ 134.14,   97.25,  122.28]  manual=[  20.00,   20.00,   20.00] Ns/m
approach DR        auto=[  12.73,   16.36,    4.08]  manual=[  12.00,   12.00,   12.00] Nms/rad
orient:     t=  0.2 s | axis_err=  4.6 deg | rot_err=  4.6 deg
orient:     t=  0.4 s | axis_err=  2.3 deg | rot_err=  2.3 deg

Orientation reached: axis_err=1.9 deg
phase: approach_descend
descend:    t=  0.0 s | distance=   0.1 mm | height= +97.8 mm (target 20.0) | force= -0.0 N
descend:    t=  0.2 s | distance=  20.1 mm | height= +85.7 mm (target 20.0) | force=  0.6 N
descend:    t=  0.4 s | distance=  40.1 mm | height= +68.6 mm (target 20.0) | force=  1.5 N
descend:    t=  0.6 s | distance=  60.2 mm | height= +51.0 mm (target 20.0) | force=  1.3 N
descend:    t=  0.8 s | distance=  80.3 mm | height= +33.2 mm (target 20.0) | force=  1.7 N

[GATE] Reached 20 mm above the plane. Press Enter to start the set-up press (e+Enter stops).
pause auto damping: fitted Dp factor=0.551, DR factor=1.960
pause Dp [xyz]     auto=[ 206.57,  155.27,  224.85]  manual=[ 200.00,  200.00,  200.00] Ns/m
pause DR [t1t2n]   auto=[  11.74,   17.28,    2.04]  manual=[  12.73,   16.36,    4.08] Nms/rad
[GATE] Continuing to the set-up press.
descend:    t=  2.4 s | distance=  95.3 mm | height= +19.5 mm (target 20.0) | force=  0.4 N

Clearance reached: distance=95.3 mm | height=19.5 mm | target=20.0 mm | force=0.4 N (not used for the switch)
offset_ee = [20.0, 60.0, 20.0] mm
p_EE_at_contact = [546.6, -65.5, 65.5] mm
contact_point = [560.4, -126.1, 24.1] mm
edge_offset_base = [13.7, -60.6, -41.4] mm
phase: set_up
set_up Dp [xyz]    auto=[ 237.06,  178.22,  108.09]  manual=[  10.00,   10.00,  175.00] Ns/m
set_up DR [t1t2n]  auto=[   1.41,    2.07,    0.78]  manual=[  10.01,   10.01,   10.00] Nms/rad
set_up:     t=  0.0 s | tip=  0.0 deg | F=  0.0 N | M=  0.0 Nm (limit 150.0) | edge= 19.5 mm
set_up:     t=  0.2 s | tip=  0.5 deg | F=  1.1 N | M=  0.3 Nm (limit 150.0) | edge= 13.5 mm
set_up:     t=  0.4 s | tip=  1.0 deg | F=  1.7 N | M=  0.6 Nm (limit 150.0) | edge=  6.1 mm
set_up:     t=  0.6 s | tip=  1.1 deg | F=  2.4 N | M=  1.0 Nm (limit 150.0) | edge=  4.6 mm
set_up:     t=  0.8 s | tip=  1.5 deg | F=  1.2 N | M=  0.3 Nm (limit 150.0) | edge= 13.1 mm
set_up:     t=  1.0 s | tip=  2.0 deg | F=  1.4 N | M=  0.4 Nm (limit 150.0) | edge= 22.4 mm
set_up:     t=  1.2 s | tip=  2.0 deg | F= 10.6 N | M=  5.6 Nm (limit 150.0) | edge= 24.6 mm
set_up:     t=  1.4 s | tip=  2.0 deg | F= 14.4 N | M=  7.5 Nm (limit 150.0) | edge= 24.8 mm
set_up:     t=  1.6 s | tip=  2.0 deg | F= 18.2 N | M=  9.5 Nm (limit 150.0) | edge= 24.9 mm
set_up:     t=  1.8 s | tip=  2.0 deg | F= 22.2 N | M= 11.6 Nm (limit 150.0) | edge= 25.1 mm
set_up:     t=  2.0 s | tip=  2.1 deg | F= 26.0 N | M= 13.6 Nm (limit 150.0) | edge= 25.2 mm
set_up:     t=  2.2 s | tip=  2.1 deg | F= 29.8 N | M= 15.4 Nm (limit 150.0) | edge= 25.3 mm
set_up:     t=  2.4 s | tip=  2.1 deg | F= 33.7 N | M= 17.4 Nm (limit 150.0) | edge= 25.5 mm
set_up:     t=  2.6 s | tip=  2.1 deg | F= 37.4 N | M= 19.3 Nm (limit 150.0) | edge= 25.6 mm
set_up:     t=  2.8 s | tip=  2.2 deg | F= 41.1 N | M= 21.2 Nm (limit 150.0) | edge= 25.8 mm
set_up:     t=  3.0 s | tip=  2.3 deg | F= 44.4 N | M= 22.9 Nm (limit 150.0) | edge= 25.9 mm
set_up:     t=  3.2 s | tip=  2.4 deg | F= 48.6 N | M= 25.0 Nm (limit 150.0) | edge= 26.1 mm
set_up:     t=  3.4 s | tip=  2.4 deg | F= 52.4 N | M= 27.0 Nm (limit 150.0) | edge= 26.2 mm
set_up:     t=  3.6 s | tip=  2.4 deg | F= 56.5 N | M= 29.1 Nm (limit 150.0) | edge= 26.4 mm
set_up:     t=  3.8 s | tip=  2.5 deg | F= 60.0 N | M= 30.9 Nm (limit 150.0) | edge= 26.6 mm
set_up:     t=  4.0 s | tip=  2.5 deg | F= 64.2 N | M= 33.0 Nm (limit 150.0) | edge= 26.7 mm
set_up:     t=  4.2 s | tip=  2.5 deg | F= 60.0 N | M= 30.9 Nm (limit 150.0) | edge= 26.7 mm
set_up:     t=  4.4 s | tip=  2.5 deg | F= 60.1 N | M= 31.0 Nm (limit 150.0) | edge= 26.7 mm
set_up:     t=  4.6 s | tip=  2.5 deg | F= 59.9 N | M= 30.9 Nm (limit 150.0) | edge= 26.7 mm
set_up:     t=  4.8 s | tip=  2.5 deg | F= 59.9 N | M= 30.9 Nm (limit 150.0) | edge= 26.7 mm
set_up:     t=  5.0 s | tip=  2.5 deg | F= 59.9 N | M= 30.8 Nm (limit 150.0) | edge= 26.7 mm
set_up:     t=  5.2 s | tip=  2.5 deg | F= 59.9 N | M= 30.8 Nm (limit 150.0) | edge= 26.7 mm
set_up:     t=  5.4 s | tip=  2.5 deg | F= 59.9 N | M= 30.8 Nm (limit 150.0) | edge= 26.7 mm
set_up:     t=  5.6 s | tip=  2.5 deg | F= 59.8 N | M= 30.8 Nm (limit 150.0) | edge= 26.7 mm
set_up:     t=  5.8 s | tip=  2.5 deg | F= 59.8 N | M= 30.8 Nm (limit 150.0) | edge= 26.7 mm
set_up:     t=  6.0 s | tip=  2.5 deg | F= 59.8 N | M= 30.8 Nm (limit 150.0) | edge= 26.7 mm
set_up:     t=  6.2 s | tip=  2.5 deg | F= 59.8 N | M= 30.7 Nm (limit 150.0) | edge= 26.7 mm
set_up:     t=  6.4 s | tip=  2.5 deg | F= 59.7 N | M= 30.7 Nm (limit 150.0) | edge= 26.7 mm
set_up:     t=  6.6 s | tip=  2.5 deg | F= 59.4 N | M= 30.6 Nm (limit 150.0) | edge= 26.7 mm
set_up:     t=  6.8 s | tip=  2.5 deg | F= 59.7 N | M= 30.7 Nm (limit 150.0) | edge= 26.7 mm
set_up:     t=  7.0 s | tip=  2.5 deg | F= 59.7 N | M= 30.7 Nm (limit 150.0) | edge= 26.7 mm
set_up:     t=  7.2 s | tip=  2.5 deg | F= 59.6 N | M= 30.6 Nm (limit 150.0) | edge= 26.7 mm
set_up:     t=  7.4 s | tip=  2.5 deg | F= 59.6 N | M= 30.6 Nm (limit 150.0) | edge= 26.7 mm
set_up:     t=  7.6 s | tip=  2.5 deg | F= 59.6 N | M= 30.6 Nm (limit 150.0) | edge= 26.7 mm
set_up:     t=  7.8 s | tip=  2.5 deg | F= 59.7 N | M= 30.6 Nm (limit 150.0) | edge= 26.7 mm
set_up:     t=  8.0 s | tip=  2.5 deg | F= 59.6 N | M= 30.6 Nm (limit 150.0) | edge= 26.7 mm
set_up:     t=  8.2 s | tip=  2.5 deg | F= 59.6 N | M= 30.6 Nm (limit 150.0) | edge= 26.7 mm
set_up:     t=  8.4 s | tip=  2.5 deg | F= 59.6 N | M= 30.6 Nm (limit 150.0) | edge= 26.7 mm
set_up:     t=  8.6 s | tip=  2.5 deg | F= 59.6 N | M= 30.6 Nm (limit 150.0) | edge= 26.7 mm
set_up:     t=  8.8 s | tip=  2.5 deg | F= 59.3 N | M= 30.5 Nm (limit 150.0) | edge= 26.7 mm
set_up:     t=  9.0 s | tip=  2.5 deg | F= 59.4 N | M= 30.5 Nm (limit 150.0) | edge= 26.7 mm
set_up:     t=  9.2 s | tip=  2.5 deg | F= 59.4 N | M= 30.5 Nm (limit 150.0) | edge= 26.7 mm
set_up:     t=  9.4 s | tip=  2.5 deg | F= 59.5 N | M= 30.5 Nm (limit 150.0) | edge= 26.7 mm
set_up:     t=  9.6 s | tip=  2.5 deg | F= 59.6 N | M= 30.5 Nm (limit 150.0) | edge= 26.7 mm
set_up:     t=  9.8 s | tip=  2.5 deg | F= 59.5 N | M= 30.5 Nm (limit 150.0) | edge= 26.7 mm
set_up:     t= 10.0 s | tip=  2.5 deg | F= 59.4 N | M= 30.4 Nm (limit 150.0) | edge= 26.7 mm
set_up:     t= 10.2 s | tip=  2.5 deg | F= 59.4 N | M= 30.5 Nm (limit 150.0) | edge= 26.7 mm
set_up:     t= 10.4 s | tip=  2.5 deg | F= 59.4 N | M= 30.4 Nm (limit 150.0) | edge= 26.7 mm
set_up:     t= 10.6 s | tip=  2.5 deg | F= 59.4 N | M= 30.4 Nm (limit 150.0) | edge= 26.7 mm
set_up:     t= 10.8 s | tip=  2.5 deg | F= 59.5 N | M= 30.4 Nm (limit 150.0) | edge= 26.7 mm
set_up:     t= 11.0 s | tip=  2.5 deg | F= 59.4 N | M= 30.4 Nm (limit 150.0) | edge= 26.7 mm
set_up:     t= 11.2 s | tip=  2.5 deg | F= 59.4 N | M= 30.4 Nm (limit 150.0) | edge= 26.7 mm
set_up:     t= 11.4 s | tip=  2.5 deg | F= 59.4 N | M= 30.4 Nm (limit 150.0) | edge= 26.7 mm
set_up:     t= 11.6 s | tip=  2.5 deg | F= 59.3 N | M= 30.4 Nm (limit 150.0) | edge= 26.7 mm
set_up:     t= 11.8 s | tip=  2.5 deg | F= 59.4 N | M= 30.4 Nm (limit 150.0) | edge= 26.7 mm

=== Set-up result ===
stop: time | t=12.0 s | tip=2.5 deg | F=59.4 N | M=30.4 Nm
edge_from_contact = [-6.5, +0.4, -25.9] mm | norm=26.7 mm
tcp_from_contact  = [-21.3, +61.2, -4.1] mm | norm=65.0 mm
alignment: before=0.52 deg | after=2.54 deg | gain=-2.02 deg

=== Set-up surface-frame breakdown ===
frame: alignment-target [tangent1, tangent2, normal]
force        [N]      = [   -13.01,     -2.28,    -57.89]
tcp_disp     [mm]     = [    -3.59,     +0.59,    -46.06]
edge_disp    [mm]     = [    -4.18,     +0.38,    -26.40]
Kp_eff=F/tcp [N/m]    = [   3622.3,   -3872.4,    1256.9]
moment@edge  [Nm]     = [    +2.18,    +28.53,     -1.46]
tip_angle    [deg]    = [    +0.80,     -2.37,     -0.25]
KR_eff=M/ang [Nm/rad] = [    155.8,    -688.6,     337.6]

finite_axis: angle=2.5 deg | axis_from_edge=[-560.5, -200.3, +123.0] mm | dir=[-0.309, +0.943, +0.126] | pitch=-20.8 mm/rad

=== Coupled stiffness from the measured pole ===
source spring K_pole/D_pole (diagonal, from parameters):
  Kp [N/m]     = [2000, 2000, 350]
  KR [Nm/rad]  = [5, 5, 50]
  Dp [Ns/m]    = [10, 10, 175]
  DR [Nms/rad] = [10.01, 10.01, 10]

poles compared (lever r_c = TCP - pole):
  (A) measured axis : angle=2.5 deg | pitch=-20.8 mm/rad
      pole_from_edge = [-553.7, -201.5, 148.8] mm
      r_c            = [538.9, 262.4, -127.0] mm
  (B) manual pole   : comparison only, contact reference
      pole_from_edge = [-33.5, 79.6, 25.9] mm
      r_c            = [26.3, -19.4, 41.4] mm
      r_c(B)-r_c(A)  = [-512.6, -281.8, 168.4] mm

K_TCP = Ad^T K_pole Ad  [rows fx..mz | cols tx..rz]:
  (A) measured axis:
           tx        ty        tz    |    rx        ry        rz
  fx [    2000        0        0 |        0      254    524.8 ]
  fy [       0     2000        0 |     -254        0    -1078 ]
  fz [       0        0      350 |   -91.84    188.6        0 ]
     ---------------------------+---------------------------
  mx [       0     -254   -91.84 |     61.7   -49.49    140.8 ]
  my [     254        0    188.6 |   -49.49    138.9    66.65 ]
  mz [   524.8    -1078        0 |    140.8    66.65    768.2 ]
  (A) K_TCP eigenvalues = [3.625, 4.967, 36.41, 474.4, 2035, 2764] -> PSD ok (>=0) (min=3.625)
  (B) manual pole:
           tx        ty        tz    |    rx        ry        rz
  fx [    2000        0        0 |        0   -82.87    -38.7 ]
  fy [       0     2000        0 |    82.87        0   -52.55 ]
  fz [       0        0      350 |    6.773    9.197        0 ]
     ---------------------------+---------------------------
  mx [       0    82.87    6.773 |    8.907    0.178    1.729 ]
  my [  -82.87        0    9.197 |    0.178    8.675    1.604 ]
  mz [   -38.7   -52.55        0 |    1.729    1.604    51.79 ]
  (B) K_TCP eigenvalues = [4.986, 4.991, 49.95, 350.4, 2003, 2006] -> PSD ok (>=0) (min=4.986)

D_TCP = Ad^T D_pole Ad:
  (A) measured axis:
           tx        ty        tz    |    rx        ry        rz
  fx [   237.1        0        0 |        0    30.11    62.21 ]
  fy [       0    178.2        0 |   -22.63        0   -96.04 ]
  fz [       0        0    108.1 |   -28.36    58.25        0 ]
     ---------------------------+---------------------------
  mx [       0   -22.63   -28.36 |    11.72   -15.28    12.14 ]
  my [   30.11        0    58.25 |   -15.28    37.28    7.901 ]
  mz [   62.21   -96.04        0 |    12.14    7.901    68.86 ]
  (A) D_TCP eigenvalues = [0.5652, 1.245, 1.696, 145.6, 215, 277.1] -> PSD ok (>=0) (min=0.5652)
  (B) manual pole:
           tx        ty        tz    |    rx        ry        rz
  fx [   237.1        0        0 |        0   -9.823   -4.588 ]
  fy [       0    178.2        0 |    7.384        0   -4.683 ]
  fz [       0        0    108.1 |    2.092     2.84        0 ]
     ---------------------------+---------------------------
  mx [       0    7.384    2.092 |    1.753  0.05497  -0.2493 ]
  my [  -9.823        0     2.84 |  0.05497    2.554   0.1901 ]
  mz [  -4.588   -4.683        0 |  -0.2493   0.1901   0.9919 ]
  (B) D_TCP eigenvalues = [0.7745, 1.408, 2.067, 108.2, 178.6, 237.6] -> PSD ok (>=0) (min=0.7745)
phase: grind

Stop requested with e + Enter. Finishing control loop...

Joint motion [deg]:
joint    start   final   delta
------------------------------
q1       -2.8    -5.4    -2.6
q2       18.1    33.3    15.2
q3       -5.1    -3.6     1.6
q4     -122.8  -121.3     1.5
q5       17.5     0.4   -17.2
q6      139.5   147.0     7.6
q7       26.8    39.5    12.7

=== Final result ===
p_d = [529.3, -95.2, -133.2] mm
p_EE = [533.7, -88.8, 20.3] mm
e_p = [-4.4, -6.4, -153.5] mm
position_error = 153.69 mm
e_R = [1.20, -2.62, 0.64] deg
rotation_error = 2.96 deg
csv: surface_grinding_controller_log.csv
