
Press Enter to recover and configure the robot.
Robot recovered or already ready.
Collision: custom thresholds.

=== Startup choice ===
  q = go to q_init (from params/common.txt), then choose again
  g = guiding mode: go to q_init, then hand-guide to your pose;
      use s+Enter for sequence or h+Enter for hold
  o = open the Franka hand now (release/load tool), then choose again
  c = close/grasp the tool now, then choose again
  r = continue to run mode (available after q_init is reached)
Choice [q/g/o/c/r, Enter = q]: Moving to q_init...
q_init reached.

=== Startup choice ===
  q = go to q_init (from params/common.txt), then choose again
  g = guiding mode: go to q_init, then hand-guide to your pose;
      use s+Enter for sequence or h+Enter for hold
  o = open the Franka hand now (release/load tool), then choose again
  c = close/grasp the tool now, then choose again
  r = continue to run mode
Choice [q/g/o/c/r, Enter = q]: 
=== Run mode ===
  s = phase sequence (approach / set up / grind)
  h = hold at the start pose
Choice [s/h, Enter = s]: Selected: phase sequence. Nullspace mode from parameters: nullspace_damping_plus_sigma.

=== Setup ===
run: phase sequence | approach_orient: on | nullspace: nullspace_damping_plus_sigma
nullspace parameters: d_null=2.000 | k_sigma=1.000 Nm | alpha=0.0800 rad
hold: Kp=300.0 N/m | KR=40.0 Nm/rad | damping=auto translation+rotation (factor fitted online toward Dp=50.0 Ns/m)
manual_guidance_start: off | manual_damping=0.50
descend: clearance=20.0 mm | speed=0.100 m/s | max_distance=640 mm
alignment push: start=captured | end=+180 mm | speed=0.050 m/s | ramp_time~=4.0 s | timeout=12.0 s | moment_threshold=150.0 Nm
grind: sweep | axis=tangent2 | amplitude=30 mm | frequency=0.20 Hz
coupled stiffness: apply=off | saved=yes | pole=manual
gates: pause_before_set_up=on | pause_auto_damping=on | pause_before_grind=off | debug_period=0.20 s
alignment-target normal=[+0.087, -0.000, +0.996] | tilt a(x)=0.0 deg, b(y)=5.0 deg (from angles)
tool face: 40 x 120 mm | center offset EE=[+0.0, +0.0, +20.0] mm
Gripper already holding the tool (width 65.0 mm); keeping grasp.
Press e+Enter to stop the controller before the duration expires.
During hold: press g+Enter to hand-guide the tool, then p+Enter to recapture and resume hold.
experiment_duration <= 0: running indefinitely until e + Enter.

=== Start pose ===
q_start = [-2.7, 18.1, -5.1, -122.8, 17.5, 139.5, 26.8] deg
p_start = [565.1, -59.4, 151.1] mm

=== Run ===
phase: approach_orient
orient:     t=  0.0 s | axis_err= 11.5 deg | rot_err= 11.5 deg
approach Dp        auto=[ 134.14,   97.25,  122.28]  manual=[  20.00,   20.00,   20.00] Ns/m
approach DR        auto=[  12.73,   16.36,    4.08]  manual=[  12.00,   12.00,   12.00] Nms/rad
orient:     t=  0.2 s | axis_err=  4.5 deg | rot_err=  4.5 deg
orient:     t=  0.4 s | axis_err=  2.3 deg | rot_err=  2.3 deg

Orientation reached: axis_err=1.9 deg
phase: approach_descend
descend:    t=  0.0 s | distance=   0.1 mm | height= +98.2 mm (target 20.0) | force=  0.0 N
descend:    t=  0.2 s | distance=  20.1 mm | height= +86.1 mm (target 20.0) | force=  0.9 N
descend:    t=  0.4 s | distance=  40.1 mm | height= +69.0 mm (target 20.0) | force=  1.6 N
descend:    t=  0.6 s | distance=  60.2 mm | height= +51.3 mm (target 20.0) | force=  1.6 N
descend:    t=  0.8 s | distance=  80.3 mm | height= +33.5 mm (target 20.0) | force=  2.0 N

[GATE] Reached 20 mm above the plane. Press Enter to start the set-up press (e+Enter stops).
pause auto damping: fitted Dp factor=0.551, DR factor=1.960
pause Dp [xyz]     auto=[ 206.57,  155.28,  224.85]  manual=[ 200.00,  200.00,  200.00] Ns/m
pause DR [t1t2n]   auto=[  11.74,   17.28,    2.04]  manual=[  12.73,   16.36,    4.08] Nms/rad
[GATE] Continuing to the set-up press.
descend:    t=  2.2 s | distance=  95.6 mm | height= +19.5 mm (target 20.0) | force=  0.6 N

Clearance reached: distance=95.6 mm | height=19.5 mm | target=20.0 mm | force=0.6 N (not used for the switch)
offset_ee = [20.0, 60.0, 20.0] mm
p_EE_at_contact = [546.6, -65.6, 65.5] mm
contact_point = [560.4, -126.2, 24.1] mm
edge_offset_base = [13.7, -60.7, -41.4] mm
phase: set_up
set_up Dp [xyz]    auto=[ 237.06,  178.23,  108.09]  manual=[  10.00,   10.00,  175.00] Ns/m
set_up DR [t1t2n]  auto=[   1.41,    2.07,    0.77]  manual=[  10.01,   10.01,   10.00] Nms/rad
set_up:     t=  0.0 s | tip=  0.0 deg | F=  0.0 N | M=  0.0 Nm (limit 150.0) | edge= 19.5 mm
set_up:     t=  0.2 s | tip=  0.5 deg | F=  1.1 N | M=  0.4 Nm (limit 150.0) | edge= 13.5 mm
set_up:     t=  0.4 s | tip=  1.0 deg | F=  1.9 N | M=  0.7 Nm (limit 150.0) | edge=  6.1 mm
set_up:     t=  0.6 s | tip=  1.1 deg | F=  2.6 N | M=  1.1 Nm (limit 150.0) | edge=  4.5 mm
set_up:     t=  0.8 s | tip=  1.4 deg | F=  1.4 N | M=  0.5 Nm (limit 150.0) | edge= 13.0 mm
set_up:     t=  1.0 s | tip=  1.8 deg | F=  1.8 N | M=  0.7 Nm (limit 150.0) | edge= 22.2 mm
set_up:     t=  1.2 s | tip=  1.8 deg | F= 11.0 N | M=  5.9 Nm (limit 150.0) | edge= 24.1 mm
set_up:     t=  1.4 s | tip=  1.8 deg | F= 14.7 N | M=  7.7 Nm (limit 150.0) | edge= 24.2 mm
set_up:     t=  1.6 s | tip=  1.8 deg | F= 18.4 N | M=  9.6 Nm (limit 150.0) | edge= 24.3 mm
set_up:     t=  1.8 s | tip=  1.8 deg | F= 22.3 N | M= 11.6 Nm (limit 150.0) | edge= 24.5 mm
set_up:     t=  2.0 s | tip=  1.8 deg | F= 26.3 N | M= 13.6 Nm (limit 150.0) | edge= 24.6 mm
set_up:     t=  2.2 s | tip=  1.8 deg | F= 30.0 N | M= 15.5 Nm (limit 150.0) | edge= 24.7 mm
set_up:     t=  2.4 s | tip=  1.9 deg | F= 33.8 N | M= 17.4 Nm (limit 150.0) | edge= 24.9 mm
set_up:     t=  2.6 s | tip=  1.9 deg | F= 37.7 N | M= 19.4 Nm (limit 150.0) | edge= 25.0 mm
set_up:     t=  2.8 s | tip=  1.9 deg | F= 41.5 N | M= 21.4 Nm (limit 150.0) | edge= 25.2 mm
set_up:     t=  3.0 s | tip=  2.0 deg | F= 44.8 N | M= 23.0 Nm (limit 150.0) | edge= 25.4 mm
set_up:     t=  3.2 s | tip=  2.2 deg | F= 48.7 N | M= 24.9 Nm (limit 150.0) | edge= 25.5 mm
set_up:     t=  3.4 s | tip=  2.2 deg | F= 52.5 N | M= 26.8 Nm (limit 150.0) | edge= 25.7 mm
set_up:     t=  3.6 s | tip=  2.3 deg | F= 56.1 N | M= 28.5 Nm (limit 150.0) | edge= 25.8 mm
set_up:     t=  3.8 s | tip=  2.3 deg | F= 59.9 N | M= 30.4 Nm (limit 150.0) | edge= 26.0 mm
set_up:     t=  4.0 s | tip=  2.3 deg | F= 63.9 N | M= 32.6 Nm (limit 150.0) | edge= 26.1 mm
set_up:     t=  4.2 s | tip=  2.3 deg | F= 59.9 N | M= 30.6 Nm (limit 150.0) | edge= 26.1 mm
set_up:     t=  4.4 s | tip=  2.3 deg | F= 59.7 N | M= 30.5 Nm (limit 150.0) | edge= 26.1 mm
set_up:     t=  4.6 s | tip=  2.3 deg | F= 59.6 N | M= 30.5 Nm (limit 150.0) | edge= 26.1 mm
set_up:     t=  4.8 s | tip=  2.3 deg | F= 59.6 N | M= 30.5 Nm (limit 150.0) | edge= 26.1 mm
set_up:     t=  5.0 s | tip=  2.3 deg | F= 59.6 N | M= 30.5 Nm (limit 150.0) | edge= 26.1 mm
set_up:     t=  5.2 s | tip=  2.3 deg | F= 59.6 N | M= 30.4 Nm (limit 150.0) | edge= 26.1 mm
set_up:     t=  5.4 s | tip=  2.3 deg | F= 59.5 N | M= 30.4 Nm (limit 150.0) | edge= 26.1 mm
set_up:     t=  5.6 s | tip=  2.3 deg | F= 59.5 N | M= 30.4 Nm (limit 150.0) | edge= 26.1 mm
set_up:     t=  5.8 s | tip=  2.3 deg | F= 59.5 N | M= 30.4 Nm (limit 150.0) | edge= 26.1 mm
set_up:     t=  6.0 s | tip=  2.3 deg | F= 59.5 N | M= 30.3 Nm (limit 150.0) | edge= 26.1 mm
set_up:     t=  6.2 s | tip=  2.3 deg | F= 59.5 N | M= 30.3 Nm (limit 150.0) | edge= 26.1 mm
set_up:     t=  6.4 s | tip=  2.3 deg | F= 59.5 N | M= 30.3 Nm (limit 150.0) | edge= 26.1 mm
set_up:     t=  6.6 s | tip=  2.3 deg | F= 59.5 N | M= 30.3 Nm (limit 150.0) | edge= 26.1 mm
set_up:     t=  6.8 s | tip=  2.3 deg | F= 59.4 N | M= 30.3 Nm (limit 150.0) | edge= 26.1 mm
set_up:     t=  7.0 s | tip=  2.3 deg | F= 59.4 N | M= 30.3 Nm (limit 150.0) | edge= 26.1 mm
set_up:     t=  7.2 s | tip=  2.3 deg | F= 59.4 N | M= 30.3 Nm (limit 150.0) | edge= 26.1 mm
set_up:     t=  7.4 s | tip=  2.3 deg | F= 59.4 N | M= 30.3 Nm (limit 150.0) | edge= 26.1 mm
set_up:     t=  7.6 s | tip=  2.3 deg | F= 59.4 N | M= 30.2 Nm (limit 150.0) | edge= 26.1 mm
set_up:     t=  7.8 s | tip=  2.3 deg | F= 59.4 N | M= 30.2 Nm (limit 150.0) | edge= 26.1 mm
set_up:     t=  8.0 s | tip=  2.3 deg | F= 59.4 N | M= 30.2 Nm (limit 150.0) | edge= 26.1 mm
set_up:     t=  8.2 s | tip=  2.3 deg | F= 59.4 N | M= 30.2 Nm (limit 150.0) | edge= 26.1 mm
set_up:     t=  8.4 s | tip=  2.3 deg | F= 59.4 N | M= 30.2 Nm (limit 150.0) | edge= 26.1 mm
set_up:     t=  8.6 s | tip=  2.3 deg | F= 59.3 N | M= 30.2 Nm (limit 150.0) | edge= 26.1 mm
set_up:     t=  8.8 s | tip=  2.3 deg | F= 59.3 N | M= 30.2 Nm (limit 150.0) | edge= 26.1 mm
set_up:     t=  9.0 s | tip=  2.3 deg | F= 59.3 N | M= 30.2 Nm (limit 150.0) | edge= 26.1 mm
set_up:     t=  9.2 s | tip=  2.3 deg | F= 59.3 N | M= 30.2 Nm (limit 150.0) | edge= 26.1 mm
set_up:     t=  9.4 s | tip=  2.3 deg | F= 59.3 N | M= 30.2 Nm (limit 150.0) | edge= 26.1 mm
set_up:     t=  9.6 s | tip=  2.3 deg | F= 59.3 N | M= 30.2 Nm (limit 150.0) | edge= 26.1 mm
set_up:     t=  9.8 s | tip=  2.3 deg | F= 59.3 N | M= 30.2 Nm (limit 150.0) | edge= 26.1 mm
set_up:     t= 10.0 s | tip=  2.3 deg | F= 59.3 N | M= 30.1 Nm (limit 150.0) | edge= 26.1 mm
set_up:     t= 10.2 s | tip=  2.3 deg | F= 59.3 N | M= 30.2 Nm (limit 150.0) | edge= 26.1 mm
set_up:     t= 10.4 s | tip=  2.3 deg | F= 59.3 N | M= 30.1 Nm (limit 150.0) | edge= 26.1 mm
set_up:     t= 10.6 s | tip=  2.3 deg | F= 59.3 N | M= 30.1 Nm (limit 150.0) | edge= 26.1 mm
set_up:     t= 10.8 s | tip=  2.3 deg | F= 59.3 N | M= 30.1 Nm (limit 150.0) | edge= 26.1 mm
set_up:     t= 11.0 s | tip=  2.3 deg | F= 59.1 N | M= 30.0 Nm (limit 150.0) | edge= 26.1 mm
set_up:     t= 11.2 s | tip=  2.3 deg | F= 59.3 N | M= 30.1 Nm (limit 150.0) | edge= 26.1 mm
set_up:     t= 11.4 s | tip=  2.3 deg | F= 59.2 N | M= 30.1 Nm (limit 150.0) | edge= 26.1 mm
set_up:     t= 11.6 s | tip=  2.3 deg | F= 59.2 N | M= 30.1 Nm (limit 150.0) | edge= 26.1 mm
set_up:     t= 11.8 s | tip=  2.3 deg | F= 59.2 N | M= 30.1 Nm (limit 150.0) | edge= 26.1 mm

=== Set-up result ===
stop: time | t=12.0 s | tip=2.3 deg | F=59.2 N | M=30.1 Nm
edge_from_contact = [-6.3, +0.4, -25.3] mm | norm=26.1 mm
tcp_from_contact  = [-21.3, +61.3, -3.7] mm | norm=65.0 mm
alignment: before=0.45 deg | after=2.36 deg | gain=-1.91 deg

=== Set-up surface-frame breakdown ===
frame: alignment-target [tangent1, tangent2, normal]
force        [N]      = [   -13.79,     -2.70,    -57.54]
tcp_disp     [mm]     = [    -3.62,     +0.66,    -45.54]
edge_disp    [mm]     = [    -4.10,     +0.44,    -25.77]
Kp_eff=F/tcp [N/m]    = [   3811.1,   -4120.0,    1263.7]
moment@edge  [Nm]     = [    +2.37,    +28.18,     -1.67]
tip_angle    [deg]    = [    +0.84,     -2.16,     -0.27]
KR_eff=M/ang [Nm/rad] = [    162.1,    -746.7,     357.5]

finite_axis: angle=2.3 deg | axis_from_edge=[-580.0, -238.2, +127.6] mm | dir=[-0.348, +0.926, +0.146] | pitch=-26.6 mm/rad
(coupled_K_tcp/coupled_D_tcp queued for the next run)

=== Coupled stiffness from the measured pole ===
source spring K_pole/D_pole (diagonal, from parameters):
  Kp [N/m]     = [2000, 2000, 350]
  KR [Nm/rad]  = [5, 5, 50]
  Dp [Ns/m]    = [10, 10, 175]
  DR [Nms/rad] = [10.01, 10.01, 10]

poles compared (lever r_c = TCP - pole):
  (A) measured axis : angle=2.3 deg | pitch=-26.6 mm/rad
      pole_from_edge = [-573.3, -239.6, 152.7] mm
      r_c            = [558.3, 300.5, -131.1] mm
  (B) manual pole   : comparison only, contact reference
      pole_from_edge = [-33.7, 79.6, 25.3] mm
      r_c            = [26.3, -19.3, 41.4] mm
      r_c(B)-r_c(A)  = [-532.1, -319.8, 172.5] mm

K_TCP = Ad^T K_pole Ad  [rows fx..mz | cols tx..rz]:
  (A) measured axis:
           tx        ty        tz    |    rx        ry        rz
  fx [    2000        0        0 |        0    262.2      601 ]
  fy [       0     2000        0 |   -262.2        0    -1117 ]
  fz [       0        0      350 |   -105.2    195.4        0 ]
     ---------------------------+---------------------------
  mx [       0   -262.2   -105.2 |    71.32   -58.72    150.3 ]
  my [   262.2        0    195.4 |   -58.72    148.5    78.78 ]
  mz [     601    -1117        0 |    150.3    78.78    853.7 ]
  (A) K_TCP eigenvalues = [3.513, 4.965, 35.29, 489, 2038, 2853] -> PSD ok (>=0) (min=3.513)
  (B) manual pole:
           tx        ty        tz    |    rx        ry        rz
  fx [    2000        0        0 |        0   -82.74   -38.66 ]
  fy [       0     2000        0 |    82.74        0   -52.51 ]
  fz [       0        0      350 |    6.766     9.19        0 ]
     ---------------------------+---------------------------
  mx [       0    82.74    6.766 |    8.896   0.1777    1.735 ]
  my [  -82.74        0     9.19 |   0.1777    8.664    1.599 ]
  mz [  -38.66   -52.51        0 |    1.735    1.599    51.78 ]
  (B) K_TCP eigenvalues = [4.986, 4.991, 49.95, 350.4, 2003, 2006] -> PSD ok (>=0) (min=4.986)

D_TCP = Ad^T D_pole Ad:
  (A) measured axis:
           tx        ty        tz    |    rx        ry        rz
  fx [   237.1        0        0 |        0    31.08    71.24 ]
  fy [       0    178.2        0 |   -23.36        0   -99.51 ]
  fz [       0        0    108.1 |   -32.48    60.35        0 ]
     ---------------------------+---------------------------
  mx [       0   -23.36   -32.48 |    14.23   -18.14    12.99 ]
  my [   31.08        0    60.35 |   -18.14    39.84    9.338 ]
  mz [   71.24   -99.51        0 |    12.99    9.338    77.74 ]
  (A) D_TCP eigenvalues = [0.5472, 1.203, 1.7, 149.8, 215, 287] -> PSD ok (>=0) (min=0.5472)
  (B) manual pole:
           tx        ty        tz    |    rx        ry        rz
  fx [   237.1        0        0 |        0   -9.807   -4.583 ]
  fy [       0    178.2        0 |    7.373        0    -4.68 ]
  fz [       0        0    108.1 |     2.09    2.838        0 ]
     ---------------------------+---------------------------
  mx [       0    7.373     2.09 |    1.752  0.05487  -0.2489 ]
  my [  -9.807        0    2.838 |  0.05487    2.553   0.1896 ]
  mz [  -4.583    -4.68        0 |  -0.2489   0.1896   0.9908 ]
  (B) D_TCP eigenvalues = [0.7738, 1.408, 2.068, 108.2, 178.7, 237.6] -> PSD ok (>=0) (min=0.7738)
phase: grind

Stop requested with e + Enter. Finishing control loop...
params/sequence.txt updated after control loop (73 queued values).

Joint motion [deg]:
joint    start   final   delta
------------------------------
q1       -2.7    -5.6    -2.8
q2       18.1    33.2    15.1
q3       -5.1    -3.3     1.8
q4     -122.8  -121.5     1.3
q5       17.5     0.1   -17.4
q6      139.5   147.2     7.8
q7       26.8    39.8    13.0

=== Final result ===
p_d = [529.2, -93.9, -133.3] mm
p_EE = [533.8, -88.5, 20.9] mm
e_p = [-4.6, -5.4, -154.2] mm
position_error = 154.33 mm
e_R = [1.19, -2.43, 0.77] deg
rotation_error = 2.81 deg
csv: surface_grinding_controller_log.csv
