
====================================================================
  SURFACE GRINDING CONTROLLER
====================================================================
  robot              172.16.0.2
--------------------------------------------------------------------

Press Enter to recover and configure the robot.
  Robot recovered or already ready.

====================================================================
  STARTUP MODE
====================================================================
  run     s   run the phase sequence from q_init
          h   hold the q_init pose
          t   hold with the set-up impedance, to test those gains
          g   hand-guide the start pose, then choose
--------------------------------------------------------------------
  set up  q   go to q_init and inspect
          o   open the hand now
          c   grasp the tool now
          r   recalibrate the hand width, fingers empty
          f   fetch the tool from the holder
          b   put the tool back
--------------------------------------------------------------------
  quit    e   stop and quit
--------------------------------------------------------------------
  in a run    e stop | m menu | g hand-guide | s sequence | t hold
--------------------------------------------------------------------
Choice [s/h/t/g/q/o/c/r/f/b/e]: 
-- selected: phase sequence ----------------------------------------

-- moving to q_init ------------------------------------------------
  case               horizontal_table_search
  q1..q7 [deg]     = [0.8, 12.1, -0.5, -130.9, -0.2, 142.9, 44.7] deg
  horizontal_table_search = [0.014777, 0.210911, -0.009320, -2.284835, -0.002725, 2.493410, 0.780694] rad
  q_init reached.

-- start pose ------------------------------------------------------
  q_start          = [0.9, 12.1, -0.6, -130.9, -0.1, 142.9, 44.7] deg
  p_start          = [    531.3,       2.4,     156.9] mm

====================================================================
  RUN
====================================================================

-- phase: approach_orient ------------------------------------------
  Kp [t1,t2,n]     = [    150.0,     150.0,     150.0] N/m
  Dp [t1,t2,n]     = [    126.5,     103.6,     128.3] Ns/m     auto (factor 1.90)
  KR [t1,t2,n]     = [     90.0,      90.0,      90.0] Nm/rad
  DR [t1,t2,n]     = [     13.5,      15.8,       2.0] Nms/rad  auto (factor 1.90)
orient:     t=  0.0 s | axis_err=  9.5 deg | spin_err=  0.5 deg
orient:     t=  0.2 s | axis_err=  8.4 deg | spin_err=  0.5 deg
orient:     t=  0.4 s | axis_err=  5.7 deg | spin_err=  0.4 deg
orient:     t=  0.6 s | axis_err=  2.7 deg | spin_err=  0.2 deg

Orientation reached: axis_err=2.0 deg | spin_err=0.2 deg

-- phase: approach_descend -----------------------------------------
  Kp [t1,t2,n]     = [    150.0,     150.0,     150.0] N/m
  Dp [t1,t2,n]     = [    126.5,     103.6,     128.3] Ns/m     auto (factor 1.90)
  KR [t1,t2,n]     = [     90.0,      90.0,      90.0] Nm/rad
  DR [t1,t2,n]     = [     13.5,      15.8,       2.0] Nms/rad  auto (factor 1.90)
  descend to         20 mm clearance at 0.100 m/s
descend:    t=  0.0 s | distance=   0.1 mm | height=+135.4 mm (target 20.0) | force=  0.1 N
descend:    t=  0.2 s | distance=  20.1 mm | height=+124.3 mm (target 20.0) | force=  0.4 N
descend:    t=  0.4 s | distance=  40.2 mm | height=+107.0 mm (target 20.0) | force= -0.5 N
descend:    t=  0.6 s | distance=  60.3 mm | height= +89.0 mm (target 20.0) | force=  1.1 N
descend:    t=  0.8 s | distance=  80.4 mm | height= +70.4 mm (target 20.0) | force=  0.3 N
descend:    t=  1.0 s | distance= 100.5 mm | height= +51.3 mm (target 20.0) | force= -1.4 N
descend:    t=  1.2 s | distance= 120.6 mm | height= +32.3 mm (target 20.0) | force=  1.0 N

[GATE] Reached 20 mm above the plane. Press Enter to start the set-up press (e+Enter stops).

-- gate hold -------------------------------------------------------
  Kp [x,y,z]       = [   5000.0,    5000.0,    5000.0] N/m
  Dp [x,y,z]       = [    204.9,     144.7,     254.0] Ns/m     auto
  KR [t1,t2,n]     = [     90.0,      90.0,      90.0] Nm/rad
  DR [t1,t2,n]     = [     13.9,      11.8,       2.6] Nms/rad  auto
[GATE] Continuing to the set-up press.

Clearance reached: distance=133.6 mm | height=19.8 mm | target=20.0 mm | force=-0.4 N (not used for the switch)
  offset_ee        = [    -20.0,      60.0,      20.0] mm
  p_EE_at_contact  = [    535.3,       0.2,      43.9] mm
  contact_point    = [    518.6,     -60.6,       1.8] mm
  edge_offset      = [    -16.7,     -60.8,     -42.1] mm

-- phase: set_up ---------------------------------------------------

-- set-up impedance ------------------------------------------------
  law                wrench = K_TCP*dx + D_TCP*dv
                     K_TCP  = Ad(r_c)^T * blkdiag(Kp,KR) * Ad(r_c)
  Kp [t1,t2,n]     = [   2000.0,    2000.0,     800.0] N/m
  Dp [t1,t2,n]     = [    210.7,     179.6,     175.5] Ns/m     auto
  KR [t1,t2,n]     = [      5.0,       5.0,      50.0] Nm/rad
  DR [t1,t2,n]     = [      2.0,       1.7,       1.2] Nms/rad  auto
  p_c [EE]         = [     38.2,     -45.7,       7.3] mm       the pole on the tool, from p_EE
  r_c [t1,t2,n]    = [     54.4,      25.4,      -0.0] mm       commanded: p_TCP - p_c, in the plane
set_up:     t=  0.0 s | tip=  0.0 deg | F=  0.0 N | M=  0.0 Nm (limit 150.0) | edge= 19.7 mm
set_up:     t=  0.2 s | tip=  0.3 deg | F=  0.9 N | M=  0.3 Nm (limit 150.0) | edge= 10.2 mm
set_up:     t=  0.4 s | tip=  0.8 deg | F=  1.3 N | M=  0.8 Nm (limit 150.0) | edge=  4.2 mm
set_up:     t=  0.6 s | tip=  0.9 deg | F= 13.2 N | M=  7.8 Nm (limit 150.0) | edge=  2.3 mm
set_up:     t=  0.8 s | tip=  1.0 deg | F= 20.1 N | M= 11.5 Nm (limit 150.0) | edge=  1.2 mm
set_up:     t=  1.0 s | tip=  1.0 deg | F= 28.3 N | M= 16.0 Nm (limit 150.0) | edge=  0.7 mm
set_up:     t=  1.2 s | tip=  1.2 deg | F= 36.0 N | M= 20.2 Nm (limit 150.0) | edge=  1.5 mm
set_up:     t=  1.4 s | tip=  1.7 deg | F= 44.3 N | M= 24.5 Nm (limit 150.0) | edge=  2.2 mm
set_up:     t=  1.6 s | tip=  3.1 deg | F= 50.8 N | M= 27.8 Nm (limit 150.0) | edge=  2.4 mm
set_up:     t=  1.8 s | tip=  4.1 deg | F= 43.2 N | M= 24.5 Nm (limit 150.0) | edge=  2.0 mm
set_up:     t=  2.0 s | tip=  4.1 deg | F= 43.6 N | M= 24.5 Nm (limit 150.0) | edge=  2.0 mm
set_up:     t=  2.2 s | tip=  4.1 deg | F= 43.8 N | M= 24.6 Nm (limit 150.0) | edge=  2.0 mm
set_up:     t=  2.4 s | tip=  4.1 deg | F= 43.8 N | M= 24.5 Nm (limit 150.0) | edge=  2.0 mm
set_up:     t=  2.6 s | tip=  4.1 deg | F= 43.7 N | M= 24.5 Nm (limit 150.0) | edge=  2.0 mm
set_up:     t=  2.8 s | tip=  4.1 deg | F= 43.8 N | M= 24.5 Nm (limit 150.0) | edge=  2.0 mm
set_up:     t=  3.0 s | tip=  4.1 deg | F= 43.7 N | M= 24.5 Nm (limit 150.0) | edge=  2.0 mm
set_up:     t=  3.2 s | tip=  4.1 deg | F= 43.8 N | M= 24.6 Nm (limit 150.0) | edge=  2.0 mm
set_up:     t=  3.4 s | tip=  4.1 deg | F= 43.7 N | M= 24.5 Nm (limit 150.0) | edge=  2.0 mm
set_up:     t=  3.6 s | tip=  4.1 deg | F= 43.7 N | M= 24.5 Nm (limit 150.0) | edge=  2.0 mm
set_up:     t=  3.8 s | tip=  4.1 deg | F= 43.9 N | M= 24.6 Nm (limit 150.0) | edge=  2.0 mm
set_up:     t=  4.0 s | tip=  4.1 deg | F= 43.8 N | M= 24.6 Nm (limit 150.0) | edge=  2.0 mm
set_up:     t=  4.2 s | tip=  4.1 deg | F= 43.8 N | M= 24.5 Nm (limit 150.0) | edge=  2.0 mm
set_up:     t=  4.4 s | tip=  4.1 deg | F= 43.8 N | M= 24.6 Nm (limit 150.0) | edge=  2.0 mm
set_up:     t=  4.6 s | tip=  4.1 deg | F= 43.8 N | M= 24.5 Nm (limit 150.0) | edge=  2.0 mm
set_up:     t=  4.8 s | tip=  4.1 deg | F= 43.8 N | M= 24.5 Nm (limit 150.0) | edge=  2.0 mm

====================================================================
  SET-UP RESULT
====================================================================
  stop: time | t=5.0 s | tip=4.1 deg | F=43.7 N | M=24.5 Nm
  edge_from_contact = [+0.9, -0.1, -1.8] mm | norm=2.0 mm
  tcp_from_contact  = [+18.6, +60.3, +19.1] mm | norm=65.9 mm
  alignment: before=9.19 deg | after=5.16 deg | gain=+4.03 deg
  alignment components [t1,t2,n] deg: before=[-2.73,-8.77,+0.00] | after=[-1.13,-5.03,-0.00]

-- set-up surface-frame breakdown ----------------------------------
  frame              alignment-target [tangent1, tangent2, normal]
  force        [N]      = [    +5.12,     -1.17,    -43.43]
  tcp_disp     [mm]     = [    -2.10,     +0.89,    -22.98]
  edge_disp    [mm]     = [    -0.79,     +0.45,     -1.82]
  Kp_eff=F/tcp [N/m]    = [  -2438.0,   -1313.2,    1889.8]
  moment@edge  [Nm]     = [    -7.85,    -24.08,     -0.32]
  tip_angle    [deg]    = [    +1.57,     +3.75,     -0.29]
  KR_eff=M/ang [Nm/rad] = [   -287.1,    -368.2,      62.8]

-- centre of compliance --------------------------------------------
  definition         r_c = p_TCP - p_c
  p_TCP [x,y,z]    = [    535.3,       0.2,      43.9] mm
  p_c [EE]         = [     38.2,     -45.7,       7.3] mm
  r_c [t1,t2,n]    = [     54.4,      25.4,      -0.0] mm
                     p_c resolved at first contact

-- what the TCP feels ----------------------------------------------
  K_TCP translation = [   1999.6,    1999.1,     801.3] N/m
  K_TCP rotation   = [      6.7,       6.2,      57.1] Nm/rad
  commanded KR was = [      5.0,       5.0,      50.0] Nm/rad   the rest is the lever
  D_TCP translation = [    205.1,     185.2,     175.6] Ns/m
  D_TCP rotation   = [      2.3,       2.0,       1.9] Nms/rad
  coupling           max |moment per unit translation| = 92.0 Nm/m (K), 9.0 Nms/m (D)
  eigenvalues        K_TCP 4.98 .. 2007 | D_TCP 1.18 .. 211  (both positive: valid springs)

  K_TCP [N/m, Nm/rad | rows fx..mz, cols tx..rz]:
           tx        ty        tz    |    rx        ry        rz
  fx [    2000  -0.5725   -20.68 |  -0.9524   -3.077      -92 ]
  fy [ -0.5725     1999   -33.18 |    2.346    1.278    76.95 ]
  fz [  -20.68   -33.18    801.3 |    36.79   -30.79  -0.3253 ]
     ---------------------------+---------------------------
  mx [ -0.9524    2.346    36.79 |     6.71   -1.392   0.9097 ]
  my [  -3.077    1.278   -30.79 |   -1.392    6.225    1.435 ]
  mz [     -92    76.95  -0.3253 |   0.9097    1.435    57.14 ]

  D_TCP [Ns/m, Nms/rad]:
           tx        ty        tz    |    rx        ry        rz
  fx [   205.1    11.89  -0.8392 | -0.01556   -0.365   -8.976 ]
  fy [   11.89    185.2  -0.4716 |    0.337 -0.004892    6.578 ]
  fz [ -0.8392  -0.4716    175.6 |    8.075   -6.754  0.02045 ]
     ---------------------------+---------------------------
  mx [-0.01556    0.337    8.075 |    2.314  -0.1916 -0.002634 ]
  my [  -0.365 -0.004892   -6.754 |  -0.1916    2.002 -0.0008046 ]
  mz [  -8.976    6.578  0.02045 | -0.002634 -0.0008046    1.854 ]

[GATE] Set up finished (holding the pressed pose). Press Enter to start the grind (e+Enter stops).

Stop requested with e + Enter. Finishing control loop...

-- joint motion [deg] ----------------------------------------------
  joint       start    final    delta
  q1            0.9      1.0     +0.1
  q2           12.1     30.9    +18.8
  q3           -0.6     -0.9     -0.3
  q4         -130.9   -130.6     +0.3
  q5           -0.1     -0.1     +0.0
  q6          142.9    165.9    +23.0
  q7           44.7     44.6     -0.1

====================================================================
  FINAL RESULT
====================================================================
  p_d              = [    533.9,      -2.0,     -35.9] mm
  p_EE             = [    537.2,      -0.3,      20.9] mm
  e_p              = [     -3.3,      -1.7,     -56.8] mm
  e_R              = [     0.16,     -4.06,     -0.18] deg
--------------------------------------------------------------------
  position error     56.87 mm
  rotation error     4.07 deg
  csv                logs/surface_grinding_controller_log.csv
--------------------------------------------------------------------
