
Press Enter to recover and configure the robot.
Robot recovered or already ready.
Collision: custom thresholds.

=== Startup choice ===
  q = go to q_init (from params/common.txt), then choose again
  g = guiding mode: go to q_init, then hand-guide to your pose;
      use s+Enter for sequence or h+Enter for hold
  o = open the Franka hand now (release/load tool), then choose again
  c = close/grasp the tool now, then choose again
  r = continue to run mode (available after q_init is reached)
Choice [q/g/o/c/r, Enter = q]: Moving to q_init...
q_init reached.

=== Startup choice ===
  q = go to q_init (from params/common.txt), then choose again
  g = guiding mode: go to q_init, then hand-guide to your pose;
      use s+Enter for sequence or h+Enter for hold
  o = open the Franka hand now (release/load tool), then choose again
  c = close/grasp the tool now, then choose again
  r = continue to run mode
Choice [q/g/o/c/r, Enter = q]: 
=== Run mode ===
  s = phase sequence (approach / set up / grind)
  h = hold at the start pose
Choice [s/h, Enter = s]: Selected: phase sequence. Nullspace mode from parameters: nullspace_damping_plus_sigma.

=== Setup ===
run: phase sequence | approach_orient: on | nullspace: nullspace_damping_plus_sigma
nullspace parameters: d_null=2.000 | k_sigma=1.000 Nm | alpha=0.0800 rad
hold: Kp=300.0 N/m | KR=40.0 Nm/rad | damping=auto translation+rotation (factor fitted online toward Dp=50.0 Ns/m)
manual_guidance_start: off | manual_damping=0.50
descend: clearance=20.0 mm | speed=0.100 m/s | max_distance=640 mm
alignment push: start=captured | end=+180 mm | speed=0.050 m/s | ramp_time~=4.0 s | timeout=12.0 s | moment_threshold=150.0 Nm
grind: sweep | axis=tangent2 | amplitude=30 mm | frequency=0.20 Hz
coupled stiffness: apply=on | saved=yes | pole=manual
gates: pause_before_set_up=on | pause_auto_damping=on | pause_before_grind=off | debug_period=0.20 s
alignment-target normal=[+0.087, -0.000, +0.996] | tilt a(x)=0.0 deg, b(y)=5.0 deg (from angles)
tool face: 40 x 120 mm | center offset EE=[+0.0, +0.0, +20.0] mm
Gripper already holding the tool (width 65.1 mm); keeping grasp.
Press e+Enter to stop the controller before the duration expires.
During hold: press g+Enter to hand-guide the tool, then p+Enter to recapture and resume hold.
experiment_duration <= 0: running indefinitely until e + Enter.

=== Start pose ===
q_start = [-2.7, 18.1, -5.1, -122.8, 17.5, 139.5, 26.8] deg
p_start = [565.1, -59.5, 151.1] mm

=== Run ===
phase: approach_orient
orient:     t=  0.0 s | axis_err= 11.5 deg | rot_err= 11.5 deg
approach Dp        auto=[ 134.14,   97.25,  122.28]  manual=[  20.00,   20.00,   20.00] Ns/m
approach DR        auto=[  12.73,   16.36,    4.08]  manual=[  12.00,   12.00,   12.00] Nms/rad
orient:     t=  0.2 s | axis_err=  4.6 deg | rot_err=  4.6 deg
orient:     t=  0.4 s | axis_err=  2.3 deg | rot_err=  2.3 deg

Orientation reached: axis_err=1.9 deg
phase: approach_descend
descend:    t=  0.0 s | distance=   0.1 mm | height= +97.3 mm (target 20.0) | force=  0.0 N
descend:    t=  0.2 s | distance=  20.1 mm | height= +85.4 mm (target 20.0) | force=  1.0 N
descend:    t=  0.4 s | distance=  40.1 mm | height= +68.6 mm (target 20.0) | force=  2.0 N
descend:    t=  0.6 s | distance=  60.2 mm | height= +51.1 mm (target 20.0) | force=  2.3 N
descend:    t=  0.8 s | distance=  80.3 mm | height= +33.4 mm (target 20.0) | force=  2.0 N

[GATE] Reached 20 mm above the plane. Press Enter to start the set-up press (e+Enter stops).
pause auto damping: fitted Dp factor=0.551, DR factor=1.960
pause Dp [xyz]     auto=[ 206.53,  155.27,  224.89]  manual=[ 200.00,  200.00,  200.00] Ns/m
pause DR [t1t2n]   auto=[  11.74,   17.28,    2.04]  manual=[  12.73,   16.36,    4.08] Nms/rad
[GATE] Continuing to the set-up press.
descend:    t=  1.6 s | distance=  95.5 mm | height= +19.5 mm (target 20.0) | force=  0.7 N

Clearance reached: distance=95.5 mm | height=19.5 mm | target=20.0 mm | force=0.7 N (not used for the switch)
offset_ee = [20.0, 60.0, 20.0] mm
p_EE_at_contact = [546.1, -66.0, 65.5] mm
contact_point = [559.8, -126.7, 24.1] mm
edge_offset_base = [13.7, -60.7, -41.3] mm
phase: set_up
set_up Dp [xyz]    auto=[ 237.03,  178.22,  108.11]  manual=[  10.00,   10.00,  175.00] Ns/m
set_up DR [t1t2n]  auto=[   1.41,    2.07,    0.77]  manual=[  10.01,   10.01,   10.00] Nms/rad
set_up:     t=  0.0 s | tip=  0.0 deg | F=  0.0 N | M=  0.0 Nm (limit 150.0) | edge= 19.5 mm
set_up:     t=  0.2 s | tip=  0.6 deg | F=  1.3 N | M=  0.6 Nm (limit 150.0) | edge= 13.5 mm
set_up:     t=  0.4 s | tip=  1.2 deg | F=  2.1 N | M=  0.9 Nm (limit 150.0) | edge=  6.6 mm
set_up:     t=  0.6 s | tip=  1.8 deg | F=  2.3 N | M=  1.0 Nm (limit 150.0) | edge=  5.4 mm
set_up:     t=  0.8 s | tip=  2.5 deg | F=  2.0 N | M=  0.7 Nm (limit 150.0) | edge= 12.6 mm
set_up:     t=  1.0 s | tip=  3.1 deg | F=  2.6 N | M=  1.1 Nm (limit 150.0) | edge= 21.1 mm
set_up:     t=  1.2 s | tip=  3.0 deg | F= 11.7 N | M=  6.6 Nm (limit 150.0) | edge= 21.2 mm
set_up:     t=  1.4 s | tip=  3.0 deg | F= 15.0 N | M=  8.5 Nm (limit 150.0) | edge= 21.3 mm
set_up:     t=  1.6 s | tip=  3.1 deg | F= 18.5 N | M= 10.4 Nm (limit 150.0) | edge= 21.5 mm
set_up:     t=  1.8 s | tip=  3.1 deg | F= 22.5 N | M= 12.5 Nm (limit 150.0) | edge= 21.7 mm
set_up:     t=  2.0 s | tip=  3.1 deg | F= 26.2 N | M= 14.5 Nm (limit 150.0) | edge= 21.9 mm
set_up:     t=  2.2 s | tip=  3.2 deg | F= 30.0 N | M= 16.4 Nm (limit 150.0) | edge= 22.0 mm
set_up:     t=  2.4 s | tip=  3.2 deg | F= 34.3 N | M= 18.6 Nm (limit 150.0) | edge= 22.2 mm
set_up:     t=  2.6 s | tip=  3.2 deg | F= 38.0 N | M= 20.5 Nm (limit 150.0) | edge= 22.4 mm
set_up:     t=  2.8 s | tip=  3.3 deg | F= 41.7 N | M= 22.4 Nm (limit 150.0) | edge= 22.6 mm
set_up:     t=  3.0 s | tip=  3.5 deg | F= 46.2 N | M= 25.2 Nm (limit 150.0) | edge= 23.0 mm
set_up:     t=  3.2 s | tip=  4.0 deg | F= 48.8 N | M= 26.7 Nm (limit 150.0) | edge= 23.8 mm
set_up:     t=  3.4 s | tip=  4.4 deg | F= 51.4 N | M= 27.9 Nm (limit 150.0) | edge= 24.4 mm
set_up:     t=  3.6 s | tip=  5.0 deg | F= 54.1 N | M= 29.5 Nm (limit 150.0) | edge= 25.2 mm
set_up:     t=  3.8 s | tip=  5.4 deg | F= 58.0 N | M= 31.3 Nm (limit 150.0) | edge= 25.7 mm
set_up:     t=  4.0 s | tip=  6.2 deg | F= 61.3 N | M= 33.2 Nm (limit 150.0) | edge= 26.6 mm
set_up:     t=  4.2 s | tip=  6.7 deg | F= 56.6 N | M= 30.7 Nm (limit 150.0) | edge= 27.0 mm
set_up:     t=  4.4 s | tip=  6.7 deg | F= 56.7 N | M= 30.6 Nm (limit 150.0) | edge= 27.0 mm
set_up:     t=  4.6 s | tip=  6.7 deg | F= 56.8 N | M= 30.6 Nm (limit 150.0) | edge= 27.0 mm
set_up:     t=  4.8 s | tip=  6.7 deg | F= 56.7 N | M= 30.6 Nm (limit 150.0) | edge= 27.0 mm
set_up:     t=  5.0 s | tip=  6.7 deg | F= 56.8 N | M= 30.6 Nm (limit 150.0) | edge= 27.0 mm
set_up:     t=  5.2 s | tip=  6.7 deg | F= 56.9 N | M= 30.6 Nm (limit 150.0) | edge= 27.1 mm
set_up:     t=  5.4 s | tip=  6.8 deg | F= 56.8 N | M= 30.6 Nm (limit 150.0) | edge= 27.1 mm
set_up:     t=  5.6 s | tip=  6.8 deg | F= 56.6 N | M= 30.5 Nm (limit 150.0) | edge= 27.1 mm
set_up:     t=  5.8 s | tip=  6.8 deg | F= 56.8 N | M= 30.6 Nm (limit 150.0) | edge= 27.1 mm
set_up:     t=  6.0 s | tip=  6.8 deg | F= 56.9 N | M= 30.6 Nm (limit 150.0) | edge= 27.1 mm
set_up:     t=  6.2 s | tip=  6.8 deg | F= 56.9 N | M= 30.6 Nm (limit 150.0) | edge= 27.1 mm
set_up:     t=  6.4 s | tip=  6.8 deg | F= 56.9 N | M= 30.6 Nm (limit 150.0) | edge= 27.1 mm
set_up:     t=  6.6 s | tip=  6.8 deg | F= 56.9 N | M= 30.7 Nm (limit 150.0) | edge= 27.1 mm
set_up:     t=  6.8 s | tip=  6.8 deg | F= 56.9 N | M= 30.6 Nm (limit 150.0) | edge= 27.1 mm
set_up:     t=  7.0 s | tip=  6.8 deg | F= 56.9 N | M= 30.6 Nm (limit 150.0) | edge= 27.1 mm
set_up:     t=  7.2 s | tip=  6.8 deg | F= 56.9 N | M= 30.6 Nm (limit 150.0) | edge= 27.1 mm
set_up:     t=  7.4 s | tip=  6.8 deg | F= 57.0 N | M= 30.7 Nm (limit 150.0) | edge= 27.1 mm
set_up:     t=  7.6 s | tip=  6.8 deg | F= 56.8 N | M= 30.7 Nm (limit 150.0) | edge= 27.1 mm
set_up:     t=  7.8 s | tip=  6.8 deg | F= 56.9 N | M= 30.7 Nm (limit 150.0) | edge= 27.1 mm
set_up:     t=  8.0 s | tip=  6.8 deg | F= 56.9 N | M= 30.7 Nm (limit 150.0) | edge= 27.1 mm
set_up:     t=  8.2 s | tip=  6.8 deg | F= 56.9 N | M= 30.7 Nm (limit 150.0) | edge= 27.1 mm
set_up:     t=  8.4 s | tip=  6.8 deg | F= 57.0 N | M= 30.7 Nm (limit 150.0) | edge= 27.1 mm
set_up:     t=  8.6 s | tip=  6.8 deg | F= 57.0 N | M= 30.7 Nm (limit 150.0) | edge= 27.1 mm
set_up:     t=  8.8 s | tip=  6.8 deg | F= 57.0 N | M= 30.7 Nm (limit 150.0) | edge= 27.1 mm
set_up:     t=  9.0 s | tip=  6.8 deg | F= 56.9 N | M= 30.7 Nm (limit 150.0) | edge= 27.1 mm
set_up:     t=  9.2 s | tip=  6.8 deg | F= 56.9 N | M= 30.7 Nm (limit 150.0) | edge= 27.1 mm
set_up:     t=  9.4 s | tip=  6.8 deg | F= 56.7 N | M= 30.6 Nm (limit 150.0) | edge= 27.1 mm
set_up:     t=  9.6 s | tip=  6.8 deg | F= 56.8 N | M= 30.6 Nm (limit 150.0) | edge= 27.1 mm
set_up:     t=  9.8 s | tip=  6.8 deg | F= 56.9 N | M= 30.6 Nm (limit 150.0) | edge= 27.1 mm
set_up:     t= 10.0 s | tip=  6.8 deg | F= 56.9 N | M= 30.6 Nm (limit 150.0) | edge= 27.1 mm
set_up:     t= 10.2 s | tip=  6.8 deg | F= 57.0 N | M= 30.7 Nm (limit 150.0) | edge= 27.1 mm
set_up:     t= 10.4 s | tip=  6.8 deg | F= 57.0 N | M= 30.7 Nm (limit 150.0) | edge= 27.1 mm
set_up:     t= 10.6 s | tip=  6.8 deg | F= 56.9 N | M= 30.6 Nm (limit 150.0) | edge= 27.1 mm
set_up:     t= 10.8 s | tip=  6.8 deg | F= 56.9 N | M= 30.6 Nm (limit 150.0) | edge= 27.1 mm
set_up:     t= 11.0 s | tip=  6.8 deg | F= 57.1 N | M= 30.8 Nm (limit 150.0) | edge= 27.1 mm
set_up:     t= 11.2 s | tip=  6.8 deg | F= 56.8 N | M= 30.6 Nm (limit 150.0) | edge= 27.1 mm
set_up:     t= 11.4 s | tip=  6.8 deg | F= 57.0 N | M= 30.7 Nm (limit 150.0) | edge= 27.1 mm
set_up:     t= 11.6 s | tip=  6.8 deg | F= 57.1 N | M= 30.7 Nm (limit 150.0) | edge= 27.1 mm
set_up:     t= 11.8 s | tip=  6.8 deg | F= 57.0 N | M= 30.7 Nm (limit 150.0) | edge= 27.1 mm

=== Set-up result ===
stop: time | t=12.0 s | tip=6.8 deg | F=56.9 N | M=30.7 Nm
edge_from_contact = [-15.6, +0.8, -22.2] mm | norm=27.1 mm
tcp_from_contact  = [-28.1, +61.2, +2.1] mm | norm=67.4 mm
alignment: before=0.47 deg | after=7.06 deg | gain=-6.58 deg

=== Set-up surface-frame breakdown ===
frame: alignment-target [tangent1, tangent2, normal]
force        [N]      = [   -11.03,     +0.29,    -55.87]
tcp_disp     [mm]     = [   -10.87,     +0.59,    -40.36]
edge_disp    [mm]     = [   -13.58,     +0.80,    -23.49]
Kp_eff=F/tcp [N/m]    = [   1015.3,     498.8,    1384.1]
moment@edge  [Nm]     = [    +3.63,    +28.78,     -0.49]
tip_angle    [deg]    = [    -0.66,     -6.79,     +0.12]
KR_eff=M/ang [Nm/rad] = [   -316.0,    -242.8,    -232.5]

finite_axis: angle=6.8 deg | axis_from_edge=[-193.0, +21.4, +119.5] mm | dir=[+0.095, +0.995, -0.026] | pitch=-0.8 mm/rad

=== Coupled stiffness from the measured pole ===
source spring K_pole/D_pole (diagonal, from parameters):
  Kp [N/m]     = [2000, 2000, 350]
  KR [Nm/rad]  = [5, 5, 50]
  Dp [Ns/m]    = [10, 10, 175]
  DR [Nms/rad] = [10.01, 10.01, 10]

poles compared (lever r_c = TCP - pole):
  (A) measured axis : angle=6.8 deg | pitch=-0.8 mm/rad
      pole_from_edge = [-177.4, 20.5, 141.7] mm
      r_c            = [164.9, 39.9, -117.4] mm
  (B) manual pole   : COMMANDED this run, contact reference
      pole_from_edge = [62.4, -0.8, 98.4] mm
      r_c            = [-60.6, 60.7, -34.9] mm
      r_c(B)-r_c(A)  = [-225.5, 20.8, 82.6] mm

K_TCP = Ad^T K_pole Ad  [rows fx..mz | cols tx..rz]:
  (A) measured axis:
           tx        ty        tz    |    rx        ry        rz
  fx [    2000        0        0 |        0    234.9    79.82 ]
  fy [       0     2000        0 |   -234.9        0   -329.8 ]
  fz [       0        0      350 |   -13.97    57.72        0 ]
     ---------------------------+---------------------------
  mx [       0   -234.9   -13.97 |    33.49   -2.304    42.64 ]
  my [   234.9        0    57.72 |   -2.304     42.1    9.375 ]
  mz [   79.82   -329.8        0 |    42.64    9.375    107.2 ]
  (A) K_TCP eigenvalues = [4.794, 4.948, 48.43, 360, 2028, 2087] -> PSD ok (>=0) (min=4.794)
  (B) manual pole:
           tx        ty        tz    |    rx        ry        rz
  fx [    2000        0        0 |        0    69.74    121.3 ]
  fy [       0     2000        0 |   -69.74        0    121.1 ]
  fz [       0        0      350 |   -21.23   -21.19        0 ]
     ---------------------------+---------------------------
  mx [       0   -69.74   -21.23 |    9.062    1.286  -0.3161 ]
  my [   69.74        0   -21.19 |    1.286    8.715    4.231 ]
  mz [   121.3    121.1        0 |  -0.3161    4.231    64.35 ]
  (B) K_TCP eigenvalues = [4.957, 4.992, 49.65, 352.6, 2002, 2017] -> PSD ok (>=0) (min=4.957)

D_TCP = Ad^T D_pole Ad:
  (A) measured axis:
           tx        ty        tz    |    rx        ry        rz
  fx [     237        0        0 |        0    27.84     9.46 ]
  fy [       0    178.2        0 |   -20.93        0   -29.39 ]
  fz [       0        0    108.1 |   -4.315    17.83        0 ]
     ---------------------------+---------------------------
  mx [       0   -20.93   -4.315 |    4.037  -0.7116    3.396 ]
  my [   27.84        0    17.83 |  -0.7116    8.282    1.111 ]
  mz [    9.46   -29.39        0 |    3.396    1.111    6.004 ]
  (A) D_TCP eigenvalues = [0.7504, 1.395, 1.99, 111.2, 185.5, 240.8] -> PSD ok (>=0) (min=0.7504)
  (B) manual pole:
           tx        ty        tz    |    rx        ry        rz
  fx [     237        0        0 |        0    8.265    14.38 ]
  fy [       0    178.2        0 |   -6.215        0    10.79 ]
  fz [       0        0    108.1 |   -6.559   -6.547        0 ]
     ---------------------------+---------------------------
  mx [       0   -6.215   -6.559 |    2.021   0.3972  -0.4315 ]
  my [   8.265        0   -6.547 |   0.3972    2.757   0.5014 ]
  mz [   14.38    10.79        0 |  -0.4315   0.5014    2.305 ]
  (B) D_TCP eigenvalues = [0.7694, 1.403, 2.063, 108.9, 179.1, 238.2] -> PSD ok (>=0) (min=0.7694)
phase: grind

Stop requested with e + Enter. Finishing control loop...

Joint motion [deg]:
joint    start   final   delta
------------------------------
q1       -2.7    -2.3     0.4
q2       18.1    33.4    15.3
q3       -5.1    -1.9     3.2
q4     -122.8  -119.2     3.7
q5       17.5     0.2   -17.3
q6      139.5   140.7     1.3
q7       26.8    43.5    16.7

=== Final result ===
p_d = [528.7, -36.4, -133.2] mm
p_EE = [534.3, -41.8, 24.6] mm
e_p = [-5.6, 5.4, -157.9] mm
position_error = 158.06 mm
e_R = [0.56, -6.69, 0.11] deg
rotation_error = 6.72 deg
csv: surface_grinding_controller_log.csv
