
====================================================================
  SURFACE GRINDING CONTROLLER
====================================================================
  robot              172.16.0.2
--------------------------------------------------------------------

Press Enter to recover and configure the robot.
  Robot recovered or already ready.

====================================================================
  STARTUP MODE
====================================================================
  run     s   run the phase sequence from q_init
          h   hold the q_init pose
          t   hold with the set-up impedance, to test those gains
          g   hand-guide the start pose, then choose
--------------------------------------------------------------------
  set up  q   go to q_init and inspect
          o   open the hand now
          c   grasp the tool now
          r   recalibrate the hand width, fingers empty
          f   fetch the tool from the holder
          b   put the tool back
--------------------------------------------------------------------
  quit    e   stop and quit
--------------------------------------------------------------------
  in a run    e stop | m menu | g hand-guide | s sequence | t hold
--------------------------------------------------------------------
Choice [s/h/t/g/q/o/c/r/f/b/e]: 
-- selected: phase sequence ----------------------------------------

-- moving to q_init ------------------------------------------------
  case               horizontal_table_search
  q1..q7 [deg]     = [0.8, 12.1, -0.5, -130.9, -0.2, 142.9, 44.7] deg
  horizontal_table_search = [0.014777, 0.210911, -0.009320, -2.284835, -0.002725, 2.493410, 0.780694] rad
  q_init reached.

-- start pose ------------------------------------------------------
  q_start          = [0.8, 12.1, -0.5, -130.9, -0.2, 142.9, 44.7] deg
  p_start          = [    531.4,       2.6,     156.9] mm

====================================================================
  RUN
====================================================================

-- phase: approach_orient ------------------------------------------
  Kp [t1,t2,n]     = [    150.0,     150.0,     150.0] N/m
  Dp [t1,t2,n]     = [    126.5,     103.6,     128.3] Ns/m     auto (factor 1.90)
  KR [t1,t2,n]     = [     90.0,      90.0,      90.0] Nm/rad
  DR [t1,t2,n]     = [     13.5,      15.8,       2.0] Nms/rad  auto (factor 1.90)
orient:     t=  0.0 s | axis_err=  6.1 deg | spin_err=  0.8 deg
orient:     t=  0.2 s | axis_err=  5.4 deg | spin_err=  0.6 deg
orient:     t=  0.4 s | axis_err=  3.0 deg | spin_err=  0.1 deg
orient:     t=  0.6 s | axis_err=  2.1 deg | spin_err=  0.2 deg
orient:     t=  0.8 s | axis_err=  2.1 deg | spin_err=  0.2 deg
orient:     t=  1.0 s | axis_err=  2.1 deg | spin_err=  0.2 deg
orient:     t=  1.2 s | axis_err=  2.1 deg | spin_err=  0.2 deg
orient:     t=  1.4 s | axis_err=  2.1 deg | spin_err=  0.2 deg
orient:     t=  1.6 s | axis_err=  2.0 deg | spin_err=  0.2 deg
orient:     t=  1.8 s | axis_err=  2.0 deg | spin_err=  0.2 deg
orient:     t=  2.0 s | axis_err=  2.0 deg | spin_err=  0.2 deg
orient:     t=  2.2 s | axis_err=  2.0 deg | spin_err=  0.2 deg
orient:     t=  2.4 s | axis_err=  2.0 deg | spin_err=  0.2 deg
orient:     t=  2.6 s | axis_err=  2.0 deg | spin_err=  0.2 deg
orient:     t=  2.8 s | axis_err=  2.0 deg | spin_err=  0.2 deg
orient:     t=  3.0 s | axis_err=  2.0 deg | spin_err=  0.2 deg
orient:     t=  3.2 s | axis_err=  2.0 deg | spin_err=  0.2 deg
orient:     t=  3.4 s | axis_err=  2.0 deg | spin_err=  0.2 deg
orient:     t=  3.6 s | axis_err=  2.0 deg | spin_err=  0.2 deg
orient:     t=  3.8 s | axis_err=  2.0 deg | spin_err=  0.2 deg
orient:     t=  4.0 s | axis_err=  2.0 deg | spin_err=  0.2 deg
orient:     t=  4.2 s | axis_err=  2.0 deg | spin_err=  0.2 deg
orient:     t=  4.4 s | axis_err=  2.0 deg | spin_err=  0.2 deg
orient:     t=  4.6 s | axis_err=  2.0 deg | spin_err=  0.2 deg
orient:     t=  4.8 s | axis_err=  2.0 deg | spin_err=  0.2 deg

Orientation settled short of the 2.0 deg gate after 5.0 s: axis_err=2.0 deg | spin_err=0.2 deg

-- phase: approach_descend -----------------------------------------
  Kp [t1,t2,n]     = [    150.0,     150.0,     150.0] N/m
  Dp [t1,t2,n]     = [    126.5,     103.6,     128.3] Ns/m     auto (factor 1.90)
  KR [t1,t2,n]     = [     90.0,      90.0,      90.0] Nm/rad
  DR [t1,t2,n]     = [     13.5,      15.8,       2.0] Nms/rad  auto (factor 1.90)
  descend to         20 mm clearance at 0.100 m/s
descend:    t=  0.0 s | distance=   0.1 mm | height=+135.3 mm (target 20.0) | force=  0.0 N
descend:    t=  0.2 s | distance=  20.1 mm | height=+125.1 mm (target 20.0) | force=  1.0 N
descend:    t=  0.4 s | distance=  40.1 mm | height=+109.0 mm (target 20.0) | force=  0.4 N
descend:    t=  0.6 s | distance=  60.1 mm | height= +91.9 mm (target 20.0) | force=  1.0 N
descend:    t=  0.8 s | distance=  80.1 mm | height= +74.4 mm (target 20.0) | force=  0.6 N
descend:    t=  1.0 s | distance= 100.1 mm | height= +57.1 mm (target 20.0) | force=  2.2 N
descend:    t=  1.2 s | distance= 120.1 mm | height= +39.5 mm (target 20.0) | force=  1.0 N
descend:    t=  1.4 s | distance= 140.1 mm | height= +21.8 mm (target 20.0) | force=  2.1 N

[GATE] Reached 20 mm above the plane. Press Enter to start the set-up press (e+Enter stops).

-- gate hold -------------------------------------------------------
  Kp [x,y,z]       = [   5000.0,    5000.0,    5000.0] N/m
  Dp [x,y,z]       = [    206.5,     150.5,     244.0] Ns/m     auto
  KR [t1,t2,n]     = [     90.0,      90.0,      90.0] Nm/rad
  DR [t1,t2,n]     = [     12.0,      13.4,       1.8] Nms/rad  auto
[GATE] Continuing to the set-up press.

Clearance reached: distance=142.1 mm | height=19.8 mm | target=20.0 mm | force=0.9 N (not used for the switch)
  offset_ee        = [    -20.0,     -60.0,      20.0] mm
  p_EE_at_contact  = [    526.7,      -8.0,      42.3] mm
  contact_point    = [    506.4,      50.1,      -1.1] mm
  edge_offset      = [    -20.3,      58.1,     -43.4] mm

-- phase: set_up ---------------------------------------------------

-- set-up impedance ------------------------------------------------
  law                wrench = K_TCP*dx + D_TCP*dv
                     K_TCP  = Ad(r_c)^T * blkdiag(Kp,KR) * Ad(r_c)
  Kp [t1,t2,n]     = [   2000.0,    2000.0,     800.0] N/m
  Dp [t1,t2,n]     = [    219.6,     183.2,     171.2] Ns/m     auto
  KR [t1,t2,n]     = [      5.0,       5.0,      50.0] Nm/rad
  DR [t1,t2,n]     = [      1.6,       1.8,       0.8] Nms/rad  auto
  p_c [EE]         = [     25.3,      54.4,       2.3] mm       the pole on the tool, from p_EE
  r_c [t1,t2,n]    = [      0.0,     -60.0,       0.0] mm       commanded: p_TCP - p_c, in the plane
set_up:     t=  0.0 s | tip=  0.0 deg | F=  0.0 N | M=  0.0 Nm (limit 150.0) | edge= 19.7 mm
set_up:     t=  0.2 s | tip=  0.4 deg | F=  1.2 N | M=  1.3 Nm (limit 150.0) | edge= 11.3 mm
set_up:     t=  0.4 s | tip=  1.0 deg | F=  1.5 N | M=  1.5 Nm (limit 150.0) | edge=  5.7 mm
set_up:     t=  0.6 s | tip=  1.1 deg | F= 14.2 N | M=  8.2 Nm (limit 150.0) | edge=  2.8 mm
set_up:     t=  0.8 s | tip=  1.2 deg | F= 21.3 N | M= 12.0 Nm (limit 150.0) | edge=  2.7 mm
set_up:     t=  1.0 s | tip=  1.2 deg | F= 28.6 N | M= 15.8 Nm (limit 150.0) | edge=  2.7 mm
set_up:     t=  1.2 s | tip=  1.3 deg | F= 36.4 N | M= 19.9 Nm (limit 150.0) | edge=  2.7 mm
set_up:     t=  1.4 s | tip=  1.7 deg | F= 42.0 N | M= 23.1 Nm (limit 150.0) | edge=  2.8 mm
set_up:     t=  1.6 s | tip=  2.6 deg | F= 47.0 N | M= 25.9 Nm (limit 150.0) | edge=  2.9 mm
set_up:     t=  1.8 s | tip=  3.3 deg | F= 41.8 N | M= 23.4 Nm (limit 150.0) | edge=  3.1 mm
set_up:     t=  2.0 s | tip=  3.3 deg | F= 42.2 N | M= 23.5 Nm (limit 150.0) | edge=  3.2 mm
set_up:     t=  2.2 s | tip=  3.4 deg | F= 42.4 N | M= 23.6 Nm (limit 150.0) | edge=  3.2 mm
set_up:     t=  2.4 s | tip=  3.4 deg | F= 42.2 N | M= 23.5 Nm (limit 150.0) | edge=  3.2 mm
set_up:     t=  2.6 s | tip=  3.4 deg | F= 42.0 N | M= 23.5 Nm (limit 150.0) | edge=  3.1 mm
set_up:     t=  2.8 s | tip=  3.4 deg | F= 42.3 N | M= 23.7 Nm (limit 150.0) | edge=  3.1 mm
set_up:     t=  3.0 s | tip=  3.4 deg | F= 42.2 N | M= 23.6 Nm (limit 150.0) | edge=  3.1 mm
set_up:     t=  3.2 s | tip=  3.4 deg | F= 42.2 N | M= 23.6 Nm (limit 150.0) | edge=  3.1 mm
set_up:     t=  3.4 s | tip=  3.4 deg | F= 42.2 N | M= 23.6 Nm (limit 150.0) | edge=  3.1 mm
set_up:     t=  3.6 s | tip=  3.4 deg | F= 42.2 N | M= 23.6 Nm (limit 150.0) | edge=  3.1 mm
set_up:     t=  3.8 s | tip=  3.4 deg | F= 42.2 N | M= 23.6 Nm (limit 150.0) | edge=  3.1 mm
set_up:     t=  4.0 s | tip=  3.4 deg | F= 42.1 N | M= 23.6 Nm (limit 150.0) | edge=  3.1 mm
set_up:     t=  4.2 s | tip=  3.4 deg | F= 42.2 N | M= 23.6 Nm (limit 150.0) | edge=  3.1 mm
set_up:     t=  4.4 s | tip=  3.4 deg | F= 42.1 N | M= 23.6 Nm (limit 150.0) | edge=  3.1 mm
set_up:     t=  4.6 s | tip=  3.4 deg | F= 42.2 N | M= 23.6 Nm (limit 150.0) | edge=  3.1 mm
set_up:     t=  4.8 s | tip=  3.4 deg | F= 42.1 N | M= 23.6 Nm (limit 150.0) | edge=  3.1 mm

====================================================================
  SET-UP RESULT
====================================================================
  stop: time | t=5.0 s | tip=3.4 deg | F=42.2 N | M=23.6 Nm
  edge_from_contact = [-2.5, +1.5, +1.3] mm | norm=3.1 mm
  tcp_from_contact  = [+17.9, -58.4, +21.2] mm | norm=64.7 mm
  alignment: before=2.03 deg | after=1.34 deg | gain=+0.69 deg
  alignment components [t1,t2,n] deg: before=[-2.02,-0.21,+0.00] | after=[+1.34,-0.09,+0.00]

-- set-up surface-frame breakdown ----------------------------------
  frame              alignment-target [tangent1, tangent2, normal]
  force        [N]      = [    -2.64,     +0.81,    -42.09]
  tcp_disp     [mm]     = [    +1.76,     -1.17,    -22.23]
  edge_disp    [mm]     = [    +1.66,     -2.35,     +1.26]
  Kp_eff=F/tcp [N/m]    = [  -1498.4,    -696.6,    1893.6]
  moment@edge  [Nm]     = [   -15.40,    -19.65,     +0.42]
  tip_angle    [deg]    = [    +3.36,     +0.11,     +0.13]
  KR_eff=M/ang [Nm/rad] = [   -262.5,   -9856.4,     180.8]

-- centre of compliance --------------------------------------------
  definition         r_c = p_TCP - p_c
  p_TCP [x,y,z]    = [    526.7,      -8.0,      42.3] mm
  p_c [EE]         = [     25.3,      54.4,       2.3] mm
  r_c [t1,t2,n]    = [      0.0,     -60.0,       0.0] mm
                     p_c resolved at first contact

-- what the TCP feels ----------------------------------------------
  K_TCP translation = [   1999.6,    1999.1,     801.3] N/m
  K_TCP rotation   = [      7.4,       5.6,      57.1] Nm/rad
  commanded KR was = [      5.0,       5.0,      50.0] Nm/rad   the rest is the lever
  D_TCP translation = [    213.1,     189.7,     171.2] Ns/m
  D_TCP rotation   = [      2.1,       1.9,       1.6] Nms/rad
  coupling           max |moment per unit translation| = 108.7 Nm/m (K), 11.9 Nms/m (D)
  eigenvalues        K_TCP 4.98 .. 2007 | D_TCP 0.77 .. 220  (both positive: valid springs)

  K_TCP [N/m, Nm/rad | rows fx..mz, cols tx..rz]:
           tx        ty        tz    |    rx        ry        rz
  fx [    2000  -0.5725   -20.68 |    1.125    2.657    108.7 ]
  fy [ -0.5725     1999   -33.18 |  -0.3277   0.8422    50.75 ]
  fz [  -20.68   -33.18    801.3 |   -43.51   -20.38   -1.967 ]
     ---------------------------+---------------------------
  mx [   1.125  -0.3277   -43.51 |    7.378    1.128   0.8284 ]
  my [   2.657   0.8422   -20.38 |    1.128    5.555     1.41 ]
  mz [   108.7    50.75   -1.967 |   0.8284     1.41    57.15 ]

  D_TCP [Ns/m, Nms/rad]:
           tx        ty        tz    |    rx        ry        rz
  fx [   213.1    13.92   -1.108 |  0.04537   0.2553    11.93 ]
  fy [   13.92    189.7  -0.7533 |  -0.1613  0.03398    5.577 ]
  fz [  -1.108  -0.7533    171.2 |   -9.306   -4.351 -0.07935 ]
     ---------------------------+---------------------------
  mx [ 0.04537  -0.1613   -9.306 |    2.136   0.1681 -0.01452 ]
  my [  0.2553  0.03398   -4.351 |   0.1681    1.854 -0.01092 ]
  mz [   11.93    5.577 -0.07935 | -0.01452 -0.01092    1.564 ]

[GATE] Set up finished (holding the pressed pose). Press Enter to start the grind (e+Enter stops).

Stop requested with e + Enter. Finishing control loop...

-- joint motion [deg] ----------------------------------------------
  joint       start    final    delta
  q1            0.8     -2.9     -3.8
  q2           12.1     30.3    +18.2
  q3           -0.5      1.7     +2.2
  q4         -130.9   -129.5     +1.4
  q5           -0.2     -3.3     -3.1
  q6          142.9    158.7    +15.8
  q7           44.7     46.7     +2.0

====================================================================
  FINAL RESULT
====================================================================
  p_d              = [    525.4,     -10.2,     -37.5] mm
  p_EE             = [    524.3,      -8.3,      20.1] mm
  e_p              = [      1.1,      -1.9,     -57.6] mm
  e_R              = [    -2.99,     -1.52,      0.23] deg
--------------------------------------------------------------------
  position error     57.64 mm
  rotation error     3.37 deg
  csv                logs/surface_grinding_controller_log.csv
--------------------------------------------------------------------
