
====================================================================
  SURFACE GRINDING CONTROLLER
====================================================================
  robot              172.16.0.2
--------------------------------------------------------------------

Press Enter to recover and configure the robot.
  Robot recovered or already ready.

====================================================================
  STARTUP MODE
====================================================================
  run     s   run the phase sequence from q_init
          h   hold the q_init pose
          t   hold with the set-up impedance, to test those gains
          g   hand-guide the start pose, then choose
--------------------------------------------------------------------
  set up  q   go to q_init and inspect
          o   open the hand now
          c   grasp the tool now
          r   recalibrate the hand width, fingers empty
          f   fetch the tool from the holder
          b   put the tool back
--------------------------------------------------------------------
  quit    e   stop and quit
--------------------------------------------------------------------
  in a run    e stop | m menu | g hand-guide | s sequence | t hold
--------------------------------------------------------------------
Choice [s/h/t/g/q/o/c/r/f/b/e]: 
-- selected: phase sequence ----------------------------------------

-- moving to q_init ------------------------------------------------
  case               horizontal_table_search
  q1..q7 [deg]     = [0.8, 12.1, -0.5, -130.9, -0.2, 142.9, 44.7] deg
  horizontal_table_search = [0.014777, 0.210911, -0.009320, -2.284835, -0.002725, 2.493410, 0.780694] rad
  q_init reached.

-- start pose ------------------------------------------------------
  q_start          = [0.9, 12.1, -0.6, -130.9, -0.1, 142.9, 44.7] deg
  p_start          = [    531.3,       2.4,     156.9] mm

====================================================================
  RUN
====================================================================

-- phase: approach_orient ------------------------------------------
  Kp [t1,t2,n]     = [    150.0,     150.0,     150.0] N/m
  Dp [t1,t2,n]     = [    126.5,     103.6,     128.3] Ns/m     auto (factor 1.90)
  KR [t1,t2,n]     = [     90.0,      90.0,      90.0] Nm/rad
  DR [t1,t2,n]     = [     13.5,      15.8,       2.0] Nms/rad  auto (factor 1.90)
orient:     t=  0.0 s | axis_err=  8.6 deg | spin_err=  1.1 deg
orient:     t=  0.2 s | axis_err=  7.9 deg | spin_err=  0.5 deg
orient:     t=  0.4 s | axis_err=  5.6 deg | spin_err=  0.3 deg
orient:     t=  0.6 s | axis_err=  3.1 deg | spin_err=  0.3 deg
orient:     t=  0.8 s | axis_err=  2.4 deg | spin_err=  0.2 deg
orient:     t=  1.0 s | axis_err=  2.3 deg | spin_err=  0.3 deg
orient:     t=  1.2 s | axis_err=  2.2 deg | spin_err=  0.3 deg
orient:     t=  1.4 s | axis_err=  2.2 deg | spin_err=  0.3 deg
orient:     t=  1.6 s | axis_err=  2.2 deg | spin_err=  0.3 deg
orient:     t=  1.8 s | axis_err=  2.2 deg | spin_err=  0.3 deg
orient:     t=  2.0 s | axis_err=  2.2 deg | spin_err=  0.3 deg
orient:     t=  2.2 s | axis_err=  2.2 deg | spin_err=  0.3 deg
orient:     t=  2.4 s | axis_err=  2.2 deg | spin_err=  0.3 deg
orient:     t=  2.6 s | axis_err=  2.2 deg | spin_err=  0.3 deg
orient:     t=  2.8 s | axis_err=  2.2 deg | spin_err=  0.3 deg
orient:     t=  3.0 s | axis_err=  2.2 deg | spin_err=  0.3 deg
orient:     t=  3.2 s | axis_err=  2.2 deg | spin_err=  0.3 deg
orient:     t=  3.4 s | axis_err=  2.2 deg | spin_err=  0.3 deg
orient:     t=  3.6 s | axis_err=  2.2 deg | spin_err=  0.3 deg
orient:     t=  3.8 s | axis_err=  2.2 deg | spin_err=  0.3 deg
orient:     t=  4.0 s | axis_err=  2.2 deg | spin_err=  0.3 deg
orient:     t=  4.2 s | axis_err=  2.2 deg | spin_err=  0.3 deg
orient:     t=  4.4 s | axis_err=  2.2 deg | spin_err=  0.3 deg
orient:     t=  4.6 s | axis_err=  2.2 deg | spin_err=  0.3 deg
orient:     t=  4.8 s | axis_err=  2.2 deg | spin_err=  0.3 deg

Orientation settled short of the 2.0 deg gate after 5.0 s: axis_err=2.2 deg | spin_err=0.3 deg

-- phase: approach_descend -----------------------------------------
  Kp [t1,t2,n]     = [    150.0,     150.0,     150.0] N/m
  Dp [t1,t2,n]     = [    126.5,     103.6,     128.3] Ns/m     auto (factor 1.90)
  KR [t1,t2,n]     = [     90.0,      90.0,      90.0] Nm/rad
  DR [t1,t2,n]     = [     13.5,      15.8,       2.0] Nms/rad  auto (factor 1.90)
  descend to         20 mm clearance at 0.100 m/s
descend:    t=  0.0 s | distance=   0.1 mm | height=+134.4 mm (target 20.0) | force= -0.0 N
descend:    t=  0.2 s | distance=  20.1 mm | height=+123.8 mm (target 20.0) | force=  0.3 N
descend:    t=  0.4 s | distance=  40.1 mm | height=+107.1 mm (target 20.0) | force=  1.3 N
descend:    t=  0.6 s | distance=  60.1 mm | height= +90.0 mm (target 20.0) | force=  1.7 N
descend:    t=  0.8 s | distance=  80.1 mm | height= +72.4 mm (target 20.0) | force=  1.3 N
descend:    t=  1.0 s | distance= 100.1 mm | height= +54.5 mm (target 20.0) | force=  1.3 N
descend:    t=  1.2 s | distance= 120.1 mm | height= +36.0 mm (target 20.0) | force=  1.4 N

[GATE] Reached 20 mm above the plane. Press Enter to start the set-up press (e+Enter stops).

-- gate hold -------------------------------------------------------
  Kp [x,y,z]       = [   5000.0,    5000.0,    5000.0] N/m
  Dp [x,y,z]       = [    204.7,     150.8,     247.3] Ns/m     auto
  KR [t1,t2,n]     = [     90.0,      90.0,      90.0] Nm/rad
  DR [t1,t2,n]     = [     13.7,      12.0,       2.5] Nms/rad  auto
[GATE] Continuing to the set-up press.

Clearance reached: distance=137.4 mm | height=19.9 mm | target=20.0 mm | force=0.6 N (not used for the switch)
  offset_ee        = [    -20.0,      60.0,      20.0] mm
  p_EE_at_contact  = [    535.5,      11.8,      45.8] mm
  contact_point    = [    516.3,     -47.4,       1.4] mm
  edge_offset      = [    -19.1,     -59.2,     -44.4] mm

-- phase: set_up ---------------------------------------------------

-- set-up impedance ------------------------------------------------
  law                wrench = K_TCP*dx + D_TCP*dv
                     K_TCP  = Ad(r_c)^T * blkdiag(Kp,KR) * Ad(r_c)
  Kp [t1,t2,n]     = [   2000.0,    2000.0,     800.0] N/m
  Dp [t1,t2,n]     = [    213.1,     186.8,     172.4] Ns/m     auto
  KR [t1,t2,n]     = [      5.0,       5.0,      50.0] Nm/rad
  DR [t1,t2,n]     = [      1.8,       1.6,       1.1] Nms/rad  auto
  p_c [EE]         = [     35.8,     -44.5,      27.2] mm       the pole on the tool, from p_EE
  r_c [t1,t2,n]    = [     54.4,      25.4,      20.0] mm       commanded: p_TCP - p_c, in the plane
set_up:     t=  0.0 s | tip=  0.0 deg | F=  0.1 N | M=  0.0 Nm (limit 150.0) | edge= 19.8 mm
set_up:     t=  0.2 s | tip=  0.3 deg | F=  1.6 N | M=  1.8 Nm (limit 150.0) | edge= 10.7 mm
set_up:     t=  0.4 s | tip=  0.8 deg | F=  1.9 N | M=  1.9 Nm (limit 150.0) | edge=  4.4 mm
set_up:     t=  0.6 s | tip=  1.1 deg | F= 12.5 N | M=  7.8 Nm (limit 150.0) | edge=  1.9 mm
set_up:     t=  0.8 s | tip=  1.2 deg | F= 19.6 N | M= 11.7 Nm (limit 150.0) | edge=  2.1 mm
set_up:     t=  1.0 s | tip=  1.2 deg | F= 27.4 N | M= 16.0 Nm (limit 150.0) | edge=  2.2 mm
set_up:     t=  1.2 s | tip=  1.3 deg | F= 35.4 N | M= 20.4 Nm (limit 150.0) | edge=  2.4 mm
set_up:     t=  1.4 s | tip=  1.4 deg | F= 42.5 N | M= 24.3 Nm (limit 150.0) | edge=  2.6 mm
set_up:     t=  1.6 s | tip=  1.6 deg | F= 50.3 N | M= 28.7 Nm (limit 150.0) | edge=  2.8 mm
set_up:     t=  1.8 s | tip=  1.8 deg | F= 43.0 N | M= 24.7 Nm (limit 150.0) | edge=  2.7 mm
set_up:     t=  2.0 s | tip=  2.0 deg | F= 43.1 N | M= 24.9 Nm (limit 150.0) | edge=  2.8 mm
set_up:     t=  2.2 s | tip=  2.1 deg | F= 42.4 N | M= 24.5 Nm (limit 150.0) | edge=  2.7 mm
set_up:     t=  2.4 s | tip=  2.2 deg | F= 42.3 N | M= 24.4 Nm (limit 150.0) | edge=  2.7 mm
set_up:     t=  2.6 s | tip=  2.4 deg | F= 42.5 N | M= 24.6 Nm (limit 150.0) | edge=  2.8 mm
set_up:     t=  2.8 s | tip=  2.5 deg | F= 42.0 N | M= 24.3 Nm (limit 150.0) | edge=  2.9 mm
set_up:     t=  3.0 s | tip=  2.6 deg | F= 42.6 N | M= 24.6 Nm (limit 150.0) | edge=  2.8 mm
set_up:     t=  3.2 s | tip=  2.7 deg | F= 41.9 N | M= 24.2 Nm (limit 150.0) | edge=  2.7 mm
set_up:     t=  3.4 s | tip=  2.8 deg | F= 42.2 N | M= 24.4 Nm (limit 150.0) | edge=  2.7 mm
set_up:     t=  3.6 s | tip=  2.9 deg | F= 42.3 N | M= 24.4 Nm (limit 150.0) | edge=  2.7 mm
set_up:     t=  3.8 s | tip=  3.0 deg | F= 42.1 N | M= 24.4 Nm (limit 150.0) | edge=  2.9 mm
set_up:     t=  4.0 s | tip=  3.2 deg | F= 41.3 N | M= 23.9 Nm (limit 150.0) | edge=  2.8 mm
set_up:     t=  4.2 s | tip=  3.2 deg | F= 41.2 N | M= 23.9 Nm (limit 150.0) | edge=  2.7 mm
set_up:     t=  4.4 s | tip=  3.3 deg | F= 40.6 N | M= 23.5 Nm (limit 150.0) | edge=  2.6 mm
set_up:     t=  4.6 s | tip=  3.4 deg | F= 41.0 N | M= 23.8 Nm (limit 150.0) | edge=  2.6 mm
set_up:     t=  4.8 s | tip=  3.5 deg | F= 40.9 N | M= 23.8 Nm (limit 150.0) | edge=  2.6 mm

====================================================================
  SET-UP RESULT
====================================================================
  stop: time | t=5.0 s | tip=3.5 deg | F=40.7 N | M=23.6 Nm
  edge_from_contact = [-1.7, -1.5, -1.3] mm | norm=2.6 mm
  tcp_from_contact  = [+17.6, +58.4, +19.5] mm | norm=64.1 mm
  alignment: before=6.86 deg | after=3.78 deg | gain=+3.07 deg
  alignment components [t1,t2,n] deg: before=[+1.84,-6.60,+0.00] | after=[-0.17,-3.78,+0.00]

-- set-up surface-frame breakdown ----------------------------------
  frame              alignment-target [tangent1, tangent2, normal]
  force        [N]      = [    -3.35,     -0.15,    -40.57]
  tcp_disp     [mm]     = [    +1.07,     -0.38,    -24.92]
  edge_disp    [mm]     = [    +2.13,     +0.64,     -1.41]
  Kp_eff=F/tcp [N/m]    = [  -3124.4,     406.5,    1627.9]
  moment@edge  [Nm]     = [    -6.27,    -23.97,     +0.60]
  tip_angle    [deg]    = [    -2.04,     +2.82,     -0.20]
  KR_eff=M/ang [Nm/rad] = [    176.4,    -486.8,    -176.4]

-- centre of compliance --------------------------------------------
  definition         r_c = p_TCP - p_c
  p_TCP [x,y,z]    = [    535.5,      11.8,      45.8] mm
  p_c [EE]         = [     35.8,     -44.5,      27.2] mm
  r_c [t1,t2,n]    = [     54.4,      25.4,      20.0] mm
                     p_c resolved at first contact

-- what the TCP feels ----------------------------------------------
  K_TCP translation = [   1999.6,    1999.1,     801.3] N/m
  K_TCP rotation   = [      7.6,       7.1,      57.0] Nm/rad
  commanded KR was = [      5.0,       5.0,      50.0] Nm/rad   the rest is the lever
  D_TCP translation = [    208.3,     191.5,     172.4] Ns/m
  D_TCP rotation   = [      2.2,       2.0,       1.7] Nms/rad
  coupling           max |moment per unit translation| = 90.9 Nm/m (K), 9.1 Nms/m (D)
  eigenvalues        K_TCP 4.98 .. 2008 | D_TCP 1.06 .. 213  (both positive: valid springs)

  K_TCP [N/m, Nm/rad | rows fx..mz, cols tx..rz]:
           tx        ty        tz    |    rx        ry        rz
  fx [    2000  -0.5725   -20.68 |  -0.9524   -43.06   -90.89 ]
  fy [ -0.5725     1999   -33.18 |    42.32    1.278    76.26 ]
  fz [  -20.68   -33.18    801.3 |    35.68    -30.1  -0.3253 ]
     ---------------------------+---------------------------
  mx [ -0.9524    42.32    35.68 |    7.563   -1.318    2.433 ]
  my [  -43.06    1.278    -30.1 |   -1.318    7.126    3.249 ]
  mz [  -90.89    76.26  -0.3253 |    2.433    3.249    56.99 ]

  D_TCP [Ns/m, Nms/rad]:
           tx        ty        tz    |    rx        ry        rz
  fx [   208.3    10.06   -0.899 |   0.1797   -4.534   -9.083 ]
  fy [   10.06    191.5  -0.7022 |    4.166  -0.1938    6.844 ]
  fz [  -0.899  -0.7022    172.4 |    7.819   -6.554  0.01408 ]
     ---------------------------+---------------------------
  mx [  0.1797    4.166    7.819 |    2.227  -0.2149   0.1359 ]
  my [  -4.534  -0.1938   -6.554 |  -0.2149    1.983   0.1813 ]
  mz [  -9.083    6.844  0.01408 |   0.1359   0.1813    1.737 ]

[GATE] Set up finished (holding the pressed pose). Press Enter to start the grind (e+Enter stops).

Stop requested with e + Enter. Finishing control loop...

-- joint motion [deg] ----------------------------------------------
  joint       start    final    delta
  q1            0.9      6.8     +5.9
  q2           12.1     30.8    +18.7
  q3           -0.6     -4.5     -4.0
  q4         -130.9   -130.2     +0.8
  q5           -0.1      7.3     +7.4
  q6          142.9    163.6    +20.7
  q7           44.7     41.3     -3.5

====================================================================
  FINAL RESULT
====================================================================
  p_d              = [    534.1,       9.6,     -34.0] mm
  p_EE             = [    533.9,      11.0,      21.0] mm
  e_p              = [      0.2,      -1.4,     -54.9] mm
  e_R              = [     3.04,     -1.70,     -0.20] deg
--------------------------------------------------------------------
  position error     54.94 mm
  rotation error     3.49 deg
  csv                logs/surface_grinding_controller_log.csv
--------------------------------------------------------------------
