
Press Enter to recover and configure the robot.
Robot recovered or already ready.
Collision: custom thresholds.

=== Startup choice ===
  q = go to q_init (from params/common.txt), then choose again
  g = guiding mode: go to q_init, then hand-guide to your pose;
      use s+Enter for sequence or h+Enter for hold
  o = open the Franka hand now (release/load tool), then choose again
  c = close/grasp the tool now, then choose again
  r = continue to run mode (available after q_init is reached)
Choice [q/g/o/c/r, Enter = q]: Moving to q_init...
q_init reached.

=== Startup choice ===
  q = go to q_init (from params/common.txt), then choose again
  g = guiding mode: go to q_init, then hand-guide to your pose;
      use s+Enter for sequence or h+Enter for hold
  o = open the Franka hand now (release/load tool), then choose again
  c = close/grasp the tool now, then choose again
  r = continue to run mode
Choice [q/g/o/c/r, Enter = q]: Opening gripper to 80.0 mm...
Gripper opened.

=== Startup choice ===
  q = go to q_init (from params/common.txt), then choose again
  g = guiding mode: go to q_init, then hand-guide to your pose;
      use s+Enter for sequence or h+Enter for hold
  o = open the Franka hand now (release/load tool), then choose again
  c = close/grasp the tool now, then choose again
  r = continue to run mode
Choice [q/g/o/c/r, Enter = q]: Grasping tool: width 70.0 mm, force 60.0 N...
Gripper closed on the tool.

=== Startup choice ===
  q = go to q_init (from params/common.txt), then choose again
  g = guiding mode: go to q_init, then hand-guide to your pose;
      use s+Enter for sequence or h+Enter for hold
  o = open the Franka hand now (release/load tool), then choose again
  c = close/grasp the tool now, then choose again
  r = continue to run mode
Choice [q/g/o/c/r, Enter = q]: 
=== Run mode ===
  s = phase sequence (approach / set up / grind)
  h = hold at the start pose
Choice [s/h, Enter = s]: Selected: phase sequence. Nullspace mode from parameters: nullspace_damping_plus_sigma.

=== Setup ===
run: phase sequence | approach_orient: on | nullspace: nullspace_damping_plus_sigma
nullspace parameters: d_null=2.000 | k_sigma=1.000 Nm | alpha=0.0800 rad
hold: Kp=300.0 N/m | KR=40.0 Nm/rad | damping=auto translation+rotation (factor fitted online toward Dp=50.0 Ns/m)
manual_guidance_start: off | manual_damping=0.50
descend: clearance=20.0 mm | speed=0.100 m/s | max_distance=640 mm
alignment push: start=captured | end=+180 mm | speed=0.050 m/s | ramp_time~=4.0 s | timeout=12.0 s | moment_threshold=150.0 Nm
grind: sweep | axis=tangent2 | amplitude=30 mm | frequency=0.20 Hz
coupled stiffness: apply=on | saved=yes | pole=manual
gates: pause_before_set_up=on | pause_auto_damping=on | pause_before_grind=off | debug_period=0.20 s
alignment-target normal=[+0.087, -0.000, +0.996] | tilt a(x)=0.0 deg, b(y)=5.0 deg (from angles)
tool face: 40 x 120 mm | center offset EE=[+0.0, +0.0, +20.0] mm
Press e+Enter to stop the controller before the duration expires.
During hold: press g+Enter to hand-guide the tool, then p+Enter to recapture and resume hold.
experiment_duration <= 0: running indefinitely until e + Enter.

=== Start pose ===
q_start = [-2.7, 18.1, -5.1, -122.8, 17.6, 139.5, 26.8] deg
p_start = [565.1, -59.5, 151.2] mm

=== Run ===
phase: approach_orient
orient:     t=  0.0 s | axis_err= 11.5 deg | rot_err= 11.5 deg
approach Dp        auto=[ 134.14,   97.25,  122.27]  manual=[  20.00,   20.00,   20.00] Ns/m
approach DR        auto=[  12.73,   16.36,    4.08]  manual=[  12.00,   12.00,   12.00] Nms/rad
orient:     t=  0.2 s | axis_err=  4.5 deg | rot_err=  4.5 deg
orient:     t=  0.4 s | axis_err=  2.3 deg | rot_err=  2.3 deg

Orientation reached: axis_err=1.9 deg
phase: approach_descend
descend:    t=  0.0 s | distance=   0.1 mm | height= +97.7 mm (target 20.0) | force= -0.0 N
descend:    t=  0.2 s | distance=  20.1 mm | height= +85.7 mm (target 20.0) | force=  0.7 N
descend:    t=  0.4 s | distance=  40.1 mm | height= +68.9 mm (target 20.0) | force=  1.8 N
descend:    t=  0.6 s | distance=  60.2 mm | height= +51.2 mm (target 20.0) | force=  2.2 N
descend:    t=  0.8 s | distance=  80.3 mm | height= +33.4 mm (target 20.0) | force=  2.0 N

[GATE] Reached 20 mm above the plane. Press Enter to start the set-up press (e+Enter stops).
pause auto damping: fitted Dp factor=0.551, DR factor=1.960
pause Dp [xyz]     auto=[ 206.58,  155.24,  224.86]  manual=[ 200.00,  200.00,  200.00] Ns/m
pause DR [t1t2n]   auto=[  11.73,   17.28,    2.04]  manual=[  12.73,   16.36,    4.08] Nms/rad
[GATE] Continuing to the set-up press.
descend:    t=  3.4 s | distance=  95.4 mm | height= +19.5 mm (target 20.0) | force=  0.8 N

Clearance reached: distance=95.4 mm | height=19.5 mm | target=20.0 mm | force=0.8 N (not used for the switch)
offset_ee = [20.0, 60.0, 20.0] mm
p_EE_at_contact = [546.4, -65.6, 65.5] mm
contact_point = [560.1, -126.3, 24.1] mm
edge_offset_base = [13.7, -60.7, -41.4] mm
phase: set_up
set_up Dp [xyz]    auto=[ 237.07,  178.18,  108.09]  manual=[  10.00,   10.00,  175.00] Ns/m
set_up DR [t1t2n]  auto=[   1.41,    2.07,    0.77]  manual=[  10.01,   10.01,   10.00] Nms/rad
set_up:     t=  0.0 s | tip=  0.0 deg | F=  0.0 N | M=  0.0 Nm (limit 150.0) | edge= 19.5 mm
set_up:     t=  0.2 s | tip=  0.6 deg | F=  1.0 N | M=  0.5 Nm (limit 150.0) | edge= 13.4 mm
set_up:     t=  0.4 s | tip=  1.2 deg | F=  1.8 N | M=  0.8 Nm (limit 150.0) | edge=  6.4 mm
set_up:     t=  0.6 s | tip=  1.8 deg | F=  2.5 N | M=  1.0 Nm (limit 150.0) | edge=  5.8 mm
set_up:     t=  0.8 s | tip=  2.4 deg | F=  1.6 N | M=  0.5 Nm (limit 150.0) | edge= 13.7 mm
set_up:     t=  1.0 s | tip=  2.6 deg | F= 12.3 N | M=  6.7 Nm (limit 150.0) | edge= 20.2 mm
set_up:     t=  1.2 s | tip=  2.6 deg | F= 12.0 N | M=  6.6 Nm (limit 150.0) | edge= 20.2 mm
set_up:     t=  1.4 s | tip=  2.6 deg | F= 15.9 N | M=  8.8 Nm (limit 150.0) | edge= 20.4 mm
set_up:     t=  1.6 s | tip=  2.6 deg | F= 19.5 N | M= 10.7 Nm (limit 150.0) | edge= 20.6 mm
set_up:     t=  1.8 s | tip=  2.6 deg | F= 23.2 N | M= 12.5 Nm (limit 150.0) | edge= 21.0 mm
set_up:     t=  2.0 s | tip=  2.6 deg | F= 26.9 N | M= 14.2 Nm (limit 150.0) | edge= 21.3 mm
set_up:     t=  2.2 s | tip=  2.7 deg | F= 30.1 N | M= 15.8 Nm (limit 150.0) | edge= 21.5 mm
set_up:     t=  2.4 s | tip=  2.7 deg | F= 33.6 N | M= 17.9 Nm (limit 150.0) | edge= 21.9 mm
set_up:     t=  2.6 s | tip=  2.7 deg | F= 37.3 N | M= 19.8 Nm (limit 150.0) | edge= 22.2 mm
set_up:     t=  2.8 s | tip=  2.7 deg | F= 41.4 N | M= 21.9 Nm (limit 150.0) | edge= 22.3 mm
set_up:     t=  3.0 s | tip=  2.7 deg | F= 45.4 N | M= 24.0 Nm (limit 150.0) | edge= 22.5 mm
set_up:     t=  3.2 s | tip=  2.7 deg | F= 49.1 N | M= 25.8 Nm (limit 150.0) | edge= 22.6 mm
set_up:     t=  3.4 s | tip=  2.8 deg | F= 52.8 N | M= 27.6 Nm (limit 150.0) | edge= 22.8 mm
set_up:     t=  3.6 s | tip=  2.8 deg | F= 56.7 N | M= 29.6 Nm (limit 150.0) | edge= 23.0 mm
set_up:     t=  3.8 s | tip=  2.8 deg | F= 60.4 N | M= 31.6 Nm (limit 150.0) | edge= 23.1 mm
set_up:     t=  4.0 s | tip=  2.8 deg | F= 64.4 N | M= 33.5 Nm (limit 150.0) | edge= 23.3 mm
set_up:     t=  4.2 s | tip=  2.8 deg | F= 60.9 N | M= 31.6 Nm (limit 150.0) | edge= 23.2 mm
set_up:     t=  4.4 s | tip=  2.8 deg | F= 60.9 N | M= 31.6 Nm (limit 150.0) | edge= 23.2 mm
set_up:     t=  4.6 s | tip=  2.8 deg | F= 60.9 N | M= 31.6 Nm (limit 150.0) | edge= 23.2 mm
set_up:     t=  4.8 s | tip=  2.8 deg | F= 60.9 N | M= 31.6 Nm (limit 150.0) | edge= 23.2 mm
set_up:     t=  5.0 s | tip=  2.8 deg | F= 60.9 N | M= 31.6 Nm (limit 150.0) | edge= 23.2 mm
set_up:     t=  5.2 s | tip=  2.8 deg | F= 60.8 N | M= 31.6 Nm (limit 150.0) | edge= 23.2 mm
set_up:     t=  5.4 s | tip=  2.8 deg | F= 60.8 N | M= 31.6 Nm (limit 150.0) | edge= 23.2 mm
set_up:     t=  5.6 s | tip=  2.8 deg | F= 60.8 N | M= 31.6 Nm (limit 150.0) | edge= 23.2 mm
set_up:     t=  5.8 s | tip=  2.8 deg | F= 60.8 N | M= 31.5 Nm (limit 150.0) | edge= 23.2 mm
set_up:     t=  6.0 s | tip=  2.8 deg | F= 60.8 N | M= 31.6 Nm (limit 150.0) | edge= 23.2 mm
set_up:     t=  6.2 s | tip=  2.8 deg | F= 60.8 N | M= 31.5 Nm (limit 150.0) | edge= 23.2 mm
set_up:     t=  6.4 s | tip=  2.8 deg | F= 60.8 N | M= 31.5 Nm (limit 150.0) | edge= 23.2 mm
set_up:     t=  6.6 s | tip=  2.8 deg | F= 60.7 N | M= 31.5 Nm (limit 150.0) | edge= 23.2 mm
set_up:     t=  6.8 s | tip=  2.8 deg | F= 60.9 N | M= 31.6 Nm (limit 150.0) | edge= 23.2 mm
set_up:     t=  7.0 s | tip=  2.8 deg | F= 60.8 N | M= 31.5 Nm (limit 150.0) | edge= 23.2 mm
set_up:     t=  7.2 s | tip=  2.8 deg | F= 60.7 N | M= 31.5 Nm (limit 150.0) | edge= 23.2 mm
set_up:     t=  7.4 s | tip=  2.8 deg | F= 60.8 N | M= 31.6 Nm (limit 150.0) | edge= 23.2 mm
set_up:     t=  7.6 s | tip=  2.8 deg | F= 60.9 N | M= 31.6 Nm (limit 150.0) | edge= 23.2 mm
set_up:     t=  7.8 s | tip=  2.8 deg | F= 61.0 N | M= 31.7 Nm (limit 150.0) | edge= 23.2 mm
set_up:     t=  8.0 s | tip=  2.8 deg | F= 60.8 N | M= 31.6 Nm (limit 150.0) | edge= 23.2 mm
set_up:     t=  8.2 s | tip=  2.8 deg | F= 60.8 N | M= 31.6 Nm (limit 150.0) | edge= 23.2 mm
set_up:     t=  8.4 s | tip=  2.8 deg | F= 60.8 N | M= 31.6 Nm (limit 150.0) | edge= 23.2 mm
set_up:     t=  8.6 s | tip=  2.8 deg | F= 60.8 N | M= 31.6 Nm (limit 150.0) | edge= 23.2 mm
set_up:     t=  8.8 s | tip=  2.8 deg | F= 60.8 N | M= 31.6 Nm (limit 150.0) | edge= 23.2 mm
set_up:     t=  9.0 s | tip=  2.8 deg | F= 60.8 N | M= 31.6 Nm (limit 150.0) | edge= 23.2 mm
set_up:     t=  9.2 s | tip=  2.8 deg | F= 60.8 N | M= 31.6 Nm (limit 150.0) | edge= 23.2 mm
set_up:     t=  9.4 s | tip=  2.8 deg | F= 60.8 N | M= 31.6 Nm (limit 150.0) | edge= 23.2 mm
set_up:     t=  9.6 s | tip=  2.8 deg | F= 60.8 N | M= 31.6 Nm (limit 150.0) | edge= 23.2 mm
set_up:     t=  9.8 s | tip=  2.8 deg | F= 60.9 N | M= 31.6 Nm (limit 150.0) | edge= 23.2 mm
set_up:     t= 10.0 s | tip=  2.8 deg | F= 60.8 N | M= 31.6 Nm (limit 150.0) | edge= 23.2 mm
set_up:     t= 10.2 s | tip=  2.8 deg | F= 60.8 N | M= 31.6 Nm (limit 150.0) | edge= 23.2 mm
set_up:     t= 10.4 s | tip=  2.8 deg | F= 60.8 N | M= 31.6 Nm (limit 150.0) | edge= 23.2 mm
set_up:     t= 10.6 s | tip=  2.8 deg | F= 60.8 N | M= 31.6 Nm (limit 150.0) | edge= 23.2 mm
set_up:     t= 10.8 s | tip=  2.8 deg | F= 60.9 N | M= 31.7 Nm (limit 150.0) | edge= 23.3 mm
set_up:     t= 11.0 s | tip=  2.8 deg | F= 61.0 N | M= 31.8 Nm (limit 150.0) | edge= 23.3 mm
set_up:     t= 11.2 s | tip=  2.8 deg | F= 61.0 N | M= 31.8 Nm (limit 150.0) | edge= 23.3 mm
set_up:     t= 11.4 s | tip=  2.8 deg | F= 61.0 N | M= 31.7 Nm (limit 150.0) | edge= 23.3 mm
set_up:     t= 11.6 s | tip=  2.8 deg | F= 61.1 N | M= 31.8 Nm (limit 150.0) | edge= 23.3 mm
set_up:     t= 11.8 s | tip=  2.8 deg | F= 61.1 N | M= 31.8 Nm (limit 150.0) | edge= 23.3 mm

=== Set-up result ===
stop: time | t=12.0 s | tip=2.8 deg | F=61.1 N | M=31.8 Nm
edge_from_contact = [-8.3, +0.3, -21.7] mm | norm=23.3 mm
tcp_from_contact  = [-22.1, +60.9, +1.3] mm | norm=64.9 mm
alignment: before=0.47 deg | after=3.02 deg | gain=-2.54 deg

=== Set-up surface-frame breakdown ===
frame: alignment-target [tangent1, tangent2, normal]
force        [N]      = [   -13.78,     +0.31,    -59.51]
tcp_disp     [mm]     = [    -4.91,     +0.28,    -40.72]
edge_disp    [mm]     = [    -6.38,     +0.29,    -22.37]
Kp_eff=F/tcp [N/m]    = [   2807.9,    1115.2,    1461.4]
moment@edge  [Nm]     = [    +3.38,    +29.78,     -0.62]
tip_angle    [deg]    = [    -0.37,     -2.74,     +0.43]
KR_eff=M/ang [Nm/rad] = [   -528.9,    -621.9,     -82.9]

finite_axis: angle=2.8 deg | axis_from_edge=[-438.6, +78.5, +156.3] mm | dir=[+0.117, +0.979, -0.165] | pitch=+59.2 mm/rad

=== Coupled stiffness from the measured pole ===
source spring K_pole/D_pole (diagonal, from parameters):
  Kp [N/m]     = [2000, 2000, 350]
  KR [Nm/rad]  = [5, 5, 50]
  Dp [Ns/m]    = [10, 10, 175]
  DR [Nms/rad] = [10.01, 10.01, 10]

poles compared (lever r_c = TCP - pole):
  (A) measured axis : angle=2.8 deg | pitch=+59.2 mm/rad
      pole_from_edge = [-429.9, 81.1, 177.6] mm
      r_c            = [416.1, -20.4, -154.6] mm
  (B) manual pole   : COMMANDED this run, contact reference
      pole_from_edge = [15.3, -0.3, 101.4] mm
      r_c            = [-20.7, 60.7, -38.3] mm
      r_c(B)-r_c(A)  = [-436.8, 81.1, 116.3] mm

K_TCP = Ad^T K_pole Ad  [rows fx..mz | cols tx..rz]:
  (A) measured axis:
           tx        ty        tz    |    rx        ry        rz
  fx [    2000        0        0 |        0    309.2   -40.86 ]
  fy [       0     2000        0 |   -309.2        0   -832.2 ]
  fz [       0        0      350 |     7.15    145.6        0 ]
     ---------------------------+---------------------------
  mx [       0   -309.2     7.15 |    53.29    2.975    132.6 ]
  my [   309.2        0    145.6 |    2.975    113.4   -6.317 ]
  mz [  -40.86   -832.2        0 |    132.6   -6.317    396.8 ]
  (A) K_TCP eigenvalues = [4.168, 4.93, 42.21, 409.7, 2050, 2403] -> PSD ok (>=0) (min=4.168)
  (B) manual pole:
           tx        ty        tz    |    rx        ry        rz
  fx [    2000        0        0 |        0    76.59    121.3 ]
  fy [       0     2000        0 |   -76.59        0    41.34 ]
  fz [       0        0      350 |   -21.24   -7.235        0 ]
     ---------------------------+---------------------------
  mx [       0   -76.59   -21.24 |    9.563    0.439    2.324 ]
  my [   76.59        0   -7.235 |    0.439    8.083    4.647 ]
  mz [   121.3    41.34        0 |    2.324    4.647    57.87 ]
  (B) K_TCP eigenvalues = [4.972, 4.992, 49.8, 351.5, 2003, 2011] -> PSD ok (>=0) (min=4.972)

D_TCP = Ad^T D_pole Ad:
  (A) measured axis:
           tx        ty        tz    |    rx        ry        rz
  fx [   237.1        0        0 |        0    36.65   -4.843 ]
  fy [       0    178.2        0 |   -27.55        0   -74.14 ]
  fz [       0        0    108.1 |    2.208    44.98        0 ]
     ---------------------------+---------------------------
  mx [       0   -27.55    2.208 |    5.709   0.9189    11.41 ]
  my [   36.65        0    44.98 |   0.9189    26.46  -0.7488 ]
  mz [  -4.843   -74.14        0 |    11.41  -0.7488    31.73 ]
  (A) D_TCP eigenvalues = [0.653, 1.395, 1.728, 126.2, 213.3, 243.9] -> PSD ok (>=0) (min=0.653)
  (B) manual pole:
           tx        ty        tz    |    rx        ry        rz
  fx [   237.1        0        0 |        0    9.079    14.38 ]
  fy [       0    178.2        0 |   -6.823        0    3.683 ]
  fz [       0        0    108.1 |   -6.558   -2.234        0 ]
     ---------------------------+---------------------------
  mx [       0   -6.823   -6.558 |    2.064   0.1356  -0.1962 ]
  my [   9.079        0   -2.234 |   0.1356    2.467   0.5508 ]
  mz [   14.38    3.683        0 |  -0.1962   0.5508    1.728 ]
  (B) D_TCP eigenvalues = [0.7717, 1.402, 2.069, 108.5, 178.5, 238.3] -> PSD ok (>=0) (min=0.7717)
phase: grind

Stop requested with e + Enter. Finishing control loop...

Joint motion [deg]:
joint    start   final   delta
------------------------------
q1       -2.7    -7.2    -4.5
q2       18.1    32.8    14.7
q3       -5.1    -1.6     3.5
q4     -122.8  -121.1     1.7
q5       17.6    -1.9   -19.5
q6      139.5   145.9     6.4
q7       26.8    40.5    13.7

=== Final result ===
p_d = [529.0, -95.5, -133.3] mm
p_EE = [534.3, -86.8, 25.1] mm
e_p = [-5.3, -8.7, -158.3] mm
position_error = 158.64 mm
e_R = [1.18, -3.04, -0.13] deg
rotation_error = 3.26 deg
csv: surface_grinding_controller_log.csv
