
Press Enter to recover and configure the robot.
Robot recovered or already ready.
Collision: custom thresholds.

=== Startup choice ===
  q = go to q_init (from params/common.txt), then choose again
  g = guiding mode: go to q_init, then hand-guide to your pose;
      use s+Enter for sequence or h+Enter for hold
  o = open the Franka hand now (release/load tool), then choose again
  c = close/grasp the tool now, then choose again
  r = continue to run mode (available after q_init is reached)
Choice [q/g/o/c/r, Enter = q]: Reach q_init with q before continuing.

=== Startup choice ===
  q = go to q_init (from params/common.txt), then choose again
  g = guiding mode: go to q_init, then hand-guide to your pose;
      use s+Enter for sequence or h+Enter for hold
  o = open the Franka hand now (release/load tool), then choose again
  c = close/grasp the tool now, then choose again
  r = continue to run mode (available after q_init is reached)
Choice [q/g/o/c/r, Enter = q]: Moving to q_init...
q_init reached.

=== Startup choice ===
  q = go to q_init (from params/common.txt), then choose again
  g = guiding mode: go to q_init, then hand-guide to your pose;
      use s+Enter for sequence or h+Enter for hold
  o = open the Franka hand now (release/load tool), then choose again
  c = close/grasp the tool now, then choose again
  r = continue to run mode
Choice [q/g/o/c/r, Enter = q]: 
=== Run mode ===
  s = phase sequence (approach / set up / grind)
  h = hold at the start pose
Choice [s/h, Enter = s]: Selected: phase sequence. Nullspace mode from parameters: nullspace_damping_plus_sigma.

=== Setup ===
run: phase sequence | approach_orient: on | nullspace: nullspace_damping_plus_sigma
nullspace parameters: d_null=2.000 | k_sigma=1.000 Nm | alpha=0.0800 rad
hold: Kp=300.0 N/m | KR=40.0 Nm/rad | damping=auto translation+rotation (factor fitted online toward Dp=50.0 Ns/m)
manual_guidance_start: off | manual_damping=0.50
descend: clearance=20.0 mm | speed=0.100 m/s | max_distance=640 mm
alignment push: start=captured | end=+180 mm | speed=0.050 m/s | ramp_time~=4.0 s | timeout=12.0 s | moment_threshold=150.0 Nm
grind: sweep | axis=tangent2 | amplitude=30 mm | frequency=0.20 Hz
coupled stiffness: apply=off | saved=yes | pole=manual
gates: pause_before_set_up=on | pause_auto_damping=on | pause_before_grind=off | debug_period=0.20 s
alignment-target normal=[+0.087, -0.000, +0.996] | tilt a(x)=0.0 deg, b(y)=5.0 deg (from angles)
tool face: 40 x 120 mm | center offset EE=[+0.0, +0.0, +20.0] mm
Gripper already holding the tool (width 65.1 mm); keeping grasp.
Press e+Enter to stop the controller before the duration expires.
During hold: press g+Enter to hand-guide the tool, then p+Enter to recapture and resume hold.
experiment_duration <= 0: running indefinitely until e + Enter.

=== Start pose ===
q_start = [-2.8, 18.1, -5.1, -122.8, 17.5, 139.5, 26.8] deg
p_start = [565.1, -59.5, 151.1] mm

=== Run ===
phase: approach_orient
orient:     t=  0.0 s | axis_err= 11.5 deg | rot_err= 11.5 deg
approach Dp        auto=[ 134.14,   97.25,  122.28]  manual=[  20.00,   20.00,   20.00] Ns/m
approach DR        auto=[  12.73,   16.36,    4.08]  manual=[  12.00,   12.00,   12.00] Nms/rad
orient:     t=  0.2 s | axis_err=  4.5 deg | rot_err=  4.5 deg
orient:     t=  0.4 s | axis_err=  2.2 deg | rot_err=  2.2 deg

Orientation reached: axis_err=1.8 deg
phase: approach_descend
descend:    t=  0.0 s | distance=   0.1 mm | height= +98.1 mm (target 20.0) | force=  0.0 N
descend:    t=  0.2 s | distance=  20.1 mm | height= +86.0 mm (target 20.0) | force=  0.7 N
descend:    t=  0.4 s | distance=  40.1 mm | height= +69.0 mm (target 20.0) | force=  1.5 N
descend:    t=  0.6 s | distance=  60.2 mm | height= +51.4 mm (target 20.0) | force=  2.0 N
descend:    t=  0.8 s | distance=  80.3 mm | height= +33.7 mm (target 20.0) | force=  1.9 N

[GATE] Reached 20 mm above the plane. Press Enter to start the set-up press (e+Enter stops).
pause auto damping: fitted Dp factor=0.551, DR factor=1.960
pause Dp [xyz]     auto=[ 206.60,  155.21,  224.85]  manual=[ 200.00,  200.00,  200.00] Ns/m
pause DR [t1t2n]   auto=[  11.72,   17.29,    2.04]  manual=[  12.73,   16.36,    4.08] Nms/rad
[GATE] Continuing to the set-up press.
descend:    t=  1.4 s | distance=  95.8 mm | height= +19.5 mm (target 20.0) | force=  0.5 N

Clearance reached: distance=95.8 mm | height=19.5 mm | target=20.0 mm | force=0.5 N (not used for the switch)
offset_ee = [20.0, 60.0, 20.0] mm
p_EE_at_contact = [546.7, -65.4, 65.4] mm
contact_point = [560.4, -126.1, 24.1] mm
edge_offset_base = [13.7, -60.7, -41.3] mm
phase: set_up
set_up Dp [xyz]    auto=[ 237.09,  178.14,  108.09]  manual=[  10.00,   10.00,  175.00] Ns/m
set_up DR [t1t2n]  auto=[   2.44,    3.59,    0.77]  manual=[  10.01,   10.01,   10.00] Nms/rad
set_up:     t=  0.0 s | tip=  0.0 deg | F=  0.0 N | M=  0.0 Nm (limit 150.0) | edge= 19.5 mm
set_up:     t=  0.2 s | tip=  0.5 deg | F=  1.0 N | M=  0.3 Nm (limit 150.0) | edge= 13.6 mm
set_up:     t=  0.4 s | tip=  0.8 deg | F=  1.6 N | M=  0.6 Nm (limit 150.0) | edge=  6.3 mm
set_up:     t=  0.6 s | tip=  0.9 deg | F=  2.6 N | M=  1.0 Nm (limit 150.0) | edge=  4.3 mm
set_up:     t=  0.8 s | tip=  1.3 deg | F=  1.1 N | M=  0.3 Nm (limit 150.0) | edge= 12.6 mm
set_up:     t=  1.0 s | tip=  1.3 deg | F= 13.2 N | M=  7.2 Nm (limit 150.0) | edge= 19.3 mm
set_up:     t=  1.2 s | tip=  1.3 deg | F= 12.6 N | M=  6.6 Nm (limit 150.0) | edge= 19.4 mm
set_up:     t=  1.4 s | tip=  1.3 deg | F= 16.4 N | M=  8.5 Nm (limit 150.0) | edge= 19.5 mm
set_up:     t=  1.6 s | tip=  1.3 deg | F= 20.3 N | M= 10.5 Nm (limit 150.0) | edge= 19.6 mm
set_up:     t=  1.8 s | tip=  1.3 deg | F= 24.2 N | M= 12.5 Nm (limit 150.0) | edge= 19.8 mm
set_up:     t=  2.0 s | tip=  1.3 deg | F= 28.1 N | M= 14.4 Nm (limit 150.0) | edge= 19.9 mm
set_up:     t=  2.2 s | tip=  1.3 deg | F= 32.0 N | M= 16.5 Nm (limit 150.0) | edge= 20.0 mm
set_up:     t=  2.4 s | tip=  1.4 deg | F= 35.4 N | M= 18.4 Nm (limit 150.0) | edge= 20.2 mm
set_up:     t=  2.6 s | tip=  1.6 deg | F= 39.2 N | M= 20.2 Nm (limit 150.0) | edge= 20.3 mm
set_up:     t=  2.8 s | tip=  1.6 deg | F= 42.7 N | M= 22.0 Nm (limit 150.0) | edge= 20.5 mm
set_up:     t=  3.0 s | tip=  1.7 deg | F= 46.6 N | M= 24.0 Nm (limit 150.0) | edge= 20.6 mm
set_up:     t=  3.2 s | tip=  1.7 deg | F= 50.3 N | M= 25.8 Nm (limit 150.0) | edge= 20.8 mm
set_up:     t=  3.4 s | tip=  1.8 deg | F= 54.1 N | M= 27.7 Nm (limit 150.0) | edge= 20.9 mm
set_up:     t=  3.6 s | tip=  1.8 deg | F= 58.0 N | M= 29.7 Nm (limit 150.0) | edge= 21.0 mm
set_up:     t=  3.8 s | tip=  1.9 deg | F= 61.7 N | M= 31.5 Nm (limit 150.0) | edge= 21.2 mm
set_up:     t=  4.0 s | tip=  1.9 deg | F= 66.0 N | M= 33.9 Nm (limit 150.0) | edge= 21.2 mm
set_up:     t=  4.2 s | tip=  1.9 deg | F= 61.4 N | M= 31.2 Nm (limit 150.0) | edge= 21.2 mm
set_up:     t=  4.4 s | tip=  1.9 deg | F= 61.3 N | M= 31.2 Nm (limit 150.0) | edge= 21.2 mm
set_up:     t=  4.6 s | tip=  1.9 deg | F= 61.3 N | M= 31.2 Nm (limit 150.0) | edge= 21.2 mm
set_up:     t=  4.8 s | tip=  1.9 deg | F= 61.3 N | M= 31.1 Nm (limit 150.0) | edge= 21.2 mm
set_up:     t=  5.0 s | tip=  1.9 deg | F= 61.3 N | M= 31.1 Nm (limit 150.0) | edge= 21.2 mm
set_up:     t=  5.2 s | tip=  1.9 deg | F= 61.3 N | M= 31.1 Nm (limit 150.0) | edge= 21.2 mm
set_up:     t=  5.4 s | tip=  1.9 deg | F= 61.2 N | M= 31.0 Nm (limit 150.0) | edge= 21.2 mm
set_up:     t=  5.6 s | tip=  1.9 deg | F= 61.1 N | M= 31.0 Nm (limit 150.0) | edge= 21.2 mm
set_up:     t=  5.8 s | tip=  1.9 deg | F= 61.2 N | M= 31.0 Nm (limit 150.0) | edge= 21.2 mm
set_up:     t=  6.0 s | tip=  1.9 deg | F= 61.2 N | M= 31.0 Nm (limit 150.0) | edge= 21.2 mm
set_up:     t=  6.2 s | tip=  1.9 deg | F= 61.2 N | M= 31.1 Nm (limit 150.0) | edge= 21.2 mm
set_up:     t=  6.4 s | tip=  1.9 deg | F= 61.1 N | M= 31.0 Nm (limit 150.0) | edge= 21.2 mm
set_up:     t=  6.6 s | tip=  1.9 deg | F= 61.1 N | M= 31.0 Nm (limit 150.0) | edge= 21.2 mm
set_up:     t=  6.8 s | tip=  1.9 deg | F= 61.1 N | M= 31.0 Nm (limit 150.0) | edge= 21.2 mm
set_up:     t=  7.0 s | tip=  1.9 deg | F= 61.1 N | M= 31.0 Nm (limit 150.0) | edge= 21.2 mm
set_up:     t=  7.2 s | tip=  1.9 deg | F= 61.0 N | M= 30.9 Nm (limit 150.0) | edge= 21.2 mm
set_up:     t=  7.4 s | tip=  1.9 deg | F= 61.1 N | M= 31.0 Nm (limit 150.0) | edge= 21.2 mm
set_up:     t=  7.6 s | tip=  1.9 deg | F= 61.0 N | M= 30.9 Nm (limit 150.0) | edge= 21.2 mm
set_up:     t=  7.8 s | tip=  1.9 deg | F= 61.1 N | M= 30.9 Nm (limit 150.0) | edge= 21.2 mm
set_up:     t=  8.0 s | tip=  1.9 deg | F= 61.1 N | M= 30.9 Nm (limit 150.0) | edge= 21.2 mm
set_up:     t=  8.2 s | tip=  1.9 deg | F= 61.0 N | M= 30.9 Nm (limit 150.0) | edge= 21.2 mm
set_up:     t=  8.4 s | tip=  1.9 deg | F= 61.0 N | M= 30.9 Nm (limit 150.0) | edge= 21.2 mm
set_up:     t=  8.6 s | tip=  1.9 deg | F= 60.9 N | M= 30.8 Nm (limit 150.0) | edge= 21.2 mm
set_up:     t=  8.8 s | tip=  1.9 deg | F= 61.0 N | M= 30.9 Nm (limit 150.0) | edge= 21.2 mm
set_up:     t=  9.0 s | tip=  1.9 deg | F= 61.0 N | M= 30.9 Nm (limit 150.0) | edge= 21.2 mm
set_up:     t=  9.2 s | tip=  1.9 deg | F= 61.0 N | M= 30.8 Nm (limit 150.0) | edge= 21.2 mm
set_up:     t=  9.4 s | tip=  1.9 deg | F= 61.0 N | M= 30.9 Nm (limit 150.0) | edge= 21.2 mm
set_up:     t=  9.6 s | tip=  1.9 deg | F= 61.0 N | M= 30.8 Nm (limit 150.0) | edge= 21.2 mm
set_up:     t=  9.8 s | tip=  1.9 deg | F= 60.9 N | M= 30.8 Nm (limit 150.0) | edge= 21.2 mm
set_up:     t= 10.0 s | tip=  1.9 deg | F= 61.0 N | M= 30.8 Nm (limit 150.0) | edge= 21.2 mm
set_up:     t= 10.2 s | tip=  1.9 deg | F= 60.9 N | M= 30.8 Nm (limit 150.0) | edge= 21.2 mm
set_up:     t= 10.4 s | tip=  1.9 deg | F= 61.0 N | M= 30.9 Nm (limit 150.0) | edge= 21.2 mm
set_up:     t= 10.6 s | tip=  1.9 deg | F= 61.0 N | M= 30.8 Nm (limit 150.0) | edge= 21.2 mm
set_up:     t= 10.8 s | tip=  1.9 deg | F= 61.0 N | M= 30.8 Nm (limit 150.0) | edge= 21.2 mm
set_up:     t= 11.0 s | tip=  1.9 deg | F= 60.9 N | M= 30.8 Nm (limit 150.0) | edge= 21.2 mm
set_up:     t= 11.2 s | tip=  1.9 deg | F= 60.9 N | M= 30.8 Nm (limit 150.0) | edge= 21.2 mm
set_up:     t= 11.4 s | tip=  1.9 deg | F= 61.0 N | M= 30.8 Nm (limit 150.0) | edge= 21.2 mm
set_up:     t= 11.6 s | tip=  1.9 deg | F= 60.9 N | M= 30.8 Nm (limit 150.0) | edge= 21.2 mm
set_up:     t= 11.8 s | tip=  1.9 deg | F= 60.9 N | M= 30.8 Nm (limit 150.0) | edge= 21.2 mm

=== Set-up result ===
stop: time | t=12.0 s | tip=1.9 deg | F=60.9 N | M=30.8 Nm
edge_from_contact = [-4.8, +0.5, -20.6] mm | norm=21.2 mm
tcp_from_contact  = [-20.2, +61.3, +0.8] mm | norm=64.6 mm
alignment: before=0.44 deg | after=1.79 deg | gain=-1.36 deg

=== Set-up surface-frame breakdown ===
frame: alignment-target [tangent1, tangent2, normal]
force        [N]      = [   -15.35,     -2.67,    -58.91]
tcp_disp     [mm]     = [    -2.98,     +0.64,    -40.95]
edge_disp    [mm]     = [    -3.02,     +0.46,    -20.96]
Kp_eff=F/tcp [N/m]    = [   5152.4,   -4166.8,    1438.6]
moment@edge  [Nm]     = [    +2.10,    +28.82,     -1.86]
tip_angle    [deg]    = [    +0.92,     -1.56,     -0.48]
KR_eff=M/ang [Nm/rad] = [    131.4,   -1057.9,     223.2]

finite_axis: angle=1.9 deg | axis_from_edge=[-533.8, -335.8, +107.2] mm | dir=[-0.465, +0.834, +0.297] | pitch=-107.0 mm/rad
(coupled_K_tcp/coupled_D_tcp queued for the next run)

=== Coupled stiffness from the measured pole ===
source spring K_pole/D_pole (diagonal, from parameters):
  Kp [N/m]     = [2000, 2000, 350]
  KR [Nm/rad]  = [15, 15, 50]
  Dp [Ns/m]    = [10, 10, 175]
  DR [Nms/rad] = [10.01, 10.01, 10]

poles compared (lever r_c = TCP - pole):
  (A) measured axis : angle=1.9 deg | pitch=-107.0 mm/rad
      pole_from_edge = [-527.3, -339.2, 126.8] mm
      r_c            = [511.9, 400.0, -105.4] mm
  (B) manual pole   : comparison only, contact reference
      pole_from_edge = [-35.2, 79.5, 20.6] mm
      r_c            = [26.3, -19.3, 41.3] mm
      r_c(B)-r_c(A)  = [-485.6, -419.3, 146.7] mm

K_TCP = Ad^T K_pole Ad  [rows fx..mz | cols tx..rz]:
  (A) measured axis:
           tx        ty        tz    |    rx        ry        rz
  fx [    2000        0        0 |        0    210.7    800.1 ]
  fy [       0     2000        0 |   -210.7        0    -1024 ]
  fz [       0        0      350 |     -140    179.2        0 ]
     ---------------------------+---------------------------
  mx [       0   -210.7     -140 |    93.48   -71.67    110.9 ]
  my [   210.7        0    179.2 |   -71.67    128.9     84.3 ]
  mz [   800.1    -1024        0 |    110.9     84.3    893.9 ]
  (A) K_TCP eigenvalues = [10.37, 14.93, 34.86, 500, 2025, 2881] -> PSD ok (>=0) (min=10.37)
  (B) manual pole:
           tx        ty        tz    |    rx        ry        rz
  fx [    2000        0        0 |        0   -82.63   -38.63 ]
  fy [       0     2000        0 |    82.63        0   -52.59 ]
  fz [       0        0      350 |     6.76    9.204        0 ]
     ---------------------------+---------------------------
  mx [       0    82.63     6.76 |    18.81   0.1778   0.8661 ]
  my [  -82.63        0    9.204 |   0.1778    18.66    1.596 ]
  mz [  -38.63   -52.59        0 |   0.8661    1.596    51.86 ]
  (B) K_TCP eigenvalues = [14.96, 14.97, 49.95, 350.4, 2003, 2006] -> PSD ok (>=0) (min=14.96)

D_TCP = Ad^T D_pole Ad:
  (A) measured axis:
           tx        ty        tz    |    rx        ry        rz
  fx [   237.1        0        0 |        0    24.98    94.84 ]
  fy [       0    178.1        0 |   -18.77        0   -91.19 ]
  fz [       0        0    108.1 |   -43.24    55.33        0 ]
     ---------------------------+---------------------------
  mx [       0   -18.77   -43.24 |     21.7   -22.13    9.463 ]
  my [   24.98        0    55.33 |   -22.13    34.55    9.993 ]
  mz [   94.84   -91.19        0 |    9.463    9.993     85.4 ]
  (A) D_TCP eigenvalues = [0.541, 1.958, 3.098, 152.7, 204.9, 301.8] -> PSD ok (>=0) (min=0.541)
  (B) manual pole:
           tx        ty        tz    |    rx        ry        rz
  fx [   237.1        0        0 |        0   -9.795   -4.579 ]
  fy [       0    178.1        0 |    7.359        0   -4.684 ]
  fz [       0        0    108.1 |    2.088    2.842        0 ]
     ---------------------------+---------------------------
  mx [       0    7.359    2.088 |    2.772  0.05489  -0.3382 ]
  my [  -9.795        0    2.842 |  0.05489    4.071   0.1892 ]
  mz [  -4.579   -4.684        0 |  -0.3382   0.1892   0.9985 ]
  (B) D_TCP eigenvalues = [0.7736, 2.435, 3.583, 108.2, 178.6, 237.6] -> PSD ok (>=0) (min=0.7736)
phase: grind

Stop requested with e + Enter. Finishing control loop...
params/sequence.txt updated after control loop (73 queued values).

Joint motion [deg]:
joint    start   final   delta
------------------------------
q1       -2.8    -2.9    -0.2
q2       18.1    32.2    14.1
q3       -5.1    -2.3     2.8
q4     -122.8  -122.5     0.3
q5       17.5     0.1   -17.4
q6      139.5   147.6     8.1
q7       26.8    43.1    16.3

=== Final result ===
p_d = [529.3, -58.6, -133.3] mm
p_EE = [536.0, -52.5, 25.3] mm
e_p = [-6.7, -6.2, -158.6] mm
position_error = 158.91 mm
e_R = [1.04, -1.96, 0.51] deg
rotation_error = 2.28 deg
csv: surface_grinding_controller_log.csv
