
Press Enter to recover and configure the robot.
Robot recovered or already ready.
Collision: custom thresholds.

=== Startup choice ===
  q = go to q_init (from params/common.txt), then choose again
  g = guiding mode: go to q_init, then hand-guide to your pose;
      use s+Enter for sequence or h+Enter for hold
  o = open the Franka hand now (release/load tool), then choose again
  c = close/grasp the tool now, then choose again
  r = continue to run mode (available after q_init is reached)
Choice [q/g/o/c/r, Enter = q]: Moving to q_init...
q_init reached.

=== Startup choice ===
  q = go to q_init (from params/common.txt), then choose again
  g = guiding mode: go to q_init, then hand-guide to your pose;
      use s+Enter for sequence or h+Enter for hold
  o = open the Franka hand now (release/load tool), then choose again
  c = close/grasp the tool now, then choose again
  r = continue to run mode
Choice [q/g/o/c/r, Enter = q]: 
=== Run mode ===
  s = phase sequence (approach / set up / grind)
  h = hold at the start pose
Choice [s/h, Enter = s]: Selected: phase sequence. Nullspace mode from parameters: nullspace_damping_plus_sigma.

=== Setup ===
run: phase sequence | approach_orient: on | nullspace: nullspace_damping_plus_sigma
nullspace parameters: d_null=2.000 | k_sigma=1.000 Nm | alpha=0.0800 rad
hold: Kp=300.0 N/m | KR=40.0 Nm/rad | damping=auto translation+rotation (factor fitted online toward Dp=50.0 Ns/m)
manual_guidance_start: off | manual_damping=0.50
descend: clearance=20.0 mm | speed=0.100 m/s | max_distance=640 mm
alignment push: start=captured | end=+180 mm | speed=0.050 m/s | ramp_time~=4.0 s | timeout=12.0 s | moment_threshold=150.0 Nm
grind: sweep | axis=tangent2 | amplitude=30 mm | frequency=0.20 Hz
coupled stiffness: apply=off | saved=yes | pole=manual
gates: pause_before_set_up=on | pause_auto_damping=on | pause_before_grind=off | debug_period=0.20 s
alignment-target normal=[+0.087, -0.000, +0.996] | tilt a(x)=0.0 deg, b(y)=5.0 deg (from angles)
tool face: 40 x 120 mm | center offset EE=[+0.0, +0.0, +20.0] mm
Gripper already holding the tool (width 65.0 mm); keeping grasp.
Press e+Enter to stop the controller before the duration expires.
During hold: press g+Enter to hand-guide the tool, then p+Enter to recapture and resume hold.
experiment_duration <= 0: running indefinitely until e + Enter.

=== Start pose ===
q_start = [-2.8, 18.1, -5.1, -122.8, 17.5, 139.5, 26.8] deg
p_start = [565.1, -59.5, 151.1] mm

=== Run ===
phase: approach_orient
orient:     t=  0.0 s | axis_err= 11.5 deg | rot_err= 11.5 deg
approach Dp        auto=[ 134.14,   97.25,  122.28]  manual=[  20.00,   20.00,   20.00] Ns/m
approach DR        auto=[  12.73,   16.36,    4.08]  manual=[  12.00,   12.00,   12.00] Nms/rad
orient:     t=  0.2 s | axis_err=  4.6 deg | rot_err=  4.6 deg
orient:     t=  0.4 s | axis_err=  2.3 deg | rot_err=  2.3 deg

Orientation reached: axis_err=1.9 deg
phase: approach_descend
descend:    t=  0.0 s | distance=   0.1 mm | height= +98.0 mm (target 20.0) | force= -0.0 N
descend:    t=  0.2 s | distance=  20.1 mm | height= +85.9 mm (target 20.0) | force=  0.1 N
descend:    t=  0.4 s | distance=  40.1 mm | height= +69.0 mm (target 20.0) | force=  1.3 N
descend:    t=  0.6 s | distance=  60.2 mm | height= +51.5 mm (target 20.0) | force=  2.1 N
descend:    t=  0.8 s | distance=  80.3 mm | height= +33.9 mm (target 20.0) | force=  1.8 N

[GATE] Reached 20 mm above the plane. Press Enter to start the set-up press (e+Enter stops).
pause auto damping: fitted Dp factor=0.551, DR factor=1.959
pause Dp [xyz]     auto=[ 206.57,  155.32,  224.83]  manual=[ 200.00,  200.00,  200.00] Ns/m
pause DR [t1t2n]   auto=[  11.74,   17.28,    2.04]  manual=[  12.73,   16.36,    4.08] Nms/rad
[GATE] Continuing to the set-up press.
descend:    t=  1.6 s | distance=  96.3 mm | height= +19.6 mm (target 20.0) | force=  0.6 N

Clearance reached: distance=96.3 mm | height=19.6 mm | target=20.0 mm | force=0.6 N (not used for the switch)
offset_ee = [20.0, 60.0, 20.0] mm
p_EE_at_contact = [546.5, -66.0, 65.6] mm
contact_point = [560.3, -126.7, 24.1] mm
edge_offset_base = [13.7, -60.7, -41.5] mm
phase: set_up
set_up Dp [xyz]    auto=[ 237.07,  178.27,  108.08]  manual=[  10.00,   10.00,  175.00] Ns/m
set_up DR [t1t2n]  auto=[   1.41,    2.07,    0.78]  manual=[  10.01,   10.01,   10.00] Nms/rad
set_up:     t=  0.0 s | tip=  0.0 deg | F=  0.0 N | M=  0.0 Nm (limit 150.0) | edge= 19.6 mm
set_up:     t=  0.2 s | tip=  0.5 deg | F=  1.3 N | M=  0.5 Nm (limit 150.0) | edge= 13.7 mm
set_up:     t=  0.4 s | tip=  1.0 deg | F=  2.4 N | M=  1.0 Nm (limit 150.0) | edge=  6.8 mm
set_up:     t=  0.6 s | tip=  1.3 deg | F=  2.6 N | M=  1.0 Nm (limit 150.0) | edge=  4.0 mm
set_up:     t=  0.8 s | tip=  1.5 deg | F=  1.6 N | M=  0.5 Nm (limit 150.0) | edge= 12.3 mm
set_up:     t=  1.0 s | tip=  2.0 deg | F= 12.1 N | M=  6.4 Nm (limit 150.0) | edge= 19.6 mm
set_up:     t=  1.2 s | tip=  2.0 deg | F= 12.4 N | M=  6.9 Nm (limit 150.0) | edge= 19.6 mm
set_up:     t=  1.4 s | tip=  2.0 deg | F= 16.3 N | M=  9.1 Nm (limit 150.0) | edge= 19.7 mm
set_up:     t=  1.6 s | tip=  2.0 deg | F= 20.0 N | M= 11.0 Nm (limit 150.0) | edge= 19.9 mm
set_up:     t=  1.8 s | tip=  2.0 deg | F= 23.6 N | M= 12.9 Nm (limit 150.0) | edge= 20.0 mm
set_up:     t=  2.0 s | tip=  2.0 deg | F= 27.2 N | M= 14.7 Nm (limit 150.0) | edge= 20.1 mm
set_up:     t=  2.2 s | tip=  2.0 deg | F= 31.0 N | M= 16.6 Nm (limit 150.0) | edge= 20.3 mm
set_up:     t=  2.4 s | tip=  2.1 deg | F= 34.8 N | M= 18.5 Nm (limit 150.0) | edge= 20.4 mm
set_up:     t=  2.6 s | tip=  2.1 deg | F= 38.5 N | M= 20.4 Nm (limit 150.0) | edge= 20.6 mm
set_up:     t=  2.8 s | tip=  2.1 deg | F= 42.3 N | M= 22.3 Nm (limit 150.0) | edge= 20.8 mm
set_up:     t=  3.0 s | tip=  2.2 deg | F= 45.8 N | M= 24.1 Nm (limit 150.0) | edge= 20.9 mm
set_up:     t=  3.2 s | tip=  2.5 deg | F= 49.0 N | M= 25.5 Nm (limit 150.0) | edge= 21.1 mm
set_up:     t=  3.4 s | tip=  2.5 deg | F= 53.2 N | M= 27.8 Nm (limit 150.0) | edge= 21.3 mm
set_up:     t=  3.6 s | tip=  2.5 deg | F= 57.0 N | M= 29.5 Nm (limit 150.0) | edge= 21.4 mm
set_up:     t=  3.8 s | tip=  2.5 deg | F= 60.7 N | M= 31.3 Nm (limit 150.0) | edge= 21.5 mm
set_up:     t=  4.0 s | tip=  2.5 deg | F= 64.8 N | M= 33.4 Nm (limit 150.0) | edge= 21.6 mm
set_up:     t=  4.2 s | tip=  2.5 deg | F= 60.7 N | M= 31.0 Nm (limit 150.0) | edge= 21.6 mm
set_up:     t=  4.4 s | tip=  2.5 deg | F= 60.6 N | M= 31.0 Nm (limit 150.0) | edge= 21.6 mm
set_up:     t=  4.6 s | tip=  2.5 deg | F= 60.5 N | M= 31.0 Nm (limit 150.0) | edge= 21.6 mm
set_up:     t=  4.8 s | tip=  2.5 deg | F= 60.5 N | M= 31.0 Nm (limit 150.0) | edge= 21.6 mm
set_up:     t=  5.0 s | tip=  2.5 deg | F= 60.5 N | M= 31.0 Nm (limit 150.0) | edge= 21.6 mm
set_up:     t=  5.2 s | tip=  2.5 deg | F= 60.5 N | M= 30.9 Nm (limit 150.0) | edge= 21.6 mm
set_up:     t=  5.4 s | tip=  2.5 deg | F= 60.5 N | M= 30.9 Nm (limit 150.0) | edge= 21.6 mm
set_up:     t=  5.6 s | tip=  2.5 deg | F= 60.4 N | M= 30.9 Nm (limit 150.0) | edge= 21.6 mm
set_up:     t=  5.8 s | tip=  2.5 deg | F= 60.3 N | M= 30.8 Nm (limit 150.0) | edge= 21.6 mm
set_up:     t=  6.0 s | tip=  2.5 deg | F= 60.4 N | M= 30.9 Nm (limit 150.0) | edge= 21.6 mm
set_up:     t=  6.2 s | tip=  2.5 deg | F= 60.4 N | M= 30.9 Nm (limit 150.0) | edge= 21.6 mm
set_up:     t=  6.4 s | tip=  2.5 deg | F= 60.4 N | M= 30.9 Nm (limit 150.0) | edge= 21.6 mm
set_up:     t=  6.6 s | tip=  2.5 deg | F= 60.4 N | M= 30.8 Nm (limit 150.0) | edge= 21.6 mm
set_up:     t=  6.8 s | tip=  2.5 deg | F= 60.3 N | M= 30.8 Nm (limit 150.0) | edge= 21.6 mm
set_up:     t=  7.0 s | tip=  2.5 deg | F= 60.4 N | M= 30.8 Nm (limit 150.0) | edge= 21.6 mm
set_up:     t=  7.2 s | tip=  2.5 deg | F= 60.4 N | M= 30.8 Nm (limit 150.0) | edge= 21.6 mm
set_up:     t=  7.4 s | tip=  2.5 deg | F= 60.4 N | M= 30.8 Nm (limit 150.0) | edge= 21.6 mm
set_up:     t=  7.6 s | tip=  2.5 deg | F= 60.3 N | M= 30.8 Nm (limit 150.0) | edge= 21.6 mm
set_up:     t=  7.8 s | tip=  2.5 deg | F= 60.3 N | M= 30.8 Nm (limit 150.0) | edge= 21.6 mm
set_up:     t=  8.0 s | tip=  2.5 deg | F= 60.3 N | M= 30.8 Nm (limit 150.0) | edge= 21.6 mm
set_up:     t=  8.2 s | tip=  2.5 deg | F= 60.3 N | M= 30.8 Nm (limit 150.0) | edge= 21.6 mm
set_up:     t=  8.4 s | tip=  2.5 deg | F= 60.3 N | M= 30.8 Nm (limit 150.0) | edge= 21.6 mm
set_up:     t=  8.6 s | tip=  2.5 deg | F= 60.3 N | M= 30.8 Nm (limit 150.0) | edge= 21.6 mm
set_up:     t=  8.8 s | tip=  2.5 deg | F= 60.3 N | M= 30.8 Nm (limit 150.0) | edge= 21.6 mm
set_up:     t=  9.0 s | tip=  2.5 deg | F= 60.2 N | M= 30.7 Nm (limit 150.0) | edge= 21.6 mm
set_up:     t=  9.2 s | tip=  2.5 deg | F= 60.2 N | M= 30.7 Nm (limit 150.0) | edge= 21.6 mm
set_up:     t=  9.4 s | tip=  2.5 deg | F= 60.2 N | M= 30.7 Nm (limit 150.0) | edge= 21.6 mm
set_up:     t=  9.6 s | tip=  2.5 deg | F= 60.2 N | M= 30.7 Nm (limit 150.0) | edge= 21.6 mm
set_up:     t=  9.8 s | tip=  2.5 deg | F= 60.2 N | M= 30.7 Nm (limit 150.0) | edge= 21.6 mm
set_up:     t= 10.0 s | tip=  2.5 deg | F= 60.2 N | M= 30.7 Nm (limit 150.0) | edge= 21.6 mm
set_up:     t= 10.2 s | tip=  2.5 deg | F= 60.2 N | M= 30.7 Nm (limit 150.0) | edge= 21.6 mm
set_up:     t= 10.4 s | tip=  2.5 deg | F= 60.2 N | M= 30.7 Nm (limit 150.0) | edge= 21.6 mm
set_up:     t= 10.6 s | tip=  2.5 deg | F= 60.2 N | M= 30.7 Nm (limit 150.0) | edge= 21.6 mm
set_up:     t= 10.8 s | tip=  2.5 deg | F= 60.1 N | M= 30.7 Nm (limit 150.0) | edge= 21.6 mm
set_up:     t= 11.0 s | tip=  2.5 deg | F= 60.1 N | M= 30.8 Nm (limit 150.0) | edge= 21.6 mm
set_up:     t= 11.2 s | tip=  2.5 deg | F= 60.1 N | M= 30.7 Nm (limit 150.0) | edge= 21.6 mm
set_up:     t= 11.4 s | tip=  2.5 deg | F= 60.1 N | M= 30.8 Nm (limit 150.0) | edge= 21.6 mm
set_up:     t= 11.6 s | tip=  2.5 deg | F= 60.1 N | M= 30.7 Nm (limit 150.0) | edge= 21.6 mm
set_up:     t= 11.8 s | tip=  2.5 deg | F= 60.1 N | M= 30.7 Nm (limit 150.0) | edge= 21.6 mm

=== Set-up result ===
stop: time | t=12.0 s | tip=2.5 deg | F=60.2 N | M=30.8 Nm
edge_from_contact = [-5.8, +0.5, -20.8] mm | norm=21.6 mm
tcp_from_contact  = [-20.8, +61.3, +0.9] mm | norm=64.7 mm
alignment: before=0.50 deg | after=2.57 deg | gain=-2.07 deg

=== Set-up surface-frame breakdown ===
frame: alignment-target [tangent1, tangent2, normal]
force        [N]      = [   -14.81,     -3.00,    -58.24]
tcp_disp     [mm]     = [    -3.56,     +0.64,    -41.01]
edge_disp    [mm]     = [    -3.95,     +0.45,    -21.21]
Kp_eff=F/tcp [N/m]    = [   4166.5,   -4676.7,    1420.1]
moment@edge  [Nm]     = [    +2.50,    +28.74,     -1.94]
tip_angle    [deg]    = [    +0.89,     -2.35,     -0.42]
KR_eff=M/ang [Nm/rad] = [    161.8,    -701.5,     266.2]

finite_axis: angle=2.5 deg | axis_from_edge=[-437.0, -180.1, +106.5] mm | dir=[-0.333, +0.923, +0.194] | pitch=-38.2 mm/rad
(coupled_K_tcp/coupled_D_tcp queued for the next run)

=== Coupled stiffness from the measured pole ===
source spring K_pole/D_pole (diagonal, from parameters):
  Kp [N/m]     = [2000, 2000, 350]
  KR [Nm/rad]  = [5, 5, 50]
  Dp [Ns/m]    = [10, 10, 175]
  DR [Nms/rad] = [10.01, 10.01, 10]

poles compared (lever r_c = TCP - pole):
  (A) measured axis : angle=2.5 deg | pitch=-38.2 mm/rad
      pole_from_edge = [-430.7, -182.1, 127.0] mm
      r_c            = [415.6, 243.0, -105.3] mm
  (B) manual pole   : comparison only, contact reference
      pole_from_edge = [-34.2, 79.5, 20.8] mm
      r_c            = [26.3, -19.3, 41.5] mm
      r_c(B)-r_c(A)  = [-389.3, -262.3, 146.7] mm

K_TCP = Ad^T K_pole Ad  [rows fx..mz | cols tx..rz]:
  (A) measured axis:
           tx        ty        tz    |    rx        ry        rz
  fx [    2000        0        0 |        0    210.6      486 ]
  fy [       0     2000        0 |   -210.6        0   -831.2 ]
  fz [       0        0      350 |   -85.05    145.5        0 ]
     ---------------------------+---------------------------
  mx [       0   -210.6   -85.05 |    48.18   -35.34    91.42 ]
  my [   210.6        0    145.5 |   -35.34    87.62    51.17 ]
  mz [     486   -831.2        0 |    91.42    51.17    513.2 ]
  (A) K_TCP eigenvalues = [4.014, 4.976, 40.27, 430.9, 2023, 2495] -> PSD ok (>=0) (min=4.014)
  (B) manual pole:
           tx        ty        tz    |    rx        ry        rz
  fx [    2000        0        0 |        0   -82.92    -38.7 ]
  fy [       0     2000        0 |    82.92        0   -52.54 ]
  fz [       0        0      350 |    6.772    9.194        0 ]
     ---------------------------+---------------------------
  mx [       0    82.92    6.772 |    8.911   0.1779    1.729 ]
  my [  -82.92        0    9.194 |   0.1779     8.68    1.604 ]
  mz [   -38.7   -52.54        0 |    1.729    1.604    51.79 ]
  (B) K_TCP eigenvalues = [4.986, 4.99, 49.95, 350.4, 2003, 2006] -> PSD ok (>=0) (min=4.986)

D_TCP = Ad^T D_pole Ad:
  (A) measured axis:
           tx        ty        tz    |    rx        ry        rz
  fx [   237.1        0        0 |        0    24.96    57.61 ]
  fy [       0    178.3        0 |   -18.77        0   -74.09 ]
  fz [       0        0    108.1 |   -26.26    44.92        0 ]
     ---------------------------+---------------------------
  mx [       0   -18.77   -26.26 |    9.764   -10.91    7.745 ]
  my [   24.96        0    44.92 |   -10.91    23.37    6.065 ]
  mz [   57.61   -74.09        0 |    7.745    6.065    45.57 ]
  (A) D_TCP eigenvalues = [0.6253, 1.296, 1.807, 132.8, 203.2, 262.4] -> PSD ok (>=0) (min=0.6253)
  (B) manual pole:
           tx        ty        tz    |    rx        ry        rz
  fx [   237.1        0        0 |        0   -9.829   -4.587 ]
  fy [       0    178.3        0 |    7.391        0   -4.683 ]
  fz [       0        0    108.1 |    2.091    2.839        0 ]
     ---------------------------+---------------------------
  mx [       0    7.391    2.091 |    1.754  0.05493  -0.2494 ]
  my [  -9.829        0    2.839 |  0.05493    2.555   0.1902 ]
  mz [  -4.587   -4.683        0 |  -0.2494   0.1902   0.9917 ]
  (B) D_TCP eigenvalues = [0.7745, 1.409, 2.068, 108.2, 178.7, 237.6] -> PSD ok (>=0) (min=0.7745)
phase: grind

Stop requested with e + Enter. Finishing control loop...
params/sequence.txt updated after control loop (73 queued values).

Joint motion [deg]:
joint    start   final   delta
------------------------------
q1       -2.8    -5.0    -2.3
q2       18.1    32.5    14.4
q3       -5.1    -4.0     1.2
q4     -122.8  -121.6     1.2
q5       17.5     0.6   -16.9
q6      139.5   146.4     7.0
q7       26.8    39.2    12.4

=== Final result ===
p_d = [529.1, -94.1, -133.2] mm
p_EE = [533.1, -89.3, 26.1] mm
e_p = [-4.0, -4.9, -159.4] mm
position_error = 159.48 mm
e_R = [1.20, -2.64, 0.65] deg
rotation_error = 2.97 deg
csv: surface_grinding_controller_log.csv
