
Press Enter to recover and configure the robot.
Robot recovered or already ready.
Collision: custom thresholds.

=== Startup choice ===
  q = go to q_init (from params/common.txt), then choose again
  g = guiding mode: go to q_init, then hand-guide to your pose;
      use s+Enter for sequence or h+Enter for hold
  o = open the Franka hand now (release/load tool), then choose again
  c = close/grasp the tool now, then choose again
  r = continue to run mode (available after q_init is reached)
Choice [q/g/o/c/r, Enter = q]: Moving to q_init...
q_init reached.

=== Startup choice ===
  q = go to q_init (from params/common.txt), then choose again
  g = guiding mode: go to q_init, then hand-guide to your pose;
      use s+Enter for sequence or h+Enter for hold
  o = open the Franka hand now (release/load tool), then choose again
  c = close/grasp the tool now, then choose again
  r = continue to run mode
Choice [q/g/o/c/r, Enter = q]: 
=== Run mode ===
  s = phase sequence (approach / set up / grind)
  h = hold at the start pose
Choice [s/h, Enter = s]: Selected: phase sequence. Nullspace mode from parameters: nullspace_damping_plus_sigma.

=== Setup ===
run: phase sequence | approach_orient: on | nullspace: nullspace_damping_plus_sigma
nullspace parameters: d_null=2.000 | k_sigma=1.000 Nm | alpha=0.0800 rad
hold: Kp=300.0 N/m | KR=40.0 Nm/rad | damping=auto translation+rotation (factor fitted online toward Dp=50.0 Ns/m)
manual_guidance_start: off | manual_damping=0.50
descend: clearance=20.0 mm | speed=0.100 m/s | max_distance=640 mm
alignment push: start=captured | end=+180 mm | speed=0.050 m/s | ramp_time~=4.0 s | timeout=12.0 s | moment_threshold=150.0 Nm
grind: sweep | axis=tangent2 | amplitude=30 mm | frequency=0.20 Hz
coupled stiffness: apply=on | saved=yes | pole=manual
gates: pause_before_set_up=on | pause_auto_damping=on | pause_before_grind=off | debug_period=0.20 s
alignment-target normal=[+0.087, -0.000, +0.996] | tilt a(x)=0.0 deg, b(y)=5.0 deg (from angles)
tool face: 40 x 120 mm | center offset EE=[+0.0, +0.0, +20.0] mm
Gripper already holding the tool (width 65.0 mm); keeping grasp.
Press e+Enter to stop the controller before the duration expires.
During hold: press g+Enter to hand-guide the tool, then p+Enter to recapture and resume hold.
experiment_duration <= 0: running indefinitely until e + Enter.

=== Start pose ===
q_start = [-2.7, 18.1, -5.1, -122.8, 17.5, 139.4, 26.8] deg
p_start = [565.1, -59.2, 151.1] mm

=== Run ===
phase: approach_orient
orient:     t=  0.0 s | axis_err= 11.5 deg | rot_err= 11.5 deg
approach Dp        auto=[ 134.15,   97.24,  122.27]  manual=[  20.00,   20.00,   20.00] Ns/m
approach DR        auto=[  12.73,   16.37,    4.08]  manual=[  12.00,   12.00,   12.00] Nms/rad
orient:     t=  0.2 s | axis_err=  4.5 deg | rot_err=  4.5 deg
orient:     t=  0.4 s | axis_err=  2.3 deg | rot_err=  2.3 deg

Orientation reached: axis_err=1.9 deg
phase: approach_descend
descend:    t=  0.0 s | distance=   0.1 mm | height= +97.6 mm (target 20.0) | force=  0.0 N
descend:    t=  0.2 s | distance=  20.1 mm | height= +85.6 mm (target 20.0) | force=  0.7 N
descend:    t=  0.4 s | distance=  40.1 mm | height= +69.1 mm (target 20.0) | force=  2.1 N
descend:    t=  0.6 s | distance=  60.2 mm | height= +52.0 mm (target 20.0) | force=  2.8 N
descend:    t=  0.8 s | distance=  80.3 mm | height= +34.6 mm (target 20.0) | force=  1.6 N

[GATE] Reached 20 mm above the plane. Press Enter to start the set-up press (e+Enter stops).
pause auto damping: fitted Dp factor=0.551, DR factor=1.959
pause Dp [xyz]     auto=[ 206.68,  155.18,  224.80]  manual=[ 200.00,  200.00,  200.00] Ns/m
pause DR [t1t2n]   auto=[  11.71,   17.30,    2.04]  manual=[  12.73,   16.37,    4.08] Nms/rad
[GATE] Continuing to the set-up press.
descend:    t=  1.3 s | distance=  97.0 mm | height= +19.5 mm (target 20.0) | force=  0.7 N

Clearance reached: distance=97.0 mm | height=19.5 mm | target=20.0 mm | force=0.7 N (not used for the switch)
offset_ee = [20.0, 60.0, 20.0] mm
p_EE_at_contact = [546.7, -63.6, 65.5] mm
contact_point = [560.4, -124.3, 24.1] mm
edge_offset_base = [13.7, -60.7, -41.4] mm
phase: set_up
set_up Dp [xyz]    auto=[ 237.20,  178.11,  108.07]  manual=[  10.00,   10.00,  175.00] Ns/m
set_up DR [t1t2n]  auto=[   1.41,    2.08,    0.78]  manual=[  10.01,   10.01,   10.00] Nms/rad
set_up:     t=  0.0 s | tip=  0.0 deg | F=  0.0 N | M=  0.0 Nm (limit 150.0) | edge= 19.5 mm
set_up:     t=  0.2 s | tip=  0.5 deg | F=  0.9 N | M=  0.5 Nm (limit 150.0) | edge= 13.9 mm
set_up:     t=  0.4 s | tip=  1.1 deg | F=  1.9 N | M=  0.9 Nm (limit 150.0) | edge=  7.8 mm
set_up:     t=  0.6 s | tip=  1.7 deg | F=  2.2 N | M=  0.9 Nm (limit 150.0) | edge=  4.9 mm
set_up:     t=  0.8 s | tip=  2.3 deg | F=  2.4 N | M=  1.0 Nm (limit 150.0) | edge= 10.1 mm
set_up:     t=  1.0 s | tip=  2.9 deg | F=  3.2 N | M=  1.6 Nm (limit 150.0) | edge= 17.3 mm
set_up:     t=  1.2 s | tip=  3.0 deg | F= 11.0 N | M=  6.5 Nm (limit 150.0) | edge= 17.9 mm
set_up:     t=  1.4 s | tip=  3.1 deg | F= 13.9 N | M=  8.3 Nm (limit 150.0) | edge= 18.8 mm
set_up:     t=  1.6 s | tip=  3.4 deg | F= 16.4 N | M=  9.8 Nm (limit 150.0) | edge= 20.4 mm
set_up:     t=  1.8 s | tip=  4.2 deg | F= 19.8 N | M= 11.9 Nm (limit 150.0) | edge= 21.8 mm
set_up:     t=  2.0 s | tip=  5.2 deg | F= 21.9 N | M= 13.1 Nm (limit 150.0) | edge= 22.9 mm
set_up:     t=  2.2 s | tip=  6.6 deg | F= 23.7 N | M= 14.2 Nm (limit 150.0) | edge= 24.5 mm
set_up:     t=  2.4 s | tip=  8.7 deg | F= 22.7 N | M= 13.2 Nm (limit 150.0) | edge= 26.4 mm
set_up:     t=  2.6 s | tip= 11.0 deg | F= 25.7 N | M= 14.9 Nm (limit 150.0) | edge= 28.4 mm
set_up:     t=  2.8 s | tip= 12.6 deg | F= 27.5 N | M= 15.9 Nm (limit 150.0) | edge= 30.1 mm
set_up:     t=  3.0 s | tip= 13.8 deg | F= 31.6 N | M= 18.2 Nm (limit 150.0) | edge= 31.5 mm
set_up:     t=  3.2 s | tip= 15.2 deg | F= 33.2 N | M= 19.2 Nm (limit 150.0) | edge= 32.9 mm
set_up:     t=  3.4 s | tip= 16.5 deg | F= 36.8 N | M= 21.2 Nm (limit 150.0) | edge= 34.6 mm
set_up:     t=  3.6 s | tip= 17.8 deg | F= 39.2 N | M= 22.4 Nm (limit 150.0) | edge= 35.7 mm
set_up:     t=  3.8 s | tip= 19.1 deg | F= 43.2 N | M= 24.3 Nm (limit 150.0) | edge= 36.5 mm
set_up:     t=  4.0 s | tip= 21.1 deg | F= 43.5 N | M= 24.7 Nm (limit 150.0) | edge= 39.2 mm
set_up:     t=  4.2 s | tip= 22.1 deg | F= 39.7 N | M= 22.5 Nm (limit 150.0) | edge= 39.6 mm
set_up:     t=  4.4 s | tip= 22.5 deg | F= 40.5 N | M= 23.2 Nm (limit 150.0) | edge= 39.7 mm
set_up:     t=  4.6 s | tip= 22.7 deg | F= 38.8 N | M= 21.9 Nm (limit 150.0) | edge= 39.9 mm
set_up:     t=  4.8 s | tip= 23.1 deg | F= 38.9 N | M= 22.6 Nm (limit 150.0) | edge= 40.5 mm
set_up:     t=  5.0 s | tip= 23.3 deg | F= 38.0 N | M= 21.5 Nm (limit 150.0) | edge= 40.8 mm
set_up:     t=  5.2 s | tip= 23.4 deg | F= 38.7 N | M= 21.7 Nm (limit 150.0) | edge= 40.8 mm
set_up:     t=  5.4 s | tip= 23.4 deg | F= 38.6 N | M= 21.6 Nm (limit 150.0) | edge= 40.8 mm
set_up:     t=  5.6 s | tip= 23.4 deg | F= 38.6 N | M= 21.7 Nm (limit 150.0) | edge= 40.8 mm
set_up:     t=  5.8 s | tip= 23.4 deg | F= 38.6 N | M= 21.7 Nm (limit 150.0) | edge= 40.8 mm
set_up:     t=  6.0 s | tip= 23.4 deg | F= 38.6 N | M= 21.7 Nm (limit 150.0) | edge= 40.8 mm
set_up:     t=  6.2 s | tip= 23.4 deg | F= 38.6 N | M= 21.7 Nm (limit 150.0) | edge= 40.8 mm
set_up:     t=  6.4 s | tip= 23.4 deg | F= 38.6 N | M= 21.7 Nm (limit 150.0) | edge= 40.8 mm
set_up:     t=  6.6 s | tip= 23.4 deg | F= 38.5 N | M= 21.6 Nm (limit 150.0) | edge= 40.8 mm
set_up:     t=  6.8 s | tip= 23.4 deg | F= 38.6 N | M= 21.7 Nm (limit 150.0) | edge= 40.8 mm
set_up:     t=  7.0 s | tip= 23.4 deg | F= 38.6 N | M= 21.7 Nm (limit 150.0) | edge= 40.8 mm
set_up:     t=  7.2 s | tip= 23.4 deg | F= 38.6 N | M= 21.7 Nm (limit 150.0) | edge= 40.8 mm
set_up:     t=  7.4 s | tip= 23.4 deg | F= 38.6 N | M= 21.7 Nm (limit 150.0) | edge= 40.8 mm
set_up:     t=  7.6 s | tip= 23.4 deg | F= 38.6 N | M= 21.7 Nm (limit 150.0) | edge= 40.8 mm
set_up:     t=  7.8 s | tip= 23.4 deg | F= 38.6 N | M= 21.7 Nm (limit 150.0) | edge= 40.8 mm
set_up:     t=  8.0 s | tip= 23.4 deg | F= 38.6 N | M= 21.7 Nm (limit 150.0) | edge= 40.8 mm
set_up:     t=  8.2 s | tip= 23.4 deg | F= 38.7 N | M= 21.7 Nm (limit 150.0) | edge= 40.8 mm
set_up:     t=  8.4 s | tip= 23.4 deg | F= 38.6 N | M= 21.7 Nm (limit 150.0) | edge= 40.8 mm
set_up:     t=  8.6 s | tip= 23.4 deg | F= 38.6 N | M= 21.6 Nm (limit 150.0) | edge= 40.8 mm
set_up:     t=  8.8 s | tip= 23.4 deg | F= 38.7 N | M= 21.7 Nm (limit 150.0) | edge= 40.9 mm
set_up:     t=  9.0 s | tip= 23.4 deg | F= 38.6 N | M= 21.7 Nm (limit 150.0) | edge= 40.9 mm
set_up:     t=  9.2 s | tip= 23.4 deg | F= 38.6 N | M= 21.7 Nm (limit 150.0) | edge= 40.9 mm
set_up:     t=  9.4 s | tip= 23.4 deg | F= 38.6 N | M= 21.7 Nm (limit 150.0) | edge= 40.9 mm
set_up:     t=  9.6 s | tip= 23.4 deg | F= 38.6 N | M= 21.7 Nm (limit 150.0) | edge= 40.9 mm
set_up:     t=  9.8 s | tip= 23.4 deg | F= 38.6 N | M= 21.7 Nm (limit 150.0) | edge= 40.9 mm
set_up:     t= 10.0 s | tip= 23.4 deg | F= 38.6 N | M= 21.7 Nm (limit 150.0) | edge= 40.9 mm
set_up:     t= 10.2 s | tip= 23.4 deg | F= 38.6 N | M= 21.7 Nm (limit 150.0) | edge= 40.9 mm
set_up:     t= 10.4 s | tip= 23.4 deg | F= 38.6 N | M= 21.7 Nm (limit 150.0) | edge= 40.9 mm
set_up:     t= 10.6 s | tip= 23.4 deg | F= 38.6 N | M= 21.7 Nm (limit 150.0) | edge= 40.9 mm
set_up:     t= 10.8 s | tip= 23.4 deg | F= 38.7 N | M= 21.7 Nm (limit 150.0) | edge= 40.9 mm
set_up:     t= 11.0 s | tip= 23.4 deg | F= 38.6 N | M= 21.7 Nm (limit 150.0) | edge= 40.9 mm
set_up:     t= 11.2 s | tip= 23.4 deg | F= 38.7 N | M= 21.7 Nm (limit 150.0) | edge= 40.9 mm
set_up:     t= 11.4 s | tip= 23.4 deg | F= 38.6 N | M= 21.7 Nm (limit 150.0) | edge= 40.9 mm
set_up:     t= 11.6 s | tip= 23.4 deg | F= 38.7 N | M= 21.7 Nm (limit 150.0) | edge= 40.9 mm
set_up:     t= 11.8 s | tip= 23.4 deg | F= 38.6 N | M= 21.7 Nm (limit 150.0) | edge= 40.9 mm

=== Set-up result ===
stop: time | t=12.0 s | tip=23.4 deg | F=38.6 N | M=21.7 Nm
edge_from_contact = [-34.2, +3.5, -22.2] mm | norm=40.9 mm
tcp_from_contact  = [-38.7, +62.8, +7.2] mm | norm=74.2 mm
alignment: before=0.49 deg | after=23.66 deg | gain=-23.17 deg

=== Set-up surface-frame breakdown ===
frame: alignment-target [tangent1, tangent2, normal]
force        [N]      = [    -5.98,     +0.67,    -38.11]
tcp_disp     [mm]     = [   -21.92,     +2.17,    -36.25]
edge_disp    [mm]     = [   -32.12,     +3.53,    -25.05]
Kp_eff=F/tcp [N/m]    = [    272.9,     308.9,    1051.5]
moment@edge  [Nm]     = [    +2.53,    +20.69,     +0.07]
tip_angle    [deg]    = [    -3.15,    -23.16,     +0.07]
KR_eff=M/ang [Nm/rad] = [    -46.1,     -51.2,      54.7]

finite_axis: angle=23.4 deg | axis_from_edge=[-70.0, +10.5, +71.9] mm | dir=[+0.134, +0.991, -0.015] | pitch=-1.8 mm/rad

=== Coupled stiffness from the measured pole ===
source spring K_pole/D_pole (diagonal, from parameters):
  Kp [N/m]     = [2000, 2000, 350]
  KR [Nm/rad]  = [5, 5, 50]
  Dp [Ns/m]    = [10, 10, 175]
  DR [Nms/rad] = [10.01, 10.01, 10]

poles compared (lever r_c = TCP - pole):
  (A) measured axis : angle=23.4 deg | pitch=-1.8 mm/rad
      pole_from_edge = [-35.9, 6.3, 94.1] mm
      r_c            = [31.4, 53.0, -64.7] mm
  (B) manual pole   : COMMANDED this run, contact reference
      pole_from_edge = [160.7, -3.5, 91.4] mm
      r_c            = [-140.3, 60.7, -27.8] mm
      r_c(B)-r_c(A)  = [-171.6, 7.6, 36.9] mm

K_TCP = Ad^T K_pole Ad  [rows fx..mz | cols tx..rz]:
  (A) measured axis:
           tx        ty        tz    |    rx        ry        rz
  fx [    2000        0        0 |        0    129.4    106.1 ]
  fy [       0     2000        0 |   -129.4        0    -62.7 ]
  fz [       0        0      350 |   -18.56    10.97        0 ]
     ---------------------------+---------------------------
  mx [       0   -129.4   -18.56 |     14.7   -0.582    7.965 ]
  my [   129.4        0    10.97 |   -0.582    13.72    6.865 ]
  mz [   106.1    -62.7        0 |    7.965    6.865    57.25 ]
  (A) K_TCP eigenvalues = [4.96, 4.981, 49.79, 351.3, 2008, 2016] -> PSD ok (>=0) (min=4.96)
  (B) manual pole:
           tx        ty        tz    |    rx        ry        rz
  fx [    2000        0        0 |        0    55.63    121.3 ]
  fy [       0     2000        0 |   -55.63        0    280.5 ]
  fz [       0        0      350 |   -21.23   -49.09        0 ]
     ---------------------------+---------------------------
  mx [       0   -55.63   -21.23 |    8.177    2.978   -3.895 ]
  my [   55.63        0   -49.09 |    2.978    13.43    3.374 ]
  mz [   121.3    280.5        0 |   -3.895    3.374    96.36 ]
  (B) K_TCP eigenvalues = [4.881, 4.992, 48.87, 358.3, 2002, 2049] -> PSD ok (>=0) (min=4.881)

D_TCP = Ad^T D_pole Ad:
  (A) measured axis:
           tx        ty        tz    |    rx        ry        rz
  fx [   237.2        0        0 |        0    15.35    12.58 ]
  fy [       0    178.1        0 |   -11.53        0   -5.584 ]
  fz [       0        0    108.1 |   -5.732    3.388        0 ]
     ---------------------------+---------------------------
  mx [       0   -11.53   -5.732 |    2.453  -0.1797   0.3064 ]
  my [   15.35        0    3.388 |  -0.1797    3.176   0.8142 ]
  mz [   12.58   -5.584        0 |   0.3064   0.8142    1.622 ]
  (A) D_TCP eigenvalues = [0.7719, 1.399, 2.066, 108.5, 179, 238.9] -> PSD ok (>=0) (min=0.7719)
  (B) manual pole:
           tx        ty        tz    |    rx        ry        rz
  fx [   237.2        0        0 |        0    6.597    14.39 ]
  fy [       0    178.1        0 |   -4.954        0    24.98 ]
  fz [       0        0    108.1 |   -6.555   -15.16        0 ]
     ---------------------------+---------------------------
  mx [       0   -4.954   -6.555 |    1.939   0.9194  -0.7498 ]
  my [   6.597        0   -15.16 |   0.9194    4.386   0.4002 ]
  mz [   14.39    24.98        0 |  -0.7498   0.4002    5.157 ]
  (B) D_TCP eigenvalues = [0.758, 1.401, 2.035, 110.6, 181.7, 238.3] -> PSD ok (>=0) (min=0.758)
phase: grind

Stop requested with e + Enter. Finishing control loop...

Joint motion [deg]:
joint    start   final   delta
------------------------------
q1       -2.7    -6.6    -3.9
q2       18.1    38.6    20.5
q3       -5.1    -1.6     3.6
q4     -122.8  -108.1    14.7
q5       17.5    -1.8   -19.3
q6      139.4   124.1   -15.3
q7       26.8    41.7    15.0

=== Final result ===
p_d = [529.3, -89.1, -133.3] mm
p_EE = [535.9, -83.1, 25.4] mm
e_p = [-6.6, -6.1, -158.6] mm
position_error = 158.90 mm
e_R = [0.02, -17.42, 0.90] deg
rotation_error = 17.44 deg
csv: surface_grinding_controller_log.csv
