
Press Enter to recover and configure the robot.
Robot recovered or already ready.
keys: e stop | m menu | g hand-guide

=== Startup mode ===
  s = run the phase sequence from q_init
  h = hold the q_init pose
  t = hold with the set-up impedance
  g = hand-guide the start pose
  q = go to q_init and inspect
  o = open the hand now
  c = grasp the tool now
  r = recalibrate hand width, fingers empty
  f = fetch the tool from the holder
  b = put the tool back
  e = stop and quit
While a run is going: e+Enter stops, m+Enter comes back here.
Choice [s/h/t/g/q/o/c/r/f/b/e]: 
=== Phase sequence mode ===
Moving to q_init (horizontal_table_search)
  q1..q7 [deg] = [0.8, 12.1, -0.5, -130.9, -0.2, 142.9, 44.7] deg
  horizontal_table_search = [0.014777, 0.210911, -0.009320, -2.284835, -0.002725, 2.493410, 0.780694] rad
q_init reached.

=== Start pose ===
q_start = [0.8, 12.1, -0.5, -130.9, -0.1, 142.9, 44.7] deg
p_start = [531.0, 2.6, 156.6] mm

=== Run ===
phase: approach_orient
  Kp=[150, 150, 150] N/m  KR=[90, 90, 90] Nm/rad  [t1,t2,n]
  Dp=[126.5, 103.6, 128.3] Ns/m  DR=[13.46, 15.79, 2.02] Nms/rad  auto (factor 1.90)
orient:     t=  0.0 s | axis_err= 11.1 deg | spin_err=  0.8 deg
orient:     t=  0.2 s | axis_err= 10.7 deg | spin_err=  0.9 deg
orient:     t=  0.4 s | axis_err=  7.8 deg | spin_err=  0.5 deg
orient:     t=  0.6 s | axis_err=  4.2 deg | spin_err=  0.2 deg
orient:     t=  0.8 s | axis_err=  2.4 deg | spin_err=  0.2 deg
orient:     t=  1.0 s | axis_err=  2.3 deg | spin_err=  0.2 deg
orient:     t=  1.2 s | axis_err=  2.3 deg | spin_err=  0.2 deg
orient:     t=  1.4 s | axis_err=  2.3 deg | spin_err=  0.2 deg
orient:     t=  1.6 s | axis_err=  2.3 deg | spin_err=  0.2 deg
orient:     t=  1.8 s | axis_err=  2.2 deg | spin_err=  0.2 deg
orient:     t=  2.0 s | axis_err=  2.2 deg | spin_err=  0.2 deg
orient:     t=  2.2 s | axis_err=  2.2 deg | spin_err=  0.2 deg
orient:     t=  2.4 s | axis_err=  2.2 deg | spin_err=  0.2 deg
orient:     t=  2.6 s | axis_err=  2.2 deg | spin_err=  0.2 deg
orient:     t=  2.8 s | axis_err=  2.2 deg | spin_err=  0.2 deg
orient:     t=  3.0 s | axis_err=  2.2 deg | spin_err=  0.2 deg
orient:     t=  3.2 s | axis_err=  2.2 deg | spin_err=  0.2 deg
orient:     t=  3.4 s | axis_err=  2.2 deg | spin_err=  0.2 deg
orient:     t=  3.6 s | axis_err=  2.2 deg | spin_err=  0.2 deg
orient:     t=  3.8 s | axis_err=  2.2 deg | spin_err=  0.2 deg
orient:     t=  4.0 s | axis_err=  2.2 deg | spin_err=  0.2 deg
orient:     t=  4.2 s | axis_err=  2.2 deg | spin_err=  0.2 deg
orient:     t=  4.4 s | axis_err=  2.2 deg | spin_err=  0.2 deg
orient:     t=  4.6 s | axis_err=  2.2 deg | spin_err=  0.2 deg
orient:     t=  4.8 s | axis_err=  2.2 deg | spin_err=  0.2 deg

Orientation settled short of the 2.0 deg gate after 5.0 s: axis_err=2.2 deg | spin_err=0.2 deg
phase: approach_descend
  Kp=[150, 150, 150] N/m  KR=[90, 90, 90] Nm/rad  [t1,t2,n]
  Dp=[126.5, 103.6, 128.3] Ns/m  DR=[13.46, 15.79, 2.02] Nms/rad  auto (factor 1.90)
  descend to 20 mm clearance at 0.100 m/s
descend:    t=  0.0 s | distance=   0.1 mm | height=+131.8 mm (target 20.0) | force= -0.0 N
descend:    t=  0.2 s | distance=  20.1 mm | height=+121.5 mm (target 20.0) | force=  1.2 N
descend:    t=  0.4 s | distance=  40.1 mm | height=+105.4 mm (target 20.0) | force=  0.4 N
descend:    t=  0.6 s | distance=  60.1 mm | height= +88.2 mm (target 20.0) | force=  1.0 N
descend:    t=  0.8 s | distance=  80.1 mm | height= +70.5 mm (target 20.0) | force=  0.5 N
descend:    t=  1.0 s | distance= 100.1 mm | height= +53.1 mm (target 20.0) | force=  1.3 N
descend:    t=  1.2 s | distance= 120.1 mm | height= +36.5 mm (target 20.0) | force=  0.8 N

[GATE] Reached 20 mm above the plane. Press Enter to start the set-up press (e+Enter stops).
  gate hold: Kp=[5000, 5000, 5000] N/m [x,y,z]  KR=[90, 90, 90] Nm/rad [t1,t2,n]
             Dp=[206.6, 150.8, 243.2] Ns/m  DR=[11.17, 14.25, 2.38] Nms/rad  auto
[GATE] Continuing to the set-up press.
descend:    t=  6.3 s | distance= 140.0 mm | height= +19.5 mm (target 20.0) | force= -0.5 N

Clearance reached: distance=140.0 mm | height=19.5 mm | target=20.0 mm | force=-0.5 N (not used for the switch)
offset_ee = [-20.0, -60.0, 20.0] mm
p_EE_at_contact = [530.3, -8.2, 47.2] mm
contact_point = [510.7, 47.8, -1.1] mm
edge_offset_base = [-19.7, 56.0, -48.3] mm
phase: set_up

--- set-up impedance ---
  f = Kp*e_p + Dp*de,   m = KR*e_R + DR*dw   (decoupled)
  Kp [t1,t2,n]  = [  2000.0,   2000.0,    800.0] N/m
  Dp [t1,t2,n]  = [   223.7,    178.9,    171.0] Ns/m   auto
  KR [t1,t2,n]  = [    15.0,      5.0,     50.0] Nm/rad
  DR [t1,t2,n]  = [     2.5,      1.9,      1.0] Nms/rad   auto
set_up:     t=  0.0 s | tip=  0.0 deg | F=  0.0 N | M=  0.0 Nm (limit 150.0) | edge= 19.5 mm
set_up:     t=  0.2 s | tip=  0.6 deg | F=  2.0 N | M=  1.5 Nm (limit 150.0) | edge= 13.1 mm
set_up:     t=  0.4 s | tip=  1.2 deg | F=  3.3 N | M=  2.0 Nm (limit 150.0) | edge=  4.8 mm
set_up:     t=  0.6 s | tip=  1.3 deg | F= 17.7 N | M=  9.6 Nm (limit 150.0) | edge=  3.7 mm
set_up:     t=  0.8 s | tip=  1.4 deg | F= 25.0 N | M= 13.4 Nm (limit 150.0) | edge=  3.7 mm
set_up:     t=  1.0 s | tip=  1.5 deg | F= 33.2 N | M= 17.8 Nm (limit 150.0) | edge=  3.7 mm
set_up:     t=  1.2 s | tip=  1.5 deg | F= 41.0 N | M= 22.0 Nm (limit 150.0) | edge=  3.7 mm
set_up:     t=  1.4 s | tip=  1.5 deg | F= 48.6 N | M= 26.1 Nm (limit 150.0) | edge=  3.7 mm
set_up:     t=  1.6 s | tip=  1.5 deg | F= 58.1 N | M= 31.1 Nm (limit 150.0) | edge=  3.7 mm
set_up:     t=  1.8 s | tip=  1.5 deg | F= 50.6 N | M= 27.1 Nm (limit 150.0) | edge=  3.7 mm
set_up:     t=  2.0 s | tip=  1.5 deg | F= 50.5 N | M= 27.1 Nm (limit 150.0) | edge=  3.7 mm
set_up:     t=  2.2 s | tip=  1.5 deg | F= 50.4 N | M= 27.0 Nm (limit 150.0) | edge=  3.7 mm
set_up:     t=  2.4 s | tip=  1.5 deg | F= 50.3 N | M= 27.0 Nm (limit 150.0) | edge=  3.7 mm
set_up:     t=  2.6 s | tip=  1.5 deg | F= 50.3 N | M= 27.0 Nm (limit 150.0) | edge=  3.7 mm
set_up:     t=  2.8 s | tip=  1.5 deg | F= 50.2 N | M= 27.0 Nm (limit 150.0) | edge=  3.7 mm
set_up:     t=  3.0 s | tip=  1.5 deg | F= 50.2 N | M= 27.0 Nm (limit 150.0) | edge=  3.7 mm
set_up:     t=  3.2 s | tip=  1.5 deg | F= 50.2 N | M= 26.9 Nm (limit 150.0) | edge=  3.7 mm
set_up:     t=  3.4 s | tip=  1.5 deg | F= 50.1 N | M= 26.9 Nm (limit 150.0) | edge=  3.7 mm
set_up:     t=  3.6 s | tip=  1.5 deg | F= 50.1 N | M= 26.9 Nm (limit 150.0) | edge=  3.7 mm
set_up:     t=  3.8 s | tip=  1.5 deg | F= 50.1 N | M= 26.9 Nm (limit 150.0) | edge=  3.7 mm
set_up:     t=  4.0 s | tip=  1.5 deg | F= 50.1 N | M= 26.9 Nm (limit 150.0) | edge=  3.7 mm
set_up:     t=  4.2 s | tip=  1.5 deg | F= 50.1 N | M= 26.9 Nm (limit 150.0) | edge=  3.7 mm
set_up:     t=  4.4 s | tip=  1.5 deg | F= 50.0 N | M= 26.9 Nm (limit 150.0) | edge=  3.7 mm
set_up:     t=  4.6 s | tip=  1.5 deg | F= 50.0 N | M= 26.9 Nm (limit 150.0) | edge=  3.7 mm
set_up:     t=  4.8 s | tip=  1.5 deg | F= 50.0 N | M= 26.9 Nm (limit 150.0) | edge=  3.7 mm

=== Set-up result ===
stop: time | t=5.0 s | tip=1.5 deg | F=49.9 N | M=26.8 Nm
edge_from_contact = [-3.7, -0.1, +0.7] mm | norm=3.7 mm
tcp_from_contact  = [+16.3, -56.7, +28.9] mm | norm=65.7 mm
alignment: before=6.99 deg | after=6.40 deg | gain=+0.59 deg
alignment components [t1,t2,n] deg: before=[-6.99,+0.08,+0.00] | after=[-6.25,+1.38,+0.00]

=== Set-up surface-frame breakdown ===
frame: alignment-target [tangent1, tangent2, normal]
force        [N]      = [    -8.22,     +2.47,    -49.20]
tcp_disp     [mm]     = [    +2.79,     -1.14,    -19.43]
edge_disp    [mm]     = [    +3.36,     -1.49,     +0.65]
Kp_eff=F/tcp [N/m]    = [  -2941.9,   -2156.3,    2532.3]
moment@edge  [Nm]     = [   -14.58,    -24.13,     +0.88]
tip_angle    [deg]    = [    +0.74,     +1.30,     +0.05]
KR_eff=M/ang [Nm/rad] = [  -1132.8,   -1067.0,    1036.7]

[GATE] Set up finished (holding the pressed pose). Press Enter to start the grind (e+Enter stops).

Stop requested with e + Enter. Finishing control loop...

Joint motion [deg]:
joint    start   final   delta
------------------------------
q1        0.8     2.1     1.2
q2       12.1    29.3    17.2
q3       -0.5    -2.8    -2.3
q4     -130.9  -129.9     1.0
q5       -0.1   -18.2   -18.1
q6      142.9   159.1    16.2
q7       44.7    61.4    16.6

=== Final result ===
p_d = [528.9, -10.4, -32.2] mm
p_EE = [526.9, -8.9, 27.8] mm
e_p = [2.0, -1.5, -60.0] mm
position_error = 60.05 mm
e_R = [-0.14, -1.48, 0.10] deg
rotation_error = 1.49 deg
csv: logs/surface_grinding_controller_log.csv
