
====================================================================
  SURFACE GRINDING CONTROLLER
====================================================================
  robot              172.16.0.2
--------------------------------------------------------------------

Press Enter to recover and configure the robot.
  Robot recovered or already ready.

====================================================================
  STARTUP MODE
====================================================================
  run     s   run the phase sequence from q_init
          h   hold the q_init pose
          t   hold with the set-up impedance, to test those gains
          g   hand-guide the start pose, then choose
--------------------------------------------------------------------
  set up  q   go to q_init and inspect
          o   open the hand now
          c   grasp the tool now
          r   recalibrate the hand width, fingers empty
          f   fetch the tool from the holder
          b   put the tool back
--------------------------------------------------------------------
  quit    e   stop and quit
--------------------------------------------------------------------
  in a run    e stop | m menu | g hand-guide | s sequence | t hold
--------------------------------------------------------------------
Choice [s/h/t/g/q/o/c/r/f/b/e]: 
-- selected: phase sequence ----------------------------------------

-- moving to q_init ------------------------------------------------
  case               horizontal_table_search
  q1..q7 [deg]     = [0.8, 12.1, -0.5, -130.9, -0.2, 142.9, 44.7] deg
  horizontal_table_search = [0.014777, 0.210911, -0.009320, -2.284835, -0.002725, 2.493410, 0.780694] rad
  q_init reached.

-- start pose ------------------------------------------------------
  q_start          = [0.8, 12.1, -0.5, -130.9, -0.2, 142.9, 44.7] deg
  p_start          = [    531.4,       2.6,     156.9] mm

====================================================================
  RUN
====================================================================

-- phase: approach_orient ------------------------------------------
  Kp [t1,t2,n]     = [    150.0,     150.0,     150.0] N/m
  Dp [t1,t2,n]     = [    126.5,     103.6,     128.3] Ns/m     auto (factor 1.90)
  KR [t1,t2,n]     = [     90.0,      90.0,      90.0] Nm/rad
  DR [t1,t2,n]     = [     13.5,      15.8,       2.0] Nms/rad  auto (factor 1.90)
orient:     t=  0.0 s | axis_err= 11.1 deg | spin_err=  0.8 deg
orient:     t=  0.2 s | axis_err= 10.4 deg | spin_err=  0.9 deg
orient:     t=  0.4 s | axis_err=  7.7 deg | spin_err=  0.5 deg
orient:     t=  0.6 s | axis_err=  4.1 deg | spin_err=  0.1 deg
orient:     t=  0.8 s | axis_err=  2.4 deg | spin_err=  0.2 deg
orient:     t=  1.0 s | axis_err=  2.2 deg | spin_err=  0.2 deg
orient:     t=  1.2 s | axis_err=  2.2 deg | spin_err=  0.2 deg
orient:     t=  1.4 s | axis_err=  2.2 deg | spin_err=  0.2 deg
orient:     t=  1.6 s | axis_err=  2.2 deg | spin_err=  0.2 deg
orient:     t=  1.8 s | axis_err=  2.2 deg | spin_err=  0.2 deg
orient:     t=  2.0 s | axis_err=  2.2 deg | spin_err=  0.2 deg
orient:     t=  2.2 s | axis_err=  2.2 deg | spin_err=  0.2 deg
orient:     t=  2.4 s | axis_err=  2.2 deg | spin_err=  0.2 deg
orient:     t=  2.6 s | axis_err=  2.2 deg | spin_err=  0.2 deg
orient:     t=  2.8 s | axis_err=  2.2 deg | spin_err=  0.2 deg
orient:     t=  3.0 s | axis_err=  2.2 deg | spin_err=  0.2 deg
orient:     t=  3.2 s | axis_err=  2.2 deg | spin_err=  0.2 deg
orient:     t=  3.4 s | axis_err=  2.2 deg | spin_err=  0.2 deg
orient:     t=  3.6 s | axis_err=  2.2 deg | spin_err=  0.2 deg
orient:     t=  3.8 s | axis_err=  2.2 deg | spin_err=  0.2 deg
orient:     t=  4.0 s | axis_err=  2.2 deg | spin_err=  0.2 deg
orient:     t=  4.2 s | axis_err=  2.2 deg | spin_err=  0.2 deg
orient:     t=  4.4 s | axis_err=  2.2 deg | spin_err=  0.2 deg
orient:     t=  4.6 s | axis_err=  2.2 deg | spin_err=  0.2 deg
orient:     t=  4.8 s | axis_err=  2.2 deg | spin_err=  0.2 deg

Orientation settled short of the 2.0 deg gate after 5.0 s: axis_err=2.2 deg | spin_err=0.2 deg

-- phase: approach_descend -----------------------------------------
  Kp [t1,t2,n]     = [    150.0,     150.0,     150.0] N/m
  Dp [t1,t2,n]     = [    126.5,     103.6,     128.3] Ns/m     auto (factor 1.90)
  KR [t1,t2,n]     = [     90.0,      90.0,      90.0] Nm/rad
  DR [t1,t2,n]     = [     13.5,      15.8,       2.0] Nms/rad  auto (factor 1.90)
  descend to         20 mm clearance at 0.100 m/s
descend:    t=  0.0 s | distance=   0.1 mm | height=+132.7 mm (target 20.0) | force=  0.0 N
descend:    t=  0.2 s | distance=  20.1 mm | height=+122.8 mm (target 20.0) | force=  0.8 N
descend:    t=  0.4 s | distance=  40.1 mm | height=+106.9 mm (target 20.0) | force=  0.3 N
descend:    t=  0.6 s | distance=  60.1 mm | height= +90.0 mm (target 20.0) | force=  1.4 N
descend:    t=  0.8 s | distance=  80.1 mm | height= +72.8 mm (target 20.0) | force=  0.1 N
descend:    t=  1.0 s | distance= 100.1 mm | height= +55.9 mm (target 20.0) | force=  1.5 N
descend:    t=  1.2 s | distance= 120.1 mm | height= +39.3 mm (target 20.0) | force=  1.1 N
descend:    t=  1.4 s | distance= 140.1 mm | height= +22.3 mm (target 20.0) | force=  1.8 N

[GATE] Reached 20 mm above the plane. Press Enter to start the set-up press (e+Enter stops).

-- gate hold -------------------------------------------------------
  Kp [x,y,z]       = [   5000.0,    5000.0,    5000.0] N/m
  Dp [x,y,z]       = [    206.6,     151.0,     242.6] Ns/m     auto
  KR [t1,t2,n]     = [     90.0,      90.0,      90.0] Nm/rad
  DR [t1,t2,n]     = [     11.1,      14.3,       2.4] Nms/rad  auto
[GATE] Continuing to the set-up press.

Clearance reached: distance=142.8 mm | height=19.9 mm | target=20.0 mm | force=2.0 N (not used for the switch)
  offset_ee        = [    -20.0,     -60.0,      20.0] mm
  p_EE_at_contact  = [    531.2,      -6.8,      47.5] mm
  contact_point    = [    511.2,      49.1,      -1.1] mm
  edge_offset      = [    -19.9,      55.9,     -48.6] mm

-- phase: set_up ---------------------------------------------------

-- set-up impedance ------------------------------------------------
  law                wrench = K_TCP*dx + D_TCP*dv
                     K_TCP  = Ad(r_c)^T * blkdiag(Kp,KR) * Ad(r_c)
  Kp [t1,t2,n]     = [   2000.0,    2000.0,     800.0] N/m
  Dp [t1,t2,n]     = [    224.4,     178.8,     170.5] Ns/m     auto
  KR [t1,t2,n]     = [      5.0,       5.0,      50.0] Nm/rad
  DR [t1,t2,n]     = [      1.5,       1.9,       1.0] Nms/rad  auto
  p_c [EE]         = [     16.6,      36.1,       4.9] mm       the pole on the tool, from p_EE
  r_c [t1,t2,n]    = [      0.0,     -40.0,       0.0] mm       commanded: p_TCP - p_c, in the plane
set_up:     t=  0.0 s | tip=  0.0 deg | F=  0.1 N | M=  0.0 Nm (limit 150.0) | edge= 19.8 mm
set_up:     t=  0.2 s | tip=  0.5 deg | F=  1.8 N | M=  1.3 Nm (limit 150.0) | edge= 11.5 mm
set_up:     t=  0.4 s | tip=  1.0 deg | F=  1.8 N | M=  1.4 Nm (limit 150.0) | edge=  5.2 mm
set_up:     t=  0.6 s | tip=  1.2 deg | F= 13.3 N | M=  8.0 Nm (limit 150.0) | edge=  2.6 mm
set_up:     t=  0.8 s | tip=  1.2 deg | F= 20.6 N | M= 11.9 Nm (limit 150.0) | edge=  2.5 mm
set_up:     t=  1.0 s | tip=  1.2 deg | F= 28.5 N | M= 16.2 Nm (limit 150.0) | edge=  2.5 mm
set_up:     t=  1.2 s | tip=  1.3 deg | F= 35.8 N | M= 20.3 Nm (limit 150.0) | edge=  2.5 mm
set_up:     t=  1.4 s | tip=  1.4 deg | F= 43.5 N | M= 24.4 Nm (limit 150.0) | edge=  2.5 mm
set_up:     t=  1.6 s | tip=  1.7 deg | F= 51.0 N | M= 28.5 Nm (limit 150.0) | edge=  2.4 mm
set_up:     t=  1.8 s | tip=  2.0 deg | F= 43.8 N | M= 24.6 Nm (limit 150.0) | edge=  2.4 mm
set_up:     t=  2.0 s | tip=  2.2 deg | F= 43.0 N | M= 24.3 Nm (limit 150.0) | edge=  2.5 mm
set_up:     t=  2.2 s | tip=  2.3 deg | F= 42.9 N | M= 24.2 Nm (limit 150.0) | edge=  2.5 mm
set_up:     t=  2.4 s | tip=  2.4 deg | F= 42.8 N | M= 24.0 Nm (limit 150.0) | edge=  2.5 mm
set_up:     t=  2.6 s | tip=  2.6 deg | F= 42.6 N | M= 23.9 Nm (limit 150.0) | edge=  2.5 mm
set_up:     t=  2.8 s | tip=  2.7 deg | F= 42.4 N | M= 23.9 Nm (limit 150.0) | edge=  2.7 mm
set_up:     t=  3.0 s | tip=  2.8 deg | F= 42.3 N | M= 23.8 Nm (limit 150.0) | edge=  2.8 mm
set_up:     t=  3.2 s | tip=  2.9 deg | F= 41.9 N | M= 23.5 Nm (limit 150.0) | edge=  2.7 mm
set_up:     t=  3.4 s | tip=  3.1 deg | F= 41.1 N | M= 23.2 Nm (limit 150.0) | edge=  2.8 mm
set_up:     t=  3.6 s | tip=  3.3 deg | F= 41.2 N | M= 23.2 Nm (limit 150.0) | edge=  2.9 mm
set_up:     t=  3.8 s | tip=  3.3 deg | F= 41.2 N | M= 23.2 Nm (limit 150.0) | edge=  2.9 mm
set_up:     t=  4.0 s | tip=  3.3 deg | F= 41.2 N | M= 23.2 Nm (limit 150.0) | edge=  2.9 mm
set_up:     t=  4.2 s | tip=  3.4 deg | F= 41.2 N | M= 23.2 Nm (limit 150.0) | edge=  2.9 mm
set_up:     t=  4.4 s | tip=  3.4 deg | F= 41.3 N | M= 23.2 Nm (limit 150.0) | edge=  2.9 mm
set_up:     t=  4.6 s | tip=  3.4 deg | F= 41.3 N | M= 23.2 Nm (limit 150.0) | edge=  2.9 mm
set_up:     t=  4.8 s | tip=  3.4 deg | F= 41.3 N | M= 23.2 Nm (limit 150.0) | edge=  2.9 mm

====================================================================
  SET-UP RESULT
====================================================================
  stop: time | t=5.0 s | tip=3.4 deg | F=41.3 N | M=23.2 Nm
  edge_from_contact = [-2.2, +1.8, +0.6] mm | norm=2.9 mm
  tcp_from_contact  = [+17.8, -56.2, +25.8] mm | norm=64.4 mm
  alignment: before=6.86 deg | after=3.50 deg | gain=+3.35 deg
  alignment components [t1,t2,n] deg: before=[-6.85,+0.37,-0.00] | after=[-3.49,+0.27,+0.00]

-- set-up surface-frame breakdown ----------------------------------
  frame              alignment-target [tangent1, tangent2, normal]
  force        [N]      = [    -2.30,     +0.57,    -41.22]
  tcp_disp     [mm]     = [    +1.47,     -1.04,    -22.85]
  edge_disp    [mm]     = [    +1.22,     -2.52,     +0.60]
  Kp_eff=F/tcp [N/m]    = [  -1563.1,    -548.2,    1803.7]
  moment@edge  [Nm]     = [   -13.25,    -20.38,     +0.39]
  tip_angle    [deg]    = [    +3.35,     -0.12,     +0.18]
  KR_eff=M/ang [Nm/rad] = [   -226.4,    9692.4,     121.5]

-- centre of compliance --------------------------------------------
  definition         r_c = p_TCP - p_c
  p_TCP [x,y,z]    = [    531.2,      -6.8,      47.5] mm
  p_c [EE]         = [     16.6,      36.1,       4.9] mm
  r_c [t1,t2,n]    = [      0.0,     -40.0,       0.0] mm
                     p_c resolved at first contact

-- what the TCP feels ----------------------------------------------
  K_TCP translation = [   1999.6,    1999.1,     801.3] N/m
  K_TCP rotation   = [      6.1,       5.3,      53.1] Nm/rad
  commanded KR was = [      5.0,       5.0,      50.0] Nm/rad   the rest is the lever
  D_TCP translation = [    216.2,     186.9,     170.6] Ns/m
  D_TCP rotation   = [      1.8,       1.9,       1.4] Nms/rad
  coupling           max |moment per unit translation| = 72.4 Nm/m (K), 8.1 Nms/m (D)
  eigenvalues        K_TCP 4.99 .. 2003 | D_TCP 1.01 .. 225  (both positive: valid springs)

  K_TCP [N/m, Nm/rad | rows fx..mz, cols tx..rz]:
           tx        ty        tz    |    rx        ry        rz
  fx [    2000  -0.5725   -20.68 |   0.7498    1.771    72.44 ]
  fy [ -0.5725     1999   -33.18 |  -0.2185   0.5615    33.83 ]
  fz [  -20.68   -33.18    801.3 |   -29.01   -13.58   -1.311 ]
     ---------------------------+---------------------------
  mx [  0.7498  -0.2185   -29.01 |    6.065   0.5133   0.7991 ]
  my [   1.771   0.5615   -13.58 |   0.5133    5.266    1.318 ]
  mz [   72.44    33.83   -1.311 |   0.7991    1.318    53.15 ]

  D_TCP [Ns/m, Nms/rad]:
           tx        ty        tz    |    rx        ry        rz
  fx [   216.2    17.48   -1.272 |  0.03368   0.1752     8.13 ]
  fy [   17.48    186.9  -0.7563 |  -0.1054  0.02523    3.799 ]
  fz [  -1.272  -0.7563    170.6 |   -6.179   -2.889 -0.05891 ]
     ---------------------------+---------------------------
  mx [ 0.03368  -0.1054   -6.179 |    1.752 -0.06013 -0.004857 ]
  my [  0.1752  0.02523   -2.889 | -0.06013    1.852 -0.01219 ]
  mz [    8.13    3.799 -0.05891 | -0.004857 -0.01219    1.374 ]

[GATE] Set up finished (holding the pressed pose). Press Enter to start the grind (e+Enter stops).

Stop requested with e + Enter. Finishing control loop...

-- joint motion [deg] ----------------------------------------------
  joint       start    final    delta
  q1            0.8     -4.3     -5.1
  q2           12.1     30.0    +17.9
  q3           -0.5      2.8     +3.3
  q4         -130.9   -129.4     +1.5
  q5           -0.2    -17.8    -17.6
  q6          142.9    159.2    +16.3
  q7           44.7     59.7    +14.9

====================================================================
  FINAL RESULT
====================================================================
  p_d              = [    529.8,      -9.0,     -32.4] mm
  p_EE             = [    529.0,      -7.1,      24.6] mm
  e_p              = [      0.8,      -1.9,     -57.0] mm
  e_R              = [    -3.08,     -1.30,      0.27] deg
--------------------------------------------------------------------
  position error     57.06 mm
  rotation error     3.36 deg
  csv                logs/surface_grinding_controller_log.csv
--------------------------------------------------------------------
