
Press Enter to recover and configure the robot.
Robot recovered or already ready.
Collision: custom thresholds.

=== Startup choice ===
  q = go to q_init (from params/common.txt), then choose again
  g = guiding mode: go to q_init, then hand-guide to your pose;
      use s+Enter for sequence or h+Enter for hold
  o = open the Franka hand now (release/load tool), then choose again
  c = close/grasp the tool now, then choose again
  r = continue to run mode (available after q_init is reached)
Choice [q/g/o/c/r, Enter = q]: Reach q_init with q before continuing.

=== Startup choice ===
  q = go to q_init (from params/common.txt), then choose again
  g = guiding mode: go to q_init, then hand-guide to your pose;
      use s+Enter for sequence or h+Enter for hold
  o = open the Franka hand now (release/load tool), then choose again
  c = close/grasp the tool now, then choose again
  r = continue to run mode (available after q_init is reached)
Choice [q/g/o/c/r, Enter = q]: Moving to q_init...
q_init reached.

=== Startup choice ===
  q = go to q_init (from params/common.txt), then choose again
  g = guiding mode: go to q_init, then hand-guide to your pose;
      use s+Enter for sequence or h+Enter for hold
  o = open the Franka hand now (release/load tool), then choose again
  c = close/grasp the tool now, then choose again
  r = continue to run mode
Choice [q/g/o/c/r, Enter = q]: Moving to q_init...
q_init reached.

=== Startup choice ===
  q = go to q_init (from params/common.txt), then choose again
  g = guiding mode: go to q_init, then hand-guide to your pose;
      use s+Enter for sequence or h+Enter for hold
  o = open the Franka hand now (release/load tool), then choose again
  c = close/grasp the tool now, then choose again
  r = continue to run mode
Choice [q/g/o/c/r, Enter = q]: 
=== Run mode ===
  s = phase sequence (approach / set up / grind)
  h = hold at the start pose
Choice [s/h, Enter = s]: Selected: phase sequence. Nullspace mode from parameters: nullspace_damping_plus_sigma.

=== Setup ===
run: phase sequence | approach_orient: on | nullspace: nullspace_damping_plus_sigma
nullspace parameters: d_null=2.000 | k_sigma=1.000 Nm | alpha=0.0800 rad
hold: Kp=300.0 N/m | KR=40.0 Nm/rad | damping=auto translation+rotation (factor fitted online toward Dp=50.0 Ns/m)
manual_guidance_start: off | manual_damping=0.50
descend: clearance=20.0 mm | speed=0.100 m/s | max_distance=640 mm
alignment push: start=captured | end=+180 mm | speed=0.050 m/s | ramp_time~=4.0 s | timeout=12.0 s | moment_threshold=150.0 Nm
grind: sweep | axis=tangent2 | amplitude=30 mm | frequency=0.20 Hz
coupled stiffness: apply=on | saved=yes | pole=manual
gates: pause_before_set_up=on | pause_auto_damping=on | pause_before_grind=off | debug_period=0.20 s
alignment-target normal=[+0.087, -0.000, +0.996] | tilt a(x)=0.0 deg, b(y)=5.0 deg (from angles)
tool face: 40 x 120 mm | center offset EE=[+0.0, +0.0, +20.0] mm
Gripper already holding the tool (width 65.0 mm); keeping grasp.
Press e+Enter to stop the controller before the duration expires.
During hold: press g+Enter to hand-guide the tool, then p+Enter to recapture and resume hold.
experiment_duration <= 0: running indefinitely until e + Enter.

=== Start pose ===
q_start = [-2.7, 18.1, -5.1, -122.8, 17.5, 139.5, 26.8] deg
p_start = [565.2, -59.4, 151.2] mm

=== Run ===
phase: approach_orient
orient:     t=  0.0 s | axis_err= 11.5 deg | rot_err= 11.5 deg
approach Dp        auto=[ 134.15,   97.25,  122.27]  manual=[  20.00,   20.00,   20.00] Ns/m
approach DR        auto=[  12.73,   16.36,    4.08]  manual=[  12.00,   12.00,   12.00] Nms/rad
orient:     t=  0.2 s | axis_err=  4.6 deg | rot_err=  4.6 deg
orient:     t=  0.4 s | axis_err=  2.5 deg | rot_err=  2.5 deg

Orientation reached: axis_err=2.0 deg
phase: approach_descend
descend:    t=  0.0 s | distance=   0.1 mm | height= +95.6 mm (target 20.0) | force=  0.0 N
descend:    t=  0.2 s | distance=  20.1 mm | height= +83.4 mm (target 20.0) | force=  2.7 N
descend:    t=  0.4 s | distance=  40.1 mm | height= +67.7 mm (target 20.0) | force=  2.7 N
descend:    t=  0.6 s | distance=  60.2 mm | height= +51.0 mm (target 20.0) | force=  2.8 N
descend:    t=  0.8 s | distance=  80.3 mm | height= +33.5 mm (target 20.0) | force=  2.1 N

[GATE] Reached 20 mm above the plane. Press Enter to start the set-up press (e+Enter stops).
pause auto damping: fitted Dp factor=0.551, DR factor=1.960
pause Dp [xyz]     auto=[ 206.54,  155.17,  224.92]  manual=[ 200.00,  200.00,  200.00] Ns/m
pause DR [t1t2n]   auto=[  11.73,   17.28,    2.04]  manual=[  12.73,   16.36,    4.08] Nms/rad
[GATE] Continuing to the set-up press.
descend:    t=  2.1 s | distance=  95.8 mm | height= +19.4 mm (target 20.0) | force=  1.3 N

Clearance reached: distance=95.8 mm | height=19.4 mm | target=20.0 mm | force=1.3 N (not used for the switch)
offset_ee = [20.0, 60.0, 20.0] mm
p_EE_at_contact = [546.2, -64.2, 65.4] mm
contact_point = [560.0, -124.8, 24.1] mm
edge_offset_base = [13.8, -60.6, -41.3] mm
phase: set_up
set_up Dp [xyz]    auto=[ 237.06,  178.12,  108.14]  manual=[  10.00,   10.00,  175.00] Ns/m
set_up DR [t1t2n]  auto=[   1.41,    2.07,    0.77]  manual=[  10.01,   10.01,   10.00] Nms/rad
set_up:     t=  0.0 s | tip=  0.0 deg | F=  0.0 N | M=  0.0 Nm (limit 150.0) | edge= 19.4 mm
set_up:     t=  0.2 s | tip=  0.5 deg | F=  1.1 N | M=  0.5 Nm (limit 150.0) | edge= 13.5 mm
set_up:     t=  0.4 s | tip=  1.2 deg | F=  2.4 N | M=  1.0 Nm (limit 150.0) | edge=  6.4 mm
set_up:     t=  0.6 s | tip=  1.8 deg | F=  2.4 N | M=  1.0 Nm (limit 150.0) | edge=  5.7 mm
set_up:     t=  0.8 s | tip=  2.2 deg | F=  2.3 N | M=  0.9 Nm (limit 150.0) | edge= 13.5 mm
set_up:     t=  1.0 s | tip=  2.3 deg | F= 12.3 N | M=  6.7 Nm (limit 150.0) | edge= 19.7 mm
set_up:     t=  1.2 s | tip=  2.3 deg | F= 12.8 N | M=  6.8 Nm (limit 150.0) | edge= 19.8 mm
set_up:     t=  1.4 s | tip=  2.3 deg | F= 16.8 N | M=  9.0 Nm (limit 150.0) | edge= 19.9 mm
set_up:     t=  1.6 s | tip=  2.3 deg | F= 20.6 N | M= 11.0 Nm (limit 150.0) | edge= 20.0 mm
set_up:     t=  1.8 s | tip=  2.4 deg | F= 24.1 N | M= 12.8 Nm (limit 150.0) | edge= 20.1 mm
set_up:     t=  2.0 s | tip=  2.4 deg | F= 27.8 N | M= 14.7 Nm (limit 150.0) | edge= 20.2 mm
set_up:     t=  2.2 s | tip=  2.4 deg | F= 31.2 N | M= 16.5 Nm (limit 150.0) | edge= 20.3 mm
set_up:     t=  2.4 s | tip=  2.5 deg | F= 35.0 N | M= 18.6 Nm (limit 150.0) | edge= 20.5 mm
set_up:     t=  2.6 s | tip=  2.7 deg | F= 38.5 N | M= 20.2 Nm (limit 150.0) | edge= 20.6 mm
set_up:     t=  2.8 s | tip=  2.8 deg | F= 42.6 N | M= 22.3 Nm (limit 150.0) | edge= 20.7 mm
set_up:     t=  3.0 s | tip=  2.8 deg | F= 46.2 N | M= 24.2 Nm (limit 150.0) | edge= 20.8 mm
set_up:     t=  3.2 s | tip=  2.9 deg | F= 50.1 N | M= 26.1 Nm (limit 150.0) | edge= 20.9 mm
set_up:     t=  3.4 s | tip=  2.9 deg | F= 53.6 N | M= 27.7 Nm (limit 150.0) | edge= 21.0 mm
set_up:     t=  3.6 s | tip=  2.9 deg | F= 57.3 N | M= 29.4 Nm (limit 150.0) | edge= 21.1 mm
set_up:     t=  3.8 s | tip=  3.0 deg | F= 61.2 N | M= 31.3 Nm (limit 150.0) | edge= 21.2 mm
set_up:     t=  4.0 s | tip=  3.0 deg | F= 65.5 N | M= 33.6 Nm (limit 150.0) | edge= 21.3 mm
set_up:     t=  4.2 s | tip=  3.0 deg | F= 60.9 N | M= 31.0 Nm (limit 150.0) | edge= 21.3 mm
set_up:     t=  4.4 s | tip=  3.0 deg | F= 60.9 N | M= 30.9 Nm (limit 150.0) | edge= 21.3 mm
set_up:     t=  4.6 s | tip=  3.0 deg | F= 60.9 N | M= 30.9 Nm (limit 150.0) | edge= 21.3 mm
set_up:     t=  4.8 s | tip=  3.0 deg | F= 60.8 N | M= 30.9 Nm (limit 150.0) | edge= 21.3 mm
set_up:     t=  5.0 s | tip=  3.0 deg | F= 60.8 N | M= 30.9 Nm (limit 150.0) | edge= 21.3 mm
set_up:     t=  5.2 s | tip=  3.0 deg | F= 60.8 N | M= 30.9 Nm (limit 150.0) | edge= 21.3 mm
set_up:     t=  5.4 s | tip=  3.0 deg | F= 60.8 N | M= 30.9 Nm (limit 150.0) | edge= 21.3 mm
set_up:     t=  5.6 s | tip=  3.0 deg | F= 60.8 N | M= 30.8 Nm (limit 150.0) | edge= 21.3 mm
set_up:     t=  5.8 s | tip=  3.0 deg | F= 60.8 N | M= 30.8 Nm (limit 150.0) | edge= 21.3 mm
set_up:     t=  6.0 s | tip=  3.0 deg | F= 60.7 N | M= 30.8 Nm (limit 150.0) | edge= 21.3 mm
set_up:     t=  6.2 s | tip=  3.0 deg | F= 60.7 N | M= 30.8 Nm (limit 150.0) | edge= 21.3 mm
set_up:     t=  6.4 s | tip=  3.0 deg | F= 60.7 N | M= 30.8 Nm (limit 150.0) | edge= 21.3 mm
set_up:     t=  6.6 s | tip=  3.0 deg | F= 60.7 N | M= 30.8 Nm (limit 150.0) | edge= 21.3 mm
set_up:     t=  6.8 s | tip=  3.0 deg | F= 60.7 N | M= 30.8 Nm (limit 150.0) | edge= 21.3 mm
set_up:     t=  7.0 s | tip=  3.0 deg | F= 60.7 N | M= 30.8 Nm (limit 150.0) | edge= 21.3 mm
set_up:     t=  7.2 s | tip=  3.0 deg | F= 60.7 N | M= 30.8 Nm (limit 150.0) | edge= 21.3 mm
set_up:     t=  7.4 s | tip=  3.0 deg | F= 60.7 N | M= 30.7 Nm (limit 150.0) | edge= 21.3 mm
set_up:     t=  7.6 s | tip=  3.0 deg | F= 60.6 N | M= 30.7 Nm (limit 150.0) | edge= 21.3 mm
set_up:     t=  7.8 s | tip=  3.0 deg | F= 60.6 N | M= 30.7 Nm (limit 150.0) | edge= 21.3 mm
set_up:     t=  8.0 s | tip=  3.0 deg | F= 60.7 N | M= 30.7 Nm (limit 150.0) | edge= 21.3 mm
set_up:     t=  8.2 s | tip=  3.0 deg | F= 60.6 N | M= 30.7 Nm (limit 150.0) | edge= 21.3 mm
set_up:     t=  8.4 s | tip=  3.0 deg | F= 60.6 N | M= 30.7 Nm (limit 150.0) | edge= 21.3 mm
set_up:     t=  8.6 s | tip=  3.0 deg | F= 60.6 N | M= 30.7 Nm (limit 150.0) | edge= 21.3 mm
set_up:     t=  8.8 s | tip=  3.0 deg | F= 60.6 N | M= 30.7 Nm (limit 150.0) | edge= 21.3 mm
set_up:     t=  9.0 s | tip=  3.0 deg | F= 60.6 N | M= 30.7 Nm (limit 150.0) | edge= 21.3 mm
set_up:     t=  9.2 s | tip=  3.0 deg | F= 60.6 N | M= 30.7 Nm (limit 150.0) | edge= 21.3 mm
set_up:     t=  9.4 s | tip=  3.0 deg | F= 60.6 N | M= 30.7 Nm (limit 150.0) | edge= 21.3 mm
set_up:     t=  9.6 s | tip=  3.0 deg | F= 60.6 N | M= 30.7 Nm (limit 150.0) | edge= 21.3 mm
set_up:     t=  9.8 s | tip=  3.0 deg | F= 60.6 N | M= 30.7 Nm (limit 150.0) | edge= 21.3 mm
set_up:     t= 10.0 s | tip=  3.0 deg | F= 60.5 N | M= 30.7 Nm (limit 150.0) | edge= 21.3 mm
set_up:     t= 10.2 s | tip=  3.0 deg | F= 60.6 N | M= 30.7 Nm (limit 150.0) | edge= 21.3 mm
set_up:     t= 10.4 s | tip=  3.0 deg | F= 60.5 N | M= 30.7 Nm (limit 150.0) | edge= 21.3 mm
set_up:     t= 10.6 s | tip=  3.0 deg | F= 60.6 N | M= 30.7 Nm (limit 150.0) | edge= 21.3 mm
set_up:     t= 10.8 s | tip=  3.0 deg | F= 60.6 N | M= 30.7 Nm (limit 150.0) | edge= 21.3 mm
set_up:     t= 11.0 s | tip=  3.0 deg | F= 60.6 N | M= 30.7 Nm (limit 150.0) | edge= 21.3 mm
set_up:     t= 11.2 s | tip=  3.0 deg | F= 60.5 N | M= 30.7 Nm (limit 150.0) | edge= 21.3 mm
set_up:     t= 11.4 s | tip=  3.0 deg | F= 60.6 N | M= 30.7 Nm (limit 150.0) | edge= 21.3 mm
set_up:     t= 11.6 s | tip=  3.0 deg | F= 60.5 N | M= 30.7 Nm (limit 150.0) | edge= 21.3 mm
set_up:     t= 11.8 s | tip=  3.0 deg | F= 60.5 N | M= 30.7 Nm (limit 150.0) | edge= 21.3 mm

=== Set-up result ===
stop: time | t=12.0 s | tip=3.0 deg | F=60.5 N | M=30.7 Nm
edge_from_contact = [-7.3, +0.4, -20.0] mm | norm=21.3 mm
tcp_from_contact  = [-22.4, +61.3, +1.6] mm | norm=65.3 mm
alignment: before=0.49 deg | after=2.93 deg | gain=-2.44 deg

=== Set-up surface-frame breakdown ===
frame: alignment-target [tangent1, tangent2, normal]
force        [N]      = [   -14.95,     -3.98,    -58.53]
tcp_disp     [mm]     = [    -5.11,     +0.64,    -40.29]
edge_disp    [mm]     = [    -5.49,     +0.42,    -20.56]
Kp_eff=F/tcp [N/m]    = [   2925.0,   -6191.2,    1452.5]
moment@edge  [Nm]     = [    +0.83,    +28.87,     -2.31]
tip_angle    [deg]    = [    +1.08,     -2.72,     -0.55]
KR_eff=M/ang [Nm/rad] = [     44.1,    -609.0,     239.8]

finite_axis: angle=3.0 deg | axis_from_edge=[-357.3, -162.5, +115.0] mm | dir=[-0.346, +0.913, +0.217] | pitch=-27.6 mm/rad

=== Coupled stiffness from the measured pole ===
source spring K_pole/D_pole (diagonal, from parameters):
  Kp [N/m]     = [2000, 2000, 350]
  KR [Nm/rad]  = [5, 5, 50]
  Dp [Ns/m]    = [10, 10, 175]
  DR [Nms/rad] = [10.01, 10.01, 10]

poles compared (lever r_c = TCP - pole):
  (A) measured axis : angle=3.0 deg | pitch=-27.6 mm/rad
      pole_from_edge = [-349.5, -164.2, 134.7] mm
      r_c            = [334.4, 225.1, -113.1] mm
  (B) manual pole   : COMMANDED this run, contact reference
      pole_from_edge = [14.2, 79.6, 99.7] mm
      r_c            = [-20.7, -19.4, -38.4] mm
      r_c(B)-r_c(A)  = [-355.1, -244.4, 74.7] mm

K_TCP = Ad^T K_pole Ad  [rows fx..mz | cols tx..rz]:
  (A) measured axis:
           tx        ty        tz    |    rx        ry        rz
  fx [    2000        0        0 |        0    226.1    450.2 ]
  fy [       0     2000        0 |   -226.1        0   -668.8 ]
  fz [       0        0      350 |   -78.78      117        0 ]
     ---------------------------+---------------------------
  mx [       0   -226.1   -78.78 |    48.64   -26.34    79.52 ]
  my [   226.1        0      117 |   -26.34     69.7     50.9 ]
  mz [   450.2   -668.8        0 |    79.52     50.9    374.6 ]
  (A) K_TCP eigenvalues = [4.247, 4.965, 42.71, 406.7, 2027, 2358] -> PSD ok (>=0) (min=4.247)
  (B) manual pole:
           tx        ty        tz    |    rx        ry        rz
  fx [    2000        0        0 |        0     76.8    -38.7 ]
  fy [       0     2000        0 |    -76.8        0    41.48 ]
  fz [       0        0      350 |    6.773   -7.259        0 ]
     ---------------------------+---------------------------
  mx [       0    -76.8    6.773 |    8.422  -0.1405    2.314 ]
  my [    76.8        0   -7.259 |  -0.1405    8.099   -1.486 ]
  mz [   -38.7    41.48        0 |    2.314   -1.486    51.27 ]
  (B) K_TCP eigenvalues = [4.989, 4.992, 49.97, 350.3, 2003, 2005] -> PSD ok (>=0) (min=4.989)

D_TCP = Ad^T D_pole Ad:
  (A) measured axis:
           tx        ty        tz    |    rx        ry        rz
  fx [   237.1        0        0 |        0     26.8    53.36 ]
  fy [       0    178.1        0 |   -20.14        0   -59.56 ]
  fz [       0        0    108.1 |   -24.34    36.16        0 ]
     ---------------------------+---------------------------
  mx [       0   -20.14   -24.34 |     9.16   -8.139    6.679 ]
  my [    26.8        0    36.16 |   -8.139    17.19    6.033 ]
  mz [   53.36   -59.56        0 |    6.679    6.033    32.71 ]
  (A) D_TCP eigenvalues = [0.6624, 1.316, 1.875, 125.4, 196.5, 256.6] -> PSD ok (>=0) (min=0.6624)
  (B) manual pole:
           tx        ty        tz    |    rx        ry        rz
  fx [   237.1        0        0 |        0    9.103   -4.588 ]
  fy [       0    178.1        0 |   -6.839        0    3.694 ]
  fz [       0        0    108.1 |    2.093   -2.243        0 ]
     ---------------------------+---------------------------
  mx [       0   -6.839    2.093 |    1.707 -0.04341  -0.1969 ]
  my [   9.103        0   -2.243 | -0.04341    2.469  -0.1762 ]
  mz [  -4.588    3.694        0 |  -0.1969  -0.1762   0.9451 ]
  (B) D_TCP eigenvalues = [0.7744, 1.406, 2.069, 108.2, 178.5, 237.5] -> PSD ok (>=0) (min=0.7744)
phase: grind

Stop requested with e + Enter. Finishing control loop...

Joint motion [deg]:
joint    start   final   delta
------------------------------
q1       -2.7    -2.8    -0.1
q2       18.1    32.2    14.1
q3       -5.1    -1.3     3.8
q4     -122.8  -122.0     0.8
q5       17.5    -0.3   -17.9
q6      139.5   146.1     6.7
q7       26.8    43.7    16.9

=== Final result ===
p_d = [528.8, -36.0, -133.2] mm
p_EE = [535.6, -40.6, 26.0] mm
e_p = [-6.7, 4.6, -159.2] mm
position_error = 159.42 mm
e_R = [0.76, -2.95, -0.14] deg
rotation_error = 3.05 deg
csv: surface_grinding_controller_log.csv
