
====================================================================
  SURFACE GRINDING CONTROLLER
====================================================================
  robot              172.16.0.2
--------------------------------------------------------------------

Press Enter to recover and configure the robot.
  Robot recovered or already ready.

====================================================================
  STARTUP MODE
====================================================================
  run     s   run the phase sequence from q_init
          h   hold the q_init pose
          t   hold with the set-up impedance, to test those gains
          g   hand-guide the start pose, then choose
--------------------------------------------------------------------
  set up  q   go to q_init and inspect
          o   open the hand now
          c   grasp the tool now
          r   recalibrate the hand width, fingers empty
          f   fetch the tool from the holder
          b   put the tool back
--------------------------------------------------------------------
  quit    e   stop and quit
--------------------------------------------------------------------
  in a run    e stop | m menu | g hand-guide | s sequence | t hold
--------------------------------------------------------------------
Choice [s/h/t/g/q/o/c/r/f/b/e]: 
-- selected: phase sequence ----------------------------------------

-- moving to q_init ------------------------------------------------
  case               horizontal_table_search
  q1..q7 [deg]     = [0.8, 12.1, -0.5, -130.9, -0.2, 142.9, 44.7] deg
  horizontal_table_search = [0.014777, 0.210911, -0.009320, -2.284835, -0.002725, 2.493410, 0.780694] rad
  q_init reached.

-- start pose ------------------------------------------------------
  q_start          = [0.8, 12.1, -0.5, -130.9, -0.2, 142.9, 44.7] deg
  p_start          = [    531.3,       2.5,     156.8] mm

====================================================================
  RUN
====================================================================

-- phase: approach_orient ------------------------------------------
  Kp [t1,t2,n]     = [    150.0,     150.0,     150.0] N/m
  Dp [t1,t2,n]     = [    126.5,     103.6,     128.3] Ns/m     auto (factor 1.90)
  KR [t1,t2,n]     = [     90.0,      90.0,      90.0] Nm/rad
  DR [t1,t2,n]     = [     13.5,      15.8,       2.0] Nms/rad  auto (factor 1.90)
orient:     t=  0.0 s | axis_err=  8.7 deg | spin_err=  1.0 deg
orient:     t=  0.2 s | axis_err=  8.2 deg | spin_err=  0.2 deg
orient:     t=  0.4 s | axis_err=  5.6 deg | spin_err=  0.3 deg
orient:     t=  0.6 s | axis_err=  3.0 deg | spin_err=  0.3 deg
orient:     t=  0.8 s | axis_err=  2.4 deg | spin_err=  0.3 deg
orient:     t=  1.0 s | axis_err=  2.3 deg | spin_err=  0.3 deg
orient:     t=  1.2 s | axis_err=  2.3 deg | spin_err=  0.3 deg
orient:     t=  1.4 s | axis_err=  2.3 deg | spin_err=  0.3 deg
orient:     t=  1.6 s | axis_err=  2.3 deg | spin_err=  0.3 deg
orient:     t=  1.8 s | axis_err=  2.2 deg | spin_err=  0.3 deg
orient:     t=  2.0 s | axis_err=  2.2 deg | spin_err=  0.3 deg
orient:     t=  2.2 s | axis_err=  2.2 deg | spin_err=  0.3 deg
orient:     t=  2.4 s | axis_err=  2.2 deg | spin_err=  0.3 deg
orient:     t=  2.6 s | axis_err=  2.2 deg | spin_err=  0.3 deg
orient:     t=  2.8 s | axis_err=  2.2 deg | spin_err=  0.3 deg
orient:     t=  3.0 s | axis_err=  2.2 deg | spin_err=  0.3 deg
orient:     t=  3.2 s | axis_err=  2.2 deg | spin_err=  0.3 deg
orient:     t=  3.4 s | axis_err=  2.2 deg | spin_err=  0.3 deg
orient:     t=  3.6 s | axis_err=  2.2 deg | spin_err=  0.3 deg
orient:     t=  3.8 s | axis_err=  2.2 deg | spin_err=  0.3 deg
orient:     t=  4.0 s | axis_err=  2.2 deg | spin_err=  0.3 deg
orient:     t=  4.2 s | axis_err=  2.2 deg | spin_err=  0.3 deg
orient:     t=  4.4 s | axis_err=  2.2 deg | spin_err=  0.3 deg
orient:     t=  4.6 s | axis_err=  2.2 deg | spin_err=  0.3 deg
orient:     t=  4.8 s | axis_err=  2.2 deg | spin_err=  0.3 deg

Orientation settled short of the 2.0 deg gate after 5.0 s: axis_err=2.2 deg | spin_err=0.3 deg

-- phase: approach_descend -----------------------------------------
  Kp [t1,t2,n]     = [    150.0,     150.0,     150.0] N/m
  Dp [t1,t2,n]     = [    126.5,     103.6,     128.3] Ns/m     auto (factor 1.90)
  KR [t1,t2,n]     = [     90.0,      90.0,      90.0] Nm/rad
  DR [t1,t2,n]     = [     13.5,      15.8,       2.0] Nms/rad  auto (factor 1.90)
  descend to         20 mm clearance at 0.100 m/s
descend:    t=  0.0 s | distance=   0.1 mm | height=+123.5 mm (target 20.0) | force= -0.0 N
descend:    t=  0.2 s | distance=  20.1 mm | height=+112.8 mm (target 20.0) | force=  2.3 N
descend:    t=  0.4 s | distance=  40.1 mm | height= +98.1 mm (target 20.0) | force=  2.9 N
descend:    t=  0.6 s | distance=  60.1 mm | height= +82.2 mm (target 20.0) | force=  3.0 N
descend:    t=  0.8 s | distance=  80.1 mm | height= +65.4 mm (target 20.0) | force=  2.0 N
descend:    t=  1.0 s | distance= 100.1 mm | height= +48.9 mm (target 20.0) | force=  3.3 N
descend:    t=  1.2 s | distance= 120.1 mm | height= +32.0 mm (target 20.0) | force=  2.0 N

[GATE] Reached 20 mm above the plane. Press Enter to start the set-up press (e+Enter stops).

-- gate hold -------------------------------------------------------
  Kp [x,y,z]       = [   5000.0,    5000.0,    5000.0] N/m
  Dp [x,y,z]       = [    205.0,     156.4,     240.9] Ns/m     auto
  KR [t1,t2,n]     = [     90.0,      90.0,      90.0] Nm/rad
  DR [t1,t2,n]     = [     13.6,      12.2,       2.6] Nms/rad  auto
[GATE] Continuing to the set-up press.

Clearance reached: distance=134.2 mm | height=19.9 mm | target=20.0 mm | force=2.8 N (not used for the switch)
  offset_ee        = [     20.0,      60.0,      20.0] mm
  p_EE_at_contact  = [    518.4,       8.0,      47.7] mm
  contact_point    = [    536.4,     -50.5,       1.2] mm
  edge_offset      = [     18.0,     -58.5,     -46.5] mm

-- phase: set_up ---------------------------------------------------

-- set-up impedance ------------------------------------------------
  law                wrench = K_TCP*dx + D_TCP*dv
                     K_TCP  = Ad(r_c)^T * blkdiag(Kp,KR) * Ad(r_c)
  Kp [t1,t2,n]     = [   2000.0,    2000.0,     800.0] N/m
  Dp [t1,t2,n]     = [    216.5,     193.8,     169.8] Ns/m     auto
  KR [t1,t2,n]     = [      5.0,       5.0,      50.0] Nm/rad
  DR [t1,t2,n]     = [      1.8,       1.6,       1.1] Nms/rad  auto
  p_c [EE]         = [     -5.7,     -59.2,       7.6] mm       the pole on the tool, from p_EE
  r_c [t1,t2,n]    = [     20.5,      56.4,       0.0] mm       commanded: p_TCP - p_c, in the plane
set_up:     t=  0.0 s | tip=  0.0 deg | F=  0.1 N | M=  0.1 Nm (limit 150.0) | edge= 19.8 mm
set_up:     t=  0.2 s | tip=  0.6 deg | F=  1.1 N | M=  1.5 Nm (limit 150.0) | edge= 11.0 mm
set_up:     t=  0.4 s | tip=  1.2 deg | F=  1.1 N | M=  1.6 Nm (limit 150.0) | edge=  4.2 mm
set_up:     t=  0.6 s | tip=  1.4 deg | F= 12.4 N | M=  7.3 Nm (limit 150.0) | edge=  2.6 mm
set_up:     t=  0.8 s | tip=  1.5 deg | F= 19.9 N | M= 11.1 Nm (limit 150.0) | edge=  3.2 mm
set_up:     t=  1.0 s | tip=  1.6 deg | F= 27.8 N | M= 15.2 Nm (limit 150.0) | edge=  4.0 mm
set_up:     t=  1.2 s | tip=  1.8 deg | F= 34.7 N | M= 18.7 Nm (limit 150.0) | edge=  4.5 mm
set_up:     t=  1.4 s | tip=  2.2 deg | F= 41.7 N | M= 22.3 Nm (limit 150.0) | edge=  4.7 mm
set_up:     t=  1.6 s | tip=  3.0 deg | F= 46.1 N | M= 24.6 Nm (limit 150.0) | edge=  4.3 mm
set_up:     t=  1.8 s | tip=  4.0 deg | F= 38.1 N | M= 20.6 Nm (limit 150.0) | edge=  3.8 mm
set_up:     t=  2.0 s | tip=  4.4 deg | F= 38.8 N | M= 21.0 Nm (limit 150.0) | edge=  3.7 mm
set_up:     t=  2.2 s | tip=  4.5 deg | F= 38.4 N | M= 20.8 Nm (limit 150.0) | edge=  3.6 mm
set_up:     t=  2.4 s | tip=  4.6 deg | F= 38.7 N | M= 21.0 Nm (limit 150.0) | edge=  3.6 mm
set_up:     t=  2.6 s | tip=  4.7 deg | F= 38.2 N | M= 20.7 Nm (limit 150.0) | edge=  3.6 mm
set_up:     t=  2.8 s | tip=  4.8 deg | F= 37.4 N | M= 20.2 Nm (limit 150.0) | edge=  3.6 mm
set_up:     t=  3.0 s | tip=  4.9 deg | F= 37.4 N | M= 20.3 Nm (limit 150.0) | edge=  3.6 mm
set_up:     t=  3.2 s | tip=  4.9 deg | F= 37.5 N | M= 20.3 Nm (limit 150.0) | edge=  3.6 mm
set_up:     t=  3.4 s | tip=  5.0 deg | F= 37.5 N | M= 20.3 Nm (limit 150.0) | edge=  3.6 mm
set_up:     t=  3.6 s | tip=  5.0 deg | F= 37.5 N | M= 20.3 Nm (limit 150.0) | edge=  3.5 mm
set_up:     t=  3.8 s | tip=  5.0 deg | F= 37.3 N | M= 20.2 Nm (limit 150.0) | edge=  3.6 mm
set_up:     t=  4.0 s | tip=  5.1 deg | F= 37.4 N | M= 20.3 Nm (limit 150.0) | edge=  3.6 mm
set_up:     t=  4.2 s | tip=  5.1 deg | F= 37.5 N | M= 20.3 Nm (limit 150.0) | edge=  3.6 mm
set_up:     t=  4.4 s | tip=  5.1 deg | F= 37.4 N | M= 20.3 Nm (limit 150.0) | edge=  3.6 mm
set_up:     t=  4.6 s | tip=  5.1 deg | F= 37.4 N | M= 20.3 Nm (limit 150.0) | edge=  3.6 mm
set_up:     t=  4.8 s | tip=  5.1 deg | F= 37.4 N | M= 20.3 Nm (limit 150.0) | edge=  3.6 mm

====================================================================
  SET-UP RESULT
====================================================================
  stop: time | t=5.0 s | tip=5.1 deg | F=37.5 N | M=20.3 Nm
  edge_from_contact = [-2.9, -1.0, -1.7] mm | norm=3.6 mm
  tcp_from_contact  = [-20.4, +59.0, +20.3] mm | norm=65.7 mm
  alignment: before=7.45 deg | after=4.06 deg | gain=+3.38 deg
  alignment components [t1,t2,n] deg: before=[+7.33,-1.29,-0.00] | after=[+3.54,+2.00,+0.00]

-- set-up surface-frame breakdown ----------------------------------
  frame              alignment-target [tangent1, tangent2, normal]
  force        [N]      = [    -1.41,     +4.68,    -37.16]
  tcp_disp     [mm]     = [    +1.23,     -2.00,    -26.21]
  edge_disp    [mm]     = [    +3.05,     -0.34,     -1.82]
  Kp_eff=F/tcp [N/m]    = [  -1151.5,   -2336.5,    1417.8]
  moment@edge  [Nm]     = [    -4.80,    -19.39,     -1.64]
  tip_angle    [deg]    = [    -3.80,     +3.33,     +0.31]
  KR_eff=M/ang [Nm/rad] = [     72.5,    -333.7,    -299.4]

-- centre of compliance --------------------------------------------
  definition         r_c = p_TCP - p_c
  p_TCP [x,y,z]    = [    518.4,       8.0,      47.7] mm
  p_c [EE]         = [     -5.7,     -59.2,       7.6] mm
  r_c [t1,t2,n]    = [     20.5,      56.4,       0.0] mm
                     p_c resolved at first contact

-- what the TCP feels ----------------------------------------------
  K_TCP translation = [   1999.6,    1999.1,     801.3] N/m
  K_TCP rotation   = [      7.9,       5.1,      57.1] Nm/rad
  commanded KR was = [      5.0,       5.0,      50.0] Nm/rad   the rest is the lever
  D_TCP translation = [    212.4,     197.8,     169.8] Ns/m
  D_TCP rotation   = [      2.4,       1.6,       1.9] Nms/rad
  coupling           max |moment per unit translation| = 119.5 Nm/m (K), 12.7 Nms/m (D)
  eigenvalues        K_TCP 4.98 .. 2007 | D_TCP 1.09 .. 217  (both positive: valid springs)

  K_TCP [N/m, Nm/rad | rows fx..mz, cols tx..rz]:
           tx        ty        tz    |    rx        ry        rz
  fx [    2000  -0.5725   -20.68 |   -1.237   -3.233   -119.5 ]
  fy [ -0.5725     1999   -33.18 |    1.139  -0.1761   -10.63 ]
  fz [  -20.68   -33.18    801.3 |    47.82    4.307    1.413 ]
     ---------------------------+---------------------------
  mx [  -1.237    1.139    47.82 |    7.872   0.2785   0.8434 ]
  my [  -3.233  -0.1761    4.307 |   0.2785    5.062    1.438 ]
  mz [  -119.5   -10.63    1.413 |   0.8434    1.438    57.15 ]

  D_TCP [Ns/m, Nms/rad]:
           tx        ty        tz    |    rx        ry        rz
  fx [   212.4    8.691  -0.9754 |  -0.0447  -0.3368   -12.73 ]
  fy [   8.691    197.8  -0.9249 |   0.2536 -0.01851   -1.574 ]
  fz [ -0.9754  -0.9249    169.8 |    10.15   0.9077   0.0632 ]
     ---------------------------+---------------------------
  mx [ -0.0447   0.2536    10.15 |    2.362   0.1245 -0.01212 ]
  my [ -0.3368 -0.01851   0.9077 |   0.1245    1.643 0.003861 ]
  mz [  -12.73   -1.574   0.0632 | -0.01212 0.003861     1.86 ]

[GATE] Set up finished (holding the pressed pose). Press Enter to start the grind (e+Enter stops).

Stop requested with e + Enter. Finishing control loop...

-- joint motion [deg] ----------------------------------------------
  joint       start    final    delta
  q1            0.8      4.1     +3.3
  q2           12.1     29.8    +17.7
  q3           -0.5     -2.8     -2.3
  q4         -130.9   -129.3     +1.7
  q5           -0.2      5.4     +5.6
  q6          142.9    155.0    +12.1
  q7           44.7     42.6     -2.1

====================================================================
  FINAL RESULT
====================================================================
  p_d              = [    517.0,       5.8,     -32.1] mm
  p_EE             = [    516.0,       8.5,      21.5] mm
  e_p              = [      1.0,      -2.8,     -53.7] mm
  e_R              = [     4.85,     -1.40,      0.27] deg
--------------------------------------------------------------------
  position error     53.75 mm
  rotation error     5.06 deg
  csv                logs/surface_grinding_controller_log.csv
--------------------------------------------------------------------
