
Press Enter to recover and configure the robot.
Robot recovered or already ready.
Collision: custom thresholds.

=== Startup choice ===
  q = go to q_init (from params/common.txt), then choose again
  g = guiding mode: go to q_init, then hand-guide to your pose;
      use s+Enter for sequence or h+Enter for hold
  o = open the Franka hand now (release/load tool), then choose again
  c = close/grasp the tool now, then choose again
  r = continue to run mode (available after q_init is reached)
Choice [q/g/o/c/r, Enter = q]: Moving to q_init...
q_init reached.

=== Startup choice ===
  q = go to q_init (from params/common.txt), then choose again
  g = guiding mode: go to q_init, then hand-guide to your pose;
      use s+Enter for sequence or h+Enter for hold
  o = open the Franka hand now (release/load tool), then choose again
  c = close/grasp the tool now, then choose again
  r = continue to run mode
Choice [q/g/o/c/r, Enter = q]: 
=== Run mode ===
  s = phase sequence (approach / set up / grind)
  h = hold at the start pose
Choice [s/h, Enter = s]: Selected: phase sequence. Nullspace mode from parameters: nullspace_damping_plus_sigma.

=== Setup ===
run: phase sequence | approach_orient: on | nullspace: nullspace_damping_plus_sigma
nullspace parameters: d_null=2.000 | k_sigma=1.000 Nm | alpha=0.0800 rad
hold: Kp=300.0 N/m | KR=40.0 Nm/rad | damping=auto translation+rotation (factor fitted online toward Dp=50.0 Ns/m)
manual_guidance_start: off | manual_damping=0.50
descend: clearance=20.0 mm | speed=0.100 m/s | max_distance=640 mm
alignment push: start=captured | end=+180 mm | speed=0.050 m/s | ramp_time~=4.0 s | timeout=12.0 s | moment_threshold=150.0 Nm
grind: sweep | axis=tangent2 | amplitude=30 mm | frequency=0.20 Hz
coupled stiffness: apply=on | saved=yes | pole=manual
gates: pause_before_set_up=on | pause_auto_damping=on | pause_before_grind=off | debug_period=0.20 s
alignment-target normal=[+0.087, -0.000, +0.996] | tilt a(x)=0.0 deg, b(y)=5.0 deg (from angles)
tool face: 40 x 120 mm | center offset EE=[+0.0, +0.0, +20.0] mm
Gripper already holding the tool (width 65.0 mm); keeping grasp.
Press e+Enter to stop the controller before the duration expires.
During hold: press g+Enter to hand-guide the tool, then p+Enter to recapture and resume hold.
experiment_duration <= 0: running indefinitely until e + Enter.

=== Start pose ===
q_start = [-2.7, 18.1, -5.1, -122.8, 17.5, 139.5, 26.8] deg
p_start = [565.2, -59.4, 151.2] mm

=== Run ===
phase: approach_orient
orient:     t=  0.0 s | axis_err= 11.5 deg | rot_err= 11.5 deg
approach Dp        auto=[ 134.15,   97.25,  122.27]  manual=[  20.00,   20.00,   20.00] Ns/m
approach DR        auto=[  12.73,   16.36,    4.08]  manual=[  12.00,   12.00,   12.00] Nms/rad
orient:     t=  0.2 s | axis_err=  4.6 deg | rot_err=  4.6 deg
orient:     t=  0.4 s | axis_err=  2.5 deg | rot_err=  2.5 deg

Orientation reached: axis_err=2.0 deg
phase: approach_descend
descend:    t=  0.0 s | distance=   0.2 mm | height= +95.6 mm (target 20.0) | force=  0.0 N
descend:    t=  0.2 s | distance=  20.2 mm | height= +83.4 mm (target 20.0) | force=  2.7 N
descend:    t=  0.4 s | distance=  40.2 mm | height= +67.6 mm (target 20.0) | force=  2.4 N
descend:    t=  0.6 s | distance=  60.3 mm | height= +50.9 mm (target 20.0) | force=  2.7 N
descend:    t=  0.8 s | distance=  80.4 mm | height= +33.6 mm (target 20.0) | force=  2.1 N

[GATE] Reached 20 mm above the plane. Press Enter to start the set-up press (e+Enter stops).
pause auto damping: fitted Dp factor=0.551, DR factor=1.959
pause Dp [xyz]     auto=[ 206.60,  155.15,  224.88]  manual=[ 200.00,  200.00,  200.00] Ns/m
pause DR [t1t2n]   auto=[  11.71,   17.29,    2.04]  manual=[  12.73,   16.36,    4.08] Nms/rad
[GATE] Continuing to the set-up press.
descend:    t=  1.7 s | distance=  96.1 mm | height= +19.4 mm (target 20.0) | force=  1.2 N

Clearance reached: distance=96.1 mm | height=19.4 mm | target=20.0 mm | force=1.2 N (not used for the switch)
offset_ee = [20.0, 60.0, 20.0] mm
p_EE_at_contact = [546.3, -63.9, 65.4] mm
contact_point = [560.0, -124.6, 24.1] mm
edge_offset_base = [13.8, -60.7, -41.3] mm
phase: set_up
set_up Dp [xyz]    auto=[ 237.13,  178.10,  108.11]  manual=[  10.00,   10.00,  175.00] Ns/m
set_up DR [t1t2n]  auto=[   1.41,    2.08,    0.78]  manual=[  10.01,   10.01,   10.00] Nms/rad
set_up:     t=  0.0 s | tip=  0.0 deg | F=  0.0 N | M=  0.0 Nm (limit 150.0) | edge= 19.4 mm
set_up:     t=  0.2 s | tip=  0.6 deg | F=  1.3 N | M=  0.6 Nm (limit 150.0) | edge= 13.5 mm
set_up:     t=  0.4 s | tip=  1.2 deg | F=  2.3 N | M=  0.9 Nm (limit 150.0) | edge=  6.5 mm
set_up:     t=  0.6 s | tip=  1.9 deg | F=  2.7 N | M=  1.0 Nm (limit 150.0) | edge=  5.9 mm
set_up:     t=  0.8 s | tip=  2.6 deg | F=  2.1 N | M=  0.7 Nm (limit 150.0) | edge= 13.6 mm
set_up:     t=  1.0 s | tip=  3.1 deg | F= 13.2 N | M=  7.1 Nm (limit 150.0) | edge= 20.1 mm
set_up:     t=  1.2 s | tip=  3.1 deg | F= 13.0 N | M=  7.0 Nm (limit 150.0) | edge= 20.2 mm
set_up:     t=  1.4 s | tip=  3.1 deg | F= 16.6 N | M=  9.1 Nm (limit 150.0) | edge= 20.3 mm
set_up:     t=  1.6 s | tip=  3.1 deg | F= 20.3 N | M= 11.1 Nm (limit 150.0) | edge= 20.4 mm
set_up:     t=  1.8 s | tip=  3.1 deg | F= 23.9 N | M= 13.1 Nm (limit 150.0) | edge= 20.6 mm
set_up:     t=  2.0 s | tip=  3.1 deg | F= 27.8 N | M= 15.1 Nm (limit 150.0) | edge= 20.7 mm
set_up:     t=  2.2 s | tip=  3.1 deg | F= 31.6 N | M= 17.1 Nm (limit 150.0) | edge= 20.8 mm
set_up:     t=  2.4 s | tip=  3.1 deg | F= 35.0 N | M= 19.0 Nm (limit 150.0) | edge= 21.0 mm
set_up:     t=  2.6 s | tip=  3.1 deg | F= 38.9 N | M= 21.0 Nm (limit 150.0) | edge= 21.1 mm
set_up:     t=  2.8 s | tip=  3.1 deg | F= 42.9 N | M= 23.1 Nm (limit 150.0) | edge= 21.3 mm
set_up:     t=  3.0 s | tip=  3.2 deg | F= 47.0 N | M= 25.2 Nm (limit 150.0) | edge= 21.5 mm
set_up:     t=  3.2 s | tip=  3.3 deg | F= 50.2 N | M= 26.9 Nm (limit 150.0) | edge= 21.6 mm
set_up:     t=  3.4 s | tip=  3.3 deg | F= 53.8 N | M= 29.0 Nm (limit 150.0) | edge= 21.8 mm
set_up:     t=  3.6 s | tip=  3.5 deg | F= 57.7 N | M= 31.1 Nm (limit 150.0) | edge= 22.0 mm
set_up:     t=  3.8 s | tip=  3.7 deg | F= 62.0 N | M= 33.4 Nm (limit 150.0) | edge= 22.2 mm
set_up:     t=  4.0 s | tip=  3.9 deg | F= 66.0 N | M= 35.7 Nm (limit 150.0) | edge= 22.4 mm
set_up:     t=  4.2 s | tip=  4.3 deg | F= 60.5 N | M= 32.5 Nm (limit 150.0) | edge= 22.6 mm
set_up:     t=  4.4 s | tip=  4.7 deg | F= 59.7 N | M= 31.9 Nm (limit 150.0) | edge= 22.7 mm
set_up:     t=  4.6 s | tip=  4.7 deg | F= 60.0 N | M= 32.0 Nm (limit 150.0) | edge= 22.7 mm
set_up:     t=  4.8 s | tip=  4.8 deg | F= 60.2 N | M= 32.1 Nm (limit 150.0) | edge= 22.7 mm
set_up:     t=  5.0 s | tip=  4.8 deg | F= 60.3 N | M= 32.1 Nm (limit 150.0) | edge= 22.7 mm
set_up:     t=  5.2 s | tip=  4.8 deg | F= 60.1 N | M= 32.0 Nm (limit 150.0) | edge= 22.7 mm
set_up:     t=  5.4 s | tip=  4.8 deg | F= 60.1 N | M= 32.0 Nm (limit 150.0) | edge= 22.7 mm
set_up:     t=  5.6 s | tip=  4.8 deg | F= 60.1 N | M= 32.0 Nm (limit 150.0) | edge= 22.7 mm
set_up:     t=  5.8 s | tip=  4.8 deg | F= 60.1 N | M= 32.0 Nm (limit 150.0) | edge= 22.7 mm
set_up:     t=  6.0 s | tip=  4.8 deg | F= 60.1 N | M= 32.0 Nm (limit 150.0) | edge= 22.7 mm
set_up:     t=  6.2 s | tip=  4.8 deg | F= 60.1 N | M= 32.0 Nm (limit 150.0) | edge= 22.7 mm
set_up:     t=  6.4 s | tip=  4.8 deg | F= 60.1 N | M= 32.0 Nm (limit 150.0) | edge= 22.7 mm
set_up:     t=  6.6 s | tip=  4.8 deg | F= 60.1 N | M= 32.0 Nm (limit 150.0) | edge= 22.7 mm
set_up:     t=  6.8 s | tip=  4.8 deg | F= 60.2 N | M= 32.0 Nm (limit 150.0) | edge= 22.7 mm
set_up:     t=  7.0 s | tip=  4.8 deg | F= 60.2 N | M= 32.0 Nm (limit 150.0) | edge= 22.7 mm
set_up:     t=  7.2 s | tip=  4.8 deg | F= 60.2 N | M= 32.0 Nm (limit 150.0) | edge= 22.7 mm
set_up:     t=  7.4 s | tip=  4.8 deg | F= 60.2 N | M= 32.0 Nm (limit 150.0) | edge= 22.8 mm
set_up:     t=  7.6 s | tip=  4.8 deg | F= 60.2 N | M= 32.0 Nm (limit 150.0) | edge= 22.8 mm
set_up:     t=  7.8 s | tip=  4.8 deg | F= 60.1 N | M= 32.0 Nm (limit 150.0) | edge= 22.7 mm
set_up:     t=  8.0 s | tip=  4.8 deg | F= 60.2 N | M= 32.0 Nm (limit 150.0) | edge= 22.8 mm
set_up:     t=  8.2 s | tip=  4.8 deg | F= 60.2 N | M= 32.0 Nm (limit 150.0) | edge= 22.8 mm
set_up:     t=  8.4 s | tip=  4.8 deg | F= 60.2 N | M= 32.0 Nm (limit 150.0) | edge= 22.8 mm
set_up:     t=  8.6 s | tip=  4.8 deg | F= 60.2 N | M= 32.0 Nm (limit 150.0) | edge= 22.8 mm
set_up:     t=  8.8 s | tip=  4.8 deg | F= 60.1 N | M= 32.0 Nm (limit 150.0) | edge= 22.8 mm
set_up:     t=  9.0 s | tip=  4.8 deg | F= 60.2 N | M= 32.0 Nm (limit 150.0) | edge= 22.8 mm
set_up:     t=  9.2 s | tip=  4.8 deg | F= 60.1 N | M= 32.0 Nm (limit 150.0) | edge= 22.8 mm
set_up:     t=  9.4 s | tip=  4.8 deg | F= 60.2 N | M= 32.0 Nm (limit 150.0) | edge= 22.8 mm
set_up:     t=  9.6 s | tip=  4.8 deg | F= 60.2 N | M= 32.0 Nm (limit 150.0) | edge= 22.8 mm
set_up:     t=  9.8 s | tip=  4.8 deg | F= 60.2 N | M= 32.0 Nm (limit 150.0) | edge= 22.8 mm
set_up:     t= 10.0 s | tip=  4.8 deg | F= 60.1 N | M= 32.0 Nm (limit 150.0) | edge= 22.8 mm
set_up:     t= 10.2 s | tip=  4.8 deg | F= 60.2 N | M= 32.0 Nm (limit 150.0) | edge= 22.8 mm
set_up:     t= 10.4 s | tip=  4.8 deg | F= 60.2 N | M= 32.0 Nm (limit 150.0) | edge= 22.8 mm
set_up:     t= 10.6 s | tip=  4.8 deg | F= 60.2 N | M= 32.0 Nm (limit 150.0) | edge= 22.8 mm
set_up:     t= 10.8 s | tip=  4.8 deg | F= 60.2 N | M= 32.0 Nm (limit 150.0) | edge= 22.8 mm
set_up:     t= 11.0 s | tip=  4.8 deg | F= 60.2 N | M= 32.0 Nm (limit 150.0) | edge= 22.8 mm
set_up:     t= 11.2 s | tip=  4.8 deg | F= 60.2 N | M= 32.0 Nm (limit 150.0) | edge= 22.8 mm
set_up:     t= 11.4 s | tip=  4.8 deg | F= 60.2 N | M= 32.0 Nm (limit 150.0) | edge= 22.8 mm
set_up:     t= 11.6 s | tip=  4.8 deg | F= 60.2 N | M= 32.0 Nm (limit 150.0) | edge= 22.8 mm
set_up:     t= 11.8 s | tip=  4.8 deg | F= 60.2 N | M= 32.0 Nm (limit 150.0) | edge= 22.8 mm

=== Set-up result ===
stop: time | t=12.0 s | tip=4.8 deg | F=60.3 N | M=32.0 Nm
edge_from_contact = [-9.6, +0.9, -20.6] mm | norm=22.8 mm
tcp_from_contact  = [-22.8, +60.3, +5.9] mm | norm=64.7 mm
alignment: before=0.48 deg | after=5.28 deg | gain=-4.79 deg

=== Set-up surface-frame breakdown ===
frame: alignment-target [tangent1, tangent2, normal]
force        [N]      = [   -10.60,     +6.30,    -58.98]
tcp_disp     [mm]     = [    -5.96,     -0.39,    -36.06]
edge_disp    [mm]     = [    -7.76,     +0.94,    -21.38]
Kp_eff=F/tcp [N/m]    = [   1777.5,  -16214.1,    1635.6]
moment@edge  [Nm]     = [    +4.62,    +29.67,     +2.47]
tip_angle    [deg]    = [    -3.72,     -3.05,     +0.55]
KR_eff=M/ang [Nm/rad] = [    -71.3,    -558.1,     257.3]

finite_axis: angle=4.8 deg | axis_from_edge=[-155.5, +206.4, +69.3] mm | dir=[+0.756, +0.630, -0.180] | pitch=-34.8 mm/rad

=== Coupled stiffness from the measured pole ===
source spring K_pole/D_pole (diagonal, from parameters):
  Kp [N/m]     = [2000, 2000, 350]
  KR [Nm/rad]  = [5, 5, 50]
  Dp [Ns/m]    = [10, 10, 175]
  DR [Nms/rad] = [10.01, 10.01, 10]

poles compared (lever r_c = TCP - pole):
  (A) measured axis : angle=4.8 deg | pitch=-34.8 mm/rad
      pole_from_edge = [-148.1, 203.6, 90.5] mm
      r_c            = [134.9, -144.3, -64.0] mm
  (B) manual pole   : COMMANDED this run, contact reference
      pole_from_edge = [16.6, -40.9, 100.3] mm
      r_c            = [-20.7, 100.7, -38.4] mm
      r_c(B)-r_c(A)  = [-155.6, 244.9, 25.6] mm

K_TCP = Ad^T K_pole Ad  [rows fx..mz | cols tx..rz]:
  (A) measured axis:
           tx        ty        tz    |    rx        ry        rz
  fx [    2000        0        0 |        0    127.9   -288.5 ]
  fy [       0     2000        0 |   -127.9        0   -269.8 ]
  fz [       0        0      350 |    50.49    47.21        0 ]
     ---------------------------+---------------------------
  mx [       0   -127.9    50.49 |    20.81    6.811    21.16 ]
  my [   127.9        0    47.21 |    6.811    19.55   -18.45 ]
  mz [  -288.5   -269.8        0 |    21.16   -18.45    127.7 ]
  (A) K_TCP eigenvalues = [4.791, 4.986, 48.02, 363.8, 2008, 2088] -> PSD ok (>=0) (min=4.791)
  (B) manual pole:
           tx        ty        tz    |    rx        ry        rz
  fx [    2000        0        0 |        0    76.74    201.3 ]
  fy [       0     2000        0 |   -76.74        0    41.46 ]
  fz [       0        0      350 |   -35.23   -7.255        0 ]
     ---------------------------+---------------------------
  mx [       0   -76.74   -35.23 |    11.83   0.7303    2.316 ]
  my [   76.74        0   -7.255 |   0.7303    8.095    7.725 ]
  mz [   201.3    41.46        0 |    2.316    7.725    70.78 ]
  (B) K_TCP eigenvalues = [4.94, 4.992, 49.47, 353.7, 2003, 2025] -> PSD ok (>=0) (min=4.94)

D_TCP = Ad^T D_pole Ad:
  (A) measured axis:
           tx        ty        tz    |    rx        ry        rz
  fx [   237.1        0        0 |        0    15.17   -34.21 ]
  fy [       0    178.1        0 |   -11.39        0   -24.02 ]
  fz [       0        0    108.1 |     15.6    14.58        0 ]
     ---------------------------+---------------------------
  mx [       0   -11.39     15.6 |    4.382    2.104    1.481 ]
  my [   15.17        0    14.58 |    2.104    5.012   -2.188 ]
  mz [  -34.21   -24.02        0 |    1.481   -2.188    8.955 ]
  (A) D_TCP eigenvalues = [0.7448, 1.374, 2.032, 112.3, 181.8, 243.3] -> PSD ok (>=0) (min=0.7448)
  (B) manual pole:
           tx        ty        tz    |    rx        ry        rz
  fx [   237.1        0        0 |        0    9.099    23.87 ]
  fy [       0    178.1        0 |   -6.834        0    3.692 ]
  fz [       0        0    108.1 |   -10.88   -2.241        0 ]
     ---------------------------+---------------------------
  mx [       0   -6.834   -10.88 |    2.761   0.2256  -0.1966 ]
  my [   9.099        0   -2.241 |   0.2256    2.471   0.9159 ]
  mz [   23.87    3.692        0 |  -0.1966   0.9159    3.259 ]
  (B) D_TCP eigenvalues = [0.767, 1.392, 2.071, 109.3, 178.4, 239.9] -> PSD ok (>=0) (min=0.767)
phase: grind

Stop requested with e + Enter. Finishing control loop...

Joint motion [deg]:
joint    start   final   delta
------------------------------
q1       -2.7    -4.8    -2.0
q2       18.1    32.5    14.4
q3       -5.1     0.4     5.5
q4     -122.8  -121.1     1.7
q5       17.5    -2.1   -19.6
q6      139.5   144.5     5.0
q7       26.8    44.6    17.8

=== Final result ===
p_d = [528.9, -36.3, -133.2] mm
p_EE = [535.8, -42.2, 25.9] mm
e_p = [-6.9, 5.9, -159.2] mm
position_error = 159.42 mm
e_R = [0.69, -3.94, -0.37] deg
rotation_error = 4.02 deg
csv: surface_grinding_controller_log.csv
