
====================================================================
  SURFACE GRINDING CONTROLLER
====================================================================
  robot              172.16.0.2
--------------------------------------------------------------------

Press Enter to recover and configure the robot.
  Robot recovered or already ready.

====================================================================
  STARTUP MODE
====================================================================
  run     s   run the phase sequence from q_init
          h   hold the q_init pose
          t   hold with the set-up impedance, to test those gains
          g   hand-guide the start pose, then choose
--------------------------------------------------------------------
  set up  q   go to q_init and inspect
          o   open the hand now
          c   grasp the tool now
          r   recalibrate the hand width, fingers empty
          f   fetch the tool from the holder
          b   put the tool back
--------------------------------------------------------------------
  quit    e   stop and quit
--------------------------------------------------------------------
  in a run    e stop | m menu | g hand-guide | s sequence | t hold
--------------------------------------------------------------------
Choice [s/h/t/g/q/o/c/r/f/b/e]: 
-- selected: phase sequence ----------------------------------------

-- moving to q_init ------------------------------------------------
  case               horizontal_table_search
  q1..q7 [deg]     = [0.8, 12.1, -0.5, -130.9, -0.2, 142.9, 44.7] deg
  horizontal_table_search = [0.014777, 0.210911, -0.009320, -2.284835, -0.002725, 2.493410, 0.780694] rad
  q_init reached.

-- start pose ------------------------------------------------------
  q_start          = [0.9, 12.1, -0.5, -130.9, -0.1, 142.9, 44.7] deg
  p_start          = [    531.4,       2.5,     156.9] mm

====================================================================
  RUN
====================================================================

-- phase: approach_orient ------------------------------------------
  Kp [t1,t2,n]     = [    150.0,     150.0,     150.0] N/m
  Dp [t1,t2,n]     = [    126.5,     103.6,     128.3] Ns/m     auto (factor 1.90)
  KR [t1,t2,n]     = [     90.0,      90.0,      90.0] Nm/rad
  DR [t1,t2,n]     = [     13.5,      15.8,       2.0] Nms/rad  auto (factor 1.90)
orient:     t=  0.0 s | axis_err= 10.6 deg | spin_err=  0.5 deg
orient:     t=  0.2 s | axis_err= 10.0 deg | spin_err=  0.6 deg
orient:     t=  0.4 s | axis_err=  7.6 deg | spin_err=  0.5 deg
orient:     t=  0.6 s | axis_err=  4.2 deg | spin_err=  0.2 deg
orient:     t=  0.8 s | axis_err=  2.7 deg | spin_err=  0.2 deg
orient:     t=  1.0 s | axis_err=  2.5 deg | spin_err=  0.3 deg
orient:     t=  1.2 s | axis_err=  2.4 deg | spin_err=  0.3 deg
orient:     t=  1.4 s | axis_err=  2.4 deg | spin_err=  0.3 deg
orient:     t=  1.6 s | axis_err=  2.4 deg | spin_err=  0.3 deg
orient:     t=  1.8 s | axis_err=  2.4 deg | spin_err=  0.3 deg
orient:     t=  2.0 s | axis_err=  2.4 deg | spin_err=  0.3 deg
orient:     t=  2.2 s | axis_err=  2.4 deg | spin_err=  0.3 deg
orient:     t=  2.4 s | axis_err=  2.4 deg | spin_err=  0.3 deg
orient:     t=  2.6 s | axis_err=  2.4 deg | spin_err=  0.3 deg
orient:     t=  2.8 s | axis_err=  2.4 deg | spin_err=  0.3 deg
orient:     t=  3.0 s | axis_err=  2.4 deg | spin_err=  0.3 deg
orient:     t=  3.2 s | axis_err=  2.4 deg | spin_err=  0.3 deg
orient:     t=  3.4 s | axis_err=  2.4 deg | spin_err=  0.3 deg
orient:     t=  3.6 s | axis_err=  2.4 deg | spin_err=  0.3 deg
orient:     t=  3.8 s | axis_err=  2.4 deg | spin_err=  0.3 deg
orient:     t=  4.0 s | axis_err=  2.4 deg | spin_err=  0.3 deg
orient:     t=  4.2 s | axis_err=  2.4 deg | spin_err=  0.3 deg
orient:     t=  4.4 s | axis_err=  2.4 deg | spin_err=  0.3 deg
orient:     t=  4.6 s | axis_err=  2.4 deg | spin_err=  0.3 deg
orient:     t=  4.8 s | axis_err=  2.4 deg | spin_err=  0.3 deg

Orientation settled short of the 2.0 deg gate after 5.0 s: axis_err=2.4 deg | spin_err=0.3 deg

-- phase: approach_descend -----------------------------------------
  Kp [t1,t2,n]     = [    150.0,     150.0,     150.0] N/m
  Dp [t1,t2,n]     = [    126.5,     103.6,     128.3] Ns/m     auto (factor 1.90)
  KR [t1,t2,n]     = [     90.0,      90.0,      90.0] Nm/rad
  DR [t1,t2,n]     = [     13.5,      15.8,       2.0] Nms/rad  auto (factor 1.90)
  descend to         20 mm clearance at 0.100 m/s
descend:    t=  0.0 s | distance=   0.1 mm | height=+136.1 mm (target 20.0) | force=  0.0 N
descend:    t=  0.2 s | distance=  20.1 mm | height=+125.3 mm (target 20.0) | force=  0.5 N
descend:    t=  0.4 s | distance=  40.1 mm | height=+109.1 mm (target 20.0) | force=  0.8 N
descend:    t=  0.6 s | distance=  60.1 mm | height= +92.1 mm (target 20.0) | force=  1.3 N
descend:    t=  0.8 s | distance=  80.1 mm | height= +74.6 mm (target 20.0) | force=  0.1 N
descend:    t=  1.0 s | distance= 100.1 mm | height= +56.9 mm (target 20.0) | force=  1.8 N
descend:    t=  1.2 s | distance= 120.1 mm | height= +38.6 mm (target 20.0) | force=  1.6 N
descend:    t=  1.4 s | distance= 140.1 mm | height= +20.1 mm (target 20.0) | force=  0.2 N

[GATE] Reached 20 mm above the plane. Press Enter to start the set-up press (e+Enter stops).

-- gate hold -------------------------------------------------------
  Kp [x,y,z]       = [   5000.0,    5000.0,    5000.0] N/m
  Dp [x,y,z]       = [    206.4,     146.7,     247.9] Ns/m     auto
  KR [t1,t2,n]     = [     90.0,      90.0,      90.0] Nm/rad
  DR [t1,t2,n]     = [     12.5,      13.1,       2.1] Nms/rad  auto
[GATE] Continuing to the set-up press.

Clearance reached: distance=140.3 mm | height=19.9 mm | target=20.0 mm | force=-0.0 N (not used for the switch)
  offset_ee        = [    -20.0,     -60.0,      20.0] mm
  p_EE_at_contact  = [    537.7,     -13.5,      45.2] mm
  contact_point    = [    519.0,      43.9,      -1.1] mm
  edge_offset      = [    -18.7,      57.4,     -46.4] mm

-- phase: set_up ---------------------------------------------------

-- set-up impedance ------------------------------------------------
  law                wrench = K_TCP*dx + D_TCP*dv
                     K_TCP  = Ad(r_c)^T * blkdiag(Kp,KR) * Ad(r_c)
  Kp [t1,t2,n]     = [   2000.0,    2000.0,     800.0] N/m
  Dp [t1,t2,n]     = [    218.0,     178.3,     172.9] Ns/m     auto
  KR [t1,t2,n]     = [      5.0,       5.0,      50.0] Nm/rad
  DR [t1,t2,n]     = [      1.7,       1.8,       0.9] Nms/rad  auto
  p_c [EE]         = [     45.3,      38.7,       7.2] mm       the pole on the tool, from p_EE
  r_c [t1,t2,n]    = [     25.4,     -54.4,      -0.0] mm       commanded: p_TCP - p_c, in the plane
set_up:     t=  0.0 s | tip=  0.0 deg | F=  0.1 N | M=  0.0 Nm (limit 150.0) | edge= 19.8 mm
set_up:     t=  0.2 s | tip=  0.4 deg | F=  1.5 N | M=  1.7 Nm (limit 150.0) | edge= 10.9 mm
set_up:     t=  0.4 s | tip=  0.9 deg | F=  1.9 N | M=  1.9 Nm (limit 150.0) | edge=  4.5 mm
set_up:     t=  0.6 s | tip=  1.1 deg | F= 13.0 N | M=  7.8 Nm (limit 150.0) | edge=  2.3 mm
set_up:     t=  0.8 s | tip=  1.1 deg | F= 21.3 N | M= 12.6 Nm (limit 150.0) | edge=  1.9 mm
set_up:     t=  1.0 s | tip=  1.2 deg | F= 29.6 N | M= 17.2 Nm (limit 150.0) | edge=  1.8 mm
set_up:     t=  1.2 s | tip=  1.3 deg | F= 36.2 N | M= 21.0 Nm (limit 150.0) | edge=  2.0 mm
set_up:     t=  1.4 s | tip=  1.5 deg | F= 44.4 N | M= 25.5 Nm (limit 150.0) | edge=  2.2 mm
set_up:     t=  1.6 s | tip=  1.7 deg | F= 52.7 N | M= 30.1 Nm (limit 150.0) | edge=  2.4 mm
set_up:     t=  1.8 s | tip=  2.0 deg | F= 45.1 N | M= 26.1 Nm (limit 150.0) | edge=  2.4 mm
set_up:     t=  2.0 s | tip=  2.2 deg | F= 44.2 N | M= 25.7 Nm (limit 150.0) | edge=  2.6 mm
set_up:     t=  2.2 s | tip=  2.4 deg | F= 43.3 N | M= 25.2 Nm (limit 150.0) | edge=  3.1 mm
set_up:     t=  2.4 s | tip=  2.6 deg | F= 43.4 N | M= 25.3 Nm (limit 150.0) | edge=  3.0 mm
set_up:     t=  2.6 s | tip=  2.7 deg | F= 43.7 N | M= 25.3 Nm (limit 150.0) | edge=  3.0 mm
set_up:     t=  2.8 s | tip=  2.9 deg | F= 42.9 N | M= 25.0 Nm (limit 150.0) | edge=  3.1 mm
set_up:     t=  3.0 s | tip=  3.1 deg | F= 43.2 N | M= 25.1 Nm (limit 150.0) | edge=  3.3 mm
set_up:     t=  3.2 s | tip=  3.3 deg | F= 43.2 N | M= 25.1 Nm (limit 150.0) | edge=  3.3 mm
set_up:     t=  3.4 s | tip=  3.5 deg | F= 42.6 N | M= 24.8 Nm (limit 150.0) | edge=  3.3 mm
set_up:     t=  3.6 s | tip=  3.7 deg | F= 42.3 N | M= 24.6 Nm (limit 150.0) | edge=  3.5 mm
set_up:     t=  3.8 s | tip=  3.8 deg | F= 41.7 N | M= 24.3 Nm (limit 150.0) | edge=  3.6 mm
set_up:     t=  4.0 s | tip=  3.9 deg | F= 41.7 N | M= 24.3 Nm (limit 150.0) | edge=  3.6 mm
set_up:     t=  4.2 s | tip=  4.0 deg | F= 41.5 N | M= 24.2 Nm (limit 150.0) | edge=  3.6 mm
set_up:     t=  4.4 s | tip=  4.1 deg | F= 41.3 N | M= 24.1 Nm (limit 150.0) | edge=  3.6 mm
set_up:     t=  4.6 s | tip=  4.2 deg | F= 41.7 N | M= 24.3 Nm (limit 150.0) | edge=  3.8 mm
set_up:     t=  4.8 s | tip=  4.2 deg | F= 41.4 N | M= 24.2 Nm (limit 150.0) | edge=  3.8 mm

====================================================================
  SET-UP RESULT
====================================================================
  stop: time | t=5.0 s | tip=4.2 deg | F=41.5 N | M=24.1 Nm
  edge_from_contact = [-2.3, +3.0, +0.1] mm | norm=3.7 mm
  tcp_from_contact  = [+16.2, -56.8, +22.1] mm | norm=63.1 mm
  alignment: before=6.86 deg | after=4.55 deg | gain=+2.30 deg
  alignment components [t1,t2,n] deg: before=[-5.29,-4.36,-0.00] | after=[-1.13,-4.41,+0.00]

-- set-up surface-frame breakdown ----------------------------------
  frame              alignment-target [tangent1, tangent2, normal]
  force        [N]      = [    -2.75,     +1.49,    -41.41]
  tcp_disp     [mm]     = [    +1.42,     -2.04,    -24.30]
  edge_disp    [mm]     = [    +0.81,     -3.64,     +0.10]
  Kp_eff=F/tcp [N/m]    = [  -1937.9,    -729.1,    1704.1]
  moment@edge  [Nm]     = [   -14.73,    -20.54,     +0.27]
  tip_angle    [deg]    = [    +4.21,     -0.09,     +0.54]
  KR_eff=M/ang [Nm/rad] = [   -200.2,   13769.8,      29.3]

-- centre of compliance --------------------------------------------
  definition         r_c = p_TCP - p_c
  p_TCP [x,y,z]    = [    537.7,     -13.5,      45.2] mm
  p_c [EE]         = [     45.3,      38.7,       7.2] mm
  r_c [t1,t2,n]    = [     25.4,     -54.4,      -0.0] mm
                     p_c resolved at first contact

-- what the TCP feels ----------------------------------------------
  K_TCP translation = [   1999.6,    1999.1,     801.3] N/m
  K_TCP rotation   = [      6.2,       6.7,      57.1] Nm/rad
  commanded KR was = [      5.0,       5.0,      50.0] Nm/rad   the rest is the lever
  D_TCP translation = [    210.9,     185.4,     172.9] Ns/m
  D_TCP rotation   = [      2.0,       2.1,       1.6] Nms/rad
  coupling           max |moment per unit translation| = 92.0 Nm/m (K), 9.1 Nms/m (D)
  eigenvalues        K_TCP 4.98 .. 2007 | D_TCP 0.87 .. 219  (both positive: valid springs)

  K_TCP [N/m, Nm/rad | rows fx..mz, cols tx..rz]:
           tx        ty        tz    |    rx        ry        rz
  fx [    2000  -0.5725   -20.68 |   0.7963    1.494    76.94 ]
  fy [ -0.5725     1999   -33.18 |   0.7348    1.527    91.99 ]
  fz [  -20.68   -33.18    801.3 |   -30.83   -36.88   -2.323 ]
     ---------------------------+---------------------------
  mx [  0.7963   0.7348   -30.83 |      6.2    1.441   0.8401 ]
  my [   1.494    1.527   -36.88 |    1.441    6.732    1.372 ]
  mz [   76.94    91.99   -2.323 |   0.8401    1.372    57.15 ]

  D_TCP [Ns/m, Nms/rad]:
           tx        ty        tz    |    rx        ry        rz
  fx [   210.9    15.23   -1.077 |  0.03734   0.1068    8.818 ]
  fy [   15.23    185.4  -0.6086 | -0.02686  0.03214    9.117 ]
  fz [  -1.077  -0.6086    172.9 |   -6.655   -7.958 -0.06948 ]
     ---------------------------+---------------------------
  mx [ 0.03734 -0.02686   -6.655 |    1.956   0.2746 -0.01316 ]
  my [  0.1068  0.03214   -7.958 |   0.2746    2.118 -0.01814 ]
  mz [   8.818    9.117 -0.06948 | -0.01316 -0.01814    1.635 ]

[GATE] Set up finished (holding the pressed pose). Press Enter to start the grind (e+Enter stops).

Stop requested with e + Enter. Finishing control loop...

-- joint motion [deg] ----------------------------------------------
  joint       start    final    delta
  q1            0.9     -7.3     -8.1
  q2           12.1     30.9    +18.8
  q3           -0.5      4.6     +5.1
  q4         -130.9   -130.4     +0.5
  q5           -0.1    -10.9    -10.8
  q6          142.9    164.8    +22.0
  q7           44.7     52.1     +7.4

====================================================================
  FINAL RESULT
====================================================================
  p_d              = [    536.3,     -15.7,     -34.6] mm
  p_EE             = [    535.2,     -12.9,      21.0] mm
  e_p              = [      1.2,      -2.8,     -55.5] mm
  e_R              = [    -3.84,     -1.69,      0.65] deg
--------------------------------------------------------------------
  position error     55.61 mm
  rotation error     4.25 deg
  csv                logs/surface_grinding_controller_log.csv
--------------------------------------------------------------------
