
====================================================================
  SURFACE GRINDING CONTROLLER
====================================================================
  robot              172.16.0.2
--------------------------------------------------------------------

Press Enter to recover and configure the robot.
  Robot recovered or already ready.

====================================================================
  STARTUP MODE
====================================================================
  run     s   run the phase sequence from q_init
          h   hold the q_init pose
          t   hold with the set-up impedance, to test those gains
          g   hand-guide the start pose, then choose
--------------------------------------------------------------------
  set up  q   go to q_init and inspect
          o   open the hand now
          c   grasp the tool now
          r   recalibrate the hand width, fingers empty
          f   fetch the tool from the holder
          b   put the tool back
--------------------------------------------------------------------
  quit    e   stop and quit
--------------------------------------------------------------------
  in a run    e stop | m menu | g hand-guide | s sequence | t hold
--------------------------------------------------------------------
Choice [s/h/t/g/q/o/c/r/f/b/e]: 
-- selected: phase sequence ----------------------------------------

-- moving to q_init ------------------------------------------------
  case               horizontal_table_search
  q1..q7 [deg]     = [0.8, 12.1, -0.5, -130.9, -0.2, 142.9, 44.7] deg
  horizontal_table_search = [0.014777, 0.210911, -0.009320, -2.284835, -0.002725, 2.493410, 0.780694] rad
  q_init reached.

-- start pose ------------------------------------------------------
  q_start          = [0.8, 12.1, -0.5, -130.9, -0.2, 142.9, 44.7] deg
  p_start          = [    531.3,       2.2,     156.9] mm

====================================================================
  RUN
====================================================================

-- phase: approach_orient ------------------------------------------
  Kp [t1,t2,n]     = [    150.0,     150.0,     150.0] N/m
  Dp [t1,t2,n]     = [    126.5,     103.6,     128.3] Ns/m     auto (factor 1.90)
  KR [t1,t2,n]     = [     90.0,      90.0,      90.0] Nm/rad
  DR [t1,t2,n]     = [     13.5,      15.8,       2.0] Nms/rad  auto (factor 1.90)
orient:     t=  0.0 s | axis_err=  6.1 deg | spin_err=  0.8 deg
orient:     t=  0.2 s | axis_err=  5.4 deg | spin_err=  0.6 deg
orient:     t=  0.4 s | axis_err=  3.0 deg | spin_err=  0.1 deg
orient:     t=  0.6 s | axis_err=  2.1 deg | spin_err=  0.2 deg
orient:     t=  0.8 s | axis_err=  2.0 deg | spin_err=  0.2 deg
orient:     t=  1.0 s | axis_err=  2.0 deg | spin_err=  0.2 deg
orient:     t=  1.2 s | axis_err=  2.0 deg | spin_err=  0.2 deg
orient:     t=  1.4 s | axis_err=  2.0 deg | spin_err=  0.2 deg
orient:     t=  1.6 s | axis_err=  2.0 deg | spin_err=  0.2 deg
orient:     t=  1.8 s | axis_err=  2.0 deg | spin_err=  0.2 deg
orient:     t=  2.0 s | axis_err=  2.0 deg | spin_err=  0.2 deg
orient:     t=  2.2 s | axis_err=  2.0 deg | spin_err=  0.2 deg
orient:     t=  2.4 s | axis_err=  2.0 deg | spin_err=  0.2 deg
orient:     t=  2.6 s | axis_err=  2.0 deg | spin_err=  0.2 deg
orient:     t=  2.8 s | axis_err=  2.0 deg | spin_err=  0.2 deg
orient:     t=  3.0 s | axis_err=  2.0 deg | spin_err=  0.2 deg
orient:     t=  3.2 s | axis_err=  2.0 deg | spin_err=  0.2 deg
orient:     t=  3.4 s | axis_err=  2.0 deg | spin_err=  0.2 deg
orient:     t=  3.6 s | axis_err=  2.0 deg | spin_err=  0.2 deg
orient:     t=  3.8 s | axis_err=  2.0 deg | spin_err=  0.2 deg

Orientation reached: axis_err=2.0 deg | spin_err=0.2 deg

-- phase: approach_descend -----------------------------------------
  Kp [t1,t2,n]     = [    150.0,     150.0,     150.0] N/m
  Dp [t1,t2,n]     = [    126.5,     103.6,     128.3] Ns/m     auto (factor 1.90)
  KR [t1,t2,n]     = [     90.0,      90.0,      90.0] Nm/rad
  DR [t1,t2,n]     = [     13.5,      15.8,       2.0] Nms/rad  auto (factor 1.90)
  descend to         20 mm clearance at 0.100 m/s
descend:    t=  0.0 s | distance=   0.1 mm | height=+135.1 mm (target 20.0) | force=  0.0 N
descend:    t=  0.2 s | distance=  20.1 mm | height=+125.0 mm (target 20.0) | force=  1.1 N
descend:    t=  0.4 s | distance=  40.1 mm | height=+108.8 mm (target 20.0) | force=  1.1 N
descend:    t=  0.6 s | distance=  60.1 mm | height= +91.8 mm (target 20.0) | force=  1.6 N
descend:    t=  0.8 s | distance=  80.1 mm | height= +74.4 mm (target 20.0) | force=  1.0 N
descend:    t=  1.0 s | distance= 100.1 mm | height= +57.0 mm (target 20.0) | force=  1.6 N
descend:    t=  1.2 s | distance= 120.1 mm | height= +39.0 mm (target 20.0) | force=  1.2 N
descend:    t=  1.4 s | distance= 140.1 mm | height= +20.9 mm (target 20.0) | force=  1.5 N

[GATE] Reached 20 mm above the plane. Press Enter to start the set-up press (e+Enter stops).

-- gate hold -------------------------------------------------------
  Kp [x,y,z]       = [   5000.0,    5000.0,    5000.0] N/m
  Dp [x,y,z]       = [    206.5,     150.5,     244.0] Ns/m     auto
  KR [t1,t2,n]     = [     90.0,      90.0,      90.0] Nm/rad
  DR [t1,t2,n]     = [     12.0,      13.4,       1.8] Nms/rad  auto
[GATE] Continuing to the set-up press.

Clearance reached: distance=141.2 mm | height=19.8 mm | target=20.0 mm | force=1.2 N (not used for the switch)
  offset_ee        = [    -20.0,     -60.0,      20.0] mm
  p_EE_at_contact  = [    527.0,      -8.8,      42.4] mm
  contact_point    = [    506.7,      49.3,      -1.1] mm
  edge_offset      = [    -20.3,      58.1,     -43.5] mm

-- phase: set_up ---------------------------------------------------

-- set-up impedance ------------------------------------------------
  law                wrench = K_TCP*dx + D_TCP*dv
                     K_TCP  = Ad(r_c)^T * blkdiag(Kp,KR) * Ad(r_c)
  Kp [t1,t2,n]     = [   2000.0,    2000.0,     800.0] N/m
  Dp [t1,t2,n]     = [    219.5,     183.3,     171.2] Ns/m     auto
  KR [t1,t2,n]     = [      5.0,       5.0,      50.0] Nm/rad
  DR [t1,t2,n]     = [      1.6,       1.8,       0.8] Nms/rad  auto
  p_c [EE]         = [     16.8,      36.3,       1.5] mm       the pole on the tool, from p_EE
  r_c [t1,t2,n]    = [      0.0,     -40.0,       0.0] mm       commanded: p_TCP - p_c, in the plane
set_up:     t=  0.0 s | tip=  0.0 deg | F=  0.1 N | M=  0.0 Nm (limit 150.0) | edge= 19.7 mm
set_up:     t=  0.2 s | tip=  0.4 deg | F=  1.5 N | M=  1.4 Nm (limit 150.0) | edge= 11.0 mm
set_up:     t=  0.4 s | tip=  1.0 deg | F=  0.8 N | M=  1.2 Nm (limit 150.0) | edge=  5.5 mm
set_up:     t=  0.6 s | tip=  1.1 deg | F= 14.0 N | M=  8.0 Nm (limit 150.0) | edge=  2.7 mm
set_up:     t=  0.8 s | tip=  1.1 deg | F= 21.2 N | M= 11.7 Nm (limit 150.0) | edge=  2.6 mm
set_up:     t=  1.0 s | tip=  1.2 deg | F= 29.3 N | M= 16.0 Nm (limit 150.0) | edge=  2.6 mm
set_up:     t=  1.2 s | tip=  1.2 deg | F= 36.9 N | M= 20.1 Nm (limit 150.0) | edge=  2.6 mm
set_up:     t=  1.4 s | tip=  1.4 deg | F= 44.5 N | M= 24.1 Nm (limit 150.0) | edge=  2.6 mm
set_up:     t=  1.6 s | tip=  1.6 deg | F= 50.6 N | M= 27.4 Nm (limit 150.0) | edge=  2.6 mm
set_up:     t=  1.8 s | tip=  1.8 deg | F= 44.4 N | M= 24.4 Nm (limit 150.0) | edge=  2.7 mm
set_up:     t=  2.0 s | tip=  2.0 deg | F= 44.4 N | M= 24.3 Nm (limit 150.0) | edge=  2.7 mm
set_up:     t=  2.2 s | tip=  2.1 deg | F= 44.3 N | M= 24.3 Nm (limit 150.0) | edge=  2.7 mm
set_up:     t=  2.4 s | tip=  2.2 deg | F= 44.1 N | M= 24.2 Nm (limit 150.0) | edge=  2.7 mm
set_up:     t=  2.6 s | tip=  2.3 deg | F= 43.6 N | M= 23.9 Nm (limit 150.0) | edge=  2.7 mm
set_up:     t=  2.8 s | tip=  2.4 deg | F= 43.4 N | M= 23.8 Nm (limit 150.0) | edge=  2.9 mm
set_up:     t=  3.0 s | tip=  2.5 deg | F= 43.3 N | M= 23.7 Nm (limit 150.0) | edge=  2.9 mm
set_up:     t=  3.2 s | tip=  2.5 deg | F= 43.2 N | M= 23.7 Nm (limit 150.0) | edge=  2.9 mm
set_up:     t=  3.4 s | tip=  2.6 deg | F= 43.2 N | M= 23.7 Nm (limit 150.0) | edge=  2.9 mm
set_up:     t=  3.6 s | tip=  2.7 deg | F= 43.0 N | M= 23.6 Nm (limit 150.0) | edge=  2.9 mm
set_up:     t=  3.8 s | tip=  2.8 deg | F= 42.8 N | M= 23.5 Nm (limit 150.0) | edge=  2.8 mm
set_up:     t=  4.0 s | tip=  2.9 deg | F= 42.9 N | M= 23.6 Nm (limit 150.0) | edge=  2.9 mm
set_up:     t=  4.2 s | tip=  2.9 deg | F= 42.9 N | M= 23.6 Nm (limit 150.0) | edge=  2.8 mm
set_up:     t=  4.4 s | tip=  3.0 deg | F= 42.9 N | M= 23.6 Nm (limit 150.0) | edge=  2.9 mm
set_up:     t=  4.6 s | tip=  3.0 deg | F= 43.1 N | M= 23.7 Nm (limit 150.0) | edge=  2.8 mm
set_up:     t=  4.8 s | tip=  3.0 deg | F= 43.1 N | M= 23.7 Nm (limit 150.0) | edge=  2.8 mm

====================================================================
  SET-UP RESULT
====================================================================
  stop: time | t=5.0 s | tip=3.0 deg | F=43.1 N | M=23.7 Nm
  edge_from_contact = [-2.4, +1.2, +1.0] mm | norm=2.8 mm
  tcp_from_contact  = [+18.0, -58.5, +21.4] mm | norm=64.9 mm
  alignment: before=2.09 deg | after=0.87 deg | gain=+1.22 deg
  alignment components [t1,t2,n] deg: before=[-2.08,-0.25,-0.00] | after=[+0.87,-0.06,+0.00]

-- set-up surface-frame breakdown ----------------------------------
  frame              alignment-target [tangent1, tangent2, normal]
  force        [N]      = [    -2.15,     +0.69,    -43.02]
  tcp_disp     [mm]     = [    +1.74,     -1.02,    -22.09]
  edge_disp    [mm]     = [    +1.70,     -2.07,     +0.95]
  Kp_eff=F/tcp [N/m]    = [  -1236.0,    -681.4,    1947.3]
  moment@edge  [Nm]     = [   -14.53,    -20.27,     +0.30]
  tip_angle    [deg]    = [    +2.95,     +0.19,     +0.09]
  KR_eff=M/ang [Nm/rad] = [   -282.3,   -6086.7,     184.8]

-- centre of compliance --------------------------------------------
  definition         r_c = p_TCP - p_c
  p_TCP [x,y,z]    = [    527.0,      -8.8,      42.4] mm
  p_c [EE]         = [     16.8,      36.3,       1.5] mm
  r_c [t1,t2,n]    = [      0.0,     -40.0,       0.0] mm
                     p_c resolved at first contact

-- what the TCP feels ----------------------------------------------
  K_TCP translation = [   1999.6,    1999.1,     801.3] N/m
  K_TCP rotation   = [      6.1,       5.3,      53.1] Nm/rad
  commanded KR was = [      5.0,       5.0,      50.0] Nm/rad   the rest is the lever
  D_TCP translation = [    213.0,     189.8,     171.2] Ns/m
  D_TCP rotation   = [      1.9,       1.8,       1.1] Nms/rad
  coupling           max |moment per unit translation| = 72.4 Nm/m (K), 8.0 Nms/m (D)
  eigenvalues        K_TCP 4.99 .. 2003 | D_TCP 0.77 .. 220  (both positive: valid springs)

  K_TCP [N/m, Nm/rad | rows fx..mz, cols tx..rz]:
           tx        ty        tz    |    rx        ry        rz
  fx [    2000  -0.5725   -20.68 |   0.7498    1.771    72.44 ]
  fy [ -0.5725     1999   -33.18 |  -0.2185   0.5615    33.83 ]
  fz [  -20.68   -33.18    801.3 |   -29.01   -13.58   -1.311 ]
     ---------------------------+---------------------------
  mx [  0.7498  -0.2185   -29.01 |    6.065   0.5133   0.7991 ]
  my [   1.771   0.5615   -13.58 |   0.5133    5.266    1.318 ]
  mz [   72.44    33.83   -1.311 |   0.7991    1.318    53.15 ]

  D_TCP [Ns/m, Nms/rad]:
           tx        ty        tz    |    rx        ry        rz
  fx [     213    13.87   -1.105 |  0.03019   0.1701    7.953 ]
  fy [   13.87    189.8  -0.7531 |  -0.1076  0.02261    3.716 ]
  fz [  -1.105  -0.7531    171.2 |   -6.204   -2.901  -0.0528 ]
     ---------------------------+---------------------------
  mx [ 0.03019  -0.1076   -6.204 |    1.856  0.03788 -0.01366 ]
  my [  0.1701  0.02261   -2.901 |  0.03788    1.791  -0.0191 ]
  mz [   7.953    3.716  -0.0528 | -0.01366  -0.0191    1.126 ]

[GATE] Set up finished (holding the pressed pose). Press Enter to start the grind (e+Enter stops).

Stop requested with e + Enter. Finishing control loop...

-- joint motion [deg] ----------------------------------------------
  joint       start    final    delta
  q1            0.8     -3.9     -4.7
  q2           12.1     30.3    +18.2
  q3           -0.5      2.4     +3.0
  q4         -130.9   -129.5     +1.4
  q5           -0.2     -5.6     -5.4
  q6          142.9    158.8    +15.9
  q7           44.7     48.4     +3.7

====================================================================
  FINAL RESULT
====================================================================
  p_d              = [    525.6,     -11.0,     -37.4] mm
  p_EE             = [    524.6,      -9.2,      20.3] mm
  e_p              = [      1.0,      -1.8,     -57.8] mm
  e_R              = [    -2.59,     -1.42,      0.18] deg
--------------------------------------------------------------------
  position error     57.79 mm
  rotation error     2.96 deg
  csv                logs/surface_grinding_controller_log.csv
--------------------------------------------------------------------
