
Press Enter to recover and configure the robot.
Robot recovered or already ready.
Collision: custom thresholds.

=== Startup choice ===
  q = go to q_init (from params/common.txt), then choose again
  g = guiding mode: go to q_init, then hand-guide to your pose;
      use s+Enter for sequence or h+Enter for hold
  o = open the Franka hand now (release/load tool), then choose again
  c = close/grasp the tool now, then choose again
  r = continue to run mode (available after q_init is reached)
Choice [q/g/o/c/r, Enter = q]: Moving to q_init...
q_init reached.

=== Startup choice ===
  q = go to q_init (from params/common.txt), then choose again
  g = guiding mode: go to q_init, then hand-guide to your pose;
      use s+Enter for sequence or h+Enter for hold
  o = open the Franka hand now (release/load tool), then choose again
  c = close/grasp the tool now, then choose again
  r = continue to run mode
Choice [q/g/o/c/r, Enter = q]: 
=== Run mode ===
  s = phase sequence (approach / set up / grind)
  h = hold at the start pose
Choice [s/h, Enter = s]: Selected: phase sequence. Nullspace mode from parameters: nullspace_damping_plus_sigma.

=== Setup ===
run: phase sequence | approach_orient: on | nullspace: nullspace_damping_plus_sigma
nullspace parameters: d_null=2.000 | k_sigma=1.000 Nm | alpha=0.0800 rad
hold: Kp=300.0 N/m | KR=40.0 Nm/rad | damping=auto translation+rotation (factor fitted online toward Dp=50.0 Ns/m)
manual_guidance_start: off | manual_damping=0.50
descend: clearance=20.0 mm | speed=0.100 m/s | max_distance=640 mm
alignment push: start=captured | end=+180 mm | speed=0.050 m/s | ramp_time~=4.0 s | timeout=12.0 s | moment_threshold=150.0 Nm
grind: sweep | axis=tangent2 | amplitude=30 mm | frequency=0.20 Hz
coupled stiffness: apply=on | saved=yes | pole=manual
gates: pause_before_set_up=on | pause_auto_damping=on | pause_before_grind=off | debug_period=0.20 s
alignment-target normal=[+0.087, -0.000, +0.996] | tilt a(x)=0.0 deg, b(y)=5.0 deg (from angles)
tool face: 40 x 120 mm | center offset EE=[+0.0, +0.0, +20.0] mm
Gripper already holding the tool (width 65.1 mm); keeping grasp.
Press e+Enter to stop the controller before the duration expires.
During hold: press g+Enter to hand-guide the tool, then p+Enter to recapture and resume hold.
experiment_duration <= 0: running indefinitely until e + Enter.

=== Start pose ===
q_start = [-2.7, 18.1, -5.1, -122.8, 17.5, 139.5, 26.8] deg
p_start = [565.1, -59.4, 151.1] mm

=== Run ===
phase: approach_orient
orient:     t=  0.0 s | axis_err= 11.5 deg | rot_err= 11.5 deg
approach Dp        auto=[ 134.15,   97.25,  122.28]  manual=[  20.00,   20.00,   20.00] Ns/m
approach DR        auto=[  12.73,   16.36,    4.08]  manual=[  12.00,   12.00,   12.00] Nms/rad
orient:     t=  0.2 s | axis_err=  4.6 deg | rot_err=  4.6 deg
orient:     t=  0.4 s | axis_err=  2.4 deg | rot_err=  2.4 deg

Orientation reached: axis_err=2.0 deg
phase: approach_descend
descend:    t=  0.0 s | distance=   0.1 mm | height= +97.5 mm (target 20.0) | force=  0.1 N
descend:    t=  0.2 s | distance=  20.1 mm | height= +85.5 mm (target 20.0) | force=  1.1 N
descend:    t=  0.4 s | distance=  40.1 mm | height= +68.5 mm (target 20.0) | force=  1.3 N
descend:    t=  0.6 s | distance=  60.2 mm | height= +50.9 mm (target 20.0) | force=  1.8 N
descend:    t=  0.8 s | distance=  80.3 mm | height= +33.1 mm (target 20.0) | force=  2.4 N

[GATE] Reached 20 mm above the plane. Press Enter to start the set-up press (e+Enter stops).
pause auto damping: fitted Dp factor=0.551, DR factor=1.960
pause Dp [xyz]     auto=[ 206.56,  155.35,  224.82]  manual=[ 200.00,  200.00,  200.00] Ns/m
pause DR [t1t2n]   auto=[  11.75,   17.27,    2.04]  manual=[  12.73,   16.36,    4.08] Nms/rad
[GATE] Continuing to the set-up press.
descend:    t=  2.0 s | distance=  95.1 mm | height= +19.6 mm (target 20.0) | force=  1.0 N

Clearance reached: distance=95.1 mm | height=19.6 mm | target=20.0 mm | force=1.0 N (not used for the switch)
offset_ee = [20.0, 60.0, 20.0] mm
p_EE_at_contact = [546.6, -65.9, 65.7] mm
contact_point = [560.3, -126.5, 24.1] mm
edge_offset_base = [13.7, -60.6, -41.6] mm
phase: set_up
set_up Dp [xyz]    auto=[ 237.06,  178.31,  108.08]  manual=[  10.00,   10.00,  175.00] Ns/m
set_up DR [t1t2n]  auto=[   1.41,    2.07,    0.78]  manual=[  10.01,   10.01,   10.00] Nms/rad
set_up:     t=  0.0 s | tip=  0.0 deg | F=  0.0 N | M=  0.0 Nm (limit 150.0) | edge= 19.6 mm
set_up:     t=  0.2 s | tip=  0.4 deg | F=  1.4 N | M=  0.5 Nm (limit 150.0) | edge= 13.9 mm
set_up:     t=  0.4 s | tip=  0.6 deg | F=  1.5 N | M=  0.5 Nm (limit 150.0) | edge=  6.0 mm
set_up:     t=  0.6 s | tip=  0.8 deg | F=  2.6 N | M=  1.1 Nm (limit 150.0) | edge=  3.9 mm
set_up:     t=  0.8 s | tip=  0.9 deg | F=  1.4 N | M=  0.5 Nm (limit 150.0) | edge= 12.5 mm
set_up:     t=  1.0 s | tip=  0.7 deg | F= 12.5 N | M=  6.8 Nm (limit 150.0) | edge= 19.0 mm
set_up:     t=  1.2 s | tip=  0.8 deg | F= 13.1 N | M=  7.2 Nm (limit 150.0) | edge= 19.1 mm
set_up:     t=  1.4 s | tip=  0.8 deg | F= 16.7 N | M=  9.1 Nm (limit 150.0) | edge= 19.2 mm
set_up:     t=  1.6 s | tip=  0.8 deg | F= 20.3 N | M= 10.9 Nm (limit 150.0) | edge= 19.4 mm
set_up:     t=  1.8 s | tip=  0.8 deg | F= 23.8 N | M= 12.6 Nm (limit 150.0) | edge= 19.6 mm
set_up:     t=  2.0 s | tip=  0.8 deg | F= 27.3 N | M= 14.3 Nm (limit 150.0) | edge= 19.7 mm
set_up:     t=  2.2 s | tip=  0.8 deg | F= 31.0 N | M= 16.1 Nm (limit 150.0) | edge= 19.8 mm
set_up:     t=  2.4 s | tip=  0.8 deg | F= 34.7 N | M= 17.9 Nm (limit 150.0) | edge= 19.9 mm
set_up:     t=  2.6 s | tip=  0.8 deg | F= 38.3 N | M= 19.8 Nm (limit 150.0) | edge= 20.1 mm
set_up:     t=  2.8 s | tip=  0.9 deg | F= 42.3 N | M= 21.8 Nm (limit 150.0) | edge= 20.2 mm
set_up:     t=  3.0 s | tip=  0.9 deg | F= 45.9 N | M= 23.5 Nm (limit 150.0) | edge= 20.3 mm
set_up:     t=  3.2 s | tip=  0.9 deg | F= 49.6 N | M= 25.4 Nm (limit 150.0) | edge= 20.5 mm
set_up:     t=  3.4 s | tip=  1.0 deg | F= 53.1 N | M= 27.1 Nm (limit 150.0) | edge= 20.6 mm
set_up:     t=  3.6 s | tip=  1.1 deg | F= 57.1 N | M= 29.3 Nm (limit 150.0) | edge= 20.7 mm
set_up:     t=  3.8 s | tip=  1.2 deg | F= 60.4 N | M= 30.9 Nm (limit 150.0) | edge= 20.8 mm
set_up:     t=  4.0 s | tip=  1.5 deg | F= 64.1 N | M= 32.7 Nm (limit 150.0) | edge= 20.8 mm
set_up:     t=  4.2 s | tip=  1.5 deg | F= 60.0 N | M= 30.6 Nm (limit 150.0) | edge= 20.8 mm
set_up:     t=  4.4 s | tip=  1.5 deg | F= 60.0 N | M= 30.5 Nm (limit 150.0) | edge= 20.8 mm
set_up:     t=  4.6 s | tip=  1.5 deg | F= 60.0 N | M= 30.5 Nm (limit 150.0) | edge= 20.8 mm
set_up:     t=  4.8 s | tip=  1.5 deg | F= 59.9 N | M= 30.4 Nm (limit 150.0) | edge= 20.8 mm
set_up:     t=  5.0 s | tip=  1.5 deg | F= 59.8 N | M= 30.4 Nm (limit 150.0) | edge= 20.8 mm
set_up:     t=  5.2 s | tip=  1.5 deg | F= 59.8 N | M= 30.3 Nm (limit 150.0) | edge= 20.8 mm
set_up:     t=  5.4 s | tip=  1.5 deg | F= 59.8 N | M= 30.3 Nm (limit 150.0) | edge= 20.8 mm
set_up:     t=  5.6 s | tip=  1.5 deg | F= 59.8 N | M= 30.3 Nm (limit 150.0) | edge= 20.8 mm
set_up:     t=  5.8 s | tip=  1.5 deg | F= 59.7 N | M= 30.3 Nm (limit 150.0) | edge= 20.8 mm
set_up:     t=  6.0 s | tip=  1.5 deg | F= 59.7 N | M= 30.3 Nm (limit 150.0) | edge= 20.8 mm
set_up:     t=  6.2 s | tip=  1.5 deg | F= 59.7 N | M= 30.3 Nm (limit 150.0) | edge= 20.8 mm
set_up:     t=  6.4 s | tip=  1.5 deg | F= 59.6 N | M= 30.2 Nm (limit 150.0) | edge= 20.8 mm
set_up:     t=  6.6 s | tip=  1.5 deg | F= 59.7 N | M= 30.3 Nm (limit 150.0) | edge= 20.8 mm
set_up:     t=  6.8 s | tip=  1.5 deg | F= 59.6 N | M= 30.2 Nm (limit 150.0) | edge= 20.8 mm
set_up:     t=  7.0 s | tip=  1.5 deg | F= 59.6 N | M= 30.2 Nm (limit 150.0) | edge= 20.8 mm
set_up:     t=  7.2 s | tip=  1.5 deg | F= 59.6 N | M= 30.2 Nm (limit 150.0) | edge= 20.8 mm
set_up:     t=  7.4 s | tip=  1.5 deg | F= 59.6 N | M= 30.2 Nm (limit 150.0) | edge= 20.8 mm
set_up:     t=  7.6 s | tip=  1.5 deg | F= 59.6 N | M= 30.2 Nm (limit 150.0) | edge= 20.8 mm
set_up:     t=  7.8 s | tip=  1.5 deg | F= 59.5 N | M= 30.2 Nm (limit 150.0) | edge= 20.8 mm
set_up:     t=  8.0 s | tip=  1.5 deg | F= 59.5 N | M= 30.2 Nm (limit 150.0) | edge= 20.8 mm
set_up:     t=  8.2 s | tip=  1.5 deg | F= 59.6 N | M= 30.2 Nm (limit 150.0) | edge= 20.8 mm
set_up:     t=  8.4 s | tip=  1.5 deg | F= 59.5 N | M= 30.2 Nm (limit 150.0) | edge= 20.8 mm
set_up:     t=  8.6 s | tip=  1.5 deg | F= 59.5 N | M= 30.2 Nm (limit 150.0) | edge= 20.8 mm
set_up:     t=  8.8 s | tip=  1.5 deg | F= 59.7 N | M= 30.3 Nm (limit 150.0) | edge= 20.9 mm
set_up:     t=  9.0 s | tip=  1.5 deg | F= 59.6 N | M= 30.2 Nm (limit 150.0) | edge= 20.9 mm
set_up:     t=  9.2 s | tip=  1.5 deg | F= 59.5 N | M= 30.2 Nm (limit 150.0) | edge= 20.9 mm
set_up:     t=  9.4 s | tip=  1.5 deg | F= 59.6 N | M= 30.2 Nm (limit 150.0) | edge= 20.9 mm
set_up:     t=  9.6 s | tip=  1.5 deg | F= 59.6 N | M= 30.2 Nm (limit 150.0) | edge= 20.9 mm
set_up:     t=  9.8 s | tip=  1.5 deg | F= 59.6 N | M= 30.2 Nm (limit 150.0) | edge= 20.9 mm
set_up:     t= 10.0 s | tip=  1.5 deg | F= 59.6 N | M= 30.2 Nm (limit 150.0) | edge= 20.9 mm
set_up:     t= 10.2 s | tip=  1.5 deg | F= 59.6 N | M= 30.2 Nm (limit 150.0) | edge= 20.9 mm
set_up:     t= 10.4 s | tip=  1.5 deg | F= 59.6 N | M= 30.2 Nm (limit 150.0) | edge= 20.9 mm
set_up:     t= 10.6 s | tip=  1.5 deg | F= 59.6 N | M= 30.2 Nm (limit 150.0) | edge= 20.9 mm
set_up:     t= 10.8 s | tip=  1.5 deg | F= 59.6 N | M= 30.2 Nm (limit 150.0) | edge= 20.9 mm
set_up:     t= 11.0 s | tip=  1.5 deg | F= 59.6 N | M= 30.2 Nm (limit 150.0) | edge= 20.9 mm
set_up:     t= 11.2 s | tip=  1.5 deg | F= 59.5 N | M= 30.2 Nm (limit 150.0) | edge= 20.9 mm
set_up:     t= 11.4 s | tip=  1.5 deg | F= 59.5 N | M= 30.2 Nm (limit 150.0) | edge= 20.9 mm
set_up:     t= 11.6 s | tip=  1.5 deg | F= 59.5 N | M= 30.2 Nm (limit 150.0) | edge= 20.9 mm
set_up:     t= 11.8 s | tip=  1.5 deg | F= 59.7 N | M= 30.3 Nm (limit 150.0) | edge= 20.9 mm

=== Set-up result ===
stop: time | t=12.0 s | tip=1.5 deg | F=59.5 N | M=30.2 Nm
edge_from_contact = [-4.9, +0.2, -20.3] mm | norm=20.9 mm
tcp_from_contact  = [-20.5, +61.1, +1.0] mm | norm=64.5 mm
alignment: before=0.52 deg | after=1.32 deg | gain=-0.80 deg

=== Set-up surface-frame breakdown ===
frame: alignment-target [tangent1, tangent2, normal]
force        [N]      = [   -13.08,     -0.75,    -58.06]
tcp_disp     [mm]     = [    -3.22,     +0.45,    -41.02]
edge_disp    [mm]     = [    -3.14,     +0.22,    -20.62]
Kp_eff=F/tcp [N/m]    = [   4060.1,   -1663.8,    1415.5]
moment@edge  [Nm]     = [    +1.57,    +28.46,     -0.51]
tip_angle    [deg]    = [    +1.02,     -1.05,     -0.42]
KR_eff=M/ang [Nm/rad] = [     88.0,   -1546.3,      69.5]

finite_axis: angle=1.5 deg | axis_from_edge=[-529.9, -548.3, +112.5] mm | dir=[-0.643, +0.690, +0.334] | pitch=-129.5 mm/rad

=== Coupled stiffness from the measured pole ===
source spring K_pole/D_pole (diagonal, from parameters):
  Kp [N/m]     = [2000, 2000, 350]
  KR [Nm/rad]  = [5, 5, 50]
  Dp [Ns/m]    = [10, 10, 175]
  DR [Nms/rad] = [10.01, 10.01, 10]

poles compared (lever r_c = TCP - pole):
  (A) measured axis : angle=1.5 deg | pitch=-129.5 mm/rad
      pole_from_edge = [-522.7, -550.9, 131.7] mm
      r_c            = [507.1, 611.8, -110.4] mm
  (B) manual pole   : COMMANDED this run, contact reference
      pole_from_edge = [-35.1, 79.8, 20.3] mm
      r_c            = [26.3, -19.4, 41.6] mm
      r_c(B)-r_c(A)  = [-480.9, -631.1, 152.0] mm

K_TCP = Ad^T K_pole Ad  [rows fx..mz | cols tx..rz]:
  (A) measured axis:
           tx        ty        tz    |    rx        ry        rz
  fx [    2000        0        0 |        0    220.8     1224 ]
  fy [       0     2000        0 |   -220.8        0    -1014 ]
  fz [       0        0      350 |   -214.1    177.5        0 ]
     ---------------------------+---------------------------
  mx [       0   -220.8   -214.1 |    160.7   -108.6    115.9 ]
  my [   220.8        0    177.5 |   -108.6    119.4    135.1 ]
  mz [    1224    -1014        0 |    115.9    135.1     1313 ]
  (A) K_TCP eigenvalues = [3.032, 4.977, 30.38, 569.3, 2028, 3307] -> PSD ok (>=0) (min=3.032)
  (B) manual pole:
           tx        ty        tz    |    rx        ry        rz
  fx [    2000        0        0 |        0   -83.12   -38.73 ]
  fy [       0     2000        0 |    83.12        0   -52.51 ]
  fz [       0        0      350 |    6.777    9.189        0 ]
     ---------------------------+---------------------------
  mx [       0    83.12    6.777 |    8.927   0.1779    1.725 ]
  my [  -83.12        0    9.189 |   0.1779    8.696    1.609 ]
  mz [  -38.73   -52.51        0 |    1.725    1.609    51.79 ]
  (B) K_TCP eigenvalues = [4.986, 4.99, 49.95, 350.4, 2003, 2006] -> PSD ok (>=0) (min=4.986)

D_TCP = Ad^T D_pole Ad:
  (A) measured axis:
           tx        ty        tz    |    rx        ry        rz
  fx [   237.1        0        0 |        0    26.17      145 ]
  fy [       0    178.3        0 |   -19.69        0   -90.43 ]
  fz [       0        0    108.1 |   -66.12    54.81        0 ]
     ---------------------------+---------------------------
  mx [       0   -19.69   -66.12 |    44.03   -33.53    9.928 ]
  my [   26.17        0    54.81 |   -33.53    32.76    16.01 ]
  mz [     145   -90.43        0 |    9.928    16.01    135.4 ]
  (A) D_TCP eigenvalues = [0.4722, 0.9474, 1.87, 170.7, 201.9, 359.7] -> PSD ok (>=0) (min=0.4722)
  (B) manual pole:
           tx        ty        tz    |    rx        ry        rz
  fx [   237.1        0        0 |        0   -9.852    -4.59 ]
  fy [       0    178.3        0 |     7.41        0   -4.681 ]
  fz [       0        0    108.1 |    2.093    2.837        0 ]
     ---------------------------+---------------------------
  mx [       0     7.41    2.093 |    1.757  0.05494  -0.2499 ]
  my [  -9.852        0    2.837 |  0.05494    2.556   0.1908 ]
  mz [   -4.59   -4.681        0 |  -0.2499   0.1908    0.992 ]
  (B) D_TCP eigenvalues = [0.7746, 1.41, 2.067, 108.2, 178.7, 237.6] -> PSD ok (>=0) (min=0.7746)
phase: grind

Stop requested with e + Enter. Finishing control loop...

Joint motion [deg]:
joint    start   final   delta
------------------------------
q1       -2.7    -0.8     1.9
q2       18.1    32.1    14.0
q3       -5.1    -3.5     1.7
q4     -122.8  -122.9    -0.0
q5       17.5     2.0   -15.6
q6      139.5   148.3     8.9
q7       26.8    41.6    14.9

=== Final result ===
p_d = [529.2, -37.7, -133.2] mm
p_EE = [536.6, -44.2, 25.0] mm
e_p = [-7.4, 6.5, -158.2] mm
position_error = 158.48 mm
e_R = [0.84, -1.49, -0.30] deg
rotation_error = 1.74 deg
csv: surface_grinding_controller_log.csv
