
Press Enter to recover and configure the robot.
Robot recovered or already ready.
Collision: custom thresholds.

=== Startup choice ===
  q = go to q_init (from params/common.txt), then choose again
  g = guiding mode: go to q_init, then hand-guide to your pose;
      use s+Enter for sequence or h+Enter for hold
  o = open the Franka hand now (release/load tool), then choose again
  c = close/grasp the tool now, then choose again
  r = continue to run mode (available after q_init is reached)
Choice [q/g/o/c/r, Enter = q]: Moving to q_init...
q_init reached.

=== Startup choice ===
  q = go to q_init (from params/common.txt), then choose again
  g = guiding mode: go to q_init, then hand-guide to your pose;
      use s+Enter for sequence or h+Enter for hold
  o = open the Franka hand now (release/load tool), then choose again
  c = close/grasp the tool now, then choose again
  r = continue to run mode
Choice [q/g/o/c/r, Enter = q]: 
=== Run mode ===
  s = phase sequence (approach / set up / grind)
  h = hold at the start pose
Choice [s/h, Enter = s]: Unknown run-mode choice 'r'; using default sequence.
Selected: phase sequence. Nullspace mode from parameters: nullspace_damping_plus_sigma.

=== Setup ===
run: phase sequence | approach_orient: on | nullspace: nullspace_damping_plus_sigma
nullspace parameters: d_null=2.000 | k_sigma=1.000 Nm | alpha=0.0800 rad
hold: Kp=300.0 N/m | KR=40.0 Nm/rad | damping=auto translation+rotation (factor fitted online toward Dp=50.0 Ns/m)
manual_guidance_start: off | manual_damping=0.50
descend: clearance=20.0 mm | speed=0.100 m/s | max_distance=640 mm
alignment push: start=captured | end=+180 mm | speed=0.050 m/s | ramp_time~=4.0 s | timeout=12.0 s | moment_threshold=150.0 Nm
grind: sweep | axis=tangent2 | amplitude=30 mm | frequency=0.20 Hz
coupled stiffness: apply=off | saved=yes | pole=manual
gates: pause_before_set_up=on | pause_auto_damping=on | pause_before_grind=off | debug_period=0.20 s
alignment-target normal=[+0.087, -0.000, +0.996] | tilt a(x)=0.0 deg, b(y)=5.0 deg (from angles)
tool face: 40 x 120 mm | center offset EE=[+0.0, +0.0, +20.0] mm
Gripper already holding the tool (width 65.0 mm); keeping grasp.
Press e+Enter to stop the controller before the duration expires.
During hold: press g+Enter to hand-guide the tool, then p+Enter to recapture and resume hold.
experiment_duration <= 0: running indefinitely until e + Enter.

=== Start pose ===
q_start = [-2.7, 18.1, -5.1, -122.8, 17.5, 139.5, 26.8] deg
p_start = [565.0, -59.5, 151.0] mm

=== Run ===
phase: approach_orient
orient:     t=  0.0 s | axis_err= 11.5 deg | rot_err= 11.5 deg
approach Dp        auto=[ 134.13,   97.25,  122.29]  manual=[  20.00,   20.00,   20.00] Ns/m
approach DR        auto=[  12.73,   16.36,    4.08]  manual=[  12.00,   12.00,   12.00] Nms/rad
orient:     t=  0.2 s | axis_err=  4.5 deg | rot_err=  4.5 deg
orient:     t=  0.4 s | axis_err=  2.3 deg | rot_err=  2.3 deg

Orientation reached: axis_err=1.8 deg
phase: approach_descend
descend:    t=  0.0 s | distance=   0.1 mm | height= +97.7 mm (target 20.0) | force= -0.0 N
descend:    t=  0.2 s | distance=  20.1 mm | height= +85.7 mm (target 20.0) | force=  0.5 N
descend:    t=  0.4 s | distance=  40.1 mm | height= +68.6 mm (target 20.0) | force=  1.1 N
descend:    t=  0.6 s | distance=  60.2 mm | height= +50.9 mm (target 20.0) | force=  2.2 N
descend:    t=  0.8 s | distance=  80.3 mm | height= +33.2 mm (target 20.0) | force=  1.2 N

[GATE] Reached 20 mm above the plane. Press Enter to start the set-up press (e+Enter stops).
pause auto damping: fitted Dp factor=0.551, DR factor=1.961
pause Dp [xyz]     auto=[ 206.48,  155.18,  224.97]  manual=[ 200.00,  200.00,  200.00] Ns/m
pause DR [t1t2n]   auto=[  11.73,   17.28,    2.04]  manual=[  12.73,   16.36,    4.08] Nms/rad
[GATE] Continuing to the set-up press.
descend:    t=  2.1 s | distance=  95.3 mm | height= +19.5 mm (target 20.0) | force=  0.4 N

Clearance reached: distance=95.3 mm | height=19.5 mm | target=20.0 mm | force=0.4 N (not used for the switch)
offset_ee = [20.0, 60.0, 20.0] mm
p_EE_at_contact = [545.5, -65.3, 65.5] mm
contact_point = [559.2, -126.0, 24.2] mm
edge_offset_base = [13.7, -60.7, -41.3] mm
phase: set_up
set_up Dp [xyz]    auto=[ 237.01,  178.15,  108.17]  manual=[  10.00,   10.00,  175.00] Ns/m
set_up DR [t1t2n]  auto=[   4.46,    6.55,    0.77]  manual=[  10.01,   10.01,   10.00] Nms/rad
set_up:     t=  0.0 s | tip=  0.0 deg | F=  0.0 N | M=  0.0 Nm (limit 150.0) | edge= 19.5 mm
set_up:     t=  0.2 s | tip=  0.4 deg | F=  1.4 N | M=  0.4 Nm (limit 150.0) | edge= 13.9 mm
set_up:     t=  0.4 s | tip=  0.5 deg | F=  1.4 N | M=  0.4 Nm (limit 150.0) | edge=  6.3 mm
set_up:     t=  0.6 s | tip=  0.6 deg | F=  2.2 N | M=  0.8 Nm (limit 150.0) | edge=  3.7 mm
set_up:     t=  0.8 s | tip=  0.6 deg | F=  1.8 N | M=  0.7 Nm (limit 150.0) | edge= 12.3 mm
set_up:     t=  1.0 s | tip=  0.6 deg | F= 12.0 N | M=  6.4 Nm (limit 150.0) | edge= 19.1 mm
set_up:     t=  1.2 s | tip=  0.6 deg | F= 12.8 N | M=  6.7 Nm (limit 150.0) | edge= 19.2 mm
set_up:     t=  1.4 s | tip=  0.6 deg | F= 16.5 N | M=  8.6 Nm (limit 150.0) | edge= 19.3 mm
set_up:     t=  1.6 s | tip=  0.7 deg | F= 20.3 N | M= 10.6 Nm (limit 150.0) | edge= 19.5 mm
set_up:     t=  1.8 s | tip=  0.7 deg | F= 24.2 N | M= 12.5 Nm (limit 150.0) | edge= 19.6 mm
set_up:     t=  2.0 s | tip=  0.7 deg | F= 27.8 N | M= 14.4 Nm (limit 150.0) | edge= 19.8 mm
set_up:     t=  2.2 s | tip=  0.7 deg | F= 31.7 N | M= 16.4 Nm (limit 150.0) | edge= 19.9 mm
set_up:     t=  2.4 s | tip=  0.7 deg | F= 35.6 N | M= 18.5 Nm (limit 150.0) | edge= 20.0 mm
set_up:     t=  2.6 s | tip=  0.8 deg | F= 39.0 N | M= 20.3 Nm (limit 150.0) | edge= 20.2 mm
set_up:     t=  2.8 s | tip=  1.0 deg | F= 42.7 N | M= 22.0 Nm (limit 150.0) | edge= 20.3 mm
set_up:     t=  3.0 s | tip=  1.1 deg | F= 46.4 N | M= 23.9 Nm (limit 150.0) | edge= 20.4 mm
set_up:     t=  3.2 s | tip=  1.1 deg | F= 50.0 N | M= 25.6 Nm (limit 150.0) | edge= 20.6 mm
set_up:     t=  3.4 s | tip=  1.1 deg | F= 53.8 N | M= 27.5 Nm (limit 150.0) | edge= 20.7 mm
set_up:     t=  3.6 s | tip=  1.2 deg | F= 57.5 N | M= 29.4 Nm (limit 150.0) | edge= 20.8 mm
set_up:     t=  3.8 s | tip=  1.2 deg | F= 61.1 N | M= 31.1 Nm (limit 150.0) | edge= 21.0 mm
set_up:     t=  4.0 s | tip=  1.3 deg | F= 65.5 N | M= 33.4 Nm (limit 150.0) | edge= 21.0 mm
set_up:     t=  4.2 s | tip=  1.3 deg | F= 60.5 N | M= 30.7 Nm (limit 150.0) | edge= 21.0 mm
set_up:     t=  4.4 s | tip=  1.3 deg | F= 60.6 N | M= 30.8 Nm (limit 150.0) | edge= 21.0 mm
set_up:     t=  4.6 s | tip=  1.3 deg | F= 60.6 N | M= 30.7 Nm (limit 150.0) | edge= 21.0 mm
set_up:     t=  4.8 s | tip=  1.3 deg | F= 60.6 N | M= 30.7 Nm (limit 150.0) | edge= 21.0 mm
set_up:     t=  5.0 s | tip=  1.3 deg | F= 60.6 N | M= 30.7 Nm (limit 150.0) | edge= 21.0 mm
set_up:     t=  5.2 s | tip=  1.3 deg | F= 60.5 N | M= 30.6 Nm (limit 150.0) | edge= 21.0 mm
set_up:     t=  5.4 s | tip=  1.3 deg | F= 60.5 N | M= 30.6 Nm (limit 150.0) | edge= 21.0 mm
set_up:     t=  5.6 s | tip=  1.3 deg | F= 60.5 N | M= 30.6 Nm (limit 150.0) | edge= 21.0 mm
set_up:     t=  5.8 s | tip=  1.3 deg | F= 60.4 N | M= 30.5 Nm (limit 150.0) | edge= 21.0 mm
set_up:     t=  6.0 s | tip=  1.3 deg | F= 60.4 N | M= 30.5 Nm (limit 150.0) | edge= 21.0 mm
set_up:     t=  6.2 s | tip=  1.3 deg | F= 60.4 N | M= 30.5 Nm (limit 150.0) | edge= 21.0 mm
set_up:     t=  6.4 s | tip=  1.3 deg | F= 60.4 N | M= 30.5 Nm (limit 150.0) | edge= 21.0 mm
set_up:     t=  6.6 s | tip=  1.3 deg | F= 60.4 N | M= 30.5 Nm (limit 150.0) | edge= 21.0 mm
set_up:     t=  6.8 s | tip=  1.3 deg | F= 60.4 N | M= 30.5 Nm (limit 150.0) | edge= 21.0 mm
set_up:     t=  7.0 s | tip=  1.3 deg | F= 60.3 N | M= 30.5 Nm (limit 150.0) | edge= 21.0 mm
set_up:     t=  7.2 s | tip=  1.3 deg | F= 60.3 N | M= 30.4 Nm (limit 150.0) | edge= 21.0 mm
set_up:     t=  7.4 s | tip=  1.3 deg | F= 60.3 N | M= 30.4 Nm (limit 150.0) | edge= 21.0 mm
set_up:     t=  7.6 s | tip=  1.3 deg | F= 60.4 N | M= 30.5 Nm (limit 150.0) | edge= 21.0 mm
set_up:     t=  7.8 s | tip=  1.3 deg | F= 60.4 N | M= 30.5 Nm (limit 150.0) | edge= 21.0 mm
set_up:     t=  8.0 s | tip=  1.3 deg | F= 60.3 N | M= 30.4 Nm (limit 150.0) | edge= 21.0 mm
set_up:     t=  8.2 s | tip=  1.3 deg | F= 60.4 N | M= 30.5 Nm (limit 150.0) | edge= 21.0 mm
set_up:     t=  8.4 s | tip=  1.3 deg | F= 60.4 N | M= 30.5 Nm (limit 150.0) | edge= 21.0 mm
set_up:     t=  8.6 s | tip=  1.3 deg | F= 60.4 N | M= 30.5 Nm (limit 150.0) | edge= 21.0 mm
set_up:     t=  8.8 s | tip=  1.3 deg | F= 60.3 N | M= 30.5 Nm (limit 150.0) | edge= 21.0 mm
set_up:     t=  9.0 s | tip=  1.3 deg | F= 60.3 N | M= 30.4 Nm (limit 150.0) | edge= 21.0 mm
set_up:     t=  9.2 s | tip=  1.3 deg | F= 60.3 N | M= 30.4 Nm (limit 150.0) | edge= 21.0 mm
set_up:     t=  9.4 s | tip=  1.3 deg | F= 60.2 N | M= 30.3 Nm (limit 150.0) | edge= 21.0 mm
set_up:     t=  9.6 s | tip=  1.3 deg | F= 60.3 N | M= 30.4 Nm (limit 150.0) | edge= 21.0 mm
set_up:     t=  9.8 s | tip=  1.3 deg | F= 60.4 N | M= 30.5 Nm (limit 150.0) | edge= 21.0 mm
set_up:     t= 10.0 s | tip=  1.3 deg | F= 60.4 N | M= 30.5 Nm (limit 150.0) | edge= 21.0 mm
set_up:     t= 10.2 s | tip=  1.3 deg | F= 60.3 N | M= 30.4 Nm (limit 150.0) | edge= 21.0 mm
set_up:     t= 10.4 s | tip=  1.3 deg | F= 60.3 N | M= 30.4 Nm (limit 150.0) | edge= 21.0 mm
set_up:     t= 10.6 s | tip=  1.3 deg | F= 60.4 N | M= 30.4 Nm (limit 150.0) | edge= 21.0 mm
set_up:     t= 10.8 s | tip=  1.3 deg | F= 60.3 N | M= 30.4 Nm (limit 150.0) | edge= 21.0 mm
set_up:     t= 11.0 s | tip=  1.3 deg | F= 60.5 N | M= 30.5 Nm (limit 150.0) | edge= 21.0 mm
set_up:     t= 11.2 s | tip=  1.3 deg | F= 60.4 N | M= 30.4 Nm (limit 150.0) | edge= 21.0 mm
set_up:     t= 11.4 s | tip=  1.3 deg | F= 60.4 N | M= 30.5 Nm (limit 150.0) | edge= 21.0 mm
set_up:     t= 11.6 s | tip=  1.3 deg | F= 60.4 N | M= 30.4 Nm (limit 150.0) | edge= 21.0 mm
set_up:     t= 11.8 s | tip=  1.3 deg | F= 60.3 N | M= 30.4 Nm (limit 150.0) | edge= 21.0 mm

=== Set-up result ===
stop: time | t=12.0 s | tip=1.3 deg | F=60.3 N | M=30.4 Nm
edge_from_contact = [-4.5, +0.6, -20.5] mm | norm=21.0 mm
tcp_from_contact  = [-20.2, +61.5, +0.7] mm | norm=64.7 mm
alignment: before=0.44 deg | after=1.09 deg | gain=-0.65 deg

=== Set-up surface-frame breakdown ===
frame: alignment-target [tangent1, tangent2, normal]
force        [N]      = [   -15.23,     -3.00,    -58.32]
tcp_disp     [mm]     = [    -2.96,     +0.78,    -40.99]
edge_disp    [mm]     = [    -2.70,     +0.63,    -20.82]
Kp_eff=F/tcp [N/m]    = [   5145.1,   -3854.9,    1422.6]
moment@edge  [Nm]     = [    +2.84,    +28.30,     -2.02]
tip_angle    [deg]    = [    +0.88,     -0.82,     -0.52]
KR_eff=M/ang [Nm/rad] = [    185.2,   -1986.9,     223.0]

finite_axis: angle=1.3 deg | axis_from_edge=[-579.0, -659.0, +97.1] mm | dir=[-0.635, +0.625, +0.454] | pitch=-265.5 mm/rad
(coupled_K_tcp/coupled_D_tcp queued for the next run)

=== Coupled stiffness from the measured pole ===
source spring K_pole/D_pole (diagonal, from parameters):
  Kp [N/m]     = [2000, 2000, 350]
  KR [Nm/rad]  = [50, 50, 50]
  Dp [Ns/m]    = [10, 10, 175]
  DR [Nms/rad] = [10.01, 10.01, 10]

poles compared (lever r_c = TCP - pole):
  (A) measured axis : angle=1.3 deg | pitch=-265.5 mm/rad
      pole_from_edge = [-570.7, -663.4, 114.9] mm
      r_c            = [554.9, 724.2, -93.6] mm
  (B) manual pole   : comparison only, contact reference
      pole_from_edge = [-35.5, 79.4, 20.5] mm
      r_c            = [26.3, -19.3, 41.3] mm
      r_c(B)-r_c(A)  = [-528.6, -743.5, 134.9] mm

K_TCP = Ad^T K_pole Ad  [rows fx..mz | cols tx..rz]:
  (A) measured axis:
           tx        ty        tz    |    rx        ry        rz
  fx [    2000        0        0 |        0    187.2     1448 ]
  fy [       0     2000        0 |   -187.2        0    -1110 ]
  fz [       0        0      350 |   -253.5    194.2        0 ]
     ---------------------------+---------------------------
  mx [       0   -187.2   -253.5 |    251.1   -140.7    103.9 ]
  my [   187.2        0    194.2 |   -140.7    175.3    135.6 ]
  mz [    1448    -1110        0 |    103.9    135.6     1715 ]
  (A) K_TCP eigenvalues = [26.2, 26.99, 50, 660.8, 2022, 3705] -> PSD ok (>=0) (min=26.2)
  (B) manual pole:
           tx        ty        tz    |    rx        ry        rz
  fx [    2000        0        0 |        0   -82.65   -38.63 ]
  fy [       0     2000        0 |    82.65        0   -52.61 ]
  fz [       0        0      350 |     6.76    9.206        0 ]
     ---------------------------+---------------------------
  mx [       0    82.65     6.76 |    53.55   0.1778   -2.174 ]
  my [  -82.65        0    9.206 |   0.1778    53.66    1.596 ]
  mz [  -38.63   -52.61        0 |   -2.174    1.596    52.13 ]
  (B) K_TCP eigenvalues = [49.85, 49.86, 50, 350.4, 2004, 2006] -> PSD ok (>=0) (min=49.85)

D_TCP = Ad^T D_pole Ad:
  (A) measured axis:
           tx        ty        tz    |    rx        ry        rz
  fx [     237        0        0 |        0    22.19    171.6 ]
  fy [       0    178.2        0 |   -16.68        0   -98.87 ]
  fz [       0        0    108.2 |   -78.34    60.03        0 ]
     ---------------------------+---------------------------
  mx [       0   -16.68   -78.34 |    62.72   -43.47    8.936 ]
  my [   22.19        0    60.03 |   -43.47    41.94    16.07 ]
  mz [   171.6   -98.87        0 |    8.936    16.07      180 ]
  (A) D_TCP eigenvalues = [0.4206, 2.638, 5.934, 184.7, 210.1, 404.1] -> PSD ok (>=0) (min=0.4206)
  (B) manual pole:
           tx        ty        tz    |    rx        ry        rz
  fx [     237        0        0 |        0   -9.795   -4.578 ]
  fy [       0    178.2        0 |    7.363        0   -4.686 ]
  fz [       0        0    108.2 |    2.089    2.845        0 ]
     ---------------------------+---------------------------
  mx [       0    7.363    2.089 |    4.773  0.05495  -0.5133 ]
  my [  -9.795        0    2.845 |  0.05495    7.034   0.1892 ]
  mz [  -4.578   -4.686        0 |  -0.5133   0.1892    1.014 ]
  (B) D_TCP eigenvalues = [0.7737, 4.446, 6.538, 108.3, 178.6, 237.5] -> PSD ok (>=0) (min=0.7737)
phase: grind

Stop requested with e + Enter. Finishing control loop...
params/sequence.txt updated after control loop (73 queued values).

Joint motion [deg]:
joint    start   final   delta
------------------------------
q1       -2.7    -2.1     0.6
q2       18.1    32.2    14.1
q3       -5.1    -3.6     1.5
q4     -122.8  -122.8     0.0
q5       17.5     1.8   -15.7
q6      139.5   148.9     9.4
q7       26.8    40.4    13.6

=== Final result ===
p_d = [528.1, -52.0, -133.2] mm
p_EE = [537.3, -58.2, 25.0] mm
e_p = [-9.2, 6.2, -158.2] mm
position_error = 158.59 mm
e_R = [0.80, -0.98, -0.35] deg
rotation_error = 1.31 deg
csv: surface_grinding_controller_log.csv
