
Press Enter to recover and configure the robot.
Robot recovered or already ready.
Collision: custom thresholds.

=== Startup choice ===
  q = go to q_init (from params/common.txt), then choose again
  g = guiding mode: go to q_init, then hand-guide to your pose;
      use s+Enter for sequence or h+Enter for hold
  o = open the Franka hand now (release/load tool), then choose again
  c = close/grasp the tool now, then choose again
  r = continue to run mode (available after q_init is reached)
Choice [q/g/o/c/r, Enter = q]: Moving to q_init...
q_init reached.

=== Startup choice ===
  q = go to q_init (from params/common.txt), then choose again
  g = guiding mode: go to q_init, then hand-guide to your pose;
      use s+Enter for sequence or h+Enter for hold
  o = open the Franka hand now (release/load tool), then choose again
  c = close/grasp the tool now, then choose again
  r = continue to run mode
Choice [q/g/o/c/r, Enter = q]: 
=== Run mode ===
  s = phase sequence (approach / set up / grind)
  h = hold at the start pose
Choice [s/h, Enter = s]: Selected: phase sequence. Nullspace mode from parameters: nullspace_damping_plus_sigma.

=== Setup ===
run: phase sequence | approach_orient: on | nullspace: nullspace_damping_plus_sigma
nullspace parameters: d_null=2.000 | k_sigma=1.000 Nm | alpha=0.0800 rad
hold: Kp=300.0 N/m | KR=40.0 Nm/rad | damping=auto translation+rotation (factor fitted online toward Dp=50.0 Ns/m)
manual_guidance_start: off | manual_damping=0.50
descend: clearance=20.0 mm | speed=0.100 m/s | max_distance=640 mm
alignment push: start=captured | end=+180 mm | speed=0.050 m/s | ramp_time~=4.0 s | timeout=12.0 s | moment_threshold=150.0 Nm
grind: sweep | axis=tangent2 | amplitude=30 mm | frequency=0.20 Hz
coupled stiffness: apply=on | saved=yes | pole=manual
gates: pause_before_set_up=on | pause_auto_damping=on | pause_before_grind=off | debug_period=0.20 s
alignment-target normal=[+0.087, -0.000, +0.996] | tilt a(x)=0.0 deg, b(y)=5.0 deg (from angles)
tool face: 40 x 120 mm | center offset EE=[+0.0, +0.0, +20.0] mm
Gripper already holding the tool (width 65.0 mm); keeping grasp.
Press e+Enter to stop the controller before the duration expires.
During hold: press g+Enter to hand-guide the tool, then p+Enter to recapture and resume hold.
experiment_duration <= 0: running indefinitely until e + Enter.

=== Start pose ===
q_start = [-2.7, 18.1, -5.1, -122.8, 17.5, 139.5, 26.8] deg
p_start = [565.2, -59.4, 151.2] mm

=== Run ===
phase: approach_orient
orient:     t=  0.0 s | axis_err= 11.5 deg | rot_err= 11.5 deg
approach Dp        auto=[ 134.15,   97.25,  122.27]  manual=[  20.00,   20.00,   20.00] Ns/m
approach DR        auto=[  12.73,   16.36,    4.08]  manual=[  12.00,   12.00,   12.00] Nms/rad
orient:     t=  0.2 s | axis_err=  4.6 deg | rot_err=  4.6 deg
orient:     t=  0.4 s | axis_err=  2.4 deg | rot_err=  2.4 deg

Orientation reached: axis_err=2.0 deg
phase: approach_descend
descend:    t=  0.0 s | distance=   0.1 mm | height= +96.0 mm (target 20.0) | force= -0.0 N
descend:    t=  0.2 s | distance=  20.1 mm | height= +83.8 mm (target 20.0) | force=  2.5 N
descend:    t=  0.4 s | distance=  40.1 mm | height= +67.9 mm (target 20.0) | force=  2.5 N
descend:    t=  0.6 s | distance=  60.2 mm | height= +51.1 mm (target 20.0) | force=  2.2 N
descend:    t=  0.8 s | distance=  80.3 mm | height= +33.7 mm (target 20.0) | force=  2.0 N

[GATE] Reached 20 mm above the plane. Press Enter to start the set-up press (e+Enter stops).
pause auto damping: fitted Dp factor=0.551, DR factor=1.959
pause Dp [xyz]     auto=[ 206.65,  155.15,  224.84]  manual=[ 200.00,  200.00,  200.00] Ns/m
pause DR [t1t2n]   auto=[  11.70,   17.30,    2.04]  manual=[  12.73,   16.36,    4.08] Nms/rad
[GATE] Continuing to the set-up press.
descend:    t=  3.9 s | distance=  96.1 mm | height= +19.5 mm (target 20.0) | force=  1.1 N

Clearance reached: distance=96.1 mm | height=19.5 mm | target=20.0 mm | force=1.1 N (not used for the switch)
offset_ee = [20.0, 60.0, 20.0] mm
p_EE_at_contact = [546.5, -63.8, 65.5] mm
contact_point = [560.2, -124.4, 24.1] mm
edge_offset_base = [13.7, -60.7, -41.4] mm
phase: set_up
set_up Dp [xyz]    auto=[ 237.18,  178.09,  108.08]  manual=[  10.00,   10.00,  175.00] Ns/m
set_up DR [t1t2n]  auto=[   1.41,    2.08,    0.78]  manual=[  10.01,   10.01,   10.00] Nms/rad
set_up:     t=  0.0 s | tip=  0.0 deg | F=  0.0 N | M=  0.0 Nm (limit 150.0) | edge= 19.5 mm
set_up:     t=  0.2 s | tip=  0.6 deg | F=  0.8 N | M=  0.4 Nm (limit 150.0) | edge= 13.5 mm
set_up:     t=  0.4 s | tip=  1.2 deg | F=  2.5 N | M=  1.1 Nm (limit 150.0) | edge=  6.7 mm
set_up:     t=  0.6 s | tip=  1.9 deg | F=  2.5 N | M=  1.0 Nm (limit 150.0) | edge=  5.9 mm
set_up:     t=  0.8 s | tip=  2.6 deg | F=  2.3 N | M=  0.9 Nm (limit 150.0) | edge= 13.4 mm
set_up:     t=  1.0 s | tip=  3.0 deg | F= 12.4 N | M=  6.7 Nm (limit 150.0) | edge= 19.9 mm
set_up:     t=  1.2 s | tip=  3.0 deg | F= 12.2 N | M=  6.5 Nm (limit 150.0) | edge= 20.1 mm
set_up:     t=  1.4 s | tip=  3.0 deg | F= 16.1 N | M=  8.5 Nm (limit 150.0) | edge= 20.3 mm
set_up:     t=  1.6 s | tip=  3.0 deg | F= 19.7 N | M= 10.6 Nm (limit 150.0) | edge= 20.4 mm
set_up:     t=  1.8 s | tip=  3.0 deg | F= 23.7 N | M= 12.8 Nm (limit 150.0) | edge= 20.5 mm
set_up:     t=  2.0 s | tip=  3.1 deg | F= 27.8 N | M= 15.1 Nm (limit 150.0) | edge= 20.7 mm
set_up:     t=  2.2 s | tip=  3.1 deg | F= 31.2 N | M= 17.0 Nm (limit 150.0) | edge= 20.9 mm
set_up:     t=  2.4 s | tip=  3.2 deg | F= 34.9 N | M= 19.2 Nm (limit 150.0) | edge= 21.1 mm
set_up:     t=  2.6 s | tip=  3.4 deg | F= 39.1 N | M= 21.5 Nm (limit 150.0) | edge= 21.2 mm
set_up:     t=  2.8 s | tip=  3.6 deg | F= 42.3 N | M= 23.3 Nm (limit 150.0) | edge= 21.4 mm
set_up:     t=  3.0 s | tip=  4.9 deg | F= 44.7 N | M= 24.6 Nm (limit 150.0) | edge= 21.9 mm
set_up:     t=  3.2 s | tip=  6.7 deg | F= 47.1 N | M= 25.9 Nm (limit 150.0) | edge= 22.5 mm
set_up:     t=  3.4 s | tip=  8.6 deg | F= 49.3 N | M= 27.0 Nm (limit 150.0) | edge= 23.4 mm
set_up:     t=  3.6 s | tip= 10.2 deg | F= 51.7 N | M= 28.1 Nm (limit 150.0) | edge= 24.5 mm
set_up:     t=  3.8 s | tip= 12.0 deg | F= 53.2 N | M= 29.0 Nm (limit 150.0) | edge= 25.8 mm
set_up:     t=  4.0 s | tip= 13.6 deg | F= 55.9 N | M= 30.4 Nm (limit 150.0) | edge= 26.9 mm
set_up:     t=  4.2 s | tip= 14.2 deg | F= 52.7 N | M= 28.6 Nm (limit 150.0) | edge= 26.8 mm
set_up:     t=  4.4 s | tip= 14.2 deg | F= 52.7 N | M= 28.5 Nm (limit 150.0) | edge= 26.8 mm
set_up:     t=  4.6 s | tip= 14.2 deg | F= 52.6 N | M= 28.4 Nm (limit 150.0) | edge= 26.8 mm
set_up:     t=  4.8 s | tip= 14.2 deg | F= 52.6 N | M= 28.4 Nm (limit 150.0) | edge= 26.8 mm
set_up:     t=  5.0 s | tip= 14.2 deg | F= 52.6 N | M= 28.4 Nm (limit 150.0) | edge= 26.8 mm
set_up:     t=  5.2 s | tip= 14.2 deg | F= 52.6 N | M= 28.4 Nm (limit 150.0) | edge= 26.8 mm
set_up:     t=  5.4 s | tip= 14.2 deg | F= 52.6 N | M= 28.4 Nm (limit 150.0) | edge= 26.8 mm
set_up:     t=  5.6 s | tip= 14.2 deg | F= 52.5 N | M= 28.3 Nm (limit 150.0) | edge= 26.8 mm
set_up:     t=  5.8 s | tip= 14.2 deg | F= 52.5 N | M= 28.3 Nm (limit 150.0) | edge= 26.8 mm
set_up:     t=  6.0 s | tip= 14.2 deg | F= 52.5 N | M= 28.3 Nm (limit 150.0) | edge= 26.8 mm
set_up:     t=  6.2 s | tip= 14.2 deg | F= 52.5 N | M= 28.3 Nm (limit 150.0) | edge= 26.8 mm
set_up:     t=  6.4 s | tip= 14.2 deg | F= 52.5 N | M= 28.3 Nm (limit 150.0) | edge= 26.8 mm
set_up:     t=  6.6 s | tip= 14.2 deg | F= 52.5 N | M= 28.3 Nm (limit 150.0) | edge= 26.8 mm
set_up:     t=  6.8 s | tip= 14.2 deg | F= 52.5 N | M= 28.3 Nm (limit 150.0) | edge= 26.8 mm
set_up:     t=  7.0 s | tip= 14.2 deg | F= 52.5 N | M= 28.3 Nm (limit 150.0) | edge= 26.8 mm
set_up:     t=  7.2 s | tip= 14.3 deg | F= 52.5 N | M= 28.3 Nm (limit 150.0) | edge= 26.8 mm
set_up:     t=  7.4 s | tip= 14.3 deg | F= 52.5 N | M= 28.3 Nm (limit 150.0) | edge= 26.8 mm
set_up:     t=  7.6 s | tip= 14.3 deg | F= 52.5 N | M= 28.3 Nm (limit 150.0) | edge= 26.8 mm
set_up:     t=  7.8 s | tip= 14.3 deg | F= 52.5 N | M= 28.3 Nm (limit 150.0) | edge= 26.8 mm
set_up:     t=  8.0 s | tip= 14.3 deg | F= 52.5 N | M= 28.3 Nm (limit 150.0) | edge= 26.8 mm
set_up:     t=  8.2 s | tip= 14.3 deg | F= 52.5 N | M= 28.3 Nm (limit 150.0) | edge= 26.9 mm
set_up:     t=  8.4 s | tip= 14.3 deg | F= 52.5 N | M= 28.3 Nm (limit 150.0) | edge= 26.9 mm
set_up:     t=  8.6 s | tip= 14.3 deg | F= 52.5 N | M= 28.3 Nm (limit 150.0) | edge= 26.9 mm
set_up:     t=  8.8 s | tip= 14.3 deg | F= 52.5 N | M= 28.3 Nm (limit 150.0) | edge= 26.9 mm
set_up:     t=  9.0 s | tip= 14.3 deg | F= 52.5 N | M= 28.3 Nm (limit 150.0) | edge= 26.9 mm
set_up:     t=  9.2 s | tip= 14.3 deg | F= 52.4 N | M= 28.3 Nm (limit 150.0) | edge= 26.9 mm
set_up:     t=  9.4 s | tip= 14.3 deg | F= 52.4 N | M= 28.2 Nm (limit 150.0) | edge= 26.9 mm
set_up:     t=  9.6 s | tip= 14.3 deg | F= 52.4 N | M= 28.2 Nm (limit 150.0) | edge= 26.8 mm
set_up:     t=  9.8 s | tip= 14.3 deg | F= 52.4 N | M= 28.2 Nm (limit 150.0) | edge= 26.9 mm
set_up:     t= 10.0 s | tip= 14.3 deg | F= 52.4 N | M= 28.2 Nm (limit 150.0) | edge= 26.9 mm
set_up:     t= 10.2 s | tip= 14.3 deg | F= 52.4 N | M= 28.2 Nm (limit 150.0) | edge= 26.9 mm
set_up:     t= 10.4 s | tip= 14.3 deg | F= 52.4 N | M= 28.2 Nm (limit 150.0) | edge= 26.9 mm
set_up:     t= 10.6 s | tip= 14.3 deg | F= 52.4 N | M= 28.2 Nm (limit 150.0) | edge= 26.9 mm
set_up:     t= 10.8 s | tip= 14.3 deg | F= 52.4 N | M= 28.2 Nm (limit 150.0) | edge= 26.9 mm
set_up:     t= 11.0 s | tip= 14.3 deg | F= 52.4 N | M= 28.2 Nm (limit 150.0) | edge= 26.9 mm
set_up:     t= 11.2 s | tip= 14.3 deg | F= 52.4 N | M= 28.2 Nm (limit 150.0) | edge= 26.9 mm
set_up:     t= 11.4 s | tip= 14.3 deg | F= 52.4 N | M= 28.2 Nm (limit 150.0) | edge= 26.9 mm
set_up:     t= 11.6 s | tip= 14.3 deg | F= 52.4 N | M= 28.2 Nm (limit 150.0) | edge= 26.9 mm
set_up:     t= 11.8 s | tip= 14.3 deg | F= 52.3 N | M= 28.2 Nm (limit 150.0) | edge= 26.9 mm

=== Set-up result ===
stop: time | t=12.0 s | tip=14.3 deg | F=52.3 N | M=28.2 Nm
edge_from_contact = [-12.3, +11.2, -21.1] mm | norm=26.9 mm
tcp_from_contact  = [-24.7, +65.1, +15.5] mm | norm=71.4 mm
alignment: before=0.51 deg | after=14.74 deg | gain=-14.24 deg

=== Set-up surface-frame breakdown ===
frame: alignment-target [tangent1, tangent2, normal]
force        [N]      = [    -4.71,    +11.80,    -50.77]
tcp_disp     [mm]     = [    -8.67,     +4.47,    -26.72]
edge_disp    [mm]     = [   -10.37,    +11.23,    -22.08]
Kp_eff=F/tcp [N/m]    = [    542.6,    2640.5,    1900.2]
moment@edge  [Nm]     = [    +3.53,    +25.80,     +5.75]
tip_angle    [deg]    = [   -13.99,     -2.75,     +0.35]
KR_eff=M/ang [Nm/rad] = [    -14.4,    -538.4,     953.1]

finite_axis: angle=14.3 deg | axis_from_edge=[-13.8, +93.9, +42.3] mm | dir=[+0.975, +0.192, -0.110] | pitch=-30.0 mm/rad

=== Coupled stiffness from the measured pole ===
source spring K_pole/D_pole (diagonal, from parameters):
  Kp [N/m]     = [2000, 2000, 350]
  KR [Nm/rad]  = [5, 5, 50]
  Dp [Ns/m]    = [10, 10, 175]
  DR [Nms/rad] = [10.01, 10.01, 10]

poles compared (lever r_c = TCP - pole):
  (A) measured axis : angle=14.3 deg | pitch=-30.0 mm/rad
      pole_from_edge = [-8.8, 81.2, 64.2] mm
      r_c            = [-3.6, -27.3, -27.6] mm
  (B) manual pole   : COMMANDED this run, contact reference
      pole_from_edge = [19.2, -91.2, 100.8] mm
      r_c            = [-20.7, 140.7, -38.3] mm
      r_c(B)-r_c(A)  = [-17.1, 168.0, -10.8] mm

K_TCP = Ad^T K_pole Ad  [rows fx..mz | cols tx..rz]:
  (A) measured axis:
           tx        ty        tz    |    rx        ry        rz
  fx [    2000        0        0 |        0     55.1    -54.7 ]
  fy [       0     2000        0 |    -55.1        0    7.237 ]
  fz [       0        0      350 |    9.572   -1.267        0 ]
     ---------------------------+---------------------------
  mx [       0    -55.1    9.572 |    7.122 -0.03464    3.708 ]
  my [    55.1        0   -1.267 | -0.03464    6.523   -1.507 ]
  mz [   -54.7    7.237        0 |    3.708   -1.507    51.18 ]
  (A) K_TCP eigenvalues = [4.992, 4.996, 49.96, 350.3, 2002, 2003] -> PSD ok (>=0) (min=4.992)
  (B) manual pole:
           tx        ty        tz    |    rx        ry        rz
  fx [    2000        0        0 |        0    76.61    281.3 ]
  fy [       0     2000        0 |   -76.61        0    41.39 ]
  fz [       0        0      350 |   -49.23   -7.243        0 ]
     ---------------------------+---------------------------
  mx [       0   -76.61   -49.23 |     15.2    1.019    2.322 ]
  my [   76.61        0   -7.243 |    1.019    8.085    10.78 ]
  mz [   281.3    41.39        0 |    2.322    10.78    90.08 ]
  (B) K_TCP eigenvalues = [4.893, 4.992, 48.99, 357.2, 2003, 2044] -> PSD ok (>=0) (min=4.893)

D_TCP = Ad^T D_pole Ad:
  (A) measured axis:
           tx        ty        tz    |    rx        ry        rz
  fx [   237.2        0        0 |        0    6.535   -6.487 ]
  fy [       0    178.1        0 |   -4.907        0   0.6445 ]
  fz [       0        0    108.1 |    2.956  -0.3911        0 ]
     ---------------------------+---------------------------
  mx [       0   -4.907    2.956 |    1.619  -0.0107 -0.07266 ]
  my [   6.535        0  -0.3911 |  -0.0107    2.258  -0.1787 ]
  mz [  -6.487   0.6445        0 | -0.07266  -0.1787     0.96 ]
  (A) D_TCP eigenvalues = [0.7748, 1.406, 2.075, 108.2, 178.2, 237.5] -> PSD ok (>=0) (min=0.7748)
  (B) manual pole:
           tx        ty        tz    |    rx        ry        rz
  fx [   237.2        0        0 |        0    9.086    33.36 ]
  fy [       0    178.1        0 |   -6.822        0    3.686 ]
  fz [       0        0    108.1 |    -15.2   -2.237        0 ]
     ---------------------------+---------------------------
  mx [       0   -6.822    -15.2 |    3.803   0.3146  -0.1961 ]
  my [   9.086        0   -2.237 |   0.3146    2.471    1.278 ]
  mz [   33.36    3.686        0 |  -0.1961    1.278    5.549 ]
  (B) D_TCP eigenvalues = [0.7601, 1.378, 2.073, 110.3, 178.4, 242.2] -> PSD ok (>=0) (min=0.7601)
phase: grind

Stop requested with e + Enter. Finishing control loop...

Joint motion [deg]:
joint    start   final   delta
------------------------------
q1       -2.7    -5.4    -2.7
q2       18.1    33.1    15.0
q3       -5.1    -3.2     2.0
q4     -122.8  -119.8     3.0
q5       17.5    -0.2   -17.7
q6      139.5   142.6     3.1
q7       26.8    40.1    13.3

=== Final result ===
p_d = [529.1, -78.2, -133.2] mm
p_EE = [532.7, -85.0, 26.4] mm
e_p = [-3.6, 6.8, -159.6] mm
position_error = 159.79 mm
e_R = [0.88, -5.17, 0.64] deg
rotation_error = 5.28 deg
csv: surface_grinding_controller_log.csv
