
====================================================================
  SURFACE GRINDING CONTROLLER
====================================================================
  robot              172.16.0.2
--------------------------------------------------------------------

Press Enter to recover and configure the robot.
  Robot recovered or already ready.

====================================================================
  STARTUP MODE
====================================================================
  run     s   run the phase sequence from q_init
          h   hold the q_init pose
          t   hold with the set-up impedance, to test those gains
          g   hand-guide the start pose, then choose
--------------------------------------------------------------------
  set up  q   go to q_init and inspect
          o   open the hand now
          c   grasp the tool now
          r   recalibrate the hand width, fingers empty
          f   fetch the tool from the holder
          b   put the tool back
--------------------------------------------------------------------
  quit    e   stop and quit
--------------------------------------------------------------------
  in a run    e stop | m menu | g hand-guide | s sequence | t hold
--------------------------------------------------------------------
Choice [s/h/t/g/q/o/c/r/f/b/e]: 
-- selected: phase sequence ----------------------------------------

-- moving to q_init ------------------------------------------------
  case               horizontal_table_search
  q1..q7 [deg]     = [0.8, 12.1, -0.5, -130.9, -0.2, 142.9, 44.7] deg
  horizontal_table_search = [0.014777, 0.210911, -0.009320, -2.284835, -0.002725, 2.493410, 0.780694] rad
  q_init reached.

-- start pose ------------------------------------------------------
  q_start          = [0.8, 12.1, -0.5, -130.9, -0.2, 142.9, 44.7] deg
  p_start          = [    531.4,       2.6,     156.9] mm

====================================================================
  RUN
====================================================================

-- phase: approach_orient ------------------------------------------
  Kp [t1,t2,n]     = [    150.0,     150.0,     150.0] N/m
  Dp [t1,t2,n]     = [    126.5,     103.6,     128.3] Ns/m     auto (factor 1.90)
  KR [t1,t2,n]     = [     90.0,      90.0,      90.0] Nm/rad
  DR [t1,t2,n]     = [     13.5,      15.8,       2.0] Nms/rad  auto (factor 1.90)
orient:     t=  0.0 s | axis_err= 11.1 deg | spin_err=  0.8 deg
orient:     t=  0.2 s | axis_err= 10.4 deg | spin_err=  0.9 deg
orient:     t=  0.4 s | axis_err=  7.7 deg | spin_err=  0.5 deg
orient:     t=  0.6 s | axis_err=  4.1 deg | spin_err=  0.2 deg
orient:     t=  0.8 s | axis_err=  2.4 deg | spin_err=  0.2 deg
orient:     t=  1.0 s | axis_err=  2.2 deg | spin_err=  0.2 deg
orient:     t=  1.2 s | axis_err=  2.2 deg | spin_err=  0.2 deg
orient:     t=  1.4 s | axis_err=  2.2 deg | spin_err=  0.2 deg
orient:     t=  1.6 s | axis_err=  2.2 deg | spin_err=  0.2 deg
orient:     t=  1.8 s | axis_err=  2.2 deg | spin_err=  0.2 deg
orient:     t=  2.0 s | axis_err=  2.2 deg | spin_err=  0.2 deg
orient:     t=  2.2 s | axis_err=  2.2 deg | spin_err=  0.2 deg
orient:     t=  2.4 s | axis_err=  2.2 deg | spin_err=  0.2 deg
orient:     t=  2.6 s | axis_err=  2.2 deg | spin_err=  0.2 deg
orient:     t=  2.8 s | axis_err=  2.2 deg | spin_err=  0.2 deg
orient:     t=  3.0 s | axis_err=  2.2 deg | spin_err=  0.2 deg
orient:     t=  3.2 s | axis_err=  2.2 deg | spin_err=  0.2 deg
orient:     t=  3.4 s | axis_err=  2.2 deg | spin_err=  0.2 deg
orient:     t=  3.6 s | axis_err=  2.2 deg | spin_err=  0.2 deg
orient:     t=  3.8 s | axis_err=  2.2 deg | spin_err=  0.2 deg
orient:     t=  4.0 s | axis_err=  2.2 deg | spin_err=  0.2 deg
orient:     t=  4.2 s | axis_err=  2.2 deg | spin_err=  0.2 deg
orient:     t=  4.4 s | axis_err=  2.2 deg | spin_err=  0.2 deg
orient:     t=  4.6 s | axis_err=  2.2 deg | spin_err=  0.2 deg
orient:     t=  4.8 s | axis_err=  2.2 deg | spin_err=  0.2 deg

Orientation settled short of the 2.0 deg gate after 5.0 s: axis_err=2.2 deg | spin_err=0.2 deg

-- phase: approach_descend -----------------------------------------
  Kp [t1,t2,n]     = [    150.0,     150.0,     150.0] N/m
  Dp [t1,t2,n]     = [    126.5,     103.6,     128.3] Ns/m     auto (factor 1.90)
  KR [t1,t2,n]     = [     90.0,      90.0,      90.0] Nm/rad
  DR [t1,t2,n]     = [     13.5,      15.8,       2.0] Nms/rad  auto (factor 1.90)
  descend to         20 mm clearance at 0.100 m/s
descend:    t=  0.0 s | distance=   0.1 mm | height=+132.7 mm (target 20.0) | force=  0.0 N
descend:    t=  0.2 s | distance=  20.1 mm | height=+122.9 mm (target 20.0) | force=  0.9 N
descend:    t=  0.4 s | distance=  40.1 mm | height=+106.9 mm (target 20.0) | force=  0.1 N
descend:    t=  0.6 s | distance=  60.1 mm | height= +90.2 mm (target 20.0) | force=  1.2 N
descend:    t=  0.8 s | distance=  80.1 mm | height= +73.0 mm (target 20.0) | force=  0.6 N
descend:    t=  1.0 s | distance= 100.1 mm | height= +56.1 mm (target 20.0) | force=  1.7 N
descend:    t=  1.2 s | distance= 120.1 mm | height= +39.5 mm (target 20.0) | force=  1.7 N
descend:    t=  1.4 s | distance= 140.1 mm | height= +22.3 mm (target 20.0) | force=  1.2 N

[GATE] Reached 20 mm above the plane. Press Enter to start the set-up press (e+Enter stops).

-- gate hold -------------------------------------------------------
  Kp [x,y,z]       = [   5000.0,    5000.0,    5000.0] N/m
  Dp [x,y,z]       = [    206.6,     151.1,     242.5] Ns/m     auto
  KR [t1,t2,n]     = [     90.0,      90.0,      90.0] Nm/rad
  DR [t1,t2,n]     = [     11.1,      14.4,       2.5] Nms/rad  auto
[GATE] Continuing to the set-up press.

Clearance reached: distance=142.8 mm | height=19.9 mm | target=20.0 mm | force=1.9 N (not used for the switch)
  offset_ee        = [    -20.0,     -60.0,      20.0] mm
  p_EE_at_contact  = [    531.1,      -6.7,      47.5] mm
  contact_point    = [    511.2,      49.2,      -1.1] mm
  edge_offset      = [    -19.9,      55.9,     -48.7] mm

-- phase: set_up ---------------------------------------------------

-- set-up impedance ------------------------------------------------
  law                wrench = K_TCP*dx + D_TCP*dv
                     K_TCP  = Ad(r_c)^T * blkdiag(Kp,KR) * Ad(r_c)
  Kp [t1,t2,n]     = [   2000.0,    2000.0,     800.0] N/m
  Dp [t1,t2,n]     = [    224.5,     178.8,     170.5] Ns/m     auto
  KR [t1,t2,n]     = [      5.0,       5.0,      50.0] Nm/rad
  DR [t1,t2,n]     = [      1.4,       1.9,       1.0] Nms/rad  auto
  p_c [EE]         = [     33.3,      72.1,       9.7] mm       the pole on the tool, from p_EE
  r_c [t1,t2,n]    = [      0.0,     -80.0,       0.0] mm       commanded: p_TCP - p_c, in the plane
set_up:     t=  0.0 s | tip=  0.0 deg | F=  0.1 N | M=  0.0 Nm (limit 150.0) | edge= 19.8 mm
set_up:     t=  0.2 s | tip=  0.5 deg | F=  1.7 N | M=  1.4 Nm (limit 150.0) | edge= 11.7 mm
set_up:     t=  0.4 s | tip=  1.1 deg | F=  1.6 N | M=  1.4 Nm (limit 150.0) | edge=  5.5 mm
set_up:     t=  0.6 s | tip=  1.2 deg | F= 13.0 N | M=  8.0 Nm (limit 150.0) | edge=  2.8 mm
set_up:     t=  0.8 s | tip=  1.2 deg | F= 20.2 N | M= 11.8 Nm (limit 150.0) | edge=  2.8 mm
set_up:     t=  1.0 s | tip=  1.3 deg | F= 27.4 N | M= 16.0 Nm (limit 150.0) | edge=  2.7 mm
set_up:     t=  1.2 s | tip=  1.5 deg | F= 34.1 N | M= 19.6 Nm (limit 150.0) | edge=  2.8 mm
set_up:     t=  1.4 s | tip=  2.3 deg | F= 38.8 N | M= 22.2 Nm (limit 150.0) | edge=  2.9 mm
set_up:     t=  1.6 s | tip=  3.9 deg | F= 40.4 N | M= 23.1 Nm (limit 150.0) | edge=  3.1 mm
set_up:     t=  1.8 s | tip=  5.3 deg | F= 33.9 N | M= 19.8 Nm (limit 150.0) | edge=  3.5 mm
set_up:     t=  2.0 s | tip=  5.7 deg | F= 34.7 N | M= 20.3 Nm (limit 150.0) | edge=  3.8 mm
set_up:     t=  2.2 s | tip=  6.0 deg | F= 34.6 N | M= 20.2 Nm (limit 150.0) | edge=  4.0 mm
set_up:     t=  2.4 s | tip=  6.2 deg | F= 34.3 N | M= 20.0 Nm (limit 150.0) | edge=  4.0 mm
set_up:     t=  2.6 s | tip=  6.3 deg | F= 34.0 N | M= 19.9 Nm (limit 150.0) | edge=  4.0 mm
set_up:     t=  2.8 s | tip=  6.5 deg | F= 32.7 N | M= 19.2 Nm (limit 150.0) | edge=  4.2 mm
set_up:     t=  3.0 s | tip=  6.8 deg | F= 33.5 N | M= 19.6 Nm (limit 150.0) | edge=  4.3 mm
set_up:     t=  3.2 s | tip=  7.0 deg | F= 33.2 N | M= 19.5 Nm (limit 150.0) | edge=  4.4 mm
set_up:     t=  3.4 s | tip=  7.1 deg | F= 32.8 N | M= 19.2 Nm (limit 150.0) | edge=  4.4 mm
set_up:     t=  3.6 s | tip=  7.3 deg | F= 31.8 N | M= 18.7 Nm (limit 150.0) | edge=  4.5 mm
set_up:     t=  3.8 s | tip=  7.5 deg | F= 32.1 N | M= 18.9 Nm (limit 150.0) | edge=  4.6 mm
set_up:     t=  4.0 s | tip=  7.5 deg | F= 32.0 N | M= 18.8 Nm (limit 150.0) | edge=  4.6 mm
set_up:     t=  4.2 s | tip=  7.6 deg | F= 31.9 N | M= 18.7 Nm (limit 150.0) | edge=  4.5 mm
set_up:     t=  4.4 s | tip=  7.7 deg | F= 31.9 N | M= 18.8 Nm (limit 150.0) | edge=  4.5 mm
set_up:     t=  4.6 s | tip=  7.7 deg | F= 31.6 N | M= 18.6 Nm (limit 150.0) | edge=  4.4 mm
set_up:     t=  4.8 s | tip=  7.7 deg | F= 31.5 N | M= 18.5 Nm (limit 150.0) | edge=  4.5 mm

====================================================================
  SET-UP RESULT
====================================================================
  stop: time | t=5.0 s | tip=7.8 deg | F=31.5 N | M=18.5 Nm
  edge_from_contact = [-2.6, +3.5, +1.2] mm | norm=4.5 mm
  tcp_from_contact  = [+17.7, -56.3, +21.7] mm | norm=62.9 mm
  alignment: before=6.88 deg | after=1.08 deg | gain=+5.79 deg
  alignment components [t1,t2,n] deg: before=[-6.86,+0.41,+0.00] | after=[+0.81,-0.72,-0.00]

-- set-up surface-frame breakdown ----------------------------------
  frame              alignment-target [tangent1, tangent2, normal]
  force        [N]      = [    -2.05,     +0.89,    -31.42]
  tcp_disp     [mm]     = [    +1.43,     -1.09,    -27.02]
  edge_disp    [mm]     = [    +0.88,     -4.21,     +1.28]
  Kp_eff=F/tcp [N/m]    = [  -1433.6,    -818.5,    1163.0]
  moment@edge  [Nm]     = [   -11.77,    -15.56,     +0.20]
  tip_angle    [deg]    = [    +7.67,     -1.14,     +0.08]
  KR_eff=M/ang [Nm/rad] = [    -87.9,     779.9,     141.6]

-- centre of compliance --------------------------------------------
  definition         r_c = p_TCP - p_c
  p_TCP [x,y,z]    = [    531.1,      -6.7,      47.5] mm
  p_c [EE]         = [     33.3,      72.1,       9.7] mm
  r_c [t1,t2,n]    = [      0.0,     -80.0,       0.0] mm
                     p_c resolved at first contact

-- what the TCP feels ----------------------------------------------
  K_TCP translation = [   1999.6,    1999.1,     801.3] N/m
  K_TCP rotation   = [      9.2,       6.0,      62.7] Nm/rad
  commanded KR was = [      5.0,       5.0,      50.0] Nm/rad   the rest is the lever
  D_TCP translation = [    216.3,     187.0,     170.5] Ns/m
  D_TCP rotation   = [      2.4,       2.0,       2.5] Nms/rad
  coupling           max |moment per unit translation| = 144.9 Nm/m (K), 16.3 Nms/m (D)
  eigenvalues        K_TCP 4.97 .. 2013 | D_TCP 1.01 .. 226  (both positive: valid springs)

  K_TCP [N/m, Nm/rad | rows fx..mz, cols tx..rz]:
           tx        ty        tz    |    rx        ry        rz
  fx [    2000  -0.5725   -20.68 |      1.5    3.542    144.9 ]
  fy [ -0.5725     1999   -33.18 |  -0.4369    1.123    67.67 ]
  fz [  -20.68   -33.18    801.3 |   -58.01   -27.17   -2.622 ]
     ---------------------------+---------------------------
  mx [     1.5  -0.4369   -58.01 |    9.218    1.989   0.8695 ]
  my [   3.542    1.123   -27.17 |    1.989     5.96    1.539 ]
  mz [   144.9    67.67   -2.622 |   0.8695    1.539    62.74 ]

  D_TCP [Ns/m, Nms/rad]:
           tx        ty        tz    |    rx        ry        rz
  fx [   216.3    17.49   -1.274 |  0.06748   0.3505    16.26 ]
  fy [   17.49      187  -0.7581 |  -0.2108  0.05054      7.6 ]
  fz [  -1.274  -0.7581    170.5 |   -12.36   -5.777   -0.118 ]
     ---------------------------+---------------------------
  mx [ 0.06748  -0.2108   -12.36 |    2.422   0.2528 -0.006446 ]
  my [  0.3505  0.05054   -5.777 |   0.2528    1.999  0.00822 ]
  mz [   16.26      7.6   -0.118 | -0.006446  0.00822    2.454 ]

[GATE] Set up finished (holding the pressed pose). Press Enter to start the grind (e+Enter stops).

Stop requested with e + Enter. Finishing control loop...

-- joint motion [deg] ----------------------------------------------
  joint       start    final    delta
  q1            0.8     -9.3    -10.1
  q2           12.1     30.9    +18.8
  q3           -0.5      7.2     +7.7
  q4         -130.9   -128.9     +2.0
  q5           -0.2    -11.9    -11.7
  q6          142.9    158.9    +16.0
  q7           44.7     52.9     +8.2

====================================================================
  FINAL RESULT
====================================================================
  p_d              = [    529.8,      -8.9,     -32.4] mm
  p_EE             = [    528.9,      -7.1,      20.5] mm
  e_p              = [      0.8,      -1.8,     -52.9] mm
  e_R              = [    -7.43,     -2.21,      0.27] deg
--------------------------------------------------------------------
  position error     52.92 mm
  rotation error     7.76 deg
  csv                logs/surface_grinding_controller_log.csv
--------------------------------------------------------------------
