
Press Enter to recover and configure the robot.
Robot recovered or already ready.
Collision: custom thresholds.

=== Startup mode ===
  s = go to q_init, then run the phase sequence
  h = go to q_init, then hold that pose
  g = guiding mode: go to q_init, then hand-guide to your pose;
      use s+Enter for sequence or h+Enter for hold
  q = go to q_init, inspect the posture, then choose again
  o = open the Franka hand now (release/load tool), then choose again
  c = close/grasp the tool now, then choose again
Choice [s/h/g/q/o/c]: Opening gripper to 80.0 mm...
Gripper opened.

=== Startup mode ===
  s = go to q_init, then run the phase sequence
  h = go to q_init, then hold that pose
  g = guiding mode: go to q_init, then hand-guide to your pose;
      use s+Enter for sequence or h+Enter for hold
  q = go to q_init, inspect the posture, then choose again
  o = open the Franka hand now (release/load tool), then choose again
  c = close/grasp the tool now, then choose again
Choice [s/h/g/q/o/c]: Grasping tool: width 70.0 mm, force 60.0 N...
Gripper grasp returned false (tool not held within tolerance).

=== Startup mode ===
  s = go to q_init, then run the phase sequence
  h = go to q_init, then hold that pose
  g = guiding mode: go to q_init, then hand-guide to your pose;
      use s+Enter for sequence or h+Enter for hold
  q = go to q_init, inspect the posture, then choose again
  o = open the Franka hand now (release/load tool), then choose again
  c = close/grasp the tool now, then choose again
Choice [s/h/g/q/o/c]: Grasping tool: width 70.0 mm, force 60.0 N...
Gripper grasp returned false (tool not held within tolerance).

=== Startup mode ===
  s = go to q_init, then run the phase sequence
  h = go to q_init, then hold that pose
  g = guiding mode: go to q_init, then hand-guide to your pose;
      use s+Enter for sequence or h+Enter for hold
  q = go to q_init, inspect the posture, then choose again
  o = open the Franka hand now (release/load tool), then choose again
  c = close/grasp the tool now, then choose again
Choice [s/h/g/q/o/c]: Grasping tool: width 70.0 mm, force 60.0 N...
Gripper closed on the tool.

=== Startup mode ===
  s = go to q_init, then run the phase sequence
  h = go to q_init, then hold that pose
  g = guiding mode: go to q_init, then hand-guide to your pose;
      use s+Enter for sequence or h+Enter for hold
  q = go to q_init, inspect the posture, then choose again
  o = open the Franka hand now (release/load tool), then choose again
  c = close/grasp the tool now, then choose again
Choice [s/h/g/q/o/c]: Grasping tool: width 70.0 mm, force 60.0 N...
Gripper grasp returned false (tool not held within tolerance).

=== Startup mode ===
  s = go to q_init, then run the phase sequence
  h = go to q_init, then hold that pose
  g = guiding mode: go to q_init, then hand-guide to your pose;
      use s+Enter for sequence or h+Enter for hold
  q = go to q_init, inspect the posture, then choose again
  o = open the Franka hand now (release/load tool), then choose again
  c = close/grasp the tool now, then choose again
Choice [s/h/g/q/o/c]: Grasping tool: width 70.0 mm, force 60.0 N...
Gripper closed on the tool.

=== Startup mode ===
  s = go to q_init, then run the phase sequence
  h = go to q_init, then hold that pose
  g = guiding mode: go to q_init, then hand-guide to your pose;
      use s+Enter for sequence or h+Enter for hold
  q = go to q_init, inspect the posture, then choose again
  o = open the Franka hand now (release/load tool), then choose again
  c = close/grasp the tool now, then choose again
Choice [s/h/g/q/o/c]: Grasping tool: width 70.0 mm, force 60.0 N...
Gripper grasp returned false (tool not held within tolerance).

=== Startup mode ===
  s = go to q_init, then run the phase sequence
  h = go to q_init, then hold that pose
  g = guiding mode: go to q_init, then hand-guide to your pose;
      use s+Enter for sequence or h+Enter for hold
  q = go to q_init, inspect the posture, then choose again
  o = open the Franka hand now (release/load tool), then choose again
  c = close/grasp the tool now, then choose again
Choice [s/h/g/q/o/c]: Grasping tool: width 70.0 mm, force 60.0 N...
Gripper closed on the tool.

=== Startup mode ===
  s = go to q_init, then run the phase sequence
  h = go to q_init, then hold that pose
  g = guiding mode: go to q_init, then hand-guide to your pose;
      use s+Enter for sequence or h+Enter for hold
  q = go to q_init, inspect the posture, then choose again
  o = open the Franka hand now (release/load tool), then choose again
  c = close/grasp the tool now, then choose again
Choice [s/h/g/q/o/c]: Grasping tool: width 70.0 mm, force 60.0 N...
Gripper grasp returned false (tool not held within tolerance).

=== Startup mode ===
  s = go to q_init, then run the phase sequence
  h = go to q_init, then hold that pose
  g = guiding mode: go to q_init, then hand-guide to your pose;
      use s+Enter for sequence or h+Enter for hold
  q = go to q_init, inspect the posture, then choose again
  o = open the Franka hand now (release/load tool), then choose again
  c = close/grasp the tool now, then choose again
Choice [s/h/g/q/o/c]: Grasping tool: width 70.0 mm, force 60.0 N...
Gripper closed on the tool.

=== Startup mode ===
  s = go to q_init, then run the phase sequence
  h = go to q_init, then hold that pose
  g = guiding mode: go to q_init, then hand-guide to your pose;
      use s+Enter for sequence or h+Enter for hold
  q = go to q_init, inspect the posture, then choose again
  o = open the Franka hand now (release/load tool), then choose again
  c = close/grasp the tool now, then choose again
Choice [s/h/g/q/o/c]: Moving to q_init...
q_init reached.
Selected: phase sequence. Nullspace mode from parameters: nullspace_damping_only.

=== Setup ===
run: phase sequence | approach_orient: on | nullspace: nullspace_damping_only
nullspace parameters: d_null=2.000 | k_sigma=1.000 Nm (inactive) | alpha=0.0800 rad
hold: Kp=300.0 N/m | KR=40.0 Nm/rad | damping=auto translation+rotation (factor fitted online toward Dp=50.0 Ns/m)
manual_guidance_start: off | manual_damping=0.50
descend: clearance=20.0 mm | speed=0.100 m/s | max_distance=640 mm
alignment push: start=captured | end=+60 mm | speed=0.050 m/s | ramp_time~=1.6 s | timeout=5.0 s | moment_threshold=150.0 Nm
grind: free-slide hold | axis=tangent2 | amplitude=30 mm | frequency=0.20 Hz
set-up translation: frame=surface [t1,t2,n] | Kp=[2000.0, 2000.0, 800.0] N/m
coupled stiffness: apply=off | pole=commanded
gates: pause_before_set_up=on | pause_auto_damping=on | pause_before_grind=off | debug_period=0.20 s
surface-plane normal=[+0.017, +0.028, +0.999] | tilt a(x)=-1.6 deg, b(y)=1.0 deg (from angles)
tool-axis command offset: tangent1=+5.0 deg | tangent2=+0.0 deg
tool face: 40 x 120 mm | center offset EE=[+0.0, +0.0, +20.0] mm
Press e+Enter to stop the controller before the duration expires.
During hold: press g+Enter to hand-guide the tool, then p+Enter to recapture and resume hold.
experiment_duration <= 0: running indefinitely until e + Enter.

=== Start pose ===
q_start = [-0.9, 10.0, -1.1, -130.3, -0.0, 145.2, 42.7] deg
p_start = [550.5, -19.6, 185.3] mm

=== Run ===
phase: approach_orient
orient:     t=  0.0 s | axis_err=  6.7 deg | rot_err=  6.7 deg
approach Dp        auto=[ 127.11,  105.70,  125.80]  manual=[  20.00,   20.00,   20.00] Ns/m
approach DR        auto=[  13.61,   15.17,    2.22]  manual=[  12.00,   12.00,   12.00] Nms/rad
orient:     t=  0.2 s | axis_err=  3.4 deg | rot_err=  3.4 deg
orient:     t=  0.4 s | axis_err=  2.4 deg | rot_err=  2.4 deg

Orientation reached: axis_err=2.0 deg
phase: approach_descend
descend:    t=  0.0 s | distance=   0.1 mm | height=+156.0 mm (target 20.0) | force=  0.0 N
descend:    t=  0.2 s | distance=  20.1 mm | height=+144.6 mm (target 20.0) | force=  1.2 N
descend:    t=  0.4 s | distance=  40.1 mm | height=+128.6 mm (target 20.0) | force=  0.8 N
descend:    t=  0.6 s | distance=  60.2 mm | height=+111.6 mm (target 20.0) | force=  1.8 N
descend:    t=  0.8 s | distance=  80.3 mm | height= +94.3 mm (target 20.0) | force=  1.7 N
descend:    t=  1.0 s | distance= 100.4 mm | height= +76.5 mm (target 20.0) | force=  2.2 N
descend:    t=  1.2 s | distance= 120.5 mm | height= +58.6 mm (target 20.0) | force=  1.3 N
descend:    t=  1.4 s | distance= 140.6 mm | height= +40.3 mm (target 20.0) | force=  1.6 N
descend:    t=  1.6 s | distance= 160.7 mm | height= +21.9 mm (target 20.0) | force=  1.6 N

[GATE] Reached 20 mm above the plane. Press Enter to start the set-up press (e+Enter stops).
pause auto damping: fitted Dp factor=0.548, DR factor=2.013
pause Dp [xyz]     auto=[ 199.49,  145.62,  234.24]  manual=[ 200.00,  200.00,  200.00] Ns/m
pause DR [t1t2n]   auto=[  13.90,   14.91,    2.10]  manual=[  13.61,   15.17,    2.22] Nms/rad
[GATE] Continuing to the set-up press.
descend:    t=  3.1 s | distance= 162.9 mm | height= +19.2 mm (target 20.0) | force=  0.0 N

Clearance reached: distance=162.9 mm | height=19.2 mm | target=20.0 mm | force=0.0 N (not used for the switch)
offset_ee = [-20.0, -60.0, 20.0] mm
p_EE_at_contact = [535.6, -30.8, 42.9] mm
contact_point = [515.5, 27.1, -0.6] mm
edge_offset_base = [-20.2, 57.9, -43.5] mm
phase: set_up
set_up Dp [t1t2n]  auto=[ 217.51,  185.70,  170.42]  manual=[  50.00,   50.00,   25.00] Ns/m
set_up DR [t1t2n]  auto=[   1.63,    1.74,    0.78]  manual=[  10.01,   10.01,   10.00] Nms/rad
set_up:     t=  0.0 s | tip=  0.0 deg | F=  0.0 N | M=  0.0 Nm (limit 150.0) | edge= 19.2 mm
set_up:     t=  0.2 s | tip=  0.6 deg | F=  1.7 N | M=  1.1 Nm (limit 150.0) | edge= 12.7 mm
set_up:     t=  0.4 s | tip=  1.2 deg | F=  2.6 N | M=  1.4 Nm (limit 150.0) | edge=  4.5 mm
set_up:     t=  0.6 s | tip=  1.3 deg | F= 17.3 N | M=  9.0 Nm (limit 150.0) | edge=  3.7 mm
set_up:     t=  0.8 s | tip=  1.4 deg | F= 23.4 N | M= 12.4 Nm (limit 150.0) | edge=  3.5 mm
set_up:     t=  1.0 s | tip=  1.4 deg | F= 32.4 N | M= 17.3 Nm (limit 150.0) | edge=  3.4 mm
set_up:     t=  1.2 s | tip=  1.4 deg | F= 39.9 N | M= 21.4 Nm (limit 150.0) | edge=  3.4 mm
set_up:     t=  1.4 s | tip=  1.5 deg | F= 47.6 N | M= 25.6 Nm (limit 150.0) | edge=  3.4 mm
set_up:     t=  1.6 s | tip=  1.5 deg | F= 56.4 N | M= 30.3 Nm (limit 150.0) | edge=  3.4 mm
set_up:     t=  1.8 s | tip=  1.5 deg | F= 50.0 N | M= 26.8 Nm (limit 150.0) | edge=  3.4 mm
set_up:     t=  2.0 s | tip=  1.5 deg | F= 49.3 N | M= 26.4 Nm (limit 150.0) | edge=  3.4 mm
set_up:     t=  2.2 s | tip=  1.5 deg | F= 49.3 N | M= 26.4 Nm (limit 150.0) | edge=  3.4 mm
set_up:     t=  2.4 s | tip=  1.5 deg | F= 49.3 N | M= 26.4 Nm (limit 150.0) | edge=  3.4 mm
set_up:     t=  2.6 s | tip=  1.5 deg | F= 49.3 N | M= 26.4 Nm (limit 150.0) | edge=  3.4 mm
set_up:     t=  2.8 s | tip=  1.5 deg | F= 49.1 N | M= 26.3 Nm (limit 150.0) | edge=  3.4 mm
set_up:     t=  3.0 s | tip=  1.5 deg | F= 49.3 N | M= 26.4 Nm (limit 150.0) | edge=  3.4 mm
set_up:     t=  3.2 s | tip=  1.5 deg | F= 49.3 N | M= 26.4 Nm (limit 150.0) | edge=  3.4 mm
set_up:     t=  3.4 s | tip=  1.5 deg | F= 49.3 N | M= 26.4 Nm (limit 150.0) | edge=  3.4 mm
set_up:     t=  3.6 s | tip=  1.5 deg | F= 49.3 N | M= 26.4 Nm (limit 150.0) | edge=  3.4 mm
set_up:     t=  3.8 s | tip=  1.5 deg | F= 49.2 N | M= 26.4 Nm (limit 150.0) | edge=  3.4 mm
set_up:     t=  4.0 s | tip=  1.5 deg | F= 49.3 N | M= 26.4 Nm (limit 150.0) | edge=  3.4 mm
set_up:     t=  4.2 s | tip=  1.5 deg | F= 49.2 N | M= 26.4 Nm (limit 150.0) | edge=  3.4 mm
set_up:     t=  4.4 s | tip=  1.5 deg | F= 49.3 N | M= 26.4 Nm (limit 150.0) | edge=  3.4 mm
set_up:     t=  4.6 s | tip=  1.5 deg | F= 49.3 N | M= 26.4 Nm (limit 150.0) | edge=  3.4 mm
set_up:     t=  4.8 s | tip=  1.5 deg | F= 49.2 N | M= 26.4 Nm (limit 150.0) | edge=  3.4 mm

=== Set-up result ===
stop: time | t=5.0 s | tip=1.5 deg | F=49.3 N | M=26.4 Nm
edge_from_contact = [-3.3, -0.3, +0.6] mm | norm=3.4 mm
tcp_from_contact  = [+17.0, -58.9, +24.2] mm | norm=65.9 mm
alignment: before=2.82 deg | after=1.98 deg | gain=+0.85 deg
alignment components [t1,t2,n] deg: before=[-2.75,-0.66,+0.00] | after=[-1.89,+0.57,-0.00]

=== Set-up surface-frame breakdown ===
frame: alignment-target [tangent1, tangent2, normal]
force        [N]      = [    -6.34,     +1.11,    -48.86]
tcp_disp     [mm]     = [    +2.76,     -0.78,    -19.41]
edge_disp    [mm]     = [    +3.17,     -1.11,     +0.58]
Kp_eff=F/tcp [N/m]    = [  -2294.5,   -1420.5,    2516.7]
moment@edge  [Nm]     = [   -15.02,    -23.36,     +1.27]
tip_angle    [deg]    = [    +0.85,     +1.22,     +0.07]
KR_eff=M/ang [Nm/rad] = [  -1010.3,   -1093.0,    1009.9]
phase: grind

Stop requested with e + Enter. Finishing control loop...

Joint motion [deg]:
joint    start   final   delta
------------------------------
q1       -0.9    -0.9    -0.0
q2       10.0    30.6    20.6
q3       -1.1    -2.2    -1.1
q4     -130.3  -128.4     1.8
q5       -0.0    -6.6    -6.6
q6      145.2   158.7    13.5
q7       42.7    48.2     5.4

=== Final result ===
p_d = [530.8, -33.3, -36.2] mm
p_EE = [532.3, -31.8, 23.4] mm
e_p = [-1.5, -1.5, -59.7] mm
position_error = 59.69 mm
e_R = [-0.27, -1.48, 0.14] deg
rotation_error = 1.52 deg
csv: surface_grinding_controller_log.csv
