
====================================================================
  SURFACE GRINDING CONTROLLER
====================================================================
  robot              172.16.0.2
--------------------------------------------------------------------

Press Enter to recover and configure the robot.
  Robot recovered or already ready.

====================================================================
  STARTUP MODE
====================================================================
  run     s   run the phase sequence from q_init
          h   hold the q_init pose
          t   hold with the set-up impedance, to test those gains
          g   hand-guide the start pose, then choose
--------------------------------------------------------------------
  set up  q   go to q_init and inspect
          o   open the hand now
          c   grasp the tool now
          r   recalibrate the hand width, fingers empty
          f   fetch the tool from the holder
          b   put the tool back
--------------------------------------------------------------------
  quit    e   stop and quit
--------------------------------------------------------------------
  in a run    e stop | m menu | g hand-guide | s sequence | t hold
--------------------------------------------------------------------
Choice [s/h/t/g/q/o/c/r/f/b/e]: 
-- selected: phase sequence ----------------------------------------

-- moving to q_init ------------------------------------------------
  case               horizontal_table_search
  q1..q7 [deg]     = [0.8, 12.1, -0.5, -130.9, -0.2, 142.9, 44.7] deg
  horizontal_table_search = [0.014777, 0.210911, -0.009320, -2.284835, -0.002725, 2.493410, 0.780694] rad
  q_init reached.

-- start pose ------------------------------------------------------
  q_start          = [0.9, 12.1, -0.5, -130.9, -0.1, 142.9, 44.7] deg
  p_start          = [    531.4,       2.5,     156.9] mm

====================================================================
  RUN
====================================================================

-- phase: approach_orient ------------------------------------------
  Kp [t1,t2,n]     = [    150.0,     150.0,     150.0] N/m
  Dp [t1,t2,n]     = [    126.5,     103.6,     128.3] Ns/m     auto (factor 1.90)
  KR [t1,t2,n]     = [     90.0,      90.0,      90.0] Nm/rad
  DR [t1,t2,n]     = [     13.5,      15.8,       2.0] Nms/rad  auto (factor 1.90)
orient:     t=  0.0 s | axis_err=  9.0 deg | spin_err=  0.6 deg
orient:     t=  0.2 s | axis_err=  8.4 deg | spin_err=  0.1 deg
orient:     t=  0.4 s | axis_err=  5.9 deg | spin_err=  0.3 deg
orient:     t=  0.6 s | axis_err=  3.2 deg | spin_err=  0.2 deg
orient:     t=  0.8 s | axis_err=  2.5 deg | spin_err=  0.3 deg
orient:     t=  1.0 s | axis_err=  2.2 deg | spin_err=  0.3 deg
orient:     t=  1.2 s | axis_err=  2.0 deg | spin_err=  0.3 deg

Orientation reached: axis_err=2.0 deg | spin_err=0.3 deg

-- phase: approach_descend -----------------------------------------
  Kp [t1,t2,n]     = [    150.0,     150.0,     150.0] N/m
  Dp [t1,t2,n]     = [    126.5,     103.6,     128.3] Ns/m     auto (factor 1.90)
  KR [t1,t2,n]     = [     90.0,      90.0,      90.0] Nm/rad
  DR [t1,t2,n]     = [     13.5,      15.8,       2.0] Nms/rad  auto (factor 1.90)
  descend to         20 mm clearance at 0.100 m/s
descend:    t=  0.0 s | distance=   0.1 mm | height=+120.9 mm (target 20.0) | force=  0.0 N
descend:    t=  0.2 s | distance=  20.2 mm | height=+109.7 mm (target 20.0) | force=  2.1 N
descend:    t=  0.4 s | distance=  40.3 mm | height= +95.3 mm (target 20.0) | force=  3.0 N
descend:    t=  0.6 s | distance=  60.4 mm | height= +79.7 mm (target 20.0) | force=  3.2 N
descend:    t=  0.8 s | distance=  80.5 mm | height= +63.4 mm (target 20.0) | force=  2.1 N
descend:    t=  1.0 s | distance= 100.6 mm | height= +46.3 mm (target 20.0) | force=  3.0 N
descend:    t=  1.2 s | distance= 120.7 mm | height= +29.6 mm (target 20.0) | force=  2.0 N

[GATE] Reached 20 mm above the plane. Press Enter to start the set-up press (e+Enter stops).

-- gate hold -------------------------------------------------------
  Kp [x,y,z]       = [   5000.0,    5000.0,    5000.0] N/m
  Dp [x,y,z]       = [    205.7,     156.7,     239.2] Ns/m     auto
  KR [t1,t2,n]     = [     90.0,      90.0,      90.0] Nm/rad
  DR [t1,t2,n]     = [     13.2,      12.6,       2.5] Nms/rad  auto
[GATE] Continuing to the set-up press.

Clearance reached: distance=132.6 mm | height=19.9 mm | target=20.0 mm | force=3.2 N (not used for the switch)
  offset_ee        = [     20.0,      60.0,      20.0] mm
  p_EE_at_contact  = [    509.3,       6.6,      48.2] mm
  contact_point    = [    526.4,     -52.0,       1.4] mm
  edge_offset      = [     17.1,     -58.6,     -46.9] mm

-- phase: set_up ---------------------------------------------------

-- set-up impedance ------------------------------------------------
  law                wrench = K_TCP*dx + D_TCP*dv
                     K_TCP  = Ad(r_c)^T * blkdiag(Kp,KR) * Ad(r_c)
  Kp [t1,t2,n]     = [   2000.0,    2000.0,     800.0] N/m
  Dp [t1,t2,n]     = [    218.6,     194.0,     169.2] Ns/m     auto
  KR [t1,t2,n]     = [      5.0,       5.0,      50.0] Nm/rad
  DR [t1,t2,n]     = [      1.8,       1.7,       1.1] Nms/rad  auto
  p_c [EE]         = [    -33.6,     -71.8,      11.0] mm       the pole on the tool, from p_EE
  r_c [t1,t2,n]    = [     -0.0,      80.0,      -0.0] mm       commanded: p_TCP - p_c, in the plane
set_up:     t=  0.0 s | tip=  0.0 deg | F=  0.0 N | M=  0.0 Nm (limit 150.0) | edge= 19.8 mm
set_up:     t=  0.2 s | tip=  0.6 deg | F=  0.6 N | M=  1.3 Nm (limit 150.0) | edge= 11.0 mm
set_up:     t=  0.4 s | tip=  0.8 deg | F=  0.5 N | M=  1.4 Nm (limit 150.0) | edge=  4.5 mm
set_up:     t=  0.6 s | tip=  1.1 deg | F= 11.3 N | M=  6.3 Nm (limit 150.0) | edge=  2.9 mm
set_up:     t=  0.8 s | tip=  1.1 deg | F= 18.4 N | M=  9.7 Nm (limit 150.0) | edge=  3.2 mm
set_up:     t=  1.0 s | tip=  1.1 deg | F= 25.2 N | M= 13.1 Nm (limit 150.0) | edge=  3.4 mm
set_up:     t=  1.2 s | tip=  1.2 deg | F= 32.6 N | M= 16.7 Nm (limit 150.0) | edge=  3.2 mm
set_up:     t=  1.4 s | tip=  2.4 deg | F= 38.4 N | M= 19.6 Nm (limit 150.0) | edge=  2.9 mm
set_up:     t=  1.6 s | tip=  3.9 deg | F= 41.1 N | M= 20.4 Nm (limit 150.0) | edge=  2.3 mm
set_up:     t=  1.8 s | tip=  4.7 deg | F= 34.8 N | M= 17.6 Nm (limit 150.0) | edge=  2.2 mm
set_up:     t=  2.0 s | tip=  4.7 deg | F= 35.2 N | M= 17.8 Nm (limit 150.0) | edge=  2.2 mm
set_up:     t=  2.2 s | tip=  4.7 deg | F= 35.1 N | M= 17.7 Nm (limit 150.0) | edge=  2.2 mm
set_up:     t=  2.4 s | tip=  4.7 deg | F= 35.2 N | M= 17.8 Nm (limit 150.0) | edge=  2.2 mm
set_up:     t=  2.6 s | tip=  4.7 deg | F= 35.1 N | M= 17.7 Nm (limit 150.0) | edge=  2.2 mm
set_up:     t=  2.8 s | tip=  4.7 deg | F= 35.0 N | M= 17.7 Nm (limit 150.0) | edge=  2.2 mm
set_up:     t=  3.0 s | tip=  4.7 deg | F= 35.0 N | M= 17.7 Nm (limit 150.0) | edge=  2.2 mm
set_up:     t=  3.2 s | tip=  4.7 deg | F= 35.1 N | M= 17.8 Nm (limit 150.0) | edge=  2.2 mm
set_up:     t=  3.4 s | tip=  4.7 deg | F= 35.2 N | M= 17.8 Nm (limit 150.0) | edge=  2.2 mm
set_up:     t=  3.6 s | tip=  4.7 deg | F= 35.1 N | M= 17.8 Nm (limit 150.0) | edge=  2.2 mm
set_up:     t=  3.8 s | tip=  4.7 deg | F= 35.1 N | M= 17.8 Nm (limit 150.0) | edge=  2.2 mm
set_up:     t=  4.0 s | tip=  4.7 deg | F= 35.2 N | M= 17.8 Nm (limit 150.0) | edge=  2.2 mm
set_up:     t=  4.2 s | tip=  4.7 deg | F= 35.1 N | M= 17.8 Nm (limit 150.0) | edge=  2.2 mm
set_up:     t=  4.4 s | tip=  4.7 deg | F= 34.9 N | M= 17.7 Nm (limit 150.0) | edge=  2.2 mm
set_up:     t=  4.6 s | tip=  4.7 deg | F= 35.1 N | M= 17.8 Nm (limit 150.0) | edge=  2.2 mm
set_up:     t=  4.8 s | tip=  4.7 deg | F= 35.1 N | M= 17.8 Nm (limit 150.0) | edge=  2.2 mm

====================================================================
  SET-UP RESULT
====================================================================
  stop: time | t=5.0 s | tip=4.7 deg | F=35.3 N | M=17.9 Nm
  edge_from_contact = [-0.2, -0.9, -2.0] mm | norm=2.2 mm
  tcp_from_contact  = [-18.6, +58.9, +19.9] mm | norm=64.9 mm
  alignment: before=8.18 deg | after=3.66 deg | gain=+4.53 deg
  alignment components [t1,t2,n] deg: before=[+8.02,+1.64,+0.00] | after=[+3.31,+1.56,-0.00]

-- set-up surface-frame breakdown ----------------------------------
  frame              alignment-target [tangent1, tangent2, normal]
  force        [N]      = [    +0.76,     +3.26,    -35.13]
  tcp_disp     [mm]     = [    +0.41,     -1.39,    -26.93]
  edge_disp    [mm]     = [    +0.51,     +0.71,     -2.05]
  Kp_eff=F/tcp [N/m]    = [   1867.2,   -2336.6,    1304.8]
  moment@edge  [Nm]     = [    -4.06,    -17.02,     -1.29]
  tip_angle    [deg]    = [    -4.72,     -0.06,     +0.12]
  KR_eff=M/ang [Nm/rad] = [     49.3,   17522.0,    -609.7]

-- centre of compliance --------------------------------------------
  definition         r_c = p_TCP - p_c
  p_TCP [x,y,z]    = [    509.3,       6.6,      48.2] mm
  p_c [EE]         = [    -33.6,     -71.8,      11.0] mm
  r_c [t1,t2,n]    = [     -0.0,      80.0,       0.0] mm
                     p_c resolved at first contact

-- what the TCP feels ----------------------------------------------
  K_TCP translation = [   1999.6,    1999.1,     801.3] N/m
  K_TCP rotation   = [      9.2,       6.0,      62.7] Nm/rad
  commanded KR was = [      5.0,       5.0,      50.0] Nm/rad   the rest is the lever
  D_TCP translation = [    214.2,     198.4,     169.2] Ns/m
  D_TCP rotation   = [      2.6,       1.9,       2.5] Nms/rad
  coupling           max |moment per unit translation| = 144.9 Nm/m (K), 15.8 Nms/m (D)
  eigenvalues        K_TCP 4.97 .. 2013 | D_TCP 1.07 .. 220  (both positive: valid springs)

  K_TCP [N/m, Nm/rad | rows fx..mz, cols tx..rz]:
           tx        ty        tz    |    rx        ry        rz
  fx [    2000  -0.5725   -20.68 |     -1.5   -3.542   -144.9 ]
  fy [ -0.5725     1999   -33.18 |   0.4369   -1.123   -67.67 ]
  fz [  -20.68   -33.18    801.3 |    58.01    27.17    2.622 ]
     ---------------------------+---------------------------
  mx [    -1.5   0.4369    58.01 |    9.218    1.989   0.8695 ]
  my [  -3.542   -1.123    27.17 |    1.989     5.96    1.539 ]
  mz [  -144.9   -67.67    2.622 |   0.8695    1.539    62.74 ]

  D_TCP [Ns/m, Nms/rad]:
           tx        ty        tz    |    rx        ry        rz
  fx [   214.2    9.434   -1.038 | -0.06178  -0.3396   -15.84 ]
  fy [   9.434    198.4  -0.9701 |   0.2116 -0.04626   -7.402 ]
  fz [  -1.038  -0.9701    169.2 |    12.26    5.734    0.108 ]
     ---------------------------+---------------------------
  mx [-0.06178   0.2116    12.26 |    2.642    0.448 -0.01527 ]
  my [ -0.3396 -0.04626    5.734 |    0.448    1.893 0.008406 ]
  mz [  -15.84   -7.402    0.108 | -0.01527 0.008406    2.476 ]

[GATE] Set up finished (holding the pressed pose). Press Enter to start the grind (e+Enter stops).

Stop requested with e + Enter. Finishing control loop...

-- joint motion [deg] ----------------------------------------------
  joint       start    final    delta
  q1            0.9      2.7     +1.8
  q2           12.1     28.9    +16.8
  q3           -0.5     -1.7     -1.1
  q4         -130.9   -131.3     -0.4
  q5           -0.1      4.1     +4.3
  q6          142.9    156.7    +13.8
  q7           44.7     42.7     -2.0

====================================================================
  FINAL RESULT
====================================================================
  p_d              = [    507.9,       4.4,     -31.6] mm
  p_EE             = [    507.9,       6.9,      21.3] mm
  e_p              = [      0.0,      -2.6,     -52.9] mm
  e_R              = [     4.25,      2.05,     -0.01] deg
--------------------------------------------------------------------
  position error     53.00 mm
  rotation error     4.72 deg
  csv                logs/surface_grinding_controller_log.csv
--------------------------------------------------------------------
