
Press Enter to recover and configure the robot.
Robot recovered or already ready.
Collision: custom thresholds.

=== Startup mode ===
  s = go to q_init, then run the phase sequence
  h = go to q_init, then hold that pose
  g = guiding mode: go to q_init, then hand-guide to your pose;
      use s+Enter for sequence or h+Enter for hold
  q = go to q_init, inspect the posture, then choose again
  o = open the Franka hand now (release/load tool), then choose again
  c = close/grasp the tool now, then choose again
Choice [s/h/g/q/o/c]: Moving to q_init...
q_init reached.
Selected: phase sequence. Nullspace mode from parameters: nullspace_damping_only.

=== Setup ===
run: phase sequence | approach_orient: on | nullspace: nullspace_damping_only
nullspace parameters: d_null=2.000 | k_sigma=1.000 Nm (inactive) | alpha=0.0800 rad
hold: Kp=300.0 N/m | KR=40.0 Nm/rad | damping=auto translation+rotation (factor fitted online toward Dp=50.0 Ns/m)
manual_guidance_start: off | manual_damping=0.50
descend: clearance=20.0 mm | speed=0.100 m/s | max_distance=640 mm
alignment push: start=captured | end=+60 mm | speed=0.050 m/s | ramp_time~=1.6 s | timeout=5.0 s | moment_threshold=150.0 Nm
grind: free-slide hold | axis=tangent2 | amplitude=30 mm | frequency=0.20 Hz
set-up translation: frame=surface [t1,t2,n] | Kp=[2000.0, 2000.0, 800.0] N/m
coupled stiffness: apply=on | pole=commanded
  r_c=p_TCP-p_c [t1,t2,n] = [-40.0, +0.0, +0.0] mm
gates: pause_before_set_up=on | pause_auto_damping=on | pause_before_grind=off | debug_period=0.20 s
surface-plane normal=[+0.017, +0.028, +0.999] | tilt a(x)=-1.6 deg, b(y)=1.0 deg (from angles)
tool-axis command offset: tangent1=+0.0 deg | tangent2=+5.0 deg
tool face: 40 x 120 mm | center offset EE=[+0.0, +0.0, +20.0] mm
Gripper already holding the tool (width 65.0 mm); keeping grasp.
Press e+Enter to stop the controller before the duration expires.
During hold: press g+Enter to hand-guide the tool, then p+Enter to recapture and resume hold.
experiment_duration <= 0: running indefinitely until e + Enter.

=== Start pose ===
q_start = [-0.9, 10.0, -1.1, -130.3, -0.0, 145.2, 42.7] deg
p_start = [550.5, -19.6, 185.3] mm

=== Run ===
phase: approach_orient
orient:     t=  0.0 s | axis_err=  1.4 deg | rot_err=  1.4 deg
approach Dp        auto=[ 127.10,  105.71,  125.80]  manual=[  20.00,   20.00,   20.00] Ns/m
approach DR        auto=[  13.61,   15.17,    2.22]  manual=[  12.00,   12.00,   12.00] Nms/rad
orient:     t=  0.2 s | axis_err=  1.2 deg | rot_err=  1.2 deg
orient:     t=  0.4 s | axis_err=  1.1 deg | rot_err=  1.1 deg

Orientation reached: axis_err=1.1 deg
phase: approach_descend
descend:    t=  0.0 s | distance=   0.1 mm | height=+158.5 mm (target 20.0) | force=  0.0 N
descend:    t=  0.2 s | distance=  20.1 mm | height=+147.0 mm (target 20.0) | force=  1.1 N
descend:    t=  0.4 s | distance=  40.1 mm | height=+130.4 mm (target 20.0) | force=  0.3 N
descend:    t=  0.6 s | distance=  60.2 mm | height=+112.8 mm (target 20.0) | force=  1.7 N
descend:    t=  0.8 s | distance=  80.3 mm | height= +95.0 mm (target 20.0) | force=  0.2 N
descend:    t=  1.0 s | distance= 100.4 mm | height= +76.9 mm (target 20.0) | force=  2.1 N
descend:    t=  1.2 s | distance= 120.5 mm | height= +58.3 mm (target 20.0) | force=  1.4 N
descend:    t=  1.4 s | distance= 140.6 mm | height= +39.8 mm (target 20.0) | force=  2.0 N
descend:    t=  1.6 s | distance= 160.7 mm | height= +21.1 mm (target 20.0) | force=  1.7 N

[GATE] Reached 20 mm above the plane. Press Enter to start the set-up press (e+Enter stops).
pause auto damping: fitted Dp factor=0.548, DR factor=1.991
pause Dp [xyz]     auto=[ 197.76,  144.32,  235.94]  manual=[ 200.00,  200.00,  200.00] Ns/m
pause DR [t1t2n]   auto=[  14.73,   13.98,    2.22]  manual=[  13.61,   15.17,    2.22] Nms/rad
[GATE] Continuing to the set-up press.
descend:    t=  2.2 s | distance= 161.9 mm | height= +19.3 mm (target 20.0) | force= -0.7 N

Clearance reached: distance=161.9 mm | height=19.3 mm | target=20.0 mm | force=-0.7 N (not used for the switch)
offset_ee = [-20.0, 60.0, 20.0] mm
p_EE_at_contact = [540.2, -19.8, 42.1] mm
contact_point = [521.5, -80.7, 2.3] mm
edge_offset_base = [-18.6, -60.9, -39.8] mm
phase: set_up
set_up Dp [t1t2n]  auto=[ 213.85,  186.02,  171.52]  manual=[  50.00,   50.00,   25.00] Ns/m
set_up DR [t1t2n]  auto=[   1.75,    1.65,    0.84]  manual=[  10.01,   10.01,   10.00] Nms/rad
set_up:     t=  0.0 s | tip=  0.0 deg | F=  0.0 N | M=  0.0 Nm (limit 150.0) | edge= 19.3 mm
set_up:     t=  0.2 s | tip=  0.5 deg | F=  1.9 N | M=  0.7 Nm (limit 150.0) | edge= 12.8 mm
set_up:     t=  0.4 s | tip=  1.2 deg | F=  3.4 N | M=  1.4 Nm (limit 150.0) | edge=  3.8 mm
set_up:     t=  0.6 s | tip=  1.4 deg | F= 15.0 N | M=  7.8 Nm (limit 150.0) | edge=  1.6 mm
set_up:     t=  0.8 s | tip=  1.4 deg | F= 22.7 N | M= 11.8 Nm (limit 150.0) | edge=  1.6 mm
set_up:     t=  1.0 s | tip=  1.4 deg | F= 31.1 N | M= 16.2 Nm (limit 150.0) | edge=  1.7 mm
set_up:     t=  1.2 s | tip=  1.4 deg | F= 39.1 N | M= 20.4 Nm (limit 150.0) | edge=  1.9 mm
set_up:     t=  1.4 s | tip=  1.4 deg | F= 46.3 N | M= 24.1 Nm (limit 150.0) | edge=  2.0 mm
set_up:     t=  1.6 s | tip=  1.3 deg | F= 55.4 N | M= 28.8 Nm (limit 150.0) | edge=  2.1 mm
set_up:     t=  1.8 s | tip=  1.3 deg | F= 48.8 N | M= 25.4 Nm (limit 150.0) | edge=  2.1 mm
set_up:     t=  2.0 s | tip=  1.3 deg | F= 48.7 N | M= 25.4 Nm (limit 150.0) | edge=  2.1 mm
set_up:     t=  2.2 s | tip=  1.3 deg | F= 48.6 N | M= 25.3 Nm (limit 150.0) | edge=  2.1 mm
set_up:     t=  2.4 s | tip=  1.3 deg | F= 48.6 N | M= 25.3 Nm (limit 150.0) | edge=  2.1 mm
set_up:     t=  2.6 s | tip=  1.3 deg | F= 48.5 N | M= 25.3 Nm (limit 150.0) | edge=  2.1 mm
set_up:     t=  2.8 s | tip=  1.3 deg | F= 48.5 N | M= 25.3 Nm (limit 150.0) | edge=  2.1 mm
set_up:     t=  3.0 s | tip=  1.3 deg | F= 48.5 N | M= 25.3 Nm (limit 150.0) | edge=  2.1 mm
set_up:     t=  3.2 s | tip=  1.3 deg | F= 48.4 N | M= 25.2 Nm (limit 150.0) | edge=  2.1 mm
set_up:     t=  3.4 s | tip=  1.3 deg | F= 48.3 N | M= 25.2 Nm (limit 150.0) | edge=  2.1 mm
set_up:     t=  3.6 s | tip=  1.3 deg | F= 48.4 N | M= 25.2 Nm (limit 150.0) | edge=  2.1 mm
set_up:     t=  3.8 s | tip=  1.3 deg | F= 48.3 N | M= 25.2 Nm (limit 150.0) | edge=  2.1 mm
set_up:     t=  4.0 s | tip=  1.3 deg | F= 48.3 N | M= 25.2 Nm (limit 150.0) | edge=  2.1 mm
set_up:     t=  4.2 s | tip=  1.3 deg | F= 48.3 N | M= 25.2 Nm (limit 150.0) | edge=  2.1 mm
set_up:     t=  4.4 s | tip=  1.3 deg | F= 48.3 N | M= 25.2 Nm (limit 150.0) | edge=  2.1 mm
set_up:     t=  4.6 s | tip=  1.3 deg | F= 48.3 N | M= 25.2 Nm (limit 150.0) | edge=  2.1 mm
set_up:     t=  4.8 s | tip=  1.3 deg | F= 48.2 N | M= 25.2 Nm (limit 150.0) | edge=  2.1 mm

=== Set-up result ===
stop: time | t=5.0 s | tip=1.3 deg | F=48.2 N | M=25.2 Nm
edge_from_contact = [-1.4, +0.3, -1.5] mm | norm=2.1 mm
tcp_from_contact  = [+17.3, +60.7, +18.7] mm | norm=65.8 mm
alignment: before=4.38 deg | after=3.13 deg | gain=+1.25 deg
alignment components [t1,t2,n] deg: before=[-0.93,-4.29,+0.00] | after=[-0.38,-3.11,+0.00]

=== Set-up surface-frame breakdown ===
frame: alignment-target [tangent1, tangent2, normal]
force        [N]      = [    -3.96,     +1.64,    -48.04]
tcp_disp     [mm]     = [    +0.69,     -0.75,    -21.19]
edge_disp    [mm]     = [    +1.12,     -0.93,     -1.51]
Kp_eff=F/tcp [N/m]    = [  -5694.2,   -2185.7,    2267.2]
moment@edge  [Nm]     = [    -8.52,    -24.88,     -0.12]
tip_angle    [deg]    = [    +0.55,     +1.18,     -0.05]
KR_eff=M/ang [Nm/rad] = [   -895.2,   -1212.3,     152.8]

=== Commanded centre of compliance ===
lever convention: r_c = p_TCP - p_c
parameterization: direct [tangent1,tangent2,normal]
  r_c base = [36.2, 16.9, -1.1] mm
  r_c [t1,t2,n] = [-40.0, 0.0, 0.0] mm
  pole_from_edge = [-17.6, 44.0, 40.9] mm

K_TCP = Ad^T K_pole Ad  [rows fx..mz | cols tx..rz]:
  commanded:
           tx        ty        tz    |    rx        ry        rz
  fx [    2000  -0.5725   -20.68 |   0.3505    1.437    33.84 ]
  fy [ -0.5725     1999   -33.18 |   -1.624   -1.203   -72.44 ]
  fz [  -20.68   -33.18    801.3 |   -13.52    29.01   0.8523 ]
     ---------------------------+---------------------------
  mx [  0.3505   -1.624   -13.52 |    5.244  -0.4679   0.8404 ]
  my [   1.437   -1.203    29.01 |  -0.4679    6.087    1.312 ]
  mz [   33.84   -72.44   0.8523 |   0.8404    1.312    53.15 ]
  K_TCP eigenvalues = [4.992, 5, 49.92, 801.3, 2000, 2003] -> PSD ok (>=0) (min=4.992)

D_TCP = Ad^T D_pole Ad:
  commanded:
           tx        ty        tz    |    rx        ry        rz
  fx [   208.8    10.65  -0.9388 | 0.004236   0.1943    3.147 ]
  fy [   10.65      191  -0.7226 |  -0.1966 -0.01454    -6.74 ]
  fz [ -0.9388  -0.7226    171.6 |   -2.901    6.215   0.0103 ]
     ---------------------------+---------------------------
  mx [0.004236  -0.1966   -2.901 |    1.782 -0.06814 -0.009255 ]
  my [  0.1943 -0.01454    6.215 | -0.06814    1.895 -0.01983 ]
  mz [   3.147    -6.74   0.0103 | -0.009255 -0.01983    1.137 ]
  D_TCP eigenvalues = [0.8375, 1.651, 1.751, 171.8, 186.3, 213.8] -> PSD ok (>=0) (min=0.8375)
phase: grind

Stop requested with e + Enter. Finishing control loop...

Joint motion [deg]:
joint    start   final   delta
------------------------------
q1       -0.9    -1.0    -0.1
q2       10.0    31.2    21.2
q3       -1.1    -1.0     0.1
q4     -130.3  -128.9     1.4
q5       -0.0    -0.0     0.0
q6      145.2   162.4    17.2
q7       42.7    42.8     0.1

=== Final result ===
p_d = [537.2, -21.6, -37.1] mm
p_EE = [538.7, -20.0, 20.8] mm
e_p = [-1.5, -1.6, -58.0] mm
position_error = 57.99 mm
e_R = [0.00, -1.33, -0.01] deg
rotation_error = 1.33 deg
csv: surface_grinding_controller_log.csv
