
Press Enter to recover and configure the robot.
Robot recovered or already ready.
Collision: custom thresholds.

=== Startup choice ===
  q = go to q_init (from params/common.txt), then choose again
  g = guiding mode: go to q_init, then hand-guide to your pose;
      use s+Enter for sequence or h+Enter for hold
  o = open the Franka hand now (release/load tool), then choose again
  c = close/grasp the tool now, then choose again
  r = continue to run mode (available after q_init is reached)
Choice [q/g/o/c/r, Enter = q]: Moving to q_init...
q_init reached.

=== Startup choice ===
  q = go to q_init (from params/common.txt), then choose again
  g = guiding mode: go to q_init, then hand-guide to your pose;
      use s+Enter for sequence or h+Enter for hold
  o = open the Franka hand now (release/load tool), then choose again
  c = close/grasp the tool now, then choose again
  r = continue to run mode
Choice [q/g/o/c/r, Enter = q]: Moving to q_init...
q_init reached.

=== Startup choice ===
  q = go to q_init (from params/common.txt), then choose again
  g = guiding mode: go to q_init, then hand-guide to your pose;
      use s+Enter for sequence or h+Enter for hold
  o = open the Franka hand now (release/load tool), then choose again
  c = close/grasp the tool now, then choose again
  r = continue to run mode
Choice [q/g/o/c/r, Enter = q]: 
=== Run mode ===
  s = phase sequence (approach / set up / grind)
  h = hold at the start pose
Choice [s/h, Enter = s]: Selected: phase sequence. Nullspace mode from parameters: nullspace_damping_plus_sigma.

=== Setup ===
run: phase sequence | approach_orient: on | nullspace: nullspace_damping_plus_sigma
nullspace parameters: d_null=2.000 | k_sigma=1.000 Nm | alpha=0.0800 rad
hold: Kp=300.0 N/m | KR=40.0 Nm/rad | damping=auto translation+rotation (factor fitted online toward Dp=50.0 Ns/m)
manual_guidance_start: off | manual_damping=0.50
descend: clearance=20.0 mm | speed=0.100 m/s | max_distance=640 mm
alignment push: start=captured | end=+180 mm | speed=0.050 m/s | ramp_time~=4.0 s | timeout=12.0 s | moment_threshold=150.0 Nm
grind: sweep | axis=tangent2 | amplitude=30 mm | frequency=0.20 Hz
coupled stiffness: apply=off | saved=yes | pole=manual
gates: pause_before_set_up=on | pause_auto_damping=on | pause_before_grind=off | debug_period=0.20 s
alignment-target normal=[+0.087, -0.000, +0.996] | tilt a(x)=0.0 deg, b(y)=5.0 deg (from angles)
tool face: 40 x 120 mm | center offset EE=[+0.0, +0.0, +20.0] mm
Gripper already holding the tool (width 65.0 mm); keeping grasp.
Press e+Enter to stop the controller before the duration expires.
During hold: press g+Enter to hand-guide the tool, then p+Enter to recapture and resume hold.
experiment_duration <= 0: running indefinitely until e + Enter.

=== Start pose ===
q_start = [-2.7, 18.1, -5.1, -122.8, 17.5, 139.5, 26.8] deg
p_start = [565.1, -59.4, 151.1] mm

=== Run ===
phase: approach_orient
orient:     t=  0.0 s | axis_err= 11.5 deg | rot_err= 11.5 deg
approach Dp        auto=[ 134.14,   97.25,  122.28]  manual=[  20.00,   20.00,   20.00] Ns/m
approach DR        auto=[  12.73,   16.36,    4.08]  manual=[  12.00,   12.00,   12.00] Nms/rad
orient:     t=  0.2 s | axis_err=  4.5 deg | rot_err=  4.5 deg
orient:     t=  0.4 s | axis_err=  2.2 deg | rot_err=  2.2 deg

Orientation reached: axis_err=1.8 deg
phase: approach_descend
descend:    t=  0.0 s | distance=   0.1 mm | height= +97.9 mm (target 20.0) | force=  0.0 N
descend:    t=  0.2 s | distance=  20.1 mm | height= +86.0 mm (target 20.0) | force=  0.4 N
descend:    t=  0.4 s | distance=  40.1 mm | height= +68.9 mm (target 20.0) | force=  1.6 N
descend:    t=  0.6 s | distance=  60.2 mm | height= +51.2 mm (target 20.0) | force=  2.1 N
descend:    t=  0.8 s | distance=  80.3 mm | height= +33.3 mm (target 20.0) | force=  1.7 N

[GATE] Reached 20 mm above the plane. Press Enter to start the set-up press (e+Enter stops).
pause auto damping: fitted Dp factor=0.551, DR factor=1.960
pause Dp [xyz]     auto=[ 206.56,  155.22,  224.89]  manual=[ 200.00,  200.00,  200.00] Ns/m
pause DR [t1t2n]   auto=[  11.72,   17.29,    2.04]  manual=[  12.73,   16.36,    4.08] Nms/rad
[GATE] Continuing to the set-up press.
descend:    t=  1.2 s | distance=  95.2 mm | height= +19.5 mm (target 20.0) | force=  0.3 N

Clearance reached: distance=95.2 mm | height=19.5 mm | target=20.0 mm | force=0.3 N (not used for the switch)
offset_ee = [20.0, 60.0, 20.0] mm
p_EE_at_contact = [546.2, -65.4, 65.5] mm
contact_point = [559.9, -126.1, 24.1] mm
edge_offset_base = [13.7, -60.7, -41.3] mm
phase: set_up
set_up Dp [xyz]    auto=[ 237.07,  178.18,  108.11]  manual=[  10.00,   10.00,  175.00] Ns/m
set_up DR [t1t2n]  auto=[   4.46,    6.56,    0.77]  manual=[  10.01,   10.01,   10.00] Nms/rad
set_up:     t=  0.0 s | tip=  0.0 deg | F=  0.0 N | M=  0.0 Nm (limit 150.0) | edge= 19.5 mm
set_up:     t=  0.2 s | tip=  0.4 deg | F=  1.5 N | M=  0.4 Nm (limit 150.0) | edge= 13.8 mm
set_up:     t=  0.4 s | tip=  0.5 deg | F=  2.3 N | M=  0.9 Nm (limit 150.0) | edge=  6.2 mm
set_up:     t=  0.6 s | tip=  0.6 deg | F=  2.2 N | M=  0.8 Nm (limit 150.0) | edge=  3.8 mm
set_up:     t=  0.8 s | tip=  0.6 deg | F=  1.9 N | M=  0.7 Nm (limit 150.0) | edge= 12.4 mm
set_up:     t=  1.0 s | tip=  0.5 deg | F= 11.8 N | M=  6.3 Nm (limit 150.0) | edge= 19.2 mm
set_up:     t=  1.2 s | tip=  0.5 deg | F= 13.0 N | M=  6.8 Nm (limit 150.0) | edge= 19.2 mm
set_up:     t=  1.4 s | tip=  0.5 deg | F= 17.0 N | M=  8.8 Nm (limit 150.0) | edge= 19.4 mm
set_up:     t=  1.6 s | tip=  0.6 deg | F= 20.9 N | M= 10.9 Nm (limit 150.0) | edge= 19.5 mm
set_up:     t=  1.8 s | tip=  0.6 deg | F= 24.5 N | M= 12.8 Nm (limit 150.0) | edge= 19.7 mm
set_up:     t=  2.0 s | tip=  0.6 deg | F= 28.4 N | M= 14.8 Nm (limit 150.0) | edge= 19.8 mm
set_up:     t=  2.2 s | tip=  0.6 deg | F= 32.2 N | M= 16.6 Nm (limit 150.0) | edge= 19.9 mm
set_up:     t=  2.4 s | tip=  0.6 deg | F= 36.0 N | M= 18.6 Nm (limit 150.0) | edge= 20.0 mm
set_up:     t=  2.6 s | tip=  0.7 deg | F= 39.3 N | M= 20.3 Nm (limit 150.0) | edge= 20.2 mm
set_up:     t=  2.8 s | tip=  0.9 deg | F= 42.9 N | M= 21.9 Nm (limit 150.0) | edge= 20.3 mm
set_up:     t=  3.0 s | tip=  1.0 deg | F= 46.7 N | M= 23.8 Nm (limit 150.0) | edge= 20.4 mm
set_up:     t=  3.2 s | tip=  1.0 deg | F= 50.5 N | M= 25.7 Nm (limit 150.0) | edge= 20.6 mm
set_up:     t=  3.4 s | tip=  1.1 deg | F= 54.1 N | M= 27.6 Nm (limit 150.0) | edge= 20.7 mm
set_up:     t=  3.6 s | tip=  1.1 deg | F= 58.1 N | M= 29.7 Nm (limit 150.0) | edge= 20.8 mm
set_up:     t=  3.8 s | tip=  1.2 deg | F= 61.8 N | M= 31.5 Nm (limit 150.0) | edge= 21.0 mm
set_up:     t=  4.0 s | tip=  1.2 deg | F= 65.8 N | M= 33.7 Nm (limit 150.0) | edge= 21.0 mm
set_up:     t=  4.2 s | tip=  1.2 deg | F= 61.2 N | M= 31.1 Nm (limit 150.0) | edge= 21.0 mm
set_up:     t=  4.4 s | tip=  1.2 deg | F= 61.1 N | M= 31.0 Nm (limit 150.0) | edge= 21.0 mm
set_up:     t=  4.6 s | tip=  1.2 deg | F= 61.0 N | M= 31.0 Nm (limit 150.0) | edge= 21.0 mm
set_up:     t=  4.8 s | tip=  1.2 deg | F= 61.0 N | M= 30.9 Nm (limit 150.0) | edge= 21.0 mm
set_up:     t=  5.0 s | tip=  1.2 deg | F= 61.0 N | M= 30.9 Nm (limit 150.0) | edge= 21.0 mm
set_up:     t=  5.2 s | tip=  1.2 deg | F= 61.0 N | M= 30.9 Nm (limit 150.0) | edge= 21.0 mm
set_up:     t=  5.4 s | tip=  1.2 deg | F= 61.0 N | M= 30.9 Nm (limit 150.0) | edge= 21.0 mm
set_up:     t=  5.6 s | tip=  1.2 deg | F= 60.9 N | M= 30.8 Nm (limit 150.0) | edge= 21.0 mm
set_up:     t=  5.8 s | tip=  1.2 deg | F= 60.9 N | M= 30.8 Nm (limit 150.0) | edge= 21.0 mm
set_up:     t=  6.0 s | tip=  1.2 deg | F= 60.9 N | M= 30.8 Nm (limit 150.0) | edge= 21.0 mm
set_up:     t=  6.2 s | tip=  1.2 deg | F= 60.9 N | M= 30.8 Nm (limit 150.0) | edge= 21.0 mm
set_up:     t=  6.4 s | tip=  1.2 deg | F= 60.9 N | M= 30.8 Nm (limit 150.0) | edge= 21.0 mm
set_up:     t=  6.6 s | tip=  1.2 deg | F= 60.9 N | M= 30.8 Nm (limit 150.0) | edge= 21.0 mm
set_up:     t=  6.8 s | tip=  1.2 deg | F= 60.7 N | M= 30.7 Nm (limit 150.0) | edge= 21.0 mm
set_up:     t=  7.0 s | tip=  1.2 deg | F= 60.7 N | M= 30.7 Nm (limit 150.0) | edge= 21.0 mm
set_up:     t=  7.2 s | tip=  1.2 deg | F= 60.9 N | M= 30.8 Nm (limit 150.0) | edge= 21.0 mm
set_up:     t=  7.4 s | tip=  1.2 deg | F= 60.9 N | M= 30.8 Nm (limit 150.0) | edge= 21.0 mm
set_up:     t=  7.6 s | tip=  1.2 deg | F= 60.9 N | M= 30.8 Nm (limit 150.0) | edge= 21.0 mm
set_up:     t=  7.8 s | tip=  1.2 deg | F= 60.8 N | M= 30.8 Nm (limit 150.0) | edge= 21.0 mm
set_up:     t=  8.0 s | tip=  1.2 deg | F= 60.8 N | M= 30.7 Nm (limit 150.0) | edge= 21.0 mm
set_up:     t=  8.2 s | tip=  1.2 deg | F= 60.8 N | M= 30.7 Nm (limit 150.0) | edge= 21.0 mm
set_up:     t=  8.4 s | tip=  1.2 deg | F= 60.7 N | M= 30.7 Nm (limit 150.0) | edge= 21.0 mm
set_up:     t=  8.6 s | tip=  1.2 deg | F= 60.8 N | M= 30.7 Nm (limit 150.0) | edge= 21.0 mm
set_up:     t=  8.8 s | tip=  1.2 deg | F= 60.8 N | M= 30.7 Nm (limit 150.0) | edge= 21.0 mm
set_up:     t=  9.0 s | tip=  1.2 deg | F= 60.8 N | M= 30.7 Nm (limit 150.0) | edge= 21.0 mm
set_up:     t=  9.2 s | tip=  1.2 deg | F= 60.8 N | M= 30.7 Nm (limit 150.0) | edge= 21.0 mm
set_up:     t=  9.4 s | tip=  1.2 deg | F= 60.8 N | M= 30.8 Nm (limit 150.0) | edge= 21.0 mm
set_up:     t=  9.6 s | tip=  1.2 deg | F= 60.9 N | M= 30.8 Nm (limit 150.0) | edge= 21.0 mm
set_up:     t=  9.8 s | tip=  1.2 deg | F= 60.9 N | M= 30.8 Nm (limit 150.0) | edge= 21.0 mm
set_up:     t= 10.0 s | tip=  1.2 deg | F= 60.9 N | M= 30.8 Nm (limit 150.0) | edge= 21.0 mm
set_up:     t= 10.2 s | tip=  1.2 deg | F= 60.9 N | M= 30.8 Nm (limit 150.0) | edge= 21.0 mm
set_up:     t= 10.4 s | tip=  1.2 deg | F= 60.9 N | M= 30.7 Nm (limit 150.0) | edge= 21.0 mm
set_up:     t= 10.6 s | tip=  1.2 deg | F= 60.9 N | M= 30.8 Nm (limit 150.0) | edge= 21.0 mm
set_up:     t= 10.8 s | tip=  1.2 deg | F= 60.9 N | M= 30.7 Nm (limit 150.0) | edge= 21.0 mm
set_up:     t= 11.0 s | tip=  1.2 deg | F= 60.9 N | M= 30.8 Nm (limit 150.0) | edge= 21.0 mm
set_up:     t= 11.2 s | tip=  1.2 deg | F= 60.8 N | M= 30.7 Nm (limit 150.0) | edge= 21.0 mm
set_up:     t= 11.4 s | tip=  1.2 deg | F= 60.9 N | M= 30.8 Nm (limit 150.0) | edge= 21.0 mm
set_up:     t= 11.6 s | tip=  1.2 deg | F= 60.9 N | M= 30.8 Nm (limit 150.0) | edge= 21.0 mm
set_up:     t= 11.8 s | tip=  1.2 deg | F= 60.9 N | M= 30.8 Nm (limit 150.0) | edge= 21.0 mm

=== Set-up result ===
stop: time | t=12.0 s | tip=1.2 deg | F=60.9 N | M=30.7 Nm
edge_from_contact = [-4.4, +0.6, -20.5] mm | norm=21.0 mm
tcp_from_contact  = [-20.2, +61.5, +0.7] mm | norm=64.7 mm
alignment: before=0.42 deg | after=1.03 deg | gain=-0.61 deg

=== Set-up surface-frame breakdown ===
frame: alignment-target [tangent1, tangent2, normal]
force        [N]      = [   -15.23,     -3.29,    -58.83]
tcp_disp     [mm]     = [    -2.91,     +0.77,    -41.04]
edge_disp    [mm]     = [    -2.64,     +0.62,    -20.80]
Kp_eff=F/tcp [N/m]    = [   5225.2,   -4262.5,    1433.7]
moment@edge  [Nm]     = [    +2.80,    +28.60,     -2.15]
tip_angle    [deg]    = [    +0.87,     -0.71,     -0.50]
KR_eff=M/ang [Nm/rad] = [    184.8,   -2316.9,     248.4]

finite_axis: angle=1.2 deg | axis_from_edge=[-571.0, -737.7, +91.7] mm | dir=[-0.671, +0.577, +0.465] | pitch=-290.0 mm/rad
(coupled_K_tcp/coupled_D_tcp queued for the next run)

=== Coupled stiffness from the measured pole ===
source spring K_pole/D_pole (diagonal, from parameters):
  Kp [N/m]     = [2000, 2000, 350]
  KR [Nm/rad]  = [50, 50, 50]
  Dp [Ns/m]    = [10, 10, 175]
  DR [Nms/rad] = [10.01, 10.01, 10]

poles compared (lever r_c = TCP - pole):
  (A) measured axis : angle=1.2 deg | pitch=-290.0 mm/rad
      pole_from_edge = [-562.4, -741.9, 109.3] mm
      r_c            = [546.7, 802.8, -88.1] mm
  (B) manual pole   : comparison only, contact reference
      pole_from_edge = [-35.6, 79.4, 20.5] mm
      r_c            = [26.3, -19.3, 41.3] mm
      r_c(B)-r_c(A)  = [-520.4, -822.1, 129.4] mm

K_TCP = Ad^T K_pole Ad  [rows fx..mz | cols tx..rz]:
  (A) measured axis:
           tx        ty        tz    |    rx        ry        rz
  fx [    2000        0        0 |        0    176.2     1606 ]
  fy [       0     2000        0 |   -176.2        0    -1093 ]
  fz [       0        0      350 |     -281    191.3        0 ]
     ---------------------------+---------------------------
  mx [       0   -176.2     -281 |    291.1   -153.6    96.31 ]
  my [   176.2        0    191.3 |   -153.6    170.1    141.4 ]
  mz [    1606    -1093        0 |    96.31    141.4     1937 ]
  (A) K_TCP eigenvalues = [24.72, 25.47, 50, 701, 2020, 3927] -> PSD ok (>=0) (min=24.72)
  (B) manual pole:
           tx        ty        tz    |    rx        ry        rz
  fx [    2000        0        0 |        0   -82.66   -38.61 ]
  fy [       0     2000        0 |    82.66        0   -52.58 ]
  fz [       0        0      350 |    6.757    9.202        0 ]
     ---------------------------+---------------------------
  mx [       0    82.66    6.757 |    53.55   0.1777   -2.173 ]
  my [  -82.66        0    9.202 |   0.1777    53.66    1.596 ]
  mz [  -38.61   -52.58        0 |   -2.173    1.596    52.13 ]
  (B) K_TCP eigenvalues = [49.85, 49.86, 50, 350.4, 2004, 2006] -> PSD ok (>=0) (min=49.85)

D_TCP = Ad^T D_pole Ad:
  (A) measured axis:
           tx        ty        tz    |    rx        ry        rz
  fx [   237.1        0        0 |        0    20.88    190.3 ]
  fy [       0    178.2        0 |   -15.69        0    -97.4 ]
  fz [       0        0    108.1 |   -86.79     59.1        0 ]
     ---------------------------+---------------------------
  mx [       0   -15.69   -86.79 |    75.49   -47.45     8.26 ]
  my [   20.88        0     59.1 |   -47.45    40.71    16.76 ]
  mz [   190.3    -97.4        0 |     8.26    16.76    206.8 ]
  (A) D_TCP eigenvalues = [0.3968, 2.458, 6.017, 186.3, 218.3, 432.9] -> PSD ok (>=0) (min=0.3968)
  (B) manual pole:
           tx        ty        tz    |    rx        ry        rz
  fx [   237.1        0        0 |        0   -9.798   -4.577 ]
  fy [       0    178.2        0 |    7.364        0   -4.684 ]
  fz [       0        0    108.1 |    2.087    2.842        0 ]
     ---------------------------+---------------------------
  mx [       0    7.364    2.087 |    4.774  0.05488  -0.5134 ]
  my [  -9.798        0    2.842 |  0.05488    7.037   0.1892 ]
  mz [  -4.577   -4.684        0 |  -0.5134   0.1892    1.014 ]
  (B) D_TCP eigenvalues = [0.7735, 4.447, 6.541, 108.2, 178.6, 237.6] -> PSD ok (>=0) (min=0.7735)
phase: grind

Stop requested with e + Enter. Finishing control loop...
params/sequence.txt updated after control loop (73 queued values).

Joint motion [deg]:
joint    start   final   delta
------------------------------
q1       -2.7    -2.4     0.4
q2       18.1    32.0    13.8
q3       -5.1    -2.4     2.7
q4     -122.8  -123.2    -0.4
q5       17.5     0.7   -16.9
q6      139.5   148.9     9.5
q7       26.8    42.7    15.9

=== Final result ===
p_d = [528.8, -54.3, -133.3] mm
p_EE = [536.3, -47.6, 25.3] mm
e_p = [-7.5, -6.7, -158.6] mm
position_error = 158.89 mm
e_R = [0.84, -1.05, 0.17] deg
rotation_error = 1.35 deg
csv: surface_grinding_controller_log.csv
