
Press Enter to recover and configure the robot.
Robot recovered or already ready.
keys: e stop | m menu | g hand-guide

=== Startup mode ===
  s = run the phase sequence from q_init
  h = hold the q_init pose
  t = hold with the set-up impedance
  g = hand-guide the start pose
  q = go to q_init and inspect
  o = open the hand now
  c = grasp the tool now
  r = recalibrate hand width, fingers empty
  f = fetch the tool from the holder
  b = put the tool back
  e = stop and quit
While a run is going: e+Enter stops, m+Enter comes back here.
Choice [s/h/t/g/q/o/c/r/f/b/e]: Choose s, h, t, g, q, o, c, r, f, b, or e explicitly.

=== Startup mode ===
  s = run the phase sequence from q_init
  h = hold the q_init pose
  t = hold with the set-up impedance
  g = hand-guide the start pose
  q = go to q_init and inspect
  o = open the hand now
  c = grasp the tool now
  r = recalibrate hand width, fingers empty
  f = fetch the tool from the holder
  b = put the tool back
  e = stop and quit
While a run is going: e+Enter stops, m+Enter comes back here.
Choice [s/h/t/g/q/o/c/r/f/b/e]: 
=== Phase sequence mode ===
Moving to q_init (horizontal_table_search)
  q1..q7 [deg] = [0.8, 12.1, -0.5, -130.9, -0.2, 142.9, 44.7] deg
  horizontal_table_search = [0.014777, 0.210911, -0.009320, -2.284835, -0.002725, 2.493410, 0.780694] rad
q_init reached.

=== Start pose ===
q_start = [0.9, 12.1, -0.5, -130.9, -0.2, 142.9, 44.7] deg
p_start = [531.3, 2.5, 156.9] mm

=== Run ===
phase: approach_orient
  Kp=[150, 150, 150] N/m  KR=[90, 90, 90] Nm/rad  [t1,t2,n]
  Dp=[126.5, 103.6, 128.3] Ns/m  DR=[13.45, 15.80, 2.01] Nms/rad  auto (factor 1.90)
orient:     t=  0.0 s | axis_err= 11.0 deg | spin_err= 24.2 deg
orient:     t=  0.2 s | axis_err= 10.9 deg | spin_err= 21.2 deg
orient:     t=  0.4 s | axis_err= 10.1 deg | spin_err= 17.4 deg
orient:     t=  0.6 s | axis_err=  8.6 deg | spin_err= 14.0 deg
orient:     t=  0.8 s | axis_err=  7.0 deg | spin_err= 10.4 deg
orient:     t=  1.0 s | axis_err=  5.4 deg | spin_err=  6.8 deg
orient:     t=  1.2 s | axis_err=  3.8 deg | spin_err=  3.1 deg
orient:     t=  1.4 s | axis_err=  2.4 deg | spin_err=  0.0 deg
orient:     t=  1.6 s | axis_err=  2.2 deg | spin_err=  0.1 deg
orient:     t=  1.8 s | axis_err=  2.2 deg | spin_err=  0.1 deg
orient:     t=  2.0 s | axis_err=  2.2 deg | spin_err=  0.1 deg
orient:     t=  2.2 s | axis_err=  2.2 deg | spin_err=  0.1 deg
orient:     t=  2.4 s | axis_err=  2.2 deg | spin_err=  0.1 deg
orient:     t=  2.6 s | axis_err=  2.2 deg | spin_err=  0.1 deg
orient:     t=  2.8 s | axis_err=  2.2 deg | spin_err=  0.1 deg
orient:     t=  3.0 s | axis_err=  2.2 deg | spin_err=  0.1 deg
orient:     t=  3.2 s | axis_err=  2.2 deg | spin_err=  0.1 deg
orient:     t=  3.4 s | axis_err=  2.2 deg | spin_err=  0.2 deg
orient:     t=  3.6 s | axis_err=  2.2 deg | spin_err=  0.2 deg
orient:     t=  3.8 s | axis_err=  2.2 deg | spin_err=  0.2 deg
orient:     t=  4.0 s | axis_err=  2.2 deg | spin_err=  0.2 deg
orient:     t=  4.2 s | axis_err=  2.2 deg | spin_err=  0.2 deg
orient:     t=  4.4 s | axis_err=  2.2 deg | spin_err=  0.2 deg
orient:     t=  4.6 s | axis_err=  2.2 deg | spin_err=  0.2 deg
orient:     t=  4.8 s | axis_err=  2.2 deg | spin_err=  0.2 deg

Orientation settled short of the 2.0 deg gate after 5.0 s: axis_err=2.2 deg | spin_err=0.2 deg
phase: approach_descend
  Kp=[150, 150, 150] N/m  KR=[90, 90, 90] Nm/rad  [t1,t2,n]
  Dp=[126.5, 103.6, 128.3] Ns/m  DR=[13.45, 15.80, 2.01] Nms/rad  auto (factor 1.90)
  descend to 20 mm clearance at 0.100 m/s
descend:    t=  0.0 s | distance=   0.1 mm | height=+133.0 mm (target 20.0) | force=  0.0 N
descend:    t=  0.2 s | distance=  20.1 mm | height=+122.8 mm (target 20.0) | force=  0.8 N
descend:    t=  0.4 s | distance=  40.1 mm | height=+106.8 mm (target 20.0) | force=  0.7 N
descend:    t=  0.6 s | distance=  60.1 mm | height= +89.8 mm (target 20.0) | force=  2.1 N
descend:    t=  0.8 s | distance=  80.1 mm | height= +72.6 mm (target 20.0) | force=  0.9 N
descend:    t=  1.0 s | distance= 100.1 mm | height= +55.9 mm (target 20.0) | force=  0.8 N
descend:    t=  1.2 s | distance= 120.1 mm | height= +38.9 mm (target 20.0) | force=  0.6 N
descend:    t=  1.4 s | distance= 140.1 mm | height= +21.7 mm (target 20.0) | force=  1.8 N

[GATE] Reached 20 mm above the plane. Press Enter to start the set-up press (e+Enter stops).
  gate hold: Kp=[5000, 5000, 5000] N/m [x,y,z]  KR=[90, 90, 90] Nm/rad [t1,t2,n]
             Dp=[206.8, 150.4, 243.0] Ns/m  DR=[11.27, 14.18, 2.35] Nms/rad  auto
[GATE] Continuing to the set-up press.
descend:    t=  3.2 s | distance= 142.1 mm | height= +19.2 mm (target 20.0) | force= -0.5 N

Clearance reached: distance=142.1 mm | height=19.2 mm | target=20.0 mm | force=-0.5 N (not used for the switch)
offset_ee = [-20.0, -60.0, 20.0] mm
p_EE_at_contact = [532.3, -9.7, 46.5] mm
contact_point = [489.1, 32.3, -0.3] mm
edge_offset_base = [-43.1, 41.9, -46.8] mm
phase: set_up

--- set-up impedance ---
  f = Kp*e_p + Dp*de,   m = KR*e_R + DR*dw   (decoupled)
  Kp [t1,t2,n]  = [  2000.0,   2000.0,    800.0] N/m
  Dp [t1,t2,n]  = [   222.8,    179.8,    170.9] Ns/m   auto
  KR [t1,t2,n]  = [    15.0,      5.0,     50.0] Nm/rad
  DR [t1,t2,n]  = [     2.6,      1.9,      1.0] Nms/rad   auto
set_up:     t=  0.0 s | tip=  0.0 deg | F=  0.0 N | M=  0.0 Nm (limit 150.0) | edge= 19.2 mm
set_up:     t=  0.2 s | tip=  0.6 deg | F=  1.7 N | M=  1.7 Nm (limit 150.0) | edge= 13.1 mm
set_up:     t=  0.4 s | tip=  1.3 deg | F=  3.5 N | M=  2.3 Nm (limit 150.0) | edge=  4.8 mm
set_up:     t=  0.6 s | tip=  1.4 deg | F= 16.6 N | M=  9.3 Nm (limit 150.0) | edge=  2.8 mm
set_up:     t=  0.8 s | tip=  1.4 deg | F= 24.4 N | M= 13.3 Nm (limit 150.0) | edge=  2.7 mm
set_up:     t=  1.0 s | tip=  1.4 deg | F= 32.7 N | M= 17.7 Nm (limit 150.0) | edge=  2.7 mm
set_up:     t=  1.2 s | tip=  1.4 deg | F= 40.4 N | M= 21.7 Nm (limit 150.0) | edge=  2.6 mm
set_up:     t=  1.4 s | tip=  1.5 deg | F= 48.1 N | M= 25.6 Nm (limit 150.0) | edge=  2.6 mm
set_up:     t=  1.6 s | tip=  1.5 deg | F= 56.5 N | M= 30.1 Nm (limit 150.0) | edge=  2.5 mm
set_up:     t=  1.8 s | tip=  1.5 deg | F= 49.6 N | M= 26.5 Nm (limit 150.0) | edge=  2.6 mm
set_up:     t=  2.0 s | tip=  1.5 deg | F= 49.4 N | M= 26.4 Nm (limit 150.0) | edge=  2.6 mm
set_up:     t=  2.2 s | tip=  1.5 deg | F= 49.4 N | M= 26.4 Nm (limit 150.0) | edge=  2.6 mm
set_up:     t=  2.4 s | tip=  1.5 deg | F= 49.2 N | M= 26.3 Nm (limit 150.0) | edge=  2.6 mm
set_up:     t=  2.6 s | tip=  1.5 deg | F= 49.4 N | M= 26.4 Nm (limit 150.0) | edge=  2.6 mm
set_up:     t=  2.8 s | tip=  1.5 deg | F= 49.3 N | M= 26.4 Nm (limit 150.0) | edge=  2.6 mm
set_up:     t=  3.0 s | tip=  1.5 deg | F= 49.2 N | M= 26.3 Nm (limit 150.0) | edge=  2.6 mm
set_up:     t=  3.2 s | tip=  1.5 deg | F= 49.2 N | M= 26.3 Nm (limit 150.0) | edge=  2.6 mm
set_up:     t=  3.4 s | tip=  1.5 deg | F= 49.2 N | M= 26.3 Nm (limit 150.0) | edge=  2.6 mm
set_up:     t=  3.6 s | tip=  1.5 deg | F= 49.1 N | M= 26.3 Nm (limit 150.0) | edge=  2.6 mm
set_up:     t=  3.8 s | tip=  1.5 deg | F= 49.1 N | M= 26.3 Nm (limit 150.0) | edge=  2.6 mm
set_up:     t=  4.0 s | tip=  1.5 deg | F= 48.9 N | M= 26.2 Nm (limit 150.0) | edge=  2.6 mm
set_up:     t=  4.2 s | tip=  1.5 deg | F= 49.1 N | M= 26.2 Nm (limit 150.0) | edge=  2.6 mm
set_up:     t=  4.4 s | tip=  1.5 deg | F= 49.0 N | M= 26.2 Nm (limit 150.0) | edge=  2.6 mm
set_up:     t=  4.6 s | tip=  1.5 deg | F= 49.1 N | M= 26.3 Nm (limit 150.0) | edge=  2.6 mm
set_up:     t=  4.8 s | tip=  1.5 deg | F= 49.1 N | M= 26.3 Nm (limit 150.0) | edge=  2.6 mm

=== Set-up result ===
stop: time | t=5.0 s | tip=1.5 deg | F=49.1 N | M=26.3 Nm
edge_from_contact = [-2.4, -0.1, +1.0] mm | norm=2.6 mm
tcp_from_contact  = [+41.1, -42.6, +27.5] mm | norm=65.3 mm
alignment: before=6.94 deg | after=6.50 deg | gain=+0.44 deg
alignment components [t1,t2,n] deg: before=[-6.94,+0.08,-0.00] | after=[-6.34,+1.42,+0.00]

=== Set-up surface-frame breakdown ===
frame: alignment-target [tangent1, tangent2, normal]
force        [N]      = [    -4.49,     +0.57,    -48.88]
tcp_disp     [mm]     = [    +1.62,     -0.59,    -19.38]
edge_disp    [mm]     = [    +2.22,     -0.88,     +0.93]
Kp_eff=F/tcp [N/m]    = [  -2775.1,    -964.0,    2522.5]
moment@edge  [Nm]     = [   -14.50,    -24.65,     +0.67]
tip_angle    [deg]    = [    +0.60,     +1.35,     +0.02]
KR_eff=M/ang [Nm/rad] = [  -1380.6,   -1046.8,       n/a]

[GATE] Set up finished (holding the pressed pose). Press Enter to start the grind (e+Enter stops).
[GATE] Continuing to grind.
phase: grind
  free-slide press hold. Impedance as set up.

Stop requested with e + Enter. Finishing control loop...

Joint motion [deg]:
joint    start   final   delta
------------------------------
q1        0.9     3.4     2.6
q2       12.1    29.7    17.6
q3       -0.5    -4.1    -3.6
q4     -130.9  -129.4     1.5
q5       -0.2   -16.1   -15.9
q6      142.9   159.0    16.1
q7       44.7    34.6   -10.1

=== Final result ===
p_d = [528.4, -12.0, -32.6] mm
p_EE = [530.1, -10.4, 27.1] mm
e_p = [-1.7, -1.6, -59.7] mm
position_error = 59.76 mm
e_R = [0.01, -1.49, 0.09] deg
rotation_error = 1.50 deg
csv: logs/surface_grinding_controller_log.csv
