
Press Enter to recover and configure the robot.
Robot recovered or already ready.
keys: e stop | m menu | g hand-guide

=== Startup mode ===
  s = run the phase sequence from q_init
  h = hold the q_init pose
  t = hold with the set-up impedance
  g = hand-guide the start pose
  q = go to q_init and inspect
  o = open the hand now
  c = grasp the tool now
  r = recalibrate hand width, fingers empty
  f = fetch the tool from the holder
  b = put the tool back
  e = stop and quit
While a run is going: e+Enter stops, m+Enter comes back here.
Choice [s/h/t/g/q/o/c/r/f/b/e]: 
=== Phase sequence mode ===
Moving to q_init (horizontal_table_search)
  q1..q7 [deg] = [0.8, 12.1, -0.5, -130.9, -0.2, 142.9, 44.7] deg
  horizontal_table_search = [0.014777, 0.210911, -0.009320, -2.284835, -0.002725, 2.493410, 0.780694] rad
q_init reached.

=== Start pose ===
q_start = [0.8, 12.1, -0.5, -130.9, -0.2, 142.9, 44.7] deg
p_start = [531.3, 2.3, 156.8] mm

=== Run ===
phase: approach_orient
  Kp=[150, 150, 150] N/m  KR=[90, 90, 90] Nm/rad  [t1,t2,n]
  Dp=[126.5, 103.6, 128.3] Ns/m  DR=[13.45, 15.79, 2.01] Nms/rad  auto (factor 1.90)
orient:     t=  0.0 s | axis_err= 10.6 deg | spin_err=  0.5 deg
orient:     t=  0.2 s | axis_err=  9.9 deg | spin_err=  0.6 deg
orient:     t=  0.4 s | axis_err=  7.3 deg | spin_err=  0.5 deg
orient:     t=  0.6 s | axis_err=  4.0 deg | spin_err=  0.2 deg
orient:     t=  0.8 s | axis_err=  2.7 deg | spin_err=  0.2 deg
orient:     t=  1.0 s | axis_err=  2.5 deg | spin_err=  0.3 deg
orient:     t=  1.2 s | axis_err=  2.5 deg | spin_err=  0.3 deg
orient:     t=  1.4 s | axis_err=  2.4 deg | spin_err=  0.3 deg
orient:     t=  1.6 s | axis_err=  2.4 deg | spin_err=  0.3 deg
orient:     t=  1.8 s | axis_err=  2.4 deg | spin_err=  0.3 deg
orient:     t=  2.0 s | axis_err=  2.4 deg | spin_err=  0.3 deg
orient:     t=  2.2 s | axis_err=  2.4 deg | spin_err=  0.3 deg
orient:     t=  2.4 s | axis_err=  2.4 deg | spin_err=  0.3 deg
orient:     t=  2.6 s | axis_err=  2.4 deg | spin_err=  0.3 deg
orient:     t=  2.8 s | axis_err=  2.4 deg | spin_err=  0.3 deg
orient:     t=  3.0 s | axis_err=  2.4 deg | spin_err=  0.3 deg
orient:     t=  3.2 s | axis_err=  2.4 deg | spin_err=  0.3 deg
orient:     t=  3.4 s | axis_err=  2.4 deg | spin_err=  0.3 deg
orient:     t=  3.6 s | axis_err=  2.4 deg | spin_err=  0.3 deg
orient:     t=  3.8 s | axis_err=  2.4 deg | spin_err=  0.3 deg
orient:     t=  4.0 s | axis_err=  2.4 deg | spin_err=  0.3 deg
orient:     t=  4.2 s | axis_err=  2.4 deg | spin_err=  0.3 deg
orient:     t=  4.4 s | axis_err=  2.4 deg | spin_err=  0.3 deg
orient:     t=  4.6 s | axis_err=  2.4 deg | spin_err=  0.3 deg
orient:     t=  4.8 s | axis_err=  2.4 deg | spin_err=  0.3 deg

Orientation settled short of the 2.0 deg gate after 5.0 s: axis_err=2.4 deg | spin_err=0.3 deg
phase: approach_descend
  Kp=[150, 150, 150] N/m  KR=[90, 90, 90] Nm/rad  [t1,t2,n]
  Dp=[126.5, 103.6, 128.3] Ns/m  DR=[13.45, 15.79, 2.01] Nms/rad  auto (factor 1.90)
  descend to 20 mm clearance at 0.100 m/s
descend:    t=  0.0 s | distance=   0.1 mm | height=+134.9 mm (target 20.0) | force=  0.0 N
descend:    t=  0.2 s | distance=  20.1 mm | height=+124.4 mm (target 20.0) | force=  1.1 N
descend:    t=  0.4 s | distance=  40.1 mm | height=+108.9 mm (target 20.0) | force=  0.7 N
descend:    t=  0.6 s | distance=  60.1 mm | height= +92.1 mm (target 20.0) | force=  1.1 N
descend:    t=  0.8 s | distance=  80.1 mm | height= +75.0 mm (target 20.0) | force= -0.0 N
descend:    t=  1.0 s | distance= 100.1 mm | height= +57.5 mm (target 20.0) | force=  1.7 N
descend:    t=  1.2 s | distance= 120.1 mm | height= +39.4 mm (target 20.0) | force=  1.0 N
descend:    t=  1.4 s | distance= 140.1 mm | height= +21.0 mm (target 20.0) | force=  1.1 N

[GATE] Reached 20 mm above the plane. Press Enter to start the set-up press (e+Enter stops).
  gate hold: Kp=[5000, 5000, 5000] N/m [x,y,z]  KR=[90, 90, 90] Nm/rad [t1,t2,n]
             Dp=[206.4, 146.7, 248.0] Ns/m  DR=[12.48, 13.09, 2.05] Nms/rad  auto
[GATE] Continuing to the set-up press.

Clearance reached: distance=141.1 mm | height=19.9 mm | target=20.0 mm | force=-0.4 N (not used for the switch)
offset_ee = [-20.0, -60.0, 20.0] mm
p_EE_at_contact = [536.8, -13.7, 45.2] mm
contact_point = [518.1, 43.7, -1.1] mm
edge_offset_base = [-18.7, 57.4, -46.4] mm
phase: set_up

--- set-up impedance ---
  f = Kp*e_p + Dp*de,   m = KR*e_R + DR*dw   (decoupled)
  Kp [t1,t2,n]  = [  2000.0,   2000.0,    800.0] N/m
  Dp [t1,t2,n]  = [   218.0,    178.3,    173.0] Ns/m   auto
  KR [t1,t2,n]  = [     5.0,      5.0,     50.0] Nm/rad
  DR [t1,t2,n]  = [     1.7,      1.8,      0.9] Nms/rad   auto
set_up:     t=  0.0 s | tip=  0.0 deg | F=  0.2 N | M=  0.1 Nm (limit 150.0) | edge= 19.8 mm
set_up:     t=  0.2 s | tip=  0.5 deg | F=  1.5 N | M=  1.8 Nm (limit 150.0) | edge= 10.6 mm
set_up:     t=  0.4 s | tip=  1.0 deg | F=  2.2 N | M=  2.2 Nm (limit 150.0) | edge=  4.1 mm
set_up:     t=  0.6 s | tip=  1.2 deg | F= 14.3 N | M=  8.3 Nm (limit 150.0) | edge=  2.0 mm
set_up:     t=  0.8 s | tip=  1.2 deg | F= 22.2 N | M= 12.4 Nm (limit 150.0) | edge=  2.0 mm
set_up:     t=  1.0 s | tip=  1.2 deg | F= 30.5 N | M= 16.8 Nm (limit 150.0) | edge=  2.0 mm
set_up:     t=  1.2 s | tip=  1.2 deg | F= 38.6 N | M= 21.2 Nm (limit 150.0) | edge=  2.0 mm
set_up:     t=  1.4 s | tip=  1.3 deg | F= 46.5 N | M= 25.5 Nm (limit 150.0) | edge=  2.1 mm
set_up:     t=  1.6 s | tip=  1.3 deg | F= 54.0 N | M= 29.4 Nm (limit 150.0) | edge=  2.2 mm
set_up:     t=  1.8 s | tip=  1.3 deg | F= 48.0 N | M= 26.5 Nm (limit 150.0) | edge=  2.1 mm
set_up:     t=  2.0 s | tip=  1.3 deg | F= 47.7 N | M= 26.3 Nm (limit 150.0) | edge=  2.1 mm
set_up:     t=  2.2 s | tip=  1.3 deg | F= 47.6 N | M= 26.2 Nm (limit 150.0) | edge=  2.1 mm
set_up:     t=  2.4 s | tip=  1.3 deg | F= 47.6 N | M= 26.2 Nm (limit 150.0) | edge=  2.1 mm
set_up:     t=  2.6 s | tip=  1.3 deg | F= 47.6 N | M= 26.2 Nm (limit 150.0) | edge=  2.1 mm
set_up:     t=  2.8 s | tip=  1.3 deg | F= 47.6 N | M= 26.2 Nm (limit 150.0) | edge=  2.1 mm
set_up:     t=  3.0 s | tip=  1.3 deg | F= 47.6 N | M= 26.2 Nm (limit 150.0) | edge=  2.1 mm
set_up:     t=  3.2 s | tip=  1.3 deg | F= 47.6 N | M= 26.2 Nm (limit 150.0) | edge=  2.1 mm
set_up:     t=  3.4 s | tip=  1.3 deg | F= 47.6 N | M= 26.2 Nm (limit 150.0) | edge=  2.1 mm
set_up:     t=  3.6 s | tip=  1.3 deg | F= 47.7 N | M= 26.3 Nm (limit 150.0) | edge=  2.1 mm
set_up:     t=  3.8 s | tip=  1.3 deg | F= 47.6 N | M= 26.2 Nm (limit 150.0) | edge=  2.1 mm
set_up:     t=  4.0 s | tip=  1.3 deg | F= 47.6 N | M= 26.2 Nm (limit 150.0) | edge=  2.1 mm
set_up:     t=  4.2 s | tip=  1.3 deg | F= 47.6 N | M= 26.2 Nm (limit 150.0) | edge=  2.1 mm
set_up:     t=  4.4 s | tip=  1.3 deg | F= 47.6 N | M= 26.2 Nm (limit 150.0) | edge=  2.1 mm
set_up:     t=  4.6 s | tip=  1.3 deg | F= 47.6 N | M= 26.2 Nm (limit 150.0) | edge=  2.1 mm
set_up:     t=  4.8 s | tip=  1.3 deg | F= 47.6 N | M= 26.2 Nm (limit 150.0) | edge=  2.1 mm

=== Set-up result ===
stop: time | t=5.0 s | tip=1.3 deg | F=47.5 N | M=26.2 Nm
edge_from_contact = [-2.1, +0.0, -0.2] mm | norm=2.1 mm
tcp_from_contact  = [+16.6, -58.2, +25.6] mm | norm=65.7 mm
alignment: before=6.80 deg | after=5.53 deg | gain=+1.28 deg
alignment components [t1,t2,n] deg: before=[-5.26,-4.32,-0.00] | after=[-4.45,-3.27,+0.00]

=== Set-up surface-frame breakdown ===
frame: alignment-target [tangent1, tangent2, normal]
force        [N]      = [    -3.98,     +0.72,    -47.37]
tcp_disp     [mm]     = [    +1.69,     -0.59,    -20.81]
edge_disp    [mm]     = [    +1.90,     -0.91,     -0.22]
Kp_eff=F/tcp [N/m]    = [  -2359.4,   -1214.0,    2276.5]
moment@edge  [Nm]     = [   -14.77,    -23.05,     +0.69]
tip_angle    [deg]    = [    +0.82,     +1.03,     +0.22]
KR_eff=M/ang [Nm/rad] = [  -1035.5,   -1282.6,     182.2]

[GATE] Set up finished (holding the pressed pose). Press Enter to start the grind (e+Enter stops).

Stop requested with e + Enter. Finishing control loop...

Joint motion [deg]:
joint    start   final   delta
------------------------------
q1        0.8     0.6    -0.3
q2       12.1    30.2    18.1
q3       -0.5    -2.4    -1.9
q4     -130.9  -130.9     0.0
q5       -0.2   -11.3   -11.1
q6      142.9   165.1    22.2
q7       44.7    54.0     9.3

=== Final result ===
p_d = [535.4, -16.0, -34.6] mm
p_EE = [534.7, -14.5, 24.5] mm
e_p = [0.8, -1.5, -59.1] mm
position_error = 59.09 mm
e_R = [-0.30, -1.27, 0.26] deg
rotation_error = 1.33 deg
csv: logs/surface_grinding_controller_log.csv
