
Press Enter to recover and configure the robot.
Robot recovered or already ready.
Collision: custom thresholds.

=== Startup mode ===
  s = go to q_init, then run the phase sequence
  h = go to q_init, then hold that pose
  g = guiding mode: go to q_init, then hand-guide to your pose;
      use s+Enter for sequence or h+Enter for hold
  q = go to q_init, inspect the posture, then choose again
  o = open the Franka hand now (release/load tool), then choose again
  c = close/grasp the tool now, then choose again
Choice [s/h/g/q/o/c]: Moving to q_init...
q_init reached.
Selected: phase sequence. Nullspace mode from parameters: nullspace_damping_only.

=== Setup ===
run: phase sequence | approach_orient: on | nullspace: nullspace_damping_only
nullspace parameters: d_null=2.000 | k_sigma=1.000 Nm (inactive) | alpha=0.0800 rad
hold: Kp=300.0 N/m | KR=40.0 Nm/rad | damping=auto translation+rotation (factor fitted online toward Dp=50.0 Ns/m)
manual_guidance_start: off | manual_damping=0.50
descend: clearance=20.0 mm | speed=0.100 m/s | max_distance=640 mm
alignment push: start=captured | end=+60 mm | speed=0.050 m/s | ramp_time~=1.6 s | timeout=5.0 s | moment_threshold=150.0 Nm
grind: free-slide hold | axis=tangent2 | amplitude=30 mm | frequency=0.20 Hz
set-up translation: frame=surface [t1,t2,n] | Kp=[2000.0, 2000.0, 800.0] N/m
coupled stiffness: apply=on | pole=commanded
  r_c=p_TCP-p_c [t1,t2,n] = [+0.0, +60.0, +0.0] mm
gates: pause_before_set_up=on | pause_auto_damping=on | pause_before_grind=off | debug_period=0.20 s
surface-plane normal=[+0.017, +0.028, +0.999] | tilt a(x)=-1.6 deg, b(y)=1.0 deg (from angles)
tool-axis command offset: tangent1=+5.0 deg | tangent2=+0.0 deg
tool face: 40 x 120 mm | center offset EE=[+0.0, +0.0, +20.0] mm
Gripper already holding the tool (width 65.0 mm); keeping grasp.
Press e+Enter to stop the controller before the duration expires.
During hold: press g+Enter to hand-guide the tool, then p+Enter to recapture and resume hold.
experiment_duration <= 0: running indefinitely until e + Enter.

=== Start pose ===
q_start = [-0.9, 10.0, -1.1, -130.3, -0.0, 145.2, 42.7] deg
p_start = [550.5, -19.6, 185.3] mm

=== Run ===
phase: approach_orient
orient:     t=  0.0 s | axis_err=  6.7 deg | rot_err=  6.7 deg
approach Dp        auto=[ 127.10,  105.71,  125.80]  manual=[  20.00,   20.00,   20.00] Ns/m
approach DR        auto=[  13.61,   15.17,    2.22]  manual=[  12.00,   12.00,   12.00] Nms/rad
orient:     t=  0.2 s | axis_err=  3.4 deg | rot_err=  3.4 deg
orient:     t=  0.4 s | axis_err=  2.4 deg | rot_err=  2.4 deg

Orientation reached: axis_err=2.0 deg
phase: approach_descend
descend:    t=  0.0 s | distance=   0.1 mm | height=+155.7 mm (target 20.0) | force= -0.0 N
descend:    t=  0.2 s | distance=  20.1 mm | height=+144.3 mm (target 20.0) | force=  1.4 N
descend:    t=  0.4 s | distance=  40.1 mm | height=+128.4 mm (target 20.0) | force=  1.4 N
descend:    t=  0.6 s | distance=  60.2 mm | height=+111.4 mm (target 20.0) | force=  2.1 N
descend:    t=  0.8 s | distance=  80.3 mm | height= +94.1 mm (target 20.0) | force=  1.7 N
descend:    t=  1.0 s | distance= 100.4 mm | height= +76.4 mm (target 20.0) | force=  2.4 N
descend:    t=  1.2 s | distance= 120.5 mm | height= +58.6 mm (target 20.0) | force=  1.6 N
descend:    t=  1.4 s | distance= 140.6 mm | height= +40.5 mm (target 20.0) | force=  2.0 N
descend:    t=  1.6 s | distance= 160.7 mm | height= +22.2 mm (target 20.0) | force=  1.4 N

[GATE] Reached 20 mm above the plane. Press Enter to start the set-up press (e+Enter stops).
pause auto damping: fitted Dp factor=0.548, DR factor=2.013
pause Dp [xyz]     auto=[ 199.45,  145.59,  234.28]  manual=[ 200.00,  200.00,  200.00] Ns/m
pause DR [t1t2n]   auto=[  13.90,   14.91,    2.10]  manual=[  13.61,   15.17,    2.22] Nms/rad
[GATE] Continuing to the set-up press.
descend:    t=  2.1 s | distance= 163.2 mm | height= +19.2 mm (target 20.0) | force=  0.1 N

Clearance reached: distance=163.2 mm | height=19.2 mm | target=20.0 mm | force=0.1 N (not used for the switch)
offset_ee = [-20.0, -60.0, 20.0] mm
p_EE_at_contact = [535.6, -30.8, 42.8] mm
contact_point = [515.4, 27.1, -0.6] mm
edge_offset_base = [-20.1, 57.9, -43.4] mm
phase: set_up
set_up Dp [t1t2n]  auto=[ 217.48,  185.67,  170.44]  manual=[  50.00,   50.00,   25.00] Ns/m
set_up DR [t1t2n]  auto=[   1.63,    1.74,    0.78]  manual=[  10.01,   10.01,   10.00] Nms/rad
set_up:     t=  0.0 s | tip=  0.0 deg | F=  0.0 N | M=  0.0 Nm (limit 150.0) | edge= 19.2 mm
set_up:     t=  0.2 s | tip=  0.6 deg | F=  1.3 N | M=  1.0 Nm (limit 150.0) | edge= 12.6 mm
set_up:     t=  0.4 s | tip=  1.2 deg | F=  2.6 N | M=  1.3 Nm (limit 150.0) | edge=  3.9 mm
set_up:     t=  0.6 s | tip=  1.3 deg | F= 17.3 N | M=  9.2 Nm (limit 150.0) | edge=  2.4 mm
set_up:     t=  0.8 s | tip=  1.3 deg | F= 24.5 N | M= 13.0 Nm (limit 150.0) | edge=  2.3 mm
set_up:     t=  1.0 s | tip=  1.3 deg | F= 32.6 N | M= 17.3 Nm (limit 150.0) | edge=  2.2 mm
set_up:     t=  1.2 s | tip=  1.3 deg | F= 40.9 N | M= 21.6 Nm (limit 150.0) | edge=  2.2 mm
set_up:     t=  1.4 s | tip=  1.2 deg | F= 48.9 N | M= 25.7 Nm (limit 150.0) | edge=  2.1 mm
set_up:     t=  1.6 s | tip=  1.1 deg | F= 58.1 N | M= 30.5 Nm (limit 150.0) | edge=  2.0 mm
set_up:     t=  1.8 s | tip=  1.1 deg | F= 51.2 N | M= 26.8 Nm (limit 150.0) | edge=  2.0 mm
set_up:     t=  2.0 s | tip=  1.1 deg | F= 51.1 N | M= 26.8 Nm (limit 150.0) | edge=  2.0 mm
set_up:     t=  2.2 s | tip=  1.1 deg | F= 51.0 N | M= 26.8 Nm (limit 150.0) | edge=  2.0 mm
set_up:     t=  2.4 s | tip=  1.1 deg | F= 50.9 N | M= 26.7 Nm (limit 150.0) | edge=  2.0 mm
set_up:     t=  2.6 s | tip=  1.1 deg | F= 50.8 N | M= 26.7 Nm (limit 150.0) | edge=  2.0 mm
set_up:     t=  2.8 s | tip=  1.1 deg | F= 50.8 N | M= 26.6 Nm (limit 150.0) | edge=  2.0 mm
set_up:     t=  3.0 s | tip=  1.1 deg | F= 50.8 N | M= 26.6 Nm (limit 150.0) | edge=  2.0 mm
set_up:     t=  3.2 s | tip=  1.1 deg | F= 50.7 N | M= 26.6 Nm (limit 150.0) | edge=  2.0 mm
set_up:     t=  3.4 s | tip=  1.1 deg | F= 50.7 N | M= 26.6 Nm (limit 150.0) | edge=  2.0 mm
set_up:     t=  3.6 s | tip=  1.1 deg | F= 50.7 N | M= 26.6 Nm (limit 150.0) | edge=  2.0 mm
set_up:     t=  3.8 s | tip=  1.1 deg | F= 50.6 N | M= 26.6 Nm (limit 150.0) | edge=  2.0 mm
set_up:     t=  4.0 s | tip=  1.1 deg | F= 50.6 N | M= 26.6 Nm (limit 150.0) | edge=  2.0 mm
set_up:     t=  4.2 s | tip=  1.1 deg | F= 50.5 N | M= 26.5 Nm (limit 150.0) | edge=  2.0 mm
set_up:     t=  4.4 s | tip=  1.1 deg | F= 50.5 N | M= 26.6 Nm (limit 150.0) | edge=  2.0 mm
set_up:     t=  4.6 s | tip=  1.1 deg | F= 50.5 N | M= 26.5 Nm (limit 150.0) | edge=  2.0 mm
set_up:     t=  4.8 s | tip=  1.1 deg | F= 50.5 N | M= 26.5 Nm (limit 150.0) | edge=  2.0 mm

=== Set-up result ===
stop: time | t=5.0 s | tip=1.1 deg | F=50.5 N | M=26.6 Nm
edge_from_contact = [-2.0, +0.0, +0.5] mm | norm=2.0 mm
tcp_from_contact  = [+18.3, -58.5, +24.3] mm | norm=65.9 mm
alignment: before=2.81 deg | after=2.26 deg | gain=+0.55 deg
alignment components [t1,t2,n] deg: before=[-2.73,-0.68,+0.00] | after=[-2.25,+0.27,+0.00]

=== Set-up surface-frame breakdown ===
frame: alignment-target [tangent1, tangent2, normal]
force        [N]      = [    -5.60,     +2.59,    -50.17]
tcp_disp     [mm]     = [    +1.39,     -0.65,    -19.13]
edge_disp    [mm]     = [    +1.79,     -0.84,     +0.45]
Kp_eff=F/tcp [N/m]    = [  -4019.6,   -4016.1,    2622.6]
moment@edge  [Nm]     = [   -14.32,    -23.87,     +0.31]
tip_angle    [deg]    = [    +0.48,     +0.95,     -0.02]
KR_eff=M/ang [Nm/rad] = [  -1704.6,   -1432.9,       n/a]

=== Commanded centre of compliance ===
lever convention: r_c = p_TCP - p_c
parameterization: direct [tangent1,tangent2,normal]
  r_c base = [25.4, -54.3, 1.1] mm
  r_c [t1,t2,n] = [-0.0, 60.0, 0.0] mm
  pole_from_edge = [-5.3, -3.6, 42.4] mm

K_TCP = Ad^T K_pole Ad  [rows fx..mz | cols tx..rz]:
  commanded:
           tx        ty        tz    |    rx        ry        rz
  fx [    2000  -0.5725   -20.68 |   -1.125   -2.657   -108.7 ]
  fy [ -0.5725     1999   -33.18 |   0.3277  -0.8422   -50.75 ]
  fz [  -20.68   -33.18    801.3 |    43.51    20.38    1.967 ]
     ---------------------------+---------------------------
  mx [  -1.125   0.3277    43.51 |    7.378    1.128   0.8284 ]
  my [  -2.657  -0.8422    20.38 |    1.128    5.555     1.41 ]
  mz [  -108.7   -50.75    1.967 |   0.8284     1.41    57.15 ]
  K_TCP eigenvalues = [4.982, 5, 49.82, 802.9, 2000, 2007] -> PSD ok (>=0) (min=4.982)

D_TCP = Ad^T D_pole Ad:
  commanded:
           tx        ty        tz    |    rx        ry        rz
  fx [   211.8    12.18    -1.05 | -0.04409  -0.2524   -11.82 ]
  fy [   12.18    191.3  -0.7888 |   0.1611 -0.03302   -5.523 ]
  fz [   -1.05  -0.7888    170.5 |    9.264    4.332  0.07711 ]
     ---------------------------+---------------------------
  mx [-0.04409   0.1611    9.264 |    2.155   0.1925 -0.01555 ]
  my [ -0.2524 -0.03302    4.332 |   0.1925    1.832 -0.01079 ]
  mz [  -11.82   -5.523  0.07711 | -0.01555 -0.01079    1.563 ]
  D_TCP eigenvalues = [0.777, 1.626, 1.743, 171.1, 185.7, 218.3] -> PSD ok (>=0) (min=0.777)
phase: grind

Stop requested with e + Enter. Finishing control loop...

Joint motion [deg]:
joint    start   final   delta
------------------------------
q1       -0.9    -0.9    -0.0
q2       10.0    30.6    20.6
q3       -1.1    -2.2    -1.1
q4     -130.3  -128.5     1.8
q5       -0.0    -6.6    -6.5
q6      145.2   159.1    14.0
q7       42.7    48.2     5.5

=== Final result ===
p_d = [532.0, -33.0, -36.3] mm
p_EE = [533.3, -31.5, 23.4] mm
e_p = [-1.3, -1.5, -59.7] mm
position_error = 59.69 mm
e_R = [-0.30, -1.11, 0.21] deg
rotation_error = 1.17 deg
csv: surface_grinding_controller_log.csv
