
Press Enter to recover and configure the robot.
Robot recovered or already ready.
Collision: custom thresholds.

=== Startup choice ===
  q = go to q_init (from params/common.txt), then choose again
  g = guiding mode: go to q_init, then hand-guide to your pose;
      use s+Enter for sequence or h+Enter for hold
  o = open the Franka hand now (release/load tool), then choose again
  c = close/grasp the tool now, then choose again
  r = continue to run mode (available after q_init is reached)
Choice [q/g/o/c/r, Enter = q]: Moving to q_init...
q_init reached.

=== Startup choice ===
  q = go to q_init (from params/common.txt), then choose again
  g = guiding mode: go to q_init, then hand-guide to your pose;
      use s+Enter for sequence or h+Enter for hold
  o = open the Franka hand now (release/load tool), then choose again
  c = close/grasp the tool now, then choose again
  r = continue to run mode
Choice [q/g/o/c/r, Enter = q]: 
=== Run mode ===
  s = phase sequence (approach / set up / grind)
  h = hold at the start pose
Choice [s/h, Enter = s]: Selected: phase sequence. Nullspace mode from parameters: nullspace_damping_plus_sigma.

=== Setup ===
run: phase sequence | approach_orient: on | nullspace: nullspace_damping_plus_sigma
nullspace parameters: d_null=2.000 | k_sigma=1.000 Nm | alpha=0.0800 rad
hold: Kp=300.0 N/m | KR=40.0 Nm/rad | damping=auto translation+rotation (factor fitted online toward Dp=50.0 Ns/m)
manual_guidance_start: off | manual_damping=0.50
descend: clearance=20.0 mm | speed=0.100 m/s | max_distance=640 mm
alignment push: start=captured | end=+180 mm | speed=0.050 m/s | ramp_time~=4.0 s | timeout=12.0 s | moment_threshold=150.0 Nm
grind: sweep | axis=tangent2 | amplitude=30 mm | frequency=0.20 Hz
coupled stiffness: apply=on | saved=yes | pole=manual
gates: pause_before_set_up=on | pause_auto_damping=on | pause_before_grind=off | debug_period=0.20 s
alignment-target normal=[+0.087, -0.000, +0.996] | tilt a(x)=0.0 deg, b(y)=5.0 deg (from angles)
tool face: 40 x 120 mm | center offset EE=[+0.0, +0.0, +20.0] mm
Gripper already holding the tool (width 65.0 mm); keeping grasp.
Press e+Enter to stop the controller before the duration expires.
During hold: press g+Enter to hand-guide the tool, then p+Enter to recapture and resume hold.
experiment_duration <= 0: running indefinitely until e + Enter.

=== Start pose ===
q_start = [-2.7, 18.1, -5.1, -122.8, 17.5, 139.5, 26.8] deg
p_start = [565.0, -59.4, 151.0] mm

=== Run ===
phase: approach_orient
orient:     t=  0.0 s | axis_err= 11.4 deg | rot_err= 11.4 deg
approach Dp        auto=[ 134.14,   97.25,  122.29]  manual=[  20.00,   20.00,   20.00] Ns/m
approach DR        auto=[  12.73,   16.36,    4.08]  manual=[  12.00,   12.00,   12.00] Nms/rad
orient:     t=  0.2 s | axis_err=  4.5 deg | rot_err=  4.5 deg
orient:     t=  0.4 s | axis_err=  2.3 deg | rot_err=  2.3 deg

Orientation reached: axis_err=1.9 deg
phase: approach_descend
descend:    t=  0.0 s | distance=   0.1 mm | height= +97.6 mm (target 20.0) | force= -0.0 N
descend:    t=  0.2 s | distance=  20.1 mm | height= +85.7 mm (target 20.0) | force=  1.0 N
descend:    t=  0.4 s | distance=  40.1 mm | height= +68.7 mm (target 20.0) | force=  2.0 N
descend:    t=  0.6 s | distance=  60.2 mm | height= +51.0 mm (target 20.0) | force=  2.3 N
descend:    t=  0.8 s | distance=  80.3 mm | height= +33.2 mm (target 20.0) | force=  1.9 N

[GATE] Reached 20 mm above the plane. Press Enter to start the set-up press (e+Enter stops).
pause auto damping: fitted Dp factor=0.551, DR factor=1.961
pause Dp [xyz]     auto=[ 206.44,  155.24,  224.98]  manual=[ 200.00,  200.00,  200.00] Ns/m
pause DR [t1t2n]   auto=[  11.74,   17.28,    2.04]  manual=[  12.73,   16.36,    4.08] Nms/rad
[GATE] Continuing to the set-up press.
descend:    t=  1.4 s | distance=  95.3 mm | height= +19.5 mm (target 20.0) | force=  0.7 N

Clearance reached: distance=95.3 mm | height=19.5 mm | target=20.0 mm | force=0.7 N (not used for the switch)
offset_ee = [20.0, 60.0, 20.0] mm
p_EE_at_contact = [545.5, -65.5, 65.5] mm
contact_point = [559.2, -126.2, 24.2] mm
edge_offset_base = [13.8, -60.7, -41.3] mm
phase: set_up
set_up Dp [xyz]    auto=[ 236.96,  178.22,  108.18]  manual=[  10.00,   10.00,  175.00] Ns/m
set_up DR [t1t2n]  auto=[   1.41,    2.07,    0.77]  manual=[  10.01,   10.01,   10.00] Nms/rad
set_up:     t=  0.0 s | tip=  0.0 deg | F=  0.1 N | M=  0.0 Nm (limit 150.0) | edge= 19.5 mm
set_up:     t=  0.2 s | tip=  0.2 deg | F=  2.0 N | M=  0.8 Nm (limit 150.0) | edge= 14.3 mm
set_up:     t=  0.4 s | tip=  0.4 deg | F=  2.4 N | M=  1.0 Nm (limit 150.0) | edge=  6.2 mm
set_up:     t=  0.6 s | tip=  0.7 deg | F=  2.8 N | M=  1.2 Nm (limit 150.0) | edge=  3.0 mm
set_up:     t=  0.8 s | tip=  0.8 deg | F=  1.0 N | M=  0.5 Nm (limit 150.0) | edge= 12.1 mm
set_up:     t=  1.0 s | tip=  0.7 deg | F= 12.1 N | M=  6.8 Nm (limit 150.0) | edge= 19.3 mm
set_up:     t=  1.2 s | tip=  0.8 deg | F= 12.6 N | M=  7.2 Nm (limit 150.0) | edge= 19.4 mm
set_up:     t=  1.4 s | tip=  0.8 deg | F= 16.3 N | M=  9.2 Nm (limit 150.0) | edge= 19.5 mm
set_up:     t=  1.6 s | tip=  0.8 deg | F= 20.1 N | M= 11.3 Nm (limit 150.0) | edge= 19.7 mm
set_up:     t=  1.8 s | tip=  0.9 deg | F= 24.0 N | M= 13.5 Nm (limit 150.0) | edge= 19.8 mm
set_up:     t=  2.0 s | tip=  0.9 deg | F= 27.7 N | M= 15.6 Nm (limit 150.0) | edge= 20.0 mm
set_up:     t=  2.2 s | tip=  1.0 deg | F= 31.4 N | M= 17.6 Nm (limit 150.0) | edge= 20.2 mm
set_up:     t=  2.4 s | tip=  1.0 deg | F= 35.5 N | M= 19.8 Nm (limit 150.0) | edge= 20.4 mm
set_up:     t=  2.6 s | tip=  1.1 deg | F= 38.5 N | M= 21.5 Nm (limit 150.0) | edge= 20.5 mm
set_up:     t=  2.8 s | tip=  1.2 deg | F= 42.0 N | M= 23.4 Nm (limit 150.0) | edge= 20.8 mm
set_up:     t=  3.0 s | tip=  1.3 deg | F= 45.4 N | M= 25.2 Nm (limit 150.0) | edge= 21.0 mm
set_up:     t=  3.2 s | tip=  1.5 deg | F= 48.6 N | M= 27.0 Nm (limit 150.0) | edge= 21.2 mm
set_up:     t=  3.4 s | tip=  1.6 deg | F= 52.7 N | M= 29.2 Nm (limit 150.0) | edge= 21.5 mm
set_up:     t=  3.6 s | tip=  1.7 deg | F= 55.9 N | M= 30.9 Nm (limit 150.0) | edge= 21.7 mm
set_up:     t=  3.8 s | tip=  1.9 deg | F= 59.8 N | M= 32.9 Nm (limit 150.0) | edge= 22.0 mm
set_up:     t=  4.0 s | tip=  2.0 deg | F= 63.1 N | M= 34.7 Nm (limit 150.0) | edge= 22.2 mm
set_up:     t=  4.2 s | tip=  2.2 deg | F= 57.7 N | M= 31.9 Nm (limit 150.0) | edge= 22.3 mm
set_up:     t=  4.4 s | tip=  2.5 deg | F= 57.5 N | M= 32.0 Nm (limit 150.0) | edge= 22.3 mm
set_up:     t=  4.6 s | tip=  2.7 deg | F= 57.2 N | M= 32.0 Nm (limit 150.0) | edge= 22.5 mm
set_up:     t=  4.8 s | tip=  2.8 deg | F= 57.3 N | M= 31.9 Nm (limit 150.0) | edge= 22.5 mm
set_up:     t=  5.0 s | tip=  2.8 deg | F= 57.3 N | M= 31.9 Nm (limit 150.0) | edge= 22.5 mm
set_up:     t=  5.2 s | tip=  2.8 deg | F= 57.3 N | M= 31.9 Nm (limit 150.0) | edge= 22.5 mm
set_up:     t=  5.4 s | tip=  2.8 deg | F= 57.3 N | M= 31.9 Nm (limit 150.0) | edge= 22.5 mm
set_up:     t=  5.6 s | tip=  2.8 deg | F= 57.3 N | M= 31.9 Nm (limit 150.0) | edge= 22.5 mm
set_up:     t=  5.8 s | tip=  2.8 deg | F= 57.3 N | M= 31.9 Nm (limit 150.0) | edge= 22.5 mm
set_up:     t=  6.0 s | tip=  2.8 deg | F= 57.2 N | M= 31.8 Nm (limit 150.0) | edge= 22.5 mm
set_up:     t=  6.2 s | tip=  2.8 deg | F= 57.3 N | M= 31.8 Nm (limit 150.0) | edge= 22.5 mm
set_up:     t=  6.4 s | tip=  2.8 deg | F= 57.3 N | M= 31.8 Nm (limit 150.0) | edge= 22.5 mm
set_up:     t=  6.6 s | tip=  2.8 deg | F= 57.4 N | M= 31.9 Nm (limit 150.0) | edge= 22.5 mm
set_up:     t=  6.8 s | tip=  2.8 deg | F= 57.3 N | M= 31.8 Nm (limit 150.0) | edge= 22.5 mm
set_up:     t=  7.0 s | tip=  2.8 deg | F= 57.3 N | M= 31.9 Nm (limit 150.0) | edge= 22.5 mm
set_up:     t=  7.2 s | tip=  2.8 deg | F= 57.4 N | M= 31.9 Nm (limit 150.0) | edge= 22.5 mm
set_up:     t=  7.4 s | tip=  2.8 deg | F= 57.3 N | M= 31.9 Nm (limit 150.0) | edge= 22.5 mm
set_up:     t=  7.6 s | tip=  2.8 deg | F= 57.3 N | M= 31.9 Nm (limit 150.0) | edge= 22.5 mm
set_up:     t=  7.8 s | tip=  2.8 deg | F= 57.2 N | M= 31.8 Nm (limit 150.0) | edge= 22.5 mm
set_up:     t=  8.0 s | tip=  2.8 deg | F= 57.3 N | M= 31.9 Nm (limit 150.0) | edge= 22.5 mm
set_up:     t=  8.2 s | tip=  2.8 deg | F= 57.0 N | M= 31.7 Nm (limit 150.0) | edge= 22.5 mm
set_up:     t=  8.4 s | tip=  2.8 deg | F= 57.5 N | M= 32.0 Nm (limit 150.0) | edge= 22.5 mm
set_up:     t=  8.6 s | tip=  2.8 deg | F= 57.3 N | M= 31.9 Nm (limit 150.0) | edge= 22.5 mm
set_up:     t=  8.8 s | tip=  2.8 deg | F= 57.2 N | M= 31.8 Nm (limit 150.0) | edge= 22.5 mm
set_up:     t=  9.0 s | tip=  2.8 deg | F= 57.3 N | M= 31.9 Nm (limit 150.0) | edge= 22.5 mm
set_up:     t=  9.2 s | tip=  2.8 deg | F= 57.4 N | M= 31.9 Nm (limit 150.0) | edge= 22.5 mm
set_up:     t=  9.4 s | tip=  2.8 deg | F= 57.4 N | M= 31.9 Nm (limit 150.0) | edge= 22.5 mm
set_up:     t=  9.6 s | tip=  2.8 deg | F= 57.3 N | M= 31.9 Nm (limit 150.0) | edge= 22.5 mm
set_up:     t=  9.8 s | tip=  2.8 deg | F= 57.2 N | M= 31.8 Nm (limit 150.0) | edge= 22.5 mm
set_up:     t= 10.0 s | tip=  2.8 deg | F= 57.3 N | M= 31.9 Nm (limit 150.0) | edge= 22.5 mm
set_up:     t= 10.2 s | tip=  2.8 deg | F= 57.3 N | M= 31.9 Nm (limit 150.0) | edge= 22.5 mm
set_up:     t= 10.4 s | tip=  2.8 deg | F= 57.3 N | M= 31.9 Nm (limit 150.0) | edge= 22.5 mm
set_up:     t= 10.6 s | tip=  2.8 deg | F= 57.4 N | M= 31.9 Nm (limit 150.0) | edge= 22.6 mm
set_up:     t= 10.8 s | tip=  2.8 deg | F= 57.2 N | M= 31.9 Nm (limit 150.0) | edge= 22.6 mm
set_up:     t= 11.0 s | tip=  2.8 deg | F= 57.3 N | M= 31.9 Nm (limit 150.0) | edge= 22.6 mm
set_up:     t= 11.2 s | tip=  2.8 deg | F= 57.4 N | M= 32.0 Nm (limit 150.0) | edge= 22.6 mm
set_up:     t= 11.4 s | tip=  2.8 deg | F= 57.4 N | M= 31.9 Nm (limit 150.0) | edge= 22.6 mm
set_up:     t= 11.6 s | tip=  2.8 deg | F= 57.3 N | M= 31.9 Nm (limit 150.0) | edge= 22.6 mm
set_up:     t= 11.8 s | tip=  2.8 deg | F= 57.3 N | M= 31.9 Nm (limit 150.0) | edge= 22.6 mm

=== Set-up result ===
stop: time | t=12.0 s | tip=2.8 deg | F=57.3 N | M=31.9 Nm
edge_from_contact = [-5.5, +0.9, -21.9] mm | norm=22.6 mm
tcp_from_contact  = [-19.6, +61.6, +0.9] mm | norm=64.6 mm
alignment: before=0.44 deg | after=2.96 deg | gain=-2.53 deg

=== Set-up surface-frame breakdown ===
frame: alignment-target [tangent1, tangent2, normal]
force        [N]      = [    -2.67,     -2.22,    -57.24]
tcp_disp     [mm]     = [    -2.25,     +0.89,    -40.81]
edge_disp    [mm]     = [    -3.57,     +0.86,    -22.26]
Kp_eff=F/tcp [N/m]    = [   1187.1,   -2489.9,    1402.5]
moment@edge  [Nm]     = [    +3.68,    +30.11,     -1.29]
tip_angle    [deg]    = [    -0.13,     -2.77,     +0.29]
KR_eff=M/ang [Nm/rad] = [  -1619.3,    -622.0,    -257.7]

finite_axis: angle=2.8 deg | axis_from_edge=[-446.8, +27.8, +102.0] mm | dir=[+0.038, +0.994, -0.106] | pitch=+60.9 mm/rad

=== Coupled stiffness from the measured pole ===
source spring K_pole/D_pole (diagonal, from parameters):
  Kp [N/m]     = [2000, 2000, 350]
  KR [Nm/rad]  = [5, 5, 50]
  Dp [Ns/m]    = [10, 10, 175]
  DR [Nms/rad] = [10.01, 10.01, 10]

poles compared (lever r_c = TCP - pole):
  (A) measured axis : angle=2.8 deg | pitch=+60.9 mm/rad
      pole_from_edge = [-441.2, 29.9, 123.5] mm
      r_c            = [427.1, 30.8, -100.8] mm
  (B) manual pole   : COMMANDED this run, contact reference
      pole_from_edge = [-5.0, -0.9, -97.7] mm
      r_c            = [-3.3, 60.7, 160.9] mm
      r_c(B)-r_c(A)  = [-430.4, 29.8, 261.7] mm

K_TCP = Ad^T K_pole Ad  [rows fx..mz | cols tx..rz]:
  (A) measured axis:
           tx        ty        tz    |    rx        ry        rz
  fx [    2000        0        0 |        0    201.6    61.64 ]
  fy [       0     2000        0 |   -201.6        0   -854.2 ]
  fz [       0        0      350 |   -10.79    149.5        0 ]
     ---------------------------+---------------------------
  mx [       0   -201.6   -10.79 |    25.99   -4.607       90 ]
  my [   201.6        0    149.5 |   -4.607    89.16    6.212 ]
  mz [   61.64   -854.2        0 |       90    6.212    416.4 ]
  (A) K_TCP eigenvalues = [4.181, 4.98, 41.92, 414.1, 2021, 2395] -> PSD ok (>=0) (min=4.181)
  (B) manual pole:
           tx        ty        tz    |    rx        ry        rz
  fx [    2000        0        0 |        0   -321.8    121.3 ]
  fy [       0     2000        0 |    321.8        0     6.61 ]
  fz [       0        0      350 |   -21.23   -1.157        0 ]
     ---------------------------+---------------------------
  mx [       0    321.8   -21.23 |    58.39  0.07018    4.971 ]
  my [  -321.8        0   -1.157 |  0.07018    56.77   -19.52 ]
  mz [   121.3     6.61        0 |    4.971   -19.52    57.04 ]
  (B) K_TCP eigenvalues = [4.856, 4.875, 49.8, 351.3, 2052, 2059] -> PSD ok (>=0) (min=4.856)

D_TCP = Ad^T D_pole Ad:
  (A) measured axis:
           tx        ty        tz    |    rx        ry        rz
  fx [     237        0        0 |        0    23.88    7.303 ]
  fy [       0    178.2        0 |   -17.96        0   -76.12 ]
  fz [       0        0    108.2 |   -3.334     46.2        0 ]
     ---------------------------+---------------------------
  mx [       0   -17.96   -3.334 |    3.319   -1.424    7.617 ]
  my [   23.88        0     46.2 |   -1.424    24.21    0.736 ]
  mz [   7.303   -76.12        0 |    7.617    0.736    33.51 ]
  (A) D_TCP eigenvalues = [0.6501, 1.405, 1.733, 127.9, 212.4, 240.3] -> PSD ok (>=0) (min=0.6501)
  (B) manual pole:
           tx        ty        tz    |    rx        ry        rz
  fx [     237        0        0 |        0   -38.12    14.38 ]
  fy [       0    178.2        0 |    28.67        0   0.5891 ]
  fz [       0        0    108.2 |   -6.563  -0.3576        0 ]
     ---------------------------+---------------------------
  mx [       0    28.67   -6.563 |    6.417  0.02169  0.03948 ]
  my [  -38.12        0  -0.3576 |  0.02169    8.205   -2.313 ]
  mz [   14.38   0.5891        0 |  0.03948   -2.313    1.653 ]
  (B) D_TCP eigenvalues = [0.7711, 1.37, 2.018, 108.6, 182.9, 244] -> PSD ok (>=0) (min=0.7711)
phase: grind

Stop requested with e + Enter. Finishing control loop...

Joint motion [deg]:
joint    start   final   delta
------------------------------
q1       -2.7    -1.8     0.9
q2       18.1    32.5    14.4
q3       -5.1    -2.4     2.8
q4     -122.8  -121.7     1.1
q5       17.5     0.4   -17.1
q6      139.5   145.7     6.3
q7       26.8    43.1    16.3

=== Final result ===
p_d = [528.1, -36.2, -133.2] mm
p_EE = [534.9, -42.5, 24.2] mm
e_p = [-6.8, 6.3, -157.4] mm
position_error = 157.69 mm
e_R = [0.85, -3.41, -0.13] deg
rotation_error = 3.52 deg
csv: surface_grinding_controller_log.csv
