
Press Enter to recover and configure the robot.
Robot recovered or already ready.
Collision: custom thresholds.

=== Startup choice ===
  q = go to q_init (from params/common.txt), then choose again
  g = guiding mode: go to q_init, then hand-guide to your pose;
      use s+Enter for sequence or h+Enter for hold
  o = open the Franka hand now (release/load tool), then choose again
  c = close/grasp the tool now, then choose again
  r = continue to run mode (available after q_init is reached)
Choice [q/g/o/c/r, Enter = q]: Moving to q_init...
q_init reached.

=== Startup choice ===
  q = go to q_init (from params/common.txt), then choose again
  g = guiding mode: go to q_init, then hand-guide to your pose;
      use s+Enter for sequence or h+Enter for hold
  o = open the Franka hand now (release/load tool), then choose again
  c = close/grasp the tool now, then choose again
  r = continue to run mode
Choice [q/g/o/c/r, Enter = q]: 
=== Run mode ===
  s = phase sequence (approach / set up / grind)
  h = hold at the start pose
Choice [s/h, Enter = s]: Selected: phase sequence. Nullspace mode from parameters: nullspace_damping_plus_sigma.

=== Setup ===
run: phase sequence | approach_orient: on | nullspace: nullspace_damping_plus_sigma
nullspace parameters: d_null=2.000 | k_sigma=1.000 Nm | alpha=0.0800 rad
hold: Kp=300.0 N/m | KR=40.0 Nm/rad | damping=auto translation+rotation (factor fitted online toward Dp=50.0 Ns/m)
manual_guidance_start: off | manual_damping=0.50
descend: clearance=20.0 mm | speed=0.100 m/s | max_distance=640 mm
alignment push: start=captured | end=+180 mm | speed=0.050 m/s | ramp_time~=4.0 s | timeout=12.0 s | moment_threshold=150.0 Nm
grind: sweep | axis=tangent2 | amplitude=30 mm | frequency=0.20 Hz
coupled stiffness: apply=on | saved=yes | pole=manual
gates: pause_before_set_up=on | pause_auto_damping=on | pause_before_grind=off | debug_period=0.20 s
alignment-target normal=[+0.087, -0.000, +0.996] | tilt a(x)=0.0 deg, b(y)=5.0 deg (from angles)
tool face: 40 x 120 mm | center offset EE=[+0.0, +0.0, +20.0] mm
Gripper already holding the tool (width 65.6 mm); keeping grasp.
Press e+Enter to stop the controller before the duration expires.
During hold: press g+Enter to hand-guide the tool, then p+Enter to recapture and resume hold.
experiment_duration <= 0: running indefinitely until e + Enter.

=== Start pose ===
q_start = [-2.7, 18.1, -5.1, -122.8, 17.5, 139.5, 26.8] deg
p_start = [565.2, -59.4, 151.1] mm

=== Run ===
phase: approach_orient
orient:     t=  0.0 s | axis_err= 11.5 deg | rot_err= 11.5 deg
approach Dp        auto=[ 134.14,   97.25,  122.28]  manual=[  20.00,   20.00,   20.00] Ns/m
approach DR        auto=[  12.73,   16.36,    4.08]  manual=[  12.00,   12.00,   12.00] Nms/rad
orient:     t=  0.2 s | axis_err=  4.5 deg | rot_err=  4.5 deg
orient:     t=  0.4 s | axis_err=  2.3 deg | rot_err=  2.3 deg

Orientation reached: axis_err=1.9 deg
phase: approach_descend
descend:    t=  0.0 s | distance=   0.1 mm | height= +97.4 mm (target 20.0) | force= -0.0 N
descend:    t=  0.2 s | distance=  20.1 mm | height= +85.4 mm (target 20.0) | force=  0.8 N
descend:    t=  0.4 s | distance=  40.1 mm | height= +68.8 mm (target 20.0) | force=  1.7 N
descend:    t=  0.6 s | distance=  60.2 mm | height= +51.5 mm (target 20.0) | force=  2.5 N
descend:    t=  0.8 s | distance=  80.3 mm | height= +33.7 mm (target 20.0) | force=  1.6 N

[GATE] Reached 20 mm above the plane. Press Enter to start the set-up press (e+Enter stops).
pause auto damping: fitted Dp factor=0.551, DR factor=1.961
pause Dp [xyz]     auto=[ 206.51,  155.22,  224.92]  manual=[ 200.00,  200.00,  200.00] Ns/m
pause DR [t1t2n]   auto=[  11.74,   17.28,    2.04]  manual=[  12.73,   16.36,    4.08] Nms/rad
[GATE] Continuing to the set-up press.
descend:    t=  1.8 s | distance=  95.9 mm | height= +19.5 mm (target 20.0) | force=  0.3 N

Clearance reached: distance=95.9 mm | height=19.5 mm | target=20.0 mm | force=0.3 N (not used for the switch)
offset_ee = [0.0, 60.0, 20.0] mm
p_EE_at_contact = [546.4, -65.5, 65.4] mm
contact_point = [540.2, -125.3, 25.9] mm
edge_offset_base = [-6.1, -59.8, -39.5] mm
phase: set_up
set_up Dp [xyz]    auto=[ 237.02,  178.18,  108.13]  manual=[  10.00,   10.00,  175.00] Ns/m
set_up DR [t1t2n]  auto=[   1.41,    2.07,    0.77]  manual=[  10.01,   10.01,   10.00] Nms/rad
set_up:     t=  0.0 s | tip=  0.0 deg | F=  0.0 N | M=  0.0 Nm (limit 150.0) | edge= 19.5 mm
set_up:     t=  0.2 s | tip=  0.4 deg | F=  1.3 N | M=  0.4 Nm (limit 150.0) | edge= 13.9 mm
set_up:     t=  0.4 s | tip=  0.7 deg | F=  2.3 N | M=  0.9 Nm (limit 150.0) | edge=  6.4 mm
set_up:     t=  0.6 s | tip=  0.9 deg | F=  2.6 N | M=  1.0 Nm (limit 150.0) | edge=  3.6 mm
set_up:     t=  0.8 s | tip=  1.3 deg | F=  1.6 N | M=  0.6 Nm (limit 150.0) | edge= 11.5 mm
set_up:     t=  1.0 s | tip=  1.5 deg | F= 12.5 N | M=  6.5 Nm (limit 150.0) | edge= 18.7 mm
set_up:     t=  1.2 s | tip=  1.4 deg | F= 12.6 N | M=  6.6 Nm (limit 150.0) | edge= 18.8 mm
set_up:     t=  1.4 s | tip=  1.5 deg | F= 16.7 N | M=  8.8 Nm (limit 150.0) | edge= 18.9 mm
set_up:     t=  1.6 s | tip=  1.5 deg | F= 20.6 N | M= 10.8 Nm (limit 150.0) | edge= 19.0 mm
set_up:     t=  1.8 s | tip=  1.5 deg | F= 24.4 N | M= 12.8 Nm (limit 150.0) | edge= 19.1 mm
set_up:     t=  2.0 s | tip=  1.5 deg | F= 28.2 N | M= 14.7 Nm (limit 150.0) | edge= 19.3 mm
set_up:     t=  2.2 s | tip=  1.5 deg | F= 31.9 N | M= 16.7 Nm (limit 150.0) | edge= 19.4 mm
set_up:     t=  2.4 s | tip=  1.5 deg | F= 35.7 N | M= 18.6 Nm (limit 150.0) | edge= 19.5 mm
set_up:     t=  2.6 s | tip=  1.5 deg | F= 39.3 N | M= 20.4 Nm (limit 150.0) | edge= 19.7 mm
set_up:     t=  2.8 s | tip=  1.5 deg | F= 43.0 N | M= 22.3 Nm (limit 150.0) | edge= 19.8 mm
set_up:     t=  3.0 s | tip=  1.6 deg | F= 47.0 N | M= 24.3 Nm (limit 150.0) | edge= 20.0 mm
set_up:     t=  3.2 s | tip=  1.6 deg | F= 50.5 N | M= 26.2 Nm (limit 150.0) | edge= 20.1 mm
set_up:     t=  3.4 s | tip=  1.6 deg | F= 54.2 N | M= 28.2 Nm (limit 150.0) | edge= 20.3 mm
set_up:     t=  3.6 s | tip=  1.6 deg | F= 58.3 N | M= 30.2 Nm (limit 150.0) | edge= 20.5 mm
set_up:     t=  3.8 s | tip=  1.6 deg | F= 61.8 N | M= 32.1 Nm (limit 150.0) | edge= 20.6 mm
set_up:     t=  4.0 s | tip=  1.7 deg | F= 66.1 N | M= 34.5 Nm (limit 150.0) | edge= 20.7 mm
set_up:     t=  4.2 s | tip=  1.7 deg | F= 62.2 N | M= 32.1 Nm (limit 150.0) | edge= 20.7 mm
set_up:     t=  4.4 s | tip=  1.7 deg | F= 62.2 N | M= 32.1 Nm (limit 150.0) | edge= 20.7 mm
set_up:     t=  4.6 s | tip=  1.7 deg | F= 62.1 N | M= 32.1 Nm (limit 150.0) | edge= 20.7 mm
set_up:     t=  4.8 s | tip=  1.7 deg | F= 62.1 N | M= 32.1 Nm (limit 150.0) | edge= 20.7 mm
set_up:     t=  5.0 s | tip=  1.7 deg | F= 62.0 N | M= 32.1 Nm (limit 150.0) | edge= 20.7 mm
set_up:     t=  5.2 s | tip=  1.7 deg | F= 62.0 N | M= 32.1 Nm (limit 150.0) | edge= 20.7 mm
set_up:     t=  5.4 s | tip=  1.7 deg | F= 62.0 N | M= 32.1 Nm (limit 150.0) | edge= 20.7 mm
set_up:     t=  5.6 s | tip=  1.7 deg | F= 61.9 N | M= 32.0 Nm (limit 150.0) | edge= 20.7 mm
set_up:     t=  5.8 s | tip=  1.7 deg | F= 62.0 N | M= 32.1 Nm (limit 150.0) | edge= 20.7 mm
set_up:     t=  6.0 s | tip=  1.7 deg | F= 61.9 N | M= 32.0 Nm (limit 150.0) | edge= 20.7 mm
set_up:     t=  6.2 s | tip=  1.7 deg | F= 61.8 N | M= 32.0 Nm (limit 150.0) | edge= 20.7 mm
set_up:     t=  6.4 s | tip=  1.7 deg | F= 61.8 N | M= 31.9 Nm (limit 150.0) | edge= 20.7 mm
set_up:     t=  6.6 s | tip=  1.7 deg | F= 61.8 N | M= 32.0 Nm (limit 150.0) | edge= 20.7 mm
set_up:     t=  6.8 s | tip=  1.7 deg | F= 61.9 N | M= 32.0 Nm (limit 150.0) | edge= 20.7 mm
set_up:     t=  7.0 s | tip=  1.7 deg | F= 61.9 N | M= 32.0 Nm (limit 150.0) | edge= 20.7 mm
set_up:     t=  7.2 s | tip=  1.7 deg | F= 61.9 N | M= 32.0 Nm (limit 150.0) | edge= 20.7 mm
set_up:     t=  7.4 s | tip=  1.7 deg | F= 61.9 N | M= 32.0 Nm (limit 150.0) | edge= 20.7 mm
set_up:     t=  7.6 s | tip=  1.7 deg | F= 61.9 N | M= 32.0 Nm (limit 150.0) | edge= 20.7 mm
set_up:     t=  7.8 s | tip=  1.7 deg | F= 61.8 N | M= 32.0 Nm (limit 150.0) | edge= 20.7 mm
set_up:     t=  8.0 s | tip=  1.7 deg | F= 61.8 N | M= 32.0 Nm (limit 150.0) | edge= 20.7 mm
set_up:     t=  8.2 s | tip=  1.7 deg | F= 61.6 N | M= 31.8 Nm (limit 150.0) | edge= 20.7 mm
set_up:     t=  8.4 s | tip=  1.7 deg | F= 61.7 N | M= 31.9 Nm (limit 150.0) | edge= 20.7 mm
set_up:     t=  8.6 s | tip=  1.7 deg | F= 61.8 N | M= 31.9 Nm (limit 150.0) | edge= 20.7 mm
set_up:     t=  8.8 s | tip=  1.7 deg | F= 61.8 N | M= 32.0 Nm (limit 150.0) | edge= 20.7 mm
set_up:     t=  9.0 s | tip=  1.7 deg | F= 61.9 N | M= 32.0 Nm (limit 150.0) | edge= 20.8 mm
set_up:     t=  9.2 s | tip=  1.7 deg | F= 61.8 N | M= 31.9 Nm (limit 150.0) | edge= 20.8 mm
set_up:     t=  9.4 s | tip=  1.7 deg | F= 61.7 N | M= 31.9 Nm (limit 150.0) | edge= 20.8 mm
set_up:     t=  9.6 s | tip=  1.7 deg | F= 61.8 N | M= 31.9 Nm (limit 150.0) | edge= 20.8 mm
set_up:     t=  9.8 s | tip=  1.7 deg | F= 61.7 N | M= 31.9 Nm (limit 150.0) | edge= 20.8 mm
set_up:     t= 10.0 s | tip=  1.7 deg | F= 61.7 N | M= 31.9 Nm (limit 150.0) | edge= 20.8 mm
set_up:     t= 10.2 s | tip=  1.7 deg | F= 61.7 N | M= 31.9 Nm (limit 150.0) | edge= 20.8 mm
set_up:     t= 10.4 s | tip=  1.7 deg | F= 61.7 N | M= 31.9 Nm (limit 150.0) | edge= 20.8 mm
set_up:     t= 10.6 s | tip=  1.7 deg | F= 61.7 N | M= 31.9 Nm (limit 150.0) | edge= 20.8 mm
set_up:     t= 10.8 s | tip=  1.7 deg | F= 61.8 N | M= 31.9 Nm (limit 150.0) | edge= 20.8 mm
set_up:     t= 11.0 s | tip=  1.7 deg | F= 61.7 N | M= 31.9 Nm (limit 150.0) | edge= 20.8 mm
set_up:     t= 11.2 s | tip=  1.7 deg | F= 61.7 N | M= 31.9 Nm (limit 150.0) | edge= 20.8 mm
set_up:     t= 11.4 s | tip=  1.7 deg | F= 61.7 N | M= 31.9 Nm (limit 150.0) | edge= 20.8 mm
set_up:     t= 11.6 s | tip=  1.7 deg | F= 61.7 N | M= 31.9 Nm (limit 150.0) | edge= 20.8 mm
set_up:     t= 11.8 s | tip=  1.7 deg | F= 61.8 N | M= 31.9 Nm (limit 150.0) | edge= 20.8 mm

=== Set-up result ===
stop: time | t=12.0 s | tip=1.7 deg | F=61.8 N | M=31.9 Nm
edge_from_contact = [-5.1, +0.1, -20.1] mm | norm=20.8 mm
tcp_from_contact  = [+0.3, +59.9, -0.1] mm | norm=59.9 mm
alignment: before=0.41 deg | after=1.81 deg | gain=-1.41 deg

=== Set-up surface-frame breakdown ===
frame: alignment-target [tangent1, tangent2, normal]
force        [N]      = [   -14.81,     -0.34,    -59.98]
tcp_disp     [mm]     = [    -2.34,     +0.06,    -40.01]
edge_disp    [mm]     = [    -3.33,     +0.12,    -20.49]
Kp_eff=F/tcp [N/m]    = [   6316.3,   -5439.0,    1499.2]
moment@edge  [Nm]     = [    +3.40,    +31.04,     -1.01]
tip_angle    [deg]    = [    -0.10,     -1.62,     +0.39]
KR_eff=M/ang [Nm/rad] = [  -1962.5,   -1095.0,    -149.9]

finite_axis: angle=1.7 deg | axis_from_edge=[-671.4, +65.8, +160.3] mm | dir=[+0.039, +0.971, -0.235] | pitch=+159.4 mm/rad

=== Coupled stiffness from the measured pole ===
source spring K_pole/D_pole (diagonal, from parameters):
  Kp [N/m]     = [2000, 2000, 350]
  KR [Nm/rad]  = [5, 5, 50]
  Dp [Ns/m]    = [10, 10, 175]
  DR [Nms/rad] = [10.01, 10.01, 10]

poles compared (lever r_c = TCP - pole):
  (A) measured axis : angle=1.7 deg | pitch=+159.4 mm/rad
      pole_from_edge = [-666.1, 70.2, 179.3] mm
      r_c            = [671.5, -10.4, -159.3] mm
  (B) manual pole   : COMMANDED this run, contact reference
      pole_from_edge = [5.1, -0.1, 20.1] mm
      r_c            = [6.1, 59.8, 39.5] mm
      r_c(B)-r_c(A)  = [-665.3, 70.2, 198.9] mm

K_TCP = Ad^T K_pole Ad  [rows fx..mz | cols tx..rz]:
  (A) measured axis:
           tx        ty        tz    |    rx        ry        rz
  fx [    2000        0        0 |        0    318.6   -20.89 ]
  fy [       0     2000        0 |   -318.6        0    -1343 ]
  fz [       0        0      350 |    3.656      235        0 ]
     ---------------------------+---------------------------
  mx [       0   -318.6    3.656 |    56.14    2.455    217.9 ]
  my [   318.6        0      235 |    2.455    213.6   -3.328 ]
  mz [  -20.89    -1343        0 |    217.9   -3.328    951.7 ]
  (A) K_TCP eigenvalues = [3.376, 4.948, 34.04, 504.2, 2056, 2969] -> PSD ok (>=0) (min=3.376)
  (B) manual pole:
           tx        ty        tz    |    rx        ry        rz
  fx [    2000        0        0 |        0   -79.09    119.6 ]
  fy [       0     2000        0 |    79.09        0    -12.3 ]
  fz [       0        0      350 |   -20.93    2.152        0 ]
     ---------------------------+---------------------------
  mx [       0    79.09   -20.93 |    9.721  -0.1287    3.421 ]
  my [  -79.09        0    2.152 |  -0.1287    8.141    -4.73 ]
  mz [   119.6    -12.3        0 |    3.421    -4.73    56.89 ]
  (B) K_TCP eigenvalues = [4.974, 4.992, 49.82, 351.3, 2003, 2011] -> PSD ok (>=0) (min=4.974)

D_TCP = Ad^T D_pole Ad:
  (A) measured axis:
           tx        ty        tz    |    rx        ry        rz
  fx [     237        0        0 |        0    37.76   -2.476 ]
  fy [       0    178.2        0 |   -28.39        0   -119.6 ]
  fz [       0        0    108.1 |    1.129    72.61        0 ]
     ---------------------------+---------------------------
  mx [       0   -28.39    1.129 |     5.94   0.7584    19.01 ]
  my [   37.76        0    72.61 |   0.7584    56.84  -0.3944 ]
  mz [  -2.476   -119.6        0 |    19.01  -0.3944    81.15 ]
  (A) D_TCP eigenvalues = [0.5262, 1.392, 1.409, 154.2, 246.3, 263.4] -> PSD ok (>=0) (min=0.5262)
  (B) manual pole:
           tx        ty        tz    |    rx        ry        rz
  fx [     237        0        0 |        0   -9.372    14.17 ]
  fy [       0    178.2        0 |    7.046        0   -1.096 ]
  fz [       0        0    108.1 |   -6.467   0.6649        0 ]
     ---------------------------+---------------------------
  mx [       0    7.046   -6.467 |    2.071 -0.03976 -0.09858 ]
  my [  -9.372        0   0.6649 | -0.03976    2.446  -0.5605 ]
  mz [   14.17   -1.096        0 | -0.09858  -0.5605    1.633 ]
  (B) D_TCP eigenvalues = [0.771, 1.403, 2.068, 108.5, 178.5, 238.2] -> PSD ok (>=0) (min=0.771)
phase: grind

Stop requested with e + Enter. Finishing control loop...

Joint motion [deg]:
joint    start   final   delta
------------------------------
q1       -2.7    -2.3     0.5
q2       18.1    32.3    14.2
q3       -5.1    -2.9     2.2
q4     -122.8  -122.2     0.6
q5       17.5     0.9   -16.7
q6      139.5   147.3     7.8
q7       26.8    41.7    14.9

=== Final result ===
p_d = [529.0, -45.3, -133.4] mm
p_EE = [536.9, -52.2, 25.4] mm
e_p = [-8.0, 6.9, -158.8] mm
position_error = 159.15 mm
e_R = [0.84, -2.13, -0.34] deg
rotation_error = 2.31 deg
csv: surface_grinding_controller_log.csv
