
Press Enter to recover and configure the robot.
Robot recovered or already ready.
keys: e stop | m menu | g hand-guide

=== Startup mode ===
  s = run the phase sequence from q_init
  h = hold the q_init pose
  t = hold with the set-up impedance
  g = hand-guide the start pose
  q = go to q_init and inspect
  o = open the hand now
  c = grasp the tool now
  r = recalibrate hand width, fingers empty
  f = fetch the tool from the holder
  b = put the tool back
  e = stop and quit
While a run is going: e+Enter stops, m+Enter comes back here.
Choice [s/h/t/g/q/o/c/r/f/b/e]: 
=== Phase sequence mode ===
Moving to q_init (horizontal_table_search)
  q1..q7 [deg] = [0.8, 12.1, -0.5, -130.9, -0.2, 142.9, 44.7] deg
  horizontal_table_search = [0.014777, 0.210911, -0.009320, -2.284835, -0.002725, 2.493410, 0.780694] rad
q_init reached.

=== Start pose ===
q_start = [0.9, 12.1, -0.5, -130.9, -0.2, 142.9, 44.7] deg
p_start = [531.3, 2.5, 156.8] mm

=== Run ===
phase: approach_orient
  Kp=[150, 150, 150] N/m  KR=[90, 90, 90] Nm/rad  [t1,t2,n]
  Dp=[126.5, 103.6, 128.3] Ns/m  DR=[13.45, 15.80, 2.01] Nms/rad  auto (factor 1.90)
orient:     t=  0.0 s | axis_err= 11.1 deg | spin_err=  0.8 deg
orient:     t=  0.2 s | axis_err= 10.4 deg | spin_err=  0.9 deg
orient:     t=  0.4 s | axis_err=  7.7 deg | spin_err=  0.5 deg
orient:     t=  0.6 s | axis_err=  4.1 deg | spin_err=  0.1 deg
orient:     t=  0.8 s | axis_err=  2.4 deg | spin_err=  0.2 deg
orient:     t=  1.0 s | axis_err=  2.2 deg | spin_err=  0.2 deg
orient:     t=  1.2 s | axis_err=  2.2 deg | spin_err=  0.3 deg
orient:     t=  1.4 s | axis_err=  2.2 deg | spin_err=  0.3 deg
orient:     t=  1.6 s | axis_err=  2.2 deg | spin_err=  0.3 deg
orient:     t=  1.8 s | axis_err=  2.2 deg | spin_err=  0.3 deg
orient:     t=  2.0 s | axis_err=  2.2 deg | spin_err=  0.3 deg
orient:     t=  2.2 s | axis_err=  2.2 deg | spin_err=  0.3 deg
orient:     t=  2.4 s | axis_err=  2.2 deg | spin_err=  0.2 deg
orient:     t=  2.6 s | axis_err=  2.2 deg | spin_err=  0.2 deg
orient:     t=  2.8 s | axis_err=  2.2 deg | spin_err=  0.2 deg
orient:     t=  3.0 s | axis_err=  2.2 deg | spin_err=  0.2 deg
orient:     t=  3.2 s | axis_err=  2.2 deg | spin_err=  0.2 deg
orient:     t=  3.4 s | axis_err=  2.2 deg | spin_err=  0.2 deg
orient:     t=  3.6 s | axis_err=  2.2 deg | spin_err=  0.2 deg
orient:     t=  3.8 s | axis_err=  2.2 deg | spin_err=  0.2 deg
orient:     t=  4.0 s | axis_err=  2.2 deg | spin_err=  0.2 deg
orient:     t=  4.2 s | axis_err=  2.2 deg | spin_err=  0.2 deg
orient:     t=  4.4 s | axis_err=  2.2 deg | spin_err=  0.2 deg
orient:     t=  4.6 s | axis_err=  2.2 deg | spin_err=  0.2 deg
orient:     t=  4.8 s | axis_err=  2.2 deg | spin_err=  0.2 deg

Orientation settled short of the 2.0 deg gate after 5.0 s: axis_err=2.2 deg | spin_err=0.2 deg
phase: approach_descend
  Kp=[150, 150, 150] N/m  KR=[90, 90, 90] Nm/rad  [t1,t2,n]
  Dp=[126.5, 103.6, 128.3] Ns/m  DR=[13.45, 15.80, 2.01] Nms/rad  auto (factor 1.90)
  descend to 20 mm clearance at 0.100 m/s
descend:    t=  0.0 s | distance=   0.1 mm | height=+132.7 mm (target 20.0) | force= -0.0 N
descend:    t=  0.2 s | distance=  20.1 mm | height=+122.3 mm (target 20.0) | force=  0.7 N
descend:    t=  0.4 s | distance=  40.1 mm | height=+105.8 mm (target 20.0) | force=  0.4 N
descend:    t=  0.6 s | distance=  60.1 mm | height= +88.9 mm (target 20.0) | force=  1.6 N
descend:    t=  0.8 s | distance=  80.1 mm | height= +71.5 mm (target 20.0) | force=  1.3 N
descend:    t=  1.0 s | distance= 100.1 mm | height= +54.6 mm (target 20.0) | force=  1.6 N
descend:    t=  1.2 s | distance= 120.1 mm | height= +37.8 mm (target 20.0) | force=  0.8 N
descend:    t=  1.4 s | distance= 140.1 mm | height= +21.0 mm (target 20.0) | force=  1.7 N

[GATE] Reached 20 mm above the plane. Press Enter to start the set-up press (e+Enter stops).
  gate hold: Kp=[5000, 5000, 5000] N/m [x,y,z]  KR=[90, 90, 90] Nm/rad [t1,t2,n]
             Dp=[206.7, 150.8, 242.7] Ns/m  DR=[11.15, 14.27, 2.40] Nms/rad  auto
[GATE] Continuing to the set-up press.
descend:    t=  3.5 s | distance= 141.4 mm | height= +19.5 mm (target 20.0) | force= -0.2 N

Clearance reached: distance=141.4 mm | height=19.5 mm | target=20.0 mm | force=-0.2 N (not used for the switch)
offset_ee = [-20.0, -60.0, 20.0] mm
p_EE_at_contact = [531.8, -8.4, 47.2] mm
contact_point = [512.2, 47.5, -1.1] mm
edge_offset_base = [-19.7, 56.0, -48.4] mm
phase: set_up

--- set-up impedance ---
  f = Kp*e_p + Dp*de,   m = KR*e_R + DR*dw   (decoupled)
  Kp [t1,t2,n]  = [  2000.0,   2000.0,    800.0] N/m
  Dp [t1,t2,n]  = [   223.8,    179.1,    170.7] Ns/m   auto
  KR [t1,t2,n]  = [    15.0,      5.0,     50.0] Nm/rad
  DR [t1,t2,n]  = [     2.5,      1.9,      1.0] Nms/rad   auto
set_up:     t=  0.0 s | tip=  0.0 deg | F=  0.0 N | M=  0.0 Nm (limit 150.0) | edge= 19.5 mm
set_up:     t=  0.2 s | tip=  0.6 deg | F=  2.0 N | M=  1.6 Nm (limit 150.0) | edge= 13.3 mm
set_up:     t=  0.4 s | tip=  1.3 deg | F=  2.3 N | M=  1.6 Nm (limit 150.0) | edge=  4.7 mm
set_up:     t=  0.6 s | tip=  1.4 deg | F= 16.5 N | M=  9.4 Nm (limit 150.0) | edge=  2.4 mm
set_up:     t=  0.8 s | tip=  1.4 deg | F= 23.8 N | M= 13.3 Nm (limit 150.0) | edge=  2.4 mm
set_up:     t=  1.0 s | tip=  1.4 deg | F= 31.6 N | M= 17.5 Nm (limit 150.0) | edge=  2.3 mm
set_up:     t=  1.2 s | tip=  1.4 deg | F= 39.5 N | M= 21.8 Nm (limit 150.0) | edge=  2.2 mm
set_up:     t=  1.4 s | tip=  1.4 deg | F= 47.7 N | M= 26.2 Nm (limit 150.0) | edge=  2.2 mm
set_up:     t=  1.6 s | tip=  1.4 deg | F= 56.3 N | M= 30.6 Nm (limit 150.0) | edge=  2.1 mm
set_up:     t=  1.8 s | tip=  1.4 deg | F= 49.6 N | M= 27.1 Nm (limit 150.0) | edge=  2.2 mm
set_up:     t=  2.0 s | tip=  1.4 deg | F= 49.5 N | M= 27.0 Nm (limit 150.0) | edge=  2.2 mm
set_up:     t=  2.2 s | tip=  1.4 deg | F= 49.4 N | M= 27.0 Nm (limit 150.0) | edge=  2.2 mm
set_up:     t=  2.4 s | tip=  1.4 deg | F= 49.4 N | M= 27.0 Nm (limit 150.0) | edge=  2.2 mm
set_up:     t=  2.6 s | tip=  1.4 deg | F= 49.3 N | M= 26.9 Nm (limit 150.0) | edge=  2.2 mm
set_up:     t=  2.8 s | tip=  1.4 deg | F= 49.3 N | M= 26.9 Nm (limit 150.0) | edge=  2.2 mm
set_up:     t=  3.0 s | tip=  1.4 deg | F= 49.3 N | M= 26.9 Nm (limit 150.0) | edge=  2.2 mm
set_up:     t=  3.2 s | tip=  1.4 deg | F= 49.2 N | M= 26.9 Nm (limit 150.0) | edge=  2.2 mm
set_up:     t=  3.4 s | tip=  1.4 deg | F= 49.2 N | M= 26.9 Nm (limit 150.0) | edge=  2.2 mm
set_up:     t=  3.6 s | tip=  1.4 deg | F= 49.1 N | M= 26.9 Nm (limit 150.0) | edge=  2.2 mm
set_up:     t=  3.8 s | tip=  1.4 deg | F= 49.1 N | M= 26.8 Nm (limit 150.0) | edge=  2.2 mm
set_up:     t=  4.0 s | tip=  1.4 deg | F= 49.1 N | M= 26.8 Nm (limit 150.0) | edge=  2.2 mm
set_up:     t=  4.2 s | tip=  1.4 deg | F= 49.1 N | M= 26.8 Nm (limit 150.0) | edge=  2.2 mm
set_up:     t=  4.4 s | tip=  1.4 deg | F= 49.0 N | M= 26.8 Nm (limit 150.0) | edge=  2.2 mm
set_up:     t=  4.6 s | tip=  1.4 deg | F= 49.0 N | M= 26.8 Nm (limit 150.0) | edge=  2.2 mm
set_up:     t=  4.8 s | tip=  1.4 deg | F= 49.0 N | M= 26.8 Nm (limit 150.0) | edge=  2.2 mm

=== Set-up result ===
stop: time | t=5.0 s | tip=1.4 deg | F=49.0 N | M=26.8 Nm
edge_from_contact = [-2.0, +0.2, +0.7] mm | norm=2.2 mm
tcp_from_contact  = [+17.9, -56.4, +29.0] mm | norm=65.9 mm
alignment: before=7.00 deg | after=6.45 deg | gain=+0.55 deg
alignment components [t1,t2,n] deg: before=[-6.99,+0.17,+0.00] | after=[-6.30,+1.40,+0.00]

=== Set-up surface-frame breakdown ===
frame: alignment-target [tangent1, tangent2, normal]
force        [N]      = [    -5.05,     +1.39,    -48.70]
tcp_disp     [mm]     = [    +1.32,     -0.70,    -19.40]
edge_disp    [mm]     = [    +1.79,     -1.02,     +0.68]
Kp_eff=F/tcp [N/m]    = [  -3822.4,   -1980.7,    2509.6]
moment@edge  [Nm]     = [   -14.39,    -24.03,     +0.58]
tip_angle    [deg]    = [    +0.70,     +1.22,     +0.11]
KR_eff=M/ang [Nm/rad] = [  -1181.6,   -1127.2,     294.5]

[GATE] Set up finished (holding the pressed pose). Press Enter to start the grind (e+Enter stops).

Stop requested with e + Enter. Finishing control loop...

Joint motion [deg]:
joint    start   final   delta
------------------------------
q1        0.9     2.1     1.2
q2       12.1    29.6    17.5
q3       -0.5    -2.8    -2.2
q4     -130.9  -129.3     1.6
q5       -0.2   -18.1   -17.9
q6      142.9   158.7    15.9
q7       44.7    61.4    16.6

=== Final result ===
p_d = [530.5, -10.6, -32.2] mm
p_EE = [530.0, -8.9, 27.8] mm
e_p = [0.5, -1.7, -60.1] mm
position_error = 60.09 mm
e_R = [-0.13, -1.40, 0.16] deg
rotation_error = 1.41 deg
csv: logs/surface_grinding_controller_log.csv
