
Press Enter to recover and configure the robot.
Robot recovered or already ready.
Collision: custom thresholds.

=== Startup choice ===
  q = go to q_init (from params/common.txt), then choose again
  g = guiding mode: go to q_init, then hand-guide to your pose;
      use s+Enter for sequence or h+Enter for hold
  o = open the Franka hand now (release/load tool), then choose again
  c = close/grasp the tool now, then choose again
  r = continue to run mode (available after q_init is reached)
Choice [q/g/o/c/r, Enter = q]: Moving to q_init...
q_init reached.

=== Startup choice ===
  q = go to q_init (from params/common.txt), then choose again
  g = guiding mode: go to q_init, then hand-guide to your pose;
      use s+Enter for sequence or h+Enter for hold
  o = open the Franka hand now (release/load tool), then choose again
  c = close/grasp the tool now, then choose again
  r = continue to run mode
Choice [q/g/o/c/r, Enter = q]: 
=== Run mode ===
  s = phase sequence (approach / set up / grind)
  h = hold at the start pose
Choice [s/h, Enter = s]: Selected: phase sequence. Nullspace mode from parameters: nullspace_damping_plus_sigma.

=== Setup ===
run: phase sequence | approach_orient: on | nullspace: nullspace_damping_plus_sigma
nullspace parameters: d_null=2.000 | k_sigma=1.000 Nm | alpha=0.0800 rad
hold: Kp=300.0 N/m | KR=40.0 Nm/rad | damping=auto translation+rotation (factor fitted online toward Dp=50.0 Ns/m)
manual_guidance_start: off | manual_damping=0.50
descend: clearance=20.0 mm | speed=0.100 m/s | max_distance=640 mm
alignment push: start=captured | end=+180 mm | speed=0.050 m/s | ramp_time~=4.0 s | timeout=12.0 s | moment_threshold=150.0 Nm
grind: sweep | axis=tangent2 | amplitude=30 mm | frequency=0.20 Hz
coupled stiffness: apply=on | saved=yes | pole=manual
gates: pause_before_set_up=on | pause_auto_damping=on | pause_before_grind=off | debug_period=0.20 s
alignment-target normal=[+0.087, -0.000, +0.996] | tilt a(x)=0.0 deg, b(y)=5.0 deg (from angles)
tool face: 40 x 120 mm | center offset EE=[+0.0, +0.0, +20.0] mm
Gripper already holding the tool (width 65.0 mm); keeping grasp.
Press e+Enter to stop the controller before the duration expires.
During hold: press g+Enter to hand-guide the tool, then p+Enter to recapture and resume hold.
experiment_duration <= 0: running indefinitely until e + Enter.

=== Start pose ===
q_start = [-2.8, 18.1, -5.1, -122.8, 17.5, 139.5, 26.8] deg
p_start = [565.1, -59.6, 151.1] mm

=== Run ===
phase: approach_orient
orient:     t=  0.0 s | axis_err= 11.5 deg | rot_err= 11.5 deg
approach Dp        auto=[ 134.14,   97.25,  122.28]  manual=[  20.00,   20.00,   20.00] Ns/m
approach DR        auto=[  12.73,   16.36,    4.08]  manual=[  12.00,   12.00,   12.00] Nms/rad
orient:     t=  0.2 s | axis_err=  4.5 deg | rot_err=  4.5 deg
orient:     t=  0.4 s | axis_err=  2.3 deg | rot_err=  2.3 deg

Orientation reached: axis_err=1.9 deg
phase: approach_descend
descend:    t=  0.0 s | distance=   0.1 mm | height= +98.2 mm (target 20.0) | force= -0.0 N
descend:    t=  0.2 s | distance=  20.1 mm | height= +86.1 mm (target 20.0) | force=  0.4 N
descend:    t=  0.4 s | distance=  40.1 mm | height= +69.1 mm (target 20.0) | force=  1.2 N
descend:    t=  0.6 s | distance=  60.2 mm | height= +51.4 mm (target 20.0) | force=  1.9 N
descend:    t=  0.8 s | distance=  80.3 mm | height= +33.9 mm (target 20.0) | force=  2.0 N

[GATE] Reached 20 mm above the plane. Press Enter to start the set-up press (e+Enter stops).
pause auto damping: fitted Dp factor=0.551, DR factor=1.960
pause Dp [xyz]     auto=[ 206.56,  155.32,  224.84]  manual=[ 200.00,  200.00,  200.00] Ns/m
pause DR [t1t2n]   auto=[  11.74,   17.27,    2.04]  manual=[  12.73,   16.36,    4.08] Nms/rad
[GATE] Continuing to the set-up press.
descend:    t=  2.5 s | distance=  96.2 mm | height= +19.6 mm (target 20.0) | force=  0.5 N

Clearance reached: distance=96.2 mm | height=19.6 mm | target=20.0 mm | force=0.5 N (not used for the switch)
offset_ee = [20.0, 60.0, 20.0] mm
p_EE_at_contact = [546.5, -66.2, 65.6] mm
contact_point = [560.2, -126.8, 24.1] mm
edge_offset_base = [13.8, -60.6, -41.5] mm
phase: set_up
set_up Dp [xyz]    auto=[ 237.05,  178.28,  108.08]  manual=[  10.00,   10.00,  175.00] Ns/m
set_up DR [t1t2n]  auto=[   1.41,    2.07,    0.78]  manual=[  10.01,   10.01,   10.00] Nms/rad
set_up:     t=  0.0 s | tip=  0.0 deg | F=  0.0 N | M=  0.0 Nm (limit 150.0) | edge= 19.6 mm
set_up:     t=  0.2 s | tip=  0.6 deg | F=  1.2 N | M=  0.7 Nm (limit 150.0) | edge= 13.1 mm
set_up:     t=  0.4 s | tip=  1.4 deg | F=  2.3 N | M=  1.2 Nm (limit 150.0) | edge=  7.2 mm
set_up:     t=  0.6 s | tip=  2.2 deg | F=  2.4 N | M=  1.1 Nm (limit 150.0) | edge=  9.2 mm
set_up:     t=  0.8 s | tip=  2.9 deg | F=  2.6 N | M=  1.1 Nm (limit 150.0) | edge= 16.7 mm
set_up:     t=  1.0 s | tip=  3.4 deg | F= 11.1 N | M=  6.1 Nm (limit 150.0) | edge= 22.4 mm
set_up:     t=  1.2 s | tip=  3.4 deg | F= 12.3 N | M=  6.6 Nm (limit 150.0) | edge= 22.5 mm
set_up:     t=  1.4 s | tip=  3.4 deg | F= 16.1 N | M=  8.6 Nm (limit 150.0) | edge= 22.6 mm
set_up:     t=  1.6 s | tip=  3.4 deg | F= 20.0 N | M= 10.6 Nm (limit 150.0) | edge= 22.7 mm
set_up:     t=  1.8 s | tip=  3.4 deg | F= 23.9 N | M= 12.6 Nm (limit 150.0) | edge= 22.8 mm
set_up:     t=  2.0 s | tip=  3.4 deg | F= 27.6 N | M= 14.4 Nm (limit 150.0) | edge= 23.0 mm
set_up:     t=  2.2 s | tip=  3.4 deg | F= 31.4 N | M= 16.2 Nm (limit 150.0) | edge= 23.1 mm
set_up:     t=  2.4 s | tip=  3.5 deg | F= 34.8 N | M= 17.8 Nm (limit 150.0) | edge= 23.2 mm
set_up:     t=  2.6 s | tip=  3.5 deg | F= 38.6 N | M= 19.7 Nm (limit 150.0) | edge= 23.4 mm
set_up:     t=  2.8 s | tip=  3.5 deg | F= 42.2 N | M= 21.5 Nm (limit 150.0) | edge= 23.6 mm
set_up:     t=  3.0 s | tip=  3.5 deg | F= 45.9 N | M= 23.3 Nm (limit 150.0) | edge= 23.7 mm
set_up:     t=  3.2 s | tip=  3.5 deg | F= 49.7 N | M= 25.2 Nm (limit 150.0) | edge= 23.9 mm
set_up:     t=  3.4 s | tip=  3.5 deg | F= 53.3 N | M= 27.0 Nm (limit 150.0) | edge= 24.0 mm
set_up:     t=  3.6 s | tip=  3.5 deg | F= 57.1 N | M= 29.0 Nm (limit 150.0) | edge= 24.2 mm
set_up:     t=  3.8 s | tip=  3.5 deg | F= 60.8 N | M= 30.8 Nm (limit 150.0) | edge= 24.3 mm
set_up:     t=  4.0 s | tip=  3.5 deg | F= 64.5 N | M= 32.7 Nm (limit 150.0) | edge= 24.4 mm
set_up:     t=  4.2 s | tip=  3.5 deg | F= 60.5 N | M= 30.6 Nm (limit 150.0) | edge= 24.4 mm
set_up:     t=  4.4 s | tip=  3.5 deg | F= 60.3 N | M= 30.5 Nm (limit 150.0) | edge= 24.4 mm
set_up:     t=  4.6 s | tip=  3.5 deg | F= 60.2 N | M= 30.4 Nm (limit 150.0) | edge= 24.4 mm
set_up:     t=  4.8 s | tip=  3.5 deg | F= 60.2 N | M= 30.4 Nm (limit 150.0) | edge= 24.4 mm
set_up:     t=  5.0 s | tip=  3.5 deg | F= 60.3 N | M= 30.4 Nm (limit 150.0) | edge= 24.4 mm
set_up:     t=  5.2 s | tip=  3.5 deg | F= 60.2 N | M= 30.4 Nm (limit 150.0) | edge= 24.4 mm
set_up:     t=  5.4 s | tip=  3.5 deg | F= 60.2 N | M= 30.4 Nm (limit 150.0) | edge= 24.4 mm
set_up:     t=  5.6 s | tip=  3.5 deg | F= 60.2 N | M= 30.4 Nm (limit 150.0) | edge= 24.4 mm
set_up:     t=  5.8 s | tip=  3.5 deg | F= 60.2 N | M= 30.4 Nm (limit 150.0) | edge= 24.4 mm
set_up:     t=  6.0 s | tip=  3.5 deg | F= 60.2 N | M= 30.4 Nm (limit 150.0) | edge= 24.4 mm
set_up:     t=  6.2 s | tip=  3.5 deg | F= 60.2 N | M= 30.4 Nm (limit 150.0) | edge= 24.4 mm
set_up:     t=  6.4 s | tip=  3.5 deg | F= 60.1 N | M= 30.3 Nm (limit 150.0) | edge= 24.4 mm
set_up:     t=  6.6 s | tip=  3.5 deg | F= 60.1 N | M= 30.3 Nm (limit 150.0) | edge= 24.4 mm
set_up:     t=  6.8 s | tip=  3.5 deg | F= 60.1 N | M= 30.3 Nm (limit 150.0) | edge= 24.4 mm
set_up:     t=  7.0 s | tip=  3.5 deg | F= 60.1 N | M= 30.3 Nm (limit 150.0) | edge= 24.4 mm
set_up:     t=  7.2 s | tip=  3.5 deg | F= 60.1 N | M= 30.3 Nm (limit 150.0) | edge= 24.4 mm
set_up:     t=  7.4 s | tip=  3.5 deg | F= 60.1 N | M= 30.3 Nm (limit 150.0) | edge= 24.4 mm
set_up:     t=  7.6 s | tip=  3.5 deg | F= 60.1 N | M= 30.3 Nm (limit 150.0) | edge= 24.4 mm
set_up:     t=  7.8 s | tip=  3.5 deg | F= 60.1 N | M= 30.3 Nm (limit 150.0) | edge= 24.4 mm
set_up:     t=  8.0 s | tip=  3.5 deg | F= 60.0 N | M= 30.3 Nm (limit 150.0) | edge= 24.4 mm
set_up:     t=  8.2 s | tip=  3.5 deg | F= 60.1 N | M= 30.3 Nm (limit 150.0) | edge= 24.4 mm
set_up:     t=  8.4 s | tip=  3.5 deg | F= 60.1 N | M= 30.3 Nm (limit 150.0) | edge= 24.4 mm
set_up:     t=  8.6 s | tip=  3.5 deg | F= 60.1 N | M= 30.3 Nm (limit 150.0) | edge= 24.4 mm
set_up:     t=  8.8 s | tip=  3.5 deg | F= 60.0 N | M= 30.3 Nm (limit 150.0) | edge= 24.4 mm
set_up:     t=  9.0 s | tip=  3.5 deg | F= 60.0 N | M= 30.3 Nm (limit 150.0) | edge= 24.4 mm
set_up:     t=  9.2 s | tip=  3.5 deg | F= 60.0 N | M= 30.3 Nm (limit 150.0) | edge= 24.4 mm
set_up:     t=  9.4 s | tip=  3.5 deg | F= 60.0 N | M= 30.3 Nm (limit 150.0) | edge= 24.4 mm
set_up:     t=  9.6 s | tip=  3.5 deg | F= 60.0 N | M= 30.3 Nm (limit 150.0) | edge= 24.4 mm
set_up:     t=  9.8 s | tip=  3.5 deg | F= 60.0 N | M= 30.3 Nm (limit 150.0) | edge= 24.4 mm
set_up:     t= 10.0 s | tip=  3.5 deg | F= 60.0 N | M= 30.3 Nm (limit 150.0) | edge= 24.4 mm
set_up:     t= 10.2 s | tip=  3.5 deg | F= 60.0 N | M= 30.3 Nm (limit 150.0) | edge= 24.4 mm
set_up:     t= 10.4 s | tip=  3.5 deg | F= 60.0 N | M= 30.3 Nm (limit 150.0) | edge= 24.4 mm
set_up:     t= 10.6 s | tip=  3.5 deg | F= 60.0 N | M= 30.3 Nm (limit 150.0) | edge= 24.4 mm
set_up:     t= 10.8 s | tip=  3.5 deg | F= 60.0 N | M= 30.3 Nm (limit 150.0) | edge= 24.4 mm
set_up:     t= 11.0 s | tip=  3.5 deg | F= 60.0 N | M= 30.3 Nm (limit 150.0) | edge= 24.4 mm
set_up:     t= 11.2 s | tip=  3.5 deg | F= 60.0 N | M= 30.3 Nm (limit 150.0) | edge= 24.4 mm
set_up:     t= 11.4 s | tip=  3.5 deg | F= 60.0 N | M= 30.3 Nm (limit 150.0) | edge= 24.4 mm
set_up:     t= 11.6 s | tip=  3.5 deg | F= 60.0 N | M= 30.3 Nm (limit 150.0) | edge= 24.4 mm
set_up:     t= 11.8 s | tip=  3.5 deg | F= 60.0 N | M= 30.3 Nm (limit 150.0) | edge= 24.4 mm

=== Set-up result ===
stop: time | t=12.0 s | tip=3.5 deg | F=60.0 N | M=30.3 Nm
edge_from_contact = [-13.6, +0.8, -20.3] mm | norm=24.4 mm
tcp_from_contact  = [-27.4, +61.4, +2.8] mm | norm=67.3 mm
alignment: before=0.52 deg | after=3.77 deg | gain=-3.25 deg

=== Set-up surface-frame breakdown ===
frame: alignment-target [tangent1, tangent2, normal]
force        [N]      = [   -13.99,     -0.79,    -58.38]
tcp_disp     [mm]     = [   -10.27,     +0.73,    -39.69]
edge_disp    [mm]     = [   -11.78,     +0.75,    -21.38]
Kp_eff=F/tcp [N/m]    = [   1362.4,   -1088.6,    1471.0]
moment@edge  [Nm]     = [    +3.76,    +28.12,     -1.29]
tip_angle    [deg]    = [    -0.21,     -3.52,     +0.20]
KR_eff=M/ang [Nm/rad] = [  -1012.2,    -457.1,    -375.0]

finite_axis: angle=3.5 deg | axis_from_edge=[-333.2, +31.2, +210.0] mm | dir=[+0.055, +0.997, -0.061] | pitch=+19.9 mm/rad

=== Coupled stiffness from the measured pole ===
source spring K_pole/D_pole (diagonal, from parameters):
  Kp [N/m]     = [2000, 2000, 350]
  KR [Nm/rad]  = [5, 5, 50]
  Dp [Ns/m]    = [10, 10, 175]
  DR [Nms/rad] = [10.01, 10.01, 10]

poles compared (lever r_c = TCP - pole):
  (A) measured axis : angle=3.5 deg | pitch=+19.9 mm/rad
      pole_from_edge = [-319.6, 31.7, 230.2] mm
      r_c            = [305.7, 28.9, -207.1] mm
  (B) manual pole   : COMMANDED this run, contact reference
      pole_from_edge = [27.5, -0.8, 179.7] mm
      r_c            = [-27.7, 60.6, -117.9] mm
      r_c(B)-r_c(A)  = [-333.4, 31.7, 89.2] mm

K_TCP = Ad^T K_pole Ad  [rows fx..mz | cols tx..rz]:
  (A) measured axis:
           tx        ty        tz    |    rx        ry        rz
  fx [    2000        0        0 |        0    414.2    57.84 ]
  fy [       0     2000        0 |   -414.2        0   -611.4 ]
  fz [       0        0      350 |   -10.12      107        0 ]
     ---------------------------+---------------------------
  mx [       0   -414.2   -10.12 |    91.43   -3.094    130.5 ]
  my [   414.2        0      107 |   -3.094    123.5    11.98 ]
  mz [   57.84   -611.4        0 |    130.5    11.98    238.3 ]
  (A) K_TCP eigenvalues = [4.392, 4.842, 45.31, 381.7, 2088, 2279] -> PSD ok (>=0) (min=4.392)
  (B) manual pole:
           tx        ty        tz    |    rx        ry        rz
  fx [    2000        0        0 |        0    235.8    121.3 ]
  fy [       0     2000        0 |   -235.8        0    55.41 ]
  fz [       0        0      350 |   -21.22   -9.698        0 ]
     ---------------------------+---------------------------
  mx [       0   -235.8   -21.22 |    34.43    0.588   -2.627 ]
  my [   235.8        0   -9.698 |    0.588    33.07     14.3 ]
  mz [   121.3    55.41        0 |   -2.627     14.3    58.55 ]
  (B) K_TCP eigenvalues = [4.909, 4.929, 49.8, 351.6, 2028, 2037] -> PSD ok (>=0) (min=4.909)

D_TCP = Ad^T D_pole Ad:
  (A) measured axis:
           tx        ty        tz    |    rx        ry        rz
  fx [   237.1        0        0 |        0     49.1    6.855 ]
  fy [       0    178.3        0 |   -36.92        0    -54.5 ]
  fz [       0        0    108.1 |   -3.125    33.04        0 ]
     ---------------------------+---------------------------
  mx [       0   -36.92   -3.125 |    9.145  -0.9555    11.23 ]
  my [    49.1        0    33.04 |  -0.9555    22.34     1.42 ]
  mz [   6.855    -54.5        0 |    11.23     1.42    17.64 ]
  (A) D_TCP eigenvalues = [0.6993, 1.375, 1.822, 117.6, 202.6, 248.4] -> PSD ok (>=0) (min=0.6993)
  (B) manual pole:
           tx        ty        tz    |    rx        ry        rz
  fx [   237.1        0        0 |        0    27.95    14.37 ]
  fy [       0    178.3        0 |   -21.02        0     4.94 ]
  fz [       0        0    108.1 |   -6.553   -2.995        0 ]
     ---------------------------+---------------------------
  mx [       0   -21.02   -6.553 |    4.283   0.1816  -0.6377 ]
  my [   27.95        0   -2.995 |   0.1816    5.451    1.695 ]
  mz [   14.37     4.94        0 |  -0.6377    1.695    1.789 ]
  (B) D_TCP eigenvalues = [0.7722, 1.387, 2.043, 108.5, 180.9, 241.3] -> PSD ok (>=0) (min=0.7722)
phase: grind

Stop requested with e + Enter. Finishing control loop...

Joint motion [deg]:
joint    start   final   delta
------------------------------
q1       -2.8    -1.7     1.1
q2       18.1    32.4    14.3
q3       -5.1    -2.6     2.6
q4     -122.8  -121.6     1.2
q5       17.5     0.9   -16.7
q6      139.5   145.1     5.6
q7       26.8    42.7    15.9

=== Final result ===
p_d = [529.1, -36.3, -133.2] mm
p_EE = [534.6, -42.7, 25.7] mm
e_p = [-5.5, 6.3, -158.9] mm
position_error = 159.16 mm
e_R = [0.75, -3.69, -0.09] deg
rotation_error = 3.76 deg
csv: surface_grinding_controller_log.csv
