
Press Enter to recover and configure the robot.
Robot recovered or already ready.
keys: e stop | m menu | g hand-guide

=== Startup mode ===
  s = run the phase sequence from q_init
  h = hold the q_init pose
  t = hold with the set-up impedance
  g = hand-guide the start pose
  q = go to q_init and inspect
  o = open the hand now
  c = grasp the tool now
  r = recalibrate hand width, fingers empty
  f = fetch the tool from the holder
  b = put the tool back
  e = stop and quit
While a run is going: e+Enter stops, m+Enter comes back here.
Choice [s/h/t/g/q/o/c/r/f/b/e]: 
=== Phase sequence mode ===
Moving to q_init (horizontal_table_search)
  q1..q7 [deg] = [0.8, 12.1, -0.5, -130.9, -0.2, 142.9, 44.7] deg
  horizontal_table_search = [0.014777, 0.210911, -0.009320, -2.284835, -0.002725, 2.493410, 0.780694] rad
q_init reached.

=== Start pose ===
q_start = [0.9, 12.1, -0.5, -130.9, -0.1, 142.9, 44.7] deg
p_start = [531.3, 2.7, 156.9] mm

=== Run ===
phase: approach_orient
  Kp=[150, 150, 150] N/m  KR=[90, 90, 90] Nm/rad  [t1,t2,n]
  Dp=[126.5, 103.6, 128.3] Ns/m  DR=[13.46, 15.79, 2.02] Nms/rad  auto (factor 1.90)
orient:     t=  0.0 s | axis_err= 11.1 deg | spin_err=  0.8 deg
orient:     t=  0.2 s | axis_err= 10.6 deg | spin_err=  0.9 deg
orient:     t=  0.4 s | axis_err=  7.8 deg | spin_err=  0.5 deg
orient:     t=  0.6 s | axis_err=  4.1 deg | spin_err=  0.1 deg
orient:     t=  0.8 s | axis_err=  2.4 deg | spin_err=  0.2 deg
orient:     t=  1.0 s | axis_err=  2.2 deg | spin_err=  0.2 deg
orient:     t=  1.2 s | axis_err=  2.2 deg | spin_err=  0.2 deg
orient:     t=  1.4 s | axis_err=  2.2 deg | spin_err=  0.2 deg
orient:     t=  1.6 s | axis_err=  2.2 deg | spin_err=  0.2 deg
orient:     t=  1.8 s | axis_err=  2.1 deg | spin_err=  0.2 deg
orient:     t=  2.0 s | axis_err=  2.1 deg | spin_err=  0.2 deg
orient:     t=  2.2 s | axis_err=  2.1 deg | spin_err=  0.2 deg
orient:     t=  2.4 s | axis_err=  2.1 deg | spin_err=  0.2 deg
orient:     t=  2.6 s | axis_err=  2.1 deg | spin_err=  0.2 deg
orient:     t=  2.8 s | axis_err=  2.1 deg | spin_err=  0.2 deg
orient:     t=  3.0 s | axis_err=  2.1 deg | spin_err=  0.2 deg
orient:     t=  3.2 s | axis_err=  2.1 deg | spin_err=  0.2 deg
orient:     t=  3.4 s | axis_err=  2.1 deg | spin_err=  0.2 deg
orient:     t=  3.6 s | axis_err=  2.1 deg | spin_err=  0.2 deg
orient:     t=  3.8 s | axis_err=  2.1 deg | spin_err=  0.2 deg
orient:     t=  4.0 s | axis_err=  2.0 deg | spin_err=  0.2 deg

Orientation reached: axis_err=2.0 deg | spin_err=0.1 deg
phase: approach_descend
  Kp=[150, 150, 150] N/m  KR=[90, 90, 90] Nm/rad  [t1,t2,n]
  Dp=[126.5, 103.6, 128.3] Ns/m  DR=[13.46, 15.79, 2.02] Nms/rad  auto (factor 1.90)
  descend to 20 mm clearance at 0.100 m/s
descend:    t=  0.0 s | distance=   0.1 mm | height=+132.6 mm (target 20.0) | force= -0.0 N
descend:    t=  0.2 s | distance=  20.1 mm | height=+121.8 mm (target 20.0) | force=  0.5 N
descend:    t=  0.4 s | distance=  40.1 mm | height=+105.6 mm (target 20.0) | force=  0.2 N
descend:    t=  0.6 s | distance=  60.1 mm | height= +88.3 mm (target 20.0) | force=  1.8 N
descend:    t=  0.8 s | distance=  80.1 mm | height= +70.6 mm (target 20.0) | force=  0.2 N
descend:    t=  1.0 s | distance= 100.1 mm | height= +53.4 mm (target 20.0) | force=  1.6 N
descend:    t=  1.2 s | distance= 120.1 mm | height= +36.2 mm (target 20.0) | force=  0.5 N

[GATE] Reached 20 mm above the plane. Press Enter to start the set-up press (e+Enter stops).
  gate hold: Kp=[5000, 5000, 5000] N/m [x,y,z]  KR=[90, 90, 90] Nm/rad [t1,t2,n]
             Dp=[206.5, 151.1, 243.0] Ns/m  DR=[11.05, 14.38, 2.48] Nms/rad  auto
[GATE] Continuing to the set-up press.

Clearance reached: distance=139.0 mm | height=19.8 mm | target=20.0 mm | force=1.8 N (not used for the switch)
offset_ee = [-20.0, -60.0, 20.0] mm
p_EE_at_contact = [530.0, -6.4, 47.6] mm
contact_point = [510.2, 49.5, -1.1] mm
edge_offset_base = [-19.7, 55.9, -48.8] mm
phase: set_up

--- set-up impedance ---
  wrench = K_TCP*dx + D_TCP*dv, K_TCP = Ad(r_c)^T*blkdiag(Kp,KR)*Ad(r_c)
  Kp [t1,t2,n]  = [  2000.0,   2000.0,    800.0] N/m
  Dp [t1,t2,n]  = [   224.5,    178.5,    170.7] Ns/m   auto
  KR [t1,t2,n]  = [     5.0,      5.0,     50.0] Nm/rad
  DR [t1,t2,n]  = [     1.4,      1.9,      1.0] Nms/rad   auto
  r_c [t1,t2,n] = [     0.0,     -3.5,     19.7] mm   centre of compliance
set_up:     t=  0.0 s | tip=  0.0 deg | F=  0.1 N | M=  0.0 Nm (limit 150.0) | edge= 19.7 mm
set_up:     t=  0.2 s | tip=  0.5 deg | F=  1.5 N | M=  1.1 Nm (limit 150.0) | edge= 11.0 mm
set_up:     t=  0.4 s | tip=  1.1 deg | F=  1.6 N | M=  1.1 Nm (limit 150.0) | edge=  4.2 mm
set_up:     t=  0.6 s | tip=  1.2 deg | F= 13.0 N | M=  7.7 Nm (limit 150.0) | edge=  2.3 mm
set_up:     t=  0.8 s | tip=  1.2 deg | F= 21.0 N | M= 12.0 Nm (limit 150.0) | edge=  2.1 mm
set_up:     t=  1.0 s | tip=  1.2 deg | F= 29.4 N | M= 16.5 Nm (limit 150.0) | edge=  2.0 mm
set_up:     t=  1.2 s | tip=  1.2 deg | F= 37.6 N | M= 20.8 Nm (limit 150.0) | edge=  1.9 mm
set_up:     t=  1.4 s | tip=  1.2 deg | F= 45.0 N | M= 24.7 Nm (limit 150.0) | edge=  1.8 mm
set_up:     t=  1.6 s | tip=  1.2 deg | F= 52.8 N | M= 28.8 Nm (limit 150.0) | edge=  1.8 mm
set_up:     t=  1.8 s | tip=  1.2 deg | F= 47.7 N | M= 26.2 Nm (limit 150.0) | edge=  1.8 mm
set_up:     t=  2.0 s | tip=  1.2 deg | F= 47.6 N | M= 26.2 Nm (limit 150.0) | edge=  1.8 mm
set_up:     t=  2.2 s | tip=  1.2 deg | F= 47.5 N | M= 26.1 Nm (limit 150.0) | edge=  1.8 mm
set_up:     t=  2.4 s | tip=  1.2 deg | F= 47.2 N | M= 26.0 Nm (limit 150.0) | edge=  1.8 mm
set_up:     t=  2.6 s | tip=  1.2 deg | F= 47.4 N | M= 26.1 Nm (limit 150.0) | edge=  1.8 mm
set_up:     t=  2.8 s | tip=  1.2 deg | F= 47.4 N | M= 26.0 Nm (limit 150.0) | edge=  1.8 mm
set_up:     t=  3.0 s | tip=  1.2 deg | F= 47.3 N | M= 26.0 Nm (limit 150.0) | edge=  1.8 mm
set_up:     t=  3.2 s | tip=  1.2 deg | F= 47.4 N | M= 26.1 Nm (limit 150.0) | edge=  1.8 mm
set_up:     t=  3.4 s | tip=  1.2 deg | F= 47.3 N | M= 26.0 Nm (limit 150.0) | edge=  1.8 mm
set_up:     t=  3.6 s | tip=  1.2 deg | F= 47.2 N | M= 26.0 Nm (limit 150.0) | edge=  1.8 mm
set_up:     t=  3.8 s | tip=  1.2 deg | F= 47.2 N | M= 25.9 Nm (limit 150.0) | edge=  1.8 mm
set_up:     t=  4.0 s | tip=  1.2 deg | F= 47.0 N | M= 25.8 Nm (limit 150.0) | edge=  1.8 mm
set_up:     t=  4.2 s | tip=  1.2 deg | F= 47.3 N | M= 25.9 Nm (limit 150.0) | edge=  1.7 mm
set_up:     t=  4.4 s | tip=  1.2 deg | F= 47.2 N | M= 26.0 Nm (limit 150.0) | edge=  1.7 mm
set_up:     t=  4.6 s | tip=  1.2 deg | F= 47.2 N | M= 25.9 Nm (limit 150.0) | edge=  1.7 mm
set_up:     t=  4.8 s | tip=  1.2 deg | F= 47.2 N | M= 26.0 Nm (limit 150.0) | edge=  1.7 mm

=== Set-up result ===
stop: time | t=5.0 s | tip=1.2 deg | F=47.2 N | M=26.0 Nm
edge_from_contact = [-1.6, +0.1, +0.7] mm | norm=1.7 mm
tcp_from_contact  = [+18.1, -56.6, +29.0] mm | norm=66.1 mm
alignment: before=7.05 deg | after=6.42 deg | gain=+0.63 deg
alignment components [t1,t2,n] deg: before=[-7.05,+0.33,+0.00] | after=[-6.30,+1.27,-0.00]

=== Set-up surface-frame breakdown ===
frame: alignment-target [tangent1, tangent2, normal]
force        [N]      = [    -4.48,     +0.76,    -46.97]
tcp_disp     [mm]     = [    +1.19,     -0.40,    -19.79]
edge_disp    [mm]     = [    +1.41,     -0.73,     +0.72]
Kp_eff=F/tcp [N/m]    = [  -3767.1,   -1894.3,    2373.9]
moment@edge  [Nm]     = [   -13.76,    -23.35,     +0.65]
tip_angle    [deg]    = [    +0.75,     +0.92,     +0.21]
KR_eff=M/ang [Nm/rad] = [  -1057.4,   -1452.5,     179.5]

=== Centre of compliance ===
  r_c = p_TCP - p_c [t1,t2,n] = [-0.0, -3.5, 19.7] mm
  K_TCP: translation [2000, 1999, 801] N/m | rotation [5.80, 5.80, 49.98] Nm/rad
         commanded KR was [5.01, 5.03, 49.95]; the rest is the lever
  D_TCP: translation [216.2, 186.7, 170.8] Ns/m | rotation [1.60, 1.89, 1.03] Nms/rad
  coupling: max |moment per unit translation| = 39.4 Nm/m (K), 4.2 Nms/m (D)
  K_TCP eigenvalues 5.00 .. 2001 | D_TCP 1.03 .. 225  (both positive: valid springs)

  K_TCP [N/m, Nm/rad | rows fx..mz, cols tx..rz]:
           tx        ty        tz    |    rx        ry        rz
  fx [    2000  -0.5725   -20.68 |   0.0651   -39.22    7.379 ]
  fy [ -0.5725     1999   -33.18 |    39.35  0.04875    2.258 ]
  fz [  -20.68   -33.18    801.3 |   -3.608  -0.5002  -0.1138 ]
     ---------------------------+---------------------------
  mx [  0.0651    39.35   -3.608 |    5.799  0.02427   0.8203 ]
  my [  -39.22  0.04875  -0.5002 |  0.02427    5.805      1.1 ]
  mz [   7.379    2.258  -0.1138 |   0.8203      1.1    49.98 ]

  D_TCP [Ns/m, Nms/rad]:
           tx        ty        tz    |    rx        ry        rz
  fx [   216.2     17.6   -1.272 |   0.3501   -4.242   0.8179 ]
  fy [    17.6    186.7  -0.7469 |    3.667  -0.3446   0.2761 ]
  fz [  -1.272  -0.7469    170.8 |  -0.6449  -0.1681 -0.005541 ]
     ---------------------------+---------------------------
  mx [  0.3501    3.667  -0.6449 |    1.599  -0.1735 0.001496 ]
  my [  -4.242  -0.3446  -0.1681 |  -0.1735    1.888 -0.03464 ]
  mz [  0.8179   0.2761 -0.005541 | 0.001496 -0.03464    1.032 ]

[GATE] Set up finished (holding the pressed pose). Press Enter to start the grind (e+Enter stops).

Stop requested with e + Enter. Finishing control loop...

Joint motion [deg]:
joint    start   final   delta
------------------------------
q1        0.9     1.3     0.4
q2       12.1    29.4    17.3
q3       -0.5    -2.0    -1.4
q4     -130.9  -129.7     1.3
q5       -0.1   -19.4   -19.2
q6      142.9   158.9    16.0
q7       44.7    62.6    17.8

=== Final result ===
p_d = [528.6, -8.6, -32.2] mm
p_EE = [528.4, -7.1, 27.9] mm
e_p = [0.2, -1.5, -60.0] mm
position_error = 60.06 mm
e_R = [-0.28, -1.14, 0.24] deg
rotation_error = 1.20 deg
csv: logs/surface_grinding_controller_log.csv
