
Press Enter to recover and configure the robot.
Robot recovered or already ready.
Collision: custom thresholds.

=== Startup choice ===
  q = go to q_init (from params/common.txt), then choose again
  g = guiding mode: go to q_init, then hand-guide to your pose;
      use s+Enter for sequence or h+Enter for hold
  o = open the Franka hand now (release/load tool), then choose again
  c = close/grasp the tool now, then choose again
  r = continue to run mode (available after q_init is reached)
Choice [q/g/o/c/r, Enter = q]: Reach q_init with q before continuing.

=== Startup choice ===
  q = go to q_init (from params/common.txt), then choose again
  g = guiding mode: go to q_init, then hand-guide to your pose;
      use s+Enter for sequence or h+Enter for hold
  o = open the Franka hand now (release/load tool), then choose again
  c = close/grasp the tool now, then choose again
  r = continue to run mode (available after q_init is reached)
Choice [q/g/o/c/r, Enter = q]: Moving to q_init...
q_init reached.

=== Startup choice ===
  q = go to q_init (from params/common.txt), then choose again
  g = guiding mode: go to q_init, then hand-guide to your pose;
      use s+Enter for sequence or h+Enter for hold
  o = open the Franka hand now (release/load tool), then choose again
  c = close/grasp the tool now, then choose again
  r = continue to run mode
Choice [q/g/o/c/r, Enter = q]: Opening gripper to 80.0 mm...
Gripper opened.

=== Startup choice ===
  q = go to q_init (from params/common.txt), then choose again
  g = guiding mode: go to q_init, then hand-guide to your pose;
      use s+Enter for sequence or h+Enter for hold
  o = open the Franka hand now (release/load tool), then choose again
  c = close/grasp the tool now, then choose again
  r = continue to run mode
Choice [q/g/o/c/r, Enter = q]: Grasping tool: width 70.0 mm, force 60.0 N...
Gripper closed on the tool.

=== Startup choice ===
  q = go to q_init (from params/common.txt), then choose again
  g = guiding mode: go to q_init, then hand-guide to your pose;
      use s+Enter for sequence or h+Enter for hold
  o = open the Franka hand now (release/load tool), then choose again
  c = close/grasp the tool now, then choose again
  r = continue to run mode
Choice [q/g/o/c/r, Enter = q]: 
=== Run mode ===
  s = phase sequence (approach / set up / grind)
  h = hold at the start pose
Choice [s/h, Enter = s]: Selected: phase sequence. Nullspace mode from parameters: nullspace_damping_plus_sigma.

=== Setup ===
run: phase sequence | approach_orient: on | nullspace: nullspace_damping_plus_sigma
nullspace parameters: d_null=2.000 | k_sigma=1.000 Nm | alpha=0.0800 rad
hold: Kp=300.0 N/m | KR=40.0 Nm/rad | damping=auto translation+rotation (factor fitted online toward Dp=50.0 Ns/m)
manual_guidance_start: off | manual_damping=0.50
descend: clearance=20.0 mm | speed=0.100 m/s | max_distance=640 mm
alignment push: start=captured | end=+180 mm | speed=0.050 m/s | ramp_time~=4.0 s | timeout=12.0 s | moment_threshold=150.0 Nm
grind: sweep | axis=tangent2 | amplitude=30 mm | frequency=0.20 Hz
coupled stiffness: apply=on | saved=yes | pole=manual
gates: pause_before_set_up=on | pause_auto_damping=on | pause_before_grind=off | debug_period=0.20 s
alignment-target normal=[+0.087, -0.000, +0.996] | tilt a(x)=0.0 deg, b(y)=5.0 deg (from angles)
tool face: 40 x 120 mm | center offset EE=[+0.0, +0.0, +20.0] mm
Press e+Enter to stop the controller before the duration expires.
During hold: press g+Enter to hand-guide the tool, then p+Enter to recapture and resume hold.
experiment_duration <= 0: running indefinitely until e + Enter.

=== Start pose ===
q_start = [-2.7, 18.1, -5.1, -122.8, 17.6, 139.5, 26.8] deg
p_start = [565.2, -59.4, 151.2] mm

=== Run ===
phase: approach_orient
orient:     t=  0.0 s | axis_err= 11.5 deg | rot_err= 11.5 deg
approach Dp        auto=[ 134.14,   97.25,  122.27]  manual=[  20.00,   20.00,   20.00] Ns/m
approach DR        auto=[  12.73,   16.36,    4.08]  manual=[  12.00,   12.00,   12.00] Nms/rad
orient:     t=  0.2 s | axis_err=  4.6 deg | rot_err=  4.6 deg
orient:     t=  0.4 s | axis_err=  2.3 deg | rot_err=  2.3 deg

Orientation reached: axis_err=1.9 deg
phase: approach_descend
descend:    t=  0.0 s | distance=   0.1 mm | height= +97.3 mm (target 20.0) | force=  0.0 N
descend:    t=  0.2 s | distance=  20.1 mm | height= +85.4 mm (target 20.0) | force=  0.8 N
descend:    t=  0.4 s | distance=  40.1 mm | height= +68.6 mm (target 20.0) | force=  1.8 N
descend:    t=  0.6 s | distance=  60.2 mm | height= +51.2 mm (target 20.0) | force=  2.2 N
descend:    t=  0.8 s | distance=  80.3 mm | height= +33.4 mm (target 20.0) | force=  1.3 N

[GATE] Reached 20 mm above the plane. Press Enter to start the set-up press (e+Enter stops).
pause auto damping: fitted Dp factor=0.551, DR factor=1.962
pause Dp [xyz]     auto=[ 206.46,  155.18,  224.98]  manual=[ 200.00,  200.00,  200.00] Ns/m
pause DR [t1t2n]   auto=[  11.73,   17.28,    2.04]  manual=[  12.73,   16.36,    4.08] Nms/rad
[GATE] Continuing to the set-up press.
descend:    t=  1.7 s | distance=  95.4 mm | height= +19.5 mm (target 20.0) | force=  0.6 N

Clearance reached: distance=95.4 mm | height=19.5 mm | target=20.0 mm | force=0.6 N (not used for the switch)
offset_ee = [0.0, 60.0, 20.0] mm
p_EE_at_contact = [545.6, -65.4, 65.5] mm
contact_point = [539.4, -125.2, 25.9] mm
edge_offset_base = [-6.2, -59.8, -39.6] mm
phase: set_up
set_up Dp [xyz]    auto=[ 236.98,  178.15,  108.18]  manual=[  10.00,   10.00,  175.00] Ns/m
set_up DR [t1t2n]  auto=[   1.41,    2.07,    0.77]  manual=[  10.01,   10.01,   10.00] Nms/rad
set_up:     t=  0.0 s | tip=  0.0 deg | F=  0.0 N | M=  0.0 Nm (limit 150.0) | edge= 19.6 mm
set_up:     t=  0.2 s | tip=  0.5 deg | F=  1.5 N | M=  0.5 Nm (limit 150.0) | edge= 13.6 mm
set_up:     t=  0.4 s | tip=  0.7 deg | F=  2.1 N | M=  0.8 Nm (limit 150.0) | edge=  5.9 mm
set_up:     t=  0.6 s | tip=  1.2 deg | F=  2.6 N | M=  1.1 Nm (limit 150.0) | edge=  5.8 mm
set_up:     t=  0.8 s | tip=  1.9 deg | F=  1.8 N | M=  0.6 Nm (limit 150.0) | edge= 15.1 mm
set_up:     t=  1.0 s | tip=  2.0 deg | F= 10.2 N | M=  5.3 Nm (limit 150.0) | edge= 18.8 mm
set_up:     t=  1.2 s | tip=  2.0 deg | F= 13.2 N | M=  6.9 Nm (limit 150.0) | edge= 18.9 mm
set_up:     t=  1.4 s | tip=  2.0 deg | F= 16.5 N | M=  8.6 Nm (limit 150.0) | edge= 19.1 mm
set_up:     t=  1.6 s | tip=  1.9 deg | F= 20.8 N | M= 10.7 Nm (limit 150.0) | edge= 19.2 mm
set_up:     t=  1.8 s | tip=  1.7 deg | F= 25.7 N | M= 13.2 Nm (limit 150.0) | edge= 19.4 mm
set_up:     t=  2.0 s | tip=  1.2 deg | F= 29.7 N | M= 15.3 Nm (limit 150.0) | edge= 19.5 mm
set_up:     t=  2.2 s | tip=  0.7 deg | F= 32.4 N | M= 16.6 Nm (limit 150.0) | edge= 19.8 mm
set_up:     t=  2.4 s | tip=  0.4 deg | F= 35.9 N | M= 18.3 Nm (limit 150.0) | edge= 19.8 mm
set_up:     t=  2.6 s | tip=  1.0 deg | F= 37.8 N | M= 19.1 Nm (limit 150.0) | edge= 20.0 mm
set_up:     t=  2.8 s | tip=  1.6 deg | F= 41.9 N | M= 21.3 Nm (limit 150.0) | edge= 20.1 mm
set_up:     t=  3.0 s | tip=  2.7 deg | F= 45.0 N | M= 22.9 Nm (limit 150.0) | edge= 19.8 mm
set_up:     t=  3.2 s | tip=  4.0 deg | F= 47.3 N | M= 24.0 Nm (limit 150.0) | edge= 19.5 mm
set_up:     t=  3.4 s | tip=  5.3 deg | F= 49.5 N | M= 25.1 Nm (limit 150.0) | edge= 19.4 mm
set_up:     t=  3.6 s | tip=  6.5 deg | F= 52.8 N | M= 26.8 Nm (limit 150.0) | edge= 19.2 mm
set_up:     t=  3.8 s | tip=  7.7 deg | F= 55.6 N | M= 28.3 Nm (limit 150.0) | edge= 19.0 mm
set_up:     t=  4.0 s | tip=  9.3 deg | F= 58.4 N | M= 29.8 Nm (limit 150.0) | edge= 18.7 mm
set_up:     t=  4.2 s | tip= 10.1 deg | F= 54.0 N | M= 27.6 Nm (limit 150.0) | edge= 18.5 mm
set_up:     t=  4.4 s | tip= 10.2 deg | F= 54.0 N | M= 27.6 Nm (limit 150.0) | edge= 18.5 mm
set_up:     t=  4.6 s | tip= 10.3 deg | F= 54.2 N | M= 27.8 Nm (limit 150.0) | edge= 18.4 mm
set_up:     t=  4.8 s | tip= 10.3 deg | F= 53.9 N | M= 27.6 Nm (limit 150.0) | edge= 18.4 mm
set_up:     t=  5.0 s | tip= 10.4 deg | F= 54.0 N | M= 27.6 Nm (limit 150.0) | edge= 18.4 mm
set_up:     t=  5.2 s | tip= 10.8 deg | F= 53.7 N | M= 27.4 Nm (limit 150.0) | edge= 18.4 mm
set_up:     t=  5.4 s | tip= 10.9 deg | F= 53.4 N | M= 27.3 Nm (limit 150.0) | edge= 18.4 mm
set_up:     t=  5.6 s | tip= 10.9 deg | F= 53.4 N | M= 27.4 Nm (limit 150.0) | edge= 18.4 mm
set_up:     t=  5.8 s | tip= 10.9 deg | F= 53.4 N | M= 27.4 Nm (limit 150.0) | edge= 18.4 mm
set_up:     t=  6.0 s | tip= 10.9 deg | F= 53.3 N | M= 27.4 Nm (limit 150.0) | edge= 18.4 mm
set_up:     t=  6.2 s | tip= 10.9 deg | F= 53.3 N | M= 27.4 Nm (limit 150.0) | edge= 18.4 mm
set_up:     t=  6.4 s | tip= 10.9 deg | F= 53.2 N | M= 27.4 Nm (limit 150.0) | edge= 18.4 mm
set_up:     t=  6.6 s | tip= 10.9 deg | F= 53.2 N | M= 27.4 Nm (limit 150.0) | edge= 18.4 mm
set_up:     t=  6.8 s | tip= 11.0 deg | F= 53.2 N | M= 27.4 Nm (limit 150.0) | edge= 18.4 mm
set_up:     t=  7.0 s | tip= 11.0 deg | F= 53.1 N | M= 27.3 Nm (limit 150.0) | edge= 18.4 mm
set_up:     t=  7.2 s | tip= 11.0 deg | F= 53.3 N | M= 27.4 Nm (limit 150.0) | edge= 18.4 mm
set_up:     t=  7.4 s | tip= 11.0 deg | F= 53.3 N | M= 27.4 Nm (limit 150.0) | edge= 18.4 mm
set_up:     t=  7.6 s | tip= 11.0 deg | F= 53.2 N | M= 27.4 Nm (limit 150.0) | edge= 18.4 mm
set_up:     t=  7.8 s | tip= 11.0 deg | F= 53.2 N | M= 27.4 Nm (limit 150.0) | edge= 18.4 mm
set_up:     t=  8.0 s | tip= 11.0 deg | F= 53.2 N | M= 27.4 Nm (limit 150.0) | edge= 18.4 mm
set_up:     t=  8.2 s | tip= 11.0 deg | F= 53.2 N | M= 27.4 Nm (limit 150.0) | edge= 18.4 mm
set_up:     t=  8.4 s | tip= 11.0 deg | F= 53.2 N | M= 27.4 Nm (limit 150.0) | edge= 18.4 mm
set_up:     t=  8.6 s | tip= 11.0 deg | F= 53.2 N | M= 27.4 Nm (limit 150.0) | edge= 18.4 mm
set_up:     t=  8.8 s | tip= 11.0 deg | F= 53.4 N | M= 27.4 Nm (limit 150.0) | edge= 18.4 mm
set_up:     t=  9.0 s | tip= 11.0 deg | F= 53.3 N | M= 27.4 Nm (limit 150.0) | edge= 18.4 mm
set_up:     t=  9.2 s | tip= 11.0 deg | F= 53.2 N | M= 27.4 Nm (limit 150.0) | edge= 18.4 mm
set_up:     t=  9.4 s | tip= 11.0 deg | F= 53.3 N | M= 27.5 Nm (limit 150.0) | edge= 18.4 mm
set_up:     t=  9.6 s | tip= 11.0 deg | F= 53.1 N | M= 27.4 Nm (limit 150.0) | edge= 18.4 mm
set_up:     t=  9.8 s | tip= 11.0 deg | F= 53.1 N | M= 27.4 Nm (limit 150.0) | edge= 18.4 mm
set_up:     t= 10.0 s | tip= 11.0 deg | F= 53.0 N | M= 27.3 Nm (limit 150.0) | edge= 18.4 mm
set_up:     t= 10.2 s | tip= 11.0 deg | F= 53.1 N | M= 27.4 Nm (limit 150.0) | edge= 18.4 mm
set_up:     t= 10.4 s | tip= 11.0 deg | F= 53.2 N | M= 27.4 Nm (limit 150.0) | edge= 18.4 mm
set_up:     t= 10.6 s | tip= 11.0 deg | F= 53.3 N | M= 27.4 Nm (limit 150.0) | edge= 18.4 mm
set_up:     t= 10.8 s | tip= 11.0 deg | F= 53.1 N | M= 27.4 Nm (limit 150.0) | edge= 18.4 mm
set_up:     t= 11.0 s | tip= 11.0 deg | F= 53.1 N | M= 27.4 Nm (limit 150.0) | edge= 18.4 mm
set_up:     t= 11.2 s | tip= 11.0 deg | F= 53.1 N | M= 27.4 Nm (limit 150.0) | edge= 18.4 mm
set_up:     t= 11.4 s | tip= 11.0 deg | F= 53.1 N | M= 27.4 Nm (limit 150.0) | edge= 18.4 mm
set_up:     t= 11.6 s | tip= 11.0 deg | F= 53.1 N | M= 27.4 Nm (limit 150.0) | edge= 18.4 mm
set_up:     t= 11.8 s | tip= 11.0 deg | F= 53.1 N | M= 27.4 Nm (limit 150.0) | edge= 18.4 mm

=== Set-up result ===
stop: time | t=12.0 s | tip=11.0 deg | F=53.0 N | M=27.4 Nm
edge_from_contact = [-1.4, -0.0, -18.3] mm | norm=18.4 mm
tcp_from_contact  = [+0.1, +60.0, +1.5] mm | norm=60.0 mm
alignment: before=0.42 deg | after=10.85 deg | gain=-10.42 deg

=== Set-up surface-frame breakdown ===
frame: alignment-target [tangent1, tangent2, normal]
force        [N]      = [    +5.02,     -3.08,    -52.67]
tcp_disp     [mm]     = [    -2.71,     +0.21,    -38.47]
edge_disp    [mm]     = [    +0.18,     -0.02,    -18.40]
Kp_eff=F/tcp [N/m]    = [  -1853.8,  -14758.9,    1369.2]
moment@edge  [Nm]     = [    +2.93,    +26.77,     -1.21]
tip_angle    [deg]    = [    +0.72,    +10.96,     +0.93]
KR_eff=M/ang [Nm/rad] = [    233.5,     139.9,     -73.9]

finite_axis: angle=11.0 deg | axis_from_edge=[+93.8, -5.5, -16.4] mm | dir=[-0.072, -0.994, -0.079] | pitch=+8.2 mm/rad

=== Coupled stiffness from the measured pole ===
source spring K_pole/D_pole (diagonal, from parameters):
  Kp [N/m]     = [2000, 2000, 350]
  KR [Nm/rad]  = [5, 5, 50]
  Dp [Ns/m]    = [10, 10, 175]
  DR [Nms/rad] = [10.01, 10.01, 10]

poles compared (lever r_c = TCP - pole):
  (A) measured axis : angle=11.0 deg | pitch=+8.2 mm/rad
      pole_from_edge = [95.1, -7.1, 1.8] mm
      r_c            = [-93.5, 67.1, 18.0] mm
  (B) manual pole   : COMMANDED this run, contact reference
      pole_from_edge = [-71.3, 0.0, 105.0] mm
      r_c            = [78.9, 59.8, -47.1] mm
      r_c(B)-r_c(A)  = [172.5, -7.3, -65.1] mm

K_TCP = Ad^T K_pole Ad  [rows fx..mz | cols tx..rz]:
  (A) measured axis:
           tx        ty        tz    |    rx        ry        rz
  fx [    2000        0        0 |        0    -36.1    134.2 ]
  fy [       0     2000        0 |     36.1        0    187.1 ]
  fz [       0        0      350 |   -23.48   -32.74        0 ]
     ---------------------------+---------------------------
  mx [       0     36.1   -23.48 |    7.569    2.197    7.283 ]
  my [   -36.1        0   -32.74 |    2.197    8.714   -2.422 ]
  mz [   134.2    187.1        0 |    7.283   -2.422    76.16 ]
  (A) K_TCP eigenvalues = [4.932, 5, 49.32, 354.7, 2001, 2028] -> PSD ok (>=0) (min=4.932)
  (B) manual pole:
           tx        ty        tz    |    rx        ry        rz
  fx [    2000        0        0 |        0    94.15    119.6 ]
  fy [       0     2000        0 |   -94.15        0   -157.8 ]
  fz [       0        0      350 |   -20.93    27.62        0 ]
     ---------------------------+---------------------------
  mx [       0   -94.15   -20.93 |    11.02   -1.652    11.34 ]
  my [   94.15        0    27.62 |   -1.652    11.61     5.63 ]
  mz [   119.6   -157.8        0 |    11.34     5.63    69.26 ]
  (B) K_TCP eigenvalues = [4.94, 4.992, 49.47, 353.5, 2004, 2025] -> PSD ok (>=0) (min=4.94)

D_TCP = Ad^T D_pole Ad:
  (A) measured axis:
           tx        ty        tz    |    rx        ry        rz
  fx [     237        0        0 |        0   -4.277     15.9 ]
  fy [       0    178.1        0 |    3.215        0    16.66 ]
  fz [       0        0    108.2 |   -7.259   -10.12        0 ]
     ---------------------------+---------------------------
  mx [       0    3.215   -7.259 |     1.95    0.679   0.2456 ]
  my [  -4.277        0   -10.12 |    0.679    3.095   -0.287 ]
  mz [    15.9    16.66        0 |   0.2456   -0.287    3.404 ]
  (A) D_TCP eigenvalues = [0.7636, 1.403, 2.053, 109.6, 179.7, 238.2] -> PSD ok (>=0) (min=0.7636)
  (B) manual pole:
           tx        ty        tz    |    rx        ry        rz
  fx [     237        0        0 |        0    11.16    14.17 ]
  fy [       0    178.1        0 |   -8.386        0   -14.06 ]
  fz [       0        0    108.2 |   -6.469    8.537        0 ]
     ---------------------------+---------------------------
  mx [       0   -8.386   -6.469 |    2.186  -0.5105   0.6066 ]
  my [   11.16        0    8.537 |  -0.5105     3.27    0.667 ]
  mz [   14.17   -14.06        0 |   0.6066    0.667    2.736 ]
  (B) D_TCP eigenvalues = [0.766, 1.402, 2.054, 109.3, 179.6, 238.4] -> PSD ok (>=0) (min=0.766)
phase: grind

Stop requested with e + Enter. Finishing control loop...

Joint motion [deg]:
joint    start   final   delta
------------------------------
q1       -2.7    -4.7    -1.9
q2       18.1    30.2    12.1
q3       -5.1    -0.4     4.8
q4     -122.8  -129.9    -7.1
q5       17.6     0.8   -16.7
q6      139.5   163.7    24.2
q7       26.8    42.6    15.8

=== Final result ===
p_d = [528.2, -44.9, -133.3] mm
p_EE = [537.1, -48.0, 27.0] mm
e_p = [-9.0, 3.2, -160.3] mm
position_error = 160.58 mm
e_R = [0.67, 8.68, 0.82] deg
rotation_error = 8.75 deg
csv: surface_grinding_controller_log.csv
