
Press Enter to recover and configure the robot.
Robot recovered or already ready.
keys: e stop | m menu | g hand-guide

=== Startup mode ===
  s = run the phase sequence from q_init
  h = hold the q_init pose
  t = hold with the set-up impedance
  g = hand-guide the start pose
  q = go to q_init and inspect
  o = open the hand now
  c = grasp the tool now
  r = recalibrate hand width, fingers empty
  f = fetch the tool from the holder
  b = put the tool back
  e = stop and quit
While a run is going: e+Enter stops, m+Enter comes back here.
Choice [s/h/t/g/q/o/c/r/f/b/e]: 
=== Phase sequence mode ===
Moving to q_init (horizontal_table_search)
  q1..q7 [deg] = [0.8, 12.1, -0.5, -130.9, -0.2, 142.9, 44.7] deg
  horizontal_table_search = [0.014777, 0.210911, -0.009320, -2.284835, -0.002725, 2.493410, 0.780694] rad
q_init reached.

=== Start pose ===
q_start = [0.8, 12.1, -0.5, -130.9, -0.2, 142.9, 44.7] deg
p_start = [531.3, 2.4, 156.9] mm

=== Run ===
phase: approach_orient
  Kp=[150, 150, 150] N/m  KR=[90, 90, 90] Nm/rad  [t1,t2,n]
  Dp=[126.5, 103.6, 128.3] Ns/m  DR=[13.45, 15.79, 2.02] Nms/rad  auto (factor 1.90)
orient:     t=  0.0 s | axis_err=  6.1 deg | spin_err= 24.3 deg
orient:     t=  0.2 s | axis_err=  6.0 deg | spin_err= 21.0 deg
orient:     t=  0.4 s | axis_err=  5.6 deg | spin_err= 17.2 deg
orient:     t=  0.6 s | axis_err=  4.9 deg | spin_err= 13.3 deg
orient:     t=  0.8 s | axis_err=  4.2 deg | spin_err=  9.4 deg
orient:     t=  1.0 s | axis_err=  3.3 deg | spin_err=  5.6 deg
orient:     t=  1.2 s | axis_err=  2.3 deg | spin_err=  1.7 deg

Orientation reached: axis_err=2.0 deg | spin_err=0.5 deg
phase: approach_descend
  Kp=[150, 150, 150] N/m  KR=[90, 90, 90] Nm/rad  [t1,t2,n]
  Dp=[126.5, 103.6, 128.3] Ns/m  DR=[13.45, 15.79, 2.02] Nms/rad  auto (factor 1.90)
  descend to 20 mm clearance at 0.100 m/s
descend:    t=  0.0 s | distance=   0.1 mm | height=+134.6 mm (target 20.0) | force=  0.0 N
descend:    t=  0.2 s | distance=  20.2 mm | height=+123.4 mm (target 20.0) | force=  0.2 N
descend:    t=  0.4 s | distance=  40.3 mm | height=+106.4 mm (target 20.0) | force=  1.1 N
descend:    t=  0.6 s | distance=  60.4 mm | height= +88.5 mm (target 20.0) | force=  0.8 N
descend:    t=  0.8 s | distance=  80.5 mm | height= +70.4 mm (target 20.0) | force=  1.6 N
descend:    t=  1.0 s | distance= 100.6 mm | height= +52.3 mm (target 20.0) | force=  0.1 N
descend:    t=  1.2 s | distance= 120.7 mm | height= +34.1 mm (target 20.0) | force=  1.7 N

[GATE] Reached 20 mm above the plane. Press Enter to start the set-up press (e+Enter stops).
  gate hold: Kp=[5000, 5000, 5000] N/m [x,y,z]  KR=[90, 90, 90] Nm/rad [t1,t2,n]
             Dp=[206.5, 150.4, 244.2] Ns/m  DR=[11.93, 13.46, 1.86] Nms/rad  auto
[GATE] Continuing to the set-up press.
descend:    t=  5.4 s | distance= 136.2 mm | height= +19.1 mm (target 20.0) | force= -1.0 N

Clearance reached: distance=136.2 mm | height=19.1 mm | target=20.0 mm | force=-1.0 N (not used for the switch)
offset_ee = [-20.0, -60.0, 20.0] mm
p_EE_at_contact = [527.0, -6.5, 42.3] mm
contact_point = [483.3, 37.3, -0.3] mm
edge_offset_base = [-43.7, 43.8, -42.6] mm
phase: set_up

--- set-up impedance ---
  f = Kp*e_p + Dp*de,   m = KR*e_R + DR*dw   (decoupled)
  Kp [t1,t2,n]  = [  2000.0,   2000.0,    800.0] N/m
  Dp [t1,t2,n]  = [   219.5,    182.8,    171.5] Ns/m   auto
  KR [t1,t2,n]  = [     5.0,      5.0,     50.0] Nm/rad
  DR [t1,t2,n]  = [     1.6,      1.8,      0.8] Nms/rad   auto
set_up:     t=  0.0 s | tip=  0.0 deg | F=  0.0 N | M=  0.0 Nm (limit 150.0) | edge= 19.1 mm
set_up:     t=  0.2 s | tip=  0.6 deg | F=  1.8 N | M=  1.2 Nm (limit 150.0) | edge= 13.0 mm
set_up:     t=  0.4 s | tip=  1.2 deg | F=  2.4 N | M=  1.4 Nm (limit 150.0) | edge=  4.6 mm
set_up:     t=  0.6 s | tip=  1.4 deg | F= 16.7 N | M=  8.9 Nm (limit 150.0) | edge=  2.5 mm
set_up:     t=  0.8 s | tip=  1.4 deg | F= 24.0 N | M= 12.6 Nm (limit 150.0) | edge=  2.5 mm
set_up:     t=  1.0 s | tip=  1.4 deg | F= 32.2 N | M= 16.8 Nm (limit 150.0) | edge=  2.4 mm
set_up:     t=  1.2 s | tip=  1.5 deg | F= 40.4 N | M= 21.0 Nm (limit 150.0) | edge=  2.4 mm
set_up:     t=  1.4 s | tip=  1.5 deg | F= 48.3 N | M= 25.0 Nm (limit 150.0) | edge=  2.4 mm
set_up:     t=  1.6 s | tip=  1.5 deg | F= 56.5 N | M= 29.3 Nm (limit 150.0) | edge=  2.4 mm
set_up:     t=  1.8 s | tip=  1.5 deg | F= 49.4 N | M= 25.6 Nm (limit 150.0) | edge=  2.4 mm
set_up:     t=  2.0 s | tip=  1.5 deg | F= 49.2 N | M= 25.6 Nm (limit 150.0) | edge=  2.4 mm
set_up:     t=  2.2 s | tip=  1.5 deg | F= 49.1 N | M= 25.5 Nm (limit 150.0) | edge=  2.4 mm
set_up:     t=  2.4 s | tip=  1.5 deg | F= 49.0 N | M= 25.5 Nm (limit 150.0) | edge=  2.4 mm
set_up:     t=  2.6 s | tip=  1.5 deg | F= 48.9 N | M= 25.4 Nm (limit 150.0) | edge=  2.4 mm
set_up:     t=  2.8 s | tip=  1.5 deg | F= 48.9 N | M= 25.4 Nm (limit 150.0) | edge=  2.4 mm
set_up:     t=  3.0 s | tip=  1.5 deg | F= 48.9 N | M= 25.4 Nm (limit 150.0) | edge=  2.4 mm
set_up:     t=  3.2 s | tip=  1.5 deg | F= 48.9 N | M= 25.4 Nm (limit 150.0) | edge=  2.4 mm
set_up:     t=  3.4 s | tip=  1.5 deg | F= 48.8 N | M= 25.4 Nm (limit 150.0) | edge=  2.4 mm
set_up:     t=  3.6 s | tip=  1.5 deg | F= 48.8 N | M= 25.4 Nm (limit 150.0) | edge=  2.4 mm
set_up:     t=  3.8 s | tip=  1.5 deg | F= 48.6 N | M= 25.3 Nm (limit 150.0) | edge=  2.4 mm
set_up:     t=  4.0 s | tip=  1.5 deg | F= 48.6 N | M= 25.3 Nm (limit 150.0) | edge=  2.4 mm
set_up:     t=  4.2 s | tip=  1.5 deg | F= 48.6 N | M= 25.3 Nm (limit 150.0) | edge=  2.4 mm
set_up:     t=  4.4 s | tip=  1.5 deg | F= 48.8 N | M= 25.4 Nm (limit 150.0) | edge=  2.4 mm
set_up:     t=  4.6 s | tip=  1.5 deg | F= 48.7 N | M= 25.3 Nm (limit 150.0) | edge=  2.4 mm
set_up:     t=  4.8 s | tip=  1.5 deg | F= 48.7 N | M= 25.3 Nm (limit 150.0) | edge=  2.4 mm

=== Set-up result ===
stop: time | t=5.0 s | tip=1.5 deg | F=48.9 N | M=25.4 Nm
edge_from_contact = [-2.3, -0.1, +0.7] mm | norm=2.4 mm
tcp_from_contact  = [+41.6, -44.6, +23.0] mm | norm=65.2 mm
alignment: before=2.77 deg | after=2.23 deg | gain=+0.53 deg
alignment components [t1,t2,n] deg: before=[-2.74,-0.39,+0.00] | after=[-2.02,+0.96,+0.00]

=== Set-up surface-frame breakdown ===
frame: alignment-target [tangent1, tangent2, normal]
force        [N]      = [    -3.52,     +0.10,    -48.76]
tcp_disp     [mm]     = [    +1.73,     -0.52,    -19.66]
edge_disp    [mm]     = [    +2.15,     -0.84,     +0.61]
Kp_eff=F/tcp [N/m]    = [  -2027.8,    -199.4,    2480.0]
moment@edge  [Nm]     = [   -13.55,    -24.13,     +0.76]
tip_angle    [deg]    = [    +0.72,     +1.34,     +0.11]
KR_eff=M/ang [Nm/rad] = [  -1076.8,   -1030.8,     415.8]

[GATE] Set up finished (holding the pressed pose). Press Enter to start the grind (e+Enter stops).
[GATE] Continuing to grind.
phase: grind
  free-slide press hold. Impedance as set up.

Stop requested with e + Enter. Finishing control loop...

Joint motion [deg]:
joint    start   final   delta
------------------------------
q1        0.8     1.8     1.0
q2       12.1    30.0    17.8
q3       -0.5    -2.3    -1.8
q4     -130.9  -129.7     1.2
q5       -0.2    -6.8    -6.6
q6      142.9   158.8    15.9
q7       44.7    26.1   -18.6

=== Final result ===
p_d = [523.2, -8.8, -36.7] mm
p_EE = [524.7, -7.4, 22.5] mm
e_p = [-1.5, -1.5, -59.2] mm
position_error = 59.28 mm
e_R = [-0.12, -1.55, 0.19] deg
rotation_error = 1.56 deg
csv: logs/surface_grinding_controller_log.csv
