
Press Enter to recover and configure the robot.
Robot recovered or already ready.
keys: e stop | m menu | g hand-guide

=== Startup mode ===
  s = run the phase sequence from q_init
  h = hold the q_init pose
  t = hold with the set-up impedance
  g = hand-guide the start pose
  q = go to q_init and inspect
  o = open the hand now
  c = grasp the tool now
  r = recalibrate hand width, fingers empty
  f = fetch the tool from the holder
  b = put the tool back
  e = stop and quit
While a run is going: e+Enter stops, m+Enter comes back here.
Choice [s/h/t/g/q/o/c/r/f/b/e]: Choose s, h, t, g, q, o, c, r, f, b, or e explicitly.

=== Startup mode ===
  s = run the phase sequence from q_init
  h = hold the q_init pose
  t = hold with the set-up impedance
  g = hand-guide the start pose
  q = go to q_init and inspect
  o = open the hand now
  c = grasp the tool now
  r = recalibrate hand width, fingers empty
  f = fetch the tool from the holder
  b = put the tool back
  e = stop and quit
While a run is going: e+Enter stops, m+Enter comes back here.
Choice [s/h/t/g/q/o/c/r/f/b/e]: 
=== Phase sequence mode ===
Moving to q_init (horizontal_table_search)
  q1..q7 [deg] = [0.8, 12.1, -0.5, -130.9, -0.2, 142.9, 44.7] deg
  horizontal_table_search = [0.014777, 0.210911, -0.009320, -2.284835, -0.002725, 2.493410, 0.780694] rad
q_init reached.

=== Start pose ===
q_start = [0.8, 12.1, -0.5, -130.9, -0.1, 142.9, 44.7] deg
p_start = [531.1, 2.6, 156.7] mm

=== Run ===
phase: approach_orient
  Kp=[150, 150, 150] N/m  KR=[90, 90, 90] Nm/rad  [t1,t2,n]
  Dp=[126.5, 103.6, 128.3] Ns/m  DR=[13.46, 15.79, 2.02] Nms/rad  auto (factor 1.90)
orient:     t=  0.0 s | axis_err=  9.0 deg | spin_err= 24.2 deg
orient:     t=  0.2 s | axis_err=  8.8 deg | spin_err= 21.1 deg
orient:     t=  0.4 s | axis_err=  8.1 deg | spin_err= 17.4 deg
orient:     t=  0.6 s | axis_err=  7.1 deg | spin_err= 13.7 deg
orient:     t=  0.8 s | axis_err=  6.0 deg | spin_err= 10.1 deg
orient:     t=  1.0 s | axis_err=  4.9 deg | spin_err=  6.4 deg
orient:     t=  1.2 s | axis_err=  3.9 deg | spin_err=  2.8 deg
orient:     t=  1.4 s | axis_err=  3.1 deg | spin_err=  0.4 deg
orient:     t=  1.6 s | axis_err=  2.8 deg | spin_err=  0.4 deg
orient:     t=  1.8 s | axis_err=  2.7 deg | spin_err=  0.3 deg
orient:     t=  2.0 s | axis_err=  2.7 deg | spin_err=  0.3 deg
orient:     t=  2.2 s | axis_err=  2.7 deg | spin_err=  0.3 deg
orient:     t=  2.4 s | axis_err=  2.7 deg | spin_err=  0.3 deg
orient:     t=  2.6 s | axis_err=  2.6 deg | spin_err=  0.3 deg
orient:     t=  2.8 s | axis_err=  2.6 deg | spin_err=  0.3 deg
orient:     t=  3.0 s | axis_err=  2.6 deg | spin_err=  0.3 deg
orient:     t=  3.2 s | axis_err=  2.6 deg | spin_err=  0.3 deg
orient:     t=  3.4 s | axis_err=  2.6 deg | spin_err=  0.3 deg
orient:     t=  3.6 s | axis_err=  2.6 deg | spin_err=  0.3 deg
orient:     t=  3.8 s | axis_err=  2.6 deg | spin_err=  0.3 deg
orient:     t=  4.0 s | axis_err=  2.6 deg | spin_err=  0.3 deg
orient:     t=  4.2 s | axis_err=  2.6 deg | spin_err=  0.3 deg
orient:     t=  4.4 s | axis_err=  2.6 deg | spin_err=  0.3 deg
orient:     t=  4.6 s | axis_err=  2.6 deg | spin_err=  0.3 deg
orient:     t=  4.8 s | axis_err=  2.6 deg | spin_err=  0.3 deg

Orientation settled short of the 2.0 deg gate after 5.0 s: axis_err=2.6 deg | spin_err=0.3 deg
phase: approach_descend
  Kp=[150, 150, 150] N/m  KR=[90, 90, 90] Nm/rad  [t1,t2,n]
  Dp=[126.5, 103.6, 128.3] Ns/m  DR=[13.46, 15.79, 2.02] Nms/rad  auto (factor 1.90)
  descend to 20 mm clearance at 0.100 m/s
descend:    t=  0.0 s | distance=   0.1 mm | height=+138.0 mm (target 20.0) | force= -0.0 N
descend:    t=  0.2 s | distance=  20.1 mm | height=+125.9 mm (target 20.0) | force= -0.0 N
descend:    t=  0.4 s | distance=  40.1 mm | height=+108.1 mm (target 20.0) | force=  0.1 N
descend:    t=  0.6 s | distance=  60.1 mm | height= +89.7 mm (target 20.0) | force=  1.6 N
descend:    t=  0.8 s | distance=  80.1 mm | height= +70.8 mm (target 20.0) | force=  1.0 N
descend:    t=  1.0 s | distance= 100.1 mm | height= +51.6 mm (target 20.0) | force= -0.8 N
descend:    t=  1.2 s | distance= 120.1 mm | height= +32.3 mm (target 20.0) | force=  0.9 N

[GATE] Reached 20 mm above the plane. Press Enter to start the set-up press (e+Enter stops).
  gate hold: Kp=[5000, 5000, 5000] N/m [x,y,z]  KR=[90, 90, 90] Nm/rad [t1,t2,n]
             Dp=[205.2, 145.5, 252.2] Ns/m  DR=[13.67, 12.08, 2.50] Nms/rad  auto
[GATE] Continuing to the set-up press.
descend:    t=  2.5 s | distance= 132.7 mm | height= +19.2 mm (target 20.0) | force= -1.3 N

Clearance reached: distance=132.7 mm | height=19.2 mm | target=20.0 mm | force=-1.3 N (not used for the switch)
offset_ee = [-20.0, -60.0, 20.0] mm
p_EE_at_contact = [536.8, 11.8, 43.5] mm
contact_point = [496.2, 57.5, -1.1] mm
edge_offset_base = [-40.6, 45.6, -44.6] mm
phase: set_up

--- set-up impedance ---
  f = Kp*e_p + Dp*de,   m = KR*e_R + DR*dw   (decoupled)
  Kp [t1,t2,n]  = [  2000.0,   2000.0,    800.0] N/m
  Dp [t1,t2,n]  = [   212.2,    178.9,    174.9] Ns/m   auto
  KR [t1,t2,n]  = [     5.0,     15.0,     50.0] Nm/rad
  DR [t1,t2,n]  = [     1.9,      2.9,      1.2] Nms/rad   auto
set_up:     t=  0.0 s | tip=  0.0 deg | F=  0.0 N | M=  0.0 Nm (limit 150.0) | edge= 19.2 mm
set_up:     t=  0.2 s | tip=  0.6 deg | F=  2.0 N | M=  1.3 Nm (limit 150.0) | edge= 12.8 mm
set_up:     t=  0.4 s | tip=  1.3 deg | F=  2.9 N | M=  1.7 Nm (limit 150.0) | edge=  4.7 mm
set_up:     t=  0.6 s | tip=  1.6 deg | F= 15.9 N | M=  8.5 Nm (limit 150.0) | edge=  1.9 mm
set_up:     t=  0.8 s | tip=  1.6 deg | F= 22.6 N | M= 12.0 Nm (limit 150.0) | edge=  1.9 mm
set_up:     t=  1.0 s | tip=  1.6 deg | F= 30.0 N | M= 15.9 Nm (limit 150.0) | edge=  2.0 mm
set_up:     t=  1.2 s | tip=  1.7 deg | F= 38.2 N | M= 20.2 Nm (limit 150.0) | edge=  2.1 mm
set_up:     t=  1.4 s | tip=  1.9 deg | F= 46.0 N | M= 24.3 Nm (limit 150.0) | edge=  2.2 mm
set_up:     t=  1.6 s | tip=  2.0 deg | F= 55.4 N | M= 29.2 Nm (limit 150.0) | edge=  2.2 mm
set_up:     t=  1.8 s | tip=  2.0 deg | F= 47.8 N | M= 25.2 Nm (limit 150.0) | edge=  2.2 mm
set_up:     t=  2.0 s | tip=  2.0 deg | F= 47.9 N | M= 25.2 Nm (limit 150.0) | edge=  2.2 mm
set_up:     t=  2.2 s | tip=  2.0 deg | F= 47.7 N | M= 25.1 Nm (limit 150.0) | edge=  2.2 mm
set_up:     t=  2.4 s | tip=  2.0 deg | F= 47.6 N | M= 25.1 Nm (limit 150.0) | edge=  2.2 mm
set_up:     t=  2.6 s | tip=  2.0 deg | F= 47.6 N | M= 25.1 Nm (limit 150.0) | edge=  2.2 mm
set_up:     t=  2.8 s | tip=  2.0 deg | F= 47.6 N | M= 25.1 Nm (limit 150.0) | edge=  2.2 mm
set_up:     t=  3.0 s | tip=  2.0 deg | F= 47.5 N | M= 25.0 Nm (limit 150.0) | edge=  2.2 mm
set_up:     t=  3.2 s | tip=  2.0 deg | F= 47.6 N | M= 25.1 Nm (limit 150.0) | edge=  2.2 mm
set_up:     t=  3.4 s | tip=  2.0 deg | F= 47.5 N | M= 25.0 Nm (limit 150.0) | edge=  2.2 mm
set_up:     t=  3.6 s | tip=  2.0 deg | F= 47.4 N | M= 25.0 Nm (limit 150.0) | edge=  2.2 mm
set_up:     t=  3.8 s | tip=  2.0 deg | F= 47.7 N | M= 25.1 Nm (limit 150.0) | edge=  2.2 mm
set_up:     t=  4.0 s | tip=  2.0 deg | F= 47.6 N | M= 25.1 Nm (limit 150.0) | edge=  2.2 mm
set_up:     t=  4.2 s | tip=  2.0 deg | F= 47.6 N | M= 25.1 Nm (limit 150.0) | edge=  2.2 mm
set_up:     t=  4.4 s | tip=  2.0 deg | F= 47.6 N | M= 25.0 Nm (limit 150.0) | edge=  2.2 mm
set_up:     t=  4.6 s | tip=  2.0 deg | F= 47.5 N | M= 25.0 Nm (limit 150.0) | edge=  2.2 mm
set_up:     t=  4.8 s | tip=  2.0 deg | F= 47.6 N | M= 25.1 Nm (limit 150.0) | edge=  2.2 mm

=== Set-up result ===
stop: time | t=5.0 s | tip=2.0 deg | F=47.6 N | M=25.1 Nm
edge_from_contact = [-2.0, +0.3, -1.0] mm | norm=2.2 mm
tcp_from_contact  = [+39.0, -46.1, +23.0] mm | norm=64.6 mm
alignment: before=8.93 deg | after=7.02 deg | gain=+1.91 deg
alignment components [t1,t2,n] deg: before=[-1.90,-8.73,+0.00] | after=[-1.07,-6.94,-0.00]

=== Set-up surface-frame breakdown ===
frame: alignment-target [tangent1, tangent2, normal]
force        [N]      = [    -2.96,     -0.89,    -47.54]
tcp_disp     [mm]     = [    +1.08,     -0.69,    -21.62]
edge_disp    [mm]     = [    +1.64,     -1.10,     -1.06]
Kp_eff=F/tcp [N/m]    = [  -2737.3,    1288.3,    2199.0]
moment@edge  [Nm]     = [    -9.91,    -24.92,     +1.04]
tip_angle    [deg]    = [    +0.85,     +1.79,     +0.18]
KR_eff=M/ang [Nm/rad] = [   -665.6,    -798.9,     326.4]

[GATE] Set up finished (holding the pressed pose). Press Enter to start the grind (e+Enter stops).

Stop requested with e + Enter. Finishing control loop...

Joint motion [deg]:
joint    start   final   delta
------------------------------
q1        0.8     0.5    -0.4
q2       12.1    30.5    18.4
q3       -0.5     0.7     1.2
q4     -130.9  -132.0    -1.1
q5       -0.1     0.4     0.6
q6      142.9   168.6    25.7
q7       44.7    20.9   -23.8

=== Final result ===
p_d = [535.5, 9.6, -35.7] mm
p_EE = [535.2, 11.4, 21.9] mm
e_p = [0.3, -1.8, -57.5] mm
position_error = 57.55 mm
e_R = [-0.01, -1.98, 0.24] deg
rotation_error = 1.99 deg
csv: logs/surface_grinding_controller_log.csv
