
Press Enter to recover and configure the robot.
Robot recovered or already ready.
Collision: custom thresholds.

=== Startup choice ===
  q = go to q_init (from params/common.txt), then choose again
  g = guiding mode: go to q_init, then hand-guide to your pose;
      use s+Enter for sequence or h+Enter for hold
  o = open the Franka hand now (release/load tool), then choose again
  c = close/grasp the tool now, then choose again
  r = continue to run mode (available after q_init is reached)
Choice [q/g/o/c/r, Enter = q]: Moving to q_init...
q_init reached.

=== Startup choice ===
  q = go to q_init (from params/common.txt), then choose again
  g = guiding mode: go to q_init, then hand-guide to your pose;
      use s+Enter for sequence or h+Enter for hold
  o = open the Franka hand now (release/load tool), then choose again
  c = close/grasp the tool now, then choose again
  r = continue to run mode
Choice [q/g/o/c/r, Enter = q]: 
=== Run mode ===
  s = phase sequence (approach / set up / grind)
  h = hold at the start pose
Choice [s/h, Enter = s]: Selected: phase sequence. Nullspace mode from parameters: nullspace_damping_plus_sigma.

=== Setup ===
run: phase sequence | approach_orient: on | nullspace: nullspace_damping_plus_sigma
nullspace parameters: d_null=2.000 | k_sigma=1.000 Nm | alpha=0.0800 rad
hold: Kp=300.0 N/m | KR=40.0 Nm/rad | damping=auto translation+rotation (factor fitted online toward Dp=50.0 Ns/m)
manual_guidance_start: off | manual_damping=0.50
descend: clearance=20.0 mm | speed=0.100 m/s | max_distance=640 mm
alignment push: start=captured | end=+180 mm | speed=0.050 m/s | ramp_time~=4.0 s | timeout=12.0 s | moment_threshold=150.0 Nm
grind: sweep | axis=tangent2 | amplitude=30 mm | frequency=0.20 Hz
coupled stiffness: apply=on | saved=yes | pole=manual
gates: pause_before_set_up=on | pause_auto_damping=on | pause_before_grind=off | debug_period=0.20 s
alignment-target normal=[+0.087, -0.000, +0.996] | tilt a(x)=0.0 deg, b(y)=5.0 deg (from angles)
tool face: 40 x 120 mm | center offset EE=[+0.0, +0.0, +20.0] mm
Gripper already holding the tool (width 65.0 mm); keeping grasp.
Press e+Enter to stop the controller before the duration expires.
During hold: press g+Enter to hand-guide the tool, then p+Enter to recapture and resume hold.
experiment_duration <= 0: running indefinitely until e + Enter.

=== Start pose ===
q_start = [-2.7, 18.1, -5.1, -122.8, 17.5, 139.5, 26.8] deg
p_start = [565.2, -59.4, 151.2] mm

=== Run ===
phase: approach_orient
orient:     t=  0.0 s | axis_err= 11.5 deg | rot_err= 11.5 deg
approach Dp        auto=[ 134.15,   97.25,  122.27]  manual=[  20.00,   20.00,   20.00] Ns/m
approach DR        auto=[  12.73,   16.36,    4.08]  manual=[  12.00,   12.00,   12.00] Nms/rad
orient:     t=  0.2 s | axis_err=  4.6 deg | rot_err=  4.6 deg
orient:     t=  0.4 s | axis_err=  2.5 deg | rot_err=  2.5 deg

Orientation reached: axis_err=2.0 deg
phase: approach_descend
descend:    t=  0.0 s | distance=   0.1 mm | height= +95.3 mm (target 20.0) | force=  0.0 N
descend:    t=  0.2 s | distance=  20.1 mm | height= +83.1 mm (target 20.0) | force=  2.6 N
descend:    t=  0.4 s | distance=  40.1 mm | height= +67.4 mm (target 20.0) | force=  2.3 N
descend:    t=  0.6 s | distance=  60.2 mm | height= +50.8 mm (target 20.0) | force=  2.7 N
descend:    t=  0.8 s | distance=  80.3 mm | height= +33.3 mm (target 20.0) | force=  2.6 N

[GATE] Reached 20 mm above the plane. Press Enter to start the set-up press (e+Enter stops).
pause auto damping: fitted Dp factor=0.551, DR factor=1.960
pause Dp [xyz]     auto=[ 206.57,  155.14,  224.91]  manual=[ 200.00,  200.00,  200.00] Ns/m
pause DR [t1t2n]   auto=[  11.71,   17.29,    2.04]  manual=[  12.73,   16.36,    4.08] Nms/rad
[GATE] Continuing to the set-up press.
descend:    t=  1.3 s | distance=  95.6 mm | height= +19.4 mm (target 20.0) | force=  1.1 N

Clearance reached: distance=95.6 mm | height=19.4 mm | target=20.0 mm | force=1.1 N (not used for the switch)
offset_ee = [20.0, 60.0, 20.0] mm
p_EE_at_contact = [546.1, -63.9, 65.4] mm
contact_point = [559.9, -124.6, 24.1] mm
edge_offset_base = [13.8, -60.7, -41.3] mm
phase: set_up
set_up Dp [xyz]    auto=[ 237.09,  178.09,  108.13]  manual=[  10.00,   10.00,  175.00] Ns/m
set_up DR [t1t2n]  auto=[   1.41,    2.07,    0.77]  manual=[  10.01,   10.01,   10.00] Nms/rad
set_up:     t=  0.0 s | tip=  0.0 deg | F=  0.0 N | M=  0.0 Nm (limit 150.0) | edge= 19.4 mm
set_up:     t=  0.2 s | tip=  0.6 deg | F=  1.1 N | M=  0.5 Nm (limit 150.0) | edge= 13.5 mm
set_up:     t=  0.4 s | tip=  1.2 deg | F=  3.0 N | M=  1.3 Nm (limit 150.0) | edge=  6.5 mm
set_up:     t=  0.6 s | tip=  1.9 deg | F=  2.4 N | M=  0.9 Nm (limit 150.0) | edge=  5.8 mm
set_up:     t=  0.8 s | tip=  2.6 deg | F=  2.5 N | M=  0.8 Nm (limit 150.0) | edge= 13.4 mm
set_up:     t=  1.0 s | tip=  3.0 deg | F= 13.7 N | M=  7.4 Nm (limit 150.0) | edge= 20.1 mm
set_up:     t=  1.2 s | tip=  3.0 deg | F= 12.7 N | M=  6.9 Nm (limit 150.0) | edge= 20.2 mm
set_up:     t=  1.4 s | tip=  3.0 deg | F= 16.7 N | M=  9.2 Nm (limit 150.0) | edge= 20.3 mm
set_up:     t=  1.6 s | tip=  3.0 deg | F= 20.4 N | M= 11.2 Nm (limit 150.0) | edge= 20.4 mm
set_up:     t=  1.8 s | tip=  3.0 deg | F= 24.0 N | M= 13.2 Nm (limit 150.0) | edge= 20.5 mm
set_up:     t=  2.0 s | tip=  3.0 deg | F= 27.7 N | M= 15.2 Nm (limit 150.0) | edge= 20.7 mm
set_up:     t=  2.2 s | tip=  3.1 deg | F= 31.5 N | M= 17.1 Nm (limit 150.0) | edge= 20.8 mm
set_up:     t=  2.4 s | tip=  3.1 deg | F= 35.2 N | M= 19.1 Nm (limit 150.0) | edge= 20.9 mm
set_up:     t=  2.6 s | tip=  3.1 deg | F= 38.6 N | M= 20.9 Nm (limit 150.0) | edge= 21.1 mm
set_up:     t=  2.8 s | tip=  3.1 deg | F= 42.6 N | M= 23.0 Nm (limit 150.0) | edge= 21.2 mm
set_up:     t=  3.0 s | tip=  3.1 deg | F= 47.5 N | M= 25.6 Nm (limit 150.0) | edge= 21.4 mm
set_up:     t=  3.2 s | tip=  3.2 deg | F= 51.0 N | M= 27.5 Nm (limit 150.0) | edge= 21.6 mm
set_up:     t=  3.4 s | tip=  3.3 deg | F= 54.8 N | M= 29.4 Nm (limit 150.0) | edge= 21.7 mm
set_up:     t=  3.6 s | tip=  3.4 deg | F= 57.5 N | M= 30.9 Nm (limit 150.0) | edge= 22.0 mm
set_up:     t=  3.8 s | tip=  3.7 deg | F= 61.0 N | M= 32.9 Nm (limit 150.0) | edge= 22.3 mm
set_up:     t=  4.0 s | tip=  3.8 deg | F= 65.5 N | M= 35.5 Nm (limit 150.0) | edge= 22.3 mm
set_up:     t=  4.2 s | tip=  4.2 deg | F= 60.9 N | M= 32.6 Nm (limit 150.0) | edge= 22.5 mm
set_up:     t=  4.4 s | tip=  4.6 deg | F= 60.2 N | M= 32.1 Nm (limit 150.0) | edge= 22.6 mm
set_up:     t=  4.6 s | tip=  4.7 deg | F= 60.1 N | M= 32.0 Nm (limit 150.0) | edge= 22.7 mm
set_up:     t=  4.8 s | tip=  4.7 deg | F= 60.0 N | M= 31.9 Nm (limit 150.0) | edge= 22.7 mm
set_up:     t=  5.0 s | tip=  4.7 deg | F= 60.0 N | M= 31.9 Nm (limit 150.0) | edge= 22.7 mm
set_up:     t=  5.2 s | tip=  4.7 deg | F= 60.0 N | M= 31.9 Nm (limit 150.0) | edge= 22.7 mm
set_up:     t=  5.4 s | tip=  4.7 deg | F= 59.8 N | M= 31.8 Nm (limit 150.0) | edge= 22.7 mm
set_up:     t=  5.6 s | tip=  4.7 deg | F= 60.0 N | M= 31.9 Nm (limit 150.0) | edge= 22.7 mm
set_up:     t=  5.8 s | tip=  4.7 deg | F= 60.0 N | M= 31.9 Nm (limit 150.0) | edge= 22.7 mm
set_up:     t=  6.0 s | tip=  4.7 deg | F= 60.0 N | M= 31.9 Nm (limit 150.0) | edge= 22.7 mm
set_up:     t=  6.2 s | tip=  4.7 deg | F= 60.0 N | M= 31.9 Nm (limit 150.0) | edge= 22.7 mm
set_up:     t=  6.4 s | tip=  4.7 deg | F= 60.0 N | M= 31.9 Nm (limit 150.0) | edge= 22.7 mm
set_up:     t=  6.6 s | tip=  4.7 deg | F= 60.0 N | M= 31.9 Nm (limit 150.0) | edge= 22.7 mm
set_up:     t=  6.8 s | tip=  4.7 deg | F= 60.0 N | M= 31.9 Nm (limit 150.0) | edge= 22.7 mm
set_up:     t=  7.0 s | tip=  4.7 deg | F= 60.0 N | M= 31.9 Nm (limit 150.0) | edge= 22.7 mm
set_up:     t=  7.2 s | tip=  4.7 deg | F= 60.0 N | M= 31.9 Nm (limit 150.0) | edge= 22.7 mm
set_up:     t=  7.4 s | tip=  4.7 deg | F= 60.0 N | M= 31.9 Nm (limit 150.0) | edge= 22.7 mm
set_up:     t=  7.6 s | tip=  4.7 deg | F= 60.0 N | M= 31.9 Nm (limit 150.0) | edge= 22.7 mm
set_up:     t=  7.8 s | tip=  4.7 deg | F= 60.0 N | M= 31.9 Nm (limit 150.0) | edge= 22.7 mm
set_up:     t=  8.0 s | tip=  4.7 deg | F= 60.0 N | M= 31.9 Nm (limit 150.0) | edge= 22.7 mm
set_up:     t=  8.2 s | tip=  4.7 deg | F= 60.0 N | M= 31.9 Nm (limit 150.0) | edge= 22.7 mm
set_up:     t=  8.4 s | tip=  4.7 deg | F= 60.0 N | M= 31.9 Nm (limit 150.0) | edge= 22.7 mm
set_up:     t=  8.6 s | tip=  4.7 deg | F= 60.0 N | M= 31.9 Nm (limit 150.0) | edge= 22.7 mm
set_up:     t=  8.8 s | tip=  4.7 deg | F= 60.0 N | M= 31.9 Nm (limit 150.0) | edge= 22.7 mm
set_up:     t=  9.0 s | tip=  4.7 deg | F= 60.0 N | M= 31.9 Nm (limit 150.0) | edge= 22.7 mm
set_up:     t=  9.2 s | tip=  4.7 deg | F= 60.0 N | M= 31.9 Nm (limit 150.0) | edge= 22.7 mm
set_up:     t=  9.4 s | tip=  4.7 deg | F= 60.0 N | M= 31.9 Nm (limit 150.0) | edge= 22.7 mm
set_up:     t=  9.6 s | tip=  4.7 deg | F= 60.0 N | M= 31.9 Nm (limit 150.0) | edge= 22.7 mm
set_up:     t=  9.8 s | tip=  4.7 deg | F= 60.0 N | M= 31.9 Nm (limit 150.0) | edge= 22.7 mm
set_up:     t= 10.0 s | tip=  4.7 deg | F= 60.0 N | M= 31.9 Nm (limit 150.0) | edge= 22.7 mm
set_up:     t= 10.2 s | tip=  4.7 deg | F= 60.0 N | M= 31.9 Nm (limit 150.0) | edge= 22.7 mm
set_up:     t= 10.4 s | tip=  4.7 deg | F= 60.0 N | M= 31.9 Nm (limit 150.0) | edge= 22.7 mm
set_up:     t= 10.6 s | tip=  4.7 deg | F= 60.0 N | M= 31.9 Nm (limit 150.0) | edge= 22.7 mm
set_up:     t= 10.8 s | tip=  4.7 deg | F= 60.0 N | M= 31.9 Nm (limit 150.0) | edge= 22.7 mm
set_up:     t= 11.0 s | tip=  4.7 deg | F= 60.1 N | M= 31.9 Nm (limit 150.0) | edge= 22.7 mm
set_up:     t= 11.2 s | tip=  4.7 deg | F= 60.1 N | M= 31.9 Nm (limit 150.0) | edge= 22.7 mm
set_up:     t= 11.4 s | tip=  4.7 deg | F= 60.0 N | M= 31.9 Nm (limit 150.0) | edge= 22.7 mm
set_up:     t= 11.6 s | tip=  4.7 deg | F= 60.0 N | M= 31.9 Nm (limit 150.0) | edge= 22.7 mm
set_up:     t= 11.8 s | tip=  4.7 deg | F= 60.1 N | M= 31.9 Nm (limit 150.0) | edge= 22.7 mm

=== Set-up result ===
stop: time | t=12.0 s | tip=4.7 deg | F=60.1 N | M=31.9 Nm
edge_from_contact = [-9.6, +0.9, -20.6] mm | norm=22.7 mm
tcp_from_contact  = [-23.0, +60.3, +5.8] mm | norm=64.8 mm
alignment: before=0.47 deg | after=5.15 deg | gain=-4.68 deg

=== Set-up surface-frame breakdown ===
frame: alignment-target [tangent1, tangent2, normal]
force        [N]      = [   -10.85,     +6.15,    -58.75]
tcp_disp     [mm]     = [    -6.05,     -0.36,    -36.12]
edge_disp    [mm]     = [    -7.79,     +0.93,    -21.33]
Kp_eff=F/tcp [N/m]    = [   1791.6,  -17135.1,    1626.6]
moment@edge  [Nm]     = [    +4.60,    +29.58,     +2.36]
tip_angle    [deg]    = [    -3.59,     -3.03,     +0.50]
KR_eff=M/ang [Nm/rad] = [    -73.4,    -559.4,     269.7]

finite_axis: angle=4.7 deg | axis_from_edge=[-161.6, +207.9, +72.6] mm | dir=[+0.748, +0.641, -0.172] | pitch=-37.1 mm/rad

=== Coupled stiffness from the measured pole ===
source spring K_pole/D_pole (diagonal, from parameters):
  Kp [N/m]     = [2000, 2000, 350]
  KR [Nm/rad]  = [5, 5, 50]
  Dp [Ns/m]    = [10, 10, 175]
  DR [Nms/rad] = [10.01, 10.01, 10]

poles compared (lever r_c = TCP - pole):
  (A) measured axis : angle=4.7 deg | pitch=-37.1 mm/rad
      pole_from_edge = [-154.2, 205.0, 93.7] mm
      r_c            = [140.9, -145.7, -67.3] mm
  (B) manual pole   : COMMANDED this run, contact reference
      pole_from_edge = [16.6, -40.9, 100.3] mm
      r_c            = [-20.7, 100.7, -38.4] mm
      r_c(B)-r_c(A)  = [-161.6, 246.3, 28.9] mm

K_TCP = Ad^T K_pole Ad  [rows fx..mz | cols tx..rz]:
  (A) measured axis:
           tx        ty        tz    |    rx        ry        rz
  fx [    2000        0        0 |        0    134.6   -291.3 ]
  fy [       0     2000        0 |   -134.6        0   -281.8 ]
  fz [       0        0      350 |    50.98    49.31        0 ]
     ---------------------------+---------------------------
  mx [       0   -134.6    50.98 |    21.82    7.183    22.86 ]
  my [   134.6        0    49.31 |    7.183       21    -19.6 ]
  mz [  -291.3   -281.8        0 |    22.86    -19.6    131.8 ]
  (A) K_TCP eigenvalues = [4.779, 4.985, 47.92, 364.5, 2009, 2093] -> PSD ok (>=0) (min=4.779)
  (B) manual pole:
           tx        ty        tz    |    rx        ry        rz
  fx [    2000        0        0 |        0     76.8    201.3 ]
  fy [       0     2000        0 |    -76.8        0     41.5 ]
  fz [       0        0      350 |   -35.23   -7.262        0 ]
     ---------------------------+---------------------------
  mx [       0    -76.8   -35.23 |    11.84   0.7309    2.314 ]
  my [    76.8        0   -7.262 |   0.7309      8.1     7.73 ]
  mz [   201.3     41.5        0 |    2.314     7.73    70.78 ]
  (B) K_TCP eigenvalues = [4.94, 4.992, 49.47, 353.7, 2003, 2025] -> PSD ok (>=0) (min=4.94)

D_TCP = Ad^T D_pole Ad:
  (A) measured axis:
           tx        ty        tz    |    rx        ry        rz
  fx [   237.1        0        0 |        0    15.95   -34.53 ]
  fy [       0    178.1        0 |   -11.98        0   -25.09 ]
  fz [       0        0    108.1 |    15.75    15.23        0 ]
     ---------------------------+---------------------------
  mx [       0   -11.98    15.75 |    4.503    2.219    1.633 ]
  my [   15.95        0    15.23 |    2.219    5.294   -2.323 ]
  mz [  -34.53   -25.09        0 |    1.633   -2.323    9.345 ]
  (A) D_TCP eigenvalues = [0.7429, 1.373, 2.027, 112.6, 182.2, 243.5] -> PSD ok (>=0) (min=0.7429)
  (B) manual pole:
           tx        ty        tz    |    rx        ry        rz
  fx [   237.1        0        0 |        0    9.104    23.86 ]
  fy [       0    178.1        0 |   -6.838        0    3.695 ]
  fz [       0        0    108.1 |   -10.88   -2.244        0 ]
     ---------------------------+---------------------------
  mx [       0   -6.838   -10.88 |    2.761   0.2258  -0.1969 ]
  my [   9.104        0   -2.244 |   0.2258     2.47   0.9164 ]
  mz [   23.86    3.695        0 |  -0.1969   0.9164    3.258 ]
  (B) D_TCP eigenvalues = [0.7668, 1.392, 2.07, 109.3, 178.4, 239.9] -> PSD ok (>=0) (min=0.7668)
phase: grind

Stop requested with e + Enter. Finishing control loop...

Joint motion [deg]:
joint    start   final   delta
------------------------------
q1       -2.7    -8.7    -6.0
q2       18.1    32.5    14.4
q3       -5.1    -0.1     5.1
q4     -122.8  -121.0     1.8
q5       17.5    -3.2   -20.8
q6      139.5   144.7     5.2
q7       26.8    42.4    15.6

=== Final result ===
p_d = [528.7, -91.8, -133.2] mm
p_EE = [532.6, -85.3, 26.7] mm
e_p = [-3.8, -6.5, -159.9] mm
position_error = 160.08 mm
e_R = [1.09, -3.77, 0.85] deg
rotation_error = 4.02 deg
csv: surface_grinding_controller_log.csv
