
====================================================================
  SURFACE GRINDING CONTROLLER
====================================================================
  robot              172.16.0.2
--------------------------------------------------------------------

Press Enter to recover and configure the robot.
  Robot recovered or already ready.

====================================================================
  STARTUP MODE
====================================================================
  run     s   run the phase sequence from q_init
          h   hold the q_init pose
          t   hold with the set-up impedance, to test those gains
          g   hand-guide the start pose, then choose
--------------------------------------------------------------------
  set up  q   go to q_init and inspect
          o   open the hand now
          c   grasp the tool now
          r   recalibrate the hand width, fingers empty
          f   fetch the tool from the holder
          b   put the tool back
--------------------------------------------------------------------
  quit    e   stop and quit
--------------------------------------------------------------------
  in a run    e stop | m menu | g hand-guide | s sequence | t hold
--------------------------------------------------------------------
Choice [s/h/t/g/q/o/c/r/f/b/e]: 
-- selected: phase sequence ----------------------------------------

-- moving to q_init ------------------------------------------------
  case               horizontal_table_search
  q1..q7 [deg]     = [0.8, 12.1, -0.5, -130.9, -0.2, 142.9, 44.7] deg
  horizontal_table_search = [0.014777, 0.210911, -0.009320, -2.284835, -0.002725, 2.493410, 0.780694] rad
  q_init reached.

-- start pose ------------------------------------------------------
  q_start          = [0.9, 12.1, -0.5, -130.9, -0.1, 142.9, 44.7] deg
  p_start          = [    531.3,       2.6,     156.8] mm

====================================================================
  RUN
====================================================================

-- phase: approach_orient ------------------------------------------
  Kp [t1,t2,n]     = [    150.0,     150.0,     150.0] N/m
  Dp [t1,t2,n]     = [    126.5,     103.6,     128.3] Ns/m     auto (factor 1.90)
  KR [t1,t2,n]     = [     90.0,      90.0,      90.0] Nm/rad
  DR [t1,t2,n]     = [     13.5,      15.8,       2.0] Nms/rad  auto (factor 1.90)
orient:     t=  0.0 s | axis_err=  9.5 deg | spin_err=  0.5 deg
orient:     t=  0.2 s | axis_err=  8.5 deg | spin_err=  0.5 deg
orient:     t=  0.4 s | axis_err=  5.7 deg | spin_err=  0.3 deg
orient:     t=  0.6 s | axis_err=  2.6 deg | spin_err=  0.2 deg

Orientation reached: axis_err=2.0 deg | spin_err=0.2 deg

-- phase: approach_descend -----------------------------------------
  Kp [t1,t2,n]     = [    150.0,     150.0,     150.0] N/m
  Dp [t1,t2,n]     = [    126.5,     103.6,     128.3] Ns/m     auto (factor 1.90)
  KR [t1,t2,n]     = [     90.0,      90.0,      90.0] Nm/rad
  DR [t1,t2,n]     = [     13.5,      15.8,       2.0] Nms/rad  auto (factor 1.90)
  descend to         20 mm clearance at 0.100 m/s
descend:    t=  0.0 s | distance=   0.1 mm | height=+134.5 mm (target 20.0) | force=  0.0 N
descend:    t=  0.2 s | distance=  20.1 mm | height=+122.8 mm (target 20.0) | force=  1.7 N
descend:    t=  0.4 s | distance=  40.2 mm | height=+105.6 mm (target 20.0) | force=  0.5 N
descend:    t=  0.6 s | distance=  60.3 mm | height= +87.6 mm (target 20.0) | force=  2.1 N
descend:    t=  0.8 s | distance=  80.4 mm | height= +69.0 mm (target 20.0) | force=  1.7 N
descend:    t=  1.0 s | distance= 100.5 mm | height= +50.2 mm (target 20.0) | force= -0.1 N
descend:    t=  1.2 s | distance= 120.6 mm | height= +31.2 mm (target 20.0) | force=  1.5 N

[GATE] Reached 20 mm above the plane. Press Enter to start the set-up press (e+Enter stops).

-- gate hold -------------------------------------------------------
  Kp [x,y,z]       = [   5000.0,    5000.0,    5000.0] N/m
  Dp [x,y,z]       = [    204.9,     144.6,     254.2] Ns/m     auto
  KR [t1,t2,n]     = [     90.0,      90.0,      90.0] Nm/rad
  DR [t1,t2,n]     = [     14.0,      11.8,       2.6] Nms/rad  auto
[GATE] Continuing to the set-up press.

Clearance reached: distance=132.5 mm | height=19.8 mm | target=20.0 mm | force=1.1 N (not used for the switch)
  offset_ee        = [    -20.0,      60.0,      20.0] mm
  p_EE_at_contact  = [    534.7,       0.3,      43.9] mm
  contact_point    = [    518.1,     -60.5,       1.8] mm
  edge_offset      = [    -16.7,     -60.8,     -42.2] mm

-- phase: set_up ---------------------------------------------------

-- set-up impedance ------------------------------------------------
  law                wrench = K_TCP*dx + D_TCP*dv
                     K_TCP  = Ad(r_c)^T * blkdiag(Kp,KR) * Ad(r_c)
  Kp [t1,t2,n]     = [   2000.0,    2000.0,     800.0] N/m
  Dp [t1,t2,n]     = [    210.6,     179.6,     175.7] Ns/m     auto
  KR [t1,t2,n]     = [      5.0,       5.0,      50.0] Nm/rad
  DR [t1,t2,n]     = [      2.0,       1.7,       1.2] Nms/rad  auto
  p_c [EE]         = [     38.2,     -45.7,       7.4] mm       the pole on the tool, from p_EE
  r_c [t1,t2,n]    = [     54.4,      25.4,      -0.0] mm       commanded: p_TCP - p_c, in the plane
set_up:     t=  0.0 s | tip=  0.0 deg | F=  0.1 N | M=  0.0 Nm (limit 150.0) | edge= 19.8 mm
set_up:     t=  0.2 s | tip=  0.2 deg | F=  0.8 N | M=  0.2 Nm (limit 150.0) | edge= 10.2 mm
set_up:     t=  0.4 s | tip=  0.8 deg | F=  1.2 N | M=  0.5 Nm (limit 150.0) | edge=  4.2 mm
set_up:     t=  0.6 s | tip=  1.1 deg | F= 13.2 N | M=  7.6 Nm (limit 150.0) | edge=  2.4 mm
set_up:     t=  0.8 s | tip=  1.2 deg | F= 19.6 N | M= 11.2 Nm (limit 150.0) | edge=  2.5 mm
set_up:     t=  1.0 s | tip=  1.2 deg | F= 27.1 N | M= 15.2 Nm (limit 150.0) | edge=  2.6 mm
set_up:     t=  1.2 s | tip=  1.5 deg | F= 35.1 N | M= 19.6 Nm (limit 150.0) | edge=  2.5 mm
set_up:     t=  1.4 s | tip=  2.5 deg | F= 41.5 N | M= 23.0 Nm (limit 150.0) | edge=  2.9 mm
set_up:     t=  1.6 s | tip=  3.5 deg | F= 49.9 N | M= 28.0 Nm (limit 150.0) | edge=  3.0 mm
set_up:     t=  1.8 s | tip=  3.5 deg | F= 43.9 N | M= 24.7 Nm (limit 150.0) | edge=  2.9 mm
set_up:     t=  2.0 s | tip=  3.5 deg | F= 43.8 N | M= 24.6 Nm (limit 150.0) | edge=  2.9 mm
set_up:     t=  2.2 s | tip=  3.5 deg | F= 43.8 N | M= 24.6 Nm (limit 150.0) | edge=  2.9 mm
set_up:     t=  2.4 s | tip=  3.5 deg | F= 43.8 N | M= 24.6 Nm (limit 150.0) | edge=  2.9 mm
set_up:     t=  2.6 s | tip=  3.5 deg | F= 43.7 N | M= 24.5 Nm (limit 150.0) | edge=  2.9 mm
set_up:     t=  2.8 s | tip=  3.5 deg | F= 43.7 N | M= 24.5 Nm (limit 150.0) | edge=  3.0 mm
set_up:     t=  3.0 s | tip=  3.5 deg | F= 43.7 N | M= 24.5 Nm (limit 150.0) | edge=  2.9 mm
set_up:     t=  3.2 s | tip=  3.5 deg | F= 43.8 N | M= 24.5 Nm (limit 150.0) | edge=  2.9 mm
set_up:     t=  3.4 s | tip=  3.5 deg | F= 43.8 N | M= 24.6 Nm (limit 150.0) | edge=  2.9 mm
set_up:     t=  3.6 s | tip=  3.5 deg | F= 43.8 N | M= 24.6 Nm (limit 150.0) | edge=  3.0 mm
set_up:     t=  3.8 s | tip=  3.5 deg | F= 43.8 N | M= 24.6 Nm (limit 150.0) | edge=  2.9 mm
set_up:     t=  4.0 s | tip=  3.5 deg | F= 43.6 N | M= 24.5 Nm (limit 150.0) | edge=  3.0 mm
set_up:     t=  4.2 s | tip=  3.5 deg | F= 43.8 N | M= 24.6 Nm (limit 150.0) | edge=  3.0 mm
set_up:     t=  4.4 s | tip=  3.5 deg | F= 43.8 N | M= 24.6 Nm (limit 150.0) | edge=  3.0 mm
set_up:     t=  4.6 s | tip=  3.5 deg | F= 43.8 N | M= 24.6 Nm (limit 150.0) | edge=  3.0 mm
set_up:     t=  4.8 s | tip=  3.5 deg | F= 44.1 N | M= 24.7 Nm (limit 150.0) | edge=  3.0 mm

====================================================================
  SET-UP RESULT
====================================================================
  stop: time | t=5.0 s | tip=3.5 deg | F=43.9 N | M=24.6 Nm
  edge_from_contact = [-2.2, -0.1, -2.0] mm | norm=3.0 mm
  tcp_from_contact  = [+15.5, +60.3, +19.2] mm | norm=65.1 mm
  alignment: before=9.23 deg | after=5.74 deg | gain=+3.49 deg
  alignment components [t1,t2,n] deg: before=[-2.74,-8.81,-0.00] | after=[-1.36,-5.58,+0.00]

-- set-up surface-frame breakdown ----------------------------------
  frame              alignment-target [tangent1, tangent2, normal]
  force        [N]      = [    +0.08,     +0.93,    -43.84]
  tcp_disp     [mm]     = [    +0.70,     -0.39,    -22.99]
  edge_disp    [mm]     = [    +1.98,     -0.91,     -2.00]
  Kp_eff=F/tcp [N/m]    = [    117.1,   -2379.8,    1907.0]
  moment@edge  [Nm]     = [    -8.27,    -24.13,     -0.56]
  tip_angle    [deg]    = [    +1.38,     +3.23,     -0.07]
  KR_eff=M/ang [Nm/rad] = [   -343.5,    -427.6,     449.2]

-- centre of compliance --------------------------------------------
  definition         r_c = p_TCP - p_c
  p_TCP [x,y,z]    = [    534.7,       0.3,      43.9] mm
  p_c [EE]         = [     38.2,     -45.7,       7.4] mm
  r_c [t1,t2,n]    = [     54.4,      25.4,      -0.0] mm
                     p_c resolved at first contact

-- what the TCP feels ----------------------------------------------
  K_TCP translation = [   1999.6,    1999.1,     801.3] N/m
  K_TCP rotation   = [      6.7,       6.2,      57.1] Nm/rad
  commanded KR was = [      5.0,       5.0,      50.0] Nm/rad   the rest is the lever
  D_TCP translation = [    205.0,     185.1,     175.7] Ns/m
  D_TCP rotation   = [      2.3,       2.0,       1.9] Nms/rad
  coupling           max |moment per unit translation| = 92.0 Nm/m (K), 9.0 Nms/m (D)
  eigenvalues        K_TCP 4.98 .. 2007 | D_TCP 1.19 .. 211  (both positive: valid springs)

  K_TCP [N/m, Nm/rad | rows fx..mz, cols tx..rz]:
           tx        ty        tz    |    rx        ry        rz
  fx [    2000  -0.5725   -20.68 |  -0.9524   -3.077      -92 ]
  fy [ -0.5725     1999   -33.18 |    2.346    1.278    76.95 ]
  fz [  -20.68   -33.18    801.3 |    36.79   -30.79  -0.3253 ]
     ---------------------------+---------------------------
  mx [ -0.9524    2.346    36.79 |     6.71   -1.392   0.9097 ]
  my [  -3.077    1.278   -30.79 |   -1.392    6.225    1.435 ]
  mz [     -92    76.95  -0.3253 |   0.9097    1.435    57.14 ]

  D_TCP [Ns/m, Nms/rad]:
           tx        ty        tz    |    rx        ry        rz
  fx [     205    11.89  -0.8357 |  -0.0154   -0.365   -8.973 ]
  fy [   11.89    185.1  -0.4663 |   0.3371 -0.005091    6.576 ]
  fz [ -0.8357  -0.4663    175.7 |     8.08   -6.759   0.0205 ]
     ---------------------------+---------------------------
  mx [ -0.0154   0.3371     8.08 |     2.32  -0.1898 -0.002674 ]
  my [  -0.365 -0.005091   -6.759 |  -0.1898    2.005 -0.0007226 ]
  mz [  -8.973    6.576   0.0205 | -0.002674 -0.0007226     1.86 ]

[GATE] Set up finished (holding the pressed pose). Press Enter to start the grind (e+Enter stops).

Stop requested with e + Enter. Finishing control loop...

-- joint motion [deg] ----------------------------------------------
  joint       start    final    delta
  q1            0.9      1.0     +0.1
  q2           12.1     30.5    +18.4
  q3           -0.5     -0.9     -0.3
  q4         -130.9   -131.7     -0.7
  q5           -0.1     -0.1     +0.0
  q6          142.9    167.2    +24.3
  q7           44.7     44.8     +0.1

====================================================================
  FINAL RESULT
====================================================================
  p_d              = [    533.4,      -1.9,     -35.9] mm
  p_EE             = [    533.6,      -0.2,      21.0] mm
  e_p              = [     -0.2,      -1.6,     -56.8] mm
  e_R              = [     0.12,     -3.51,      0.02] deg
--------------------------------------------------------------------
  position error     56.87 mm
  rotation error     3.52 deg
  csv                logs/surface_grinding_controller_log.csv
--------------------------------------------------------------------
