
Press Enter to recover and configure the robot.
Robot recovered or already ready.
Collision: custom thresholds.

=== Startup choice ===
  q = go to q_init (from params/common.txt), then choose again
  g = guiding mode: go to q_init, then hand-guide to your pose;
      use s+Enter for sequence or h+Enter for hold
  o = open the Franka hand now (release/load tool), then choose again
  c = close/grasp the tool now, then choose again
  r = continue to run mode (available after q_init is reached)
Choice [q/g/o/c/r, Enter = q]: Moving to q_init...
q_init reached.

=== Startup choice ===
  q = go to q_init (from params/common.txt), then choose again
  g = guiding mode: go to q_init, then hand-guide to your pose;
      use s+Enter for sequence or h+Enter for hold
  o = open the Franka hand now (release/load tool), then choose again
  c = close/grasp the tool now, then choose again
  r = continue to run mode
Choice [q/g/o/c/r, Enter = q]: 
=== Run mode ===
  s = phase sequence (approach / set up / grind)
  h = hold at the start pose
Choice [s/h, Enter = s]: Unknown run-mode choice 'r'; using default sequence.
Selected: phase sequence. Nullspace mode from parameters: nullspace_damping_plus_sigma.

=== Setup ===
run: phase sequence | approach_orient: on | nullspace: nullspace_damping_plus_sigma
nullspace parameters: d_null=2.000 | k_sigma=1.000 Nm | alpha=0.0800 rad
hold: Kp=300.0 N/m | KR=40.0 Nm/rad | damping=auto translation+rotation (factor fitted online toward Dp=50.0 Ns/m)
manual_guidance_start: off | manual_damping=0.50
descend: clearance=20.0 mm | speed=0.100 m/s | max_distance=640 mm
alignment push: start=captured | end=+180 mm | speed=0.050 m/s | ramp_time~=4.0 s | timeout=12.0 s | moment_threshold=150.0 Nm
grind: sweep | axis=tangent2 | amplitude=30 mm | frequency=0.20 Hz
coupled stiffness: apply=off | saved=yes | pole=manual
gates: pause_before_set_up=on | pause_auto_damping=on | pause_before_grind=off | debug_period=0.20 s
alignment-target normal=[+0.087, -0.000, +0.996] | tilt a(x)=0.0 deg, b(y)=5.0 deg (from angles)
tool face: 40 x 120 mm | center offset EE=[+0.0, +0.0, +20.0] mm
Gripper already holding the tool (width 65.0 mm); keeping grasp.
Press e+Enter to stop the controller before the duration expires.
During hold: press g+Enter to hand-guide the tool, then p+Enter to recapture and resume hold.
experiment_duration <= 0: running indefinitely until e + Enter.

=== Start pose ===
q_start = [-2.7, 18.1, -5.1, -122.8, 17.5, 139.5, 26.8] deg
p_start = [565.1, -59.5, 151.1] mm

=== Run ===
phase: approach_orient
orient:     t=  0.0 s | axis_err= 11.5 deg | rot_err= 11.5 deg
approach Dp        auto=[ 134.14,   97.25,  122.28]  manual=[  20.00,   20.00,   20.00] Ns/m
approach DR        auto=[  12.73,   16.36,    4.08]  manual=[  12.00,   12.00,   12.00] Nms/rad
orient:     t=  0.2 s | axis_err=  4.5 deg | rot_err=  4.5 deg
orient:     t=  0.4 s | axis_err=  2.3 deg | rot_err=  2.3 deg

Orientation reached: axis_err=1.9 deg
phase: approach_descend
descend:    t=  0.0 s | distance=   0.1 mm | height= +98.1 mm (target 20.0) | force= -0.0 N
descend:    t=  0.2 s | distance=  20.1 mm | height= +86.0 mm (target 20.0) | force=  0.1 N
descend:    t=  0.4 s | distance=  40.1 mm | height= +69.1 mm (target 20.0) | force=  1.5 N
descend:    t=  0.6 s | distance=  60.2 mm | height= +51.4 mm (target 20.0) | force=  1.5 N
descend:    t=  0.8 s | distance=  80.3 mm | height= +33.6 mm (target 20.0) | force=  1.6 N

[GATE] Reached 20 mm above the plane. Press Enter to start the set-up press (e+Enter stops).
pause auto damping: fitted Dp factor=0.551, DR factor=1.960
pause Dp [xyz]     auto=[ 206.59,  155.25,  224.84]  manual=[ 200.00,  200.00,  200.00] Ns/m
pause DR [t1t2n]   auto=[  11.73,   17.28,    2.04]  manual=[  12.73,   16.36,    4.08] Nms/rad
[GATE] Continuing to the set-up press.
descend:    t=  1.4 s | distance=  95.6 mm | height= +19.6 mm (target 20.0) | force=  0.3 N

Clearance reached: distance=95.6 mm | height=19.6 mm | target=20.0 mm | force=0.3 N (not used for the switch)
offset_ee = [20.0, 60.0, 20.0] mm
p_EE_at_contact = [546.5, -65.6, 65.5] mm
contact_point = [560.2, -126.3, 24.1] mm
edge_offset_base = [13.7, -60.7, -41.4] mm
phase: set_up
set_up Dp [xyz]    auto=[ 237.10,  178.19,  108.08]  manual=[  10.00,   10.00,  175.00] Ns/m
set_up DR [t1t2n]  auto=[   2.44,    3.59,    0.77]  manual=[  10.01,   10.01,   10.00] Nms/rad
set_up:     t=  0.0 s | tip=  0.0 deg | F=  0.0 N | M=  0.0 Nm (limit 150.0) | edge= 19.6 mm
set_up:     t=  0.2 s | tip=  0.5 deg | F=  0.9 N | M=  0.3 Nm (limit 150.0) | edge= 13.8 mm
set_up:     t=  0.4 s | tip=  0.8 deg | F=  1.7 N | M=  0.5 Nm (limit 150.0) | edge=  6.5 mm
set_up:     t=  0.6 s | tip=  0.9 deg | F=  2.3 N | M=  0.9 Nm (limit 150.0) | edge=  4.1 mm
set_up:     t=  0.8 s | tip=  1.3 deg | F=  2.0 N | M=  0.7 Nm (limit 150.0) | edge= 12.2 mm
set_up:     t=  1.0 s | tip=  1.3 deg | F= 13.9 N | M=  7.5 Nm (limit 150.0) | edge= 19.1 mm
set_up:     t=  1.2 s | tip=  1.3 deg | F= 12.6 N | M=  6.6 Nm (limit 150.0) | edge= 19.2 mm
set_up:     t=  1.4 s | tip=  1.3 deg | F= 16.4 N | M=  8.6 Nm (limit 150.0) | edge= 19.3 mm
set_up:     t=  1.6 s | tip=  1.3 deg | F= 20.3 N | M= 10.5 Nm (limit 150.0) | edge= 19.5 mm
set_up:     t=  1.8 s | tip=  1.3 deg | F= 23.9 N | M= 12.3 Nm (limit 150.0) | edge= 19.6 mm
set_up:     t=  2.0 s | tip=  1.3 deg | F= 28.0 N | M= 14.3 Nm (limit 150.0) | edge= 19.7 mm
set_up:     t=  2.2 s | tip=  1.3 deg | F= 31.8 N | M= 16.3 Nm (limit 150.0) | edge= 19.8 mm
set_up:     t=  2.4 s | tip=  1.4 deg | F= 35.5 N | M= 18.3 Nm (limit 150.0) | edge= 20.0 mm
set_up:     t=  2.6 s | tip=  1.5 deg | F= 39.0 N | M= 20.1 Nm (limit 150.0) | edge= 20.1 mm
set_up:     t=  2.8 s | tip=  1.6 deg | F= 42.8 N | M= 22.0 Nm (limit 150.0) | edge= 20.3 mm
set_up:     t=  3.0 s | tip=  1.7 deg | F= 46.5 N | M= 23.8 Nm (limit 150.0) | edge= 20.4 mm
set_up:     t=  3.2 s | tip=  1.7 deg | F= 50.2 N | M= 25.7 Nm (limit 150.0) | edge= 20.5 mm
set_up:     t=  3.4 s | tip=  1.8 deg | F= 53.8 N | M= 27.5 Nm (limit 150.0) | edge= 20.7 mm
set_up:     t=  3.6 s | tip=  1.8 deg | F= 57.9 N | M= 29.5 Nm (limit 150.0) | edge= 20.8 mm
set_up:     t=  3.8 s | tip=  1.9 deg | F= 61.5 N | M= 31.5 Nm (limit 150.0) | edge= 21.0 mm
set_up:     t=  4.0 s | tip=  1.9 deg | F= 65.3 N | M= 33.4 Nm (limit 150.0) | edge= 21.0 mm
set_up:     t=  4.2 s | tip=  1.9 deg | F= 61.2 N | M= 31.1 Nm (limit 150.0) | edge= 21.0 mm
set_up:     t=  4.4 s | tip=  1.9 deg | F= 60.9 N | M= 31.1 Nm (limit 150.0) | edge= 21.0 mm
set_up:     t=  4.6 s | tip=  1.9 deg | F= 60.9 N | M= 31.1 Nm (limit 150.0) | edge= 21.0 mm
set_up:     t=  4.8 s | tip=  1.9 deg | F= 60.9 N | M= 31.0 Nm (limit 150.0) | edge= 21.0 mm
set_up:     t=  5.0 s | tip=  1.9 deg | F= 60.8 N | M= 31.0 Nm (limit 150.0) | edge= 21.0 mm
set_up:     t=  5.2 s | tip=  1.9 deg | F= 60.8 N | M= 31.0 Nm (limit 150.0) | edge= 21.0 mm
set_up:     t=  5.4 s | tip=  1.9 deg | F= 60.8 N | M= 30.9 Nm (limit 150.0) | edge= 21.0 mm
set_up:     t=  5.6 s | tip=  1.9 deg | F= 60.8 N | M= 30.9 Nm (limit 150.0) | edge= 21.0 mm
set_up:     t=  5.8 s | tip=  1.9 deg | F= 60.7 N | M= 30.8 Nm (limit 150.0) | edge= 21.0 mm
set_up:     t=  6.0 s | tip=  1.9 deg | F= 60.9 N | M= 30.9 Nm (limit 150.0) | edge= 21.0 mm
set_up:     t=  6.2 s | tip=  1.9 deg | F= 60.8 N | M= 30.8 Nm (limit 150.0) | edge= 21.0 mm
set_up:     t=  6.4 s | tip=  1.9 deg | F= 60.8 N | M= 30.8 Nm (limit 150.0) | edge= 21.0 mm
set_up:     t=  6.6 s | tip=  1.9 deg | F= 60.8 N | M= 30.8 Nm (limit 150.0) | edge= 21.0 mm
set_up:     t=  6.8 s | tip=  1.9 deg | F= 60.8 N | M= 30.8 Nm (limit 150.0) | edge= 21.0 mm
set_up:     t=  7.0 s | tip=  1.9 deg | F= 60.8 N | M= 30.8 Nm (limit 150.0) | edge= 21.0 mm
set_up:     t=  7.2 s | tip=  1.9 deg | F= 60.7 N | M= 30.8 Nm (limit 150.0) | edge= 21.0 mm
set_up:     t=  7.4 s | tip=  1.9 deg | F= 60.8 N | M= 30.8 Nm (limit 150.0) | edge= 21.0 mm
set_up:     t=  7.6 s | tip=  1.9 deg | F= 60.7 N | M= 30.8 Nm (limit 150.0) | edge= 21.0 mm
set_up:     t=  7.8 s | tip=  1.9 deg | F= 60.7 N | M= 30.8 Nm (limit 150.0) | edge= 21.0 mm
set_up:     t=  8.0 s | tip=  1.9 deg | F= 60.7 N | M= 30.8 Nm (limit 150.0) | edge= 21.0 mm
set_up:     t=  8.2 s | tip=  1.9 deg | F= 60.7 N | M= 30.8 Nm (limit 150.0) | edge= 21.0 mm
set_up:     t=  8.4 s | tip=  1.9 deg | F= 60.7 N | M= 30.7 Nm (limit 150.0) | edge= 21.0 mm
set_up:     t=  8.6 s | tip=  1.9 deg | F= 60.6 N | M= 30.7 Nm (limit 150.0) | edge= 21.0 mm
set_up:     t=  8.8 s | tip=  1.9 deg | F= 60.7 N | M= 30.7 Nm (limit 150.0) | edge= 21.0 mm
set_up:     t=  9.0 s | tip=  1.9 deg | F= 60.7 N | M= 30.7 Nm (limit 150.0) | edge= 21.0 mm
set_up:     t=  9.2 s | tip=  1.9 deg | F= 60.6 N | M= 30.7 Nm (limit 150.0) | edge= 21.0 mm
set_up:     t=  9.4 s | tip=  1.9 deg | F= 60.7 N | M= 30.7 Nm (limit 150.0) | edge= 21.0 mm
set_up:     t=  9.6 s | tip=  1.9 deg | F= 60.6 N | M= 30.7 Nm (limit 150.0) | edge= 21.0 mm
set_up:     t=  9.8 s | tip=  1.9 deg | F= 60.6 N | M= 30.7 Nm (limit 150.0) | edge= 21.0 mm
set_up:     t= 10.0 s | tip=  1.9 deg | F= 60.6 N | M= 30.7 Nm (limit 150.0) | edge= 21.0 mm
set_up:     t= 10.2 s | tip=  1.9 deg | F= 60.6 N | M= 30.7 Nm (limit 150.0) | edge= 21.0 mm
set_up:     t= 10.4 s | tip=  1.9 deg | F= 60.6 N | M= 30.7 Nm (limit 150.0) | edge= 21.0 mm
set_up:     t= 10.6 s | tip=  1.9 deg | F= 60.6 N | M= 30.7 Nm (limit 150.0) | edge= 21.0 mm
set_up:     t= 10.8 s | tip=  1.9 deg | F= 60.6 N | M= 30.7 Nm (limit 150.0) | edge= 21.0 mm
set_up:     t= 11.0 s | tip=  1.9 deg | F= 60.6 N | M= 30.7 Nm (limit 150.0) | edge= 21.0 mm
set_up:     t= 11.2 s | tip=  1.9 deg | F= 60.6 N | M= 30.7 Nm (limit 150.0) | edge= 21.0 mm
set_up:     t= 11.4 s | tip=  1.9 deg | F= 60.7 N | M= 30.7 Nm (limit 150.0) | edge= 21.0 mm
set_up:     t= 11.6 s | tip=  1.9 deg | F= 60.6 N | M= 30.6 Nm (limit 150.0) | edge= 21.0 mm
set_up:     t= 11.8 s | tip=  1.9 deg | F= 60.6 N | M= 30.7 Nm (limit 150.0) | edge= 21.0 mm

=== Set-up result ===
stop: time | t=12.0 s | tip=1.9 deg | F=60.6 N | M=30.7 Nm
edge_from_contact = [-5.1, +0.5, -20.4] mm | norm=21.0 mm
tcp_from_contact  = [-20.5, +61.4, +1.0] mm | norm=64.7 mm
alignment: before=0.47 deg | after=1.87 deg | gain=-1.39 deg

=== Set-up surface-frame breakdown ===
frame: alignment-target [tangent1, tangent2, normal]
force        [N]      = [   -14.94,     -2.92,    -58.64]
tcp_disp     [mm]     = [    -3.22,     +0.70,    -40.88]
edge_disp    [mm]     = [    -3.29,     +0.49,    -20.75]
Kp_eff=F/tcp [N/m]    = [   4633.8,   -4201.2,    1434.7]
moment@edge  [Nm]     = [    +2.22,    +28.67,     -1.98]
tip_angle    [deg]    = [    +0.98,     -1.60,     -0.47]
KR_eff=M/ang [Nm/rad] = [    130.0,   -1028.9,     242.4]

finite_axis: angle=1.9 deg | axis_from_edge=[-507.6, -334.5, +108.0] mm | dir=[-0.484, +0.827, +0.286] | pitch=-87.7 mm/rad
(coupled_K_tcp/coupled_D_tcp queued for the next run)

=== Coupled stiffness from the measured pole ===
source spring K_pole/D_pole (diagonal, from parameters):
  Kp [N/m]     = [2000, 2000, 350]
  KR [Nm/rad]  = [15, 15, 50]
  Dp [Ns/m]    = [10, 10, 175]
  DR [Nms/rad] = [10.01, 10.01, 10]

poles compared (lever r_c = TCP - pole):
  (A) measured axis : angle=1.9 deg | pitch=-87.7 mm/rad
      pole_from_edge = [-501.1, -337.4, 127.6] mm
      r_c            = [485.7, 398.3, -106.2] mm
  (B) manual pole   : comparison only, contact reference
      pole_from_edge = [-34.9, 79.5, 20.4] mm
      r_c            = [26.3, -19.3, 41.4] mm
      r_c(B)-r_c(A)  = [-459.4, -417.6, 147.6] mm

K_TCP = Ad^T K_pole Ad  [rows fx..mz | cols tx..rz]:
  (A) measured axis:
           tx        ty        tz    |    rx        ry        rz
  fx [    2000        0        0 |        0    212.4    796.6 ]
  fy [       0     2000        0 |   -212.4        0   -971.4 ]
  fz [       0        0      350 |   -139.4      170        0 ]
     ---------------------------+---------------------------
  mx [       0   -212.4   -139.4 |    93.34   -67.71    106.2 ]
  my [   212.4        0      170 |   -67.71    120.1    84.58 ]
  mz [   796.6   -971.4        0 |    106.2    84.58    838.8 ]
  (A) K_TCP eigenvalues = [10.58, 14.93, 35.55, 490.3, 2025, 2826] -> PSD ok (>=0) (min=10.58)
  (B) manual pole:
           tx        ty        tz    |    rx        ry        rz
  fx [    2000        0        0 |        0   -82.88   -38.64 ]
  fy [       0     2000        0 |    82.88        0   -52.64 ]
  fz [       0        0      350 |    6.763    9.213        0 ]
     ---------------------------+---------------------------
  mx [       0    82.88    6.763 |    18.83    0.178   0.8574 ]
  my [  -82.88        0    9.213 |    0.178    18.68    1.601 ]
  mz [  -38.64   -52.64        0 |   0.8574    1.601    51.87 ]
  (B) K_TCP eigenvalues = [14.96, 14.97, 49.95, 350.4, 2003, 2006] -> PSD ok (>=0) (min=14.96)

D_TCP = Ad^T D_pole Ad:
  (A) measured axis:
           tx        ty        tz    |    rx        ry        rz
  fx [   237.1        0        0 |        0    25.17    94.43 ]
  fy [       0    178.2        0 |   -18.92        0   -86.55 ]
  fz [       0        0    108.1 |   -43.05    52.49        0 ]
     ---------------------------+---------------------------
  mx [       0   -18.92   -43.05 |    21.58   -20.91    9.045 ]
  my [   25.17        0    52.49 |   -20.91    31.76    10.03 ]
  mz [   94.43   -86.55        0 |    9.045    10.03    80.44 ]
  (A) D_TCP eigenvalues = [0.5521, 1.976, 3.131, 149.8, 203.1, 298.6] -> PSD ok (>=0) (min=0.5521)
  (B) manual pole:
           tx        ty        tz    |    rx        ry        rz
  fx [   237.1        0        0 |        0   -9.825   -4.581 ]
  fy [       0    178.2        0 |    7.384        0    -4.69 ]
  fz [       0        0    108.1 |    2.088    2.845        0 ]
     ---------------------------+---------------------------
  mx [       0    7.384    2.088 |    2.776  0.05497  -0.3391 ]
  my [  -9.825        0    2.845 |  0.05497    4.074   0.1898 ]
  mz [  -4.581    -4.69        0 |  -0.3391   0.1898   0.9995 ]
  (B) D_TCP eigenvalues = [0.7741, 2.437, 3.583, 108.2, 178.6, 237.6] -> PSD ok (>=0) (min=0.7741)
phase: grind

Stop requested with e + Enter. Finishing control loop...
params/sequence.txt updated after control loop (73 queued values).

Joint motion [deg]:
joint    start   final   delta
------------------------------
q1       -2.7    -6.6    -3.8
q2       18.1    32.3    14.1
q3       -5.1    -2.4     2.7
q4     -122.8  -122.2     0.6
q5       17.5    -1.0   -18.5
q6      139.5   147.6     8.1
q7       26.8    40.3    13.5

=== Final result ===
p_d = [529.1, -92.5, -133.3] mm
p_EE = [533.2, -88.3, 26.0] mm
e_p = [-4.1, -4.2, -159.3] mm
position_error = 159.39 mm
e_R = [1.23, -1.87, 0.54] deg
rotation_error = 2.30 deg
csv: surface_grinding_controller_log.csv
