
Press Enter to recover and configure the robot.
Robot recovered or already ready.
keys: e stop | m menu | g hand-guide

=== Startup mode ===
  s = run the phase sequence from q_init
  h = hold the q_init pose
  t = hold with the set-up impedance
  g = hand-guide the start pose
  q = go to q_init and inspect
  o = open the hand now
  c = grasp the tool now
  r = recalibrate hand width, fingers empty
  f = fetch the tool from the holder
  b = put the tool back
  e = stop and quit
While a run is going: e+Enter stops, m+Enter comes back here.
Choice [s/h/t/g/q/o/c/r/f/b/e]: 
=== Phase sequence mode ===
Moving to q_init (horizontal_table_search)
  q1..q7 [deg] = [0.8, 12.1, -0.5, -130.9, -0.2, 142.9, 44.7] deg
  horizontal_table_search = [0.014777, 0.210911, -0.009320, -2.284835, -0.002725, 2.493410, 0.780694] rad
q_init reached.

=== Start pose ===
q_start = [0.9, 12.1, -0.5, -130.9, -0.1, 142.9, 44.7] deg
p_start = [531.1, 2.6, 156.6] mm

=== Run ===
phase: approach_orient
  Kp=[150, 150, 150] N/m  KR=[90, 90, 90] Nm/rad  [t1,t2,n]
  Dp=[126.5, 103.6, 128.3] Ns/m  DR=[13.46, 15.79, 2.02] Nms/rad  auto (factor 1.90)
orient:     t=  0.0 s | axis_err=  9.1 deg | spin_err=  0.8 deg
orient:     t=  0.2 s | axis_err=  8.1 deg | spin_err=  0.5 deg
orient:     t=  0.4 s | axis_err=  5.5 deg | spin_err=  0.1 deg
orient:     t=  0.6 s | axis_err=  3.1 deg | spin_err=  0.4 deg
orient:     t=  0.8 s | axis_err=  2.5 deg | spin_err=  0.4 deg
orient:     t=  1.0 s | axis_err=  2.3 deg | spin_err=  0.4 deg
orient:     t=  1.2 s | axis_err=  2.3 deg | spin_err=  0.4 deg
orient:     t=  1.4 s | axis_err=  2.3 deg | spin_err=  0.4 deg
orient:     t=  1.6 s | axis_err=  2.2 deg | spin_err=  0.4 deg
orient:     t=  1.8 s | axis_err=  2.2 deg | spin_err=  0.3 deg
orient:     t=  2.0 s | axis_err=  2.2 deg | spin_err=  0.3 deg
orient:     t=  2.2 s | axis_err=  2.2 deg | spin_err=  0.3 deg
orient:     t=  2.4 s | axis_err=  2.2 deg | spin_err=  0.3 deg
orient:     t=  2.6 s | axis_err=  2.2 deg | spin_err=  0.3 deg
orient:     t=  2.8 s | axis_err=  2.2 deg | spin_err=  0.3 deg
orient:     t=  3.0 s | axis_err=  2.2 deg | spin_err=  0.3 deg
orient:     t=  3.2 s | axis_err=  2.2 deg | spin_err=  0.3 deg
orient:     t=  3.4 s | axis_err=  2.2 deg | spin_err=  0.3 deg
orient:     t=  3.6 s | axis_err=  2.2 deg | spin_err=  0.3 deg
orient:     t=  3.8 s | axis_err=  2.2 deg | spin_err=  0.3 deg
orient:     t=  4.0 s | axis_err=  2.2 deg | spin_err=  0.3 deg
orient:     t=  4.2 s | axis_err=  2.2 deg | spin_err=  0.3 deg
orient:     t=  4.4 s | axis_err=  2.2 deg | spin_err=  0.3 deg
orient:     t=  4.6 s | axis_err=  2.2 deg | spin_err=  0.3 deg
orient:     t=  4.8 s | axis_err=  2.2 deg | spin_err=  0.3 deg

Orientation settled short of the 2.0 deg gate after 5.0 s: axis_err=2.2 deg | spin_err=0.3 deg
phase: approach_descend
  Kp=[150, 150, 150] N/m  KR=[90, 90, 90] Nm/rad  [t1,t2,n]
  Dp=[126.5, 103.6, 128.3] Ns/m  DR=[13.46, 15.79, 2.02] Nms/rad  auto (factor 1.90)
  descend to 20 mm clearance at 0.100 m/s
descend:    t=  0.0 s | distance=   0.1 mm | height=+134.4 mm (target 20.0) | force= -0.0 N
descend:    t=  0.2 s | distance=  20.1 mm | height=+123.3 mm (target 20.0) | force=  0.8 N
descend:    t=  0.4 s | distance=  40.1 mm | height=+106.2 mm (target 20.0) | force=  0.0 N
descend:    t=  0.6 s | distance=  60.1 mm | height= +88.4 mm (target 20.0) | force=  1.3 N
descend:    t=  0.8 s | distance=  80.1 mm | height= +70.1 mm (target 20.0) | force=  1.0 N
descend:    t=  1.0 s | distance= 100.1 mm | height= +51.5 mm (target 20.0) | force=  0.6 N
descend:    t=  1.2 s | distance= 120.1 mm | height= +32.6 mm (target 20.0) | force=  1.2 N

[GATE] Reached 20 mm above the plane. Press Enter to start the set-up press (e+Enter stops).
  gate hold: Kp=[5000, 5000, 5000] N/m [x,y,z]  KR=[90, 90, 90] Nm/rad [t1,t2,n]
             Dp=[205.0, 145.6, 252.9] Ns/m  DR=[13.81, 11.92, 2.55] Nms/rad  auto
[GATE] Continuing to the set-up press.

Clearance reached: distance=133.5 mm | height=19.9 mm | target=20.0 mm | force=0.9 N (not used for the switch)
offset_ee = [-20.0, 60.0, 20.0] mm
p_EE_at_contact = [533.7, 8.5, 44.4] mm
contact_point = [516.2, -51.9, 1.6] mm
edge_offset_base = [-17.5, -60.4, -42.8] mm
phase: set_up

--- set-up impedance ---
  wrench = K_TCP*dx + D_TCP*dv, K_TCP = Ad(r_c)^T*blkdiag(Kp,KR)*Ad(r_c)
  Kp [t1,t2,n]  = [  2000.0,   2000.0,    800.0] N/m
  Dp [t1,t2,n]  = [   211.9,    180.1,    175.1] Ns/m   auto
  KR [t1,t2,n]  = [     5.0,      5.0,     50.0] Nm/rad
  DR [t1,t2,n]  = [     1.9,      1.7,      1.1] Nms/rad   auto
  r_c [t1,t2,n] = [     0.0,      0.0,      0.0] mm   centre of compliance
set_up:     t=  0.0 s | tip=  0.0 deg | F=  0.1 N | M=  0.0 Nm (limit 150.0) | edge= 19.8 mm
set_up:     t=  0.2 s | tip=  0.5 deg | F=  1.3 N | M=  1.0 Nm (limit 150.0) | edge= 10.4 mm
set_up:     t=  0.4 s | tip=  1.0 deg | F=  1.2 N | M=  0.9 Nm (limit 150.0) | edge=  4.0 mm
set_up:     t=  0.6 s | tip=  1.3 deg | F= 12.1 N | M=  6.9 Nm (limit 150.0) | edge=  2.2 mm
set_up:     t=  0.8 s | tip=  1.3 deg | F= 19.3 N | M= 10.5 Nm (limit 150.0) | edge=  2.4 mm
set_up:     t=  1.0 s | tip=  1.3 deg | F= 27.6 N | M= 14.9 Nm (limit 150.0) | edge=  2.6 mm
set_up:     t=  1.2 s | tip=  1.4 deg | F= 35.4 N | M= 19.2 Nm (limit 150.0) | edge=  2.8 mm
set_up:     t=  1.4 s | tip=  1.4 deg | F= 43.1 N | M= 23.3 Nm (limit 150.0) | edge=  3.0 mm
set_up:     t=  1.6 s | tip=  1.4 deg | F= 50.9 N | M= 27.5 Nm (limit 150.0) | edge=  3.2 mm
set_up:     t=  1.8 s | tip=  1.4 deg | F= 45.4 N | M= 24.6 Nm (limit 150.0) | edge=  3.1 mm
set_up:     t=  2.0 s | tip=  1.4 deg | F= 45.3 N | M= 24.5 Nm (limit 150.0) | edge=  3.1 mm
set_up:     t=  2.2 s | tip=  1.4 deg | F= 45.2 N | M= 24.5 Nm (limit 150.0) | edge=  3.1 mm
set_up:     t=  2.4 s | tip=  1.4 deg | F= 45.1 N | M= 24.4 Nm (limit 150.0) | edge=  3.1 mm
set_up:     t=  2.6 s | tip=  1.4 deg | F= 45.3 N | M= 24.5 Nm (limit 150.0) | edge=  3.1 mm
set_up:     t=  2.8 s | tip=  1.4 deg | F= 45.0 N | M= 24.4 Nm (limit 150.0) | edge=  3.1 mm
set_up:     t=  3.0 s | tip=  1.4 deg | F= 45.0 N | M= 24.4 Nm (limit 150.0) | edge=  3.1 mm
set_up:     t=  3.2 s | tip=  1.4 deg | F= 45.0 N | M= 24.4 Nm (limit 150.0) | edge=  3.1 mm
set_up:     t=  3.4 s | tip=  1.4 deg | F= 44.9 N | M= 24.4 Nm (limit 150.0) | edge=  3.1 mm
set_up:     t=  3.6 s | tip=  1.4 deg | F= 44.9 N | M= 24.3 Nm (limit 150.0) | edge=  3.1 mm
set_up:     t=  3.8 s | tip=  1.4 deg | F= 44.9 N | M= 24.4 Nm (limit 150.0) | edge=  3.1 mm
set_up:     t=  4.0 s | tip=  1.4 deg | F= 44.9 N | M= 24.3 Nm (limit 150.0) | edge=  3.1 mm
set_up:     t=  4.2 s | tip=  1.4 deg | F= 44.8 N | M= 24.3 Nm (limit 150.0) | edge=  3.1 mm
set_up:     t=  4.4 s | tip=  1.4 deg | F= 44.8 N | M= 24.3 Nm (limit 150.0) | edge=  3.1 mm
set_up:     t=  4.6 s | tip=  1.4 deg | F= 44.9 N | M= 24.3 Nm (limit 150.0) | edge=  3.1 mm
set_up:     t=  4.8 s | tip=  1.4 deg | F= 44.8 N | M= 24.3 Nm (limit 150.0) | edge=  3.1 mm

=== Set-up result ===
stop: time | t=5.0 s | tip=1.4 deg | F=44.8 N | M=24.3 Nm
edge_from_contact = [-2.1, +0.2, -2.3] mm | norm=3.1 mm
tcp_from_contact  = [+15.5, +60.1, +20.1] mm | norm=65.2 mm
alignment: before=8.49 deg | after=7.11 deg | gain=+1.38 deg
alignment components [t1,t2,n] deg: before=[-1.67,-8.33,+0.00] | after=[-1.16,-7.01,+0.00]

=== Set-up surface-frame breakdown ===
frame: alignment-target [tangent1, tangent2, normal]
force        [N]      = [    -2.14,     +2.08,    -44.66]
tcp_disp     [mm]     = [    +1.26,     -0.94,    -22.72]
edge_disp    [mm]     = [    +1.73,     -1.07,     -2.32]
Kp_eff=F/tcp [N/m]    = [  -1697.9,   -2198.7,    1965.9]
moment@edge  [Nm]     = [    -8.50,    -23.74,     -0.67]
tip_angle    [deg]    = [    +0.49,     +1.32,     -0.12]
KR_eff=M/ang [Nm/rad] = [   -999.8,   -1032.0,     321.1]

=== Centre of compliance ===
  r_c = p_TCP - p_c [t1,t2,n] = [0.0, 0.0, 0.0] mm
  K_TCP: translation [2000, 1999, 801] N/m | rotation [5.01, 5.03, 49.95] Nm/rad
         commanded KR was [5.01, 5.03, 49.95]; the rest is the lever
  D_TCP: translation [206.2, 185.8, 175.1] Ns/m | rotation [1.89, 1.72, 1.13] Nms/rad
  coupling: max |moment per unit translation| = 0.0 Nm/m (K), 0.0 Nms/m (D)
  K_TCP eigenvalues 5.00 .. 2000 | D_TCP 1.13 .. 212  (both positive: valid springs)

  K_TCP [N/m, Nm/rad | rows fx..mz, cols tx..rz]:
           tx        ty        tz    |    rx        ry        rz
  fx [    2000  -0.5725   -20.68 |        0        0        0 ]
  fy [ -0.5725     1999   -33.18 |        0        0        0 ]
  fz [  -20.68   -33.18    801.3 |        0        0        0 ]
     ---------------------------+---------------------------
  mx [       0        0        0 |    5.013  0.02147   0.7756 ]
  my [       0        0        0 |  0.02147    5.034    1.244 ]
  mz [       0        0        0 |   0.7756    1.244    49.95 ]

  D_TCP [Ns/m, Nms/rad]:
           tx        ty        tz    |    rx        ry        rz
  fx [   206.2    12.16  -0.8735 |        0        0        0 ]
  fy [   12.16    185.8  -0.5073 |        0        0        0 ]
  fz [ -0.8735  -0.5073    175.1 |        0        0        0 ]
     ---------------------------+---------------------------
  mx [       0        0        0 |    1.891   0.1018 -0.01591 ]
  my [       0        0        0 |   0.1018     1.72 -0.01803 ]
  mz [       0        0        0 | -0.01591 -0.01803    1.133 ]

[GATE] Set up finished (holding the pressed pose). Press Enter to start the grind (e+Enter stops).

Stop requested with e + Enter. Finishing control loop...

Joint motion [deg]:
joint    start   final   delta
------------------------------
q1        0.9     0.9     0.0
q2       12.1    30.2    18.1
q3       -0.5     0.1     0.6
q4     -130.9  -132.8    -1.8
q5       -0.1     1.1     1.2
q6      142.9   169.2    26.3
q7       44.7    44.8     0.1

=== Final result ===
p_d = [532.3, 6.3, -35.5] mm
p_EE = [531.8, 8.2, 21.7] mm
e_p = [0.6, -1.9, -57.1] mm
position_error = 57.17 mm
e_R = [0.11, -1.40, -0.08] deg
rotation_error = 1.41 deg
csv: logs/surface_grinding_controller_log.csv
