
====================================================================
  SURFACE GRINDING CONTROLLER
====================================================================
  robot              172.16.0.2
--------------------------------------------------------------------

Press Enter to recover and configure the robot.
  Robot recovered or already ready.

====================================================================
  STARTUP MODE
====================================================================
  run     s   run the phase sequence from q_init
          h   hold the q_init pose
          t   hold with the set-up impedance, to test those gains
          g   hand-guide the start pose, then choose
--------------------------------------------------------------------
  set up  q   go to q_init and inspect
          o   open the hand now
          c   grasp the tool now
          r   recalibrate the hand width, fingers empty
          f   fetch the tool from the holder
          b   put the tool back
--------------------------------------------------------------------
  quit    e   stop and quit
--------------------------------------------------------------------
  in a run    e stop | m menu | g hand-guide | s sequence | t hold
--------------------------------------------------------------------
Choice [s/h/t/g/q/o/c/r/f/b/e]: 
-- selected: phase sequence ----------------------------------------

-- moving to q_init ------------------------------------------------
  case               horizontal_table_search
  q1..q7 [deg]     = [0.8, 12.1, -0.5, -130.9, -0.2, 142.9, 44.7] deg
  horizontal_table_search = [0.014777, 0.210911, -0.009320, -2.284835, -0.002725, 2.493410, 0.780694] rad
  q_init reached.

-- start pose ------------------------------------------------------
  q_start          = [0.8, 12.1, -0.5, -130.9, -0.1, 142.9, 44.7] deg
  p_start          = [    531.3,       2.6,     156.9] mm

====================================================================
  RUN
====================================================================

-- phase: approach_orient ------------------------------------------
  Kp [t1,t2,n]     = [    150.0,     150.0,     150.0] N/m
  Dp [t1,t2,n]     = [    126.5,     103.6,     128.3] Ns/m     auto (factor 1.90)
  KR [t1,t2,n]     = [     90.0,      90.0,      90.0] Nm/rad
  DR [t1,t2,n]     = [     13.5,      15.8,       2.0] Nms/rad  auto (factor 1.90)
orient:     t=  0.0 s | axis_err= 11.1 deg | spin_err=  0.6 deg
orient:     t=  0.2 s | axis_err= 10.4 deg | spin_err=  0.6 deg
orient:     t=  0.4 s | axis_err=  8.2 deg | spin_err=  0.4 deg
orient:     t=  0.6 s | axis_err=  4.7 deg | spin_err=  0.0 deg
orient:     t=  0.8 s | axis_err=  2.9 deg | spin_err=  0.0 deg
orient:     t=  1.0 s | axis_err=  2.4 deg | spin_err=  0.1 deg
orient:     t=  1.2 s | axis_err=  2.2 deg | spin_err=  0.1 deg
orient:     t=  1.4 s | axis_err=  2.1 deg | spin_err=  0.1 deg
orient:     t=  1.6 s | axis_err=  2.0 deg | spin_err=  0.1 deg

Orientation reached: axis_err=2.0 deg | spin_err=0.1 deg

-- phase: approach_descend -----------------------------------------
  Kp [t1,t2,n]     = [    150.0,     150.0,     150.0] N/m
  Dp [t1,t2,n]     = [    126.5,     103.6,     128.3] Ns/m     auto (factor 1.90)
  KR [t1,t2,n]     = [     90.0,      90.0,      90.0] Nm/rad
  DR [t1,t2,n]     = [     13.5,      15.8,       2.0] Nms/rad  auto (factor 1.90)
  descend to         20 mm clearance at 0.100 m/s
descend:    t=  0.0 s | distance=   0.1 mm | height=+121.7 mm (target 20.0) | force= -0.0 N
descend:    t=  0.2 s | distance=  20.2 mm | height=+110.6 mm (target 20.0) | force=  1.5 N
descend:    t=  0.4 s | distance=  40.3 mm | height= +95.1 mm (target 20.0) | force=  2.1 N
descend:    t=  0.6 s | distance=  60.4 mm | height= +78.9 mm (target 20.0) | force=  2.3 N
descend:    t=  0.8 s | distance=  80.5 mm | height= +62.2 mm (target 20.0) | force=  2.6 N
descend:    t=  1.0 s | distance= 100.6 mm | height= +45.0 mm (target 20.0) | force=  1.4 N
descend:    t=  1.2 s | distance= 120.7 mm | height= +27.9 mm (target 20.0) | force=  3.2 N

[GATE] Reached 20 mm above the plane. Press Enter to start the set-up press (e+Enter stops).

-- gate hold -------------------------------------------------------
  Kp [x,y,z]       = [   5000.0,    5000.0,    5000.0] N/m
  Dp [x,y,z]       = [    207.6,     155.1,     235.8] Ns/m     auto
  KR [t1,t2,n]     = [     90.0,      90.0,      90.0] Nm/rad
  DR [t1,t2,n]     = [     11.2,      14.3,       2.5] Nms/rad  auto
[GATE] Continuing to the set-up press.

Clearance reached: distance=129.9 mm | height=19.9 mm | target=20.0 mm | force=3.3 N (not used for the switch)
  offset_ee        = [     20.0,     -60.0,      20.0] mm
  p_EE_at_contact  = [    502.2,      -3.6,      45.6] mm
  contact_point    = [    517.8,      54.3,      -1.4] mm
  edge_offset      = [     15.6,      57.9,     -47.0] mm

-- phase: set_up ---------------------------------------------------

-- set-up impedance ------------------------------------------------
  law                wrench = K_TCP*dx + D_TCP*dv
                     K_TCP  = Ad(r_c)^T * blkdiag(Kp,KR) * Ad(r_c)
  Kp [t1,t2,n]     = [   2000.0,    2000.0,     800.0] N/m
  Dp [t1,t2,n]     = [    225.4,     188.6,     167.5] Ns/m     auto
  KR [t1,t2,n]     = [      5.0,       5.0,      50.0] Nm/rad
  DR [t1,t2,n]     = [      1.6,       2.0,       1.1] Nms/rad  auto
  p_c [EE]         = [      0.0,       0.0,       0.0] mm       the pole on the tool, from p_EE
  r_c [t1,t2,n]    = [      0.0,       0.0,       0.0] mm       commanded: p_TCP - p_c, in the plane
set_up:     t=  0.0 s | tip=  0.0 deg | F=  0.1 N | M=  0.0 Nm (limit 150.0) | edge= 19.8 mm
set_up:     t=  0.2 s | tip=  0.6 deg | F=  0.1 N | M=  1.1 Nm (limit 150.0) | edge= 11.0 mm
set_up:     t=  0.4 s | tip=  1.1 deg | F=  1.3 N | M=  1.4 Nm (limit 150.0) | edge=  4.4 mm
set_up:     t=  0.6 s | tip=  1.2 deg | F= 12.4 N | M=  6.5 Nm (limit 150.0) | edge=  2.5 mm
set_up:     t=  0.8 s | tip=  1.3 deg | F= 18.6 N | M=  9.6 Nm (limit 150.0) | edge=  2.6 mm
set_up:     t=  1.0 s | tip=  1.3 deg | F= 26.8 N | M= 13.8 Nm (limit 150.0) | edge=  2.8 mm
set_up:     t=  1.2 s | tip=  1.3 deg | F= 35.0 N | M= 18.0 Nm (limit 150.0) | edge=  3.0 mm
set_up:     t=  1.4 s | tip=  1.3 deg | F= 42.7 N | M= 21.9 Nm (limit 150.0) | edge=  3.3 mm
set_up:     t=  1.6 s | tip=  1.4 deg | F= 50.2 N | M= 25.6 Nm (limit 150.0) | edge=  3.6 mm
set_up:     t=  1.8 s | tip=  1.4 deg | F= 44.4 N | M= 22.5 Nm (limit 150.0) | edge=  3.4 mm
set_up:     t=  2.0 s | tip=  1.4 deg | F= 44.1 N | M= 22.4 Nm (limit 150.0) | edge=  3.4 mm
set_up:     t=  2.2 s | tip=  1.4 deg | F= 44.1 N | M= 22.5 Nm (limit 150.0) | edge=  3.5 mm
set_up:     t=  2.4 s | tip=  1.4 deg | F= 44.3 N | M= 22.6 Nm (limit 150.0) | edge=  3.5 mm
set_up:     t=  2.6 s | tip=  1.4 deg | F= 44.2 N | M= 22.5 Nm (limit 150.0) | edge=  3.5 mm
set_up:     t=  2.8 s | tip=  1.4 deg | F= 44.2 N | M= 22.5 Nm (limit 150.0) | edge=  3.5 mm
set_up:     t=  3.0 s | tip=  1.4 deg | F= 44.1 N | M= 22.5 Nm (limit 150.0) | edge=  3.5 mm
set_up:     t=  3.2 s | tip=  1.4 deg | F= 44.2 N | M= 22.5 Nm (limit 150.0) | edge=  3.5 mm
set_up:     t=  3.4 s | tip=  1.4 deg | F= 44.1 N | M= 22.5 Nm (limit 150.0) | edge=  3.5 mm
set_up:     t=  3.6 s | tip=  1.4 deg | F= 44.1 N | M= 22.5 Nm (limit 150.0) | edge=  3.5 mm
set_up:     t=  3.8 s | tip=  1.4 deg | F= 44.1 N | M= 22.4 Nm (limit 150.0) | edge=  3.5 mm
set_up:     t=  4.0 s | tip=  1.4 deg | F= 44.1 N | M= 22.4 Nm (limit 150.0) | edge=  3.5 mm
set_up:     t=  4.2 s | tip=  1.4 deg | F= 44.1 N | M= 22.4 Nm (limit 150.0) | edge=  3.5 mm
set_up:     t=  4.4 s | tip=  1.4 deg | F= 43.9 N | M= 22.3 Nm (limit 150.0) | edge=  3.5 mm
set_up:     t=  4.6 s | tip=  1.4 deg | F= 44.0 N | M= 22.4 Nm (limit 150.0) | edge=  3.5 mm
set_up:     t=  4.8 s | tip=  1.4 deg | F= 44.1 N | M= 22.4 Nm (limit 150.0) | edge=  3.5 mm

====================================================================
  SET-UP RESULT
====================================================================
  stop: time | t=5.0 s | tip=1.4 deg | F=44.0 N | M=22.4 Nm
  edge_from_contact = [-3.1, -0.0, -1.7] mm | norm=3.5 mm
  tcp_from_contact  = [-18.0, -58.8, +25.2] mm | norm=66.4 mm
  alignment: before=9.61 deg | after=10.77 deg | gain=-1.16 deg
  alignment components [t1,t2,n] deg: before=[+1.92,+9.41,+0.00] | after=[+2.82,+10.40,-0.00]

-- set-up surface-frame breakdown ----------------------------------
  frame              alignment-target [tangent1, tangent2, normal]
  force        [N]      = [    -2.59,     +0.33,    -43.88]
  tcp_disp     [mm]     = [    +1.99,     -0.59,    -21.83]
  edge_disp    [mm]     = [    +2.75,     -1.31,     -1.78]
  Kp_eff=F/tcp [N/m]    = [  -1301.5,    -560.7,    2010.2]
  moment@edge  [Nm]     = [   -11.66,    -18.57,     +0.07]
  tip_angle    [deg]    = [    +0.98,     +0.96,     -0.40]
  KR_eff=M/ang [Nm/rad] = [   -678.9,   -1105.3,     -10.0]

-- centre of compliance --------------------------------------------
  definition         r_c = p_TCP - p_c
  p_TCP [x,y,z]    = [    502.2,      -3.6,      45.6] mm
  p_c [EE]         = [     -0.0,      -0.0,       0.0] mm
  r_c [t1,t2,n]    = [      0.0,       0.0,       0.0] mm
                     p_c resolved at first contact

-- what the TCP feels ----------------------------------------------
  K_TCP translation = [   1999.6,    1999.1,     801.3] N/m
  K_TCP rotation   = [      5.0,       5.0,      50.0] Nm/rad
  commanded KR was = [      5.0,       5.0,      50.0] Nm/rad   the rest is the lever
  D_TCP translation = [    218.8,     195.2,     167.5] Ns/m
  D_TCP rotation   = [      1.6,       1.9,       1.1] Nms/rad
  coupling           max |moment per unit translation| = 0.0 Nm/m (K), 0.0 Nms/m (D)
  eigenvalues        K_TCP 5.00 .. 2000 | D_TCP 1.10 .. 225  (both positive: valid springs)

  K_TCP [N/m, Nm/rad | rows fx..mz, cols tx..rz]:
           tx        ty        tz    |    rx        ry        rz
  fx [    2000  -0.5725   -20.68 |        0        0        0 ]
  fy [ -0.5725     1999   -33.18 |        0        0        0 ]
  fz [  -20.68   -33.18    801.3 |        0        0        0 ]
     ---------------------------+---------------------------
  mx [       0        0        0 |    5.013  0.02147   0.7756 ]
  my [       0        0        0 |  0.02147    5.034    1.244 ]
  mz [       0        0        0 |   0.7756    1.244    49.95 ]

  D_TCP [Ns/m, Nms/rad]:
           tx        ty        tz    |    rx        ry        rz
  fx [   218.8    14.07   -1.275 |        0        0        0 ]
  fy [   14.07    195.2   -1.009 |        0        0        0 ]
  fz [  -1.275   -1.009    167.5 |        0        0        0 ]
     ---------------------------+---------------------------
  mx [       0        0        0 |    1.631  -0.1609 -0.00474 ]
  my [       0        0        0 |  -0.1609    1.899  -0.0194 ]
  mz [       0        0        0 | -0.00474  -0.0194    1.098 ]

[GATE] Set up finished (holding the pressed pose). Press Enter to start the grind (e+Enter stops).

Stop requested with e + Enter. Finishing control loop...

-- joint motion [deg] ----------------------------------------------
  joint       start    final    delta
  q1            0.8      0.6     -0.2
  q2           12.1     29.5    +17.4
  q3           -0.5     -0.5     +0.0
  q4         -130.9   -127.2     +3.7
  q5           -0.1     -5.4     -5.3
  q6          142.9    145.3     +2.4
  q7           44.7     49.5     +4.8

====================================================================
  FINAL RESULT
====================================================================
  p_d              = [    500.8,      -5.8,     -34.3] mm
  p_EE             = [    499.8,      -4.5,      23.8] mm
  e_p              = [      1.1,      -1.3,     -58.1] mm
  e_R              = [    -0.49,     -1.30,     -0.36] deg
--------------------------------------------------------------------
  position error     58.12 mm
  rotation error     1.43 deg
  csv                logs/surface_grinding_controller_log.csv
--------------------------------------------------------------------
