
Press Enter to recover and configure the robot.
Robot recovered or already ready.
Collision: custom thresholds.

=== Startup choice ===
  q = go to q_init (from params/common.txt), then choose again
  g = guiding mode: go to q_init, then hand-guide to your pose;
      use s+Enter for sequence or h+Enter for hold
  o = open the Franka hand now (release/load tool), then choose again
  c = close/grasp the tool now, then choose again
  r = continue to run mode (available after q_init is reached)
Choice [q/g/o/c/r, Enter = q]: Reach q_init with q before continuing.

=== Startup choice ===
  q = go to q_init (from params/common.txt), then choose again
  g = guiding mode: go to q_init, then hand-guide to your pose;
      use s+Enter for sequence or h+Enter for hold
  o = open the Franka hand now (release/load tool), then choose again
  c = close/grasp the tool now, then choose again
  r = continue to run mode (available after q_init is reached)
Choice [q/g/o/c/r, Enter = q]: Moving to q_init...
q_init reached.

=== Startup choice ===
  q = go to q_init (from params/common.txt), then choose again
  g = guiding mode: go to q_init, then hand-guide to your pose;
      use s+Enter for sequence or h+Enter for hold
  o = open the Franka hand now (release/load tool), then choose again
  c = close/grasp the tool now, then choose again
  r = continue to run mode
Choice [q/g/o/c/r, Enter = q]: 
=== Run mode ===
  s = phase sequence (approach / set up / grind)
  h = hold at the start pose
Choice [s/h, Enter = s]: Selected: phase sequence. Nullspace mode from parameters: nullspace_damping_plus_sigma.

=== Setup ===
run: phase sequence | approach_orient: on | nullspace: nullspace_damping_plus_sigma
nullspace parameters: d_null=2.000 | k_sigma=1.000 Nm | alpha=0.0800 rad
hold: Kp=300.0 N/m | KR=40.0 Nm/rad | damping=auto translation+rotation (factor fitted online toward Dp=50.0 Ns/m)
manual_guidance_start: off | manual_damping=0.50
descend: clearance=20.0 mm | speed=0.100 m/s | max_distance=640 mm
alignment push: start=captured | end=+180 mm | speed=0.050 m/s | ramp_time~=4.0 s | timeout=12.0 s | moment_threshold=150.0 Nm
grind: sweep | axis=tangent2 | amplitude=30 mm | frequency=0.20 Hz
coupled stiffness: apply=on | saved=yes | pole=manual
gates: pause_before_set_up=on | pause_auto_damping=on | pause_before_grind=off | debug_period=0.20 s
alignment-target normal=[+0.087, -0.000, +0.996] | tilt a(x)=0.0 deg, b(y)=5.0 deg (from angles)
tool face: 40 x 120 mm | center offset EE=[+0.0, +0.0, +20.0] mm
Gripper already holding the tool (width 65.1 mm); keeping grasp.
Press e+Enter to stop the controller before the duration expires.
During hold: press g+Enter to hand-guide the tool, then p+Enter to recapture and resume hold.
experiment_duration <= 0: running indefinitely until e + Enter.

=== Start pose ===
q_start = [-2.7, 18.1, -5.1, -122.8, 17.5, 139.5, 26.8] deg
p_start = [565.1, -59.4, 151.1] mm

=== Run ===
phase: approach_orient
orient:     t=  0.0 s | axis_err= 11.4 deg | rot_err= 11.4 deg
approach Dp        auto=[ 134.14,   97.25,  122.28]  manual=[  20.00,   20.00,   20.00] Ns/m
approach DR        auto=[  12.73,   16.36,    4.08]  manual=[  12.00,   12.00,   12.00] Nms/rad
orient:     t=  0.2 s | axis_err=  4.6 deg | rot_err=  4.6 deg
orient:     t=  0.4 s | axis_err=  2.4 deg | rot_err=  2.4 deg

Orientation reached: axis_err=2.0 deg
phase: approach_descend
descend:    t=  0.0 s | distance=   0.1 mm | height= +97.3 mm (target 20.0) | force=  0.0 N
descend:    t=  0.2 s | distance=  20.1 mm | height= +85.3 mm (target 20.0) | force=  0.7 N
descend:    t=  0.4 s | distance=  40.1 mm | height= +68.2 mm (target 20.0) | force=  1.4 N
descend:    t=  0.6 s | distance=  60.2 mm | height= +50.6 mm (target 20.0) | force=  1.7 N
descend:    t=  0.8 s | distance=  80.3 mm | height= +32.8 mm (target 20.0) | force=  2.0 N

[GATE] Reached 20 mm above the plane. Press Enter to start the set-up press (e+Enter stops).
pause auto damping: fitted Dp factor=0.551, DR factor=1.960
pause Dp [xyz]     auto=[ 206.53,  155.36,  224.85]  manual=[ 200.00,  200.00,  200.00] Ns/m
pause DR [t1t2n]   auto=[  11.76,   17.27,    2.04]  manual=[  12.73,   16.36,    4.08] Nms/rad
[GATE] Continuing to the set-up press.
descend:    t=  1.3 s | distance=  94.8 mm | height= +19.6 mm (target 20.0) | force=  0.4 N

Clearance reached: distance=94.8 mm | height=19.6 mm | target=20.0 mm | force=0.4 N (not used for the switch)
offset_ee = [20.0, 60.0, 20.0] mm
p_EE_at_contact = [546.5, -66.1, 65.6] mm
contact_point = [560.2, -126.7, 24.1] mm
edge_offset_base = [13.7, -60.6, -41.5] mm
phase: set_up
set_up Dp [xyz]    auto=[ 237.04,  178.33,  108.09]  manual=[  10.00,   10.00,  175.00] Ns/m
set_up DR [t1t2n]  auto=[   1.41,    2.07,    0.78]  manual=[  10.01,   10.01,   10.00] Nms/rad
set_up:     t=  0.0 s | tip=  0.0 deg | F=  0.0 N | M=  0.0 Nm (limit 150.0) | edge= 19.6 mm
set_up:     t=  0.2 s | tip=  0.4 deg | F=  1.8 N | M=  0.7 Nm (limit 150.0) | edge= 13.7 mm
set_up:     t=  0.4 s | tip=  0.6 deg | F=  2.2 N | M=  0.9 Nm (limit 150.0) | edge=  6.0 mm
set_up:     t=  0.6 s | tip=  0.7 deg | F=  3.0 N | M=  1.3 Nm (limit 150.0) | edge=  3.8 mm
set_up:     t=  0.8 s | tip=  0.9 deg | F=  1.6 N | M=  0.6 Nm (limit 150.0) | edge= 12.4 mm
set_up:     t=  1.0 s | tip=  0.8 deg | F= 14.4 N | M=  7.8 Nm (limit 150.0) | edge= 19.5 mm
set_up:     t=  1.2 s | tip=  0.8 deg | F= 12.8 N | M=  6.9 Nm (limit 150.0) | edge= 19.6 mm
set_up:     t=  1.4 s | tip=  0.8 deg | F= 16.8 N | M=  9.0 Nm (limit 150.0) | edge= 19.7 mm
set_up:     t=  1.6 s | tip=  0.8 deg | F= 20.2 N | M= 10.7 Nm (limit 150.0) | edge= 19.8 mm
set_up:     t=  1.8 s | tip=  0.8 deg | F= 24.0 N | M= 12.6 Nm (limit 150.0) | edge= 19.9 mm
set_up:     t=  2.0 s | tip=  0.8 deg | F= 28.0 N | M= 14.6 Nm (limit 150.0) | edge= 20.1 mm
set_up:     t=  2.2 s | tip=  0.8 deg | F= 31.7 N | M= 16.5 Nm (limit 150.0) | edge= 20.2 mm
set_up:     t=  2.4 s | tip=  0.9 deg | F= 35.3 N | M= 18.3 Nm (limit 150.0) | edge= 20.4 mm
set_up:     t=  2.6 s | tip=  1.0 deg | F= 39.2 N | M= 20.3 Nm (limit 150.0) | edge= 20.5 mm
set_up:     t=  2.8 s | tip=  1.1 deg | F= 42.5 N | M= 22.0 Nm (limit 150.0) | edge= 20.6 mm
set_up:     t=  3.0 s | tip=  1.2 deg | F= 45.8 N | M= 23.6 Nm (limit 150.0) | edge= 20.7 mm
set_up:     t=  3.2 s | tip=  1.5 deg | F= 49.4 N | M= 25.4 Nm (limit 150.0) | edge= 20.8 mm
set_up:     t=  3.4 s | tip=  1.5 deg | F= 53.2 N | M= 27.2 Nm (limit 150.0) | edge= 21.0 mm
set_up:     t=  3.6 s | tip=  1.5 deg | F= 56.6 N | M= 28.9 Nm (limit 150.0) | edge= 21.1 mm
set_up:     t=  3.8 s | tip=  1.5 deg | F= 60.6 N | M= 30.9 Nm (limit 150.0) | edge= 21.3 mm
set_up:     t=  4.0 s | tip=  1.5 deg | F= 64.8 N | M= 33.2 Nm (limit 150.0) | edge= 21.3 mm
set_up:     t=  4.2 s | tip=  1.6 deg | F= 60.5 N | M= 31.0 Nm (limit 150.0) | edge= 21.3 mm
set_up:     t=  4.4 s | tip=  1.6 deg | F= 60.4 N | M= 30.9 Nm (limit 150.0) | edge= 21.3 mm
set_up:     t=  4.6 s | tip=  1.6 deg | F= 60.5 N | M= 30.9 Nm (limit 150.0) | edge= 21.3 mm
set_up:     t=  4.8 s | tip=  1.6 deg | F= 60.5 N | M= 30.8 Nm (limit 150.0) | edge= 21.3 mm
set_up:     t=  5.0 s | tip=  1.6 deg | F= 60.4 N | M= 30.8 Nm (limit 150.0) | edge= 21.3 mm
set_up:     t=  5.2 s | tip=  1.6 deg | F= 60.4 N | M= 30.8 Nm (limit 150.0) | edge= 21.3 mm
set_up:     t=  5.4 s | tip=  1.6 deg | F= 60.4 N | M= 30.8 Nm (limit 150.0) | edge= 21.3 mm
set_up:     t=  5.6 s | tip=  1.6 deg | F= 60.4 N | M= 30.8 Nm (limit 150.0) | edge= 21.3 mm
set_up:     t=  5.8 s | tip=  1.6 deg | F= 60.3 N | M= 30.7 Nm (limit 150.0) | edge= 21.3 mm
set_up:     t=  6.0 s | tip=  1.6 deg | F= 60.3 N | M= 30.7 Nm (limit 150.0) | edge= 21.3 mm
set_up:     t=  6.2 s | tip=  1.6 deg | F= 60.3 N | M= 30.7 Nm (limit 150.0) | edge= 21.3 mm
set_up:     t=  6.4 s | tip=  1.6 deg | F= 60.3 N | M= 30.7 Nm (limit 150.0) | edge= 21.3 mm
set_up:     t=  6.6 s | tip=  1.6 deg | F= 60.3 N | M= 30.7 Nm (limit 150.0) | edge= 21.3 mm
set_up:     t=  6.8 s | tip=  1.6 deg | F= 60.3 N | M= 30.7 Nm (limit 150.0) | edge= 21.3 mm
set_up:     t=  7.0 s | tip=  1.6 deg | F= 60.3 N | M= 30.6 Nm (limit 150.0) | edge= 21.3 mm
set_up:     t=  7.2 s | tip=  1.6 deg | F= 60.3 N | M= 30.7 Nm (limit 150.0) | edge= 21.3 mm
set_up:     t=  7.4 s | tip=  1.6 deg | F= 60.2 N | M= 30.6 Nm (limit 150.0) | edge= 21.3 mm
set_up:     t=  7.6 s | tip=  1.6 deg | F= 60.2 N | M= 30.6 Nm (limit 150.0) | edge= 21.3 mm
set_up:     t=  7.8 s | tip=  1.6 deg | F= 60.2 N | M= 30.6 Nm (limit 150.0) | edge= 21.3 mm
set_up:     t=  8.0 s | tip=  1.6 deg | F= 60.2 N | M= 30.6 Nm (limit 150.0) | edge= 21.3 mm
set_up:     t=  8.2 s | tip=  1.6 deg | F= 60.2 N | M= 30.6 Nm (limit 150.0) | edge= 21.3 mm
set_up:     t=  8.4 s | tip=  1.6 deg | F= 60.2 N | M= 30.6 Nm (limit 150.0) | edge= 21.3 mm
set_up:     t=  8.6 s | tip=  1.6 deg | F= 60.2 N | M= 30.6 Nm (limit 150.0) | edge= 21.3 mm
set_up:     t=  8.8 s | tip=  1.6 deg | F= 60.1 N | M= 30.6 Nm (limit 150.0) | edge= 21.3 mm
set_up:     t=  9.0 s | tip=  1.6 deg | F= 60.1 N | M= 30.6 Nm (limit 150.0) | edge= 21.3 mm
set_up:     t=  9.2 s | tip=  1.6 deg | F= 60.1 N | M= 30.6 Nm (limit 150.0) | edge= 21.3 mm
set_up:     t=  9.4 s | tip=  1.6 deg | F= 60.0 N | M= 30.5 Nm (limit 150.0) | edge= 21.3 mm
set_up:     t=  9.6 s | tip=  1.6 deg | F= 59.9 N | M= 30.5 Nm (limit 150.0) | edge= 21.3 mm
set_up:     t=  9.8 s | tip=  1.6 deg | F= 60.1 N | M= 30.6 Nm (limit 150.0) | edge= 21.3 mm
set_up:     t= 10.0 s | tip=  1.6 deg | F= 60.1 N | M= 30.6 Nm (limit 150.0) | edge= 21.3 mm
set_up:     t= 10.2 s | tip=  1.6 deg | F= 60.1 N | M= 30.6 Nm (limit 150.0) | edge= 21.3 mm
set_up:     t= 10.4 s | tip=  1.6 deg | F= 60.1 N | M= 30.5 Nm (limit 150.0) | edge= 21.3 mm
set_up:     t= 10.6 s | tip=  1.6 deg | F= 60.1 N | M= 30.6 Nm (limit 150.0) | edge= 21.3 mm
set_up:     t= 10.8 s | tip=  1.6 deg | F= 60.1 N | M= 30.5 Nm (limit 150.0) | edge= 21.3 mm
set_up:     t= 11.0 s | tip=  1.6 deg | F= 60.0 N | M= 30.5 Nm (limit 150.0) | edge= 21.3 mm
set_up:     t= 11.2 s | tip=  1.6 deg | F= 60.1 N | M= 30.5 Nm (limit 150.0) | edge= 21.3 mm
set_up:     t= 11.4 s | tip=  1.6 deg | F= 60.0 N | M= 30.5 Nm (limit 150.0) | edge= 21.3 mm
set_up:     t= 11.6 s | tip=  1.6 deg | F= 60.1 N | M= 30.5 Nm (limit 150.0) | edge= 21.3 mm
set_up:     t= 11.8 s | tip=  1.6 deg | F= 59.9 N | M= 30.4 Nm (limit 150.0) | edge= 21.3 mm

=== Set-up result ===
stop: time | t=12.0 s | tip=1.6 deg | F=60.0 N | M=30.5 Nm
edge_from_contact = [-4.7, +0.7, -20.8] mm | norm=21.3 mm
tcp_from_contact  = [-20.4, +61.5, +0.5] mm | norm=64.8 mm
alignment: before=0.52 deg | after=1.34 deg | gain=-0.82 deg

=== Set-up surface-frame breakdown ===
frame: alignment-target [tangent1, tangent2, normal]
force        [N]      = [   -12.71,     -1.44,    -58.64]
tcp_disp     [mm]     = [    -3.04,     +0.89,    -41.49]
edge_disp    [mm]     = [    -2.92,     +0.68,    -21.13]
Kp_eff=F/tcp [N/m]    = [   4181.5,   -1617.3,    1413.2]
moment@edge  [Nm]     = [    +1.54,    +28.76,     -0.93]
tip_angle    [deg]    = [    +1.02,     -1.08,     -0.48]
KR_eff=M/ang [Nm/rad] = [     86.6,   -1521.7,     111.1]

finite_axis: angle=1.6 deg | axis_from_edge=[-540.7, -536.7, +95.3] mm | dir=[-0.624, +0.693, +0.362] | pitch=-150.0 mm/rad

=== Coupled stiffness from the measured pole ===
source spring K_pole/D_pole (diagonal, from parameters):
  Kp [N/m]     = [2000, 2000, 350]
  KR [Nm/rad]  = [5, 5, 50]
  Dp [Ns/m]    = [10, 10, 175]
  DR [Nms/rad] = [10.01, 10.01, 10]

poles compared (lever r_c = TCP - pole):
  (A) measured axis : angle=1.6 deg | pitch=-150.0 mm/rad
      pole_from_edge = [-533.4, -540.3, 114.6] mm
      r_c            = [517.8, 601.1, -93.4] mm
  (B) manual pole   : COMMANDED this run, contact reference
      pole_from_edge = [-35.3, 79.3, 20.8] mm
      r_c            = [26.3, -19.4, 41.5] mm
      r_c(B)-r_c(A)  = [-491.5, -620.5, 134.9] mm

K_TCP = Ad^T K_pole Ad  [rows fx..mz | cols tx..rz]:
  (A) measured axis:
           tx        ty        tz    |    rx        ry        rz
  fx [    2000        0        0 |        0    186.8     1202 ]
  fy [       0     2000        0 |   -186.8        0    -1036 ]
  fz [       0        0      350 |   -210.4    181.2        0 ]
     ---------------------------+---------------------------
  mx [       0   -186.8   -210.4 |    149.3   -108.9    100.6 ]
  my [   186.8        0    181.2 |   -108.9    116.3    112.3 ]
  mz [    1202    -1036        0 |    100.6    112.3     1309 ]
  (A) K_TCP eigenvalues = [3.042, 4.988, 30.41, 569.6, 2020, 3296] -> PSD ok (>=0) (min=3.042)
  (B) manual pole:
           tx        ty        tz    |    rx        ry        rz
  fx [    2000        0        0 |        0   -83.07   -38.72 ]
  fy [       0     2000        0 |    83.07        0   -52.52 ]
  fz [       0        0      350 |    6.776    9.191        0 ]
     ---------------------------+---------------------------
  mx [       0    83.07    6.776 |    8.923   0.1779    1.726 ]
  my [  -83.07        0    9.191 |   0.1779    8.692    1.608 ]
  mz [  -38.72   -52.52        0 |    1.726    1.608    51.79 ]
  (B) K_TCP eigenvalues = [4.986, 4.99, 49.95, 350.4, 2003, 2006] -> PSD ok (>=0) (min=4.986)

D_TCP = Ad^T D_pole Ad:
  (A) measured axis:
           tx        ty        tz    |    rx        ry        rz
  fx [     237        0        0 |        0    22.14    142.5 ]
  fy [       0    178.3        0 |   -16.65        0   -92.34 ]
  fz [       0        0    108.1 |   -64.97    55.97        0 ]
     ---------------------------+---------------------------
  mx [       0   -16.65   -64.97 |    42.02   -33.64    8.567 ]
  my [   22.14        0    55.97 |   -33.64    33.12    13.31 ]
  mz [   142.5   -92.34        0 |    8.567    13.31    134.2 ]
  (A) D_TCP eigenvalues = [0.4733, 0.9551, 1.863, 172.1, 200.6, 356.9] -> PSD ok (>=0) (min=0.4733)
  (B) manual pole:
           tx        ty        tz    |    rx        ry        rz
  fx [     237        0        0 |        0   -9.845   -4.589 ]
  fy [       0    178.3        0 |    7.407        0   -4.683 ]
  fz [       0        0    108.1 |    2.093    2.838        0 ]
     ---------------------------+---------------------------
  mx [       0    7.407    2.093 |    1.757  0.05495  -0.2499 ]
  my [  -9.845        0    2.838 |  0.05495    2.555   0.1906 ]
  mz [  -4.589   -4.683        0 |  -0.2499   0.1906    0.992 ]
  (B) D_TCP eigenvalues = [0.7746, 1.41, 2.066, 108.2, 178.8, 237.5] -> PSD ok (>=0) (min=0.7746)
phase: grind

Stop requested with e + Enter. Finishing control loop...

Joint motion [deg]:
joint    start   final   delta
------------------------------
q1       -2.7    -1.2     1.5
q2       18.1    32.0    13.8
q3       -5.1    -3.3     1.8
q4     -122.8  -123.2    -0.4
q5       17.5     2.0   -15.5
q6      139.5   148.3     8.8
q7       26.8    41.6    14.9

=== Final result ===
p_d = [529.1, -37.9, -133.2] mm
p_EE = [533.7, -45.7, 24.6] mm
e_p = [-4.6, 7.8, -157.8] mm
position_error = 158.08 mm
e_R = [0.68, -1.72, 0.01] deg
rotation_error = 1.85 deg
csv: surface_grinding_controller_log.csv
