
Press Enter to recover and configure the robot.
Robot recovered or already ready.
keys: e stop | m menu | g hand-guide

=== Startup mode ===
  s = run the phase sequence from q_init
  h = hold the q_init pose
  t = hold with the set-up impedance
  g = hand-guide the start pose
  q = go to q_init and inspect
  o = open the hand now
  c = grasp the tool now
  r = recalibrate hand width, fingers empty
  f = fetch the tool from the holder
  b = put the tool back
  e = stop and quit
While a run is going: e+Enter stops, m+Enter comes back here.
Choice [s/h/t/g/q/o/c/r/f/b/e]: 
=== Phase sequence mode ===
Moving to q_init (horizontal_table_search)
  q1..q7 [deg] = [0.8, 12.1, -0.5, -130.9, -0.2, 142.9, 44.7] deg
  horizontal_table_search = [0.014777, 0.210911, -0.009320, -2.284835, -0.002725, 2.493410, 0.780694] rad
q_init reached.

=== Start pose ===
q_start = [0.8, 12.1, -0.5, -130.9, -0.1, 142.9, 44.7] deg
p_start = [531.1, 2.6, 156.6] mm

=== Run ===
phase: approach_orient
  Kp=[150, 150, 150] N/m  KR=[90, 90, 90] Nm/rad  [t1,t2,n]
  Dp=[126.5, 103.6, 128.3] Ns/m  DR=[13.46, 15.79, 2.02] Nms/rad  auto (factor 1.90)
orient:     t=  0.0 s | axis_err=  9.1 deg | spin_err=  0.8 deg
orient:     t=  0.2 s | axis_err=  8.1 deg | spin_err=  0.5 deg
orient:     t=  0.4 s | axis_err=  5.5 deg | spin_err=  0.0 deg
orient:     t=  0.6 s | axis_err=  3.1 deg | spin_err=  0.4 deg
orient:     t=  0.8 s | axis_err=  2.5 deg | spin_err=  0.4 deg
orient:     t=  1.0 s | axis_err=  2.4 deg | spin_err=  0.4 deg
orient:     t=  1.2 s | axis_err=  2.3 deg | spin_err=  0.3 deg
orient:     t=  1.4 s | axis_err=  2.3 deg | spin_err=  0.3 deg
orient:     t=  1.6 s | axis_err=  2.3 deg | spin_err=  0.3 deg
orient:     t=  1.8 s | axis_err=  2.2 deg | spin_err=  0.3 deg
orient:     t=  2.0 s | axis_err=  2.2 deg | spin_err=  0.3 deg
orient:     t=  2.2 s | axis_err=  2.2 deg | spin_err=  0.3 deg
orient:     t=  2.4 s | axis_err=  2.2 deg | spin_err=  0.3 deg
orient:     t=  2.6 s | axis_err=  2.2 deg | spin_err=  0.3 deg
orient:     t=  2.8 s | axis_err=  2.2 deg | spin_err=  0.3 deg
orient:     t=  3.0 s | axis_err=  2.2 deg | spin_err=  0.3 deg
orient:     t=  3.2 s | axis_err=  2.2 deg | spin_err=  0.3 deg
orient:     t=  3.4 s | axis_err=  2.2 deg | spin_err=  0.3 deg
orient:     t=  3.6 s | axis_err=  2.2 deg | spin_err=  0.3 deg
orient:     t=  3.8 s | axis_err=  2.2 deg | spin_err=  0.3 deg
orient:     t=  4.0 s | axis_err=  2.2 deg | spin_err=  0.2 deg
orient:     t=  4.2 s | axis_err=  2.2 deg | spin_err=  0.2 deg
orient:     t=  4.4 s | axis_err=  2.2 deg | spin_err=  0.2 deg
orient:     t=  4.6 s | axis_err=  2.2 deg | spin_err=  0.2 deg
orient:     t=  4.8 s | axis_err=  2.2 deg | spin_err=  0.2 deg

Orientation settled short of the 2.0 deg gate after 5.0 s: axis_err=2.2 deg | spin_err=0.2 deg
phase: approach_descend
  Kp=[150, 150, 150] N/m  KR=[90, 90, 90] Nm/rad  [t1,t2,n]
  Dp=[126.5, 103.6, 128.3] Ns/m  DR=[13.46, 15.79, 2.02] Nms/rad  auto (factor 1.90)
  descend to 20 mm clearance at 0.100 m/s
descend:    t=  0.0 s | distance=   0.1 mm | height=+134.4 mm (target 20.0) | force=  0.0 N
descend:    t=  0.2 s | distance=  20.1 mm | height=+123.1 mm (target 20.0) | force=  1.1 N
descend:    t=  0.4 s | distance=  40.1 mm | height=+106.0 mm (target 20.0) | force=  0.4 N
descend:    t=  0.6 s | distance=  60.1 mm | height= +88.2 mm (target 20.0) | force=  1.0 N
descend:    t=  0.8 s | distance=  80.1 mm | height= +70.0 mm (target 20.0) | force=  1.5 N
descend:    t=  1.0 s | distance= 100.1 mm | height= +51.3 mm (target 20.0) | force=  0.6 N
descend:    t=  1.2 s | distance= 120.1 mm | height= +32.4 mm (target 20.0) | force=  1.1 N

[GATE] Reached 20 mm above the plane. Press Enter to start the set-up press (e+Enter stops).
  gate hold: Kp=[5000, 5000, 5000] N/m [x,y,z]  KR=[90, 90, 90] Nm/rad [t1,t2,n]
             Dp=[205.0, 145.7, 253.0] Ns/m  DR=[13.82, 11.92, 2.56] Nms/rad  auto
[GATE] Continuing to the set-up press.
descend:    t=  3.3 s | distance= 133.3 mm | height= +19.3 mm (target 20.0) | force= -0.7 N

Clearance reached: distance=133.3 mm | height=19.3 mm | target=20.0 mm | force=-0.7 N (not used for the switch)
offset_ee = [-20.0, 60.0, 20.0] mm
p_EE_at_contact = [534.2, 8.8, 44.0] mm
contact_point = [516.8, -51.5, 1.5] mm
edge_offset_base = [-17.3, -60.3, -42.5] mm
phase: set_up

--- set-up impedance ---
  f = Kp*e_p + Dp*de,   m = KR*e_R + DR*dw   (decoupled)
  Kp [t1,t2,n]  = [  2000.0,   2000.0,    800.0] N/m
  Dp [t1,t2,n]  = [   211.3,    179.7,    175.4] Ns/m   auto
  KR [t1,t2,n]  = [     5.0,     50.0,     50.0] Nm/rad
  DR [t1,t2,n]  = [     2.0,      5.3,      1.2] Nms/rad   auto
set_up:     t=  0.0 s | tip=  0.0 deg | F=  0.0 N | M=  0.0 Nm (limit 150.0) | edge= 19.3 mm
set_up:     t=  0.2 s | tip=  0.6 deg | F=  1.5 N | M=  0.8 Nm (limit 150.0) | edge= 12.9 mm
set_up:     t=  0.4 s | tip=  1.1 deg | F=  2.3 N | M=  1.1 Nm (limit 150.0) | edge=  4.5 mm
set_up:     t=  0.6 s | tip=  1.1 deg | F= 16.9 N | M=  8.6 Nm (limit 150.0) | edge=  1.8 mm
set_up:     t=  0.8 s | tip=  1.1 deg | F= 22.1 N | M= 11.3 Nm (limit 150.0) | edge=  1.9 mm
set_up:     t=  1.0 s | tip=  1.1 deg | F= 29.6 N | M= 15.2 Nm (limit 150.0) | edge=  2.2 mm
set_up:     t=  1.2 s | tip=  1.1 deg | F= 37.5 N | M= 19.4 Nm (limit 150.0) | edge=  2.4 mm
set_up:     t=  1.4 s | tip=  1.1 deg | F= 45.2 N | M= 23.4 Nm (limit 150.0) | edge=  2.6 mm
set_up:     t=  1.6 s | tip=  1.1 deg | F= 54.5 N | M= 28.4 Nm (limit 150.0) | edge=  2.6 mm
set_up:     t=  1.8 s | tip=  1.1 deg | F= 47.2 N | M= 24.8 Nm (limit 150.0) | edge=  2.7 mm
set_up:     t=  2.0 s | tip=  1.1 deg | F= 47.0 N | M= 24.7 Nm (limit 150.0) | edge=  2.7 mm
set_up:     t=  2.2 s | tip=  1.1 deg | F= 47.0 N | M= 24.7 Nm (limit 150.0) | edge=  2.7 mm
set_up:     t=  2.4 s | tip=  1.1 deg | F= 47.0 N | M= 24.7 Nm (limit 150.0) | edge=  2.7 mm
set_up:     t=  2.6 s | tip=  1.1 deg | F= 46.9 N | M= 24.7 Nm (limit 150.0) | edge=  2.7 mm
set_up:     t=  2.8 s | tip=  1.1 deg | F= 46.9 N | M= 24.7 Nm (limit 150.0) | edge=  2.7 mm
set_up:     t=  3.0 s | tip=  1.1 deg | F= 46.9 N | M= 24.6 Nm (limit 150.0) | edge=  2.7 mm
set_up:     t=  3.2 s | tip=  1.1 deg | F= 46.9 N | M= 24.6 Nm (limit 150.0) | edge=  2.7 mm
set_up:     t=  3.4 s | tip=  1.1 deg | F= 46.8 N | M= 24.6 Nm (limit 150.0) | edge=  2.7 mm
set_up:     t=  3.6 s | tip=  1.1 deg | F= 46.8 N | M= 24.6 Nm (limit 150.0) | edge=  2.7 mm
set_up:     t=  3.8 s | tip=  1.1 deg | F= 46.9 N | M= 24.6 Nm (limit 150.0) | edge=  2.7 mm
set_up:     t=  4.0 s | tip=  1.1 deg | F= 46.8 N | M= 24.6 Nm (limit 150.0) | edge=  2.7 mm
set_up:     t=  4.2 s | tip=  1.1 deg | F= 46.8 N | M= 24.6 Nm (limit 150.0) | edge=  2.7 mm
set_up:     t=  4.4 s | tip=  1.1 deg | F= 46.8 N | M= 24.6 Nm (limit 150.0) | edge=  2.7 mm
set_up:     t=  4.6 s | tip=  1.1 deg | F= 46.8 N | M= 24.6 Nm (limit 150.0) | edge=  2.7 mm
set_up:     t=  4.8 s | tip=  1.1 deg | F= 46.7 N | M= 24.5 Nm (limit 150.0) | edge=  2.7 mm

=== Set-up result ===
stop: time | t=5.0 s | tip=1.1 deg | F=46.7 N | M=24.6 Nm
edge_from_contact = [-1.3, +0.3, -2.3] mm | norm=2.7 mm
tcp_from_contact  = [+16.1, +60.2, +20.4] mm | norm=65.5 mm
alignment: before=8.99 deg | after=7.87 deg | gain=+1.12 deg
alignment components [t1,t2,n] deg: before=[-1.78,-8.81,+0.00] | after=[-1.37,-7.75,+0.00]

=== Set-up surface-frame breakdown ===
frame: alignment-target [tangent1, tangent2, normal]
force        [N]      = [    -2.10,     +2.36,    -46.64]
tcp_disp     [mm]     = [    +0.58,     -0.78,    -22.07]
edge_disp    [mm]     = [    +0.94,     -0.86,     -2.36]
Kp_eff=F/tcp [N/m]    = [  -3605.2,   -3033.2,    2113.4]
moment@edge  [Nm]     = [    -8.73,    -23.97,     -0.82]
tip_angle    [deg]    = [    +0.40,     +1.06,     -0.13]
KR_eff=M/ang [Nm/rad] = [  -1254.7,   -1291.9,     349.6]

[GATE] Set up finished (holding the pressed pose). Press Enter to start the grind (e+Enter stops).

Stop requested with e + Enter. Finishing control loop...

Joint motion [deg]:
joint    start   final   delta
------------------------------
q1        0.8     0.6    -0.2
q2       12.1    30.3    18.2
q3       -0.5     0.3     0.9
q4     -130.9  -133.0    -2.0
q5       -0.1     1.1     1.2
q6      142.9   170.2    27.4
q7       44.7    44.8     0.1

=== Final result ===
p_d = [532.8, 6.6, -35.2] mm
p_EE = [532.9, 8.6, 21.9] mm
e_p = [-0.1, -2.0, -57.2] mm
position_error = 57.19 mm
e_R = [0.09, -1.14, -0.11] deg
rotation_error = 1.15 deg
csv: logs/surface_grinding_controller_log.csv
