
Press Enter to recover and configure the robot.
Robot recovered or already ready.
Collision: custom thresholds.

=== Startup choice ===
  q = go to q_init (from params/common.txt), then choose again
  g = guiding mode: go to q_init, then hand-guide to your pose;
      use s+Enter for sequence or h+Enter for hold
  o = open the Franka hand now (release/load tool), then choose again
  c = close/grasp the tool now, then choose again
  r = continue to run mode (available after q_init is reached)
Choice [q/g/o/c/r, Enter = q]: Moving to q_init...
q_init reached.

=== Startup choice ===
  q = go to q_init (from params/common.txt), then choose again
  g = guiding mode: go to q_init, then hand-guide to your pose;
      use s+Enter for sequence or h+Enter for hold
  o = open the Franka hand now (release/load tool), then choose again
  c = close/grasp the tool now, then choose again
  r = continue to run mode
Choice [q/g/o/c/r, Enter = q]: 
=== Run mode ===
  s = phase sequence (approach / set up / grind)
  h = hold at the start pose
Choice [s/h, Enter = s]: Selected: phase sequence. Nullspace mode from parameters: nullspace_damping_plus_sigma.

=== Setup ===
run: phase sequence | approach_orient: on | nullspace: nullspace_damping_plus_sigma
nullspace parameters: d_null=2.000 | k_sigma=1.000 Nm | alpha=0.0800 rad
hold: Kp=300.0 N/m | KR=40.0 Nm/rad | damping=auto translation+rotation (factor fitted online toward Dp=50.0 Ns/m)
manual_guidance_start: off | manual_damping=0.50
descend: clearance=20.0 mm | speed=0.100 m/s | max_distance=640 mm
alignment push: start=captured | end=+180 mm | speed=0.050 m/s | ramp_time~=4.0 s | timeout=12.0 s | moment_threshold=150.0 Nm
grind: sweep | axis=tangent2 | amplitude=30 mm | frequency=0.20 Hz
coupled stiffness: apply=on | saved=yes | pole=block-diagonal (no coupling)
gates: pause_before_set_up=on | pause_auto_damping=on | pause_before_grind=off | debug_period=0.20 s
alignment-target normal=[+0.087, -0.000, +0.996] | tilt a(x)=0.0 deg, b(y)=5.0 deg (from angles)
tool face: 40 x 120 mm | center offset EE=[+0.0, +0.0, +20.0] mm
Gripper already holding the tool (width 65.0 mm); keeping grasp.
Press e+Enter to stop the controller before the duration expires.
During hold: press g+Enter to hand-guide the tool, then p+Enter to recapture and resume hold.
experiment_duration <= 0: running indefinitely until e + Enter.

=== Start pose ===
q_start = [-2.7, 18.1, -5.1, -122.8, 17.5, 139.5, 26.8] deg
p_start = [565.1, -59.4, 151.1] mm

=== Run ===
phase: approach_orient
orient:     t=  0.0 s | axis_err= 11.5 deg | rot_err= 11.5 deg
approach Dp        auto=[ 134.14,   97.25,  122.28]  manual=[  20.00,   20.00,   20.00] Ns/m
approach DR        auto=[  12.73,   16.36,    4.08]  manual=[  12.00,   12.00,   12.00] Nms/rad
orient:     t=  0.2 s | axis_err=  4.5 deg | rot_err=  4.5 deg
orient:     t=  0.4 s | axis_err=  2.3 deg | rot_err=  2.3 deg

Orientation reached: axis_err=1.9 deg
phase: approach_descend
descend:    t=  0.0 s | distance=   0.1 mm | height= +98.1 mm (target 20.0) | force= -0.0 N
descend:    t=  0.2 s | distance=  20.1 mm | height= +86.0 mm (target 20.0) | force=  0.7 N
descend:    t=  0.4 s | distance=  40.1 mm | height= +69.0 mm (target 20.0) | force=  1.8 N
descend:    t=  0.6 s | distance=  60.2 mm | height= +51.5 mm (target 20.0) | force=  2.1 N
descend:    t=  0.8 s | distance=  80.3 mm | height= +33.6 mm (target 20.0) | force=  1.6 N

[GATE] Reached 20 mm above the plane. Press Enter to start the set-up press (e+Enter stops).
pause auto damping: fitted Dp factor=0.551, DR factor=1.960
pause Dp [xyz]     auto=[ 206.58,  155.28,  224.84]  manual=[ 200.00,  200.00,  200.00] Ns/m
pause DR [t1t2n]   auto=[  11.74,   17.28,    2.04]  manual=[  12.73,   16.36,    4.08] Nms/rad
[GATE] Continuing to the set-up press.
descend:    t=  1.4 s | distance=  95.7 mm | height= +19.6 mm (target 20.0) | force=  0.7 N

Clearance reached: distance=95.7 mm | height=19.6 mm | target=20.0 mm | force=0.7 N (not used for the switch)
offset_ee = [20.0, 60.0, 20.0] mm
p_EE_at_contact = [546.5, -65.5, 65.6] mm
contact_point = [560.3, -126.1, 24.1] mm
edge_offset_base = [13.7, -60.6, -41.5] mm
phase: set_up
set_up Dp [xyz]    auto=[ 237.07,  178.23,  108.09]  manual=[  10.00,   10.00,  175.00] Ns/m
set_up DR [t1t2n]  auto=[   1.41,    2.07,    0.77]  manual=[  10.01,   10.01,   10.00] Nms/rad
set_up:     t=  0.0 s | tip=  0.0 deg | F=  0.0 N | M=  0.0 Nm (limit 150.0) | edge= 19.6 mm
set_up:     t=  0.2 s | tip=  0.5 deg | F=  1.1 N | M=  0.4 Nm (limit 150.0) | edge= 13.5 mm
set_up:     t=  0.4 s | tip=  0.9 deg | F=  1.7 N | M=  0.6 Nm (limit 150.0) | edge=  6.2 mm
set_up:     t=  0.6 s | tip=  1.1 deg | F=  2.5 N | M=  1.0 Nm (limit 150.0) | edge=  4.5 mm
set_up:     t=  0.8 s | tip=  1.4 deg | F=  1.3 N | M=  0.4 Nm (limit 150.0) | edge= 12.8 mm
set_up:     t=  1.0 s | tip=  1.8 deg | F=  2.1 N | M=  0.8 Nm (limit 150.0) | edge= 22.0 mm
set_up:     t=  1.2 s | tip=  1.8 deg | F= 11.0 N | M=  5.9 Nm (limit 150.0) | edge= 22.4 mm
set_up:     t=  1.4 s | tip=  1.8 deg | F= 14.8 N | M=  7.8 Nm (limit 150.0) | edge= 22.5 mm
set_up:     t=  1.6 s | tip=  1.8 deg | F= 18.6 N | M=  9.7 Nm (limit 150.0) | edge= 22.7 mm
set_up:     t=  1.8 s | tip=  1.8 deg | F= 22.7 N | M= 11.8 Nm (limit 150.0) | edge= 22.8 mm
set_up:     t=  2.0 s | tip=  1.8 deg | F= 26.4 N | M= 13.6 Nm (limit 150.0) | edge= 23.0 mm
set_up:     t=  2.2 s | tip=  1.8 deg | F= 30.4 N | M= 15.6 Nm (limit 150.0) | edge= 23.1 mm
set_up:     t=  2.4 s | tip=  1.8 deg | F= 34.3 N | M= 17.6 Nm (limit 150.0) | edge= 23.3 mm
set_up:     t=  2.6 s | tip=  1.9 deg | F= 38.3 N | M= 19.7 Nm (limit 150.0) | edge= 23.5 mm
set_up:     t=  2.8 s | tip=  1.9 deg | F= 42.0 N | M= 21.6 Nm (limit 150.0) | edge= 23.6 mm
set_up:     t=  3.0 s | tip=  2.0 deg | F= 45.4 N | M= 23.3 Nm (limit 150.0) | edge= 23.8 mm
set_up:     t=  3.2 s | tip=  2.2 deg | F= 48.4 N | M= 24.8 Nm (limit 150.0) | edge= 23.9 mm
set_up:     t=  3.4 s | tip=  2.2 deg | F= 52.5 N | M= 26.8 Nm (limit 150.0) | edge= 24.1 mm
set_up:     t=  3.6 s | tip=  2.3 deg | F= 56.5 N | M= 28.8 Nm (limit 150.0) | edge= 24.2 mm
set_up:     t=  3.8 s | tip=  2.3 deg | F= 60.1 N | M= 30.5 Nm (limit 150.0) | edge= 24.4 mm
set_up:     t=  4.0 s | tip=  2.3 deg | F= 64.2 N | M= 32.8 Nm (limit 150.0) | edge= 24.4 mm
set_up:     t=  4.2 s | tip=  2.3 deg | F= 59.7 N | M= 30.4 Nm (limit 150.0) | edge= 24.4 mm
set_up:     t=  4.4 s | tip=  2.3 deg | F= 59.7 N | M= 30.4 Nm (limit 150.0) | edge= 24.4 mm
set_up:     t=  4.6 s | tip=  2.3 deg | F= 59.7 N | M= 30.4 Nm (limit 150.0) | edge= 24.4 mm
set_up:     t=  4.8 s | tip=  2.3 deg | F= 59.7 N | M= 30.4 Nm (limit 150.0) | edge= 24.5 mm
set_up:     t=  5.0 s | tip=  2.3 deg | F= 59.7 N | M= 30.3 Nm (limit 150.0) | edge= 24.5 mm
set_up:     t=  5.2 s | tip=  2.3 deg | F= 59.6 N | M= 30.3 Nm (limit 150.0) | edge= 24.5 mm
set_up:     t=  5.4 s | tip=  2.3 deg | F= 59.6 N | M= 30.3 Nm (limit 150.0) | edge= 24.5 mm
set_up:     t=  5.6 s | tip=  2.3 deg | F= 59.6 N | M= 30.3 Nm (limit 150.0) | edge= 24.5 mm
set_up:     t=  5.8 s | tip=  2.3 deg | F= 59.5 N | M= 30.3 Nm (limit 150.0) | edge= 24.5 mm
set_up:     t=  6.0 s | tip=  2.3 deg | F= 59.6 N | M= 30.3 Nm (limit 150.0) | edge= 24.5 mm
set_up:     t=  6.2 s | tip=  2.3 deg | F= 59.5 N | M= 30.2 Nm (limit 150.0) | edge= 24.5 mm
set_up:     t=  6.4 s | tip=  2.3 deg | F= 59.5 N | M= 30.2 Nm (limit 150.0) | edge= 24.5 mm
set_up:     t=  6.6 s | tip=  2.3 deg | F= 59.6 N | M= 30.2 Nm (limit 150.0) | edge= 24.5 mm
set_up:     t=  6.8 s | tip=  2.3 deg | F= 59.5 N | M= 30.2 Nm (limit 150.0) | edge= 24.5 mm
set_up:     t=  7.0 s | tip=  2.3 deg | F= 59.5 N | M= 30.2 Nm (limit 150.0) | edge= 24.5 mm
set_up:     t=  7.2 s | tip=  2.3 deg | F= 59.4 N | M= 30.1 Nm (limit 150.0) | edge= 24.5 mm
set_up:     t=  7.4 s | tip=  2.3 deg | F= 59.5 N | M= 30.2 Nm (limit 150.0) | edge= 24.5 mm
set_up:     t=  7.6 s | tip=  2.3 deg | F= 59.6 N | M= 30.2 Nm (limit 150.0) | edge= 24.5 mm
set_up:     t=  7.8 s | tip=  2.3 deg | F= 59.5 N | M= 30.1 Nm (limit 150.0) | edge= 24.5 mm
set_up:     t=  8.0 s | tip=  2.3 deg | F= 59.5 N | M= 30.1 Nm (limit 150.0) | edge= 24.5 mm
set_up:     t=  8.2 s | tip=  2.3 deg | F= 59.5 N | M= 30.1 Nm (limit 150.0) | edge= 24.5 mm
set_up:     t=  8.4 s | tip=  2.3 deg | F= 59.4 N | M= 30.1 Nm (limit 150.0) | edge= 24.5 mm
set_up:     t=  8.6 s | tip=  2.3 deg | F= 59.4 N | M= 30.1 Nm (limit 150.0) | edge= 24.5 mm
set_up:     t=  8.8 s | tip=  2.3 deg | F= 59.4 N | M= 30.1 Nm (limit 150.0) | edge= 24.5 mm
set_up:     t=  9.0 s | tip=  2.3 deg | F= 59.4 N | M= 30.1 Nm (limit 150.0) | edge= 24.5 mm
set_up:     t=  9.2 s | tip=  2.3 deg | F= 59.4 N | M= 30.1 Nm (limit 150.0) | edge= 24.5 mm
set_up:     t=  9.4 s | tip=  2.3 deg | F= 59.4 N | M= 30.1 Nm (limit 150.0) | edge= 24.5 mm
set_up:     t=  9.6 s | tip=  2.3 deg | F= 59.4 N | M= 30.1 Nm (limit 150.0) | edge= 24.5 mm
set_up:     t=  9.8 s | tip=  2.3 deg | F= 59.2 N | M= 30.0 Nm (limit 150.0) | edge= 24.5 mm
set_up:     t= 10.0 s | tip=  2.3 deg | F= 59.4 N | M= 30.0 Nm (limit 150.0) | edge= 24.5 mm
set_up:     t= 10.2 s | tip=  2.3 deg | F= 59.4 N | M= 30.0 Nm (limit 150.0) | edge= 24.5 mm
set_up:     t= 10.4 s | tip=  2.3 deg | F= 59.4 N | M= 30.1 Nm (limit 150.0) | edge= 24.5 mm
set_up:     t= 10.6 s | tip=  2.3 deg | F= 59.4 N | M= 30.0 Nm (limit 150.0) | edge= 24.5 mm
set_up:     t= 10.8 s | tip=  2.3 deg | F= 59.3 N | M= 30.0 Nm (limit 150.0) | edge= 24.5 mm
set_up:     t= 11.0 s | tip=  2.3 deg | F= 59.4 N | M= 30.0 Nm (limit 150.0) | edge= 24.5 mm
set_up:     t= 11.2 s | tip=  2.3 deg | F= 59.4 N | M= 30.0 Nm (limit 150.0) | edge= 24.5 mm
set_up:     t= 11.4 s | tip=  2.3 deg | F= 59.4 N | M= 30.0 Nm (limit 150.0) | edge= 24.5 mm
set_up:     t= 11.6 s | tip=  2.3 deg | F= 59.4 N | M= 30.0 Nm (limit 150.0) | edge= 24.5 mm
set_up:     t= 11.8 s | tip=  2.3 deg | F= 59.4 N | M= 30.0 Nm (limit 150.0) | edge= 24.5 mm

=== Set-up result ===
stop: time | t=12.0 s | tip=2.3 deg | F=59.4 N | M=30.0 Nm
edge_from_contact = [-6.1, +0.5, -23.7] mm | norm=24.5 mm
tcp_from_contact  = [-21.2, +61.4, -2.0] mm | norm=64.9 mm
alignment: before=0.50 deg | after=2.31 deg | gain=-1.82 deg

=== Set-up surface-frame breakdown ===
frame: alignment-target [tangent1, tangent2, normal]
force        [N]      = [   -14.52,     -2.85,    -57.49]
tcp_disp     [mm]     = [    -3.63,     +0.70,    -43.99]
edge_disp    [mm]     = [    -4.02,     +0.50,    -24.14]
Kp_eff=F/tcp [N/m]    = [   4003.3,   -4056.4,    1307.0]
moment@edge  [Nm]     = [    +2.43,    +28.06,     -1.80]
tip_angle    [deg]    = [    +0.85,     -2.12,     -0.35]
KR_eff=M/ang [Nm/rad] = [    163.6,    -756.6,     297.5]

finite_axis: angle=2.3 deg | axis_from_edge=[-543.9, -233.5, +122.6] mm | dir=[-0.353, +0.918, +0.181] | pitch=-41.4 mm/rad

=== Coupled stiffness from the measured pole ===
source spring K_pole/D_pole (diagonal, from parameters):
  Kp [N/m]     = [2000, 2000, 350]
  KR [Nm/rad]  = [5, 5, 50]
  Dp [Ns/m]    = [10, 10, 175]
  DR [Nms/rad] = [10.01, 10.01, 10]

poles compared (lever r_c = TCP - pole):
  (A) measured axis : angle=2.3 deg | pitch=-41.4 mm/rad
      pole_from_edge = [-537.2, -235.5, 146.0] mm
      r_c            = [522.1, 296.3, -124.3] mm
  (B) manual pole   : comparison only, contact reference
      pole_from_edge = [-33.9, 79.5, 23.7] mm
      r_c            = [26.3, -19.4, 41.5] mm
      r_c(B)-r_c(A)  = [-495.9, -315.7, 165.8] mm

K_TCP = Ad^T K_pole Ad  [rows fx..mz | cols tx..rz]:
  (A) measured axis:
           tx        ty        tz    |    rx        ry        rz
  fx [    2000        0        0 |        0    248.6    592.7 ]
  fy [       0     2000        0 |   -248.6        0    -1044 ]
  fz [       0        0      350 |   -103.7    182.7        0 ]
     ---------------------------+---------------------------
  mx [       0   -248.6   -103.7 |    66.98   -54.15    133.7 ]
  my [   248.6        0    182.7 |   -54.15    131.3    73.67 ]
  mz [   592.7    -1044        0 |    133.7    73.67    770.5 ]
  (A) K_TCP eigenvalues = [3.624, 4.968, 36.39, 475, 2033, 2765] -> PSD ok (>=0) (min=3.624)
  (B) manual pole:
           tx        ty        tz    |    rx        ry        rz
  fx [    2000        0        0 |        0   -82.97    -38.7 ]
  fy [       0     2000        0 |    82.97        0   -52.51 ]
  fz [       0        0      350 |    6.773    9.188        0 ]
     ---------------------------+---------------------------
  mx [       0    82.97    6.773 |    8.915   0.1778    1.729 ]
  my [  -82.97        0    9.188 |   0.1778    8.683    1.606 ]
  mz [   -38.7   -52.51        0 |    1.729    1.606    51.79 ]
  (B) K_TCP eigenvalues = [4.986, 4.99, 49.95, 350.4, 2003, 2006] -> PSD ok (>=0) (min=4.986)

D_TCP = Ad^T D_pole Ad:
  (A) measured axis:
           tx        ty        tz    |    rx        ry        rz
  fx [   237.1        0        0 |        0    29.47    70.25 ]
  fy [       0    178.2        0 |   -22.15        0   -93.06 ]
  fz [       0        0    108.1 |   -32.03    56.44        0 ]
     ---------------------------+---------------------------
  mx [       0   -22.15   -32.03 |    13.65   -16.72    11.51 ]
  my [   29.47        0    56.44 |   -16.72     35.2    8.733 ]
  mz [   70.25   -93.06        0 |    11.51    8.733    70.19 ]
  (A) D_TCP eigenvalues = [0.5648, 1.221, 1.729, 145.7, 211.5, 281.6] -> PSD ok (>=0) (min=0.5648)
  (B) manual pole:
           tx        ty        tz    |    rx        ry        rz
  fx [   237.1        0        0 |        0   -9.834   -4.588 ]
  fy [       0    178.2        0 |    7.394        0   -4.679 ]
  fz [       0        0    108.1 |    2.092    2.838        0 ]
     ---------------------------+---------------------------
  mx [       0    7.394    2.092 |    1.754  0.05491  -0.2493 ]
  my [  -9.834        0    2.838 |  0.05491    2.555   0.1903 ]
  mz [  -4.588   -4.679        0 |  -0.2493   0.1903   0.9915 ]
  (B) D_TCP eigenvalues = [0.7743, 1.408, 2.068, 108.2, 178.7, 237.6] -> PSD ok (>=0) (min=0.7743)
phase: grind

Stop requested with e + Enter. Finishing control loop...

Joint motion [deg]:
joint    start   final   delta
------------------------------
q1       -2.7    -6.3    -3.5
q2       18.1    32.9    14.7
q3       -5.1    -2.7     2.5
q4     -122.8  -121.7     1.2
q5       17.5    -0.5   -18.0
q6      139.5   147.2     7.7
q7       26.8    40.2    13.4

=== Final result ===
p_d = [529.2, -94.7, -133.2] mm
p_EE = [533.6, -88.2, 22.9] mm
e_p = [-4.4, -6.5, -156.1] mm
position_error = 156.32 mm
e_R = [1.17, -2.37, 0.81] deg
rotation_error = 2.76 deg
csv: surface_grinding_controller_log.csv
