
Press Enter to recover and configure the robot.
Robot recovered or already ready.
Collision: custom thresholds.

=== Startup choice ===
  q = go to q_init (from params/common.txt), then choose again
  g = guiding mode: go to q_init, then hand-guide to your pose;
      use s+Enter for sequence or h+Enter for hold
  o = open the Franka hand now (release/load tool), then choose again
  c = close/grasp the tool now, then choose again
  r = continue to run mode (available after q_init is reached)
Choice [q/g/o/c/r, Enter = q]: Moving to q_init...
q_init reached.

=== Startup choice ===
  q = go to q_init (from params/common.txt), then choose again
  g = guiding mode: go to q_init, then hand-guide to your pose;
      use s+Enter for sequence or h+Enter for hold
  o = open the Franka hand now (release/load tool), then choose again
  c = close/grasp the tool now, then choose again
  r = continue to run mode
Choice [q/g/o/c/r, Enter = q]: 
=== Run mode ===
  s = phase sequence (approach / set up / grind)
  h = hold at the start pose
Choice [s/h, Enter = s]: Selected: phase sequence. Nullspace mode from parameters: nullspace_damping_plus_sigma.

=== Setup ===
run: phase sequence | approach_orient: on | nullspace: nullspace_damping_plus_sigma
nullspace parameters: d_null=2.000 | k_sigma=1.000 Nm | alpha=0.0800 rad
hold: Kp=300.0 N/m | KR=40.0 Nm/rad | damping=auto translation+rotation (factor fitted online toward Dp=50.0 Ns/m)
manual_guidance_start: off | manual_damping=0.50
descend: clearance=20.0 mm | speed=0.100 m/s | max_distance=640 mm
alignment push: start=captured | end=+180 mm | speed=0.050 m/s | ramp_time~=4.0 s | timeout=12.0 s | moment_threshold=150.0 Nm
grind: sweep | axis=tangent2 | amplitude=30 mm | frequency=0.20 Hz
coupled stiffness: apply=off | saved=yes | pole=manual
gates: pause_before_set_up=on | pause_auto_damping=on | pause_before_grind=off | debug_period=0.20 s
alignment-target normal=[+0.087, -0.000, +0.996] | tilt a(x)=0.0 deg, b(y)=5.0 deg (from angles)
tool face: 40 x 120 mm | center offset EE=[+0.0, +0.0, +20.0] mm
Gripper already holding the tool (width 65.0 mm); keeping grasp.
Press e+Enter to stop the controller before the duration expires.
During hold: press g+Enter to hand-guide the tool, then p+Enter to recapture and resume hold.
experiment_duration <= 0: running indefinitely until e + Enter.

=== Start pose ===
q_start = [-2.7, 18.1, -5.1, -122.8, 17.5, 139.5, 26.8] deg
p_start = [565.1, -59.4, 151.1] mm

=== Run ===
phase: approach_orient
orient:     t=  0.0 s | axis_err= 11.5 deg | rot_err= 11.5 deg
approach Dp        auto=[ 134.15,   97.25,  122.28]  manual=[  20.00,   20.00,   20.00] Ns/m
approach DR        auto=[  12.73,   16.37,    4.08]  manual=[  12.00,   12.00,   12.00] Nms/rad
orient:     t=  0.2 s | axis_err=  4.5 deg | rot_err=  4.5 deg
orient:     t=  0.4 s | axis_err=  2.3 deg | rot_err=  2.3 deg

Orientation reached: axis_err=1.9 deg
phase: approach_descend
descend:    t=  0.0 s | distance=   0.1 mm | height= +98.1 mm (target 20.0) | force= -0.0 N
descend:    t=  0.2 s | distance=  20.1 mm | height= +86.0 mm (target 20.0) | force=  0.7 N
descend:    t=  0.4 s | distance=  40.1 mm | height= +69.0 mm (target 20.0) | force=  1.5 N
descend:    t=  0.6 s | distance=  60.2 mm | height= +51.4 mm (target 20.0) | force=  2.5 N
descend:    t=  0.8 s | distance=  80.3 mm | height= +33.6 mm (target 20.0) | force=  2.0 N

[GATE] Reached 20 mm above the plane. Press Enter to start the set-up press (e+Enter stops).
pause auto damping: fitted Dp factor=0.551, DR factor=1.960
pause Dp [xyz]     auto=[ 206.57,  155.30,  224.84]  manual=[ 200.00,  200.00,  200.00] Ns/m
pause DR [t1t2n]   auto=[  11.74,   17.28,    2.04]  manual=[  12.73,   16.37,    4.08] Nms/rad
[GATE] Continuing to the set-up press.
descend:    t=  2.7 s | distance=  95.7 mm | height= +19.6 mm (target 20.0) | force=  0.7 N

Clearance reached: distance=95.7 mm | height=19.6 mm | target=20.0 mm | force=0.7 N (not used for the switch)
offset_ee = [20.0, 60.0, 20.0] mm
p_EE_at_contact = [546.4, -65.6, 65.6] mm
contact_point = [560.1, -126.3, 24.1] mm
edge_offset_base = [13.7, -60.6, -41.5] mm
phase: set_up
set_up Dp [xyz]    auto=[ 237.07,  178.26,  108.09]  manual=[  10.00,   10.00,  175.00] Ns/m
set_up DR [t1t2n]  auto=[   1.41,    2.07,    0.78]  manual=[  10.01,   10.01,   10.00] Nms/rad
set_up:     t=  0.0 s | tip=  0.0 deg | F=  0.0 N | M=  0.0 Nm (limit 150.0) | edge= 19.6 mm
set_up:     t=  0.2 s | tip=  0.5 deg | F=  1.2 N | M=  0.5 Nm (limit 150.0) | edge= 13.6 mm
set_up:     t=  0.4 s | tip=  1.0 deg | F=  1.9 N | M=  0.7 Nm (limit 150.0) | edge=  6.3 mm
set_up:     t=  0.6 s | tip=  1.2 deg | F=  2.0 N | M=  0.8 Nm (limit 150.0) | edge=  4.4 mm
set_up:     t=  0.8 s | tip=  1.5 deg | F=  1.4 N | M=  0.4 Nm (limit 150.0) | edge= 12.8 mm
set_up:     t=  1.0 s | tip=  2.0 deg | F=  1.5 N | M=  0.5 Nm (limit 150.0) | edge= 22.0 mm
set_up:     t=  1.2 s | tip=  2.0 deg | F= 10.7 N | M=  5.8 Nm (limit 150.0) | edge= 22.8 mm
set_up:     t=  1.4 s | tip=  2.0 deg | F= 14.6 N | M=  7.8 Nm (limit 150.0) | edge= 22.9 mm
set_up:     t=  1.6 s | tip=  2.0 deg | F= 18.6 N | M=  9.9 Nm (limit 150.0) | edge= 23.1 mm
set_up:     t=  1.8 s | tip=  2.0 deg | F= 22.5 N | M= 11.9 Nm (limit 150.0) | edge= 23.2 mm
set_up:     t=  2.0 s | tip=  2.0 deg | F= 26.4 N | M= 14.0 Nm (limit 150.0) | edge= 23.4 mm
set_up:     t=  2.2 s | tip=  2.0 deg | F= 30.2 N | M= 15.9 Nm (limit 150.0) | edge= 23.5 mm
set_up:     t=  2.4 s | tip=  2.1 deg | F= 33.8 N | M= 17.7 Nm (limit 150.0) | edge= 23.7 mm
set_up:     t=  2.6 s | tip=  2.1 deg | F= 37.5 N | M= 19.5 Nm (limit 150.0) | edge= 23.8 mm
set_up:     t=  2.8 s | tip=  2.1 deg | F= 41.3 N | M= 21.5 Nm (limit 150.0) | edge= 23.9 mm
set_up:     t=  3.0 s | tip=  2.2 deg | F= 44.9 N | M= 23.2 Nm (limit 150.0) | edge= 24.1 mm
set_up:     t=  3.2 s | tip=  2.3 deg | F= 48.2 N | M= 24.9 Nm (limit 150.0) | edge= 24.2 mm
set_up:     t=  3.4 s | tip=  2.5 deg | F= 52.1 N | M= 26.9 Nm (limit 150.0) | edge= 24.4 mm
set_up:     t=  3.6 s | tip=  2.5 deg | F= 55.8 N | M= 28.8 Nm (limit 150.0) | edge= 24.6 mm
set_up:     t=  3.8 s | tip=  2.5 deg | F= 59.8 N | M= 30.8 Nm (limit 150.0) | edge= 24.7 mm
set_up:     t=  4.0 s | tip=  2.5 deg | F= 63.9 N | M= 32.8 Nm (limit 150.0) | edge= 24.9 mm
set_up:     t=  4.2 s | tip=  2.5 deg | F= 59.6 N | M= 30.7 Nm (limit 150.0) | edge= 24.8 mm
set_up:     t=  4.4 s | tip=  2.5 deg | F= 59.7 N | M= 30.7 Nm (limit 150.0) | edge= 24.8 mm
set_up:     t=  4.6 s | tip=  2.5 deg | F= 59.7 N | M= 30.7 Nm (limit 150.0) | edge= 24.8 mm
set_up:     t=  4.8 s | tip=  2.5 deg | F= 59.6 N | M= 30.7 Nm (limit 150.0) | edge= 24.8 mm
set_up:     t=  5.0 s | tip=  2.5 deg | F= 59.6 N | M= 30.6 Nm (limit 150.0) | edge= 24.8 mm
set_up:     t=  5.2 s | tip=  2.5 deg | F= 59.6 N | M= 30.6 Nm (limit 150.0) | edge= 24.8 mm
set_up:     t=  5.4 s | tip=  2.5 deg | F= 59.6 N | M= 30.6 Nm (limit 150.0) | edge= 24.8 mm
set_up:     t=  5.6 s | tip=  2.5 deg | F= 59.5 N | M= 30.5 Nm (limit 150.0) | edge= 24.9 mm
set_up:     t=  5.8 s | tip=  2.5 deg | F= 59.5 N | M= 30.5 Nm (limit 150.0) | edge= 24.8 mm
set_up:     t=  6.0 s | tip=  2.5 deg | F= 59.5 N | M= 30.5 Nm (limit 150.0) | edge= 24.8 mm
set_up:     t=  6.2 s | tip=  2.5 deg | F= 59.5 N | M= 30.5 Nm (limit 150.0) | edge= 24.9 mm
set_up:     t=  6.4 s | tip=  2.5 deg | F= 59.5 N | M= 30.5 Nm (limit 150.0) | edge= 24.9 mm
set_up:     t=  6.6 s | tip=  2.5 deg | F= 59.5 N | M= 30.4 Nm (limit 150.0) | edge= 24.9 mm
set_up:     t=  6.8 s | tip=  2.5 deg | F= 59.3 N | M= 30.3 Nm (limit 150.0) | edge= 24.9 mm
set_up:     t=  7.0 s | tip=  2.5 deg | F= 59.4 N | M= 30.4 Nm (limit 150.0) | edge= 24.9 mm
set_up:     t=  7.2 s | tip=  2.5 deg | F= 59.5 N | M= 30.4 Nm (limit 150.0) | edge= 24.9 mm
set_up:     t=  7.4 s | tip=  2.5 deg | F= 59.4 N | M= 30.4 Nm (limit 150.0) | edge= 24.9 mm
set_up:     t=  7.6 s | tip=  2.5 deg | F= 59.4 N | M= 30.4 Nm (limit 150.0) | edge= 24.9 mm
set_up:     t=  7.8 s | tip=  2.5 deg | F= 59.4 N | M= 30.3 Nm (limit 150.0) | edge= 24.9 mm
set_up:     t=  8.0 s | tip=  2.5 deg | F= 59.4 N | M= 30.4 Nm (limit 150.0) | edge= 24.9 mm
set_up:     t=  8.2 s | tip=  2.5 deg | F= 59.4 N | M= 30.3 Nm (limit 150.0) | edge= 24.9 mm
set_up:     t=  8.4 s | tip=  2.5 deg | F= 59.3 N | M= 30.3 Nm (limit 150.0) | edge= 24.9 mm
set_up:     t=  8.6 s | tip=  2.5 deg | F= 59.3 N | M= 30.3 Nm (limit 150.0) | edge= 24.9 mm
set_up:     t=  8.8 s | tip=  2.5 deg | F= 59.3 N | M= 30.3 Nm (limit 150.0) | edge= 24.9 mm
set_up:     t=  9.0 s | tip=  2.5 deg | F= 59.3 N | M= 30.3 Nm (limit 150.0) | edge= 24.9 mm
set_up:     t=  9.2 s | tip=  2.5 deg | F= 59.3 N | M= 30.3 Nm (limit 150.0) | edge= 24.9 mm
set_up:     t=  9.4 s | tip=  2.5 deg | F= 59.3 N | M= 30.3 Nm (limit 150.0) | edge= 24.9 mm
set_up:     t=  9.6 s | tip=  2.5 deg | F= 59.3 N | M= 30.3 Nm (limit 150.0) | edge= 24.9 mm
set_up:     t=  9.8 s | tip=  2.5 deg | F= 59.3 N | M= 30.3 Nm (limit 150.0) | edge= 24.9 mm
set_up:     t= 10.0 s | tip=  2.5 deg | F= 59.3 N | M= 30.3 Nm (limit 150.0) | edge= 24.9 mm
set_up:     t= 10.2 s | tip=  2.5 deg | F= 59.3 N | M= 30.3 Nm (limit 150.0) | edge= 24.9 mm
set_up:     t= 10.4 s | tip=  2.5 deg | F= 59.3 N | M= 30.3 Nm (limit 150.0) | edge= 24.9 mm
set_up:     t= 10.6 s | tip=  2.5 deg | F= 59.3 N | M= 30.2 Nm (limit 150.0) | edge= 24.9 mm
set_up:     t= 10.8 s | tip=  2.5 deg | F= 59.2 N | M= 30.2 Nm (limit 150.0) | edge= 24.9 mm
set_up:     t= 11.0 s | tip=  2.5 deg | F= 59.3 N | M= 30.3 Nm (limit 150.0) | edge= 24.9 mm
set_up:     t= 11.2 s | tip=  2.5 deg | F= 59.2 N | M= 30.2 Nm (limit 150.0) | edge= 24.9 mm
set_up:     t= 11.4 s | tip=  2.5 deg | F= 59.2 N | M= 30.2 Nm (limit 150.0) | edge= 24.9 mm
set_up:     t= 11.6 s | tip=  2.5 deg | F= 59.2 N | M= 30.2 Nm (limit 150.0) | edge= 24.9 mm
set_up:     t= 11.8 s | tip=  2.5 deg | F= 59.2 N | M= 30.2 Nm (limit 150.0) | edge= 24.9 mm

=== Set-up result ===
stop: time | t=12.0 s | tip=2.5 deg | F=59.2 N | M=30.2 Nm
edge_from_contact = [-6.4, +0.5, -24.0] mm | norm=24.9 mm
tcp_from_contact  = [-21.4, +61.3, -2.3] mm | norm=65.0 mm
alignment: before=0.50 deg | after=2.58 deg | gain=-2.08 deg

=== Set-up surface-frame breakdown ===
frame: alignment-target [tangent1, tangent2, normal]
force        [N]      = [   -13.70,     -2.81,    -57.52]
tcp_disp     [mm]     = [    -3.81,     +0.66,    -44.28]
edge_disp    [mm]     = [    -4.26,     +0.47,    -24.49]
Kp_eff=F/tcp [N/m]    = [   3600.4,   -4244.9,    1299.1]
moment@edge  [Nm]     = [    +2.49,    +28.25,     -1.78]
tip_angle    [deg]    = [    +0.84,     -2.37,     -0.37]
KR_eff=M/ang [Nm/rad] = [    170.2,    -682.6,     278.3]

finite_axis: angle=2.5 deg | axis_from_edge=[-510.7, -194.7, +119.0] mm | dir=[-0.316, +0.933, +0.172] | pitch=-38.0 mm/rad
(coupled_K_tcp/coupled_D_tcp queued for the next run)

=== Coupled stiffness from the measured pole ===
source spring K_pole/D_pole (diagonal, from parameters):
  Kp [N/m]     = [2000, 2000, 350]
  KR [Nm/rad]  = [5, 5, 50]
  Dp [Ns/m]    = [10, 10, 175]
  DR [Nms/rad] = [10.01, 10.01, 10]

poles compared (lever r_c = TCP - pole):
  (A) measured axis : angle=2.5 deg | pitch=-38.0 mm/rad
      pole_from_edge = [-503.8, -196.8, 142.8] mm
      r_c            = [488.8, 257.6, -121.0] mm
  (B) manual pole   : comparison only, contact reference
      pole_from_edge = [-33.6, 79.5, 24.0] mm
      r_c            = [26.3, -19.4, 41.5] mm
      r_c(B)-r_c(A)  = [-462.6, -277.0, 162.5] mm

K_TCP = Ad^T K_pole Ad  [rows fx..mz | cols tx..rz]:
  (A) measured axis:
           tx        ty        tz    |    rx        ry        rz
  fx [    2000        0        0 |        0      242    515.3 ]
  fy [       0     2000        0 |     -242        0   -977.6 ]
  fz [       0        0      350 |   -90.17    171.1        0 ]
     ---------------------------+---------------------------
  mx [       0     -242   -90.17 |    57.86   -44.08    122.2 ]
  my [     242        0    171.1 |   -44.08    117.9    62.36 ]
  mz [   515.3   -977.6        0 |    122.2    62.36    660.3 ]
  (A) K_TCP eigenvalues = [3.778, 4.969, 37.94, 456, 2031, 2652] -> PSD ok (>=0) (min=3.778)
  (B) manual pole:
           tx        ty        tz    |    rx        ry        rz
  fx [    2000        0        0 |        0   -83.01    -38.7 ]
  fy [       0     2000        0 |    83.01        0   -52.52 ]
  fz [       0        0      350 |    6.773    9.191        0 ]
     ---------------------------+---------------------------
  mx [       0    83.01    6.773 |    8.918   0.1778    1.727 ]
  my [  -83.01        0    9.191 |   0.1778    8.687    1.606 ]
  mz [   -38.7   -52.52        0 |    1.727    1.606    51.79 ]
  (B) K_TCP eigenvalues = [4.986, 4.99, 49.95, 350.4, 2003, 2006] -> PSD ok (>=0) (min=4.986)

D_TCP = Ad^T D_pole Ad:
  (A) measured axis:
           tx        ty        tz    |    rx        ry        rz
  fx [   237.1        0        0 |        0    28.69    61.08 ]
  fy [       0    178.3        0 |   -21.57        0   -87.13 ]
  fz [       0        0    108.1 |   -27.85    52.84        0 ]
     ---------------------------+---------------------------
  mx [       0   -21.57   -27.85 |    11.19   -13.61    10.49 ]
  my [   28.69        0    52.84 |   -13.61    31.37    7.392 ]
  mz [   61.08   -87.13        0 |    10.49    7.392    59.11 ]
  (A) D_TCP eigenvalues = [0.5889, 1.265, 1.74, 140.2, 210.3, 271] -> PSD ok (>=0) (min=0.5889)
  (B) manual pole:
           tx        ty        tz    |    rx        ry        rz
  fx [   237.1        0        0 |        0    -9.84   -4.588 ]
  fy [       0    178.3        0 |    7.399        0   -4.681 ]
  fz [       0        0    108.1 |    2.092    2.838        0 ]
     ---------------------------+---------------------------
  mx [       0    7.399    2.092 |    1.754  0.05492  -0.2495 ]
  my [   -9.84        0    2.838 |  0.05492    2.556   0.1904 ]
  mz [  -4.588   -4.681        0 |  -0.2495   0.1904   0.9916 ]
  (B) D_TCP eigenvalues = [0.7744, 1.408, 2.068, 108.2, 178.7, 237.6] -> PSD ok (>=0) (min=0.7744)
phase: grind

Stop requested with e + Enter. Finishing control loop...
params/sequence.txt updated after control loop (73 queued values).

Joint motion [deg]:
joint    start   final   delta
------------------------------
q1       -2.7    -3.2    -0.5
q2       18.1    32.9    14.8
q3       -5.1    -2.0     3.1
q4     -122.8  -121.7     1.1
q5       17.5    -0.3   -17.8
q6      139.5   146.8     7.3
q7       26.8    42.7    15.9

=== Final result ===
p_d = [529.0, -44.9, -133.2] mm
p_EE = [536.1, -52.1, 21.6] mm
e_p = [-7.1, 7.2, -154.8] mm
position_error = 155.14 mm
e_R = [1.01, -2.74, -0.17] deg
rotation_error = 2.93 deg
csv: surface_grinding_controller_log.csv
