
Press Enter to recover and configure the robot.
Robot recovered or already ready.
keys: e stop | m menu | g hand-guide

=== Startup mode ===
  s = run the phase sequence from q_init
  h = hold the q_init pose
  t = hold with the set-up impedance
  g = hand-guide the start pose
  q = go to q_init and inspect
  o = open the hand now
  c = grasp the tool now
  r = recalibrate hand width, fingers empty
  f = fetch the tool from the holder
  b = put the tool back
  e = stop and quit
While a run is going: e+Enter stops, m+Enter comes back here.
Choice [s/h/t/g/q/o/c/r/f/b/e]: 
=== Phase sequence mode ===
Moving to q_init (horizontal_table_search)
  q1..q7 [deg] = [0.8, 12.1, -0.5, -130.9, -0.2, 142.9, 44.7] deg
  horizontal_table_search = [0.014777, 0.210911, -0.009320, -2.284835, -0.002725, 2.493410, 0.780694] rad
q_init reached.

=== Start pose ===
q_start = [0.9, 12.1, -0.5, -130.9, -0.2, 142.9, 44.7] deg
p_start = [531.3, 2.4, 156.8] mm

=== Run ===
phase: approach_orient
  Kp=[150, 150, 150] N/m  KR=[90, 90, 90] Nm/rad  [t1,t2,n]
  Dp=[126.5, 103.6, 128.3] Ns/m  DR=[13.45, 15.79, 2.01] Nms/rad  auto (factor 1.90)
orient:     t=  0.0 s | axis_err=  4.1 deg | spin_err=  0.8 deg
orient:     t=  0.2 s | axis_err=  3.1 deg | spin_err=  0.3 deg
orient:     t=  0.4 s | axis_err=  1.7 deg | spin_err=  0.1 deg

Orientation reached: axis_err=1.4 deg | spin_err=0.1 deg
phase: approach_descend
  Kp=[150, 150, 150] N/m  KR=[90, 90, 90] Nm/rad  [t1,t2,n]
  Dp=[126.5, 103.6, 128.3] Ns/m  DR=[13.45, 15.79, 2.01] Nms/rad  auto (factor 1.90)
  descend to 20 mm clearance at 0.100 m/s
descend:    t=  0.0 s | distance=   0.1 mm | height=+136.2 mm (target 20.0) | force= -0.0 N
descend:    t=  0.2 s | distance=  20.1 mm | height=+124.5 mm (target 20.0) | force= -0.2 N
descend:    t=  0.4 s | distance=  40.1 mm | height=+106.7 mm (target 20.0) | force=  1.5 N
descend:    t=  0.6 s | distance=  60.2 mm | height= +88.4 mm (target 20.0) | force=  1.5 N
descend:    t=  0.8 s | distance=  80.3 mm | height= +69.6 mm (target 20.0) | force=  0.8 N
descend:    t=  1.0 s | distance= 100.4 mm | height= +50.9 mm (target 20.0) | force= -0.1 N
descend:    t=  1.2 s | distance= 120.5 mm | height= +32.2 mm (target 20.0) | force=  1.6 N

[GATE] Reached 20 mm above the plane. Press Enter to start the set-up press (e+Enter stops).
  gate hold: Kp=[5000, 5000, 5000] N/m [x,y,z]  KR=[90, 90, 90] Nm/rad [t1,t2,n]
             Dp=[205.7, 149.2, 247.5] Ns/m  DR=[12.96, 12.58, 1.98] Nms/rad  auto
[GATE] Continuing to the set-up press.
descend:    t=  2.1 s | distance= 133.5 mm | height= +19.3 mm (target 20.0) | force= -0.5 N

Clearance reached: distance=133.5 mm | height=19.3 mm | target=20.0 mm | force=-0.5 N (not used for the switch)
offset_ee = [-20.0, 60.0, 20.0] mm
p_EE_at_contact = [530.4, 2.2, 42.0] mm
contact_point = [511.5, -58.5, 1.8] mm
edge_offset_base = [-18.9, -60.7, -40.2] mm
phase: set_up

--- set-up impedance ---
  f = Kp*e_p + Dp*de,   m = KR*e_R + DR*dw   (decoupled)
  Kp [t1,t2,n]  = [  2000.0,   2000.0,    800.0] N/m
  Dp [t1,t2,n]  = [   215.3,    183.1,    172.9] Ns/m   auto
  KR [t1,t2,n]  = [     5.0,      5.0,     50.0] Nm/rad
  DR [t1,t2,n]  = [     1.7,      1.7,      0.8] Nms/rad   auto
set_up:     t=  0.0 s | tip=  0.0 deg | F=  0.0 N | M=  0.0 Nm (limit 150.0) | edge= 19.3 mm
set_up:     t=  0.2 s | tip=  0.6 deg | F=  1.4 N | M=  0.6 Nm (limit 150.0) | edge= 12.9 mm
set_up:     t=  0.4 s | tip=  1.3 deg | F=  2.6 N | M=  1.1 Nm (limit 150.0) | edge=  4.3 mm
set_up:     t=  0.6 s | tip=  1.5 deg | F= 15.8 N | M=  8.2 Nm (limit 150.0) | edge=  2.1 mm
set_up:     t=  0.8 s | tip=  1.5 deg | F= 23.0 N | M= 12.0 Nm (limit 150.0) | edge=  2.3 mm
set_up:     t=  1.0 s | tip=  1.6 deg | F= 30.8 N | M= 16.0 Nm (limit 150.0) | edge=  2.4 mm
set_up:     t=  1.2 s | tip=  1.6 deg | F= 38.9 N | M= 20.3 Nm (limit 150.0) | edge=  2.6 mm
set_up:     t=  1.4 s | tip=  1.6 deg | F= 46.4 N | M= 24.3 Nm (limit 150.0) | edge=  2.7 mm
set_up:     t=  1.6 s | tip=  1.6 deg | F= 55.6 N | M= 29.2 Nm (limit 150.0) | edge=  2.7 mm
set_up:     t=  1.8 s | tip=  1.6 deg | F= 48.4 N | M= 25.5 Nm (limit 150.0) | edge=  2.8 mm
set_up:     t=  2.0 s | tip=  1.6 deg | F= 48.3 N | M= 25.4 Nm (limit 150.0) | edge=  2.8 mm
set_up:     t=  2.2 s | tip=  1.6 deg | F= 48.3 N | M= 25.4 Nm (limit 150.0) | edge=  2.8 mm
set_up:     t=  2.4 s | tip=  1.6 deg | F= 48.3 N | M= 25.4 Nm (limit 150.0) | edge=  2.8 mm
set_up:     t=  2.6 s | tip=  1.6 deg | F= 48.2 N | M= 25.4 Nm (limit 150.0) | edge=  2.8 mm
set_up:     t=  2.8 s | tip=  1.6 deg | F= 48.2 N | M= 25.3 Nm (limit 150.0) | edge=  2.8 mm
set_up:     t=  3.0 s | tip=  1.6 deg | F= 48.1 N | M= 25.3 Nm (limit 150.0) | edge=  2.8 mm
set_up:     t=  3.2 s | tip=  1.6 deg | F= 48.1 N | M= 25.3 Nm (limit 150.0) | edge=  2.8 mm
set_up:     t=  3.4 s | tip=  1.6 deg | F= 47.9 N | M= 25.2 Nm (limit 150.0) | edge=  2.8 mm
set_up:     t=  3.6 s | tip=  1.6 deg | F= 48.1 N | M= 25.3 Nm (limit 150.0) | edge=  2.8 mm
set_up:     t=  3.8 s | tip=  1.6 deg | F= 48.1 N | M= 25.3 Nm (limit 150.0) | edge=  2.8 mm
set_up:     t=  4.0 s | tip=  1.6 deg | F= 48.1 N | M= 25.3 Nm (limit 150.0) | edge=  2.8 mm
set_up:     t=  4.2 s | tip=  1.6 deg | F= 48.0 N | M= 25.3 Nm (limit 150.0) | edge=  2.8 mm
set_up:     t=  4.4 s | tip=  1.6 deg | F= 48.0 N | M= 25.3 Nm (limit 150.0) | edge=  2.8 mm
set_up:     t=  4.6 s | tip=  1.6 deg | F= 48.2 N | M= 25.3 Nm (limit 150.0) | edge=  2.8 mm
set_up:     t=  4.8 s | tip=  1.6 deg | F= 48.0 N | M= 25.2 Nm (limit 150.0) | edge=  2.8 mm

=== Set-up result ===
stop: time | t=5.0 s | tip=1.6 deg | F=48.0 N | M=25.3 Nm
edge_from_contact = [-2.2, +0.3, -1.6] mm | norm=2.8 mm
tcp_from_contact  = [+16.9, +60.4, +18.7] mm | norm=65.5 mm
alignment: before=4.41 deg | after=2.90 deg | gain=+1.52 deg
alignment components [t1,t2,n] deg: before=[-0.62,-4.37,+0.00] | after=[+0.02,-2.90,+0.00]

=== Set-up surface-frame breakdown ===
frame: alignment-target [tangent1, tangent2, normal]
force        [N]      = [    -3.68,     +1.82,    -47.84]
tcp_disp     [mm]     = [    +1.33,     -1.01,    -21.52]
edge_disp    [mm]     = [    +1.87,     -1.23,     -1.63]
Kp_eff=F/tcp [N/m]    = [  -2761.7,   -1798.0,    2223.4]
moment@edge  [Nm]     = [    -8.04,    -25.20,     -0.31]
tip_angle    [deg]    = [    +0.64,     +1.47,     -0.05]
KR_eff=M/ang [Nm/rad] = [   -721.5,    -979.5,     375.4]

[GATE] Set up finished (holding the pressed pose). Press Enter to start the grind (e+Enter stops).

Stop requested with e + Enter. Finishing control loop...

Joint motion [deg]:
joint    start   final   delta
------------------------------
q1        0.9     0.8    -0.0
q2       12.1    30.3    18.2
q3       -0.5    -0.6    -0.0
q4     -130.9  -130.8     0.1
q5       -0.2    -0.2    -0.0
q6      142.9   163.0    20.2
q7       44.7    45.4     0.6

=== Final result ===
p_d = [529.0, -0.0, -37.2] mm
p_EE = [528.4, 1.9, 20.6] mm
e_p = [0.6, -1.9, -57.8] mm
position_error = 57.82 mm
e_R = [0.05, -1.61, -0.00] deg
rotation_error = 1.61 deg
csv: logs/surface_grinding_controller_log.csv
