
====================================================================
  SURFACE GRINDING CONTROLLER
====================================================================
  robot              172.16.0.2
--------------------------------------------------------------------

Press Enter to recover and configure the robot.
  Robot recovered or already ready.

====================================================================
  STARTUP MODE
====================================================================
  run     s   run the phase sequence from q_init
          h   hold the q_init pose
          t   hold with the set-up impedance, to test those gains
          g   hand-guide the start pose, then choose
--------------------------------------------------------------------
  set up  q   go to q_init and inspect
          o   open the hand now
          c   grasp the tool now
          r   recalibrate the hand width, fingers empty
          f   fetch the tool from the holder
          b   put the tool back
--------------------------------------------------------------------
  quit    e   stop and quit
--------------------------------------------------------------------
  in a run    e stop | m menu | g hand-guide | s sequence | t hold
--------------------------------------------------------------------
Choice [s/h/t/g/q/o/c/r/f/b/e]: 
-- selected: phase sequence ----------------------------------------

-- moving to q_init ------------------------------------------------
  case               horizontal_table_search
  q1..q7 [deg]     = [0.8, 12.1, -0.5, -130.9, -0.2, 142.9, 44.7] deg
  horizontal_table_search = [0.014777, 0.210911, -0.009320, -2.284835, -0.002725, 2.493410, 0.780694] rad
  q_init reached.

-- start pose ------------------------------------------------------
  q_start          = [0.8, 12.1, -0.5, -130.9, -0.2, 142.9, 44.7] deg
  p_start          = [    531.3,       2.3,     156.9] mm

====================================================================
  RUN
====================================================================

-- phase: approach_orient ------------------------------------------
  Kp [t1,t2,n]     = [    150.0,     150.0,     150.0] N/m
  Dp [t1,t2,n]     = [    126.5,     103.6,     128.3] Ns/m     auto (factor 1.90)
  KR [t1,t2,n]     = [     90.0,      90.0,      90.0] Nm/rad
  DR [t1,t2,n]     = [     13.5,      15.8,       2.0] Nms/rad  auto (factor 1.90)
orient:     t=  0.0 s | axis_err=  4.1 deg | spin_err=  0.8 deg
orient:     t=  0.2 s | axis_err=  3.2 deg | spin_err=  0.3 deg
orient:     t=  0.4 s | axis_err=  1.8 deg | spin_err=  0.1 deg

Orientation reached: axis_err=1.5 deg | spin_err=0.1 deg

-- phase: approach_descend -----------------------------------------
  Kp [t1,t2,n]     = [    150.0,     150.0,     150.0] N/m
  Dp [t1,t2,n]     = [    126.5,     103.6,     128.3] Ns/m     auto (factor 1.90)
  KR [t1,t2,n]     = [     90.0,      90.0,      90.0] Nm/rad
  DR [t1,t2,n]     = [     13.5,      15.8,       2.0] Nms/rad  auto (factor 1.90)
  descend to         20 mm clearance at 0.100 m/s
descend:    t=  0.0 s | distance=   0.1 mm | height=+137.8 mm (target 20.0) | force= -0.0 N
descend:    t=  0.2 s | distance=  20.1 mm | height=+126.3 mm (target 20.0) | force=  0.1 N
descend:    t=  0.4 s | distance=  40.1 mm | height=+108.9 mm (target 20.0) | force=  0.8 N
descend:    t=  0.6 s | distance=  60.2 mm | height= +90.8 mm (target 20.0) | force=  0.9 N
descend:    t=  0.8 s | distance=  80.3 mm | height= +72.4 mm (target 20.0) | force=  1.3 N
descend:    t=  1.0 s | distance= 100.4 mm | height= +53.8 mm (target 20.0) | force= -0.5 N
descend:    t=  1.2 s | distance= 120.5 mm | height= +34.9 mm (target 20.0) | force=  0.9 N

[GATE] Reached 20 mm above the plane. Press Enter to start the set-up press (e+Enter stops).

-- gate hold -------------------------------------------------------
  Kp [x,y,z]       = [   5000.0,    5000.0,    5000.0] N/m
  Dp [x,y,z]       = [    205.7,     149.3,     247.0] Ns/m     auto
  KR [t1,t2,n]     = [     90.0,      90.0,      90.0] Nm/rad
  DR [t1,t2,n]     = [     12.9,      12.6,       2.0] Nms/rad  auto
[GATE] Continuing to the set-up press.

Clearance reached: distance=136.4 mm | height=19.8 mm | target=20.0 mm | force=-0.3 N (not used for the switch)
  offset_ee        = [    -20.0,      60.0,      20.0] mm
  p_EE_at_contact  = [    531.5,       1.2,      42.4] mm
  contact_point    = [    512.5,     -59.6,       1.8] mm
  edge_offset      = [    -19.0,     -60.7,     -40.6] mm

-- phase: set_up ---------------------------------------------------

-- set-up impedance ------------------------------------------------
  law                wrench = K_TCP*dx + D_TCP*dv
                     K_TCP  = Ad(r_c)^T * blkdiag(Kp,KR) * Ad(r_c)
  Kp [t1,t2,n]     = [   2000.0,    2000.0,     800.0] N/m
  Dp [t1,t2,n]     = [    215.8,     183.6,     172.4] Ns/m     auto
  KR [t1,t2,n]     = [      5.0,       5.0,      50.0] Nm/rad
  DR [t1,t2,n]     = [      1.7,       1.7,       0.8] Nms/rad  auto
  p_c [EE]         = [     36.2,     -16.8,       3.0] mm       the pole on the tool, from p_EE
  r_c [t1,t2,n]    = [     40.0,       0.0,       0.0] mm       commanded: p_TCP - p_c, in the plane
set_up:     t=  0.0 s | tip=  0.0 deg | F=  0.1 N | M=  0.1 Nm (limit 150.0) | edge= 19.7 mm
set_up:     t=  0.2 s | tip=  0.4 deg | F=  1.2 N | M=  0.6 Nm (limit 150.0) | edge= 10.6 mm
set_up:     t=  0.4 s | tip=  1.0 deg | F=  1.7 N | M=  1.1 Nm (limit 150.0) | edge=  4.6 mm
set_up:     t=  0.6 s | tip=  1.3 deg | F= 13.1 N | M=  7.5 Nm (limit 150.0) | edge=  2.5 mm
set_up:     t=  0.8 s | tip=  1.3 deg | F= 19.9 N | M= 11.4 Nm (limit 150.0) | edge=  2.6 mm
set_up:     t=  1.0 s | tip=  1.4 deg | F= 27.8 N | M= 15.7 Nm (limit 150.0) | edge=  2.8 mm
set_up:     t=  1.2 s | tip=  1.4 deg | F= 35.7 N | M= 20.1 Nm (limit 150.0) | edge=  3.0 mm
set_up:     t=  1.4 s | tip=  1.6 deg | F= 43.6 N | M= 24.6 Nm (limit 150.0) | edge=  3.2 mm
set_up:     t=  1.6 s | tip=  1.7 deg | F= 51.5 N | M= 29.0 Nm (limit 150.0) | edge=  3.3 mm
set_up:     t=  1.8 s | tip=  1.8 deg | F= 45.5 N | M= 25.8 Nm (limit 150.0) | edge=  3.2 mm
set_up:     t=  2.0 s | tip=  1.8 deg | F= 45.5 N | M= 25.7 Nm (limit 150.0) | edge=  3.2 mm
set_up:     t=  2.2 s | tip=  1.8 deg | F= 45.4 N | M= 25.7 Nm (limit 150.0) | edge=  3.2 mm
set_up:     t=  2.4 s | tip=  1.8 deg | F= 45.6 N | M= 25.8 Nm (limit 150.0) | edge=  3.2 mm
set_up:     t=  2.6 s | tip=  1.8 deg | F= 45.3 N | M= 25.7 Nm (limit 150.0) | edge=  3.2 mm
set_up:     t=  2.8 s | tip=  1.8 deg | F= 45.5 N | M= 25.7 Nm (limit 150.0) | edge=  3.2 mm
set_up:     t=  3.0 s | tip=  1.8 deg | F= 45.7 N | M= 25.8 Nm (limit 150.0) | edge=  3.2 mm
set_up:     t=  3.2 s | tip=  1.8 deg | F= 45.4 N | M= 25.7 Nm (limit 150.0) | edge=  3.2 mm
set_up:     t=  3.4 s | tip=  1.8 deg | F= 45.4 N | M= 25.7 Nm (limit 150.0) | edge=  3.2 mm
set_up:     t=  3.6 s | tip=  1.8 deg | F= 45.3 N | M= 25.7 Nm (limit 150.0) | edge=  3.2 mm
set_up:     t=  3.8 s | tip=  1.8 deg | F= 45.3 N | M= 25.7 Nm (limit 150.0) | edge=  3.2 mm
set_up:     t=  4.0 s | tip=  1.8 deg | F= 45.3 N | M= 25.6 Nm (limit 150.0) | edge=  3.2 mm
set_up:     t=  4.2 s | tip=  1.8 deg | F= 45.3 N | M= 25.6 Nm (limit 150.0) | edge=  3.2 mm
set_up:     t=  4.4 s | tip=  1.8 deg | F= 45.3 N | M= 25.6 Nm (limit 150.0) | edge=  3.2 mm
set_up:     t=  4.6 s | tip=  1.8 deg | F= 45.2 N | M= 25.6 Nm (limit 150.0) | edge=  3.2 mm
set_up:     t=  4.8 s | tip=  1.8 deg | F= 45.3 N | M= 25.6 Nm (limit 150.0) | edge=  3.2 mm

====================================================================
  SET-UP RESULT
====================================================================
  stop: time | t=5.0 s | tip=1.8 deg | F=45.3 N | M=25.6 Nm
  edge_from_contact = [-2.7, +0.2, -1.8] mm | norm=3.2 mm
  tcp_from_contact  = [+16.7, +60.4, +18.3] mm | norm=65.2 mm
  alignment: before=3.96 deg | after=2.32 deg | gain=+1.64 deg
  alignment components [t1,t2,n] deg: before=[-0.43,-3.94,+0.00] | after=[+0.29,-2.30,+0.00]

-- set-up surface-frame breakdown ----------------------------------
  frame              alignment-target [tangent1, tangent2, normal]
  force        [N]      = [    -2.19,     +2.07,    -45.16]
  tcp_disp     [mm]     = [    +1.69,     -1.08,    -22.31]
  edge_disp    [mm]     = [    +2.30,     -1.32,     -1.85]
  Kp_eff=F/tcp [N/m]    = [  -1294.7,   -1920.8,    2024.2]
  moment@edge  [Nm]     = [    -8.57,    -25.28,     -0.56]
  tip_angle    [deg]    = [    +0.71,     +1.64,     -0.05]
  KR_eff=M/ang [Nm/rad] = [   -691.3,    -884.0,     692.0]

-- centre of compliance --------------------------------------------
  definition         r_c = p_TCP - p_c
  p_TCP [x,y,z]    = [    531.5,       1.2,      42.4] mm
  p_c [EE]         = [     36.2,     -16.8,       3.0] mm
  r_c [t1,t2,n]    = [     40.0,      -0.0,       0.0] mm
                     p_c resolved at first contact

-- what the TCP feels ----------------------------------------------
  K_TCP translation = [   1999.6,    1999.1,     801.3] N/m
  K_TCP rotation   = [      5.2,       6.1,      53.1] Nm/rad
  commanded KR was = [      5.0,       5.0,      50.0] Nm/rad   the rest is the lever
  D_TCP translation = [    210.1,     189.4,     172.4] Ns/m
  D_TCP rotation   = [      1.8,       1.9,       1.1] Nms/rad
  coupling           max |moment per unit translation| = 72.4 Nm/m (K), 6.7 Nms/m (D)
  eigenvalues        K_TCP 4.99 .. 2003 | D_TCP 0.83 .. 216  (both positive: valid springs)

  K_TCP [N/m, Nm/rad | rows fx..mz, cols tx..rz]:
           tx        ty        tz    |    rx        ry        rz
  fx [    2000  -0.5725   -20.68 |  -0.3505   -1.437   -33.84 ]
  fy [ -0.5725     1999   -33.18 |    1.624    1.203    72.44 ]
  fz [  -20.68   -33.18    801.3 |    13.52   -29.01  -0.8523 ]
     ---------------------------+---------------------------
  mx [ -0.3505    1.624    13.52 |    5.244  -0.4679   0.8404 ]
  my [  -1.437    1.203   -29.01 |  -0.4679    6.087    1.312 ]
  mz [  -33.84    72.44  -0.8523 |   0.8404    1.312    53.15 ]

  D_TCP [Ns/m, Nms/rad]:
           tx        ty        tz    |    rx        ry        rz
  fx [   210.1    12.33  -0.9909 | -0.003279  -0.1937   -3.106 ]
  fy [   12.33    189.4  -0.6827 |   0.1955  0.01125    6.653 ]
  fz [ -0.9909  -0.6827    172.4 |    2.916   -6.247 -0.007975 ]
     ---------------------------+---------------------------
  mx [-0.003279   0.1955    2.916 |    1.768  -0.0884 -0.008632 ]
  my [ -0.1937  0.01125   -6.247 |  -0.0884    1.915 -0.02032 ]
  mz [  -3.106    6.653 -0.007975 | -0.008632 -0.02032    1.126 ]

[GATE] Set up finished (holding the pressed pose). Press Enter to start the grind (e+Enter stops).

Stop requested with e + Enter. Finishing control loop...

-- joint motion [deg] ----------------------------------------------
  joint       start    final    delta
  q1            0.8      0.7     -0.1
  q2           12.1     30.5    +18.4
  q3           -0.5     -0.6     -0.0
  q4         -130.9   -130.2     +0.7
  q5           -0.2     -0.2     -0.0
  q6          142.9    162.0    +19.1
  q7           44.7     45.2     +0.5

====================================================================
  FINAL RESULT
====================================================================
  p_d              = [    530.1,      -1.1,     -37.4] mm
  p_EE             = [    529.1,       0.8,      20.1] mm
  e_p              = [      1.0,      -1.9,     -57.5] mm
  e_R              = [     0.05,     -1.79,      0.00] deg
--------------------------------------------------------------------
  position error     57.55 mm
  rotation error     1.79 deg
  csv                logs/surface_grinding_controller_log.csv
--------------------------------------------------------------------
