
====================================================================
  SURFACE GRINDING CONTROLLER
====================================================================
  robot              172.16.0.2
--------------------------------------------------------------------

Press Enter to recover and configure the robot.
  Robot recovered or already ready.

====================================================================
  STARTUP MODE
====================================================================
  run     s   run the phase sequence from q_init
          h   hold the q_init pose
          t   hold with the set-up impedance, to test those gains
          g   hand-guide the start pose, then choose
--------------------------------------------------------------------
  set up  q   go to q_init and inspect
          o   open the hand now
          c   grasp the tool now
          r   recalibrate the hand width, fingers empty
          f   fetch the tool from the holder
          b   put the tool back
--------------------------------------------------------------------
  quit    e   stop and quit
--------------------------------------------------------------------
  in a run    e stop | m menu | g hand-guide | s sequence | t hold
--------------------------------------------------------------------
Choice [s/h/t/g/q/o/c/r/f/b/e]: 
-- selected: phase sequence ----------------------------------------

-- moving to q_init ------------------------------------------------
  case               horizontal_table_search
  q1..q7 [deg]     = [0.8, 12.1, -0.5, -130.9, -0.2, 142.9, 44.7] deg
  horizontal_table_search = [0.014777, 0.210911, -0.009320, -2.284835, -0.002725, 2.493410, 0.780694] rad
  q_init reached.

-- start pose ------------------------------------------------------
  q_start          = [0.9, 12.1, -0.5, -130.9, -0.1, 142.9, 44.7] deg
  p_start          = [    531.3,       2.5,     156.9] mm

====================================================================
  RUN
====================================================================

-- phase: approach_orient ------------------------------------------
  Kp [t1,t2,n]     = [    150.0,     150.0,     150.0] N/m
  Dp [t1,t2,n]     = [    126.5,     103.6,     128.3] Ns/m     auto (factor 1.90)
  KR [t1,t2,n]     = [     90.0,      90.0,      90.0] Nm/rad
  DR [t1,t2,n]     = [     13.5,      15.8,       2.0] Nms/rad  auto (factor 1.90)
orient:     t=  0.0 s | axis_err=  8.7 deg | spin_err=  0.9 deg
orient:     t=  0.2 s | axis_err=  7.9 deg | spin_err=  0.2 deg
orient:     t=  0.4 s | axis_err=  5.3 deg | spin_err=  0.2 deg
orient:     t=  0.6 s | axis_err=  2.7 deg | spin_err=  0.3 deg
orient:     t=  0.8 s | axis_err=  2.1 deg | spin_err=  0.3 deg

Orientation reached: axis_err=2.0 deg | spin_err=0.3 deg

-- phase: approach_descend -----------------------------------------
  Kp [t1,t2,n]     = [    150.0,     150.0,     150.0] N/m
  Dp [t1,t2,n]     = [    126.5,     103.6,     128.3] Ns/m     auto (factor 1.90)
  KR [t1,t2,n]     = [     90.0,      90.0,      90.0] Nm/rad
  DR [t1,t2,n]     = [     13.5,      15.8,       2.0] Nms/rad  auto (factor 1.90)
  descend to         20 mm clearance at 0.100 m/s
descend:    t=  0.0 s | distance=   0.1 mm | height=+124.6 mm (target 20.0) | force=  0.0 N
descend:    t=  0.2 s | distance=  20.2 mm | height=+113.3 mm (target 20.0) | force=  1.7 N
descend:    t=  0.4 s | distance=  40.3 mm | height= +97.7 mm (target 20.0) | force=  2.5 N
descend:    t=  0.6 s | distance=  60.4 mm | height= +81.4 mm (target 20.0) | force=  3.6 N
descend:    t=  0.8 s | distance=  80.5 mm | height= +64.3 mm (target 20.0) | force=  2.7 N
descend:    t=  1.0 s | distance= 100.6 mm | height= +47.6 mm (target 20.0) | force=  3.0 N
descend:    t=  1.2 s | distance= 120.7 mm | height= +30.8 mm (target 20.0) | force=  3.2 N

[GATE] Reached 20 mm above the plane. Press Enter to start the set-up press (e+Enter stops).

-- gate hold -------------------------------------------------------
  Kp [x,y,z]       = [   5000.0,    5000.0,    5000.0] N/m
  Dp [x,y,z]       = [    204.9,     156.6,     240.9] Ns/m     auto
  KR [t1,t2,n]     = [     90.0,      90.0,      90.0] Nm/rad
  DR [t1,t2,n]     = [     13.7,      12.2,       2.6] Nms/rad  auto
[GATE] Continuing to the set-up press.

Clearance reached: distance=133.7 mm | height=19.9 mm | target=20.0 mm | force=3.1 N (not used for the switch)
  offset_ee        = [     20.0,      60.0,      20.0] mm
  p_EE_at_contact  = [    518.4,       6.5,      47.8] mm
  contact_point    = [    536.4,     -51.9,       1.2] mm
  edge_offset      = [     18.0,     -58.4,     -46.5] mm

-- phase: set_up ---------------------------------------------------

-- set-up impedance ------------------------------------------------
  law                wrench = K_TCP*dx + D_TCP*dv
                     K_TCP  = Ad(r_c)^T * blkdiag(Kp,KR) * Ad(r_c)
  Kp [t1,t2,n]     = [   2000.0,    2000.0,     800.0] N/m
  Dp [t1,t2,n]     = [    216.2,     194.1,     169.8] Ns/m     auto
  KR [t1,t2,n]     = [      5.0,       5.0,      50.0] Nm/rad
  DR [t1,t2,n]     = [      1.8,       1.6,       1.1] Nms/rad  auto
  p_c [EE]         = [     38.1,     -46.1,       4.8] mm       the pole on the tool, from p_EE
  r_c [t1,t2,n]    = [     54.4,      25.4,      -0.0] mm       commanded: p_TCP - p_c, in the plane
set_up:     t=  0.0 s | tip=  0.0 deg | F=  0.1 N | M=  0.1 Nm (limit 150.0) | edge= 19.8 mm
set_up:     t=  0.2 s | tip=  0.6 deg | F=  1.3 N | M=  1.3 Nm (limit 150.0) | edge= 11.1 mm
set_up:     t=  0.4 s | tip=  1.2 deg | F=  1.4 N | M=  1.3 Nm (limit 150.0) | edge=  4.5 mm
set_up:     t=  0.6 s | tip=  1.5 deg | F= 12.0 N | M=  7.2 Nm (limit 150.0) | edge=  2.9 mm
set_up:     t=  0.8 s | tip=  1.5 deg | F= 18.6 N | M= 10.7 Nm (limit 150.0) | edge=  3.1 mm
set_up:     t=  1.0 s | tip=  1.6 deg | F= 27.1 N | M= 15.2 Nm (limit 150.0) | edge=  3.2 mm
set_up:     t=  1.2 s | tip=  1.7 deg | F= 35.1 N | M= 19.4 Nm (limit 150.0) | edge=  3.4 mm
set_up:     t=  1.4 s | tip=  2.0 deg | F= 40.2 N | M= 22.2 Nm (limit 150.0) | edge=  3.6 mm
set_up:     t=  1.6 s | tip=  3.0 deg | F= 45.3 N | M= 25.1 Nm (limit 150.0) | edge=  3.7 mm
set_up:     t=  1.8 s | tip=  3.9 deg | F= 37.7 N | M= 21.2 Nm (limit 150.0) | edge=  3.5 mm
set_up:     t=  2.0 s | tip=  4.4 deg | F= 38.1 N | M= 21.5 Nm (limit 150.0) | edge=  3.5 mm
set_up:     t=  2.2 s | tip=  4.4 deg | F= 38.1 N | M= 21.5 Nm (limit 150.0) | edge=  3.5 mm
set_up:     t=  2.4 s | tip=  4.5 deg | F= 38.1 N | M= 21.6 Nm (limit 150.0) | edge=  3.5 mm
set_up:     t=  2.6 s | tip=  4.5 deg | F= 38.2 N | M= 21.6 Nm (limit 150.0) | edge=  3.5 mm
set_up:     t=  2.8 s | tip=  4.5 deg | F= 38.2 N | M= 21.6 Nm (limit 150.0) | edge=  3.5 mm
set_up:     t=  3.0 s | tip=  4.5 deg | F= 38.0 N | M= 21.5 Nm (limit 150.0) | edge=  3.5 mm
set_up:     t=  3.2 s | tip=  4.6 deg | F= 38.0 N | M= 21.5 Nm (limit 150.0) | edge=  3.5 mm
set_up:     t=  3.4 s | tip=  4.6 deg | F= 37.9 N | M= 21.5 Nm (limit 150.0) | edge=  3.5 mm
set_up:     t=  3.6 s | tip=  4.6 deg | F= 38.1 N | M= 21.6 Nm (limit 150.0) | edge=  3.5 mm
set_up:     t=  3.8 s | tip=  4.6 deg | F= 38.0 N | M= 21.5 Nm (limit 150.0) | edge=  3.5 mm
set_up:     t=  4.0 s | tip=  4.6 deg | F= 37.9 N | M= 21.5 Nm (limit 150.0) | edge=  3.5 mm
set_up:     t=  4.2 s | tip=  4.6 deg | F= 37.9 N | M= 21.5 Nm (limit 150.0) | edge=  3.5 mm
set_up:     t=  4.4 s | tip=  4.6 deg | F= 37.9 N | M= 21.5 Nm (limit 150.0) | edge=  3.5 mm
set_up:     t=  4.6 s | tip=  4.7 deg | F= 37.9 N | M= 21.5 Nm (limit 150.0) | edge=  3.5 mm
set_up:     t=  4.8 s | tip=  4.7 deg | F= 37.9 N | M= 21.5 Nm (limit 150.0) | edge=  3.5 mm

====================================================================
  SET-UP RESULT
====================================================================
  stop: time | t=5.0 s | tip=4.7 deg | F=37.9 N | M=21.5 Nm
  edge_from_contact = [-2.7, -0.2, -2.2] mm | norm=3.5 mm
  tcp_from_contact  = [-19.9, +59.5, +21.0] mm | norm=66.2 mm
  alignment: before=7.50 deg | after=5.19 deg | gain=+2.31 deg
  alignment components [t1,t2,n] deg: before=[+7.38,-1.36,-0.00] | after=[+4.62,+2.36,+0.00]

-- set-up surface-frame breakdown ----------------------------------
  frame              alignment-target [tangent1, tangent2, normal]
  force        [N]      = [    +0.44,     +4.03,    -37.70]
  tcp_disp     [mm]     = [    +0.60,     -2.24,    -25.56]
  edge_disp    [mm]     = [    +2.49,     -1.00,     -2.28]
  Kp_eff=F/tcp [N/m]    = [    735.3,   -1801.9,    1474.6]
  moment@edge  [Nm]     = [    -5.59,    -20.28,     -1.84]
  tip_angle    [deg]    = [    -2.76,     +3.75,     +0.17]
  KR_eff=M/ang [Nm/rad] = [    116.2,    -309.6,    -636.2]

-- centre of compliance --------------------------------------------
  definition         r_c = p_TCP - p_c
  p_TCP [x,y,z]    = [    518.4,       6.5,      47.8] mm
  p_c [EE]         = [     38.1,     -46.1,       4.8] mm
  r_c [t1,t2,n]    = [     54.4,      25.4,      -0.0] mm
                     p_c resolved at first contact

-- what the TCP feels ----------------------------------------------
  K_TCP translation = [   1999.6,    1999.1,     801.3] N/m
  K_TCP rotation   = [      6.7,       6.2,      57.1] Nm/rad
  commanded KR was = [      5.0,       5.0,      50.0] Nm/rad   the rest is the lever
  D_TCP translation = [    212.2,     198.0,     169.9] Ns/m
  D_TCP rotation   = [      2.1,       1.9,       1.8] Nms/rad
  coupling           max |moment per unit translation| = 92.0 Nm/m (K), 9.4 Nms/m (D)
  eigenvalues        K_TCP 4.98 .. 2007 | D_TCP 1.09 .. 216  (both positive: valid springs)

  K_TCP [N/m, Nm/rad | rows fx..mz, cols tx..rz]:
           tx        ty        tz    |    rx        ry        rz
  fx [    2000  -0.5725   -20.68 |  -0.9524   -3.077      -92 ]
  fy [ -0.5725     1999   -33.18 |    2.346    1.278    76.95 ]
  fz [  -20.68   -33.18    801.3 |    36.79   -30.79  -0.3253 ]
     ---------------------------+---------------------------
  mx [ -0.9524    2.346    36.79 |     6.71   -1.392   0.9097 ]
  my [  -3.077    1.278   -30.79 |   -1.392    6.225    1.435 ]
  mz [     -92    76.95  -0.3253 |   0.9097    1.435    57.14 ]

  D_TCP [Ns/m, Nms/rad]:
           tx        ty        tz    |    rx        ry        rz
  fx [   212.2    8.433  -0.9646 | -0.02804  -0.3739   -9.436 ]
  fy [   8.433      198  -0.9267 |    0.341  0.01932    7.233 ]
  fz [ -0.9646  -0.9267    169.9 |    7.811   -6.534 0.008712 ]
     ---------------------------+---------------------------
  mx [-0.02804    0.341    7.811 |     2.12  -0.2255 0.0008506 ]
  my [ -0.3739  0.01932   -6.534 |  -0.2255    1.885 0.001723 ]
  mz [  -9.436    7.233 0.008712 | 0.0008506 0.001723    1.807 ]

[GATE] Set up finished (holding the pressed pose). Press Enter to start the grind (e+Enter stops).

Stop requested with e + Enter. Finishing control loop...

-- joint motion [deg] ----------------------------------------------
  joint       start    final    delta
  q1            0.9      2.5     +1.7
  q2           12.1     29.8    +17.7
  q3           -0.5     -1.6     -1.0
  q4         -130.9   -128.6     +2.3
  q5           -0.1      5.6     +5.7
  q6          142.9    153.6    +10.8
  q7           44.7     42.0     -2.8

====================================================================
  FINAL RESULT
====================================================================
  p_d              = [    517.0,       4.3,     -32.1] mm
  p_EE             = [    516.5,       7.6,      22.2] mm
  e_p              = [      0.5,      -3.3,     -54.2] mm
  e_R              = [     4.09,     -2.23,      0.16] deg
--------------------------------------------------------------------
  position error     54.34 mm
  rotation error     4.66 deg
  csv                logs/surface_grinding_controller_log.csv
--------------------------------------------------------------------
