
Press Enter to recover and configure the robot.
Robot recovered or already ready.
keys: e stop | m menu | g hand-guide

=== Startup mode ===
  s = run the phase sequence from q_init
  h = hold the q_init pose
  t = hold with the set-up impedance
  g = hand-guide the start pose
  q = go to q_init and inspect
  o = open the hand now
  c = grasp the tool now
  r = recalibrate hand width, fingers empty
  f = fetch the tool from the holder
  b = put the tool back
  e = stop and quit
While a run is going: e+Enter stops, m+Enter comes back here.
Choice [s/h/t/g/q/o/c/r/f/b/e]: 
=== Phase sequence mode ===
Moving to q_init (horizontal_table_search)
  q1..q7 [deg] = [0.8, 12.1, -0.5, -130.9, -0.2, 142.9, 44.7] deg
  horizontal_table_search = [0.014777, 0.210911, -0.009320, -2.284835, -0.002725, 2.493410, 0.780694] rad
q_init reached.

=== Start pose ===
q_start = [0.9, 12.1, -0.5, -130.9, -0.1, 142.9, 44.7] deg
p_start = [531.1, 2.6, 156.6] mm

=== Run ===
phase: approach_orient
  Kp=[150, 150, 150] N/m  KR=[90, 90, 90] Nm/rad  [t1,t2,n]
  Dp=[126.5, 103.6, 128.3] Ns/m  DR=[13.46, 15.79, 2.02] Nms/rad  auto (factor 1.90)
orient:     t=  0.0 s | axis_err=  9.0 deg | spin_err=  0.8 deg
orient:     t=  0.2 s | axis_err=  8.1 deg | spin_err=  0.5 deg
orient:     t=  0.4 s | axis_err=  5.5 deg | spin_err=  0.0 deg
orient:     t=  0.6 s | axis_err=  3.2 deg | spin_err=  0.4 deg
orient:     t=  0.8 s | axis_err=  2.6 deg | spin_err=  0.4 deg
orient:     t=  1.0 s | axis_err=  2.4 deg | spin_err=  0.4 deg
orient:     t=  1.2 s | axis_err=  2.3 deg | spin_err=  0.4 deg
orient:     t=  1.4 s | axis_err=  2.3 deg | spin_err=  0.4 deg
orient:     t=  1.6 s | axis_err=  2.3 deg | spin_err=  0.4 deg
orient:     t=  1.8 s | axis_err=  2.3 deg | spin_err=  0.4 deg
orient:     t=  2.0 s | axis_err=  2.3 deg | spin_err=  0.3 deg
orient:     t=  2.2 s | axis_err=  2.3 deg | spin_err=  0.3 deg
orient:     t=  2.4 s | axis_err=  2.3 deg | spin_err=  0.3 deg
orient:     t=  2.6 s | axis_err=  2.3 deg | spin_err=  0.3 deg
orient:     t=  2.8 s | axis_err=  2.3 deg | spin_err=  0.3 deg
orient:     t=  3.0 s | axis_err=  2.3 deg | spin_err=  0.4 deg
orient:     t=  3.2 s | axis_err=  2.3 deg | spin_err=  0.4 deg
orient:     t=  3.4 s | axis_err=  2.3 deg | spin_err=  0.4 deg
orient:     t=  3.6 s | axis_err=  2.3 deg | spin_err=  0.4 deg
orient:     t=  3.8 s | axis_err=  2.3 deg | spin_err=  0.4 deg
orient:     t=  4.0 s | axis_err=  2.3 deg | spin_err=  0.4 deg
orient:     t=  4.2 s | axis_err=  2.3 deg | spin_err=  0.4 deg
orient:     t=  4.4 s | axis_err=  2.3 deg | spin_err=  0.4 deg
orient:     t=  4.6 s | axis_err=  2.3 deg | spin_err=  0.4 deg
orient:     t=  4.8 s | axis_err=  2.3 deg | spin_err=  0.4 deg

Orientation settled short of the 2.0 deg gate after 5.0 s: axis_err=2.3 deg | spin_err=0.4 deg
phase: approach_descend
  Kp=[150, 150, 150] N/m  KR=[90, 90, 90] Nm/rad  [t1,t2,n]
  Dp=[126.5, 103.6, 128.3] Ns/m  DR=[13.46, 15.79, 2.02] Nms/rad  auto (factor 1.90)
  descend to 20 mm clearance at 0.100 m/s
descend:    t=  0.0 s | distance=   0.1 mm | height=+134.7 mm (target 20.0) | force= -0.0 N
descend:    t=  0.2 s | distance=  20.1 mm | height=+123.6 mm (target 20.0) | force=  0.9 N
descend:    t=  0.4 s | distance=  40.1 mm | height=+106.7 mm (target 20.0) | force=  0.3 N
descend:    t=  0.6 s | distance=  60.1 mm | height= +88.9 mm (target 20.0) | force=  1.0 N
descend:    t=  0.8 s | distance=  80.1 mm | height= +70.7 mm (target 20.0) | force=  0.2 N
descend:    t=  1.0 s | distance= 100.1 mm | height= +52.0 mm (target 20.0) | force=  0.4 N
descend:    t=  1.2 s | distance= 120.1 mm | height= +33.2 mm (target 20.0) | force=  1.4 N

[GATE] Reached 20 mm above the plane. Press Enter to start the set-up press (e+Enter stops).
  gate hold: Kp=[5000, 5000, 5000] N/m [x,y,z]  KR=[90, 90, 90] Nm/rad [t1,t2,n]
             Dp=[205.0, 145.7, 252.9] Ns/m  DR=[13.80, 11.93, 2.54] Nms/rad  auto
[GATE] Continuing to the set-up press.

Clearance reached: distance=134.1 mm | height=19.9 mm | target=20.0 mm | force=1.4 N (not used for the switch)
offset_ee = [-20.0, 60.0, 20.0] mm
p_EE_at_contact = [533.7, 8.0, 44.3] mm
contact_point = [516.2, -52.4, 1.6] mm
edge_offset_base = [-17.5, -60.4, -42.7] mm
phase: set_up

--- set-up impedance ---
  wrench = K_TCP*dx + D_TCP*dv, K_TCP = Ad(r_c)^T*blkdiag(Kp,KR)*Ad(r_c)
  Kp [t1,t2,n]  = [  2000.0,   2000.0,    800.0] N/m
  Dp [t1,t2,n]  = [   211.9,    180.2,    175.1] Ns/m   auto
  KR [t1,t2,n]  = [     5.0,      5.0,     50.0] Nm/rad
  DR [t1,t2,n]  = [     1.9,      1.7,      1.1] Nms/rad   auto
  r_c [t1,t2,n] = [     3.5,      0.0,     19.7] mm   centre of compliance
set_up:     t=  0.0 s | tip=  0.0 deg | F=  0.5 N | M=  0.2 Nm (limit 150.0) | edge= 19.6 mm
set_up:     t=  0.2 s | tip=  0.4 deg | F=  1.2 N | M=  1.0 Nm (limit 150.0) | edge= 10.4 mm
set_up:     t=  0.4 s | tip=  1.0 deg | F=  1.1 N | M=  0.9 Nm (limit 150.0) | edge=  3.8 mm
set_up:     t=  0.6 s | tip=  1.3 deg | F= 12.8 N | M=  7.4 Nm (limit 150.0) | edge=  1.8 mm
set_up:     t=  0.8 s | tip=  1.3 deg | F= 18.6 N | M= 10.3 Nm (limit 150.0) | edge=  2.0 mm
set_up:     t=  1.0 s | tip=  1.3 deg | F= 26.7 N | M= 14.5 Nm (limit 150.0) | edge=  2.2 mm
set_up:     t=  1.2 s | tip=  1.3 deg | F= 34.1 N | M= 18.5 Nm (limit 150.0) | edge=  2.5 mm
set_up:     t=  1.4 s | tip=  1.4 deg | F= 42.7 N | M= 23.0 Nm (limit 150.0) | edge=  2.7 mm
set_up:     t=  1.6 s | tip=  1.4 deg | F= 50.6 N | M= 27.3 Nm (limit 150.0) | edge=  2.9 mm
set_up:     t=  1.8 s | tip=  1.4 deg | F= 45.1 N | M= 24.5 Nm (limit 150.0) | edge=  2.7 mm
set_up:     t=  2.0 s | tip=  1.4 deg | F= 45.0 N | M= 24.5 Nm (limit 150.0) | edge=  2.7 mm
set_up:     t=  2.2 s | tip=  1.4 deg | F= 44.8 N | M= 24.4 Nm (limit 150.0) | edge=  2.7 mm
set_up:     t=  2.4 s | tip=  1.4 deg | F= 44.8 N | M= 24.4 Nm (limit 150.0) | edge=  2.7 mm
set_up:     t=  2.6 s | tip=  1.4 deg | F= 44.7 N | M= 24.3 Nm (limit 150.0) | edge=  2.7 mm
set_up:     t=  2.8 s | tip=  1.4 deg | F= 44.7 N | M= 24.3 Nm (limit 150.0) | edge=  2.7 mm
set_up:     t=  3.0 s | tip=  1.4 deg | F= 44.7 N | M= 24.3 Nm (limit 150.0) | edge=  2.7 mm
set_up:     t=  3.2 s | tip=  1.4 deg | F= 44.6 N | M= 24.3 Nm (limit 150.0) | edge=  2.7 mm
set_up:     t=  3.4 s | tip=  1.4 deg | F= 44.6 N | M= 24.2 Nm (limit 150.0) | edge=  2.7 mm
set_up:     t=  3.6 s | tip=  1.4 deg | F= 44.6 N | M= 24.2 Nm (limit 150.0) | edge=  2.7 mm
set_up:     t=  3.8 s | tip=  1.4 deg | F= 44.6 N | M= 24.2 Nm (limit 150.0) | edge=  2.7 mm
set_up:     t=  4.0 s | tip=  1.4 deg | F= 44.5 N | M= 24.2 Nm (limit 150.0) | edge=  2.7 mm
set_up:     t=  4.2 s | tip=  1.4 deg | F= 44.6 N | M= 24.2 Nm (limit 150.0) | edge=  2.7 mm
set_up:     t=  4.4 s | tip=  1.4 deg | F= 44.5 N | M= 24.2 Nm (limit 150.0) | edge=  2.7 mm
set_up:     t=  4.6 s | tip=  1.4 deg | F= 44.5 N | M= 24.2 Nm (limit 150.0) | edge=  2.7 mm
set_up:     t=  4.8 s | tip=  1.4 deg | F= 44.5 N | M= 24.2 Nm (limit 150.0) | edge=  2.7 mm

=== Set-up result ===
stop: time | t=5.0 s | tip=1.4 deg | F=44.5 N | M=24.2 Nm
edge_from_contact = [-1.4, +0.2, -2.3] mm | norm=2.7 mm
tcp_from_contact  = [+16.2, +60.1, +20.0] mm | norm=65.4 mm
alignment: before=8.45 deg | after=7.09 deg | gain=+1.36 deg
alignment components [t1,t2,n] deg: before=[-1.70,-8.27,-0.00] | after=[-1.20,-6.99,-0.00]

=== Set-up surface-frame breakdown ===
frame: alignment-target [tangent1, tangent2, normal]
force        [N]      = [    -1.52,     +1.92,    -44.42]
tcp_disp     [mm]     = [    +0.68,     -0.74,    -22.73]
edge_disp    [mm]     = [    +1.12,     -0.85,     -2.35]
Kp_eff=F/tcp [N/m]    = [  -2230.8,   -2601.7,    1954.4]
moment@edge  [Nm]     = [    -8.51,    -23.63,     -0.65]
tip_angle    [deg]    = [    +0.49,     +1.29,     -0.14]
KR_eff=M/ang [Nm/rad] = [  -1005.4,   -1047.9,     265.6]

=== Centre of compliance ===
  r_c = p_TCP - p_c [t1,t2,n] = [3.5, 0.0, 19.7] mm
  K_TCP: translation [2000, 1999, 801] N/m | rotation [5.80, 5.82, 49.97] Nm/rad
         commanded KR was [5.01, 5.03, 49.95]; the rest is the lever
  D_TCP: translation [206.2, 185.9, 175.1] Ns/m | rotation [1.96, 1.80, 1.13] Nms/rad
  coupling: max |moment per unit translation| = 39.5 Nm/m (K), 4.1 Nms/m (D)
  K_TCP eigenvalues 5.00 .. 2001 | D_TCP 1.13 .. 212  (both positive: valid springs)

  K_TCP [N/m, Nm/rad | rows fx..mz, cols tx..rz]:
           tx        ty        tz    |    rx        ry        rz
  fx [    2000  -0.5725   -20.68 | -0.03043    -39.5   -1.849 ]
  fy [ -0.5725     1999   -33.18 |    39.51   0.1044     5.61 ]
  fz [  -20.68   -33.18    801.3 |  0.08387   -1.839   -0.074 ]
     ---------------------------+---------------------------
  mx [-0.03043    39.51  0.08387 |    5.795  0.02183   0.8865 ]
  my [   -39.5   0.1044   -1.839 |  0.02183    5.821    1.281 ]
  mz [  -1.849     5.61   -0.074 |   0.8865    1.281    49.97 ]

  D_TCP [Ns/m, Nms/rad]:
           tx        ty        tz    |    rx        ry        rz
  fx [   206.2    12.15  -0.8737 |   0.2395   -4.076  -0.1564 ]
  fy [   12.15    185.9  -0.5084 |    3.676  -0.2389   0.5103 ]
  fz [ -0.8737  -0.5084    175.1 |   0.1517   -0.474 -0.0006195 ]
     ---------------------------+---------------------------
  mx [  0.2395    3.676   0.1517 |    1.962  0.09571 -0.005862 ]
  my [  -4.076  -0.2389   -0.474 |  0.09571    1.802 -0.01507 ]
  mz [ -0.1564   0.5103 -0.0006195 | -0.005862 -0.01507    1.129 ]

[GATE] Set up finished (holding the pressed pose). Press Enter to start the grind (e+Enter stops).

Stop requested with e + Enter. Finishing control loop...

Joint motion [deg]:
joint    start   final   delta
------------------------------
q1        0.9     0.9     0.0
q2       12.1    30.3    18.2
q3       -0.5     0.0     0.6
q4     -130.9  -132.6    -1.7
q5       -0.1     1.0     1.2
q6      142.9   169.1    26.2
q7       44.7    44.8     0.1

=== Final result ===
p_d = [532.3, 5.8, -35.5] mm
p_EE = [532.4, 7.8, 21.6] mm
e_p = [-0.1, -2.0, -57.1] mm
position_error = 57.14 mm
e_R = [0.11, -1.38, -0.10] deg
rotation_error = 1.39 deg
csv: logs/surface_grinding_controller_log.csv
