
====================================================================
  SURFACE GRINDING CONTROLLER
====================================================================
  robot              172.16.0.2
--------------------------------------------------------------------

Press Enter to recover and configure the robot.
  Robot recovered or already ready.

====================================================================
  STARTUP MODE
====================================================================
  run     s   run the phase sequence from q_init
          h   hold the q_init pose
          t   hold with the set-up impedance, to test those gains
          g   hand-guide the start pose, then choose
--------------------------------------------------------------------
  set up  q   go to q_init and inspect
          o   open the hand now
          c   grasp the tool now
          r   recalibrate the hand width, fingers empty
          f   fetch the tool from the holder
          b   put the tool back
--------------------------------------------------------------------
  quit    e   stop and quit
--------------------------------------------------------------------
  in a run    e stop | m menu | g hand-guide | s sequence | t hold
--------------------------------------------------------------------
Choice [s/h/t/g/q/o/c/r/f/b/e]: 
-- selected: phase sequence ----------------------------------------

-- moving to q_init ------------------------------------------------
  case               horizontal_table_search
  q1..q7 [deg]     = [0.8, 12.1, -0.5, -130.9, -0.2, 142.9, 44.7] deg
  horizontal_table_search = [0.014777, 0.210911, -0.009320, -2.284835, -0.002725, 2.493410, 0.780694] rad
  q_init reached.

-- start pose ------------------------------------------------------
  q_start          = [0.8, 12.1, -0.5, -130.9, -0.2, 142.9, 44.7] deg
  p_start          = [    531.3,       2.5,     156.8] mm

====================================================================
  RUN
====================================================================

-- phase: approach_orient ------------------------------------------
  Kp [t1,t2,n]     = [    150.0,     150.0,     150.0] N/m
  Dp [t1,t2,n]     = [    126.5,     103.6,     128.3] Ns/m     auto (factor 1.90)
  KR [t1,t2,n]     = [     90.0,      90.0,      90.0] Nm/rad
  DR [t1,t2,n]     = [     13.5,      15.8,       2.0] Nms/rad  auto (factor 1.90)
orient:     t=  0.0 s | axis_err= 11.1 deg | spin_err=  0.7 deg
orient:     t=  0.2 s | axis_err= 10.3 deg | spin_err=  0.6 deg
orient:     t=  0.4 s | axis_err=  7.8 deg | spin_err=  0.4 deg
orient:     t=  0.6 s | axis_err=  4.5 deg | spin_err=  0.1 deg
orient:     t=  0.8 s | axis_err=  2.8 deg | spin_err=  0.0 deg
orient:     t=  1.0 s | axis_err=  2.3 deg | spin_err=  0.1 deg
orient:     t=  1.2 s | axis_err=  2.0 deg | spin_err=  0.1 deg

Orientation reached: axis_err=2.0 deg | spin_err=0.1 deg

-- phase: approach_descend -----------------------------------------
  Kp [t1,t2,n]     = [    150.0,     150.0,     150.0] N/m
  Dp [t1,t2,n]     = [    126.5,     103.6,     128.3] Ns/m     auto (factor 1.90)
  KR [t1,t2,n]     = [     90.0,      90.0,      90.0] Nm/rad
  DR [t1,t2,n]     = [     13.5,      15.8,       2.0] Nms/rad  auto (factor 1.90)
  descend to         20 mm clearance at 0.100 m/s
descend:    t=  0.0 s | distance=   0.1 mm | height=+124.0 mm (target 20.0) | force= -0.0 N
descend:    t=  0.2 s | distance=  20.2 mm | height=+112.4 mm (target 20.0) | force=  2.2 N
descend:    t=  0.4 s | distance=  40.3 mm | height= +96.5 mm (target 20.0) | force=  2.5 N
descend:    t=  0.6 s | distance=  60.4 mm | height= +79.8 mm (target 20.0) | force=  1.6 N
descend:    t=  0.8 s | distance=  80.5 mm | height= +63.0 mm (target 20.0) | force=  2.8 N
descend:    t=  1.0 s | distance= 100.6 mm | height= +45.8 mm (target 20.0) | force=  1.4 N
descend:    t=  1.2 s | distance= 120.7 mm | height= +28.5 mm (target 20.0) | force=  3.2 N

[GATE] Reached 20 mm above the plane. Press Enter to start the set-up press (e+Enter stops).

-- gate hold -------------------------------------------------------
  Kp [x,y,z]       = [   5000.0,    5000.0,    5000.0] N/m
  Dp [x,y,z]       = [    207.6,     155.1,     235.8] Ns/m     auto
  KR [t1,t2,n]     = [     90.0,      90.0,      90.0] Nm/rad
  DR [t1,t2,n]     = [     11.2,      14.3,       2.5] Nms/rad  auto
[GATE] Continuing to the set-up press.

Clearance reached: distance=130.8 mm | height=19.8 mm | target=20.0 mm | force=3.3 N (not used for the switch)
  offset_ee        = [     20.0,     -60.0,      20.0] mm
  p_EE_at_contact  = [    502.3,      -3.9,      45.6] mm
  contact_point    = [    517.9,      54.0,      -1.4] mm
  edge_offset      = [     15.6,      57.8,     -47.0] mm

-- phase: set_up ---------------------------------------------------

-- set-up impedance ------------------------------------------------
  law                wrench = K_TCP*dx + D_TCP*dv
                     K_TCP  = Ad(r_c)^T * blkdiag(Kp,KR) * Ad(r_c)
  Kp [t1,t2,n]     = [   2000.0,    2000.0,     800.0] N/m
  Dp [t1,t2,n]     = [    225.4,     188.6,     167.5] Ns/m     auto
  KR [t1,t2,n]     = [      5.0,       5.0,      50.0] Nm/rad
  DR [t1,t2,n]     = [      1.6,       2.0,       1.1] Nms/rad  auto
  p_c [EE]         = [     53.6,     -25.2,      -9.5] mm       the pole on the tool, from p_EE
  r_c [t1,t2,n]    = [     60.0,       0.0,      -0.0] mm       commanded: p_TCP - p_c, in the plane
set_up:     t=  0.0 s | tip=  0.0 deg | F=  0.1 N | M=  0.0 Nm (limit 150.0) | edge= 19.8 mm
set_up:     t=  0.2 s | tip=  0.6 deg | F=  0.6 N | M=  0.9 Nm (limit 150.0) | edge= 11.4 mm
set_up:     t=  0.4 s | tip=  1.1 deg | F=  1.4 N | M=  1.1 Nm (limit 150.0) | edge=  5.2 mm
set_up:     t=  0.6 s | tip=  1.5 deg | F= 13.0 N | M=  7.2 Nm (limit 150.0) | edge=  2.6 mm
set_up:     t=  0.8 s | tip=  1.5 deg | F= 19.5 N | M= 10.7 Nm (limit 150.0) | edge=  2.8 mm
set_up:     t=  1.0 s | tip=  1.5 deg | F= 27.5 N | M= 15.0 Nm (limit 150.0) | edge=  3.1 mm
set_up:     t=  1.2 s | tip=  1.6 deg | F= 35.4 N | M= 19.3 Nm (limit 150.0) | edge=  3.4 mm
set_up:     t=  1.4 s | tip=  1.6 deg | F= 42.7 N | M= 23.2 Nm (limit 150.0) | edge=  3.7 mm
set_up:     t=  1.6 s | tip=  1.7 deg | F= 50.5 N | M= 27.3 Nm (limit 150.0) | edge=  4.1 mm
set_up:     t=  1.8 s | tip=  1.8 deg | F= 44.4 N | M= 24.2 Nm (limit 150.0) | edge=  4.0 mm
set_up:     t=  2.0 s | tip=  1.8 deg | F= 44.2 N | M= 24.1 Nm (limit 150.0) | edge=  4.0 mm
set_up:     t=  2.2 s | tip=  1.8 deg | F= 44.2 N | M= 24.1 Nm (limit 150.0) | edge=  4.0 mm
set_up:     t=  2.4 s | tip=  1.8 deg | F= 44.1 N | M= 24.0 Nm (limit 150.0) | edge=  4.0 mm
set_up:     t=  2.6 s | tip=  1.8 deg | F= 44.1 N | M= 24.0 Nm (limit 150.0) | edge=  4.0 mm
set_up:     t=  2.8 s | tip=  1.8 deg | F= 44.1 N | M= 24.0 Nm (limit 150.0) | edge=  4.0 mm
set_up:     t=  3.0 s | tip=  1.8 deg | F= 44.2 N | M= 24.1 Nm (limit 150.0) | edge=  4.0 mm
set_up:     t=  3.2 s | tip=  1.8 deg | F= 44.1 N | M= 24.0 Nm (limit 150.0) | edge=  4.0 mm
set_up:     t=  3.4 s | tip=  1.8 deg | F= 44.2 N | M= 24.1 Nm (limit 150.0) | edge=  4.0 mm
set_up:     t=  3.6 s | tip=  1.8 deg | F= 44.2 N | M= 24.1 Nm (limit 150.0) | edge=  4.1 mm
set_up:     t=  3.8 s | tip=  1.8 deg | F= 44.1 N | M= 24.0 Nm (limit 150.0) | edge=  4.1 mm
set_up:     t=  4.0 s | tip=  1.8 deg | F= 44.2 N | M= 24.1 Nm (limit 150.0) | edge=  4.1 mm
set_up:     t=  4.2 s | tip=  1.8 deg | F= 44.3 N | M= 24.1 Nm (limit 150.0) | edge=  4.1 mm
set_up:     t=  4.4 s | tip=  1.8 deg | F= 44.3 N | M= 24.1 Nm (limit 150.0) | edge=  4.1 mm
set_up:     t=  4.6 s | tip=  1.8 deg | F= 44.3 N | M= 24.1 Nm (limit 150.0) | edge=  4.1 mm
set_up:     t=  4.8 s | tip=  1.8 deg | F= 44.3 N | M= 24.1 Nm (limit 150.0) | edge=  4.1 mm

====================================================================
  SET-UP RESULT
====================================================================
  stop: time | t=5.0 s | tip=1.8 deg | F=44.2 N | M=24.1 Nm
  edge_from_contact = [-3.5, -0.2, -2.1] mm | norm=4.1 mm
  tcp_from_contact  = [-18.7, -58.5, +25.5] mm | norm=66.6 mm
  alignment: before=9.62 deg | after=11.34 deg | gain=-1.72 deg
  alignment components [t1,t2,n] deg: before=[+1.84,+9.44,+0.00] | after=[+2.66,+11.03,+0.00]

-- set-up surface-frame breakdown ----------------------------------
  frame              alignment-target [tangent1, tangent2, normal]
  force        [N]      = [    -2.94,     +0.49,    -44.11]
  tcp_disp     [mm]     = [    +2.52,     -1.04,    -21.54]
  edge_disp    [mm]     = [    +3.20,     -1.38,     -2.12]
  Kp_eff=F/tcp [N/m]    = [  -1164.6,    -471.2,    2048.0]
  moment@edge  [Nm]     = [   -11.55,    -20.48,     +0.26]
  tip_angle    [deg]    = [    +0.82,     +1.59,     +0.03]
  KR_eff=M/ang [Nm/rad] = [   -806.6,    -740.0,     454.3]

-- centre of compliance --------------------------------------------
  definition         r_c = p_TCP - p_c
  p_TCP [x,y,z]    = [    502.3,      -3.9,      45.6] mm
  p_c [EE]         = [     53.6,     -25.2,      -9.5] mm
  r_c [t1,t2,n]    = [     60.0,      -0.0,      -0.0] mm
                     p_c resolved at first contact

-- what the TCP feels ----------------------------------------------
  K_TCP translation = [   1999.6,    1999.1,     801.3] N/m
  K_TCP rotation   = [      5.5,       7.4,      57.1] Nm/rad
  commanded KR was = [      5.0,       5.0,      50.0] Nm/rad   the rest is the lever
  D_TCP translation = [    218.8,     195.2,     167.5] Ns/m
  D_TCP rotation   = [      1.7,       2.4,       1.8] Nms/rad
  coupling           max |moment per unit translation| = 108.7 Nm/m (K), 10.3 Nms/m (D)
  eigenvalues        K_TCP 4.98 .. 2007 | D_TCP 1.10 .. 225  (both positive: valid springs)

  K_TCP [N/m, Nm/rad | rows fx..mz, cols tx..rz]:
           tx        ty        tz    |    rx        ry        rz
  fx [    2000  -0.5725   -20.68 |  -0.5257   -2.155   -50.76 ]
  fy [ -0.5725     1999   -33.18 |    2.437    1.804    108.7 ]
  fz [  -20.68   -33.18    801.3 |    20.27   -43.51   -1.278 ]
     ---------------------------+---------------------------
  mx [ -0.5257    2.437    20.27 |    5.532    -1.08   0.9214 ]
  my [  -2.155    1.804   -43.51 |    -1.08    7.403    1.397 ]
  mz [  -50.76    108.7   -1.278 |   0.9214    1.397    57.15 ]

  D_TCP [Ns/m, Nms/rad]:
           tx        ty        tz    |    rx        ry        rz
  fx [   218.8    14.07   -1.275 | -0.00926  -0.2895   -4.786 ]
  fy [   14.07    195.2   -1.009 |   0.2945  0.03178    10.25 ]
  fz [  -1.275   -1.009    167.5 |    4.249   -9.103 -0.02252 ]
     ---------------------------+---------------------------
  mx [-0.00926   0.2945    4.249 |    1.738  -0.3925  0.01157 ]
  my [ -0.2895  0.03178   -9.103 |  -0.3925    2.395 -0.01027 ]
  mz [  -4.786    10.25 -0.02252 |  0.01157 -0.01027    1.779 ]

[GATE] Set up finished (holding the pressed pose). Press Enter to start the grind (e+Enter stops).

Stop requested with e + Enter. Finishing control loop...

-- joint motion [deg] ----------------------------------------------
  joint       start    final    delta
  q1            0.8      1.1     +0.2
  q2           12.1     29.5    +17.4
  q3           -0.5     -0.9     -0.3
  q4         -130.9   -127.0     +3.9
  q5           -0.2     -5.7     -5.5
  q6          142.9    144.6     +1.7
  q7           44.7     50.3     +5.6

====================================================================
  FINAL RESULT
====================================================================
  p_d              = [    500.9,      -6.1,     -34.2] mm
  p_EE             = [    499.2,      -4.6,      24.1] mm
  e_p              = [      1.7,      -1.5,     -58.3] mm
  e_R              = [    -0.07,     -1.78,      0.08] deg
--------------------------------------------------------------------
  position error     58.37 mm
  rotation error     1.79 deg
  csv                logs/surface_grinding_controller_log.csv
--------------------------------------------------------------------
