
Press Enter to recover and configure the robot.
Robot recovered or already ready.
Collision: custom thresholds.

=== Startup mode ===
  s = go to q_init, then run the phase sequence
  h = go to q_init, then hold that pose
  g = guiding mode: go to q_init, then hand-guide to your pose;
      use s+Enter for sequence or h+Enter for hold
  q = go to q_init, inspect the posture, then choose again
  o = open the Franka hand now (release/load tool), then choose again
  c = close/grasp the tool now, then choose again
Choice [s/h/g/q/o/c]: Moving to q_init...
q_init reached.
Selected: phase sequence. Nullspace mode from parameters: nullspace_damping_only.

=== Setup ===
run: phase sequence | approach_orient: on | nullspace: nullspace_damping_only
nullspace parameters: d_null=2.000 | k_sigma=1.000 Nm (inactive) | alpha=0.0800 rad
hold: Kp=300.0 N/m | KR=40.0 Nm/rad | damping=auto translation+rotation (factor fitted online toward Dp=50.0 Ns/m)
manual_guidance_start: off | manual_damping=0.50
descend: clearance=20.0 mm | speed=0.100 m/s | max_distance=640 mm
alignment push: start=captured | end=+60 mm | speed=0.050 m/s | ramp_time~=1.6 s | timeout=5.0 s | moment_threshold=150.0 Nm
grind: free-slide hold | axis=tangent2 | amplitude=30 mm | frequency=0.20 Hz
set-up translation: frame=surface [t1,t2,n] | Kp=[2000.0, 2000.0, 800.0] N/m
coupled stiffness: apply=on | pole=commanded
  r_c=p_TCP-p_c [t1,t2,n] = [+0.0, -60.0, +0.0] mm
gates: pause_before_set_up=on | pause_auto_damping=on | pause_before_grind=off | debug_period=0.20 s
surface-plane normal=[+0.017, +0.028, +0.999] | tilt a(x)=-1.6 deg, b(y)=1.0 deg (from angles)
tool-axis command offset: tangent1=+5.0 deg | tangent2=+0.0 deg
tool face: 40 x 120 mm | center offset EE=[+0.0, +0.0, +20.0] mm
Gripper already holding the tool (width 65.0 mm); keeping grasp.
Press e+Enter to stop the controller before the duration expires.
During hold: press g+Enter to hand-guide the tool, then p+Enter to recapture and resume hold.
experiment_duration <= 0: running indefinitely until e + Enter.

=== Start pose ===
q_start = [-0.9, 10.0, -1.1, -130.3, -0.0, 145.2, 42.7] deg
p_start = [550.5, -19.6, 185.3] mm

=== Run ===
phase: approach_orient
orient:     t=  0.0 s | axis_err=  6.7 deg | rot_err=  6.7 deg
approach Dp        auto=[ 127.10,  105.71,  125.80]  manual=[  20.00,   20.00,   20.00] Ns/m
approach DR        auto=[  13.61,   15.17,    2.22]  manual=[  12.00,   12.00,   12.00] Nms/rad
orient:     t=  0.2 s | axis_err=  3.4 deg | rot_err=  3.4 deg
orient:     t=  0.4 s | axis_err=  2.3 deg | rot_err=  2.4 deg

Orientation reached: axis_err=2.0 deg
phase: approach_descend
descend:    t=  0.0 s | distance=   0.1 mm | height=+155.8 mm (target 20.0) | force=  0.0 N
descend:    t=  0.2 s | distance=  20.1 mm | height=+144.4 mm (target 20.0) | force=  1.5 N
descend:    t=  0.4 s | distance=  40.1 mm | height=+128.3 mm (target 20.0) | force=  0.8 N
descend:    t=  0.6 s | distance=  60.2 mm | height=+111.4 mm (target 20.0) | force=  1.8 N
descend:    t=  0.8 s | distance=  80.3 mm | height= +94.1 mm (target 20.0) | force=  1.4 N
descend:    t=  1.0 s | distance= 100.4 mm | height= +76.5 mm (target 20.0) | force=  2.3 N
descend:    t=  1.2 s | distance= 120.5 mm | height= +58.8 mm (target 20.0) | force=  1.6 N
descend:    t=  1.4 s | distance= 140.6 mm | height= +40.7 mm (target 20.0) | force=  1.8 N
descend:    t=  1.6 s | distance= 160.7 mm | height= +22.4 mm (target 20.0) | force=  0.9 N

[GATE] Reached 20 mm above the plane. Press Enter to start the set-up press (e+Enter stops).
pause auto damping: fitted Dp factor=0.548, DR factor=2.013
pause Dp [xyz]     auto=[ 199.46,  145.62,  234.26]  manual=[ 200.00,  200.00,  200.00] Ns/m
pause DR [t1t2n]   auto=[  13.90,   14.91,    2.10]  manual=[  13.61,   15.17,    2.22] Nms/rad
[GATE] Continuing to the set-up press.
descend:    t=  2.1 s | distance= 163.4 mm | height= +19.2 mm (target 20.0) | force=  0.1 N

Clearance reached: distance=163.4 mm | height=19.2 mm | target=20.0 mm | force=0.1 N (not used for the switch)
offset_ee = [-20.0, -60.0, 20.0] mm
p_EE_at_contact = [535.5, -30.8, 42.9] mm
contact_point = [515.3, 27.1, -0.6] mm
edge_offset_base = [-20.1, 57.9, -43.5] mm
phase: set_up
set_up Dp [t1t2n]  auto=[ 217.50,  185.69,  170.44]  manual=[  50.00,   50.00,   25.00] Ns/m
set_up DR [t1t2n]  auto=[   1.63,    1.74,    0.78]  manual=[  10.01,   10.01,   10.00] Nms/rad
set_up:     t=  0.0 s | tip=  0.0 deg | F=  0.0 N | M=  0.0 Nm (limit 150.0) | edge= 19.2 mm
set_up:     t=  0.2 s | tip=  0.6 deg | F=  1.6 N | M=  1.2 Nm (limit 150.0) | edge= 12.9 mm
set_up:     t=  0.4 s | tip=  1.2 deg | F=  1.7 N | M=  1.1 Nm (limit 150.0) | edge=  4.7 mm
set_up:     t=  0.6 s | tip=  1.4 deg | F= 16.9 N | M=  9.2 Nm (limit 150.0) | edge=  2.7 mm
set_up:     t=  0.8 s | tip=  1.4 deg | F= 24.1 N | M= 13.1 Nm (limit 150.0) | edge=  2.6 mm
set_up:     t=  1.0 s | tip=  1.4 deg | F= 31.7 N | M= 17.4 Nm (limit 150.0) | edge=  2.6 mm
set_up:     t=  1.2 s | tip=  1.6 deg | F= 39.5 N | M= 21.7 Nm (limit 150.0) | edge=  2.7 mm
set_up:     t=  1.4 s | tip=  1.9 deg | F= 44.6 N | M= 24.5 Nm (limit 150.0) | edge=  2.7 mm
set_up:     t=  1.6 s | tip=  2.8 deg | F= 51.2 N | M= 28.3 Nm (limit 150.0) | edge=  2.9 mm
set_up:     t=  1.8 s | tip=  3.3 deg | F= 44.3 N | M= 24.5 Nm (limit 150.0) | edge=  3.0 mm
set_up:     t=  2.0 s | tip=  3.4 deg | F= 43.4 N | M= 24.1 Nm (limit 150.0) | edge=  3.1 mm
set_up:     t=  2.2 s | tip=  3.4 deg | F= 44.1 N | M= 24.4 Nm (limit 150.0) | edge=  3.1 mm
set_up:     t=  2.4 s | tip=  3.4 deg | F= 43.7 N | M= 24.2 Nm (limit 150.0) | edge=  3.0 mm
set_up:     t=  2.6 s | tip=  3.5 deg | F= 43.5 N | M= 24.1 Nm (limit 150.0) | edge=  3.1 mm
set_up:     t=  2.8 s | tip=  3.5 deg | F= 43.9 N | M= 24.2 Nm (limit 150.0) | edge=  3.0 mm
set_up:     t=  3.0 s | tip=  3.6 deg | F= 43.4 N | M= 24.0 Nm (limit 150.0) | edge=  3.0 mm
set_up:     t=  3.2 s | tip=  3.7 deg | F= 43.9 N | M= 24.3 Nm (limit 150.0) | edge=  3.1 mm
set_up:     t=  3.4 s | tip=  3.7 deg | F= 43.6 N | M= 24.2 Nm (limit 150.0) | edge=  3.1 mm
set_up:     t=  3.6 s | tip=  3.8 deg | F= 43.6 N | M= 24.2 Nm (limit 150.0) | edge=  3.3 mm
set_up:     t=  3.8 s | tip=  3.8 deg | F= 44.0 N | M= 24.4 Nm (limit 150.0) | edge=  3.2 mm
set_up:     t=  4.0 s | tip=  3.8 deg | F= 43.6 N | M= 24.2 Nm (limit 150.0) | edge=  3.2 mm
set_up:     t=  4.2 s | tip=  3.9 deg | F= 43.8 N | M= 24.3 Nm (limit 150.0) | edge=  3.2 mm
set_up:     t=  4.4 s | tip=  3.9 deg | F= 44.3 N | M= 24.5 Nm (limit 150.0) | edge=  3.2 mm
set_up:     t=  4.6 s | tip=  3.9 deg | F= 43.9 N | M= 24.4 Nm (limit 150.0) | edge=  3.2 mm
set_up:     t=  4.8 s | tip=  3.9 deg | F= 43.9 N | M= 24.4 Nm (limit 150.0) | edge=  3.2 mm

=== Set-up result ===
stop: time | t=5.0 s | tip=3.9 deg | F=43.7 N | M=24.3 Nm
edge_from_contact = [-2.4, +1.6, +1.3] mm | norm=3.2 mm
tcp_from_contact  = [+17.8, -58.3, +21.4] mm | norm=64.6 mm
alignment: before=2.80 deg | after=1.32 deg | gain=+1.48 deg
alignment components [t1,t2,n] deg: before=[-2.72,-0.66,+0.00] | after=[+1.15,-0.66,+0.00]

=== Set-up surface-frame breakdown ===
frame: alignment-target [tangent1, tangent2, normal]
force        [N]      = [    -2.62,     +2.09,    -43.54]
tcp_disp     [mm]     = [    +1.66,     -1.06,    -22.16]
edge_disp    [mm]     = [    +1.55,     -2.45,     +1.28]
Kp_eff=F/tcp [N/m]    = [  -1584.9,   -1980.1,    1964.3]
moment@edge  [Nm]     = [   -17.01,    -19.40,     +0.01]
tip_angle    [deg]    = [    +3.87,     -0.00,     +0.10]
KR_eff=M/ang [Nm/rad] = [   -251.8,       n/a,       6.5]

=== Commanded centre of compliance ===
lever convention: r_c = p_TCP - p_c
parameterization: direct [tangent1,tangent2,normal]
  r_c base = [-25.4, 54.3, -1.1] mm
  r_c [t1,t2,n] = [0.0, -60.0, 0.0] mm
  pole_from_edge = [45.6, -112.3, 44.5] mm

K_TCP = Ad^T K_pole Ad  [rows fx..mz | cols tx..rz]:
  commanded:
           tx        ty        tz    |    rx        ry        rz
  fx [    2000  -0.5725   -20.68 |    1.125    2.657    108.7 ]
  fy [ -0.5725     1999   -33.18 |  -0.3277   0.8422    50.75 ]
  fz [  -20.68   -33.18    801.3 |   -43.51   -20.38   -1.967 ]
     ---------------------------+---------------------------
  mx [   1.125  -0.3277   -43.51 |    7.378    1.128   0.8284 ]
  my [   2.657   0.8422   -20.38 |    1.128    5.555     1.41 ]
  mz [   108.7    50.75   -1.967 |   0.8284     1.41    57.15 ]
  K_TCP eigenvalues = [4.982, 5, 49.82, 802.9, 2000, 2007] -> PSD ok (>=0) (min=4.982)

D_TCP = Ad^T D_pole Ad:
  commanded:
           tx        ty        tz    |    rx        ry        rz
  fx [   211.8    12.18    -1.05 |  0.04411   0.2524    11.82 ]
  fy [   12.18    191.4  -0.7894 |  -0.1611  0.03303    5.523 ]
  fz [   -1.05  -0.7894    170.5 |   -9.264   -4.332 -0.07714 ]
     ---------------------------+---------------------------
  mx [ 0.04411  -0.1611   -9.264 |    2.155   0.1922 -0.01553 ]
  my [  0.2524  0.03303   -4.332 |   0.1922    1.833 -0.01078 ]
  mz [   11.82    5.523 -0.07714 | -0.01553 -0.01078    1.563 ]
  D_TCP eigenvalues = [0.7771, 1.626, 1.743, 171.1, 185.7, 218.3] -> PSD ok (>=0) (min=0.7771)
phase: grind

Stop requested with e + Enter. Finishing control loop...

Joint motion [deg]:
joint    start   final   delta
------------------------------
q1       -0.9    -5.4    -4.5
q2       10.0    31.1    21.1
q3       -1.1     1.7     2.8
q4     -130.3  -128.0     2.3
q5       -0.0    -3.4    -3.4
q6      145.2   158.5    13.3
q7       42.7    44.1     1.4

=== Final result ===
p_d = [531.4, -31.4, -36.3] mm
p_EE = [533.0, -31.1, 20.7] mm
e_p = [-1.6, -0.3, -57.0] mm
position_error = 56.99 mm
e_R = [-3.45, -1.65, 0.10] deg
rotation_error = 3.82 deg
csv: surface_grinding_controller_log.csv
