
Press Enter to recover and configure the robot.
Robot recovered or already ready.
Collision: custom thresholds.

=== Startup choice ===
  q = go to q_init (from params/common.txt), then choose again
  g = guiding mode: go to q_init, then hand-guide to your pose;
      use s+Enter for sequence or h+Enter for hold
  o = open the Franka hand now (release/load tool), then choose again
  c = close/grasp the tool now, then choose again
  r = continue to run mode (available after q_init is reached)
Choice [q/g/o/c/r, Enter = q]: Moving to q_init...
q_init reached.

=== Startup choice ===
  q = go to q_init (from params/common.txt), then choose again
  g = guiding mode: go to q_init, then hand-guide to your pose;
      use s+Enter for sequence or h+Enter for hold
  o = open the Franka hand now (release/load tool), then choose again
  c = close/grasp the tool now, then choose again
  r = continue to run mode
Choice [q/g/o/c/r, Enter = q]: 
=== Run mode ===
  s = phase sequence (approach / set up / grind)
  h = hold at the start pose
Choice [s/h, Enter = s]: Selected: phase sequence. Nullspace mode from parameters: nullspace_damping_plus_sigma.

=== Setup ===
run: phase sequence | approach_orient: on | nullspace: nullspace_damping_plus_sigma
nullspace parameters: d_null=2.000 | k_sigma=1.000 Nm | alpha=0.0800 rad
hold: Kp=300.0 N/m | KR=40.0 Nm/rad | damping=auto translation+rotation (factor fitted online toward Dp=50.0 Ns/m)
manual_guidance_start: off | manual_damping=0.50
descend: clearance=20.0 mm | speed=0.100 m/s | max_distance=640 mm
alignment push: start=captured | end=+180 mm | speed=0.050 m/s | ramp_time~=4.0 s | timeout=12.0 s | moment_threshold=150.0 Nm
grind: sweep | axis=tangent2 | amplitude=30 mm | frequency=0.20 Hz
coupled stiffness: apply=on | saved=yes | pole=manual
gates: pause_before_set_up=on | pause_auto_damping=on | pause_before_grind=off | debug_period=0.20 s
alignment-target normal=[+0.087, -0.000, +0.996] | tilt a(x)=0.0 deg, b(y)=5.0 deg (from angles)
tool face: 40 x 120 mm | center offset EE=[+0.0, +0.0, +20.0] mm
Gripper already holding the tool (width 65.0 mm); keeping grasp.
Press e+Enter to stop the controller before the duration expires.
During hold: press g+Enter to hand-guide the tool, then p+Enter to recapture and resume hold.
experiment_duration <= 0: running indefinitely until e + Enter.

=== Start pose ===
q_start = [-2.7, 18.1, -5.1, -122.8, 17.5, 139.5, 26.8] deg
p_start = [565.1, -59.4, 151.1] mm

=== Run ===
phase: approach_orient
orient:     t=  0.0 s | axis_err= 11.5 deg | rot_err= 11.5 deg
approach Dp        auto=[ 134.14,   97.25,  122.28]  manual=[  20.00,   20.00,   20.00] Ns/m
approach DR        auto=[  12.73,   16.36,    4.08]  manual=[  12.00,   12.00,   12.00] Nms/rad
orient:     t=  0.2 s | axis_err=  4.5 deg | rot_err=  4.5 deg
orient:     t=  0.4 s | axis_err=  2.3 deg | rot_err=  2.3 deg

Orientation reached: axis_err=1.9 deg
phase: approach_descend
descend:    t=  0.0 s | distance=   0.1 mm | height= +98.1 mm (target 20.0) | force=  0.0 N
descend:    t=  0.2 s | distance=  20.1 mm | height= +86.1 mm (target 20.0) | force=  0.8 N
descend:    t=  0.4 s | distance=  40.1 mm | height= +69.2 mm (target 20.0) | force=  1.9 N
descend:    t=  0.6 s | distance=  60.2 mm | height= +51.6 mm (target 20.0) | force=  1.9 N
descend:    t=  0.8 s | distance=  80.3 mm | height= +33.6 mm (target 20.0) | force=  1.8 N

[GATE] Reached 20 mm above the plane. Press Enter to start the set-up press (e+Enter stops).
pause auto damping: fitted Dp factor=0.551, DR factor=1.960
pause Dp [xyz]     auto=[ 206.57,  155.27,  224.85]  manual=[ 200.00,  200.00,  200.00] Ns/m
pause DR [t1t2n]   auto=[  11.73,   17.28,    2.04]  manual=[  12.73,   16.36,    4.08] Nms/rad
[GATE] Continuing to the set-up press.
descend:    t=  1.5 s | distance=  95.6 mm | height= +19.5 mm (target 20.0) | force=  0.4 N

Clearance reached: distance=95.6 mm | height=19.5 mm | target=20.0 mm | force=0.4 N (not used for the switch)
offset_ee = [20.0, 60.0, 20.0] mm
p_EE_at_contact = [546.6, -65.6, 65.4] mm
contact_point = [560.4, -126.3, 24.1] mm
edge_offset_base = [13.7, -60.7, -41.3] mm
phase: set_up
set_up Dp [xyz]    auto=[ 237.06,  178.21,  108.09]  manual=[  10.00,   10.00,  175.00] Ns/m
set_up DR [t1t2n]  auto=[   1.41,    2.07,    0.77]  manual=[  10.01,   10.01,   10.00] Nms/rad
set_up:     t=  0.0 s | tip=  0.0 deg | F=  0.0 N | M=  0.0 Nm (limit 150.0) | edge= 19.5 mm
set_up:     t=  0.2 s | tip=  0.3 deg | F=  1.7 N | M=  0.7 Nm (limit 150.0) | edge= 14.1 mm
set_up:     t=  0.4 s | tip=  0.4 deg | F=  1.4 N | M=  0.6 Nm (limit 150.0) | edge=  6.2 mm
set_up:     t=  0.6 s | tip=  0.5 deg | F=  3.0 N | M=  1.3 Nm (limit 150.0) | edge=  2.9 mm
set_up:     t=  0.8 s | tip=  0.6 deg | F=  1.1 N | M=  0.5 Nm (limit 150.0) | edge= 12.0 mm
set_up:     t=  1.0 s | tip=  0.7 deg | F= 13.5 N | M=  7.2 Nm (limit 150.0) | edge= 20.0 mm
set_up:     t=  1.2 s | tip=  0.7 deg | F= 12.0 N | M=  6.8 Nm (limit 150.0) | edge= 20.2 mm
set_up:     t=  1.4 s | tip=  0.7 deg | F= 15.9 N | M=  8.9 Nm (limit 150.0) | edge= 20.4 mm
set_up:     t=  1.6 s | tip=  0.8 deg | F= 19.5 N | M= 10.8 Nm (limit 150.0) | edge= 20.7 mm
set_up:     t=  1.8 s | tip=  0.8 deg | F= 23.3 N | M= 12.9 Nm (limit 150.0) | edge= 21.0 mm
set_up:     t=  2.0 s | tip=  0.9 deg | F= 27.2 N | M= 15.2 Nm (limit 150.0) | edge= 21.3 mm
set_up:     t=  2.2 s | tip=  1.0 deg | F= 31.1 N | M= 17.4 Nm (limit 150.0) | edge= 21.5 mm
set_up:     t=  2.4 s | tip=  1.0 deg | F= 34.5 N | M= 19.3 Nm (limit 150.0) | edge= 21.7 mm
set_up:     t=  2.6 s | tip=  1.1 deg | F= 38.1 N | M= 21.2 Nm (limit 150.0) | edge= 21.9 mm
set_up:     t=  2.8 s | tip=  1.2 deg | F= 41.6 N | M= 23.2 Nm (limit 150.0) | edge= 22.1 mm
set_up:     t=  3.0 s | tip=  1.3 deg | F= 45.0 N | M= 24.9 Nm (limit 150.0) | edge= 22.3 mm
set_up:     t=  3.2 s | tip=  1.4 deg | F= 48.5 N | M= 26.8 Nm (limit 150.0) | edge= 22.6 mm
set_up:     t=  3.4 s | tip=  1.5 deg | F= 51.7 N | M= 28.6 Nm (limit 150.0) | edge= 22.8 mm
set_up:     t=  3.6 s | tip=  1.6 deg | F= 55.1 N | M= 30.4 Nm (limit 150.0) | edge= 23.0 mm
set_up:     t=  3.8 s | tip=  1.7 deg | F= 59.0 N | M= 32.4 Nm (limit 150.0) | edge= 23.3 mm
set_up:     t=  4.0 s | tip=  1.8 deg | F= 62.7 N | M= 34.5 Nm (limit 150.0) | edge= 23.4 mm
set_up:     t=  4.2 s | tip=  1.9 deg | F= 57.9 N | M= 31.9 Nm (limit 150.0) | edge= 23.5 mm
set_up:     t=  4.4 s | tip=  1.9 deg | F= 57.7 N | M= 31.7 Nm (limit 150.0) | edge= 23.5 mm
set_up:     t=  4.6 s | tip=  2.0 deg | F= 57.9 N | M= 31.9 Nm (limit 150.0) | edge= 23.5 mm
set_up:     t=  4.8 s | tip=  2.0 deg | F= 57.8 N | M= 31.8 Nm (limit 150.0) | edge= 23.6 mm
set_up:     t=  5.0 s | tip=  2.0 deg | F= 57.7 N | M= 31.8 Nm (limit 150.0) | edge= 23.6 mm
set_up:     t=  5.2 s | tip=  2.0 deg | F= 57.5 N | M= 31.7 Nm (limit 150.0) | edge= 23.6 mm
set_up:     t=  5.4 s | tip=  2.0 deg | F= 57.6 N | M= 31.7 Nm (limit 150.0) | edge= 23.6 mm
set_up:     t=  5.6 s | tip=  2.0 deg | F= 57.7 N | M= 31.8 Nm (limit 150.0) | edge= 23.6 mm
set_up:     t=  5.8 s | tip=  2.0 deg | F= 57.6 N | M= 31.8 Nm (limit 150.0) | edge= 23.6 mm
set_up:     t=  6.0 s | tip=  2.0 deg | F= 57.7 N | M= 31.8 Nm (limit 150.0) | edge= 23.6 mm
set_up:     t=  6.2 s | tip=  2.0 deg | F= 57.6 N | M= 31.7 Nm (limit 150.0) | edge= 23.6 mm
set_up:     t=  6.4 s | tip=  2.0 deg | F= 57.6 N | M= 31.7 Nm (limit 150.0) | edge= 23.6 mm
set_up:     t=  6.6 s | tip=  2.0 deg | F= 57.7 N | M= 31.8 Nm (limit 150.0) | edge= 23.6 mm
set_up:     t=  6.8 s | tip=  2.0 deg | F= 57.6 N | M= 31.7 Nm (limit 150.0) | edge= 23.6 mm
set_up:     t=  7.0 s | tip=  2.0 deg | F= 57.6 N | M= 31.7 Nm (limit 150.0) | edge= 23.6 mm
set_up:     t=  7.2 s | tip=  2.0 deg | F= 57.6 N | M= 31.7 Nm (limit 150.0) | edge= 23.6 mm
set_up:     t=  7.4 s | tip=  2.0 deg | F= 57.6 N | M= 31.7 Nm (limit 150.0) | edge= 23.6 mm
set_up:     t=  7.6 s | tip=  2.0 deg | F= 57.6 N | M= 31.7 Nm (limit 150.0) | edge= 23.6 mm
set_up:     t=  7.8 s | tip=  2.0 deg | F= 57.8 N | M= 31.8 Nm (limit 150.0) | edge= 23.6 mm
set_up:     t=  8.0 s | tip=  2.0 deg | F= 57.6 N | M= 31.7 Nm (limit 150.0) | edge= 23.6 mm
set_up:     t=  8.2 s | tip=  2.0 deg | F= 57.8 N | M= 31.8 Nm (limit 150.0) | edge= 23.6 mm
set_up:     t=  8.4 s | tip=  2.0 deg | F= 57.7 N | M= 31.8 Nm (limit 150.0) | edge= 23.6 mm
set_up:     t=  8.6 s | tip=  2.0 deg | F= 57.8 N | M= 31.8 Nm (limit 150.0) | edge= 23.6 mm
set_up:     t=  8.8 s | tip=  2.0 deg | F= 57.6 N | M= 31.7 Nm (limit 150.0) | edge= 23.6 mm
set_up:     t=  9.0 s | tip=  2.0 deg | F= 57.6 N | M= 31.7 Nm (limit 150.0) | edge= 23.6 mm
set_up:     t=  9.2 s | tip=  2.0 deg | F= 57.6 N | M= 31.7 Nm (limit 150.0) | edge= 23.6 mm
set_up:     t=  9.4 s | tip=  2.0 deg | F= 57.6 N | M= 31.8 Nm (limit 150.0) | edge= 23.6 mm
set_up:     t=  9.6 s | tip=  2.0 deg | F= 57.8 N | M= 31.8 Nm (limit 150.0) | edge= 23.6 mm
set_up:     t=  9.8 s | tip=  2.0 deg | F= 57.6 N | M= 31.7 Nm (limit 150.0) | edge= 23.6 mm
set_up:     t= 10.0 s | tip=  2.0 deg | F= 57.5 N | M= 31.7 Nm (limit 150.0) | edge= 23.6 mm
set_up:     t= 10.2 s | tip=  2.0 deg | F= 57.5 N | M= 31.7 Nm (limit 150.0) | edge= 23.6 mm
set_up:     t= 10.4 s | tip=  2.0 deg | F= 57.6 N | M= 31.7 Nm (limit 150.0) | edge= 23.6 mm
set_up:     t= 10.6 s | tip=  2.0 deg | F= 57.4 N | M= 31.7 Nm (limit 150.0) | edge= 23.6 mm
set_up:     t= 10.8 s | tip=  2.0 deg | F= 57.5 N | M= 31.7 Nm (limit 150.0) | edge= 23.6 mm
set_up:     t= 11.0 s | tip=  2.0 deg | F= 57.5 N | M= 31.7 Nm (limit 150.0) | edge= 23.6 mm
set_up:     t= 11.2 s | tip=  2.0 deg | F= 57.5 N | M= 31.7 Nm (limit 150.0) | edge= 23.6 mm
set_up:     t= 11.4 s | tip=  2.0 deg | F= 57.5 N | M= 31.7 Nm (limit 150.0) | edge= 23.6 mm
set_up:     t= 11.6 s | tip=  2.0 deg | F= 57.6 N | M= 31.7 Nm (limit 150.0) | edge= 23.6 mm
set_up:     t= 11.8 s | tip=  2.1 deg | F= 57.5 N | M= 31.7 Nm (limit 150.0) | edge= 23.6 mm

=== Set-up result ===
stop: time | t=12.0 s | tip=2.1 deg | F=57.4 N | M=31.7 Nm
edge_from_contact = [-6.3, +0.8, -22.8] mm | norm=23.6 mm
tcp_from_contact  = [-20.8, +61.5, -0.3] mm | norm=65.0 mm
alignment: before=0.44 deg | after=2.24 deg | gain=-1.81 deg

=== Set-up surface-frame breakdown ===
frame: alignment-target [tangent1, tangent2, normal]
force        [N]      = [    -5.51,     -1.22,    -57.14]
tcp_disp     [mm]     = [    -3.41,     +0.87,    -42.14]
edge_disp    [mm]     = [    -4.34,     +0.81,    -23.23]
Kp_eff=F/tcp [N/m]    = [   1615.0,   -1406.8,    1355.8]
moment@edge  [Nm]     = [    +3.56,    +29.85,     -1.01]
tip_angle    [deg]    = [    +0.01,     -2.05,     +0.17]
KR_eff=M/ang [Nm/rad] = [      n/a,    -834.3,    -342.6]

finite_axis: angle=2.1 deg | axis_from_edge=[-633.2, +4.2, +164.5] mm | dir=[-0.014, +0.997, -0.081] | pitch=+76.3 mm/rad

=== Coupled stiffness from the measured pole ===
source spring K_pole/D_pole (diagonal, from parameters):
  Kp [N/m]     = [2000, 2000, 350]
  KR [Nm/rad]  = [5, 5, 50]
  Dp [Ns/m]    = [10, 10, 175]
  DR [Nms/rad] = [10.01, 10.01, 10]

poles compared (lever r_c = TCP - pole):
  (A) measured axis : angle=2.1 deg | pitch=+76.3 mm/rad
      pole_from_edge = [-626.9, 6.2, 187.1] mm
      r_c            = [612.4, 54.6, -164.7] mm
  (B) manual pole   : COMMANDED this run, contact reference
      pole_from_edge = [-4.1, -0.8, -96.8] mm
      r_c            = [-3.3, 60.7, 160.9] mm
      r_c(B)-r_c(A)  = [-615.7, 6.1, 325.5] mm

K_TCP = Ad^T K_pole Ad  [rows fx..mz | cols tx..rz]:
  (A) measured axis:
           tx        ty        tz    |    rx        ry        rz
  fx [    2000        0        0 |        0    329.3    109.2 ]
  fy [       0     2000        0 |   -329.3        0    -1225 ]
  fz [       0        0      350 |    -19.1    214.3        0 ]
     ---------------------------+---------------------------
  mx [       0   -329.3    -19.1 |    60.61    -11.7    205.6 ]
  my [   329.3        0    214.3 |    -11.7    190.5    17.97 ]
  mz [   109.2    -1225        0 |    205.6    17.97    805.6 ]
  (A) K_TCP eigenvalues = [3.549, 4.937, 35.86, 479, 2059, 2824] -> PSD ok (>=0) (min=3.549)
  (B) manual pole:
           tx        ty        tz    |    rx        ry        rz
  fx [    2000        0        0 |        0   -321.8    121.3 ]
  fy [       0     2000        0 |    321.8        0    6.581 ]
  fz [       0        0      350 |   -21.24   -1.152        0 ]
     ---------------------------+---------------------------
  mx [       0    321.8   -21.24 |     58.4  0.06988    4.966 ]
  my [  -321.8        0   -1.152 |  0.06988    56.77   -19.52 ]
  mz [   121.3    6.581        0 |    4.966   -19.52    57.04 ]
  (B) K_TCP eigenvalues = [4.856, 4.875, 49.8, 351.3, 2052, 2059] -> PSD ok (>=0) (min=4.856)

D_TCP = Ad^T D_pole Ad:
  (A) measured axis:
           tx        ty        tz    |    rx        ry        rz
  fx [   237.1        0        0 |        0    39.03    12.94 ]
  fy [       0    178.2        0 |   -29.34        0   -109.1 ]
  fz [       0        0    108.1 |   -5.899     66.2        0 ]
     ---------------------------+---------------------------
  mx [       0   -29.34   -5.899 |    6.559   -3.613    17.91 ]
  my [   39.03        0     66.2 |   -3.613    49.04     2.13 ]
  mz [   12.94   -109.1        0 |    17.91     2.13    68.32 ]
  (A) D_TCP eigenvalues = [0.5542, 1.38, 1.493, 146.7, 241.8, 255.3] -> PSD ok (>=0) (min=0.5542)
  (B) manual pole:
           tx        ty        tz    |    rx        ry        rz
  fx [   237.1        0        0 |        0   -38.14    14.38 ]
  fy [       0    178.2        0 |    28.67        0   0.5864 ]
  fz [       0        0    108.1 |   -6.558  -0.3557        0 ]
     ---------------------------+---------------------------
  mx [       0    28.67   -6.558 |    6.416  0.02158  0.03909 ]
  my [  -38.14        0  -0.3557 |  0.02158     8.21   -2.314 ]
  mz [   14.38   0.5864        0 |  0.03909   -2.314    1.654 ]
  (B) D_TCP eigenvalues = [0.7712, 1.37, 2.02, 108.5, 182.9, 244.1] -> PSD ok (>=0) (min=0.7712)
phase: grind

Stop requested with e + Enter. Finishing control loop...

Joint motion [deg]:
joint    start   final   delta
------------------------------
q1       -2.7    -1.7     1.0
q2       18.1    32.6    14.5
q3       -5.1    -3.1     2.0
q4     -122.8  -122.1     0.7
q5       17.5     1.2   -16.4
q6      139.5   147.0     7.5
q7       26.8    41.9    15.1

=== Final result ===
p_d = [529.2, -41.9, -133.3] mm
p_EE = [535.5, -48.8, 23.1] mm
e_p = [-6.3, 6.9, -156.4] mm
position_error = 156.65 mm
e_R = [0.83, -2.58, -0.21] deg
rotation_error = 2.72 deg
csv: surface_grinding_controller_log.csv
