
Press Enter to recover and configure the robot.
Robot recovered or already ready.
Collision: custom thresholds.

=== Startup choice ===
  q = go to q_init (from params/common.txt), then choose again
  g = guiding mode: go to q_init, then hand-guide to your pose;
      use s+Enter for sequence or h+Enter for hold
  o = open the Franka hand now (release/load tool), then choose again
  c = close/grasp the tool now, then choose again
  r = continue to run mode (available after q_init is reached)
Choice [q/g/o/c/r, Enter = q]: Moving to q_init...
q_init reached.

=== Startup choice ===
  q = go to q_init (from params/common.txt), then choose again
  g = guiding mode: go to q_init, then hand-guide to your pose;
      use s+Enter for sequence or h+Enter for hold
  o = open the Franka hand now (release/load tool), then choose again
  c = close/grasp the tool now, then choose again
  r = continue to run mode
Choice [q/g/o/c/r, Enter = q]: Moving to q_init...
q_init reached.

=== Startup choice ===
  q = go to q_init (from params/common.txt), then choose again
  g = guiding mode: go to q_init, then hand-guide to your pose;
      use s+Enter for sequence or h+Enter for hold
  o = open the Franka hand now (release/load tool), then choose again
  c = close/grasp the tool now, then choose again
  r = continue to run mode
Choice [q/g/o/c/r, Enter = q]: 
=== Run mode ===
  s = phase sequence (approach / set up / grind)
  h = hold at the start pose
Choice [s/h, Enter = s]: Selected: phase sequence. Nullspace mode from parameters: nullspace_damping_plus_sigma.

=== Setup ===
run: phase sequence | approach_orient: on | nullspace: nullspace_damping_plus_sigma
nullspace parameters: d_null=2.000 | k_sigma=1.000 Nm | alpha=0.0800 rad
hold: Kp=300.0 N/m | KR=40.0 Nm/rad | damping=auto translation+rotation (factor fitted online toward Dp=50.0 Ns/m)
manual_guidance_start: off | manual_damping=0.50
descend: clearance=20.0 mm | speed=0.100 m/s | max_distance=640 mm
alignment push: start=captured | end=+180 mm | speed=0.050 m/s | ramp_time~=4.0 s | timeout=12.0 s | moment_threshold=150.0 Nm
grind: sweep | axis=tangent2 | amplitude=30 mm | frequency=0.20 Hz
coupled stiffness: apply=on | saved=yes | pole=manual
gates: pause_before_set_up=on | pause_auto_damping=on | pause_before_grind=off | debug_period=0.20 s
alignment-target normal=[+0.087, -0.000, +0.996] | tilt a(x)=0.0 deg, b(y)=5.0 deg (from angles)
tool face: 40 x 120 mm | center offset EE=[+0.0, +0.0, +20.0] mm
Gripper already holding the tool (width 65.0 mm); keeping grasp.
Press e+Enter to stop the controller before the duration expires.
During hold: press g+Enter to hand-guide the tool, then p+Enter to recapture and resume hold.
experiment_duration <= 0: running indefinitely until e + Enter.

=== Start pose ===
q_start = [-2.8, 18.1, -5.1, -122.8, 17.5, 139.5, 26.8] deg
p_start = [565.1, -59.6, 151.1] mm

=== Run ===
phase: approach_orient
orient:     t=  0.0 s | axis_err= 11.5 deg | rot_err= 11.5 deg
approach Dp        auto=[ 134.14,   97.25,  122.28]  manual=[  20.00,   20.00,   20.00] Ns/m
approach DR        auto=[  12.73,   16.36,    4.08]  manual=[  12.00,   12.00,   12.00] Nms/rad
orient:     t=  0.2 s | axis_err=  4.5 deg | rot_err=  4.5 deg
orient:     t=  0.4 s | axis_err=  2.3 deg | rot_err=  2.3 deg

Orientation reached: axis_err=1.9 deg
phase: approach_descend
descend:    t=  0.0 s | distance=   0.1 mm | height= +97.8 mm (target 20.0) | force= -0.0 N
descend:    t=  0.2 s | distance=  20.1 mm | height= +85.9 mm (target 20.0) | force=  0.3 N
descend:    t=  0.4 s | distance=  40.1 mm | height= +69.1 mm (target 20.0) | force=  1.8 N
descend:    t=  0.6 s | distance=  60.2 mm | height= +51.5 mm (target 20.0) | force=  2.1 N
descend:    t=  0.8 s | distance=  80.3 mm | height= +33.7 mm (target 20.0) | force=  1.9 N

[GATE] Reached 20 mm above the plane. Press Enter to start the set-up press (e+Enter stops).
pause auto damping: fitted Dp factor=0.551, DR factor=1.959
pause Dp [xyz]     auto=[ 206.60,  155.28,  224.82]  manual=[ 200.00,  200.00,  200.00] Ns/m
pause DR [t1t2n]   auto=[  11.73,   17.28,    2.04]  manual=[  12.73,   16.36,    4.08] Nms/rad
[GATE] Continuing to the set-up press.
descend:    t=  1.2 s | distance=  96.0 mm | height= +19.5 mm (target 20.0) | force=  0.2 N

Clearance reached: distance=96.0 mm | height=19.5 mm | target=20.0 mm | force=0.2 N (not used for the switch)
offset_ee = [20.0, 60.0, 20.0] mm
p_EE_at_contact = [546.6, -66.0, 65.5] mm
contact_point = [560.3, -126.6, 24.1] mm
edge_offset_base = [13.7, -60.7, -41.4] mm
phase: set_up
set_up Dp [xyz]    auto=[ 237.08,  178.22,  108.08]  manual=[  10.00,   10.00,  175.00] Ns/m
set_up DR [t1t2n]  auto=[   1.41,    2.07,    0.77]  manual=[  10.01,   10.01,   10.00] Nms/rad
set_up:     t=  0.0 s | tip=  0.0 deg | F=  0.0 N | M=  0.0 Nm (limit 150.0) | edge= 19.5 mm
set_up:     t=  0.2 s | tip=  0.5 deg | F=  1.7 N | M=  0.7 Nm (limit 150.0) | edge= 13.9 mm
set_up:     t=  0.4 s | tip=  0.9 deg | F=  2.3 N | M=  0.9 Nm (limit 150.0) | edge=  6.8 mm
set_up:     t=  0.6 s | tip=  1.0 deg | F=  3.3 N | M=  1.4 Nm (limit 150.0) | edge=  3.3 mm
set_up:     t=  0.8 s | tip=  1.4 deg | F=  2.3 N | M=  0.9 Nm (limit 150.0) | edge= 11.5 mm
set_up:     t=  1.0 s | tip=  1.8 deg | F=  9.2 N | M=  4.6 Nm (limit 150.0) | edge= 19.4 mm
set_up:     t=  1.2 s | tip=  1.8 deg | F= 12.1 N | M=  6.8 Nm (limit 150.0) | edge= 19.5 mm
set_up:     t=  1.4 s | tip=  1.8 deg | F= 15.8 N | M=  8.7 Nm (limit 150.0) | edge= 19.6 mm
set_up:     t=  1.6 s | tip=  1.8 deg | F= 19.6 N | M= 11.0 Nm (limit 150.0) | edge= 19.8 mm
set_up:     t=  1.8 s | tip=  1.9 deg | F= 23.6 N | M= 13.3 Nm (limit 150.0) | edge= 19.9 mm
set_up:     t=  2.0 s | tip=  1.9 deg | F= 27.5 N | M= 15.3 Nm (limit 150.0) | edge= 20.1 mm
set_up:     t=  2.2 s | tip=  1.9 deg | F= 31.3 N | M= 17.3 Nm (limit 150.0) | edge= 20.3 mm
set_up:     t=  2.4 s | tip=  2.0 deg | F= 34.9 N | M= 19.2 Nm (limit 150.0) | edge= 20.5 mm
set_up:     t=  2.6 s | tip=  2.0 deg | F= 38.5 N | M= 21.1 Nm (limit 150.0) | edge= 20.6 mm
set_up:     t=  2.8 s | tip=  2.0 deg | F= 42.4 N | M= 23.1 Nm (limit 150.0) | edge= 20.8 mm
set_up:     t=  3.0 s | tip=  2.1 deg | F= 46.1 N | M= 25.0 Nm (limit 150.0) | edge= 21.0 mm
set_up:     t=  3.2 s | tip=  2.1 deg | F= 49.9 N | M= 26.9 Nm (limit 150.0) | edge= 21.1 mm
set_up:     t=  3.4 s | tip=  2.2 deg | F= 53.6 N | M= 29.1 Nm (limit 150.0) | edge= 21.4 mm
set_up:     t=  3.6 s | tip=  2.2 deg | F= 57.4 N | M= 30.9 Nm (limit 150.0) | edge= 21.6 mm
set_up:     t=  3.8 s | tip=  2.3 deg | F= 61.4 N | M= 32.8 Nm (limit 150.0) | edge= 21.8 mm
set_up:     t=  4.0 s | tip=  2.3 deg | F= 65.4 N | M= 35.0 Nm (limit 150.0) | edge= 21.9 mm
set_up:     t=  4.2 s | tip=  2.4 deg | F= 61.0 N | M= 32.5 Nm (limit 150.0) | edge= 21.9 mm
set_up:     t=  4.4 s | tip=  2.4 deg | F= 60.9 N | M= 32.4 Nm (limit 150.0) | edge= 21.9 mm
set_up:     t=  4.6 s | tip=  2.4 deg | F= 60.9 N | M= 32.3 Nm (limit 150.0) | edge= 21.9 mm
set_up:     t=  4.8 s | tip=  2.4 deg | F= 60.9 N | M= 32.3 Nm (limit 150.0) | edge= 21.9 mm
set_up:     t=  5.0 s | tip=  2.4 deg | F= 60.7 N | M= 32.2 Nm (limit 150.0) | edge= 21.9 mm
set_up:     t=  5.2 s | tip=  2.4 deg | F= 60.9 N | M= 32.3 Nm (limit 150.0) | edge= 21.9 mm
set_up:     t=  5.4 s | tip=  2.4 deg | F= 60.9 N | M= 32.3 Nm (limit 150.0) | edge= 21.9 mm
set_up:     t=  5.6 s | tip=  2.4 deg | F= 60.9 N | M= 32.3 Nm (limit 150.0) | edge= 21.9 mm
set_up:     t=  5.8 s | tip=  2.4 deg | F= 60.9 N | M= 32.3 Nm (limit 150.0) | edge= 21.9 mm
set_up:     t=  6.0 s | tip=  2.4 deg | F= 60.9 N | M= 32.3 Nm (limit 150.0) | edge= 21.9 mm
set_up:     t=  6.2 s | tip=  2.4 deg | F= 60.9 N | M= 32.3 Nm (limit 150.0) | edge= 21.9 mm
set_up:     t=  6.4 s | tip=  2.4 deg | F= 61.0 N | M= 32.4 Nm (limit 150.0) | edge= 21.9 mm
set_up:     t=  6.6 s | tip=  2.4 deg | F= 60.9 N | M= 32.3 Nm (limit 150.0) | edge= 21.9 mm
set_up:     t=  6.8 s | tip=  2.4 deg | F= 60.9 N | M= 32.3 Nm (limit 150.0) | edge= 21.9 mm
set_up:     t=  7.0 s | tip=  2.4 deg | F= 60.9 N | M= 32.3 Nm (limit 150.0) | edge= 21.9 mm
set_up:     t=  7.2 s | tip=  2.4 deg | F= 60.9 N | M= 32.3 Nm (limit 150.0) | edge= 21.9 mm
set_up:     t=  7.4 s | tip=  2.4 deg | F= 60.9 N | M= 32.3 Nm (limit 150.0) | edge= 21.9 mm
set_up:     t=  7.6 s | tip=  2.4 deg | F= 60.8 N | M= 32.3 Nm (limit 150.0) | edge= 21.9 mm
set_up:     t=  7.8 s | tip=  2.4 deg | F= 60.8 N | M= 32.3 Nm (limit 150.0) | edge= 21.9 mm
set_up:     t=  8.0 s | tip=  2.4 deg | F= 60.9 N | M= 32.3 Nm (limit 150.0) | edge= 21.9 mm
set_up:     t=  8.2 s | tip=  2.4 deg | F= 60.8 N | M= 32.3 Nm (limit 150.0) | edge= 21.9 mm
set_up:     t=  8.4 s | tip=  2.4 deg | F= 60.9 N | M= 32.3 Nm (limit 150.0) | edge= 21.9 mm
set_up:     t=  8.6 s | tip=  2.4 deg | F= 60.9 N | M= 32.3 Nm (limit 150.0) | edge= 21.9 mm
set_up:     t=  8.8 s | tip=  2.4 deg | F= 60.9 N | M= 32.3 Nm (limit 150.0) | edge= 21.9 mm
set_up:     t=  9.0 s | tip=  2.4 deg | F= 60.9 N | M= 32.3 Nm (limit 150.0) | edge= 21.9 mm
set_up:     t=  9.2 s | tip=  2.4 deg | F= 60.8 N | M= 32.3 Nm (limit 150.0) | edge= 21.9 mm
set_up:     t=  9.4 s | tip=  2.4 deg | F= 60.8 N | M= 32.3 Nm (limit 150.0) | edge= 21.9 mm
set_up:     t=  9.6 s | tip=  2.4 deg | F= 60.8 N | M= 32.3 Nm (limit 150.0) | edge= 21.9 mm
set_up:     t=  9.8 s | tip=  2.4 deg | F= 60.9 N | M= 32.3 Nm (limit 150.0) | edge= 21.9 mm
set_up:     t= 10.0 s | tip=  2.4 deg | F= 60.7 N | M= 32.2 Nm (limit 150.0) | edge= 21.9 mm
set_up:     t= 10.2 s | tip=  2.4 deg | F= 60.8 N | M= 32.2 Nm (limit 150.0) | edge= 21.9 mm
set_up:     t= 10.4 s | tip=  2.4 deg | F= 60.8 N | M= 32.3 Nm (limit 150.0) | edge= 21.9 mm
set_up:     t= 10.6 s | tip=  2.4 deg | F= 60.7 N | M= 32.3 Nm (limit 150.0) | edge= 21.9 mm
set_up:     t= 10.8 s | tip=  2.4 deg | F= 60.7 N | M= 32.3 Nm (limit 150.0) | edge= 21.9 mm
set_up:     t= 11.0 s | tip=  2.4 deg | F= 60.8 N | M= 32.3 Nm (limit 150.0) | edge= 21.9 mm
set_up:     t= 11.2 s | tip=  2.4 deg | F= 60.7 N | M= 32.3 Nm (limit 150.0) | edge= 21.9 mm
set_up:     t= 11.4 s | tip=  2.4 deg | F= 60.7 N | M= 32.2 Nm (limit 150.0) | edge= 21.9 mm
set_up:     t= 11.6 s | tip=  2.4 deg | F= 60.7 N | M= 32.2 Nm (limit 150.0) | edge= 21.9 mm
set_up:     t= 11.8 s | tip=  2.4 deg | F= 60.7 N | M= 32.2 Nm (limit 150.0) | edge= 21.9 mm

=== Set-up result ===
stop: time | t=12.0 s | tip=2.4 deg | F=60.7 N | M=32.2 Nm
edge_from_contact = [-5.2, +0.4, -21.3] mm | norm=21.9 mm
tcp_from_contact  = [-19.4, +61.2, +1.2] mm | norm=64.2 mm
alignment: before=0.48 deg | after=2.59 deg | gain=-2.11 deg

=== Set-up surface-frame breakdown ===
frame: alignment-target [tangent1, tangent2, normal]
force        [N]      = [   -15.12,     -0.81,    -58.76]
tcp_disp     [mm]     = [    -2.11,     +0.52,    -40.49]
edge_disp    [mm]     = [    -3.32,     +0.43,    -21.68]
Kp_eff=F/tcp [N/m]    = [   7168.7,   -1557.2,    1451.3]
moment@edge  [Nm]     = [    +3.55,    +30.12,     -1.19]
tip_angle    [deg]    = [    -0.01,     -2.36,     +0.33]
KR_eff=M/ang [Nm/rad] = [      n/a,    -730.5,    -204.6]

finite_axis: angle=2.4 deg | axis_from_edge=[-507.7, +12.0, +113.1] mm | dir=[-0.008, +0.990, -0.140] | pitch=+82.5 mm/rad

=== Coupled stiffness from the measured pole ===
source spring K_pole/D_pole (diagonal, from parameters):
  Kp [N/m]     = [2000, 2000, 350]
  KR [Nm/rad]  = [5, 5, 50]
  Dp [Ns/m]    = [10, 10, 175]
  DR [Nms/rad] = [10.01, 10.01, 10]

poles compared (lever r_c = TCP - pole):
  (A) measured axis : angle=2.4 deg | pitch=+82.5 mm/rad
      pole_from_edge = [-502.5, 14.9, 134.0] mm
      r_c            = [488.3, 45.8, -111.4] mm
  (B) manual pole   : COMMANDED this run, contact reference
      pole_from_edge = [5.2, -0.4, 21.3] mm
      r_c            = [-13.7, 60.7, 41.4] mm
      r_c(B)-r_c(A)  = [-502.1, 14.8, 152.8] mm

K_TCP = Ad^T K_pole Ad  [rows fx..mz | cols tx..rz]:
  (A) measured axis:
           tx        ty        tz    |    rx        ry        rz
  fx [    2000        0        0 |        0    222.9    91.63 ]
  fy [       0     2000        0 |   -222.9        0   -976.7 ]
  fz [       0        0      350 |   -16.04    170.9        0 ]
     ---------------------------+---------------------------
  mx [       0   -222.9   -16.04 |    30.91   -7.831    112.7 ]
  my [   222.9        0    170.9 |   -7.831    113.3    10.21 ]
  mz [   91.63   -976.7        0 |    112.7    10.21    530.8 ]
  (A) K_TCP eigenvalues = [3.982, 4.976, 39.94, 433.8, 2026, 2516] -> PSD ok (>=0) (min=3.982)
  (B) manual pole:
           tx        ty        tz    |    rx        ry        rz
  fx [    2000        0        0 |        0   -82.77    121.3 ]
  fy [       0     2000        0 |    82.77        0    27.46 ]
  fz [       0        0      350 |   -21.23   -4.806        0 ]
     ---------------------------+---------------------------
  mx [       0    82.77   -21.23 |    10.06   0.2915    5.044 ]
  my [  -82.77        0   -4.806 |   0.2915    8.492   -5.021 ]
  mz [   121.3    27.46        0 |    5.044   -5.021     57.4 ]
  (B) K_TCP eigenvalues = [4.972, 4.992, 49.8, 351.4, 2003, 2011] -> PSD ok (>=0) (min=4.972)

D_TCP = Ad^T D_pole Ad:
  (A) measured axis:
           tx        ty        tz    |    rx        ry        rz
  fx [   237.1        0        0 |        0    26.42    10.86 ]
  fy [       0    178.2        0 |   -19.86        0   -87.03 ]
  fz [       0        0    108.1 |   -4.952    52.78        0 ]
     ---------------------------+---------------------------
  mx [       0   -19.86   -4.952 |    3.846   -2.418    9.643 ]
  my [   26.42        0    52.78 |   -2.418    30.79     1.21 ]
  mz [   10.86   -87.03        0 |    9.643     1.21    43.78 ]
  (A) D_TCP eigenvalues = [0.6198, 1.4, 1.657, 133.7, 222, 242.3] -> PSD ok (>=0) (min=0.6198)
  (B) manual pole:
           tx        ty        tz    |    rx        ry        rz
  fx [   237.1        0        0 |        0   -9.812    14.38 ]
  fy [       0    178.2        0 |    7.376        0    2.447 ]
  fz [       0        0    108.1 |   -6.556   -1.484        0 ]
     ---------------------------+---------------------------
  mx [       0    7.376   -6.556 |    2.109  0.09002  0.04607 ]
  my [  -9.812        0   -1.484 |  0.09002      2.5  -0.5952 ]
  mz [   14.38    2.447        0 |  0.04607  -0.5952    1.686 ]
  (B) D_TCP eigenvalues = [0.7718, 1.403, 2.07, 108.5, 178.6, 238.4] -> PSD ok (>=0) (min=0.7718)
phase: grind

Stop requested with e + Enter. Finishing control loop...

Joint motion [deg]:
joint    start   final   delta
------------------------------
q1       -2.8    -5.0    -2.3
q2       18.1    32.3    14.2
q3       -5.1     0.4     5.6
q4     -122.8  -121.9     0.9
q5       17.5    -2.2   -19.8
q6      139.5   146.2     6.7
q7       26.8    44.9    18.1

=== Final result ===
p_d = [529.2, -37.7, -133.3] mm
p_EE = [535.8, -44.1, 25.5] mm
e_p = [-6.7, 6.3, -158.7] mm
position_error = 158.99 mm
e_R = [0.80, -2.91, -0.01] deg
rotation_error = 3.02 deg
csv: surface_grinding_controller_log.csv
