
Press Enter to recover and configure the robot.
Robot recovered or already ready.
Collision: custom thresholds.

=== Startup mode ===
  s = go to q_init, then run the phase sequence
  h = go to q_init, then hold that pose
  g = guiding mode: go to q_init, then hand-guide to your pose;
      use s+Enter for sequence or h+Enter for hold
  q = go to q_init, inspect the posture, then choose again
  o = open the Franka hand now (release/load tool), then choose again
  c = close/grasp the tool now, then choose again
Choice [s/h/g/q/o/c]: Moving to q_init...
q_init reached.
Selected: phase sequence. Nullspace mode from parameters: nullspace_damping_only.

=== Setup ===
run: phase sequence | approach_orient: on | nullspace: nullspace_damping_only
nullspace parameters: d_null=2.000 | k_sigma=1.000 Nm (inactive) | alpha=0.0800 rad
hold: Kp=300.0 N/m | KR=40.0 Nm/rad | damping=auto translation+rotation (factor fitted online toward Dp=50.0 Ns/m)
manual_guidance_start: off | manual_damping=0.50
descend: clearance=20.0 mm | speed=0.100 m/s | max_distance=640 mm
alignment push: start=captured | end=+60 mm | speed=0.050 m/s | ramp_time~=1.6 s | timeout=5.0 s | moment_threshold=150.0 Nm
grind: free-slide hold | axis=tangent2 | amplitude=30 mm | frequency=0.20 Hz
set-up translation: frame=surface [t1,t2,n] | Kp=[2000.0, 2000.0, 360.0] N/m
coupled stiffness: apply=off | pole=commanded
gates: pause_before_set_up=on | pause_auto_damping=on | pause_before_grind=off | debug_period=0.20 s
surface-plane normal=[+0.017, +0.028, +0.999] | tilt a(x)=-1.6 deg, b(y)=1.0 deg (from angles)
tool-axis command offset: tangent1=+0.0 deg | tangent2=+0.0 deg
tool face: 40 x 120 mm | center offset EE=[+0.0, +0.0, +20.0] mm
Gripper already holding the tool (width 65.0 mm); keeping grasp.
Press e+Enter to stop the controller before the duration expires.
During hold: press g+Enter to hand-guide the tool, then p+Enter to recapture and resume hold.
experiment_duration <= 0: running indefinitely until e + Enter.

=== Start pose ===
q_start = [-0.9, 10.0, -1.1, -130.3, 0.0, 145.2, 42.7] deg
p_start = [550.5, -19.5, 185.3] mm

=== Run ===
phase: approach_orient
orient:     t=  0.0 s | axis_err=  5.7 deg | rot_err=  5.7 deg
approach Dp        auto=[ 127.10,  105.71,  125.80]  manual=[  20.00,   20.00,   20.00] Ns/m
approach DR        auto=[  13.61,   15.17,    2.22]  manual=[  12.00,   12.00,   12.00] Nms/rad
orient:     t=  0.2 s | axis_err=  2.9 deg | rot_err=  2.9 deg
orient:     t=  0.4 s | axis_err=  2.0 deg | rot_err=  2.0 deg

Orientation reached: axis_err=1.9 deg
phase: approach_descend
descend:    t=  0.0 s | distance=   0.1 mm | height=+157.1 mm (target 20.0) | force= -0.0 N
descend:    t=  0.2 s | distance=  20.1 mm | height=+145.1 mm (target 20.0) | force=  2.2 N
descend:    t=  0.4 s | distance=  40.1 mm | height=+128.4 mm (target 20.0) | force=  1.3 N
descend:    t=  0.6 s | distance=  60.2 mm | height=+110.9 mm (target 20.0) | force=  2.3 N
descend:    t=  0.8 s | distance=  80.3 mm | height= +92.8 mm (target 20.0) | force=  0.9 N
descend:    t=  1.0 s | distance= 100.4 mm | height= +74.6 mm (target 20.0) | force=  2.0 N
descend:    t=  1.2 s | distance= 120.5 mm | height= +56.2 mm (target 20.0) | force=  2.5 N
descend:    t=  1.4 s | distance= 140.6 mm | height= +38.0 mm (target 20.0) | force=  2.7 N

[GATE] Reached 20 mm above the plane. Press Enter to start the set-up press (e+Enter stops).
pause auto damping: fitted Dp factor=0.548, DR factor=2.006
pause Dp [xyz]     auto=[ 199.26,  147.65,  233.70]  manual=[ 200.00,  200.00,  200.00] Ns/m
pause DR [t1t2n]   auto=[  14.32,   14.48,    2.10]  manual=[  13.61,   15.17,    2.22] Nms/rad
[GATE] Continuing to the set-up press.
descend:    t=  2.4 s | distance= 160.3 mm | height= +19.2 mm (target 20.0) | force=  0.5 N

Clearance reached: distance=160.3 mm | height=19.2 mm | target=20.0 mm | force=0.5 N (not used for the switch)
offset_ee = [-20.0, 60.0, 20.0] mm
p_EE_at_contact = [531.7, -22.0, 40.8] mm
contact_point = [511.4, -82.8, 2.5] mm
edge_offset_base = [-20.3, -60.8, -38.3] mm
phase: set_up
set_up Dp [t1t2n]  auto=[ 216.44,  188.90,  114.01]  manual=[  50.00,   50.00,   25.00] Ns/m
set_up DR [t1t2n]  auto=[   1.69,    1.70,    0.78]  manual=[  10.01,   10.01,   10.00] Nms/rad
set_up:     t=  0.0 s | tip=  0.0 deg | F=  0.0 N | M=  0.0 Nm (limit 150.0) | edge= 19.2 mm
set_up:     t=  0.2 s | tip=  0.5 deg | F=  1.7 N | M=  0.7 Nm (limit 150.0) | edge= 14.1 mm
set_up:     t=  0.4 s | tip=  1.0 deg | F=  1.8 N | M=  0.8 Nm (limit 150.0) | edge=  7.0 mm
set_up:     t=  0.6 s | tip=  1.4 deg | F= 13.5 N | M=  7.0 Nm (limit 150.0) | edge=  1.9 mm
set_up:     t=  0.8 s | tip=  1.4 deg | F= 13.2 N | M=  6.9 Nm (limit 150.0) | edge=  1.9 mm
set_up:     t=  1.0 s | tip=  1.4 deg | F= 16.8 N | M=  8.8 Nm (limit 150.0) | edge=  1.9 mm
set_up:     t=  1.2 s | tip=  1.4 deg | F= 20.0 N | M= 10.6 Nm (limit 150.0) | edge=  1.9 mm
set_up:     t=  1.4 s | tip=  1.4 deg | F= 23.9 N | M= 12.6 Nm (limit 150.0) | edge=  2.0 mm
set_up:     t=  1.6 s | tip=  1.4 deg | F= 27.8 N | M= 14.7 Nm (limit 150.0) | edge=  2.0 mm
set_up:     t=  1.8 s | tip=  1.4 deg | F= 24.3 N | M= 12.9 Nm (limit 150.0) | edge=  2.0 mm
set_up:     t=  2.0 s | tip=  1.4 deg | F= 24.2 N | M= 12.9 Nm (limit 150.0) | edge=  2.0 mm
set_up:     t=  2.2 s | tip=  1.4 deg | F= 24.2 N | M= 12.8 Nm (limit 150.0) | edge=  1.9 mm
set_up:     t=  2.4 s | tip=  1.4 deg | F= 24.2 N | M= 12.8 Nm (limit 150.0) | edge=  2.0 mm
set_up:     t=  2.6 s | tip=  1.4 deg | F= 24.1 N | M= 12.8 Nm (limit 150.0) | edge=  2.0 mm
set_up:     t=  2.8 s | tip=  1.4 deg | F= 24.1 N | M= 12.8 Nm (limit 150.0) | edge=  2.0 mm
set_up:     t=  3.0 s | tip=  1.4 deg | F= 24.2 N | M= 12.8 Nm (limit 150.0) | edge=  2.0 mm
set_up:     t=  3.2 s | tip=  1.4 deg | F= 24.1 N | M= 12.8 Nm (limit 150.0) | edge=  2.0 mm
set_up:     t=  3.4 s | tip=  1.4 deg | F= 24.0 N | M= 12.7 Nm (limit 150.0) | edge=  2.0 mm
set_up:     t=  3.6 s | tip=  1.4 deg | F= 24.0 N | M= 12.7 Nm (limit 150.0) | edge=  2.0 mm
set_up:     t=  3.8 s | tip=  1.4 deg | F= 24.0 N | M= 12.8 Nm (limit 150.0) | edge=  2.0 mm
set_up:     t=  4.0 s | tip=  1.4 deg | F= 24.0 N | M= 12.7 Nm (limit 150.0) | edge=  2.0 mm
set_up:     t=  4.2 s | tip=  1.4 deg | F= 23.9 N | M= 12.7 Nm (limit 150.0) | edge=  2.0 mm
set_up:     t=  4.4 s | tip=  1.4 deg | F= 23.8 N | M= 12.6 Nm (limit 150.0) | edge=  2.0 mm
set_up:     t=  4.6 s | tip=  1.4 deg | F= 24.0 N | M= 12.7 Nm (limit 150.0) | edge=  2.0 mm
set_up:     t=  4.8 s | tip=  1.4 deg | F= 23.9 N | M= 12.7 Nm (limit 150.0) | edge=  2.0 mm

=== Set-up result ===
stop: time | t=5.0 s | tip=1.4 deg | F=23.9 N | M=12.7 Nm
edge_from_contact = [-1.9, +0.4, +0.1] mm | norm=2.0 mm
tcp_from_contact  = [+18.6, +60.6, +18.8] mm | norm=66.1 mm
alignment: before=0.99 deg | after=1.81 deg | gain=-0.82 deg
alignment components [t1,t2,n] deg: before=[+0.93,-0.34,+0.00] | after=[+1.55,+0.94,+0.00]

=== Set-up surface-frame breakdown ===
frame: alignment-target [tangent1, tangent2, normal]
force        [N]      = [    -3.42,     +1.52,    -23.63]
tcp_disp     [mm]     = [    +1.12,     -0.92,    -19.55]
edge_disp    [mm]     = [    +1.58,     -1.14,     +0.12]
Kp_eff=F/tcp [N/m]    = [  -3059.0,   -1652.1,    1208.7]
moment@edge  [Nm]     = [    -4.68,    -12.43,     -0.28]
tip_angle    [deg]    = [    +0.62,     +1.28,     -0.01]
KR_eff=M/ang [Nm/rad] = [   -431.9,    -557.4,       n/a]

=== Commanded centre of compliance ===
lever convention: r_c = p_TCP - p_c
parameterization: legacy base-frame pole-from-edge
  r_c base = [60.3, -19.2, 38.3] mm
  r_c [t1,t2,n] = [-45.5, 43.6, 38.8] mm
  pole_from_edge = [-40.0, 80.0, 0.0] mm

K_TCP = Ad^T K_pole Ad  [rows fx..mz | cols tx..rz]:
  commanded:
           tx        ty        tz    |    rx        ry        rz
  fx [    2000  -0.7824   -28.27 |  -0.5722   -78.34   -38.31 ]
  fy [ -0.7824     1999   -45.34 |    75.73   -2.705   -120.5 ]
  fz [  -28.27   -45.34    361.7 |    5.201     22.9    3.277 ]
     ---------------------------+---------------------------
  mx [ -0.5722    75.73    5.201 |    8.016   0.3571   -3.781 ]
  my [  -78.34   -2.705     22.9 |   0.3571    9.418     2.91 ]
  mz [  -38.31   -120.5    3.277 |   -3.781     2.91    57.96 ]
  K_TCP eigenvalues = [4.972, 4.992, 49.8, 361.4, 2003, 2011] -> PSD ok (>=0) (min=4.972)

D_TCP = Ad^T D_pole Ad:
  commanded:
           tx        ty        tz    |    rx        ry        rz
  fx [   211.5    10.51   -1.973 |   0.3651   -8.224    -4.69 ]
  fy [   10.51    193.8   -2.389 |     7.38   -0.547   -11.89 ]
  fz [  -1.973   -2.389    114.1 |    2.097    6.958   0.1819 ]
     ---------------------------+---------------------------
  mx [  0.3651     7.38    2.097 |     2.01   0.1071  -0.4676 ]
  my [  -8.224   -0.547    6.958 |   0.1071     2.43   0.1655 ]
  mz [   -4.69   -11.89   0.1819 |  -0.4676   0.1655    1.588 ]
  D_TCP eigenvalues = [0.7774, 1.678, 1.693, 114.5, 189.6, 217.2] -> PSD ok (>=0) (min=0.7774)
phase: grind

Stop requested with e + Enter. Finishing control loop...

Joint motion [deg]:
joint    start   final   delta
------------------------------
q1       -0.9    -0.9     0.0
q2       10.0    30.9    20.9
q3       -1.1    -1.3    -0.2
q4     -130.3  -127.7     2.6
q5        0.0     0.1     0.1
q6      145.2   156.4    11.2
q7       42.7    42.7    -0.0

=== Final result ===
p_d = [528.3, -23.8, -38.3] mm
p_EE = [529.9, -22.2, 21.3] mm
e_p = [-1.5, -1.6, -59.6] mm
position_error = 59.62 mm
e_R = [-0.02, -1.43, 0.03] deg
rotation_error = 1.43 deg
csv: surface_grinding_controller_log.csv
