
Press Enter to recover and configure the robot.
Robot recovered or already ready.
keys: e stop | m menu | g hand-guide

=== Startup mode ===
  s = run the phase sequence from q_init
  h = hold the q_init pose
  t = hold with the set-up impedance
  g = hand-guide the start pose
  q = go to q_init and inspect
  o = open the hand now
  c = grasp the tool now
  r = recalibrate hand width, fingers empty
  f = fetch the tool from the holder
  b = put the tool back
  e = stop and quit
While a run is going: e+Enter stops, m+Enter comes back here.
Choice [s/h/t/g/q/o/c/r/f/b/e]: 
=== Phase sequence mode ===
Moving to q_init (horizontal_table_search)
  q1..q7 [deg] = [0.8, 12.1, -0.5, -130.9, -0.2, 142.9, 44.7] deg
  horizontal_table_search = [0.014777, 0.210911, -0.009320, -2.284835, -0.002725, 2.493410, 0.780694] rad
q_init reached.

=== Start pose ===
q_start = [0.8, 12.1, -0.5, -130.9, -0.1, 142.9, 44.7] deg
p_start = [531.0, 2.6, 156.6] mm

=== Run ===
phase: approach_orient
  Kp=[150, 150, 150] N/m  KR=[90, 90, 90] Nm/rad  [t1,t2,n]
  Dp=[126.5, 103.6, 128.3] Ns/m  DR=[13.46, 15.79, 2.02] Nms/rad  auto (factor 1.90)
orient:     t=  0.0 s | axis_err= 11.1 deg | spin_err= 24.2 deg
orient:     t=  0.2 s | axis_err= 11.1 deg | spin_err= 21.2 deg
orient:     t=  0.4 s | axis_err= 10.2 deg | spin_err= 17.5 deg
orient:     t=  0.6 s | axis_err=  8.6 deg | spin_err= 14.0 deg
orient:     t=  0.8 s | axis_err=  7.0 deg | spin_err= 10.5 deg
orient:     t=  1.0 s | axis_err=  5.4 deg | spin_err=  6.8 deg
orient:     t=  1.2 s | axis_err=  3.8 deg | spin_err=  3.1 deg
orient:     t=  1.4 s | axis_err=  2.4 deg | spin_err=  0.1 deg
orient:     t=  1.6 s | axis_err=  2.2 deg | spin_err=  0.1 deg
orient:     t=  1.8 s | axis_err=  2.2 deg | spin_err=  0.1 deg
orient:     t=  2.0 s | axis_err=  2.2 deg | spin_err=  0.1 deg
orient:     t=  2.2 s | axis_err=  2.2 deg | spin_err=  0.1 deg
orient:     t=  2.4 s | axis_err=  2.2 deg | spin_err=  0.1 deg
orient:     t=  2.6 s | axis_err=  2.2 deg | spin_err=  0.1 deg
orient:     t=  2.8 s | axis_err=  2.2 deg | spin_err=  0.2 deg
orient:     t=  3.0 s | axis_err=  2.2 deg | spin_err=  0.2 deg
orient:     t=  3.2 s | axis_err=  2.2 deg | spin_err=  0.2 deg
orient:     t=  3.4 s | axis_err=  2.2 deg | spin_err=  0.2 deg
orient:     t=  3.6 s | axis_err=  2.2 deg | spin_err=  0.2 deg
orient:     t=  3.8 s | axis_err=  2.2 deg | spin_err=  0.2 deg
orient:     t=  4.0 s | axis_err=  2.2 deg | spin_err=  0.2 deg
orient:     t=  4.2 s | axis_err=  2.2 deg | spin_err=  0.2 deg
orient:     t=  4.4 s | axis_err=  2.2 deg | spin_err=  0.2 deg
orient:     t=  4.6 s | axis_err=  2.2 deg | spin_err=  0.2 deg
orient:     t=  4.8 s | axis_err=  2.2 deg | spin_err=  0.2 deg

Orientation settled short of the 2.0 deg gate after 5.0 s: axis_err=2.2 deg | spin_err=0.2 deg
phase: approach_descend
  Kp=[150, 150, 150] N/m  KR=[90, 90, 90] Nm/rad  [t1,t2,n]
  Dp=[126.5, 103.6, 128.3] Ns/m  DR=[13.46, 15.79, 2.02] Nms/rad  auto (factor 1.90)
  descend to 20 mm clearance at 0.100 m/s
descend:    t=  0.0 s | distance=   0.1 mm | height=+132.0 mm (target 20.0) | force=  0.0 N
descend:    t=  0.2 s | distance=  20.1 mm | height=+121.8 mm (target 20.0) | force=  0.8 N
descend:    t=  0.4 s | distance=  40.1 mm | height=+106.0 mm (target 20.0) | force=  0.6 N
descend:    t=  0.6 s | distance=  60.1 mm | height= +88.9 mm (target 20.0) | force=  1.3 N
descend:    t=  0.8 s | distance=  80.1 mm | height= +72.0 mm (target 20.0) | force=  1.2 N
descend:    t=  1.0 s | distance= 100.1 mm | height= +54.7 mm (target 20.0) | force=  1.7 N
descend:    t=  1.2 s | distance= 120.1 mm | height= +37.6 mm (target 20.0) | force=  0.3 N
descend:    t=  1.4 s | distance= 140.1 mm | height= +20.6 mm (target 20.0) | force=  1.8 N

[GATE] Reached 20 mm above the plane. Press Enter to start the set-up press (e+Enter stops).
  gate hold: Kp=[5000, 5000, 5000] N/m [x,y,z]  KR=[90, 90, 90] Nm/rad [t1,t2,n]
             Dp=[206.6, 150.7, 243.3] Ns/m  DR=[11.11, 14.31, 2.42] Nms/rad  auto
[GATE] Continuing to the set-up press.
descend:    t=  4.6 s | distance= 140.8 mm | height= +19.4 mm (target 20.0) | force= -0.6 N

Clearance reached: distance=140.8 mm | height=19.4 mm | target=20.0 mm | force=-0.6 N (not used for the switch)
offset_ee = [-20.0, -60.0, 20.0] mm
p_EE_at_contact = [530.2, -7.7, 46.8] mm
contact_point = [487.0, 34.1, -0.3] mm
edge_offset_base = [-43.2, 41.8, -47.1] mm
phase: set_up

--- set-up impedance ---
  f = Kp*e_p + Dp*de,   m = KR*e_R + DR*dw   (decoupled)
  Kp [t1,t2,n]  = [  2000.0,   2000.0,    800.0] N/m
  Dp [t1,t2,n]  = [   223.6,    178.9,    171.0] Ns/m   auto
  KR [t1,t2,n]  = [    15.0,      5.0,     50.0] Nm/rad
  DR [t1,t2,n]  = [     2.5,      1.9,      1.0] Nms/rad   auto
set_up:     t=  0.0 s | tip=  0.0 deg | F=  0.1 N | M=  0.0 Nm (limit 150.0) | edge= 19.4 mm
set_up:     t=  0.2 s | tip=  0.6 deg | F=  1.5 N | M=  1.4 Nm (limit 150.0) | edge= 13.3 mm
set_up:     t=  0.4 s | tip=  1.3 deg | F=  3.6 N | M=  2.1 Nm (limit 150.0) | edge=  5.2 mm
set_up:     t=  0.6 s | tip=  1.3 deg | F= 16.9 N | M=  9.2 Nm (limit 150.0) | edge=  4.1 mm
set_up:     t=  0.8 s | tip=  1.4 deg | F= 23.8 N | M= 12.8 Nm (limit 150.0) | edge=  3.8 mm
set_up:     t=  1.0 s | tip=  1.5 deg | F= 32.6 N | M= 17.3 Nm (limit 150.0) | edge=  3.9 mm
set_up:     t=  1.2 s | tip=  1.6 deg | F= 41.4 N | M= 21.8 Nm (limit 150.0) | edge=  4.1 mm
set_up:     t=  1.4 s | tip=  1.6 deg | F= 48.8 N | M= 25.7 Nm (limit 150.0) | edge=  4.1 mm
set_up:     t=  1.6 s | tip=  1.6 deg | F= 57.1 N | M= 30.0 Nm (limit 150.0) | edge=  4.1 mm
set_up:     t=  1.8 s | tip=  1.6 deg | F= 50.0 N | M= 26.3 Nm (limit 150.0) | edge=  4.1 mm
set_up:     t=  2.0 s | tip=  1.6 deg | F= 49.9 N | M= 26.3 Nm (limit 150.0) | edge=  4.1 mm
set_up:     t=  2.2 s | tip=  1.6 deg | F= 49.7 N | M= 26.2 Nm (limit 150.0) | edge=  4.1 mm
set_up:     t=  2.4 s | tip=  1.6 deg | F= 49.7 N | M= 26.2 Nm (limit 150.0) | edge=  4.1 mm
set_up:     t=  2.6 s | tip=  1.6 deg | F= 49.7 N | M= 26.2 Nm (limit 150.0) | edge=  4.1 mm
set_up:     t=  2.8 s | tip=  1.6 deg | F= 49.6 N | M= 26.1 Nm (limit 150.0) | edge=  4.1 mm
set_up:     t=  3.0 s | tip=  1.6 deg | F= 49.5 N | M= 26.1 Nm (limit 150.0) | edge=  4.1 mm
set_up:     t=  3.2 s | tip=  1.6 deg | F= 49.5 N | M= 26.1 Nm (limit 150.0) | edge=  4.1 mm
set_up:     t=  3.4 s | tip=  1.6 deg | F= 49.6 N | M= 26.1 Nm (limit 150.0) | edge=  4.1 mm
set_up:     t=  3.6 s | tip=  1.6 deg | F= 49.4 N | M= 26.1 Nm (limit 150.0) | edge=  4.1 mm
set_up:     t=  3.8 s | tip=  1.6 deg | F= 49.5 N | M= 26.1 Nm (limit 150.0) | edge=  4.1 mm
set_up:     t=  4.0 s | tip=  1.6 deg | F= 49.7 N | M= 26.2 Nm (limit 150.0) | edge=  4.1 mm
set_up:     t=  4.2 s | tip=  1.6 deg | F= 49.5 N | M= 26.1 Nm (limit 150.0) | edge=  4.1 mm
set_up:     t=  4.4 s | tip=  1.6 deg | F= 49.6 N | M= 26.1 Nm (limit 150.0) | edge=  4.1 mm
set_up:     t=  4.6 s | tip=  1.6 deg | F= 49.5 N | M= 26.1 Nm (limit 150.0) | edge=  4.1 mm
set_up:     t=  4.8 s | tip=  1.6 deg | F= 49.6 N | M= 26.1 Nm (limit 150.0) | edge=  4.1 mm

=== Set-up result ===
stop: time | t=5.0 s | tip=1.6 deg | F=49.8 N | M=26.2 Nm
edge_from_contact = [-3.8, -0.9, +1.1] mm | norm=4.1 mm
tcp_from_contact  = [+39.9, -43.3, +27.5] mm | norm=65.0 mm
alignment: before=7.03 deg | after=6.50 deg | gain=+0.53 deg
alignment components [t1,t2,n] deg: before=[-7.03,+0.15,-0.00] | after=[-6.30,+1.57,+0.00]

=== Set-up surface-frame breakdown ===
frame: alignment-target [tangent1, tangent2, normal]
force        [N]      = [    -7.15,     +0.32,    -49.26]
tcp_disp     [mm]     = [    +3.14,     -0.43,    -19.66]
edge_disp    [mm]     = [    +3.86,     -0.74,     +1.00]
Kp_eff=F/tcp [N/m]    = [  -2279.5,    -755.5,    2506.0]
moment@edge  [Nm]     = [   -14.15,    -24.84,     +1.51]
tip_angle    [deg]    = [    +0.72,     +1.44,     -0.06]
KR_eff=M/ang [Nm/rad] = [  -1120.8,    -990.0,   -1486.6]

[GATE] Set up finished (holding the pressed pose). Press Enter to start the grind (e+Enter stops).

Stop requested with e + Enter. Finishing control loop...

Joint motion [deg]:
joint    start   final   delta
------------------------------
q1        0.8     2.1     1.2
q2       12.1    29.4    17.3
q3       -0.5    -2.8    -2.3
q4     -130.9  -129.8     1.1
q5       -0.1   -18.0   -17.9
q6      142.9   158.9    16.0
q7       44.7    35.9    -8.8

=== Final result ===
p_d = [528.8, -9.9, -32.6] mm
p_EE = [526.8, -9.2, 27.2] mm
e_p = [2.0, -0.7, -59.8] mm
position_error = 59.83 mm
e_R = [-0.05, -1.61, -0.01] deg
rotation_error = 1.61 deg
csv: logs/surface_grinding_controller_log.csv
