
Press Enter to recover and configure the robot.
Robot recovered or already ready.
Collision: custom thresholds.

=== Startup choice ===
  q = go to q_init (from params/common.txt), then choose again
  g = guiding mode: go to q_init, then hand-guide to your pose;
      use s+Enter for sequence or h+Enter for hold
  o = open the Franka hand now (release/load tool), then choose again
  c = close/grasp the tool now, then choose again
  r = continue to run mode (available after q_init is reached)
Choice [q/g/o/c/r, Enter = q]: Opening gripper to 80.0 mm...
Gripper opened.

=== Startup choice ===
  q = go to q_init (from params/common.txt), then choose again
  g = guiding mode: go to q_init, then hand-guide to your pose;
      use s+Enter for sequence or h+Enter for hold
  o = open the Franka hand now (release/load tool), then choose again
  c = close/grasp the tool now, then choose again
  r = continue to run mode (available after q_init is reached)
Choice [q/g/o/c/r, Enter = q]: Grasping tool: width 70.0 mm, force 60.0 N...
Gripper closed on the tool.

=== Startup choice ===
  q = go to q_init (from params/common.txt), then choose again
  g = guiding mode: go to q_init, then hand-guide to your pose;
      use s+Enter for sequence or h+Enter for hold
  o = open the Franka hand now (release/load tool), then choose again
  c = close/grasp the tool now, then choose again
  r = continue to run mode (available after q_init is reached)
Choice [q/g/o/c/r, Enter = q]: Grasping tool: width 70.0 mm, force 60.0 N...
Gripper grasp returned false (tool not held within tolerance).

=== Startup choice ===
  q = go to q_init (from params/common.txt), then choose again
  g = guiding mode: go to q_init, then hand-guide to your pose;
      use s+Enter for sequence or h+Enter for hold
  o = open the Franka hand now (release/load tool), then choose again
  c = close/grasp the tool now, then choose again
  r = continue to run mode (available after q_init is reached)
Choice [q/g/o/c/r, Enter = q]: Unknown startup choice 'cc'; choose q, g, o, c, or r.

=== Startup choice ===
  q = go to q_init (from params/common.txt), then choose again
  g = guiding mode: go to q_init, then hand-guide to your pose;
      use s+Enter for sequence or h+Enter for hold
  o = open the Franka hand now (release/load tool), then choose again
  c = close/grasp the tool now, then choose again
  r = continue to run mode (available after q_init is reached)
Choice [q/g/o/c/r, Enter = q]: Grasping tool: width 70.0 mm, force 60.0 N...
Gripper grasp returned false (tool not held within tolerance).

=== Startup choice ===
  q = go to q_init (from params/common.txt), then choose again
  g = guiding mode: go to q_init, then hand-guide to your pose;
      use s+Enter for sequence or h+Enter for hold
  o = open the Franka hand now (release/load tool), then choose again
  c = close/grasp the tool now, then choose again
  r = continue to run mode (available after q_init is reached)
Choice [q/g/o/c/r, Enter = q]: Grasping tool: width 70.0 mm, force 60.0 N...
Gripper grasp returned false (tool not held within tolerance).

=== Startup choice ===
  q = go to q_init (from params/common.txt), then choose again
  g = guiding mode: go to q_init, then hand-guide to your pose;
      use s+Enter for sequence or h+Enter for hold
  o = open the Franka hand now (release/load tool), then choose again
  c = close/grasp the tool now, then choose again
  r = continue to run mode (available after q_init is reached)
Choice [q/g/o/c/r, Enter = q]: Grasping tool: width 70.0 mm, force 60.0 N...
Gripper grasp returned false (tool not held within tolerance).

=== Startup choice ===
  q = go to q_init (from params/common.txt), then choose again
  g = guiding mode: go to q_init, then hand-guide to your pose;
      use s+Enter for sequence or h+Enter for hold
  o = open the Franka hand now (release/load tool), then choose again
  c = close/grasp the tool now, then choose again
  r = continue to run mode (available after q_init is reached)
Choice [q/g/o/c/r, Enter = q]: Grasping tool: width 70.0 mm, force 60.0 N...
Gripper grasp returned false (tool not held within tolerance).

=== Startup choice ===
  q = go to q_init (from params/common.txt), then choose again
  g = guiding mode: go to q_init, then hand-guide to your pose;
      use s+Enter for sequence or h+Enter for hold
  o = open the Franka hand now (release/load tool), then choose again
  c = close/grasp the tool now, then choose again
  r = continue to run mode (available after q_init is reached)
Choice [q/g/o/c/r, Enter = q]: Grasping tool: width 70.0 mm, force 60.0 N...
Gripper grasp returned false (tool not held within tolerance).

=== Startup choice ===
  q = go to q_init (from params/common.txt), then choose again
  g = guiding mode: go to q_init, then hand-guide to your pose;
      use s+Enter for sequence or h+Enter for hold
  o = open the Franka hand now (release/load tool), then choose again
  c = close/grasp the tool now, then choose again
  r = continue to run mode (available after q_init is reached)
Choice [q/g/o/c/r, Enter = q]: Grasping tool: width 70.0 mm, force 60.0 N...
Gripper grasp returned false (tool not held within tolerance).

=== Startup choice ===
  q = go to q_init (from params/common.txt), then choose again
  g = guiding mode: go to q_init, then hand-guide to your pose;
      use s+Enter for sequence or h+Enter for hold
  o = open the Franka hand now (release/load tool), then choose again
  c = close/grasp the tool now, then choose again
  r = continue to run mode (available after q_init is reached)
Choice [q/g/o/c/r, Enter = q]: Grasping tool: width 70.0 mm, force 60.0 N...
Gripper grasp returned false (tool not held within tolerance).

=== Startup choice ===
  q = go to q_init (from params/common.txt), then choose again
  g = guiding mode: go to q_init, then hand-guide to your pose;
      use s+Enter for sequence or h+Enter for hold
  o = open the Franka hand now (release/load tool), then choose again
  c = close/grasp the tool now, then choose again
  r = continue to run mode (available after q_init is reached)
Choice [q/g/o/c/r, Enter = q]: Grasping tool: width 70.0 mm, force 60.0 N...
Gripper grasp returned false (tool not held within tolerance).

=== Startup choice ===
  q = go to q_init (from params/common.txt), then choose again
  g = guiding mode: go to q_init, then hand-guide to your pose;
      use s+Enter for sequence or h+Enter for hold
  o = open the Franka hand now (release/load tool), then choose again
  c = close/grasp the tool now, then choose again
  r = continue to run mode (available after q_init is reached)
Choice [q/g/o/c/r, Enter = q]: Grasping tool: width 70.0 mm, force 60.0 N...
Gripper closed on the tool.

=== Startup choice ===
  q = go to q_init (from params/common.txt), then choose again
  g = guiding mode: go to q_init, then hand-guide to your pose;
      use s+Enter for sequence or h+Enter for hold
  o = open the Franka hand now (release/load tool), then choose again
  c = close/grasp the tool now, then choose again
  r = continue to run mode (available after q_init is reached)
Choice [q/g/o/c/r, Enter = q]: Reach q_init with q before continuing.

=== Startup choice ===
  q = go to q_init (from params/common.txt), then choose again
  g = guiding mode: go to q_init, then hand-guide to your pose;
      use s+Enter for sequence or h+Enter for hold
  o = open the Franka hand now (release/load tool), then choose again
  c = close/grasp the tool now, then choose again
  r = continue to run mode (available after q_init is reached)
Choice [q/g/o/c/r, Enter = q]: Moving to q_init...
q_init reached.

=== Startup choice ===
  q = go to q_init (from params/common.txt), then choose again
  g = guiding mode: go to q_init, then hand-guide to your pose;
      use s+Enter for sequence or h+Enter for hold
  o = open the Franka hand now (release/load tool), then choose again
  c = close/grasp the tool now, then choose again
  r = continue to run mode
Choice [q/g/o/c/r, Enter = q]: Moving to q_init...
q_init reached.

=== Startup choice ===
  q = go to q_init (from params/common.txt), then choose again
  g = guiding mode: go to q_init, then hand-guide to your pose;
      use s+Enter for sequence or h+Enter for hold
  o = open the Franka hand now (release/load tool), then choose again
  c = close/grasp the tool now, then choose again
  r = continue to run mode
Choice [q/g/o/c/r, Enter = q]: 
=== Run mode ===
  s = phase sequence (approach / set up / grind)
  h = hold at the start pose
Choice [s/h, Enter = s]: Selected: phase sequence. Nullspace mode from parameters: nullspace_damping_plus_sigma.

=== Setup ===
run: phase sequence | approach_orient: on | nullspace: nullspace_damping_plus_sigma
nullspace parameters: d_null=2.000 | k_sigma=1.000 Nm | alpha=0.0800 rad
hold: Kp=300.0 N/m | KR=40.0 Nm/rad | damping=auto translation+rotation (factor fitted online toward Dp=50.0 Ns/m)
manual_guidance_start: off | manual_damping=0.50
descend: clearance=20.0 mm | speed=0.100 m/s | max_distance=640 mm
alignment push: start=captured | end=+180 mm | speed=0.050 m/s | ramp_time~=4.0 s | timeout=12.0 s | moment_threshold=150.0 Nm
grind: sweep | axis=tangent2 | amplitude=30 mm | frequency=0.20 Hz
coupled stiffness: apply=on | saved=yes | pole=manual
gates: pause_before_set_up=on | pause_auto_damping=on | pause_before_grind=off | debug_period=0.20 s
alignment-target normal=[+0.087, -0.000, +0.996] | tilt a(x)=0.0 deg, b(y)=5.0 deg (from angles)
tool face: 40 x 120 mm | center offset EE=[+0.0, +0.0, +20.0] mm
Press e+Enter to stop the controller before the duration expires.
During hold: press g+Enter to hand-guide the tool, then p+Enter to recapture and resume hold.
experiment_duration <= 0: running indefinitely until e + Enter.

=== Start pose ===
q_start = [-2.7, 18.1, -5.1, -122.8, 17.5, 139.5, 26.8] deg
p_start = [565.1, -59.4, 151.1] mm

=== Run ===
phase: approach_orient
orient:     t=  0.0 s | axis_err= 11.5 deg | rot_err= 11.5 deg
approach Dp        auto=[ 134.14,   97.25,  122.29]  manual=[  20.00,   20.00,   20.00] Ns/m
approach DR        auto=[  12.73,   16.36,    4.08]  manual=[  12.00,   12.00,   12.00] Nms/rad
orient:     t=  0.2 s | axis_err=  4.5 deg | rot_err=  4.5 deg
orient:     t=  0.4 s | axis_err=  2.3 deg | rot_err=  2.3 deg

Orientation reached: axis_err=1.9 deg
phase: approach_descend
descend:    t=  0.0 s | distance=   0.1 mm | height= +98.0 mm (target 20.0) | force=  0.0 N
descend:    t=  0.2 s | distance=  20.1 mm | height= +86.0 mm (target 20.0) | force=  0.5 N
descend:    t=  0.4 s | distance=  40.1 mm | height= +69.1 mm (target 20.0) | force=  1.6 N
descend:    t=  0.6 s | distance=  60.2 mm | height= +51.6 mm (target 20.0) | force=  2.2 N
descend:    t=  0.8 s | distance=  80.3 mm | height= +34.0 mm (target 20.0) | force=  1.4 N

[GATE] Reached 20 mm above the plane. Press Enter to start the set-up press (e+Enter stops).
pause auto damping: fitted Dp factor=0.551, DR factor=1.960
pause Dp [xyz]     auto=[ 206.50,  155.26,  224.92]  manual=[ 200.00,  200.00,  200.00] Ns/m
pause DR [t1t2n]   auto=[  11.74,   17.28,    2.04]  manual=[  12.73,   16.36,    4.08] Nms/rad
[GATE] Continuing to the set-up press.
descend:    t=  1.5 s | distance=  96.4 mm | height= +19.5 mm (target 20.0) | force=  0.8 N

Clearance reached: distance=96.4 mm | height=19.5 mm | target=20.0 mm | force=0.8 N (not used for the switch)
offset_ee = [20.0, 60.0, 20.0] mm
p_EE_at_contact = [545.7, -65.7, 65.5] mm
contact_point = [559.4, -126.4, 24.2] mm
edge_offset_base = [13.8, -60.7, -41.4] mm
phase: set_up
set_up Dp [xyz]    auto=[ 237.01,  178.23,  108.15]  manual=[  10.00,   10.00,  175.00] Ns/m
set_up DR [t1t2n]  auto=[   1.41,    2.07,    0.77]  manual=[  10.01,   10.01,   10.00] Nms/rad
set_up:     t=  0.0 s | tip=  0.0 deg | F=  0.0 N | M=  0.0 Nm (limit 150.0) | edge= 19.5 mm
set_up:     t=  0.2 s | tip=  0.6 deg | F=  1.1 N | M=  0.6 Nm (limit 150.0) | edge= 13.4 mm
set_up:     t=  0.4 s | tip=  1.3 deg | F=  2.1 N | M=  1.0 Nm (limit 150.0) | edge=  7.0 mm
set_up:     t=  0.6 s | tip=  2.0 deg | F=  2.7 N | M=  1.2 Nm (limit 150.0) | edge=  7.3 mm
set_up:     t=  0.8 s | tip=  2.7 deg | F=  2.8 N | M=  1.2 Nm (limit 150.0) | edge= 14.5 mm
set_up:     t=  1.0 s | tip=  3.1 deg | F= 10.6 N | M=  5.9 Nm (limit 150.0) | edge= 19.8 mm
set_up:     t=  1.2 s | tip=  3.1 deg | F= 12.6 N | M=  6.9 Nm (limit 150.0) | edge= 20.0 mm
set_up:     t=  1.4 s | tip=  3.2 deg | F= 15.6 N | M=  8.4 Nm (limit 150.0) | edge= 20.5 mm
set_up:     t=  1.6 s | tip=  3.2 deg | F= 19.3 N | M= 10.2 Nm (limit 150.0) | edge= 21.1 mm
set_up:     t=  1.8 s | tip=  3.3 deg | F= 22.8 N | M= 12.0 Nm (limit 150.0) | edge= 21.7 mm
set_up:     t=  2.0 s | tip=  3.3 deg | F= 26.9 N | M= 14.1 Nm (limit 150.0) | edge= 21.8 mm
set_up:     t=  2.2 s | tip=  3.3 deg | F= 30.8 N | M= 16.1 Nm (limit 150.0) | edge= 22.0 mm
set_up:     t=  2.4 s | tip=  3.3 deg | F= 34.8 N | M= 18.1 Nm (limit 150.0) | edge= 22.2 mm
set_up:     t=  2.6 s | tip=  3.3 deg | F= 38.5 N | M= 20.0 Nm (limit 150.0) | edge= 22.3 mm
set_up:     t=  2.8 s | tip=  3.3 deg | F= 42.6 N | M= 21.9 Nm (limit 150.0) | edge= 22.5 mm
set_up:     t=  3.0 s | tip=  3.3 deg | F= 46.5 N | M= 23.8 Nm (limit 150.0) | edge= 22.6 mm
set_up:     t=  3.2 s | tip=  3.3 deg | F= 49.9 N | M= 25.5 Nm (limit 150.0) | edge= 22.9 mm
set_up:     t=  3.4 s | tip=  3.4 deg | F= 53.7 N | M= 27.6 Nm (limit 150.0) | edge= 23.1 mm
set_up:     t=  3.6 s | tip=  3.4 deg | F= 57.3 N | M= 29.5 Nm (limit 150.0) | edge= 23.3 mm
set_up:     t=  3.8 s | tip=  3.4 deg | F= 61.0 N | M= 31.4 Nm (limit 150.0) | edge= 23.5 mm
set_up:     t=  4.0 s | tip=  3.4 deg | F= 65.2 N | M= 33.8 Nm (limit 150.0) | edge= 23.6 mm
set_up:     t=  4.2 s | tip=  3.4 deg | F= 60.8 N | M= 31.4 Nm (limit 150.0) | edge= 23.6 mm
set_up:     t=  4.4 s | tip=  3.4 deg | F= 60.9 N | M= 31.5 Nm (limit 150.0) | edge= 23.6 mm
set_up:     t=  4.6 s | tip=  3.4 deg | F= 60.8 N | M= 31.5 Nm (limit 150.0) | edge= 23.6 mm
set_up:     t=  4.8 s | tip=  3.4 deg | F= 60.8 N | M= 31.5 Nm (limit 150.0) | edge= 23.6 mm
set_up:     t=  5.0 s | tip=  3.4 deg | F= 60.8 N | M= 31.4 Nm (limit 150.0) | edge= 23.6 mm
set_up:     t=  5.2 s | tip=  3.4 deg | F= 60.7 N | M= 31.4 Nm (limit 150.0) | edge= 23.6 mm
set_up:     t=  5.4 s | tip=  3.4 deg | F= 60.8 N | M= 31.4 Nm (limit 150.0) | edge= 23.7 mm
set_up:     t=  5.6 s | tip=  3.4 deg | F= 60.6 N | M= 31.4 Nm (limit 150.0) | edge= 23.7 mm
set_up:     t=  5.8 s | tip=  3.4 deg | F= 60.7 N | M= 31.4 Nm (limit 150.0) | edge= 23.7 mm
set_up:     t=  6.0 s | tip=  3.4 deg | F= 60.7 N | M= 31.3 Nm (limit 150.0) | edge= 23.7 mm
set_up:     t=  6.2 s | tip=  3.4 deg | F= 60.7 N | M= 31.3 Nm (limit 150.0) | edge= 23.7 mm
set_up:     t=  6.4 s | tip=  3.4 deg | F= 60.7 N | M= 31.3 Nm (limit 150.0) | edge= 23.7 mm
set_up:     t=  6.6 s | tip=  3.4 deg | F= 60.6 N | M= 31.3 Nm (limit 150.0) | edge= 23.7 mm
set_up:     t=  6.8 s | tip=  3.4 deg | F= 60.6 N | M= 31.3 Nm (limit 150.0) | edge= 23.7 mm
set_up:     t=  7.0 s | tip=  3.4 deg | F= 60.6 N | M= 31.3 Nm (limit 150.0) | edge= 23.7 mm
set_up:     t=  7.2 s | tip=  3.4 deg | F= 60.6 N | M= 31.3 Nm (limit 150.0) | edge= 23.7 mm
set_up:     t=  7.4 s | tip=  3.4 deg | F= 60.6 N | M= 31.3 Nm (limit 150.0) | edge= 23.7 mm
set_up:     t=  7.6 s | tip=  3.4 deg | F= 60.6 N | M= 31.3 Nm (limit 150.0) | edge= 23.7 mm
set_up:     t=  7.8 s | tip=  3.4 deg | F= 60.6 N | M= 31.3 Nm (limit 150.0) | edge= 23.7 mm
set_up:     t=  8.0 s | tip=  3.4 deg | F= 60.6 N | M= 31.3 Nm (limit 150.0) | edge= 23.7 mm
set_up:     t=  8.2 s | tip=  3.4 deg | F= 60.6 N | M= 31.3 Nm (limit 150.0) | edge= 23.7 mm
set_up:     t=  8.4 s | tip=  3.4 deg | F= 60.5 N | M= 31.2 Nm (limit 150.0) | edge= 23.7 mm
set_up:     t=  8.6 s | tip=  3.4 deg | F= 60.5 N | M= 31.2 Nm (limit 150.0) | edge= 23.7 mm
set_up:     t=  8.8 s | tip=  3.4 deg | F= 60.5 N | M= 31.2 Nm (limit 150.0) | edge= 23.7 mm
set_up:     t=  9.0 s | tip=  3.4 deg | F= 60.5 N | M= 31.2 Nm (limit 150.0) | edge= 23.7 mm
set_up:     t=  9.2 s | tip=  3.4 deg | F= 60.5 N | M= 31.2 Nm (limit 150.0) | edge= 23.7 mm
set_up:     t=  9.4 s | tip=  3.4 deg | F= 60.5 N | M= 31.2 Nm (limit 150.0) | edge= 23.7 mm
set_up:     t=  9.6 s | tip=  3.4 deg | F= 60.5 N | M= 31.2 Nm (limit 150.0) | edge= 23.7 mm
set_up:     t=  9.8 s | tip=  3.4 deg | F= 60.6 N | M= 31.2 Nm (limit 150.0) | edge= 23.7 mm
set_up:     t= 10.0 s | tip=  3.4 deg | F= 60.4 N | M= 31.2 Nm (limit 150.0) | edge= 23.7 mm
set_up:     t= 10.2 s | tip=  3.4 deg | F= 60.5 N | M= 31.2 Nm (limit 150.0) | edge= 23.7 mm
set_up:     t= 10.4 s | tip=  3.4 deg | F= 60.5 N | M= 31.2 Nm (limit 150.0) | edge= 23.7 mm
set_up:     t= 10.6 s | tip=  3.4 deg | F= 60.5 N | M= 31.2 Nm (limit 150.0) | edge= 23.7 mm
set_up:     t= 10.8 s | tip=  3.4 deg | F= 60.5 N | M= 31.2 Nm (limit 150.0) | edge= 23.7 mm
set_up:     t= 11.0 s | tip=  3.4 deg | F= 60.7 N | M= 31.3 Nm (limit 150.0) | edge= 23.7 mm
set_up:     t= 11.2 s | tip=  3.4 deg | F= 60.5 N | M= 31.2 Nm (limit 150.0) | edge= 23.7 mm
set_up:     t= 11.4 s | tip=  3.4 deg | F= 60.5 N | M= 31.2 Nm (limit 150.0) | edge= 23.7 mm
set_up:     t= 11.6 s | tip=  3.4 deg | F= 60.5 N | M= 31.2 Nm (limit 150.0) | edge= 23.7 mm
set_up:     t= 11.8 s | tip=  3.4 deg | F= 60.5 N | M= 31.2 Nm (limit 150.0) | edge= 23.7 mm

=== Set-up result ===
stop: time | t=12.0 s | tip=3.4 deg | F=60.5 N | M=31.2 Nm
edge_from_contact = [-12.1, +1.0, -20.3] mm | norm=23.7 mm
tcp_from_contact  = [-26.0, +61.6, +2.7] mm | norm=66.9 mm
alignment: before=0.44 deg | after=3.67 deg | gain=-3.22 deg

=== Set-up surface-frame breakdown ===
frame: alignment-target [tangent1, tangent2, normal]
force        [N]      = [   -12.09,     -1.13,    -59.26]
tcp_disp     [mm]     = [    -8.80,     +0.94,    -39.55]
edge_disp    [mm]     = [   -10.29,     +0.97,    -21.30]
Kp_eff=F/tcp [N/m]    = [   1373.9,   -1204.7,    1498.3]
moment@edge  [Nm]     = [    +3.55,    +29.07,     -1.36]
tip_angle    [deg]    = [    -0.27,     -3.42,     +0.22]
KR_eff=M/ang [Nm/rad] = [   -760.5,    -487.7,    -357.0]

finite_axis: angle=3.4 deg | axis_from_edge=[-342.4, +38.4, +192.0] mm | dir=[+0.072, +0.995, -0.070] | pitch=+25.4 mm/rad

=== Coupled stiffness from the measured pole ===
source spring K_pole/D_pole (diagonal, from parameters):
  Kp [N/m]     = [2000, 2000, 350]
  KR [Nm/rad]  = [5, 5, 50]
  Dp [Ns/m]    = [10, 10, 175]
  DR [Nms/rad] = [10.01, 10.01, 10]

poles compared (lever r_c = TCP - pole):
  (A) measured axis : angle=3.4 deg | pitch=+25.4 mm/rad
      pole_from_edge = [-330.2, 38.9, 212.2] mm
      r_c            = [316.3, 21.7, -189.2] mm
  (B) manual pole   : COMMANDED this run, contact reference
      pole_from_edge = [22.6, -1.0, 139.9] mm
      r_c            = [-24.2, 60.7, -78.2] mm
      r_c(B)-r_c(A)  = [-340.6, 38.9, 111.0] mm

K_TCP = Ad^T K_pole Ad  [rows fx..mz | cols tx..rz]:
  (A) measured axis:
           tx        ty        tz    |    rx        ry        rz
  fx [    2000        0        0 |        0    378.4    43.46 ]
  fy [       0     2000        0 |   -378.4        0   -632.7 ]
  fz [       0        0      350 |   -7.605    110.7        0 ]
     ---------------------------+---------------------------
  mx [       0   -378.4   -7.605 |    77.09   -2.406    123.6 ]
  my [   378.4        0    110.7 |   -2.406    111.6    8.222 ]
  mz [   43.46   -632.7        0 |    123.6    8.222    250.8 ]
  (A) K_TCP eigenvalues = [4.395, 4.872, 45.06, 384.1, 2073, 2278] -> PSD ok (>=0) (min=4.395)
  (B) manual pole:
           tx        ty        tz    |    rx        ry        rz
  fx [    2000        0        0 |        0    156.4    121.3 ]
  fy [       0     2000        0 |   -156.4        0    48.42 ]
  fz [       0        0      350 |   -21.23   -8.473        0 ]
     ---------------------------+---------------------------
  mx [       0   -156.4   -21.23 |    18.86   0.5141   0.1214 ]
  my [   156.4        0   -8.473 |   0.5141    17.43    9.487 ]
  mz [   121.3    48.42        0 |   0.1214    9.487    58.19 ]
  (B) K_TCP eigenvalues = [4.948, 4.968, 49.8, 351.5, 2012, 2021] -> PSD ok (>=0) (min=4.948)

D_TCP = Ad^T D_pole Ad:
  (A) measured axis:
           tx        ty        tz    |    rx        ry        rz
  fx [     237        0        0 |        0    44.84     5.15 ]
  fy [       0    178.2        0 |   -33.72        0   -56.38 ]
  fz [       0        0    108.1 |    -2.35    34.21        0 ]
     ---------------------------+---------------------------
  mx [       0   -33.72    -2.35 |    7.837  -0.7434    10.61 ]
  my [   44.84        0    34.21 |  -0.7434    21.38   0.9743 ]
  mz [    5.15   -56.38        0 |    10.61   0.9743    18.73 ]
  (A) D_TCP eigenvalues = [0.6954, 1.381, 1.822, 118.5, 202.5, 246.5] -> PSD ok (>=0) (min=0.6954)
  (B) manual pole:
           tx        ty        tz    |    rx        ry        rz
  fx [     237        0        0 |        0    18.53    14.38 ]
  fy [       0    178.2        0 |   -13.94        0    4.315 ]
  fz [       0        0    108.1 |   -6.561   -2.618        0 ]
     ---------------------------+---------------------------
  mx [       0   -13.94   -6.561 |    2.894   0.1588  -0.3926 ]
  my [   18.53        0   -2.618 |   0.1588    3.585    1.124 ]
  mz [   14.38    4.315        0 |  -0.3926    1.124    1.756 ]
  (B) D_TCP eigenvalues = [0.7714, 1.396, 2.059, 108.6, 179.4, 239.3] -> PSD ok (>=0) (min=0.7714)
phase: grind

Stop requested with e + Enter. Finishing control loop...

Joint motion [deg]:
joint    start   final   delta
------------------------------
q1       -2.7    -6.2    -3.5
q2       18.1    32.4    14.3
q3       -5.1    -2.8     2.3
q4     -122.8  -121.3     1.5
q5       17.5    -0.2   -17.8
q6      139.5   145.2     5.7
q7       26.8    40.0    13.2

=== Final result ===
p_d = [528.3, -94.3, -133.2] mm
p_EE = [531.4, -88.3, 26.6] mm
e_p = [-3.1, -6.0, -159.9] mm
position_error = 160.00 mm
e_R = [0.85, -3.53, 0.87] deg
rotation_error = 3.73 deg
csv: surface_grinding_controller_log.csv
