
Press Enter to recover and configure the robot.
Robot recovered or already ready.
keys: e stop | m menu | g hand-guide

=== Startup mode ===
  s = run the phase sequence from q_init
  h = hold the q_init pose
  t = hold with the set-up impedance
  g = hand-guide the start pose
  q = go to q_init and inspect
  o = open the hand now
  c = grasp the tool now
  r = recalibrate hand width, fingers empty
  f = fetch the tool from the holder
  b = put the tool back
  e = stop and quit
While a run is going: e+Enter stops, m+Enter comes back here.
Choice [s/h/t/g/q/o/c/r/f/b/e]: 
=== Phase sequence mode ===
Moving to q_init (horizontal_table_search)
  q1..q7 [deg] = [0.8, 12.1, -0.5, -130.9, -0.2, 142.9, 44.7] deg
  horizontal_table_search = [0.014777, 0.210911, -0.009320, -2.284835, -0.002725, 2.493410, 0.780694] rad
q_init reached.

=== Start pose ===
q_start = [0.8, 12.1, -0.5, -130.9, -0.2, 142.9, 44.7] deg
p_start = [531.3, 2.3, 156.9] mm

=== Run ===
phase: approach_orient
  Kp=[150, 150, 150] N/m  KR=[90, 90, 90] Nm/rad  [t1,t2,n]
  Dp=[126.5, 103.6, 128.3] Ns/m  DR=[13.45, 15.79, 2.01] Nms/rad  auto (factor 1.90)
orient:     t=  0.0 s | axis_err=  6.1 deg | spin_err=  0.8 deg
orient:     t=  0.2 s | axis_err=  5.5 deg | spin_err=  0.7 deg
orient:     t=  0.4 s | axis_err=  3.1 deg | spin_err=  0.1 deg
orient:     t=  0.6 s | axis_err=  2.1 deg | spin_err=  0.2 deg
orient:     t=  0.8 s | axis_err=  2.0 deg | spin_err=  0.2 deg
orient:     t=  1.0 s | axis_err=  2.0 deg | spin_err=  0.2 deg

Orientation reached: axis_err=2.0 deg | spin_err=0.2 deg
phase: approach_descend
  Kp=[150, 150, 150] N/m  KR=[90, 90, 90] Nm/rad  [t1,t2,n]
  Dp=[126.5, 103.6, 128.3] Ns/m  DR=[13.45, 15.79, 2.01] Nms/rad  auto (factor 1.90)
  descend to 20 mm clearance at 0.100 m/s
descend:    t=  0.0 s | distance=   0.1 mm | height=+135.1 mm (target 20.0) | force=  0.0 N
descend:    t=  0.2 s | distance=  20.2 mm | height=+124.1 mm (target 20.0) | force=  0.4 N
descend:    t=  0.4 s | distance=  40.3 mm | height=+106.7 mm (target 20.0) | force=  0.9 N
descend:    t=  0.6 s | distance=  60.4 mm | height= +88.7 mm (target 20.0) | force=  0.9 N
descend:    t=  0.8 s | distance=  80.5 mm | height= +70.6 mm (target 20.0) | force=  1.5 N
descend:    t=  1.0 s | distance= 100.6 mm | height= +52.5 mm (target 20.0) | force= -0.0 N
descend:    t=  1.2 s | distance= 120.7 mm | height= +34.4 mm (target 20.0) | force=  1.8 N

[GATE] Reached 20 mm above the plane. Press Enter to start the set-up press (e+Enter stops).
  gate hold: Kp=[5000, 5000, 5000] N/m [x,y,z]  KR=[90, 90, 90] Nm/rad [t1,t2,n]
             Dp=[206.4, 150.4, 244.2] Ns/m  DR=[12.06, 13.35, 1.84] Nms/rad  auto
[GATE] Continuing to the set-up press.
descend:    t=  3.5 s | distance= 136.6 mm | height= +19.3 mm (target 20.0) | force= -0.7 N

Clearance reached: distance=136.6 mm | height=19.3 mm | target=20.0 mm | force=-0.7 N (not used for the switch)
offset_ee = [-20.0, -60.0, 20.0] mm
p_EE_at_contact = [527.2, -9.2, 42.2] mm
contact_point = [507.0, 48.9, -1.1] mm
edge_offset_base = [-20.2, 58.1, -43.3] mm
phase: set_up

--- set-up impedance ---
  f = Kp*e_p + Dp*de,   m = KR*e_R + DR*dw   (decoupled)
  Kp [t1,t2,n]  = [  2000.0,   2000.0,    800.0] N/m
  Dp [t1,t2,n]  = [   219.1,    183.0,    171.5] Ns/m   auto
  KR [t1,t2,n]  = [     5.0,      5.0,     50.0] Nm/rad
  DR [t1,t2,n]  = [     1.6,      1.8,      0.8] Nms/rad   auto
set_up:     t=  0.0 s | tip=  0.0 deg | F=  0.0 N | M=  0.0 Nm (limit 150.0) | edge= 19.3 mm
set_up:     t=  0.2 s | tip=  0.6 deg | F=  1.6 N | M=  1.3 Nm (limit 150.0) | edge= 13.0 mm
set_up:     t=  0.4 s | tip=  1.3 deg | F=  2.3 N | M=  1.4 Nm (limit 150.0) | edge=  4.4 mm
set_up:     t=  0.6 s | tip=  1.3 deg | F= 16.8 N | M=  9.1 Nm (limit 150.0) | edge=  2.6 mm
set_up:     t=  0.8 s | tip=  1.3 deg | F= 24.2 N | M= 12.9 Nm (limit 150.0) | edge=  2.5 mm
set_up:     t=  1.0 s | tip=  1.3 deg | F= 32.1 N | M= 17.1 Nm (limit 150.0) | edge=  2.3 mm
set_up:     t=  1.2 s | tip=  1.4 deg | F= 40.1 N | M= 21.3 Nm (limit 150.0) | edge=  2.2 mm
set_up:     t=  1.4 s | tip=  1.4 deg | F= 48.3 N | M= 25.6 Nm (limit 150.0) | edge=  2.2 mm
set_up:     t=  1.6 s | tip=  1.4 deg | F= 56.3 N | M= 29.8 Nm (limit 150.0) | edge=  2.1 mm
set_up:     t=  1.8 s | tip=  1.4 deg | F= 50.2 N | M= 26.5 Nm (limit 150.0) | edge=  2.1 mm
set_up:     t=  2.0 s | tip=  1.4 deg | F= 49.7 N | M= 26.3 Nm (limit 150.0) | edge=  2.1 mm
set_up:     t=  2.2 s | tip=  1.4 deg | F= 49.4 N | M= 26.1 Nm (limit 150.0) | edge=  2.1 mm
set_up:     t=  2.4 s | tip=  1.4 deg | F= 49.2 N | M= 26.1 Nm (limit 150.0) | edge=  2.2 mm
set_up:     t=  2.6 s | tip=  1.4 deg | F= 49.3 N | M= 26.1 Nm (limit 150.0) | edge=  2.2 mm
set_up:     t=  2.8 s | tip=  1.5 deg | F= 49.0 N | M= 26.0 Nm (limit 150.0) | edge=  2.2 mm
set_up:     t=  3.0 s | tip=  1.5 deg | F= 48.7 N | M= 25.8 Nm (limit 150.0) | edge=  2.2 mm
set_up:     t=  3.2 s | tip=  1.5 deg | F= 49.0 N | M= 26.0 Nm (limit 150.0) | edge=  2.2 mm
set_up:     t=  3.4 s | tip=  1.5 deg | F= 49.1 N | M= 26.0 Nm (limit 150.0) | edge=  2.2 mm
set_up:     t=  3.6 s | tip=  1.5 deg | F= 49.0 N | M= 26.0 Nm (limit 150.0) | edge=  2.2 mm
set_up:     t=  3.8 s | tip=  1.5 deg | F= 48.9 N | M= 26.0 Nm (limit 150.0) | edge=  2.2 mm
set_up:     t=  4.0 s | tip=  1.5 deg | F= 49.0 N | M= 26.0 Nm (limit 150.0) | edge=  2.2 mm
set_up:     t=  4.2 s | tip=  1.5 deg | F= 49.0 N | M= 26.0 Nm (limit 150.0) | edge=  2.2 mm
set_up:     t=  4.4 s | tip=  1.5 deg | F= 49.0 N | M= 26.0 Nm (limit 150.0) | edge=  2.2 mm
set_up:     t=  4.6 s | tip=  1.5 deg | F= 49.0 N | M= 26.0 Nm (limit 150.0) | edge=  2.2 mm
set_up:     t=  4.8 s | tip=  1.5 deg | F= 49.0 N | M= 26.0 Nm (limit 150.0) | edge=  2.2 mm

=== Set-up result ===
stop: time | t=5.0 s | tip=1.5 deg | F=49.0 N | M=26.0 Nm
edge_from_contact = [-1.9, +0.3, +1.1] mm | norm=2.2 mm
tcp_from_contact  = [+18.3, -58.5, +24.1] mm | norm=65.9 mm
alignment: before=2.46 deg | after=1.52 deg | gain=+0.95 deg
alignment components [t1,t2,n] deg: before=[-2.40,-0.57,+0.00] | after=[-1.41,+0.55,-0.00]

=== Set-up surface-frame breakdown ===
frame: alignment-target [tangent1, tangent2, normal]
force        [N]      = [    -3.79,     +0.56,    -48.83]
tcp_disp     [mm]     = [    +1.38,     -0.70,    -19.22]
edge_disp    [mm]     = [    +1.62,     -1.06,     +1.03]
Kp_eff=F/tcp [N/m]    = [  -2745.8,    -801.4,    2540.7]
moment@edge  [Nm]     = [   -14.11,    -23.23,     +0.67]
tip_angle    [deg]    = [    +0.99,     +1.12,     +0.17]
KR_eff=M/ang [Nm/rad] = [   -820.7,   -1193.6,     220.4]

[GATE] Set up finished (holding the pressed pose). Press Enter to start the grind (e+Enter stops).

Stop requested with e + Enter. Finishing control loop...

Joint motion [deg]:
joint    start   final   delta
------------------------------
q1        0.8     0.5    -0.4
q2       12.1    29.9    17.8
q3       -0.5    -1.4    -0.8
q4     -130.9  -129.8     1.1
q5       -0.2    -6.7    -6.5
q6      142.9   159.0    16.2
q7       44.7    50.5     5.8

=== Final result ===
p_d = [525.8, -11.4, -37.1] mm
p_EE = [525.3, -9.7, 23.0] mm
e_p = [0.5, -1.7, -60.1] mm
position_error = 60.11 mm
e_R = [-0.42, -1.42, 0.22] deg
rotation_error = 1.50 deg
csv: logs/surface_grinding_controller_log.csv
