
Press Enter to recover and configure the robot.
Robot recovered or already ready.
Collision: custom thresholds.

=== Startup choice ===
  q = go to q_init (from params/common.txt), then choose again
  g = guiding mode: go to q_init, then hand-guide to your pose;
      use s+Enter for sequence or h+Enter for hold
  o = open the Franka hand now (release/load tool), then choose again
  c = close/grasp the tool now, then choose again
  r = continue to run mode (available after q_init is reached)
Choice [q/g/o/c/r, Enter = q]: Moving to q_init...
q_init reached.

=== Startup choice ===
  q = go to q_init (from params/common.txt), then choose again
  g = guiding mode: go to q_init, then hand-guide to your pose;
      use s+Enter for sequence or h+Enter for hold
  o = open the Franka hand now (release/load tool), then choose again
  c = close/grasp the tool now, then choose again
  r = continue to run mode
Choice [q/g/o/c/r, Enter = q]: 
=== Run mode ===
  s = phase sequence (approach / set up / grind)
  h = hold at the start pose
Choice [s/h, Enter = s]: Selected: phase sequence. Nullspace mode from parameters: nullspace_damping_plus_sigma.

=== Setup ===
run: phase sequence | approach_orient: on | nullspace: nullspace_damping_plus_sigma
nullspace parameters: d_null=2.000 | k_sigma=1.000 Nm | alpha=0.0800 rad
hold: Kp=300.0 N/m | KR=40.0 Nm/rad | damping=auto translation+rotation (factor fitted online toward Dp=50.0 Ns/m)
manual_guidance_start: off | manual_damping=0.50
descend: clearance=20.0 mm | speed=0.100 m/s | max_distance=640 mm
alignment push: start=captured | end=+180 mm | speed=0.050 m/s | ramp_time~=4.0 s | timeout=12.0 s | moment_threshold=150.0 Nm
grind: sweep | axis=tangent2 | amplitude=30 mm | frequency=0.20 Hz
coupled stiffness: apply=on | saved=yes | pole=manual
gates: pause_before_set_up=on | pause_auto_damping=on | pause_before_grind=off | debug_period=0.20 s
alignment-target normal=[+0.087, -0.000, +0.996] | tilt a(x)=0.0 deg, b(y)=5.0 deg (from angles)
tool face: 40 x 120 mm | center offset EE=[+0.0, +0.0, +20.0] mm
Gripper already holding the tool (width 65.1 mm); keeping grasp.
Press e+Enter to stop the controller before the duration expires.
During hold: press g+Enter to hand-guide the tool, then p+Enter to recapture and resume hold.
experiment_duration <= 0: running indefinitely until e + Enter.

=== Start pose ===
q_start = [-2.7, 18.1, -5.1, -122.8, 17.5, 139.5, 26.8] deg
p_start = [565.2, -59.4, 151.1] mm

=== Run ===
phase: approach_orient
orient:     t=  0.0 s | axis_err= 11.5 deg | rot_err= 11.5 deg
approach Dp        auto=[ 134.15,   97.25,  122.28]  manual=[  20.00,   20.00,   20.00] Ns/m
approach DR        auto=[  12.73,   16.36,    4.08]  manual=[  12.00,   12.00,   12.00] Nms/rad
orient:     t=  0.2 s | axis_err=  4.5 deg | rot_err=  4.5 deg
orient:     t=  0.4 s | axis_err=  2.2 deg | rot_err=  2.2 deg

Orientation reached: axis_err=1.9 deg
phase: approach_descend
descend:    t=  0.0 s | distance=   0.1 mm | height= +98.2 mm (target 20.0) | force=  0.0 N
descend:    t=  0.2 s | distance=  20.1 mm | height= +86.2 mm (target 20.0) | force=  0.4 N
descend:    t=  0.4 s | distance=  40.1 mm | height= +69.4 mm (target 20.0) | force=  1.5 N
descend:    t=  0.6 s | distance=  60.2 mm | height= +51.8 mm (target 20.0) | force=  2.2 N
descend:    t=  0.8 s | distance=  80.3 mm | height= +33.9 mm (target 20.0) | force=  1.9 N

[GATE] Reached 20 mm above the plane. Press Enter to start the set-up press (e+Enter stops).
pause auto damping: fitted Dp factor=0.551, DR factor=1.960
pause Dp [xyz]     auto=[ 206.56,  155.26,  224.86]  manual=[ 200.00,  200.00,  200.00] Ns/m
pause DR [t1t2n]   auto=[  11.73,   17.28,    2.04]  manual=[  12.73,   16.36,    4.08] Nms/rad
[GATE] Continuing to the set-up press.
descend:    t=  1.3 s | distance=  96.1 mm | height= +19.6 mm (target 20.0) | force=  0.1 N

Clearance reached: distance=96.1 mm | height=19.6 mm | target=20.0 mm | force=0.1 N (not used for the switch)
offset_ee = [20.0, 60.0, 20.0] mm
p_EE_at_contact = [546.6, -65.9, 65.4] mm
contact_point = [560.3, -126.6, 24.1] mm
edge_offset_base = [13.8, -60.7, -41.3] mm
phase: set_up
set_up Dp [xyz]    auto=[ 237.05,  178.22,  108.10]  manual=[  10.00,   10.00,  175.00] Ns/m
set_up DR [t1t2n]  auto=[   1.41,    2.07,    0.77]  manual=[  10.01,   10.01,   10.00] Nms/rad
set_up:     t=  0.0 s | tip=  0.0 deg | F=  0.0 N | M=  0.0 Nm (limit 150.0) | edge= 19.6 mm
set_up:     t=  0.2 s | tip=  0.5 deg | F=  1.8 N | M=  0.8 Nm (limit 150.0) | edge= 13.6 mm
set_up:     t=  0.4 s | tip=  1.0 deg | F=  2.4 N | M=  1.0 Nm (limit 150.0) | edge=  6.6 mm
set_up:     t=  0.6 s | tip=  1.4 deg | F=  3.2 N | M=  1.4 Nm (limit 150.0) | edge=  4.1 mm
set_up:     t=  0.8 s | tip=  1.6 deg | F=  1.9 N | M=  0.7 Nm (limit 150.0) | edge= 12.5 mm
set_up:     t=  1.0 s | tip=  1.9 deg | F= 12.6 N | M=  6.7 Nm (limit 150.0) | edge= 19.6 mm
set_up:     t=  1.2 s | tip=  1.9 deg | F= 12.4 N | M=  6.8 Nm (limit 150.0) | edge= 19.7 mm
set_up:     t=  1.4 s | tip=  1.9 deg | F= 16.6 N | M=  9.2 Nm (limit 150.0) | edge= 19.8 mm
set_up:     t=  1.6 s | tip=  1.9 deg | F= 20.3 N | M= 11.3 Nm (limit 150.0) | edge= 19.9 mm
set_up:     t=  1.8 s | tip=  1.9 deg | F= 23.9 N | M= 13.2 Nm (limit 150.0) | edge= 20.1 mm
set_up:     t=  2.0 s | tip=  1.9 deg | F= 27.4 N | M= 15.0 Nm (limit 150.0) | edge= 20.2 mm
set_up:     t=  2.2 s | tip=  2.0 deg | F= 31.3 N | M= 17.1 Nm (limit 150.0) | edge= 20.4 mm
set_up:     t=  2.4 s | tip=  2.0 deg | F= 34.9 N | M= 18.9 Nm (limit 150.0) | edge= 20.5 mm
set_up:     t=  2.6 s | tip=  2.0 deg | F= 38.5 N | M= 20.8 Nm (limit 150.0) | edge= 20.7 mm
set_up:     t=  2.8 s | tip=  2.1 deg | F= 42.4 N | M= 22.8 Nm (limit 150.0) | edge= 20.9 mm
set_up:     t=  3.0 s | tip=  2.1 deg | F= 46.3 N | M= 24.9 Nm (limit 150.0) | edge= 21.0 mm
set_up:     t=  3.2 s | tip=  2.1 deg | F= 50.1 N | M= 26.8 Nm (limit 150.0) | edge= 21.2 mm
set_up:     t=  3.4 s | tip=  2.1 deg | F= 53.6 N | M= 28.6 Nm (limit 150.0) | edge= 21.4 mm
set_up:     t=  3.6 s | tip=  2.2 deg | F= 57.6 N | M= 30.6 Nm (limit 150.0) | edge= 21.6 mm
set_up:     t=  3.8 s | tip=  2.2 deg | F= 61.3 N | M= 32.5 Nm (limit 150.0) | edge= 21.7 mm
set_up:     t=  4.0 s | tip=  2.2 deg | F= 65.4 N | M= 34.7 Nm (limit 150.0) | edge= 21.8 mm
set_up:     t=  4.2 s | tip=  2.2 deg | F= 61.6 N | M= 32.3 Nm (limit 150.0) | edge= 21.8 mm
set_up:     t=  4.4 s | tip=  2.2 deg | F= 61.5 N | M= 32.3 Nm (limit 150.0) | edge= 21.8 mm
set_up:     t=  4.6 s | tip=  2.2 deg | F= 61.5 N | M= 32.3 Nm (limit 150.0) | edge= 21.8 mm
set_up:     t=  4.8 s | tip=  2.2 deg | F= 61.4 N | M= 32.3 Nm (limit 150.0) | edge= 21.8 mm
set_up:     t=  5.0 s | tip=  2.2 deg | F= 61.4 N | M= 32.3 Nm (limit 150.0) | edge= 21.8 mm
set_up:     t=  5.2 s | tip=  2.2 deg | F= 61.4 N | M= 32.2 Nm (limit 150.0) | edge= 21.8 mm
set_up:     t=  5.4 s | tip=  2.2 deg | F= 61.4 N | M= 32.2 Nm (limit 150.0) | edge= 21.8 mm
set_up:     t=  5.6 s | tip=  2.2 deg | F= 61.4 N | M= 32.2 Nm (limit 150.0) | edge= 21.8 mm
set_up:     t=  5.8 s | tip=  2.2 deg | F= 61.3 N | M= 32.2 Nm (limit 150.0) | edge= 21.8 mm
set_up:     t=  6.0 s | tip=  2.2 deg | F= 61.3 N | M= 32.2 Nm (limit 150.0) | edge= 21.8 mm
set_up:     t=  6.2 s | tip=  2.2 deg | F= 61.3 N | M= 32.2 Nm (limit 150.0) | edge= 21.8 mm
set_up:     t=  6.4 s | tip=  2.2 deg | F= 61.3 N | M= 32.2 Nm (limit 150.0) | edge= 21.8 mm
set_up:     t=  6.6 s | tip=  2.2 deg | F= 61.3 N | M= 32.2 Nm (limit 150.0) | edge= 21.8 mm
set_up:     t=  6.8 s | tip=  2.2 deg | F= 61.3 N | M= 32.2 Nm (limit 150.0) | edge= 21.8 mm
set_up:     t=  7.0 s | tip=  2.2 deg | F= 61.3 N | M= 32.2 Nm (limit 150.0) | edge= 21.8 mm
set_up:     t=  7.2 s | tip=  2.2 deg | F= 61.3 N | M= 32.2 Nm (limit 150.0) | edge= 21.8 mm
set_up:     t=  7.4 s | tip=  2.2 deg | F= 61.2 N | M= 32.1 Nm (limit 150.0) | edge= 21.8 mm
set_up:     t=  7.6 s | tip=  2.2 deg | F= 61.3 N | M= 32.1 Nm (limit 150.0) | edge= 21.8 mm
set_up:     t=  7.8 s | tip=  2.2 deg | F= 61.3 N | M= 32.1 Nm (limit 150.0) | edge= 21.8 mm
set_up:     t=  8.0 s | tip=  2.2 deg | F= 61.2 N | M= 32.1 Nm (limit 150.0) | edge= 21.8 mm
set_up:     t=  8.2 s | tip=  2.2 deg | F= 61.2 N | M= 32.1 Nm (limit 150.0) | edge= 21.8 mm
set_up:     t=  8.4 s | tip=  2.2 deg | F= 61.2 N | M= 32.1 Nm (limit 150.0) | edge= 21.8 mm
set_up:     t=  8.6 s | tip=  2.2 deg | F= 61.2 N | M= 32.1 Nm (limit 150.0) | edge= 21.8 mm
set_up:     t=  8.8 s | tip=  2.2 deg | F= 61.2 N | M= 32.1 Nm (limit 150.0) | edge= 21.8 mm
set_up:     t=  9.0 s | tip=  2.2 deg | F= 61.2 N | M= 32.1 Nm (limit 150.0) | edge= 21.8 mm
set_up:     t=  9.2 s | tip=  2.2 deg | F= 61.2 N | M= 32.1 Nm (limit 150.0) | edge= 21.8 mm
set_up:     t=  9.4 s | tip=  2.2 deg | F= 61.2 N | M= 32.1 Nm (limit 150.0) | edge= 21.8 mm
set_up:     t=  9.6 s | tip=  2.2 deg | F= 61.2 N | M= 32.1 Nm (limit 150.0) | edge= 21.8 mm
set_up:     t=  9.8 s | tip=  2.2 deg | F= 61.2 N | M= 32.1 Nm (limit 150.0) | edge= 21.8 mm
set_up:     t= 10.0 s | tip=  2.2 deg | F= 61.2 N | M= 32.1 Nm (limit 150.0) | edge= 21.8 mm
set_up:     t= 10.2 s | tip=  2.2 deg | F= 61.2 N | M= 32.1 Nm (limit 150.0) | edge= 21.8 mm
set_up:     t= 10.4 s | tip=  2.2 deg | F= 61.2 N | M= 32.1 Nm (limit 150.0) | edge= 21.8 mm
set_up:     t= 10.6 s | tip=  2.2 deg | F= 61.2 N | M= 32.1 Nm (limit 150.0) | edge= 21.8 mm
set_up:     t= 10.8 s | tip=  2.2 deg | F= 61.2 N | M= 32.1 Nm (limit 150.0) | edge= 21.8 mm
set_up:     t= 11.0 s | tip=  2.2 deg | F= 61.3 N | M= 32.1 Nm (limit 150.0) | edge= 21.8 mm
set_up:     t= 11.2 s | tip=  2.2 deg | F= 61.2 N | M= 32.1 Nm (limit 150.0) | edge= 21.8 mm
set_up:     t= 11.4 s | tip=  2.2 deg | F= 61.1 N | M= 32.1 Nm (limit 150.0) | edge= 21.8 mm
set_up:     t= 11.6 s | tip=  2.2 deg | F= 61.2 N | M= 32.1 Nm (limit 150.0) | edge= 21.8 mm
set_up:     t= 11.8 s | tip=  2.2 deg | F= 61.2 N | M= 32.1 Nm (limit 150.0) | edge= 21.8 mm

=== Set-up result ===
stop: time | t=12.0 s | tip=2.2 deg | F=61.2 N | M=32.1 Nm
edge_from_contact = [-6.2, +0.3, -20.9] mm | norm=21.8 mm
tcp_from_contact  = [-20.6, +61.1, +1.5] mm | norm=64.5 mm
alignment: before=0.40 deg | after=2.40 deg | gain=-2.00 deg

=== Set-up surface-frame breakdown ===
frame: alignment-target [tangent1, tangent2, normal]
force        [N]      = [   -15.83,     -1.08,    -59.11]
tcp_disp     [mm]     = [    -3.31,     +0.41,    -40.32]
edge_disp    [mm]     = [    -4.32,     +0.35,    -21.41]
Kp_eff=F/tcp [N/m]    = [   4788.4,   -2638.0,    1466.0]
moment@edge  [Nm]     = [    +3.83,    +29.85,     -1.48]
tip_angle    [deg]    = [    +0.01,     -2.22,     +0.20]
KR_eff=M/ang [Nm/rad] = [      n/a,    -771.1,    -428.4]

finite_axis: angle=2.2 deg | axis_from_edge=[-539.1, +6.5, +147.6] mm | dir=[-0.012, +0.996, -0.088] | pitch=+58.4 mm/rad

=== Coupled stiffness from the measured pole ===
source spring K_pole/D_pole (diagonal, from parameters):
  Kp [N/m]     = [2000, 2000, 350]
  KR [Nm/rad]  = [5, 5, 50]
  Dp [Ns/m]    = [10, 10, 175]
  DR [Nms/rad] = [10.01, 10.01, 10]

poles compared (lever r_c = TCP - pole):
  (A) measured axis : angle=2.2 deg | pitch=+58.4 mm/rad
      pole_from_edge = [-533.0, 8.4, 168.3] mm
      r_c            = [518.6, 52.3, -145.9] mm
  (B) manual pole   : COMMANDED this run, contact reference
      pole_from_edge = [9.7, -0.3, 60.8] mm
      r_c            = [-17.2, 60.7, 1.5] mm
      r_c(B)-r_c(A)  = [-535.8, 8.4, 147.4] mm

K_TCP = Ad^T K_pole Ad  [rows fx..mz | cols tx..rz]:
  (A) measured axis:
           tx        ty        tz    |    rx        ry        rz
  fx [    2000        0        0 |        0    291.8    104.7 ]
  fy [       0     2000        0 |   -291.8        0    -1037 ]
  fz [       0        0      350 |   -18.32    181.5        0 ]
     ---------------------------+---------------------------
  mx [       0   -291.8   -18.32 |    48.88   -9.499    155.2 ]
  my [   291.8        0    181.5 |   -9.499    141.7    15.27 ]
  mz [   104.7    -1037        0 |    155.2    15.27      593 ]
  (A) K_TCP eigenvalues = [3.858, 4.949, 38.9, 443.6, 2045, 2597] -> PSD ok (>=0) (min=3.858)
  (B) manual pole:
           tx        ty        tz    |    rx        ry        rz
  fx [    2000        0        0 |        0   -2.996    121.4 ]
  fy [       0     2000        0 |    2.996        0    34.47 ]
  fz [       0        0      350 |   -21.24   -6.033        0 ]
     ---------------------------+---------------------------
  mx [       0    2.996   -21.24 |    6.635   0.3661    3.959 ]
  my [  -2.996        0   -6.033 |   0.3661    5.108  -0.1818 ]
  mz [   121.4    34.47        0 |    3.959  -0.1818    57.62 ]
  (B) K_TCP eigenvalues = [4.98, 5, 49.8, 351.4, 2000, 2008] -> PSD ok (>=0) (min=4.98)

D_TCP = Ad^T D_pole Ad:
  (A) measured axis:
           tx        ty        tz    |    rx        ry        rz
  fx [   237.1        0        0 |        0    34.59    12.41 ]
  fy [       0    178.2        0 |      -26        0   -92.42 ]
  fz [       0        0    108.1 |   -5.657    56.06        0 ]
     ---------------------------+---------------------------
  mx [       0      -26   -5.657 |    5.496   -2.934    13.43 ]
  my [   34.59        0    56.06 |   -2.934    36.19     1.81 ]
  mz [   12.41   -92.42        0 |    13.43     1.81    49.36 ]
  (A) D_TCP eigenvalues = [0.6017, 1.392, 1.609, 136.5, 228.3, 246.1] -> PSD ok (>=0) (min=0.6017)
  (B) manual pole:
           tx        ty        tz    |    rx        ry        rz
  fx [   237.1        0        0 |        0  -0.3551    14.39 ]
  fy [       0    178.2        0 |    0.267        0    3.072 ]
  fz [       0        0    108.1 |    -6.56   -1.863        0 ]
     ---------------------------+---------------------------
  mx [       0    0.267    -6.56 |    1.804   0.1131 -0.05068 ]
  my [ -0.3551        0   -1.863 |   0.1131    2.105 -0.02155 ]
  mz [   14.39    3.072        0 | -0.05068 -0.02155    1.705 ]
  (B) D_TCP eigenvalues = [0.7707, 1.405, 2.072, 108.5, 178.3, 237.9] -> PSD ok (>=0) (min=0.7707)
phase: grind

Stop requested with e + Enter. Finishing control loop...

Joint motion [deg]:
joint    start   final   delta
------------------------------
q1       -2.7    -2.2     0.5
q2       18.1    32.7    14.6
q3       -5.1    -3.7     1.4
q4     -122.8  -121.5     1.3
q5       17.5     1.6   -16.0
q6      139.5   146.5     7.0
q7       26.8    40.4    13.6

=== Final result ===
p_d = [529.2, -53.2, -133.4] mm
p_EE = [537.9, -59.9, 25.2] mm
e_p = [-8.7, 6.7, -158.6] mm
position_error = 158.95 mm
e_R = [0.74, -2.52, -0.29] deg
rotation_error = 2.64 deg
csv: surface_grinding_controller_log.csv
