
Press Enter to recover and configure the robot.
Robot recovered or already ready.
Collision: custom thresholds.

=== Startup choice ===
  q = go to q_init (from params/common.txt), then choose again
  g = guiding mode: go to q_init, then hand-guide to your pose;
      use s+Enter for sequence or h+Enter for hold
  o = open the Franka hand now (release/load tool), then choose again
  c = close/grasp the tool now, then choose again
  r = continue to run mode (available after q_init is reached)
Choice [q/g/o/c/r, Enter = q]: Moving to q_init...
q_init reached.

=== Startup choice ===
  q = go to q_init (from params/common.txt), then choose again
  g = guiding mode: go to q_init, then hand-guide to your pose;
      use s+Enter for sequence or h+Enter for hold
  o = open the Franka hand now (release/load tool), then choose again
  c = close/grasp the tool now, then choose again
  r = continue to run mode
Choice [q/g/o/c/r, Enter = q]: 
=== Run mode ===
  s = phase sequence (approach / set up / grind)
  h = hold at the start pose
Choice [s/h, Enter = s]: Selected: phase sequence. Nullspace mode from parameters: nullspace_damping_plus_sigma.

=== Setup ===
run: phase sequence | approach_orient: on | nullspace: nullspace_damping_plus_sigma
nullspace parameters: d_null=2.000 | k_sigma=1.000 Nm | alpha=0.0800 rad
hold: Kp=300.0 N/m | KR=40.0 Nm/rad | damping=auto translation+rotation (factor fitted online toward Dp=50.0 Ns/m)
manual_guidance_start: off | manual_damping=0.50
descend: clearance=20.0 mm | speed=0.100 m/s | max_distance=640 mm
alignment push: start=captured | end=+180 mm | speed=0.050 m/s | ramp_time~=4.0 s | timeout=12.0 s | moment_threshold=150.0 Nm
grind: sweep | axis=tangent2 | amplitude=30 mm | frequency=0.20 Hz
coupled stiffness: apply=on | saved=yes | pole=manual
gates: pause_before_set_up=on | pause_auto_damping=on | pause_before_grind=off | debug_period=0.20 s
alignment-target normal=[+0.087, -0.000, +0.996] | tilt a(x)=0.0 deg, b(y)=5.0 deg (from angles)
tool face: 40 x 120 mm | center offset EE=[+0.0, +0.0, +20.0] mm
Gripper already holding the tool (width 65.0 mm); keeping grasp.
Press e+Enter to stop the controller before the duration expires.
During hold: press g+Enter to hand-guide the tool, then p+Enter to recapture and resume hold.
experiment_duration <= 0: running indefinitely until e + Enter.

=== Start pose ===
q_start = [-2.7, 18.1, -5.1, -122.8, 17.5, 139.4, 26.8] deg
p_start = [565.1, -59.2, 151.1] mm

=== Run ===
phase: approach_orient
orient:     t=  0.0 s | axis_err= 11.5 deg | rot_err= 11.5 deg
approach Dp        auto=[ 134.15,   97.24,  122.27]  manual=[  20.00,   20.00,   20.00] Ns/m
approach DR        auto=[  12.73,   16.37,    4.08]  manual=[  12.00,   12.00,   12.00] Nms/rad
orient:     t=  0.2 s | axis_err=  4.6 deg | rot_err=  4.6 deg
orient:     t=  0.4 s | axis_err=  2.3 deg | rot_err=  2.3 deg

Orientation reached: axis_err=1.9 deg
phase: approach_descend
descend:    t=  0.0 s | distance=   0.1 mm | height= +98.0 mm (target 20.0) | force=  0.0 N
descend:    t=  0.2 s | distance=  20.1 mm | height= +85.9 mm (target 20.0) | force=  0.1 N
descend:    t=  0.4 s | distance=  40.1 mm | height= +69.3 mm (target 20.0) | force=  1.5 N
descend:    t=  0.6 s | distance=  60.2 mm | height= +52.0 mm (target 20.0) | force=  2.4 N
descend:    t=  0.8 s | distance=  80.3 mm | height= +34.4 mm (target 20.0) | force=  1.4 N

[GATE] Reached 20 mm above the plane. Press Enter to start the set-up press (e+Enter stops).
pause auto damping: fitted Dp factor=0.551, DR factor=1.959
pause Dp [xyz]     auto=[ 206.66,  155.18,  224.82]  manual=[ 200.00,  200.00,  200.00] Ns/m
pause DR [t1t2n]   auto=[  11.71,   17.30,    2.04]  manual=[  12.73,   16.37,    4.08] Nms/rad
[GATE] Continuing to the set-up press.
descend:    t= 13.7 s | distance=  96.8 mm | height= +19.5 mm (target 20.0) | force=  0.4 N

Clearance reached: distance=96.8 mm | height=19.5 mm | target=20.0 mm | force=0.4 N (not used for the switch)
offset_ee = [20.0, 60.0, 20.0] mm
p_EE_at_contact = [546.7, -63.7, 65.5] mm
contact_point = [560.4, -124.4, 24.1] mm
edge_offset_base = [13.7, -60.7, -41.4] mm
phase: set_up
set_up Dp [xyz]    auto=[ 237.17,  178.11,  108.08]  manual=[  10.00,   10.00,  175.00] Ns/m
set_up DR [t1t2n]  auto=[   1.41,    2.08,    0.78]  manual=[  10.01,   10.01,   10.00] Nms/rad
set_up:     t=  0.0 s | tip=  0.0 deg | F=  0.0 N | M=  0.0 Nm (limit 150.0) | edge= 19.5 mm
set_up:     t=  0.2 s | tip=  0.6 deg | F=  1.0 N | M=  0.5 Nm (limit 150.0) | edge= 13.7 mm
set_up:     t=  0.4 s | tip=  1.2 deg | F=  2.5 N | M=  1.1 Nm (limit 150.0) | edge=  7.4 mm
set_up:     t=  0.6 s | tip=  1.8 deg | F=  2.5 N | M=  1.0 Nm (limit 150.0) | edge=  5.1 mm
set_up:     t=  0.8 s | tip=  2.4 deg | F=  2.4 N | M=  1.0 Nm (limit 150.0) | edge= 11.2 mm
set_up:     t=  1.0 s | tip=  2.9 deg | F=  9.2 N | M=  5.0 Nm (limit 150.0) | edge= 17.9 mm
set_up:     t=  1.2 s | tip=  2.9 deg | F= 11.5 N | M=  6.6 Nm (limit 150.0) | edge= 18.2 mm
set_up:     t=  1.4 s | tip=  3.0 deg | F= 15.1 N | M=  8.7 Nm (limit 150.0) | edge= 19.2 mm
set_up:     t=  1.6 s | tip=  3.2 deg | F= 17.8 N | M= 10.2 Nm (limit 150.0) | edge= 20.5 mm
set_up:     t=  1.8 s | tip=  3.3 deg | F= 21.9 N | M= 12.6 Nm (limit 150.0) | edge= 21.0 mm
set_up:     t=  2.0 s | tip=  3.5 deg | F= 25.6 N | M= 14.9 Nm (limit 150.0) | edge= 21.3 mm
set_up:     t=  2.2 s | tip=  4.1 deg | F= 27.9 N | M= 16.3 Nm (limit 150.0) | edge= 22.1 mm
set_up:     t=  2.4 s | tip=  4.8 deg | F= 30.8 N | M= 17.8 Nm (limit 150.0) | edge= 22.9 mm
set_up:     t=  2.6 s | tip=  5.8 deg | F= 33.7 N | M= 19.2 Nm (limit 150.0) | edge= 24.1 mm
set_up:     t=  2.8 s | tip=  7.3 deg | F= 35.1 N | M= 20.0 Nm (limit 150.0) | edge= 25.7 mm
set_up:     t=  3.0 s | tip=  9.0 deg | F= 37.1 N | M= 20.9 Nm (limit 150.0) | edge= 27.5 mm
set_up:     t=  3.2 s | tip= 10.8 deg | F= 40.2 N | M= 22.7 Nm (limit 150.0) | edge= 29.2 mm
set_up:     t=  3.4 s | tip= 12.6 deg | F= 44.3 N | M= 25.4 Nm (limit 150.0) | edge= 31.2 mm
set_up:     t=  3.6 s | tip= 14.2 deg | F= 45.1 N | M= 25.4 Nm (limit 150.0) | edge= 33.2 mm
set_up:     t=  3.8 s | tip= 15.8 deg | F= 49.0 N | M= 27.7 Nm (limit 150.0) | edge= 34.7 mm
set_up:     t=  4.0 s | tip= 17.0 deg | F= 52.9 N | M= 30.2 Nm (limit 150.0) | edge= 36.3 mm
set_up:     t=  4.2 s | tip= 17.6 deg | F= 47.8 N | M= 27.3 Nm (limit 150.0) | edge= 36.9 mm
set_up:     t=  4.4 s | tip= 17.7 deg | F= 47.6 N | M= 26.9 Nm (limit 150.0) | edge= 37.0 mm
set_up:     t=  4.6 s | tip= 17.7 deg | F= 47.8 N | M= 27.0 Nm (limit 150.0) | edge= 37.0 mm
set_up:     t=  4.8 s | tip= 17.7 deg | F= 47.8 N | M= 27.0 Nm (limit 150.0) | edge= 37.0 mm
set_up:     t=  5.0 s | tip= 17.7 deg | F= 47.7 N | M= 27.0 Nm (limit 150.0) | edge= 37.0 mm
set_up:     t=  5.2 s | tip= 17.7 deg | F= 47.7 N | M= 27.0 Nm (limit 150.0) | edge= 37.0 mm
set_up:     t=  5.4 s | tip= 17.7 deg | F= 47.8 N | M= 27.0 Nm (limit 150.0) | edge= 37.0 mm
set_up:     t=  5.6 s | tip= 17.7 deg | F= 47.7 N | M= 26.9 Nm (limit 150.0) | edge= 37.0 mm
set_up:     t=  5.8 s | tip= 17.7 deg | F= 47.8 N | M= 27.0 Nm (limit 150.0) | edge= 37.0 mm
set_up:     t=  6.0 s | tip= 17.7 deg | F= 47.8 N | M= 27.0 Nm (limit 150.0) | edge= 37.0 mm
set_up:     t=  6.2 s | tip= 17.7 deg | F= 47.8 N | M= 27.0 Nm (limit 150.0) | edge= 37.1 mm
set_up:     t=  6.4 s | tip= 17.7 deg | F= 47.8 N | M= 27.0 Nm (limit 150.0) | edge= 37.1 mm
set_up:     t=  6.6 s | tip= 17.7 deg | F= 47.8 N | M= 27.0 Nm (limit 150.0) | edge= 37.1 mm
set_up:     t=  6.8 s | tip= 17.7 deg | F= 47.8 N | M= 27.0 Nm (limit 150.0) | edge= 37.1 mm
set_up:     t=  7.0 s | tip= 17.7 deg | F= 47.7 N | M= 27.0 Nm (limit 150.0) | edge= 37.1 mm
set_up:     t=  7.2 s | tip= 17.7 deg | F= 47.7 N | M= 27.0 Nm (limit 150.0) | edge= 37.1 mm
set_up:     t=  7.4 s | tip= 17.7 deg | F= 47.7 N | M= 26.9 Nm (limit 150.0) | edge= 37.1 mm
set_up:     t=  7.6 s | tip= 17.7 deg | F= 47.7 N | M= 26.9 Nm (limit 150.0) | edge= 37.1 mm
set_up:     t=  7.8 s | tip= 17.7 deg | F= 47.6 N | M= 26.9 Nm (limit 150.0) | edge= 37.1 mm
set_up:     t=  8.0 s | tip= 17.7 deg | F= 47.6 N | M= 26.9 Nm (limit 150.0) | edge= 37.1 mm
set_up:     t=  8.2 s | tip= 17.7 deg | F= 47.6 N | M= 26.9 Nm (limit 150.0) | edge= 37.1 mm
set_up:     t=  8.4 s | tip= 17.7 deg | F= 47.6 N | M= 26.9 Nm (limit 150.0) | edge= 37.1 mm
set_up:     t=  8.6 s | tip= 17.7 deg | F= 47.6 N | M= 26.9 Nm (limit 150.0) | edge= 37.1 mm
set_up:     t=  8.8 s | tip= 17.7 deg | F= 47.6 N | M= 26.9 Nm (limit 150.0) | edge= 37.1 mm
set_up:     t=  9.0 s | tip= 17.7 deg | F= 47.7 N | M= 26.9 Nm (limit 150.0) | edge= 37.1 mm
set_up:     t=  9.2 s | tip= 17.7 deg | F= 47.6 N | M= 26.9 Nm (limit 150.0) | edge= 37.1 mm
set_up:     t=  9.4 s | tip= 17.7 deg | F= 47.6 N | M= 26.9 Nm (limit 150.0) | edge= 37.1 mm
set_up:     t=  9.6 s | tip= 17.7 deg | F= 47.6 N | M= 26.9 Nm (limit 150.0) | edge= 37.1 mm
set_up:     t=  9.8 s | tip= 17.7 deg | F= 47.6 N | M= 26.9 Nm (limit 150.0) | edge= 37.1 mm
set_up:     t= 10.0 s | tip= 17.7 deg | F= 47.6 N | M= 26.9 Nm (limit 150.0) | edge= 37.1 mm
set_up:     t= 10.2 s | tip= 17.7 deg | F= 47.5 N | M= 26.8 Nm (limit 150.0) | edge= 37.1 mm
set_up:     t= 10.4 s | tip= 17.7 deg | F= 47.6 N | M= 26.8 Nm (limit 150.0) | edge= 37.1 mm
set_up:     t= 10.6 s | tip= 17.7 deg | F= 47.6 N | M= 26.9 Nm (limit 150.0) | edge= 37.1 mm
set_up:     t= 10.8 s | tip= 17.7 deg | F= 47.7 N | M= 26.9 Nm (limit 150.0) | edge= 37.1 mm
set_up:     t= 11.0 s | tip= 17.7 deg | F= 47.6 N | M= 26.9 Nm (limit 150.0) | edge= 37.1 mm
set_up:     t= 11.2 s | tip= 17.7 deg | F= 47.6 N | M= 26.9 Nm (limit 150.0) | edge= 37.1 mm
set_up:     t= 11.4 s | tip= 17.7 deg | F= 47.7 N | M= 26.9 Nm (limit 150.0) | edge= 37.1 mm
set_up:     t= 11.6 s | tip= 17.7 deg | F= 47.7 N | M= 26.9 Nm (limit 150.0) | edge= 37.1 mm
set_up:     t= 11.8 s | tip= 17.7 deg | F= 47.6 N | M= 26.9 Nm (limit 150.0) | edge= 37.1 mm

=== Set-up result ===
stop: time | t=12.0 s | tip=17.7 deg | F=47.6 N | M=26.9 Nm
edge_from_contact = [-29.6, +2.3, -22.4] mm | norm=37.1 mm
tcp_from_contact  = [-37.0, +61.9, +5.7] mm | norm=72.4 mm
alignment: before=0.49 deg | after=18.02 deg | gain=-17.53 deg

=== Set-up surface-frame breakdown ===
frame: alignment-target [tangent1, tangent2, normal]
force        [N]      = [    -4.61,     +1.36,    -47.36]
tcp_disp     [mm]     = [   -20.03,     +1.28,    -37.61]
edge_disp    [mm]     = [   -27.49,     +2.28,    -24.86]
Kp_eff=F/tcp [N/m]    = [    230.1,    1064.2,    1259.3]
moment@edge  [Nm]     = [    +2.95,    +25.64,     +0.50]
tip_angle    [deg]    = [    -2.41,    -17.58,     +0.07]
KR_eff=M/ang [Nm/rad] = [    -70.1,     -83.6,     429.9]

finite_axis: angle=17.7 deg | axis_from_edge=[-85.5, +13.0, +83.6] mm | dir=[+0.135, +0.991, -0.016] | pitch=-4.5 mm/rad

=== Coupled stiffness from the measured pole ===
source spring K_pole/D_pole (diagonal, from parameters):
  Kp [N/m]     = [2000, 2000, 350]
  KR [Nm/rad]  = [5, 5, 50]
  Dp [Ns/m]    = [10, 10, 175]
  DR [Nms/rad] = [10.01, 10.01, 10]

poles compared (lever r_c = TCP - pole):
  (A) measured axis : angle=17.7 deg | pitch=-4.5 mm/rad
      pole_from_edge = [-56.2, 9.3, 105.9] mm
      r_c            = [48.8, 50.3, -77.9] mm
  (B) manual pole   : COMMANDED this run, contact reference
      pole_from_edge = [116.2, -2.3, 95.1] mm
      r_c            = [-100.4, 60.7, -31.3] mm
      r_c(B)-r_c(A)  = [-149.2, 10.3, 46.6] mm

K_TCP = Ad^T K_pole Ad  [rows fx..mz | cols tx..rz]:
  (A) measured axis:
           tx        ty        tz    |    rx        ry        rz
  fx [    2000        0        0 |        0    155.8    100.7 ]
  fy [       0     2000        0 |   -155.8        0   -97.51 ]
  fz [       0        0      350 |   -17.62    17.07        0 ]
     ---------------------------+---------------------------
  mx [       0   -155.8   -17.62 |    18.37   -0.859    11.51 ]
  my [   155.8        0    17.07 |   -0.859    17.97    7.844 ]
  mz [   100.7   -97.51        0 |    11.51    7.844    59.48 ]
  (A) K_TCP eigenvalues = [4.945, 4.973, 49.72, 351.7, 2012, 2022] -> PSD ok (>=0) (min=4.945)
  (B) manual pole:
           tx        ty        tz    |    rx        ry        rz
  fx [    2000        0        0 |        0    62.68    121.3 ]
  fy [       0     2000        0 |   -62.68        0    200.8 ]
  fz [       0        0      350 |   -21.23   -35.14        0 ]
     ---------------------------+---------------------------
  mx [       0   -62.68   -21.23 |    8.594    2.132   -2.387 ]
  my [   62.68        0   -35.14 |    2.132    10.49    3.802 ]
  mz [   121.3    200.8        0 |   -2.387    3.802    77.18 ]
  (B) K_TCP eigenvalues = [4.926, 4.992, 49.34, 354.9, 2002, 2030] -> PSD ok (>=0) (min=4.926)

D_TCP = Ad^T D_pole Ad:
  (A) measured axis:
           tx        ty        tz    |    rx        ry        rz
  fx [   237.2        0        0 |        0    18.48    11.94 ]
  fy [       0    178.1        0 |   -13.88        0   -8.684 ]
  fz [       0        0    108.1 |   -5.441     5.27        0 ]
     ---------------------------+---------------------------
  mx [       0   -13.88   -5.441 |    2.759  -0.2653   0.6217 ]
  my [   18.48        0     5.27 |  -0.2653    3.772   0.9302 ]
  mz [   11.94   -8.684        0 |   0.6217   0.9302    1.804 ]
  (A) D_TCP eigenvalues = [0.7707, 1.397, 2.058, 108.6, 179.6, 239.2] -> PSD ok (>=0) (min=0.7707)
  (B) manual pole:
           tx        ty        tz    |    rx        ry        rz
  fx [   237.2        0        0 |        0    7.433    14.39 ]
  fy [       0    178.1        0 |   -5.582        0    17.88 ]
  fz [       0        0    108.1 |   -6.556   -10.85        0 ]
     ---------------------------+---------------------------
  mx [       0   -5.582   -6.556 |    1.976   0.6583  -0.6155 ]
  my [   7.433        0   -10.85 |   0.6583    3.398   0.4509 ]
  mz [   14.39    17.88        0 |  -0.6155   0.4509    3.448 ]
  (B) D_TCP eigenvalues = [0.765, 1.401, 2.053, 109.6, 180.1, 238.3] -> PSD ok (>=0) (min=0.765)
phase: grind

Stop requested with e + Enter. Finishing control loop...

Joint motion [deg]:
joint    start   final   delta
------------------------------
q1       -2.7    -6.9    -4.2
q2       18.1    36.7    18.6
q3       -5.1    -1.8     3.4
q4     -122.8  -111.8    11.0
q5       17.5    -1.8   -19.3
q6      139.4   129.6    -9.8
q7       26.8    41.4    14.6

=== Final result ===
p_d = [529.3, -93.7, -133.3] mm
p_EE = [534.7, -87.3, 25.8] mm
e_p = [-5.4, -6.4, -159.0] mm
position_error = 159.24 mm
e_R = [0.30, -13.73, 0.96] deg
rotation_error = 13.76 deg
csv: surface_grinding_controller_log.csv
