
Press Enter to recover and configure the robot.
Robot recovered or already ready.
Collision: custom thresholds.

=== Startup choice ===
  q = go to q_init (from params/common.txt), then choose again
  g = guiding mode: go to q_init, then hand-guide to your pose;
      use s+Enter for sequence or h+Enter for hold
  o = open the Franka hand now (release/load tool), then choose again
  c = close/grasp the tool now, then choose again
  r = continue to run mode (available after q_init is reached)
Choice [q/g/o/c/r, Enter = q]: Moving to q_init...
q_init reached.

=== Startup choice ===
  q = go to q_init (from params/common.txt), then choose again
  g = guiding mode: go to q_init, then hand-guide to your pose;
      use s+Enter for sequence or h+Enter for hold
  o = open the Franka hand now (release/load tool), then choose again
  c = close/grasp the tool now, then choose again
  r = continue to run mode
Choice [q/g/o/c/r, Enter = q]: 
=== Run mode ===
  s = phase sequence (approach / set up / grind)
  h = hold at the start pose
Choice [s/h, Enter = s]: Selected: phase sequence. Nullspace mode from parameters: nullspace_damping_plus_sigma.

=== Setup ===
run: phase sequence | approach_orient: on | nullspace: nullspace_damping_plus_sigma
nullspace parameters: d_null=2.000 | k_sigma=1.000 Nm | alpha=0.0800 rad
hold: Kp=300.0 N/m | KR=40.0 Nm/rad | damping=auto translation+rotation (factor fitted online toward Dp=50.0 Ns/m)
manual_guidance_start: off | manual_damping=0.50
descend: clearance=20.0 mm | speed=0.100 m/s | max_distance=640 mm
alignment push: start=captured | end=+180 mm | speed=0.050 m/s | ramp_time~=4.0 s | timeout=12.0 s | moment_threshold=150.0 Nm
grind: sweep | axis=tangent2 | amplitude=30 mm | frequency=0.20 Hz
coupled stiffness: apply=on | saved=yes | pole=manual
gates: pause_before_set_up=on | pause_auto_damping=on | pause_before_grind=off | debug_period=0.20 s
alignment-target normal=[+0.087, -0.000, +0.996] | tilt a(x)=0.0 deg, b(y)=5.0 deg (from angles)
tool face: 40 x 120 mm | center offset EE=[+0.0, +0.0, +20.0] mm
Gripper already holding the tool (width 65.0 mm); keeping grasp.
Press e+Enter to stop the controller before the duration expires.
During hold: press g+Enter to hand-guide the tool, then p+Enter to recapture and resume hold.
experiment_duration <= 0: running indefinitely until e + Enter.

=== Start pose ===
q_start = [-2.7, 18.1, -5.1, -122.8, 17.5, 139.5, 26.8] deg
p_start = [565.2, -59.4, 151.1] mm

=== Run ===
phase: approach_orient
orient:     t=  0.0 s | axis_err= 11.5 deg | rot_err= 11.5 deg
approach Dp        auto=[ 134.14,   97.24,  122.28]  manual=[  20.00,   20.00,   20.00] Ns/m
approach DR        auto=[  12.73,   16.36,    4.08]  manual=[  12.00,   12.00,   12.00] Nms/rad
orient:     t=  0.2 s | axis_err=  4.6 deg | rot_err=  4.6 deg
orient:     t=  0.4 s | axis_err=  2.5 deg | rot_err=  2.5 deg

Orientation reached: axis_err=2.0 deg
phase: approach_descend
descend:    t=  0.0 s | distance=   0.1 mm | height= +95.9 mm (target 20.0) | force= -0.0 N
descend:    t=  0.2 s | distance=  20.1 mm | height= +83.8 mm (target 20.0) | force=  2.4 N
descend:    t=  0.4 s | distance=  40.1 mm | height= +67.8 mm (target 20.0) | force=  2.5 N
descend:    t=  0.6 s | distance=  60.2 mm | height= +50.9 mm (target 20.0) | force=  2.7 N
descend:    t=  0.8 s | distance=  80.3 mm | height= +33.4 mm (target 20.0) | force=  2.1 N

[GATE] Reached 20 mm above the plane. Press Enter to start the set-up press (e+Enter stops).
pause auto damping: fitted Dp factor=0.551, DR factor=1.960
pause Dp [xyz]     auto=[ 206.55,  155.21,  224.90]  manual=[ 200.00,  200.00,  200.00] Ns/m
pause DR [t1t2n]   auto=[  11.73,   17.28,    2.04]  manual=[  12.73,   16.36,    4.08] Nms/rad
[GATE] Continuing to the set-up press.
descend:    t=  1.5 s | distance=  95.7 mm | height= +19.5 mm (target 20.0) | force=  1.1 N

Clearance reached: distance=95.7 mm | height=19.5 mm | target=20.0 mm | force=1.1 N (not used for the switch)
offset_ee = [20.0, 60.0, 20.0] mm
p_EE_at_contact = [546.3, -64.5, 65.5] mm
contact_point = [560.1, -125.1, 24.1] mm
edge_offset_base = [13.8, -60.6, -41.4] mm
phase: set_up
set_up Dp [xyz]    auto=[ 237.06,  178.16,  108.13]  manual=[  10.00,   10.00,  175.00] Ns/m
set_up DR [t1t2n]  auto=[   1.41,    2.07,    0.77]  manual=[  10.01,   10.01,   10.00] Nms/rad
set_up:     t=  0.0 s | tip=  0.0 deg | F=  0.0 N | M=  0.0 Nm (limit 150.0) | edge= 19.5 mm
set_up:     t=  0.2 s | tip=  0.5 deg | F=  1.3 N | M=  0.6 Nm (limit 150.0) | edge= 13.5 mm
set_up:     t=  0.4 s | tip=  1.2 deg | F=  2.6 N | M=  1.1 Nm (limit 150.0) | edge=  6.4 mm
set_up:     t=  0.6 s | tip=  1.7 deg | F=  3.1 N | M=  1.3 Nm (limit 150.0) | edge=  5.7 mm
set_up:     t=  0.8 s | tip=  2.2 deg | F=  2.2 N | M=  0.7 Nm (limit 150.0) | edge= 13.4 mm
set_up:     t=  1.0 s | tip=  2.2 deg | F= 12.1 N | M=  6.5 Nm (limit 150.0) | edge= 19.7 mm
set_up:     t=  1.2 s | tip=  2.2 deg | F= 12.9 N | M=  7.0 Nm (limit 150.0) | edge= 19.8 mm
set_up:     t=  1.4 s | tip=  2.2 deg | F= 16.9 N | M=  9.2 Nm (limit 150.0) | edge= 19.9 mm
set_up:     t=  1.6 s | tip=  2.2 deg | F= 20.4 N | M= 11.1 Nm (limit 150.0) | edge= 20.0 mm
set_up:     t=  1.8 s | tip=  2.2 deg | F= 24.1 N | M= 13.0 Nm (limit 150.0) | edge= 20.1 mm
set_up:     t=  2.0 s | tip=  2.3 deg | F= 27.6 N | M= 14.8 Nm (limit 150.0) | edge= 20.2 mm
set_up:     t=  2.2 s | tip=  2.3 deg | F= 31.4 N | M= 16.8 Nm (limit 150.0) | edge= 20.3 mm
set_up:     t=  2.4 s | tip=  2.4 deg | F= 35.0 N | M= 18.7 Nm (limit 150.0) | edge= 20.4 mm
set_up:     t=  2.6 s | tip=  2.6 deg | F= 38.0 N | M= 20.1 Nm (limit 150.0) | edge= 20.6 mm
set_up:     t=  2.8 s | tip=  2.7 deg | F= 42.6 N | M= 22.3 Nm (limit 150.0) | edge= 20.7 mm
set_up:     t=  3.0 s | tip=  2.7 deg | F= 46.4 N | M= 24.3 Nm (limit 150.0) | edge= 20.8 mm
set_up:     t=  3.2 s | tip=  2.8 deg | F= 50.0 N | M= 26.1 Nm (limit 150.0) | edge= 20.9 mm
set_up:     t=  3.4 s | tip=  2.8 deg | F= 53.7 N | M= 27.8 Nm (limit 150.0) | edge= 21.0 mm
set_up:     t=  3.6 s | tip=  2.9 deg | F= 57.4 N | M= 29.6 Nm (limit 150.0) | edge= 21.1 mm
set_up:     t=  3.8 s | tip=  2.9 deg | F= 61.1 N | M= 31.4 Nm (limit 150.0) | edge= 21.2 mm
set_up:     t=  4.0 s | tip=  2.9 deg | F= 65.1 N | M= 33.5 Nm (limit 150.0) | edge= 21.3 mm
set_up:     t=  4.2 s | tip=  2.9 deg | F= 60.5 N | M= 30.9 Nm (limit 150.0) | edge= 21.2 mm
set_up:     t=  4.4 s | tip=  2.9 deg | F= 60.5 N | M= 30.8 Nm (limit 150.0) | edge= 21.3 mm
set_up:     t=  4.6 s | tip=  2.9 deg | F= 60.5 N | M= 30.9 Nm (limit 150.0) | edge= 21.2 mm
set_up:     t=  4.8 s | tip=  2.9 deg | F= 60.5 N | M= 30.8 Nm (limit 150.0) | edge= 21.2 mm
set_up:     t=  5.0 s | tip=  2.9 deg | F= 60.4 N | M= 30.8 Nm (limit 150.0) | edge= 21.2 mm
set_up:     t=  5.2 s | tip=  2.9 deg | F= 60.4 N | M= 30.8 Nm (limit 150.0) | edge= 21.2 mm
set_up:     t=  5.4 s | tip=  2.9 deg | F= 60.4 N | M= 30.8 Nm (limit 150.0) | edge= 21.3 mm
set_up:     t=  5.6 s | tip=  2.9 deg | F= 60.4 N | M= 30.8 Nm (limit 150.0) | edge= 21.3 mm
set_up:     t=  5.8 s | tip=  2.9 deg | F= 60.4 N | M= 30.8 Nm (limit 150.0) | edge= 21.3 mm
set_up:     t=  6.0 s | tip=  2.9 deg | F= 60.4 N | M= 30.8 Nm (limit 150.0) | edge= 21.3 mm
set_up:     t=  6.2 s | tip=  2.9 deg | F= 60.4 N | M= 30.8 Nm (limit 150.0) | edge= 21.3 mm
set_up:     t=  6.4 s | tip=  2.9 deg | F= 60.4 N | M= 30.8 Nm (limit 150.0) | edge= 21.3 mm
set_up:     t=  6.6 s | tip=  2.9 deg | F= 60.4 N | M= 30.7 Nm (limit 150.0) | edge= 21.3 mm
set_up:     t=  6.8 s | tip=  2.9 deg | F= 60.4 N | M= 30.7 Nm (limit 150.0) | edge= 21.3 mm
set_up:     t=  7.0 s | tip=  2.9 deg | F= 60.4 N | M= 30.7 Nm (limit 150.0) | edge= 21.3 mm
set_up:     t=  7.2 s | tip=  2.9 deg | F= 60.4 N | M= 30.7 Nm (limit 150.0) | edge= 21.3 mm
set_up:     t=  7.4 s | tip=  2.9 deg | F= 60.4 N | M= 30.7 Nm (limit 150.0) | edge= 21.3 mm
set_up:     t=  7.6 s | tip=  2.9 deg | F= 60.4 N | M= 30.7 Nm (limit 150.0) | edge= 21.3 mm
set_up:     t=  7.8 s | tip=  2.9 deg | F= 60.3 N | M= 30.7 Nm (limit 150.0) | edge= 21.3 mm
set_up:     t=  8.0 s | tip=  2.9 deg | F= 60.3 N | M= 30.7 Nm (limit 150.0) | edge= 21.3 mm
set_up:     t=  8.2 s | tip=  2.9 deg | F= 60.3 N | M= 30.7 Nm (limit 150.0) | edge= 21.3 mm
set_up:     t=  8.4 s | tip=  2.9 deg | F= 60.3 N | M= 30.7 Nm (limit 150.0) | edge= 21.3 mm
set_up:     t=  8.6 s | tip=  2.9 deg | F= 60.3 N | M= 30.7 Nm (limit 150.0) | edge= 21.3 mm
set_up:     t=  8.8 s | tip=  2.9 deg | F= 60.3 N | M= 30.7 Nm (limit 150.0) | edge= 21.3 mm
set_up:     t=  9.0 s | tip=  2.9 deg | F= 60.3 N | M= 30.7 Nm (limit 150.0) | edge= 21.3 mm
set_up:     t=  9.2 s | tip=  2.9 deg | F= 60.3 N | M= 30.7 Nm (limit 150.0) | edge= 21.3 mm
set_up:     t=  9.4 s | tip=  2.9 deg | F= 60.3 N | M= 30.6 Nm (limit 150.0) | edge= 21.3 mm
set_up:     t=  9.6 s | tip=  2.9 deg | F= 60.4 N | M= 30.7 Nm (limit 150.0) | edge= 21.3 mm
set_up:     t=  9.8 s | tip=  2.9 deg | F= 60.3 N | M= 30.7 Nm (limit 150.0) | edge= 21.3 mm
set_up:     t= 10.0 s | tip=  2.9 deg | F= 60.3 N | M= 30.7 Nm (limit 150.0) | edge= 21.3 mm
set_up:     t= 10.2 s | tip=  2.9 deg | F= 60.3 N | M= 30.6 Nm (limit 150.0) | edge= 21.3 mm
set_up:     t= 10.4 s | tip=  2.9 deg | F= 60.3 N | M= 30.6 Nm (limit 150.0) | edge= 21.3 mm
set_up:     t= 10.6 s | tip=  2.9 deg | F= 60.3 N | M= 30.6 Nm (limit 150.0) | edge= 21.3 mm
set_up:     t= 10.8 s | tip=  2.9 deg | F= 60.2 N | M= 30.6 Nm (limit 150.0) | edge= 21.3 mm
set_up:     t= 11.0 s | tip=  2.9 deg | F= 60.3 N | M= 30.6 Nm (limit 150.0) | edge= 21.3 mm
set_up:     t= 11.2 s | tip=  2.9 deg | F= 60.2 N | M= 30.6 Nm (limit 150.0) | edge= 21.3 mm
set_up:     t= 11.4 s | tip=  2.9 deg | F= 60.2 N | M= 30.6 Nm (limit 150.0) | edge= 21.3 mm
set_up:     t= 11.6 s | tip=  2.9 deg | F= 60.2 N | M= 30.6 Nm (limit 150.0) | edge= 21.3 mm
set_up:     t= 11.8 s | tip=  2.9 deg | F= 60.2 N | M= 30.6 Nm (limit 150.0) | edge= 21.3 mm

=== Set-up result ===
stop: time | t=12.0 s | tip=2.9 deg | F=60.2 N | M=30.6 Nm
edge_from_contact = [-7.3, +0.5, -20.0] mm | norm=21.3 mm
tcp_from_contact  = [-22.5, +61.4, +1.6] mm | norm=65.4 mm
alignment: before=0.48 deg | after=2.85 deg | gain=-2.36 deg

=== Set-up surface-frame breakdown ===
frame: alignment-target [tangent1, tangent2, normal]
force        [N]      = [   -14.77,     -4.29,    -58.22]
tcp_disp     [mm]     = [    -5.18,     +0.72,    -40.34]
edge_disp    [mm]     = [    -5.51,     +0.51,    -20.53]
Kp_eff=F/tcp [N/m]    = [   2852.9,   -5955.8,    1443.4]
moment@edge  [Nm]     = [    +1.15,    +28.77,     -2.42]
tip_angle    [deg]    = [    +1.07,     -2.62,     -0.56]
KR_eff=M/ang [Nm/rad] = [     61.8,    -628.4,     246.0]

finite_axis: angle=2.9 deg | axis_from_edge=[-366.1, -170.9, +117.8] mm | dir=[-0.351, +0.908, +0.227] | pitch=-29.9 mm/rad

=== Coupled stiffness from the measured pole ===
source spring K_pole/D_pole (diagonal, from parameters):
  Kp [N/m]     = [2000, 2000, 350]
  KR [Nm/rad]  = [5, 5, 50]
  Dp [Ns/m]    = [10, 10, 175]
  DR [Nms/rad] = [10.01, 10.01, 10]

poles compared (lever r_c = TCP - pole):
  (A) measured axis : angle=2.9 deg | pitch=-29.9 mm/rad
      pole_from_edge = [-358.3, -172.8, 137.5] mm
      r_c            = [343.1, 233.7, -115.9] mm
  (B) manual pole   : COMMANDED this run, contact reference
      pole_from_edge = [14.3, 79.5, 99.7] mm
      r_c            = [-20.8, -19.4, -38.3] mm
      r_c(B)-r_c(A)  = [-363.9, -253.0, 77.5] mm

K_TCP = Ad^T K_pole Ad  [rows fx..mz | cols tx..rz]:
  (A) measured axis:
           tx        ty        tz    |    rx        ry        rz
  fx [    2000        0        0 |        0    231.7    467.3 ]
  fy [       0     2000        0 |   -231.7        0   -686.3 ]
  fz [       0        0      350 |   -81.78    120.1        0 ]
     ---------------------------+---------------------------
  mx [       0   -231.7   -81.78 |    51.31   -28.06    83.43 ]
  my [   231.7        0    120.1 |   -28.06    73.06    54.15 ]
  mz [   467.3   -686.3        0 |    83.43    54.15    394.3 ]
  (A) K_TCP eigenvalues = [4.209, 4.963, 42.34, 410.1, 2028, 2379] -> PSD ok (>=0) (min=4.209)
  (B) manual pole:
           tx        ty        tz    |    rx        ry        rz
  fx [    2000        0        0 |        0    76.68   -38.72 ]
  fy [       0     2000        0 |   -76.68        0    41.56 ]
  fz [       0        0      350 |    6.777   -7.272        0 ]
     ---------------------------+---------------------------
  mx [       0   -76.68    6.777 |    8.413  -0.1408    2.314 ]
  my [   76.68        0   -7.272 |  -0.1408    8.091   -1.485 ]
  mz [  -38.72    41.56        0 |    2.314   -1.485    51.27 ]
  (B) K_TCP eigenvalues = [4.989, 4.992, 49.97, 350.3, 2003, 2005] -> PSD ok (>=0) (min=4.989)

D_TCP = Ad^T D_pole Ad:
  (A) measured axis:
           tx        ty        tz    |    rx        ry        rz
  fx [   237.1        0        0 |        0    27.47    55.39 ]
  fy [       0    178.2        0 |   -20.64        0   -61.13 ]
  fz [       0        0    108.1 |   -25.27     37.1        0 ]
     ---------------------------+---------------------------
  mx [       0   -20.64   -25.27 |    9.701   -8.669    7.029 ]
  my [   27.47        0     37.1 |   -8.669    17.99    6.419 ]
  mz [   55.39   -61.13        0 |    7.029    6.419     34.7 ]
  (A) D_TCP eigenvalues = [0.6566, 1.309, 1.868, 126.4, 197.2, 258.3] -> PSD ok (>=0) (min=0.6566)
  (B) manual pole:
           tx        ty        tz    |    rx        ry        rz
  fx [   237.1        0        0 |        0    9.089    -4.59 ]
  fy [       0    178.2        0 |   -6.831        0    3.702 ]
  fz [       0        0    108.1 |    2.093   -2.247        0 ]
     ---------------------------+---------------------------
  mx [       0   -6.831    2.093 |    1.708  -0.0435  -0.1971 ]
  my [   9.089        0   -2.247 |  -0.0435    2.468   -0.176 ]
  mz [   -4.59    3.702        0 |  -0.1971   -0.176   0.9455 ]
  (B) D_TCP eigenvalues = [0.7743, 1.407, 2.069, 108.2, 178.5, 237.5] -> PSD ok (>=0) (min=0.7743)
phase: grind

Stop requested with e + Enter. Finishing control loop...

Joint motion [deg]:
joint    start   final   delta
------------------------------
q1       -2.7    -1.4     1.3
q2       18.1    32.3    14.1
q3       -5.1    -2.6     2.5
q4     -122.8  -122.0     0.8
q5       17.5     0.9   -16.6
q6      139.5   146.3     6.8
q7       26.8    42.7    15.9

=== Final result ===
p_d = [528.9, -34.5, -133.2] mm
p_EE = [536.0, -41.0, 25.9] mm
e_p = [-7.1, 6.5, -159.1] mm
position_error = 159.40 mm
e_R = [0.79, -2.84, -0.28] deg
rotation_error = 2.96 deg
csv: surface_grinding_controller_log.csv
