
Press Enter to recover and configure the robot.
Robot recovered or already ready.
Collision: custom thresholds.

=== Startup choice ===
  q = go to q_init (from params/common.txt), then choose again
  g = guiding mode: go to q_init, then hand-guide to your pose;
      use s+Enter for sequence or h+Enter for hold
  o = open the Franka hand now (release/load tool), then choose again
  c = close/grasp the tool now, then choose again
  r = continue to run mode (available after q_init is reached)
Choice [q/g/o/c/r, Enter = q]: Reach q_init with q before continuing.

=== Startup choice ===
  q = go to q_init (from params/common.txt), then choose again
  g = guiding mode: go to q_init, then hand-guide to your pose;
      use s+Enter for sequence or h+Enter for hold
  o = open the Franka hand now (release/load tool), then choose again
  c = close/grasp the tool now, then choose again
  r = continue to run mode (available after q_init is reached)
Choice [q/g/o/c/r, Enter = q]: Moving to q_init...
q_init reached.

=== Startup choice ===
  q = go to q_init (from params/common.txt), then choose again
  g = guiding mode: go to q_init, then hand-guide to your pose;
      use s+Enter for sequence or h+Enter for hold
  o = open the Franka hand now (release/load tool), then choose again
  c = close/grasp the tool now, then choose again
  r = continue to run mode
Choice [q/g/o/c/r, Enter = q]: 
=== Run mode ===
  s = phase sequence (approach / set up / grind)
  h = hold at the start pose
Choice [s/h, Enter = s]: 
Select hold nullspace mode:
  0 = no nullspace torque
  1 = nullspace damping only (no return to q_start)
  2 = sigma optimization only (push toward larger sigma_min)
  3 = sigma optimization + nullspace damping (damped comeback)
Choice [0/1/2/3, Enter = 2]: Selected: hold mode with sigma_optimization_only.

=== Setup ===
run: hold | approach_orient: on | nullspace: sigma_optimization_only
nullspace parameters: d_null=2.000 (inactive) | k_sigma=0.500 Nm | alpha=0.0800 rad
hold: Kp=300.0 N/m | KR=40.0 Nm/rad | damping=auto translation+rotation (factor fitted online toward Dp=50.0 Ns/m)
manual_guidance_start: off | manual_damping=0.50
descend: clearance=20.0 mm | speed=0.100 m/s | max_distance=640 mm
alignment push: start=captured | end=+180 mm | speed=0.050 m/s | ramp_time~=4.0 s | timeout=12.0 s | moment_threshold=150.0 Nm
grind: sweep | axis=tangent2 | amplitude=30 mm | frequency=0.20 Hz
coupled stiffness: apply=on | saved=yes | pole=manual
gates: pause_before_set_up=on | pause_auto_damping=on | pause_before_grind=off | debug_period=0.20 s
alignment-target normal=[+0.087, -0.000, +0.996] | tilt a(x)=0.0 deg, b(y)=5.0 deg (from angles)
tool face: 40 x 120 mm | center offset EE=[+0.0, +0.0, +20.0] mm
Gripper already holding the tool (width 65.5 mm); keeping grasp.
Press e+Enter to stop the controller before the duration expires.
During hold: press g+Enter to hand-guide the tool, then p+Enter to recapture and resume hold.
experiment_duration <= 0: running indefinitely until e + Enter.

=== Start pose ===
q_start = [-2.7, 18.1, -5.1, -122.8, 17.5, 139.5, 26.8] deg
p_start = [565.0, -59.5, 151.2] mm

=== Run ===
phase: hold
hold auto damping: fitted factor=0.561 toward Dp=50.0 Ns/m
hold Dp            auto=[  54.23,   40.59,   52.89]  manual=[  50.00,   50.00,   50.00] Ns/m
hold DR            auto=[   2.54,    3.22,    0.70]  manual=[   8.00,    8.00,    8.00] Nms/rad
sigma:      t=  0.0 s | a=0.080 k=0.500 | min=0.205697 d/dt=n/a | probe=7.56e-04 C=755.7x |grad|=4.72e-03/rad | push tau=0.5000 Nm | vN=0.0015 vBest=-0.0015 rad/s
sigma-joint: nBest=[-0.651 -0.022 +0.660 -0.017 -0.306 +0.056 +0.207] | dominant=q3 (share 43.6%) | ||J*nBest||=9.71e-17
sigma-joint: dqN  =[+0.0010 +0.0000 -0.0010 +0.0000 +0.0005 -0.0001 -0.0003] rad/s | moving=q3 (share 43.6%)
sigma-joint: tauS =[-0.3255 -0.0109 +0.3302 -0.0084 -0.1528 +0.0282 +0.1034] Nm
sigma:      t=  0.2 s | a=0.080 k=0.500 | min=0.205752 d/dt=+2.72e-04/s | probe=7.58e-04 C=757.6x |grad|=4.74e-03/rad | push tau=0.5000 Nm | vN=0.0010 vBest=+0.0010 rad/s
sigma-joint: nBest=[-0.651 -0.022 +0.660 -0.017 -0.306 +0.056 +0.207] | dominant=q3 (share 43.6%) | ||J*nBest||=9.93e-17
sigma-joint: dqN  =[-0.0006 -0.0000 +0.0006 -0.0000 -0.0003 +0.0001 +0.0002] rad/s | moving=q3 (share 43.6%)
sigma-joint: tauS =[-0.3255 -0.0109 +0.3301 -0.0084 -0.1528 +0.0282 +0.1034] Nm
sigma:      t=  0.4 s | a=0.080 k=0.500 | min=0.205762 d/dt=+5.01e-05/s | probe=7.58e-04 C=758.0x |grad|=4.74e-03/rad | push tau=0.5000 Nm | vN=0.0000 vBest=+0.0000 rad/s
sigma-joint: nBest=[-0.651 -0.022 +0.660 -0.017 -0.306 +0.056 +0.207] | dominant=q3 (share 43.6%) | ||J*nBest||=2.06e-16
sigma-joint: dqN  =[-0.0000 -0.0000 +0.0000 -0.0000 -0.0000 +0.0000 +0.0000] rad/s | moving=q3 (share 43.6%)
sigma-joint: tauS =[-0.3256 -0.0109 +0.3301 -0.0084 -0.1528 +0.0282 +0.1034] Nm
sigma:      t=  0.6 s | a=0.080 k=0.500 | min=0.205765 d/dt=+1.53e-05/s | probe=7.58e-04 C=758.1x |grad|=4.74e-03/rad | push tau=0.5000 Nm | vN=0.0005 vBest=+0.0005 rad/s
sigma-joint: nBest=[-0.651 -0.022 +0.660 -0.017 -0.306 +0.056 +0.207] | dominant=q3 (share 43.6%) | ||J*nBest||=1.62e-16
sigma-joint: dqN  =[-0.0003 -0.0000 +0.0003 -0.0000 -0.0001 +0.0000 +0.0001] rad/s | moving=q3 (share 43.6%)
sigma-joint: tauS =[-0.3256 -0.0109 +0.3301 -0.0084 -0.1528 +0.0282 +0.1034] Nm
sigma:      t=  0.8 s | a=0.080 k=0.500 | min=0.205766 d/dt=+6.54e-06/s | probe=7.58e-04 C=758.2x |grad|=4.74e-03/rad | push tau=0.5000 Nm | vN=0.0002 vBest=-0.0002 rad/s
sigma-joint: nBest=[-0.651 -0.022 +0.660 -0.017 -0.306 +0.056 +0.207] | dominant=q3 (share 43.6%) | ||J*nBest||=2.08e-16
sigma-joint: dqN  =[+0.0001 +0.0000 -0.0002 +0.0000 +0.0001 -0.0000 -0.0000] rad/s | moving=q3 (share 43.6%)
sigma-joint: tauS =[-0.3256 -0.0109 +0.3301 -0.0084 -0.1528 +0.0282 +0.1034] Nm
sigma:      t=  1.0 s | a=0.080 k=0.500 | min=0.205767 d/dt=+2.69e-06/s | probe=7.58e-04 C=758.2x |grad|=4.74e-03/rad | push tau=0.5000 Nm | vN=0.0002 vBest=+0.0002 rad/s
sigma-joint: nBest=[-0.651 -0.022 +0.660 -0.017 -0.306 +0.056 +0.207] | dominant=q3 (share 43.6%) | ||J*nBest||=2.37e-16
sigma-joint: dqN  =[-0.0001 -0.0000 +0.0001 -0.0000 -0.0001 +0.0000 +0.0000] rad/s | moving=q3 (share 43.6%)
sigma-joint: tauS =[-0.3256 -0.0109 +0.3301 -0.0084 -0.1528 +0.0282 +0.1034] Nm
sigma:      t=  1.2 s | a=0.080 k=0.500 | min=0.205767 d/dt=+4.20e-06/s | probe=7.58e-04 C=758.2x |grad|=4.74e-03/rad | push tau=0.5000 Nm | vN=0.0009 vBest=+0.0009 rad/s
sigma-joint: nBest=[-0.651 -0.022 +0.660 -0.017 -0.306 +0.056 +0.207] | dominant=q3 (share 43.6%) | ||J*nBest||=1.41e-16
sigma-joint: dqN  =[-0.0006 -0.0000 +0.0006 -0.0000 -0.0003 +0.0001 +0.0002] rad/s | moving=q3 (share 43.6%)
sigma-joint: tauS =[-0.3256 -0.0109 +0.3301 -0.0084 -0.1528 +0.0282 +0.1034] Nm
sigma:      t=  1.4 s | a=0.080 k=0.500 | min=0.205767 d/dt=+1.42e-07/s | probe=7.58e-04 C=758.2x |grad|=4.74e-03/rad | push tau=0.5000 Nm | vN=0.0007 vBest=+0.0007 rad/s
sigma-joint: nBest=[-0.651 -0.022 +0.660 -0.017 -0.306 +0.056 +0.207] | dominant=q3 (share 43.6%) | ||J*nBest||=3.09e-16
sigma-joint: dqN  =[-0.0004 -0.0000 +0.0004 -0.0000 -0.0002 +0.0000 +0.0001] rad/s | moving=q3 (share 43.6%)
sigma-joint: tauS =[-0.3256 -0.0109 +0.3301 -0.0084 -0.1528 +0.0282 +0.1034] Nm
sigma:      t=  1.6 s | a=0.080 k=0.500 | min=0.205768 d/dt=+1.75e-06/s | probe=7.58e-04 C=758.3x |grad|=4.74e-03/rad | push tau=0.5000 Nm | vN=0.0006 vBest=-0.0006 rad/s
sigma-joint: nBest=[-0.651 -0.022 +0.660 -0.017 -0.306 +0.056 +0.207] | dominant=q3 (share 43.6%) | ||J*nBest||=2.01e-16
sigma-joint: dqN  =[+0.0004 +0.0000 -0.0004 +0.0000 +0.0002 -0.0000 -0.0001] rad/s | moving=q3 (share 43.6%)
sigma-joint: tauS =[-0.3256 -0.0109 +0.3301 -0.0084 -0.1528 +0.0282 +0.1034] Nm
sigma:      t=  1.8 s | a=0.080 k=0.500 | min=0.205769 d/dt=+3.73e-06/s | probe=7.58e-04 C=758.2x |grad|=4.74e-03/rad | push tau=0.5000 Nm | vN=0.0007 vBest=+0.0007 rad/s
sigma-joint: nBest=[-0.651 -0.022 +0.660 -0.017 -0.306 +0.056 +0.207] | dominant=q3 (share 43.6%) | ||J*nBest||=1.11e-16
sigma-joint: dqN  =[-0.0004 -0.0000 +0.0004 -0.0000 -0.0002 +0.0000 +0.0001] rad/s | moving=q3 (share 43.6%)
sigma-joint: tauS =[-0.3256 -0.0109 +0.3301 -0.0084 -0.1528 +0.0282 +0.1034] Nm
sigma:      t=  2.0 s | a=0.080 k=0.500 | min=0.205769 d/dt=+1.65e-06/s | probe=7.58e-04 C=758.3x |grad|=4.74e-03/rad | push tau=0.5000 Nm | vN=0.0001 vBest=+0.0001 rad/s
sigma-joint: nBest=[-0.651 -0.022 +0.660 -0.017 -0.306 +0.056 +0.207] | dominant=q3 (share 43.6%) | ||J*nBest||=1.96e-16
sigma-joint: dqN  =[-0.0001 -0.0000 +0.0001 -0.0000 -0.0000 +0.0000 +0.0000] rad/s | moving=q3 (share 43.6%)
sigma-joint: tauS =[-0.3256 -0.0109 +0.3301 -0.0084 -0.1528 +0.0282 +0.1034] Nm
sigma:      t=  2.2 s | a=0.080 k=0.500 | min=0.205769 d/dt=+7.94e-07/s | probe=7.58e-04 C=758.3x |grad|=4.74e-03/rad | push tau=0.5000 Nm | vN=0.0004 vBest=-0.0004 rad/s
sigma-joint: nBest=[-0.651 -0.022 +0.660 -0.017 -0.306 +0.056 +0.207] | dominant=q3 (share 43.6%) | ||J*nBest||=2.90e-16
sigma-joint: dqN  =[+0.0002 +0.0000 -0.0002 +0.0000 +0.0001 -0.0000 -0.0001] rad/s | moving=q3 (share 43.6%)
sigma-joint: tauS =[-0.3256 -0.0109 +0.3301 -0.0084 -0.1528 +0.0282 +0.1034] Nm
sigma:      t=  2.4 s | a=0.080 k=0.500 | min=0.205770 d/dt=+2.38e-06/s | probe=7.58e-04 C=758.3x |grad|=4.74e-03/rad | push tau=0.5000 Nm | vN=0.0001 vBest=+0.0001 rad/s
sigma-joint: nBest=[-0.651 -0.022 +0.660 -0.017 -0.306 +0.056 +0.207] | dominant=q3 (share 43.6%) | ||J*nBest||=3.12e-16
sigma-joint: dqN  =[-0.0001 -0.0000 +0.0001 -0.0000 -0.0000 +0.0000 +0.0000] rad/s | moving=q3 (share 43.6%)
sigma-joint: tauS =[-0.3256 -0.0109 +0.3301 -0.0084 -0.1528 +0.0282 +0.1034] Nm
sigma:      t=  2.6 s | a=0.080 k=0.500 | min=0.205770 d/dt=+1.23e-06/s | probe=7.58e-04 C=758.4x |grad|=4.74e-03/rad | push tau=0.5000 Nm | vN=0.0003 vBest=-0.0003 rad/s
sigma-joint: nBest=[-0.651 -0.022 +0.660 -0.017 -0.306 +0.056 +0.207] | dominant=q3 (share 43.6%) | ||J*nBest||=2.61e-16
sigma-joint: dqN  =[+0.0002 +0.0000 -0.0002 +0.0000 +0.0001 -0.0000 -0.0001] rad/s | moving=q3 (share 43.6%)
sigma-joint: tauS =[-0.3256 -0.0109 +0.3301 -0.0084 -0.1528 +0.0282 +0.1034] Nm
sigma:      t=  2.8 s | a=0.080 k=0.500 | min=0.205770 d/dt=+1.34e-06/s | probe=7.58e-04 C=758.3x |grad|=4.74e-03/rad | push tau=0.5000 Nm | vN=0.0003 vBest=+0.0003 rad/s
sigma-joint: nBest=[-0.651 -0.022 +0.660 -0.017 -0.306 +0.056 +0.207] | dominant=q3 (share 43.6%) | ||J*nBest||=2.63e-16
sigma-joint: dqN  =[-0.0002 -0.0000 +0.0002 -0.0000 -0.0001 +0.0000 +0.0001] rad/s | moving=q3 (share 43.6%)
sigma-joint: tauS =[-0.3256 -0.0109 +0.3301 -0.0084 -0.1528 +0.0282 +0.1034] Nm
sigma:      t=  3.0 s | a=0.080 k=0.500 | min=0.205770 d/dt=-5.27e-07/s | probe=7.58e-04 C=758.3x |grad|=4.74e-03/rad | push tau=0.5000 Nm | vN=0.0009 vBest=-0.0009 rad/s
sigma-joint: nBest=[-0.651 -0.022 +0.660 -0.017 -0.306 +0.056 +0.207] | dominant=q3 (share 43.6%) | ||J*nBest||=6.82e-17
sigma-joint: dqN  =[+0.0006 +0.0000 -0.0006 +0.0000 +0.0003 -0.0000 -0.0002] rad/s | moving=q3 (share 43.6%)
sigma-joint: tauS =[-0.3256 -0.0109 +0.3301 -0.0084 -0.1528 +0.0282 +0.1034] Nm
sigma:      t=  3.2 s | a=0.080 k=0.500 | min=0.205770 d/dt=-1.18e-07/s | probe=7.58e-04 C=758.3x |grad|=4.74e-03/rad | push tau=0.5000 Nm | vN=0.0000 vBest=-0.0000 rad/s
sigma-joint: nBest=[-0.651 -0.022 +0.660 -0.017 -0.306 +0.056 +0.207] | dominant=q3 (share 43.6%) | ||J*nBest||=6.35e-17
sigma-joint: dqN  =[+0.0000 +0.0000 -0.0000 +0.0000 +0.0000 -0.0000 -0.0000] rad/s | moving=q3 (share 43.6%)
sigma-joint: tauS =[-0.3256 -0.0109 +0.3301 -0.0084 -0.1528 +0.0282 +0.1034] Nm
sigma:      t=  3.4 s | a=0.080 k=0.500 | min=0.205770 d/dt=-1.04e-07/s | probe=7.58e-04 C=758.3x |grad|=4.74e-03/rad | push tau=0.5000 Nm | vN=0.0001 vBest=-0.0001 rad/s
sigma-joint: nBest=[-0.651 -0.022 +0.660 -0.017 -0.306 +0.056 +0.207] | dominant=q3 (share 43.6%) | ||J*nBest||=1.49e-16
sigma-joint: dqN  =[+0.0001 +0.0000 -0.0001 +0.0000 +0.0000 -0.0000 -0.0000] rad/s | moving=q3 (share 43.6%)
sigma-joint: tauS =[-0.3256 -0.0109 +0.3301 -0.0084 -0.1528 +0.0282 +0.1034] Nm
sigma:      t=  3.6 s | a=0.080 k=0.500 | min=0.205770 d/dt=+2.37e-06/s | probe=7.58e-04 C=758.3x |grad|=4.74e-03/rad | push tau=0.5000 Nm | vN=0.0001 vBest=-0.0001 rad/s
sigma-joint: nBest=[-0.651 -0.022 +0.660 -0.017 -0.306 +0.056 +0.207] | dominant=q3 (share 43.6%) | ||J*nBest||=1.40e-16
sigma-joint: dqN  =[+0.0001 +0.0000 -0.0001 +0.0000 +0.0000 -0.0000 -0.0000] rad/s | moving=q3 (share 43.6%)
sigma-joint: tauS =[-0.3256 -0.0109 +0.3301 -0.0084 -0.1528 +0.0282 +0.1034] Nm
sigma:      t=  3.8 s | a=0.080 k=0.500 | min=0.205770 d/dt=+4.77e-07/s | probe=7.58e-04 C=758.3x |grad|=4.74e-03/rad | push tau=0.5000 Nm | vN=0.0011 vBest=+0.0011 rad/s
sigma-joint: nBest=[-0.651 -0.022 +0.660 -0.017 -0.306 +0.056 +0.207] | dominant=q3 (share 43.6%) | ||J*nBest||=1.67e-16
sigma-joint: dqN  =[-0.0007 -0.0000 +0.0008 -0.0000 -0.0004 +0.0001 +0.0002] rad/s | moving=q3 (share 43.6%)
sigma-joint: tauS =[-0.3256 -0.0109 +0.3301 -0.0084 -0.1528 +0.0282 +0.1034] Nm
sigma:      t=  4.0 s | a=0.080 k=0.500 | min=0.205771 d/dt=+6.54e-07/s | probe=7.58e-04 C=758.3x |grad|=4.74e-03/rad | push tau=0.5000 Nm | vN=0.0007 vBest=+0.0007 rad/s
sigma-joint: nBest=[-0.651 -0.022 +0.660 -0.017 -0.306 +0.056 +0.207] | dominant=q3 (share 43.6%) | ||J*nBest||=1.12e-16
sigma-joint: dqN  =[-0.0005 -0.0000 +0.0005 -0.0000 -0.0002 +0.0000 +0.0002] rad/s | moving=q3 (share 43.6%)
sigma-joint: tauS =[-0.3256 -0.0109 +0.3301 -0.0084 -0.1528 +0.0282 +0.1034] Nm
sigma:      t=  4.2 s | a=0.080 k=0.500 | min=0.205770 d/dt=-2.20e-06/s | probe=7.58e-04 C=758.3x |grad|=4.74e-03/rad | push tau=0.5000 Nm | vN=0.0010 vBest=+0.0010 rad/s
sigma-joint: nBest=[-0.651 -0.022 +0.660 -0.017 -0.306 +0.056 +0.207] | dominant=q3 (share 43.6%) | ||J*nBest||=1.65e-16
sigma-joint: dqN  =[-0.0007 -0.0000 +0.0007 -0.0000 -0.0003 +0.0001 +0.0002] rad/s | moving=q3 (share 43.6%)
sigma-joint: tauS =[-0.3256 -0.0109 +0.3301 -0.0084 -0.1528 +0.0282 +0.1034] Nm
sigma:      t=  4.4 s | a=0.080 k=0.500 | min=0.205770 d/dt=+1.47e-06/s | probe=7.58e-04 C=758.3x |grad|=4.74e-03/rad | push tau=0.5000 Nm | vN=0.0004 vBest=-0.0004 rad/s
sigma-joint: nBest=[-0.651 -0.022 +0.660 -0.017 -0.306 +0.056 +0.207] | dominant=q3 (share 43.6%) | ||J*nBest||=1.56e-16
sigma-joint: dqN  =[+0.0003 +0.0000 -0.0003 +0.0000 +0.0001 -0.0000 -0.0001] rad/s | moving=q3 (share 43.6%)
sigma-joint: tauS =[-0.3256 -0.0109 +0.3301 -0.0084 -0.1528 +0.0282 +0.1034] Nm
sigma:      t=  4.6 s | a=0.080 k=0.500 | min=0.205771 d/dt=+1.27e-06/s | probe=7.58e-04 C=758.3x |grad|=4.74e-03/rad | push tau=0.5000 Nm | vN=0.0001 vBest=-0.0001 rad/s
sigma-joint: nBest=[-0.651 -0.022 +0.660 -0.017 -0.306 +0.056 +0.207] | dominant=q3 (share 43.6%) | ||J*nBest||=1.90e-16
sigma-joint: dqN  =[+0.0001 +0.0000 -0.0001 +0.0000 +0.0000 -0.0000 -0.0000] rad/s | moving=q3 (share 43.6%)
sigma-joint: tauS =[-0.3256 -0.0109 +0.3301 -0.0084 -0.1528 +0.0282 +0.1034] Nm
sigma:      t=  4.8 s | a=0.080 k=0.500 | min=0.205772 d/dt=+5.82e-06/s | probe=7.58e-04 C=758.4x |grad|=4.74e-03/rad | push tau=0.5000 Nm | vN=0.0005 vBest=+0.0005 rad/s
sigma-joint: nBest=[-0.651 -0.022 +0.660 -0.017 -0.306 +0.056 +0.207] | dominant=q3 (share 43.6%) | ||J*nBest||=1.63e-16
sigma-joint: dqN  =[-0.0003 -0.0000 +0.0003 -0.0000 -0.0002 +0.0000 +0.0001] rad/s | moving=q3 (share 43.6%)
sigma-joint: tauS =[-0.3256 -0.0109 +0.3301 -0.0084 -0.1528 +0.0282 +0.1034] Nm
sigma:      t=  5.0 s | a=0.080 k=0.500 | min=0.205772 d/dt=+6.35e-07/s | probe=7.58e-04 C=758.4x |grad|=4.74e-03/rad | push tau=0.5000 Nm | vN=0.0002 vBest=+0.0002 rad/s
sigma-joint: nBest=[-0.651 -0.022 +0.660 -0.017 -0.306 +0.056 +0.207] | dominant=q3 (share 43.6%) | ||J*nBest||=3.13e-16
sigma-joint: dqN  =[-0.0002 -0.0000 +0.0002 -0.0000 -0.0001 +0.0000 +0.0000] rad/s | moving=q3 (share 43.6%)
sigma-joint: tauS =[-0.3256 -0.0109 +0.3301 -0.0084 -0.1528 +0.0282 +0.1034] Nm
sigma:      t=  5.2 s | a=0.080 k=0.500 | min=0.205776 d/dt=+2.07e-05/s | probe=7.58e-04 C=758.0x |grad|=4.74e-03/rad | push tau=0.5000 Nm | vN=0.0000 vBest=+0.0000 rad/s
sigma-joint: nBest=[-0.651 -0.022 +0.660 -0.017 -0.306 +0.056 +0.207] | dominant=q3 (share 43.6%) | ||J*nBest||=2.05e-16
sigma-joint: dqN  =[-0.0000 -0.0000 +0.0000 -0.0000 -0.0000 +0.0000 +0.0000] rad/s | moving=q3 (share 43.6%)
sigma-joint: tauS =[-0.3256 -0.0109 +0.3301 -0.0084 -0.1528 +0.0282 +0.1034] Nm
sigma:      t=  5.4 s | a=0.080 k=0.500 | min=0.205786 d/dt=+4.97e-05/s | probe=7.59e-04 C=759.3x |grad|=4.75e-03/rad | push tau=0.5000 Nm | vN=0.0001 vBest=+0.0001 rad/s
sigma-joint: nBest=[-0.651 -0.022 +0.660 -0.017 -0.306 +0.056 +0.207] | dominant=q3 (share 43.6%) | ||J*nBest||=2.25e-16
sigma-joint: dqN  =[-0.0000 -0.0000 +0.0000 -0.0000 -0.0000 +0.0000 +0.0000] rad/s | moving=q3 (share 43.6%)
sigma-joint: tauS =[-0.3256 -0.0109 +0.3301 -0.0084 -0.1528 +0.0282 +0.1034] Nm
sigma:      t=  5.6 s | a=0.080 k=0.500 | min=0.205789 d/dt=+1.42e-05/s | probe=7.59e-04 C=758.9x |grad|=4.74e-03/rad | push tau=0.5000 Nm | vN=0.0012 vBest=-0.0012 rad/s
sigma-joint: nBest=[-0.651 -0.022 +0.660 -0.017 -0.306 +0.056 +0.207] | dominant=q3 (share 43.6%) | ||J*nBest||=3.82e-16
sigma-joint: dqN  =[+0.0008 +0.0000 -0.0008 +0.0000 +0.0004 -0.0001 -0.0003] rad/s | moving=q3 (share 43.6%)
sigma-joint: tauS =[-0.3256 -0.0109 +0.3301 -0.0084 -0.1528 +0.0282 +0.1034] Nm
sigma:      t=  5.8 s | a=0.080 k=0.500 | min=0.205793 d/dt=+1.84e-05/s | probe=7.59e-04 C=759.2x |grad|=4.74e-03/rad | push tau=0.5000 Nm | vN=0.0005 vBest=+0.0005 rad/s
sigma-joint: nBest=[-0.651 -0.022 +0.660 -0.017 -0.306 +0.056 +0.207] | dominant=q3 (share 43.6%) | ||J*nBest||=1.38e-16
sigma-joint: dqN  =[-0.0003 -0.0000 +0.0003 -0.0000 -0.0002 +0.0000 +0.0001] rad/s | moving=q3 (share 43.6%)
sigma-joint: tauS =[-0.3256 -0.0109 +0.3301 -0.0084 -0.1528 +0.0282 +0.1034] Nm
sigma:      t=  6.0 s | a=0.080 k=0.500 | min=0.205794 d/dt=+6.09e-06/s | probe=7.59e-04 C=759.4x |grad|=4.75e-03/rad | push tau=0.5000 Nm | vN=0.0008 vBest=-0.0008 rad/s
sigma-joint: nBest=[-0.651 -0.022 +0.660 -0.017 -0.306 +0.056 +0.207] | dominant=q3 (share 43.6%) | ||J*nBest||=2.05e-16
sigma-joint: dqN  =[+0.0005 +0.0000 -0.0005 +0.0000 +0.0002 -0.0000 -0.0002] rad/s | moving=q3 (share 43.6%)
sigma-joint: tauS =[-0.3256 -0.0109 +0.3301 -0.0084 -0.1528 +0.0282 +0.1034] Nm
sigma:      t=  6.2 s | a=0.080 k=0.500 | min=0.205797 d/dt=+1.47e-05/s | probe=7.59e-04 C=759.3x |grad|=4.75e-03/rad | push tau=0.5000 Nm | vN=0.0003 vBest=-0.0003 rad/s
sigma-joint: nBest=[-0.651 -0.022 +0.660 -0.017 -0.306 +0.056 +0.207] | dominant=q3 (share 43.6%) | ||J*nBest||=1.91e-16
sigma-joint: dqN  =[+0.0002 +0.0000 -0.0002 +0.0000 +0.0001 -0.0000 -0.0001] rad/s | moving=q3 (share 43.6%)
sigma-joint: tauS =[-0.3256 -0.0109 +0.3301 -0.0084 -0.1528 +0.0282 +0.1034] Nm
sigma:      t=  6.4 s | a=0.080 k=0.500 | min=0.205798 d/dt=+4.59e-06/s | probe=7.59e-04 C=759.4x |grad|=4.75e-03/rad | push tau=0.5000 Nm | vN=0.0007 vBest=-0.0007 rad/s
sigma-joint: nBest=[-0.651 -0.022 +0.660 -0.017 -0.306 +0.056 +0.207] | dominant=q3 (share 43.6%) | ||J*nBest||=2.41e-16
sigma-joint: dqN  =[+0.0004 +0.0000 -0.0004 +0.0000 +0.0002 -0.0000 -0.0001] rad/s | moving=q3 (share 43.6%)
sigma-joint: tauS =[-0.3256 -0.0109 +0.3301 -0.0084 -0.1528 +0.0282 +0.1034] Nm
sigma:      t=  6.6 s | a=0.080 k=0.500 | min=0.205799 d/dt=+5.39e-06/s | probe=7.59e-04 C=759.4x |grad|=4.75e-03/rad | push tau=0.5000 Nm | vN=0.0002 vBest=+0.0002 rad/s
sigma-joint: nBest=[-0.651 -0.022 +0.660 -0.017 -0.306 +0.056 +0.207] | dominant=q3 (share 43.6%) | ||J*nBest||=3.11e-16
sigma-joint: dqN  =[-0.0001 -0.0000 +0.0001 -0.0000 -0.0001 +0.0000 +0.0000] rad/s | moving=q3 (share 43.6%)
sigma-joint: tauS =[-0.3256 -0.0109 +0.3301 -0.0084 -0.1528 +0.0282 +0.1034] Nm
sigma:      t=  6.8 s | a=0.080 k=0.500 | min=0.206591 d/dt=+3.96e-03/s | probe=7.74e-04 C=774.1x |grad|=4.84e-03/rad | push tau=0.5000 Nm | vN=0.1240 vBest=+0.1240 rad/s
sigma-joint: nBest=[-0.655 -0.021 +0.664 -0.016 -0.294 +0.054 +0.199] | dominant=q3 (share 44.1%) | ||J*nBest||=1.25e-16
sigma-joint: dqN  =[-0.0813 -0.0025 +0.0823 -0.0020 -0.0364 +0.0067 +0.0247] rad/s | moving=q3 (share 44.1%)
sigma-joint: tauS =[-0.3277 -0.0103 +0.3320 -0.0081 -0.1469 +0.0272 +0.0997] Nm
sigma:      t=  7.0 s | a=0.080 k=0.500 | min=0.208452 d/dt=+9.30e-03/s | probe=1.32e-04 C=131.9x |grad|=8.24e-04/rad | push tau=0.5000 Nm | vN=0.3940 vBest=-0.3940 rad/s
sigma-joint: nBest=[+0.664 +0.012 -0.671 +0.015 +0.269 -0.050 -0.183] | dominant=q3 (share 45.1%) | ||J*nBest||=1.68e-16
sigma-joint: dqN  =[-0.2616 -0.0046 +0.2645 -0.0059 -0.1059 +0.0196 +0.0723] rad/s | moving=q3 (share 45.1%)
sigma-joint: tauS =[+0.3319 +0.0059 -0.3356 +0.0074 +0.1344 -0.0249 -0.0917] Nm
sigma:      t=  7.2 s | a=0.080 k=0.500 | min=0.209352 d/dt=+4.50e-03/s | probe=1.03e-03 C=1033.5x |grad|=6.46e-03/rad | push tau=0.5000 Nm | vN=0.2225 vBest=-0.2225 rad/s
sigma-joint: nBest=[+0.668 +0.005 -0.675 +0.014 +0.255 -0.047 -0.175] | dominant=q3 (share 45.5%) | ||J*nBest||=5.63e-17
sigma-joint: dqN  =[-0.1487 -0.0011 +0.1501 -0.0031 -0.0568 +0.0106 +0.0389] rad/s | moving=q3 (share 45.5%)
sigma-joint: tauS =[+0.3341 +0.0025 -0.3373 +0.0071 +0.1277 -0.0237 -0.0874] Nm
sigma:      t=  7.4 s | a=0.080 k=0.500 | min=0.209023 d/dt=-1.64e-03/s | probe=1.68e-03 C=1682.7x |grad|=1.05e-02/rad | push tau=0.5000 Nm | vN=0.2027 vBest=-0.2027 rad/s
sigma-joint: nBest=[+0.668 +0.000 -0.674 +0.014 +0.256 -0.048 -0.175] | dominant=q3 (share 45.5%) | ||J*nBest||=2.24e-16
sigma-joint: dqN  =[-0.1355 -0.0001 +0.1367 -0.0029 -0.0519 +0.0097 +0.0356] rad/s | moving=q3 (share 45.5%)
sigma-joint: tauS =[+0.3341 +0.0002 -0.3372 +0.0071 +0.1281 -0.0238 -0.0877] Nm
sigma:      t=  7.6 s | a=0.080 k=0.500 | min=0.208657 d/dt=-1.83e-03/s | probe=2.06e-03 C=2061.0x |grad|=1.29e-02/rad | push tau=0.5000 Nm | vN=0.0115 vBest=+0.0115 rad/s
sigma-joint: nBest=[+0.666 -0.003 -0.672 +0.015 +0.263 -0.049 -0.180] | dominant=q3 (share 45.2%) | ||J*nBest||=2.44e-16
sigma-joint: dqN  =[+0.0076 -0.0000 -0.0077 +0.0002 +0.0030 -0.0006 -0.0021] rad/s | moving=q3 (share 45.2%)
sigma-joint: tauS =[+0.3332 -0.0014 -0.3361 +0.0073 +0.1314 -0.0244 -0.0900] Nm
sigma:      t=  7.8 s | a=0.080 k=0.500 | min=0.208435 d/dt=-1.11e-03/s | probe=2.08e-03 C=2084.2x |grad|=1.30e-02/rad | push tau=0.5000 Nm | vN=0.0418 vBest=+0.0418 rad/s
sigma-joint: nBest=[+0.664 -0.003 -0.669 +0.015 +0.272 -0.050 -0.186] | dominant=q3 (share 44.8%) | ||J*nBest||=2.14e-16
sigma-joint: dqN  =[+0.0278 -0.0001 -0.0280 +0.0006 +0.0114 -0.0021 -0.0078] rad/s | moving=q3 (share 44.8%)
sigma-joint: tauS =[+0.3319 -0.0015 -0.3345 +0.0075 +0.1362 -0.0252 -0.0932] Nm
sigma:      t=  8.0 s | a=0.080 k=0.500 | min=0.208347 d/dt=-4.37e-04/s | probe=2.11e-03 C=2108.0x |grad|=1.32e-02/rad | push tau=0.5000 Nm | vN=0.0091 vBest=+0.0091 rad/s
sigma-joint: nBest=[+0.662 -0.003 -0.667 +0.015 +0.278 -0.051 -0.190] | dominant=q3 (share 44.5%) | ||J*nBest||=4.56e-16
sigma-joint: dqN  =[+0.0060 -0.0000 -0.0061 +0.0001 +0.0025 -0.0005 -0.0017] rad/s | moving=q3 (share 44.5%)
sigma-joint: tauS =[+0.3312 -0.0015 -0.3336 +0.0077 +0.1389 -0.0255 -0.0950] Nm
sigma:      t=  8.2 s | a=0.080 k=0.500 | min=0.208295 d/dt=-2.60e-04/s | probe=2.10e-03 C=2096.2x |grad|=1.31e-02/rad | push tau=0.5000 Nm | vN=0.0002 vBest=+0.0002 rad/s
sigma-joint: nBest=[+0.662 -0.003 -0.667 +0.015 +0.279 -0.051 -0.191] | dominant=q3 (share 44.4%) | ||J*nBest||=2.59e-16
sigma-joint: dqN  =[+0.0001 -0.0000 -0.0001 +0.0000 +0.0000 -0.0000 -0.0000] rad/s | moving=q3 (share 44.4%)
sigma-joint: tauS =[+0.3310 -0.0015 -0.3333 +0.0077 +0.1397 -0.0256 -0.0955] Nm
sigma:      t=  8.4 s | a=0.080 k=0.500 | min=0.208284 d/dt=-5.47e-05/s | probe=2.10e-03 C=2096.6x |grad|=1.31e-02/rad | push tau=0.5000 Nm | vN=0.0573 vBest=-0.0573 rad/s
sigma-joint: nBest=[+0.662 -0.003 -0.667 +0.015 +0.278 -0.051 -0.190] | dominant=q3 (share 44.5%) | ||J*nBest||=8.17e-17
sigma-joint: dqN  =[-0.0379 +0.0002 +0.0382 -0.0009 -0.0159 +0.0029 +0.0109] rad/s | moving=q3 (share 44.5%)
sigma-joint: tauS =[+0.3311 -0.0014 -0.3335 +0.0077 +0.1391 -0.0255 -0.0951] Nm
sigma:      t=  8.6 s | a=0.080 k=0.500 | min=0.208018 d/dt=-1.33e-03/s | probe=2.34e-03 C=2338.6x |grad|=1.46e-02/rad | push tau=0.5000 Nm | vN=0.3118 vBest=-0.3118 rad/s
sigma-joint: nBest=[+0.662 -0.005 -0.667 +0.015 +0.279 -0.051 -0.191] | dominant=q3 (share 44.5%) | ||J*nBest||=1.93e-16
sigma-joint: dqN  =[-0.2064 +0.0015 +0.2079 -0.0048 -0.0870 +0.0160 +0.0595] rad/s | moving=q3 (share 44.5%)
sigma-joint: tauS =[+0.3310 -0.0025 -0.3334 +0.0077 +0.1396 -0.0256 -0.0954] Nm
sigma:      t=  8.8 s | a=0.080 k=0.500 | min=0.206062 d/dt=-9.73e-03/s | probe=3.65e-03 C=3648.7x |grad|=2.28e-02/rad | push tau=0.5000 Nm | vN=0.6682 vBest=-0.6682 rad/s
sigma-joint: nBest=[+0.661 -0.017 -0.666 +0.016 +0.283 -0.052 -0.193] | dominant=q3 (share 44.3%) | ||J*nBest||=2.19e-16
sigma-joint: dqN  =[-0.4416 +0.0115 +0.4447 -0.0104 -0.1888 +0.0347 +0.1291] rad/s | moving=q3 (share 44.3%)
sigma-joint: tauS =[+0.3304 -0.0086 -0.3328 +0.0078 +0.1413 -0.0260 -0.0966] Nm
sigma:      t=  9.0 s | a=0.080 k=0.500 | min=0.200994 d/dt=-2.52e-02/s | probe=5.11e-03 C=5109.0x |grad|=3.19e-02/rad | push tau=0.5000 Nm | vN=0.6738 vBest=-0.6738 rad/s
sigma-joint: nBest=[+0.651 -0.038 -0.655 +0.017 +0.311 -0.055 -0.212] | dominant=q3 (share 43.0%) | ||J*nBest||=8.39e-17
sigma-joint: dqN  =[-0.4386 +0.0259 +0.4417 -0.0112 -0.2096 +0.0371 +0.1430] rad/s | moving=q3 (share 43.0%)
sigma-joint: tauS =[+0.3255 -0.0192 -0.3277 +0.0083 +0.1556 -0.0276 -0.1061] Nm
sigma:      t=  9.2 s | a=0.080 k=0.500 | min=0.194154 d/dt=-3.40e-02/s | probe=5.51e-03 C=5513.9x |grad|=3.45e-02/rad | push tau=0.5000 Nm | vN=0.5958 vBest=-0.5958 rad/s
sigma-joint: nBest=[+0.629 -0.066 -0.634 +0.017 +0.366 -0.057 -0.248] | dominant=q3 (share 40.2%) | ||J*nBest||=2.28e-16
sigma-joint: dqN  =[-0.3745 +0.0392 +0.3777 -0.0103 -0.2178 +0.0338 +0.1477] rad/s | moving=q3 (share 40.2%)
sigma-joint: tauS =[+0.3143 -0.0329 -0.3170 +0.0087 +0.1828 -0.0283 -0.1240] Nm
sigma:      t=  9.4 s | a=0.080 k=0.500 | min=0.190641 d/dt=-1.75e-02/s | probe=5.68e-03 C=5679.0x |grad|=3.55e-02/rad | push tau=0.5000 Nm | vN=0.0569 vBest=-0.0569 rad/s
sigma-joint: nBest=[+0.617 -0.081 -0.622 +0.016 +0.390 -0.052 -0.265] | dominant=q3 (share 38.7%) | ||J*nBest||=2.34e-16
sigma-joint: dqN  =[-0.0351 +0.0046 +0.0354 -0.0009 -0.0222 +0.0030 +0.0150] rad/s | moving=q3 (share 38.7%)
sigma-joint: tauS =[+0.3085 -0.0405 -0.3112 +0.0081 +0.1952 -0.0260 -0.1323] Nm
sigma:      t=  9.6 s | a=0.080 k=0.500 | min=0.190464 d/dt=-8.83e-04/s | probe=5.96e-03 C=5962.9x |grad|=3.73e-02/rad | push tau=0.5000 Nm | vN=0.0333 vBest=-0.0333 rad/s
sigma-joint: nBest=[+0.621 -0.079 -0.627 +0.013 +0.381 -0.042 -0.259] | dominant=q3 (share 39.4%) | ||J*nBest||=1.58e-16
sigma-joint: dqN  =[-0.0207 +0.0026 +0.0209 -0.0004 -0.0127 +0.0014 +0.0086] rad/s | moving=q3 (share 39.4%)
sigma-joint: tauS =[+0.3105 -0.0395 -0.3137 +0.0066 +0.1906 -0.0210 -0.1296] Nm
sigma:      t=  9.8 s | a=0.080 k=0.500 | min=0.190477 d/dt=+6.70e-05/s | probe=6.20e-03 C=6195.1x |grad|=3.87e-02/rad | push tau=0.5000 Nm | vN=0.0284 vBest=+0.0284 rad/s
sigma-joint: nBest=[+0.625 -0.077 -0.632 +0.012 +0.372 -0.038 -0.254] | dominant=q3 (share 39.9%) | ||J*nBest||=1.60e-16
sigma-joint: dqN  =[+0.0178 -0.0022 -0.0180 +0.0003 +0.0106 -0.0011 -0.0072] rad/s | moving=q3 (share 39.9%)
sigma-joint: tauS =[+0.3124 -0.0385 -0.3158 +0.0059 +0.1862 -0.0188 -0.1269] Nm
sigma:      t= 10.0 s | a=0.080 k=0.500 | min=0.190634 d/dt=+7.83e-04/s | probe=6.21e-03 C=6207.6x |grad|=3.88e-02/rad | push tau=0.5000 Nm | vN=0.0067 vBest=+0.0067 rad/s
sigma-joint: nBest=[+0.626 -0.076 -0.633 +0.012 +0.370 -0.037 -0.252] | dominant=q3 (share 40.0%) | ||J*nBest||=1.50e-16
sigma-joint: dqN  =[+0.0042 -0.0005 -0.0043 +0.0001 +0.0025 -0.0003 -0.0017] rad/s | moving=q3 (share 40.0%)
sigma-joint: tauS =[+0.3129 -0.0380 -0.3163 +0.0059 +0.1852 -0.0187 -0.1262] Nm
sigma:      t= 10.2 s | a=0.080 k=0.500 | min=0.190795 d/dt=+7.96e-04/s | probe=6.17e-03 C=6172.5x |grad|=3.86e-02/rad | push tau=0.5000 Nm | vN=0.0050 vBest=+0.0050 rad/s
sigma-joint: nBest=[+0.626 -0.076 -0.633 +0.012 +0.370 -0.037 -0.252] | dominant=q3 (share 40.0%) | ||J*nBest||=9.33e-17
sigma-joint: dqN  =[+0.0031 -0.0004 -0.0031 +0.0001 +0.0018 -0.0002 -0.0013] rad/s | moving=q3 (share 40.0%)
sigma-joint: tauS =[+0.3130 -0.0378 -0.3164 +0.0059 +0.1850 -0.0187 -0.1261] Nm
sigma:      t= 10.4 s | a=0.080 k=0.500 | min=0.190843 d/dt=+2.41e-04/s | probe=6.16e-03 C=6162.0x |grad|=3.85e-02/rad | push tau=0.5000 Nm | vN=0.0003 vBest=+0.0003 rad/s
sigma-joint: nBest=[+0.626 -0.075 -0.633 +0.012 +0.370 -0.037 -0.252] | dominant=q3 (share 40.0%) | ||J*nBest||=7.46e-17
sigma-joint: dqN  =[+0.0002 -0.0000 -0.0002 +0.0000 +0.0001 -0.0000 -0.0001] rad/s | moving=q3 (share 40.0%)
sigma-joint: tauS =[+0.3130 -0.0377 -0.3164 +0.0059 +0.1850 -0.0187 -0.1261] Nm
sigma:      t= 10.6 s | a=0.080 k=0.500 | min=0.190859 d/dt=+7.87e-05/s | probe=6.16e-03 C=6159.0x |grad|=3.85e-02/rad | push tau=0.5000 Nm | vN=0.0010 vBest=+0.0010 rad/s
sigma-joint: nBest=[+0.626 -0.075 -0.633 +0.012 +0.370 -0.037 -0.252] | dominant=q3 (share 40.0%) | ||J*nBest||=1.98e-16
sigma-joint: dqN  =[+0.0007 -0.0001 -0.0007 +0.0000 +0.0004 -0.0000 -0.0003] rad/s | moving=q3 (share 40.0%)
sigma-joint: tauS =[+0.3130 -0.0376 -0.3164 +0.0059 +0.1850 -0.0187 -0.1261] Nm
sigma:      t= 10.8 s | a=0.080 k=0.500 | min=0.190868 d/dt=+4.78e-05/s | probe=6.16e-03 C=6157.8x |grad|=3.85e-02/rad | push tau=0.5000 Nm | vN=0.0003 vBest=+0.0003 rad/s
sigma-joint: nBest=[+0.626 -0.075 -0.633 +0.012 +0.370 -0.037 -0.252] | dominant=q3 (share 40.0%) | ||J*nBest||=1.22e-16
sigma-joint: dqN  =[+0.0002 -0.0000 -0.0002 +0.0000 +0.0001 -0.0000 -0.0001] rad/s | moving=q3 (share 40.0%)
sigma-joint: tauS =[+0.3130 -0.0376 -0.3164 +0.0059 +0.1850 -0.0187 -0.1260] Nm
sigma:      t= 11.0 s | a=0.080 k=0.500 | min=0.190871 d/dt=+1.26e-05/s | probe=6.16e-03 C=6157.2x |grad|=3.85e-02/rad | push tau=0.5000 Nm | vN=0.0025 vBest=+0.0025 rad/s
sigma-joint: nBest=[+0.626 -0.075 -0.633 +0.012 +0.370 -0.037 -0.252] | dominant=q3 (share 40.0%) | ||J*nBest||=2.36e-16
sigma-joint: dqN  =[+0.0016 -0.0002 -0.0016 +0.0000 +0.0009 -0.0001 -0.0006] rad/s | moving=q3 (share 40.0%)
sigma-joint: tauS =[+0.3130 -0.0376 -0.3164 +0.0059 +0.1850 -0.0187 -0.1260] Nm
sigma:      t= 11.2 s | a=0.080 k=0.500 | min=0.190875 d/dt=+1.87e-05/s | probe=6.16e-03 C=6156.7x |grad|=3.85e-02/rad | push tau=0.5000 Nm | vN=0.0005 vBest=+0.0005 rad/s
sigma-joint: nBest=[+0.626 -0.075 -0.633 +0.012 +0.370 -0.037 -0.252] | dominant=q3 (share 40.0%) | ||J*nBest||=1.01e-16
sigma-joint: dqN  =[+0.0003 -0.0000 -0.0003 +0.0000 +0.0002 -0.0000 -0.0001] rad/s | moving=q3 (share 40.0%)
sigma-joint: tauS =[+0.3130 -0.0376 -0.3164 +0.0059 +0.1850 -0.0187 -0.1260] Nm
sigma:      t= 11.4 s | a=0.080 k=0.500 | min=0.190876 d/dt=+4.10e-06/s | probe=6.16e-03 C=6156.6x |grad|=3.85e-02/rad | push tau=0.5000 Nm | vN=0.0003 vBest=+0.0003 rad/s
sigma-joint: nBest=[+0.626 -0.075 -0.633 +0.012 +0.370 -0.037 -0.252] | dominant=q3 (share 40.0%) | ||J*nBest||=2.79e-16
sigma-joint: dqN  =[+0.0002 -0.0000 -0.0002 +0.0000 +0.0001 -0.0000 -0.0001] rad/s | moving=q3 (share 40.0%)
sigma-joint: tauS =[+0.3130 -0.0376 -0.3164 +0.0059 +0.1850 -0.0187 -0.1260] Nm
sigma:      t= 11.6 s | a=0.080 k=0.500 | min=0.190876 d/dt=+2.25e-06/s | probe=6.16e-03 C=6156.3x |grad|=3.85e-02/rad | push tau=0.5000 Nm | vN=0.0003 vBest=-0.0003 rad/s
sigma-joint: nBest=[+0.626 -0.075 -0.633 +0.012 +0.370 -0.037 -0.252] | dominant=q3 (share 40.0%) | ||J*nBest||=1.38e-16
sigma-joint: dqN  =[-0.0002 +0.0000 +0.0002 -0.0000 -0.0001 +0.0000 +0.0001] rad/s | moving=q3 (share 40.0%)
sigma-joint: tauS =[+0.3130 -0.0376 -0.3164 +0.0059 +0.1850 -0.0187 -0.1260] Nm
sigma:      t= 11.8 s | a=0.080 k=0.500 | min=0.190878 d/dt=+8.93e-06/s | probe=6.16e-03 C=6156.1x |grad|=3.85e-02/rad | push tau=0.5000 Nm | vN=0.0001 vBest=-0.0001 rad/s
sigma-joint: nBest=[+0.626 -0.075 -0.633 +0.012 +0.370 -0.037 -0.252] | dominant=q3 (share 40.0%) | ||J*nBest||=1.40e-16
sigma-joint: dqN  =[-0.0001 +0.0000 +0.0001 -0.0000 -0.0000 +0.0000 +0.0000] rad/s | moving=q3 (share 40.0%)
sigma-joint: tauS =[+0.3130 -0.0376 -0.3164 +0.0059 +0.1850 -0.0187 -0.1260] Nm

Stop requested with e + Enter. Finishing control loop...
sigma debug csv: surface_grinding_controller_sigma_debug.csv (242 rows)

Joint motion [deg]:
joint    start   final   delta
------------------------------
q1       -2.7   -27.8   -25.1
q2       18.1    20.9     2.8
q3       -5.1    19.2    24.3
q4     -122.8  -121.6     1.2
q5       17.5     9.9    -7.7
q6      139.5   140.4     0.9
q7       26.8    30.3     3.5

=== Final result ===
p_d = [565.0, -59.5, 151.2] mm
p_EE = [570.8, -64.5, 144.3] mm
e_p = [-5.7, 5.0, 6.9] mm
position_error = 10.26 mm
e_R = [-3.31, 0.37, -0.20] deg
rotation_error = 3.33 deg
csv: surface_grinding_controller_log.csv
