
Press Enter to recover and configure the robot.
Robot recovered or already ready.
Collision: custom thresholds.

=== Startup choice ===
  q = go to q_init (from params/common.txt), then choose again
  g = guiding mode: go to q_init, then hand-guide to your pose;
      use s+Enter for sequence or h+Enter for hold
  o = open the Franka hand now (release/load tool), then choose again
  c = close/grasp the tool now, then choose again
  r = continue to run mode (available after q_init is reached)
Choice [q/g/o/c/r, Enter = q]: Moving to q_init...
q_init reached.

=== Startup choice ===
  q = go to q_init (from params/common.txt), then choose again
  g = guiding mode: go to q_init, then hand-guide to your pose;
      use s+Enter for sequence or h+Enter for hold
  o = open the Franka hand now (release/load tool), then choose again
  c = close/grasp the tool now, then choose again
  r = continue to run mode
Choice [q/g/o/c/r, Enter = q]: 
=== Run mode ===
  s = phase sequence (approach / set up / grind)
  h = hold at the start pose
Choice [s/h, Enter = s]: Selected: phase sequence. Nullspace mode from parameters: nullspace_damping_plus_sigma.

=== Setup ===
run: phase sequence | approach_orient: on | nullspace: nullspace_damping_plus_sigma
nullspace parameters: d_null=2.000 | k_sigma=1.000 Nm | alpha=0.0800 rad
hold: Kp=300.0 N/m | KR=40.0 Nm/rad | damping=auto translation+rotation (factor fitted online toward Dp=50.0 Ns/m)
manual_guidance_start: off | manual_damping=0.50
descend: clearance=20.0 mm | speed=0.100 m/s | max_distance=640 mm
alignment push: start=captured | end=+180 mm | speed=0.050 m/s | ramp_time~=4.0 s | timeout=12.0 s | moment_threshold=150.0 Nm
grind: sweep | axis=tangent2 | amplitude=30 mm | frequency=0.20 Hz
coupled stiffness: apply=on | saved=yes | pole=manual
gates: pause_before_set_up=on | pause_auto_damping=on | pause_before_grind=off | debug_period=0.20 s
alignment-target normal=[+0.087, -0.000, +0.996] | tilt a(x)=0.0 deg, b(y)=5.0 deg (from angles)
tool face: 40 x 120 mm | center offset EE=[+0.0, +0.0, +20.0] mm
Gripper already holding the tool (width 65.1 mm); keeping grasp.
Press e+Enter to stop the controller before the duration expires.
During hold: press g+Enter to hand-guide the tool, then p+Enter to recapture and resume hold.
experiment_duration <= 0: running indefinitely until e + Enter.

=== Start pose ===
q_start = [-2.7, 18.1, -5.1, -122.8, 17.5, 139.5, 26.8] deg
p_start = [565.0, -59.4, 151.0] mm

=== Run ===
phase: approach_orient
orient:     t=  0.0 s | axis_err= 11.4 deg | rot_err= 11.4 deg
approach Dp        auto=[ 134.13,   97.25,  122.29]  manual=[  20.00,   20.00,   20.00] Ns/m
approach DR        auto=[  12.73,   16.37,    4.07]  manual=[  12.00,   12.00,   12.00] Nms/rad
orient:     t=  0.2 s | axis_err=  4.5 deg | rot_err=  4.5 deg
orient:     t=  0.4 s | axis_err=  2.3 deg | rot_err=  2.3 deg

Orientation reached: axis_err=1.9 deg
phase: approach_descend
descend:    t=  0.0 s | distance=   0.1 mm | height= +97.6 mm (target 20.0) | force=  0.0 N
descend:    t=  0.2 s | distance=  20.1 mm | height= +85.7 mm (target 20.0) | force=  0.8 N
descend:    t=  0.4 s | distance=  40.1 mm | height= +68.7 mm (target 20.0) | force=  1.9 N
descend:    t=  0.6 s | distance=  60.2 mm | height= +51.1 mm (target 20.0) | force=  2.0 N
descend:    t=  0.8 s | distance=  80.3 mm | height= +33.3 mm (target 20.0) | force=  1.7 N

[GATE] Reached 20 mm above the plane. Press Enter to start the set-up press (e+Enter stops).
pause auto damping: fitted Dp factor=0.551, DR factor=1.962
pause Dp [xyz]     auto=[ 206.42,  155.23,  225.00]  manual=[ 200.00,  200.00,  200.00] Ns/m
pause DR [t1t2n]   auto=[  11.75,   17.27,    2.04]  manual=[  12.73,   16.37,    4.07] Nms/rad
[GATE] Continuing to the set-up press.
descend:    t=  2.9 s | distance=  95.4 mm | height= +19.5 mm (target 20.0) | force=  0.6 N

Clearance reached: distance=95.4 mm | height=19.5 mm | target=20.0 mm | force=0.6 N (not used for the switch)
offset_ee = [20.0, 60.0, 20.0] mm
p_EE_at_contact = [545.4, -65.5, 65.6] mm
contact_point = [559.1, -126.2, 24.2] mm
edge_offset_base = [13.8, -60.7, -41.4] mm
phase: set_up
set_up Dp [xyz]    auto=[ 236.95,  178.23,  108.19]  manual=[  10.00,   10.00,  175.00] Ns/m
set_up DR [t1t2n]  auto=[   1.41,    2.07,    0.77]  manual=[  10.01,   10.01,   10.00] Nms/rad
set_up:     t=  0.0 s | tip=  0.0 deg | F=  0.0 N | M=  0.0 Nm (limit 150.0) | edge= 19.5 mm
set_up:     t=  0.2 s | tip=  0.4 deg | F=  1.7 N | M=  0.6 Nm (limit 150.0) | edge= 14.0 mm
set_up:     t=  0.4 s | tip=  0.4 deg | F=  1.5 N | M=  0.5 Nm (limit 150.0) | edge=  6.2 mm
set_up:     t=  0.6 s | tip=  0.7 deg | F=  1.5 N | M=  0.5 Nm (limit 150.0) | edge=  3.7 mm
set_up:     t=  0.8 s | tip=  1.0 deg | F=  2.2 N | M=  0.9 Nm (limit 150.0) | edge= 12.3 mm
set_up:     t=  1.0 s | tip=  0.9 deg | F= 12.7 N | M=  6.9 Nm (limit 150.0) | edge= 19.1 mm
set_up:     t=  1.2 s | tip=  0.9 deg | F= 12.7 N | M=  6.9 Nm (limit 150.0) | edge= 19.2 mm
set_up:     t=  1.4 s | tip=  0.9 deg | F= 16.5 N | M=  8.8 Nm (limit 150.0) | edge= 19.3 mm
set_up:     t=  1.6 s | tip=  0.9 deg | F= 20.1 N | M= 10.7 Nm (limit 150.0) | edge= 19.4 mm
set_up:     t=  1.8 s | tip=  0.9 deg | F= 23.9 N | M= 12.5 Nm (limit 150.0) | edge= 19.5 mm
set_up:     t=  2.0 s | tip=  0.9 deg | F= 28.0 N | M= 14.6 Nm (limit 150.0) | edge= 19.7 mm
set_up:     t=  2.2 s | tip=  0.9 deg | F= 31.7 N | M= 16.5 Nm (limit 150.0) | edge= 19.8 mm
set_up:     t=  2.4 s | tip=  1.0 deg | F= 35.2 N | M= 18.3 Nm (limit 150.0) | edge= 19.9 mm
set_up:     t=  2.6 s | tip=  1.4 deg | F= 38.0 N | M= 19.7 Nm (limit 150.0) | edge= 20.0 mm
set_up:     t=  2.8 s | tip=  1.4 deg | F= 41.9 N | M= 21.6 Nm (limit 150.0) | edge= 20.1 mm
set_up:     t=  3.0 s | tip=  1.4 deg | F= 45.7 N | M= 23.5 Nm (limit 150.0) | edge= 20.2 mm
set_up:     t=  3.2 s | tip=  1.4 deg | F= 49.4 N | M= 25.3 Nm (limit 150.0) | edge= 20.4 mm
set_up:     t=  3.4 s | tip=  1.5 deg | F= 53.1 N | M= 27.1 Nm (limit 150.0) | edge= 20.5 mm
set_up:     t=  3.6 s | tip=  1.5 deg | F= 56.8 N | M= 29.0 Nm (limit 150.0) | edge= 20.6 mm
set_up:     t=  3.8 s | tip=  1.6 deg | F= 60.6 N | M= 30.8 Nm (limit 150.0) | edge= 20.7 mm
set_up:     t=  4.0 s | tip=  1.6 deg | F= 64.5 N | M= 32.8 Nm (limit 150.0) | edge= 20.8 mm
set_up:     t=  4.2 s | tip=  1.7 deg | F= 59.9 N | M= 30.6 Nm (limit 150.0) | edge= 20.7 mm
set_up:     t=  4.4 s | tip=  1.7 deg | F= 59.8 N | M= 30.5 Nm (limit 150.0) | edge= 20.7 mm
set_up:     t=  4.6 s | tip=  1.7 deg | F= 59.7 N | M= 30.3 Nm (limit 150.0) | edge= 20.7 mm
set_up:     t=  4.8 s | tip=  1.7 deg | F= 59.7 N | M= 30.4 Nm (limit 150.0) | edge= 20.7 mm
set_up:     t=  5.0 s | tip=  1.7 deg | F= 59.7 N | M= 30.3 Nm (limit 150.0) | edge= 20.7 mm
set_up:     t=  5.2 s | tip=  1.7 deg | F= 59.7 N | M= 30.3 Nm (limit 150.0) | edge= 20.7 mm
set_up:     t=  5.4 s | tip=  1.7 deg | F= 59.6 N | M= 30.2 Nm (limit 150.0) | edge= 20.7 mm
set_up:     t=  5.6 s | tip=  1.7 deg | F= 59.6 N | M= 30.2 Nm (limit 150.0) | edge= 20.7 mm
set_up:     t=  5.8 s | tip=  1.7 deg | F= 59.7 N | M= 30.2 Nm (limit 150.0) | edge= 20.7 mm
set_up:     t=  6.0 s | tip=  1.7 deg | F= 59.6 N | M= 30.2 Nm (limit 150.0) | edge= 20.7 mm
set_up:     t=  6.2 s | tip=  1.7 deg | F= 59.6 N | M= 30.2 Nm (limit 150.0) | edge= 20.7 mm
set_up:     t=  6.4 s | tip=  1.7 deg | F= 59.7 N | M= 30.2 Nm (limit 150.0) | edge= 20.7 mm
set_up:     t=  6.6 s | tip=  1.7 deg | F= 59.7 N | M= 30.2 Nm (limit 150.0) | edge= 20.7 mm
set_up:     t=  6.8 s | tip=  1.7 deg | F= 59.7 N | M= 30.1 Nm (limit 150.0) | edge= 20.7 mm
set_up:     t=  7.0 s | tip=  1.7 deg | F= 59.7 N | M= 30.1 Nm (limit 150.0) | edge= 20.7 mm
set_up:     t=  7.2 s | tip=  1.7 deg | F= 59.6 N | M= 30.1 Nm (limit 150.0) | edge= 20.7 mm
set_up:     t=  7.4 s | tip=  1.7 deg | F= 59.6 N | M= 30.1 Nm (limit 150.0) | edge= 20.7 mm
set_up:     t=  7.6 s | tip=  1.7 deg | F= 59.6 N | M= 30.1 Nm (limit 150.0) | edge= 20.7 mm
set_up:     t=  7.8 s | tip=  1.7 deg | F= 59.6 N | M= 30.1 Nm (limit 150.0) | edge= 20.7 mm
set_up:     t=  8.0 s | tip=  1.7 deg | F= 59.6 N | M= 30.1 Nm (limit 150.0) | edge= 20.7 mm
set_up:     t=  8.2 s | tip=  1.7 deg | F= 59.6 N | M= 30.1 Nm (limit 150.0) | edge= 20.7 mm
set_up:     t=  8.4 s | tip=  1.7 deg | F= 59.6 N | M= 30.1 Nm (limit 150.0) | edge= 20.7 mm
set_up:     t=  8.6 s | tip=  1.7 deg | F= 59.6 N | M= 30.1 Nm (limit 150.0) | edge= 20.7 mm
set_up:     t=  8.8 s | tip=  1.7 deg | F= 59.6 N | M= 30.1 Nm (limit 150.0) | edge= 20.7 mm
set_up:     t=  9.0 s | tip=  1.7 deg | F= 59.6 N | M= 30.1 Nm (limit 150.0) | edge= 20.7 mm
set_up:     t=  9.2 s | tip=  1.7 deg | F= 59.6 N | M= 30.1 Nm (limit 150.0) | edge= 20.7 mm
set_up:     t=  9.4 s | tip=  1.7 deg | F= 59.6 N | M= 30.1 Nm (limit 150.0) | edge= 20.7 mm
set_up:     t=  9.6 s | tip=  1.7 deg | F= 59.6 N | M= 30.1 Nm (limit 150.0) | edge= 20.7 mm
set_up:     t=  9.8 s | tip=  1.7 deg | F= 59.6 N | M= 30.1 Nm (limit 150.0) | edge= 20.7 mm
set_up:     t= 10.0 s | tip=  1.7 deg | F= 59.6 N | M= 30.1 Nm (limit 150.0) | edge= 20.7 mm
set_up:     t= 10.2 s | tip=  1.7 deg | F= 59.6 N | M= 30.1 Nm (limit 150.0) | edge= 20.7 mm
set_up:     t= 10.4 s | tip=  1.7 deg | F= 59.6 N | M= 30.1 Nm (limit 150.0) | edge= 20.7 mm
set_up:     t= 10.6 s | tip=  1.7 deg | F= 59.6 N | M= 30.1 Nm (limit 150.0) | edge= 20.7 mm
set_up:     t= 10.8 s | tip=  1.7 deg | F= 59.6 N | M= 30.1 Nm (limit 150.0) | edge= 20.7 mm
set_up:     t= 11.0 s | tip=  1.7 deg | F= 59.6 N | M= 30.1 Nm (limit 150.0) | edge= 20.7 mm
set_up:     t= 11.2 s | tip=  1.7 deg | F= 59.6 N | M= 30.0 Nm (limit 150.0) | edge= 20.7 mm
set_up:     t= 11.4 s | tip=  1.7 deg | F= 59.6 N | M= 30.1 Nm (limit 150.0) | edge= 20.7 mm
set_up:     t= 11.6 s | tip=  1.7 deg | F= 59.6 N | M= 30.1 Nm (limit 150.0) | edge= 20.7 mm
set_up:     t= 11.8 s | tip=  1.7 deg | F= 59.7 N | M= 30.1 Nm (limit 150.0) | edge= 20.7 mm

=== Set-up result ===
stop: time | t=12.0 s | tip=1.7 deg | F=59.7 N | M=30.1 Nm
edge_from_contact = [-4.5, +0.4, -20.2] mm | norm=20.7 mm
tcp_from_contact  = [-20.1, +61.4, +0.8] mm | norm=64.6 mm
alignment: before=0.44 deg | after=1.50 deg | gain=-1.06 deg

=== Set-up surface-frame breakdown ===
frame: alignment-target [tangent1, tangent2, normal]
force        [N]      = [   -13.43,     -0.76,    -58.11]
tcp_disp     [mm]     = [    -2.79,     +0.70,    -40.94]
edge_disp    [mm]     = [    -2.74,     +0.42,    -20.50]
Kp_eff=F/tcp [N/m]    = [   4820.9,   -1077.0,    1419.6]
moment@edge  [Nm]     = [    +0.91,    +28.47,     -0.52]
tip_angle    [deg]    = [    +1.18,     -1.16,     -0.43]
KR_eff=M/ang [Nm/rad] = [     44.2,   -1400.5,      69.3]

finite_axis: angle=1.7 deg | axis_from_edge=[-465.9, -493.9, +83.5] mm | dir=[-0.665, +0.679, +0.311] | pitch=-100.0 mm/rad

=== Coupled stiffness from the measured pole ===
source spring K_pole/D_pole (diagonal, from parameters):
  Kp [N/m]     = [2000, 2000, 350]
  KR [Nm/rad]  = [5, 5, 50]
  Dp [Ns/m]    = [10, 10, 175]
  DR [Nms/rad] = [10.01, 10.01, 10]

poles compared (lever r_c = TCP - pole):
  (A) measured axis : angle=1.7 deg | pitch=-100.0 mm/rad
      pole_from_edge = [-459.4, -496.4, 102.7] mm
      r_c            = [443.8, 557.3, -81.7] mm
  (B) manual pole   : COMMANDED this run, contact reference
      pole_from_edge = [-35.5, 79.6, 20.2] mm
      r_c            = [26.2, -19.3, 41.4] mm
      r_c(B)-r_c(A)  = [-417.5, -576.7, 123.1] mm

K_TCP = Ad^T K_pole Ad  [rows fx..mz | cols tx..rz]:
  (A) measured axis:
           tx        ty        tz    |    rx        ry        rz
  fx [    2000        0        0 |        0    163.4     1115 ]
  fy [       0     2000        0 |   -163.4        0   -887.6 ]
  fz [       0        0      350 |   -195.1    155.3        0 ]
     ---------------------------+---------------------------
  mx [       0   -163.4   -195.1 |    127.4   -86.57    76.44 ]
  my [   163.4        0    155.3 |   -86.57    87.29    91.09 ]
  mz [    1115   -887.6        0 |    76.44    91.09     1065 ]
  (A) K_TCP eigenvalues = [3.291, 4.99, 32.89, 527.8, 2015, 3046] -> PSD ok (>=0) (min=3.291)
  (B) manual pole:
           tx        ty        tz    |    rx        ry        rz
  fx [    2000        0        0 |        0   -82.75   -38.67 ]
  fy [       0     2000        0 |    82.75        0   -52.48 ]
  fz [       0        0      350 |    6.767    9.183        0 ]
     ---------------------------+---------------------------
  mx [       0    82.75    6.767 |    8.897   0.1775    1.736 ]
  my [  -82.75        0    9.183 |   0.1775    8.665      1.6 ]
  mz [  -38.67   -52.48        0 |    1.736      1.6    51.78 ]
  (B) K_TCP eigenvalues = [4.986, 4.991, 49.95, 350.4, 2003, 2006] -> PSD ok (>=0) (min=4.986)

D_TCP = Ad^T D_pole Ad:
  (A) measured axis:
           tx        ty        tz    |    rx        ry        rz
  fx [   236.9        0        0 |        0    19.36    132.1 ]
  fy [       0    178.2        0 |   -14.56        0   -79.09 ]
  fz [       0        0    108.2 |    -60.3    48.01        0 ]
     ---------------------------+---------------------------
  mx [       0   -14.56    -60.3 |     36.2   -26.76    6.408 ]
  my [   19.36        0    48.01 |   -26.76    24.96    10.79 ]
  mz [   132.1   -79.09        0 |    6.408    10.79    109.5 ]
  (A) D_TCP eigenvalues = [0.5113, 1.014, 1.894, 161.5, 195, 334.1] -> PSD ok (>=0) (min=0.5113)
  (B) manual pole:
           tx        ty        tz    |    rx        ry        rz
  fx [   236.9        0        0 |        0   -9.804   -4.581 ]
  fy [       0    178.2        0 |    7.374        0   -4.676 ]
  fz [       0        0    108.2 |    2.092    2.839        0 ]
     ---------------------------+---------------------------
  mx [       0    7.374    2.092 |    1.752  0.05488  -0.2488 ]
  my [  -9.804        0    2.839 |  0.05488    2.551   0.1895 ]
  mz [  -4.581   -4.676        0 |  -0.2488   0.1895   0.9903 ]
  (B) D_TCP eigenvalues = [0.7735, 1.408, 2.065, 108.3, 178.7, 237.4] -> PSD ok (>=0) (min=0.7735)
phase: grind

Stop requested with e + Enter. Finishing control loop...

Joint motion [deg]:
joint    start   final   delta
------------------------------
q1       -2.7    -1.6     1.1
q2       18.1    32.0    13.9
q3       -5.1    -2.7     2.4
q4     -122.8  -123.0    -0.2
q5       17.5     0.8   -16.7
q6      139.5   148.3     8.9
q7       26.8    42.6    15.8

=== Final result ===
p_d = [528.0, -37.4, -133.2] mm
p_EE = [535.6, -43.9, 25.1] mm
e_p = [-7.6, 6.5, -158.3] mm
position_error = 158.64 mm
e_R = [0.95, -1.59, -0.19] deg
rotation_error = 1.86 deg
csv: surface_grinding_controller_log.csv
