
Press Enter to recover and configure the robot.
Robot recovered or already ready.
keys: e stop | m menu | g hand-guide

=== Startup mode ===
  s = run the phase sequence from q_init
  h = hold the q_init pose
  t = hold with the set-up impedance
  g = hand-guide the start pose
  q = go to q_init and inspect
  o = open the hand now
  c = grasp the tool now
  r = recalibrate hand width, fingers empty
  f = fetch the tool from the holder
  b = put the tool back
  e = stop and quit
While a run is going: e+Enter stops, m+Enter comes back here.
Choice [s/h/t/g/q/o/c/r/f/b/e]: 
=== Phase sequence mode ===
Moving to q_init (horizontal_table_search)
  q1..q7 [deg] = [0.8, 12.1, -0.5, -130.9, -0.2, 142.9, 44.7] deg
  horizontal_table_search = [0.014777, 0.210911, -0.009320, -2.284835, -0.002725, 2.493410, 0.780694] rad
q_init reached.

=== Start pose ===
q_start = [0.9, 12.1, -0.5, -130.9, -0.1, 142.9, 44.7] deg
p_start = [531.1, 2.7, 156.6] mm

=== Run ===
phase: approach_orient
  Kp=[150, 150, 150] N/m  KR=[90, 90, 90] Nm/rad  [t1,t2,n]
  Dp=[126.5, 103.6, 128.3] Ns/m  DR=[13.46, 15.79, 2.02] Nms/rad  auto (factor 1.90)
orient:     t=  0.0 s | axis_err=  9.0 deg | spin_err=  0.8 deg
orient:     t=  0.2 s | axis_err=  8.1 deg | spin_err=  0.5 deg
orient:     t=  0.4 s | axis_err=  5.5 deg | spin_err=  0.0 deg
orient:     t=  0.6 s | axis_err=  3.2 deg | spin_err=  0.4 deg
orient:     t=  0.8 s | axis_err=  2.6 deg | spin_err=  0.4 deg
orient:     t=  1.0 s | axis_err=  2.4 deg | spin_err=  0.4 deg
orient:     t=  1.2 s | axis_err=  2.3 deg | spin_err=  0.4 deg
orient:     t=  1.4 s | axis_err=  2.3 deg | spin_err=  0.4 deg
orient:     t=  1.6 s | axis_err=  2.3 deg | spin_err=  0.4 deg
orient:     t=  1.8 s | axis_err=  2.3 deg | spin_err=  0.3 deg
orient:     t=  2.0 s | axis_err=  2.3 deg | spin_err=  0.3 deg
orient:     t=  2.2 s | axis_err=  2.3 deg | spin_err=  0.3 deg
orient:     t=  2.4 s | axis_err=  2.3 deg | spin_err=  0.3 deg
orient:     t=  2.6 s | axis_err=  2.3 deg | spin_err=  0.3 deg
orient:     t=  2.8 s | axis_err=  2.3 deg | spin_err=  0.4 deg
orient:     t=  3.0 s | axis_err=  2.3 deg | spin_err=  0.4 deg
orient:     t=  3.2 s | axis_err=  2.3 deg | spin_err=  0.4 deg
orient:     t=  3.4 s | axis_err=  2.3 deg | spin_err=  0.4 deg
orient:     t=  3.6 s | axis_err=  2.3 deg | spin_err=  0.4 deg
orient:     t=  3.8 s | axis_err=  2.3 deg | spin_err=  0.4 deg
orient:     t=  4.0 s | axis_err=  2.3 deg | spin_err=  0.4 deg
orient:     t=  4.2 s | axis_err=  2.3 deg | spin_err=  0.4 deg
orient:     t=  4.4 s | axis_err=  2.3 deg | spin_err=  0.4 deg
orient:     t=  4.6 s | axis_err=  2.3 deg | spin_err=  0.4 deg
orient:     t=  4.8 s | axis_err=  2.3 deg | spin_err=  0.4 deg

Orientation settled short of the 2.0 deg gate after 5.0 s: axis_err=2.3 deg | spin_err=0.4 deg
phase: approach_descend
  Kp=[150, 150, 150] N/m  KR=[90, 90, 90] Nm/rad  [t1,t2,n]
  Dp=[126.5, 103.6, 128.3] Ns/m  DR=[13.46, 15.79, 2.02] Nms/rad  auto (factor 1.90)
  descend to 20 mm clearance at 0.100 m/s
descend:    t=  0.0 s | distance=   0.1 mm | height=+134.6 mm (target 20.0) | force= -0.0 N
descend:    t=  0.2 s | distance=  20.1 mm | height=+123.6 mm (target 20.0) | force=  1.0 N
descend:    t=  0.4 s | distance=  40.1 mm | height=+106.8 mm (target 20.0) | force=  0.3 N
descend:    t=  0.6 s | distance=  60.1 mm | height= +89.0 mm (target 20.0) | force=  1.1 N
descend:    t=  0.8 s | distance=  80.1 mm | height= +70.8 mm (target 20.0) | force=  0.4 N
descend:    t=  1.0 s | distance= 100.1 mm | height= +52.3 mm (target 20.0) | force=  1.0 N
descend:    t=  1.2 s | distance= 120.1 mm | height= +33.5 mm (target 20.0) | force=  0.9 N

[GATE] Reached 20 mm above the plane. Press Enter to start the set-up press (e+Enter stops).
  gate hold: Kp=[5000, 5000, 5000] N/m [x,y,z]  KR=[90, 90, 90] Nm/rad [t1,t2,n]
             Dp=[205.0, 145.7, 252.8] Ns/m  DR=[13.80, 11.93, 2.54] Nms/rad  auto
[GATE] Continuing to the set-up press.

Clearance reached: distance=134.6 mm | height=19.8 mm | target=20.0 mm | force=0.9 N (not used for the switch)
offset_ee = [-20.0, 60.0, 20.0] mm
p_EE_at_contact = [534.1, 8.1, 44.3] mm
contact_point = [516.6, -52.2, 1.6] mm
edge_offset_base = [-17.5, -60.4, -42.7] mm
phase: set_up

--- set-up impedance ---
  wrench = K_TCP*dx + D_TCP*dv, K_TCP = Ad(r_c)^T*blkdiag(Kp,KR)*Ad(r_c)
  Kp [t1,t2,n]  = [  2000.0,   2000.0,    800.0] N/m
  Dp [t1,t2,n]  = [   212.0,    180.2,    175.0] Ns/m   auto
  KR [t1,t2,n]  = [     5.0,      5.0,     50.0] Nm/rad
  DR [t1,t2,n]  = [     1.9,      1.7,      1.1] Nms/rad   auto
  r_c [t1,t2,n] = [     3.5,      0.0,     19.7] mm   centre of compliance
set_up:     t=  0.0 s | tip=  0.0 deg | F=  0.1 N | M=  0.0 Nm (limit 150.0) | edge= 19.7 mm
set_up:     t=  0.2 s | tip=  0.4 deg | F=  1.6 N | M=  1.0 Nm (limit 150.0) | edge= 10.4 mm
set_up:     t=  0.4 s | tip=  1.0 deg | F=  1.5 N | M=  1.0 Nm (limit 150.0) | edge=  3.9 mm
set_up:     t=  0.6 s | tip=  1.3 deg | F= 13.3 N | M=  7.7 Nm (limit 150.0) | edge=  1.9 mm
set_up:     t=  0.8 s | tip=  1.3 deg | F= 19.2 N | M= 10.7 Nm (limit 150.0) | edge=  2.1 mm
set_up:     t=  1.0 s | tip=  1.3 deg | F= 26.4 N | M= 14.5 Nm (limit 150.0) | edge=  2.3 mm
set_up:     t=  1.2 s | tip=  1.3 deg | F= 34.5 N | M= 18.8 Nm (limit 150.0) | edge=  2.5 mm
set_up:     t=  1.4 s | tip=  1.4 deg | F= 42.9 N | M= 23.4 Nm (limit 150.0) | edge=  2.7 mm
set_up:     t=  1.6 s | tip=  1.4 deg | F= 50.8 N | M= 27.6 Nm (limit 150.0) | edge=  2.9 mm
set_up:     t=  1.8 s | tip=  1.4 deg | F= 45.6 N | M= 24.9 Nm (limit 150.0) | edge=  2.8 mm
set_up:     t=  2.0 s | tip=  1.4 deg | F= 45.7 N | M= 24.9 Nm (limit 150.0) | edge=  2.8 mm
set_up:     t=  2.2 s | tip=  1.4 deg | F= 45.5 N | M= 24.8 Nm (limit 150.0) | edge=  2.8 mm
set_up:     t=  2.4 s | tip=  1.4 deg | F= 45.4 N | M= 24.8 Nm (limit 150.0) | edge=  2.8 mm
set_up:     t=  2.6 s | tip=  1.4 deg | F= 45.3 N | M= 24.7 Nm (limit 150.0) | edge=  2.8 mm
set_up:     t=  2.8 s | tip=  1.4 deg | F= 45.2 N | M= 24.7 Nm (limit 150.0) | edge=  2.8 mm
set_up:     t=  3.0 s | tip=  1.4 deg | F= 45.2 N | M= 24.7 Nm (limit 150.0) | edge=  2.8 mm
set_up:     t=  3.2 s | tip=  1.4 deg | F= 45.2 N | M= 24.7 Nm (limit 150.0) | edge=  2.8 mm
set_up:     t=  3.4 s | tip=  1.4 deg | F= 45.2 N | M= 24.7 Nm (limit 150.0) | edge=  2.8 mm
set_up:     t=  3.6 s | tip=  1.4 deg | F= 45.2 N | M= 24.7 Nm (limit 150.0) | edge=  2.8 mm
set_up:     t=  3.8 s | tip=  1.4 deg | F= 45.2 N | M= 24.7 Nm (limit 150.0) | edge=  2.8 mm
set_up:     t=  4.0 s | tip=  1.4 deg | F= 45.1 N | M= 24.7 Nm (limit 150.0) | edge=  2.8 mm
set_up:     t=  4.2 s | tip=  1.4 deg | F= 45.1 N | M= 24.7 Nm (limit 150.0) | edge=  2.8 mm
set_up:     t=  4.4 s | tip=  1.4 deg | F= 45.0 N | M= 24.6 Nm (limit 150.0) | edge=  2.8 mm
set_up:     t=  4.6 s | tip=  1.4 deg | F= 45.0 N | M= 24.6 Nm (limit 150.0) | edge=  2.8 mm
set_up:     t=  4.8 s | tip=  1.4 deg | F= 44.9 N | M= 24.6 Nm (limit 150.0) | edge=  2.8 mm

=== Set-up result ===
stop: time | t=5.0 s | tip=1.4 deg | F=45.1 N | M=24.6 Nm
edge_from_contact = [-1.5, +0.2, -2.3] mm | norm=2.8 mm
tcp_from_contact  = [+16.1, +60.1, +20.0] mm | norm=65.4 mm
alignment: before=8.43 deg | after=7.07 deg | gain=+1.36 deg
alignment components [t1,t2,n] deg: before=[-1.68,-8.26,-0.00] | after=[-1.18,-6.97,-0.00]

=== Set-up surface-frame breakdown ===
frame: alignment-target [tangent1, tangent2, normal]
force        [N]      = [    -2.08,     +2.31,    -44.97]
tcp_disp     [mm]     = [    +0.75,     -0.78,    -22.70]
edge_disp    [mm]     = [    +1.19,     -0.88,     -2.35]
Kp_eff=F/tcp [N/m]    = [  -2763.7,   -2979.5,    1981.6]
moment@edge  [Nm]     = [    -8.78,    -24.01,     -0.72]
tip_angle    [deg]    = [    +0.49,     +1.30,     -0.15]
KR_eff=M/ang [Nm/rad] = [  -1037.3,   -1060.0,     281.1]

=== Centre of compliance ===
  r_c = p_TCP - p_c [t1,t2,n] = [3.5, 0.0, 19.7] mm
  K_TCP: translation [2000, 1999, 801] N/m | rotation [5.80, 5.82, 49.97] Nm/rad
         commanded KR was [5.01, 5.03, 49.95]; the rest is the lever
  D_TCP: translation [206.3, 185.9, 175.0] Ns/m | rotation [1.96, 1.80, 1.13] Nms/rad
  coupling: max |moment per unit translation| = 39.5 Nm/m (K), 4.1 Nms/m (D)
  K_TCP eigenvalues 5.00 .. 2001 | D_TCP 1.12 .. 212  (both positive: valid springs)

  K_TCP [N/m, Nm/rad | rows fx..mz, cols tx..rz]:
           tx        ty        tz    |    rx        ry        rz
  fx [    2000  -0.5725   -20.68 | -0.03043    -39.5   -1.849 ]
  fy [ -0.5725     1999   -33.18 |    39.51   0.1044     5.61 ]
  fz [  -20.68   -33.18    801.3 |  0.08387   -1.839   -0.074 ]
     ---------------------------+---------------------------
  mx [-0.03043    39.51  0.08387 |    5.795  0.02183   0.8865 ]
  my [   -39.5   0.1044   -1.839 |  0.02183    5.821    1.281 ]
  mz [  -1.849     5.61   -0.074 |   0.8865    1.281    49.97 ]

  D_TCP [Ns/m, Nms/rad]:
           tx        ty        tz    |    rx        ry        rz
  fx [   206.3    12.16  -0.8762 |   0.2397   -4.077  -0.1564 ]
  fy [   12.16    185.9  -0.5115 |    3.676  -0.2391   0.5104 ]
  fz [ -0.8762  -0.5115      175 |   0.1515  -0.4738 -0.0006261 ]
     ---------------------------+---------------------------
  mx [  0.2397    3.676   0.1515 |     1.96  0.09471 -0.005823 ]
  my [  -4.077  -0.2391  -0.4738 |  0.09471    1.801 -0.01508 ]
  mz [ -0.1564   0.5104 -0.0006261 | -0.005823 -0.01508    1.127 ]

[GATE] Set up finished (holding the pressed pose). Press Enter to start the grind (e+Enter stops).

Stop requested with e + Enter. Finishing control loop...

Joint motion [deg]:
joint    start   final   delta
------------------------------
q1        0.9     0.9     0.0
q2       12.1    30.3    18.2
q3       -0.5     0.0     0.6
q4     -130.9  -132.6    -1.6
q5       -0.1     1.0     1.2
q6      142.9   169.1    26.2
q7       44.7    44.8     0.1

=== Final result ===
p_d = [532.7, 5.9, -35.5] mm
p_EE = [532.7, 7.9, 21.6] mm
e_p = [0.0, -2.0, -57.1] mm
position_error = 57.14 mm
e_R = [0.11, -1.38, -0.11] deg
rotation_error = 1.39 deg
csv: logs/surface_grinding_controller_log.csv
