
Press Enter to recover and configure the robot.
Robot recovered or already ready.
keys: e stop | m menu | g hand-guide

=== Startup mode ===
  s = run the phase sequence from q_init
  h = hold the q_init pose
  t = hold with the set-up impedance
  g = hand-guide the start pose
  q = go to q_init and inspect
  o = open the hand now
  c = grasp the tool now
  r = recalibrate hand width, fingers empty
  f = fetch the tool from the holder
  b = put the tool back
  e = stop and quit
While a run is going: e+Enter stops, m+Enter comes back here.
Choice [s/h/t/g/q/o/c/r/f/b/e]: 
=== Phase sequence mode ===
Moving to q_init (horizontal_table_search)
  q1..q7 [deg] = [0.8, 12.1, -0.5, -130.9, -0.2, 142.9, 44.7] deg
  horizontal_table_search = [0.014777, 0.210911, -0.009320, -2.284835, -0.002725, 2.493410, 0.780694] rad
q_init reached.

=== Start pose ===
q_start = [0.9, 12.1, -0.5, -130.9, -0.2, 142.9, 44.7] deg
p_start = [531.3, 2.6, 156.8] mm

=== Run ===
phase: approach_orient
  Kp=[150, 150, 150] N/m  KR=[90, 90, 90] Nm/rad  [t1,t2,n]
  Dp=[126.5, 103.6, 128.3] Ns/m  DR=[13.45, 15.80, 2.01] Nms/rad  auto (factor 1.90)
orient:     t=  0.0 s | axis_err=  4.1 deg | spin_err= 24.2 deg
orient:     t=  0.2 s | axis_err=  4.1 deg | spin_err= 20.9 deg
orient:     t=  0.4 s | axis_err=  3.8 deg | spin_err= 17.0 deg
orient:     t=  0.6 s | axis_err=  3.4 deg | spin_err= 13.1 deg
orient:     t=  0.8 s | axis_err=  2.9 deg | spin_err=  9.2 deg
orient:     t=  1.0 s | axis_err=  2.3 deg | spin_err=  5.3 deg
orient:     t=  1.2 s | axis_err=  1.8 deg | spin_err=  1.4 deg

Orientation reached: axis_err=1.7 deg | spin_err=0.5 deg
phase: approach_descend
  Kp=[150, 150, 150] N/m  KR=[90, 90, 90] Nm/rad  [t1,t2,n]
  Dp=[126.5, 103.6, 128.3] Ns/m  DR=[13.45, 15.80, 2.01] Nms/rad  auto (factor 1.90)
  descend to 20 mm clearance at 0.100 m/s
descend:    t=  0.0 s | distance=   0.1 mm | height=+139.4 mm (target 20.0) | force=  0.0 N
descend:    t=  0.2 s | distance=  20.2 mm | height=+126.8 mm (target 20.0) | force=  0.1 N
descend:    t=  0.4 s | distance=  40.3 mm | height=+108.3 mm (target 20.0) | force=  0.3 N
descend:    t=  0.6 s | distance=  60.4 mm | height= +89.8 mm (target 20.0) | force=  1.2 N
descend:    t=  0.8 s | distance=  80.5 mm | height= +70.8 mm (target 20.0) | force=  1.0 N
descend:    t=  1.0 s | distance= 100.6 mm | height= +51.8 mm (target 20.0) | force= -0.3 N
descend:    t=  1.2 s | distance= 120.7 mm | height= +32.9 mm (target 20.0) | force=  1.3 N

[GATE] Reached 20 mm above the plane. Press Enter to start the set-up press (e+Enter stops).
  gate hold: Kp=[5000, 5000, 5000] N/m [x,y,z]  KR=[90, 90, 90] Nm/rad [t1,t2,n]
             Dp=[205.6, 149.2, 247.6] Ns/m  DR=[12.87, 12.66, 1.95] Nms/rad  auto
[GATE] Continuing to the set-up press.
descend:    t=  5.4 s | distance= 134.4 mm | height= +19.1 mm (target 20.0) | force= -0.9 N

Clearance reached: distance=134.4 mm | height=19.1 mm | target=20.0 mm | force=-0.9 N (not used for the switch)
offset_ee = [-20.0, -60.0, 20.0] mm
p_EE_at_contact = [530.4, 2.8, 41.2] mm
contact_point = [487.9, 48.1, -0.7] mm
edge_offset_base = [-42.6, 45.2, -41.9] mm
phase: set_up

--- set-up impedance ---
  f = Kp*e_p + Dp*de,   m = KR*e_R + DR*dw   (decoupled)
  Kp [t1,t2,n]  = [  2000.0,   2000.0,    800.0] N/m
  Dp [t1,t2,n]  = [   215.3,    182.9,    173.0] Ns/m   auto
  KR [t1,t2,n]  = [     5.0,      5.0,     50.0] Nm/rad
  DR [t1,t2,n]  = [     1.7,      1.7,      0.8] Nms/rad   auto
set_up:     t=  0.0 s | tip=  0.0 deg | F=  0.0 N | M=  0.0 Nm (limit 150.0) | edge= 19.1 mm
set_up:     t=  0.2 s | tip=  0.6 deg | F=  1.4 N | M=  0.6 Nm (limit 150.0) | edge= 12.7 mm
set_up:     t=  0.4 s | tip=  1.3 deg | F=  2.7 N | M=  1.2 Nm (limit 150.0) | edge=  4.4 mm
set_up:     t=  0.6 s | tip=  1.5 deg | F= 16.2 N | M=  8.4 Nm (limit 150.0) | edge=  2.0 mm
set_up:     t=  0.8 s | tip=  1.5 deg | F= 23.4 N | M= 12.2 Nm (limit 150.0) | edge=  2.0 mm
set_up:     t=  1.0 s | tip=  1.5 deg | F= 31.4 N | M= 16.4 Nm (limit 150.0) | edge=  2.1 mm
set_up:     t=  1.2 s | tip=  1.5 deg | F= 38.8 N | M= 20.3 Nm (limit 150.0) | edge=  2.1 mm
set_up:     t=  1.4 s | tip=  1.6 deg | F= 46.9 N | M= 24.6 Nm (limit 150.0) | edge=  2.2 mm
set_up:     t=  1.6 s | tip=  1.6 deg | F= 55.7 N | M= 29.2 Nm (limit 150.0) | edge=  2.2 mm
set_up:     t=  1.8 s | tip=  1.6 deg | F= 48.7 N | M= 25.6 Nm (limit 150.0) | edge=  2.2 mm
set_up:     t=  2.0 s | tip=  1.6 deg | F= 48.6 N | M= 25.6 Nm (limit 150.0) | edge=  2.2 mm
set_up:     t=  2.2 s | tip=  1.6 deg | F= 48.6 N | M= 25.5 Nm (limit 150.0) | edge=  2.2 mm
set_up:     t=  2.4 s | tip=  1.6 deg | F= 48.5 N | M= 25.5 Nm (limit 150.0) | edge=  2.2 mm
set_up:     t=  2.6 s | tip=  1.6 deg | F= 48.5 N | M= 25.5 Nm (limit 150.0) | edge=  2.2 mm
set_up:     t=  2.8 s | tip=  1.6 deg | F= 48.6 N | M= 25.6 Nm (limit 150.0) | edge=  2.2 mm
set_up:     t=  3.0 s | tip=  1.6 deg | F= 48.4 N | M= 25.5 Nm (limit 150.0) | edge=  2.2 mm
set_up:     t=  3.2 s | tip=  1.6 deg | F= 48.4 N | M= 25.5 Nm (limit 150.0) | edge=  2.2 mm
set_up:     t=  3.4 s | tip=  1.6 deg | F= 48.4 N | M= 25.5 Nm (limit 150.0) | edge=  2.2 mm
set_up:     t=  3.6 s | tip=  1.6 deg | F= 48.3 N | M= 25.4 Nm (limit 150.0) | edge=  2.2 mm
set_up:     t=  3.8 s | tip=  1.6 deg | F= 48.4 N | M= 25.5 Nm (limit 150.0) | edge=  2.2 mm
set_up:     t=  4.0 s | tip=  1.6 deg | F= 48.3 N | M= 25.4 Nm (limit 150.0) | edge=  2.2 mm
set_up:     t=  4.2 s | tip=  1.6 deg | F= 48.1 N | M= 25.3 Nm (limit 150.0) | edge=  2.2 mm
set_up:     t=  4.4 s | tip=  1.6 deg | F= 48.3 N | M= 25.4 Nm (limit 150.0) | edge=  2.2 mm
set_up:     t=  4.6 s | tip=  1.6 deg | F= 48.3 N | M= 25.4 Nm (limit 150.0) | edge=  2.2 mm
set_up:     t=  4.8 s | tip=  1.6 deg | F= 48.4 N | M= 25.4 Nm (limit 150.0) | edge=  2.2 mm

=== Set-up result ===
stop: time | t=5.0 s | tip=1.6 deg | F=48.3 N | M=25.4 Nm
edge_from_contact = [-2.2, +0.3, -0.3] mm | norm=2.2 mm
tcp_from_contact  = [+40.7, -45.5, +21.4] mm | norm=64.6 mm
alignment: before=4.35 deg | after=2.82 deg | gain=+1.52 deg
alignment components [t1,t2,n] deg: before=[-0.72,-4.29,+0.00] | after=[-0.07,-2.82,+0.00]

=== Set-up surface-frame breakdown ===
frame: alignment-target [tangent1, tangent2, normal]
force        [N]      = [    -3.20,     +1.23,    -48.19]
tcp_disp     [mm]     = [    +1.29,     -0.93,    -20.58]
edge_disp    [mm]     = [    +1.88,     -1.17,     -0.35]
Kp_eff=F/tcp [N/m]    = [  -2483.7,   -1316.1,    2342.3]
moment@edge  [Nm]     = [   -12.17,    -24.66,     +0.16]
tip_angle    [deg]    = [    +0.65,     +1.47,     -0.03]
KR_eff=M/ang [Nm/rad] = [  -1077.3,    -964.1,    -290.6]

[GATE] Set up finished (holding the pressed pose). Press Enter to start the grind (e+Enter stops).

Stop requested with e + Enter. Finishing control loop...

Joint motion [deg]:
joint    start   final   delta
------------------------------
q1        0.9     0.8    -0.0
q2       12.1    30.3    18.2
q3       -0.5    -0.5     0.0
q4     -130.9  -130.7     0.2
q5       -0.2    -0.2    -0.0
q6      142.9   162.9    20.0
q7       44.7    20.5   -24.2

=== Final result ===
p_d = [529.1, 0.7, -37.8] mm
p_EE = [528.5, 2.6, 20.6] mm
e_p = [0.6, -1.9, -58.5] mm
position_error = 58.51 mm
e_R = [0.03, -1.60, 0.01] deg
rotation_error = 1.60 deg
csv: logs/surface_grinding_controller_log.csv
