
Press Enter to recover and configure the robot.
Robot recovered or already ready.
Collision: custom thresholds.

=== Startup mode ===
  s = go to q_init, then run the phase sequence
  h = go to q_init, then hold that pose
  g = guiding mode: go to q_init, then hand-guide to your pose;
      use s+Enter for sequence or h+Enter for hold
  q = go to q_init, inspect the posture, then choose again
  o = open the Franka hand now (release/load tool), then choose again
  c = close/grasp the tool now, then choose again
Choice [s/h/g/q/o/c]: Moving to q_init...
q_init reached.
Selected: phase sequence. Nullspace mode from parameters: nullspace_damping_only.

=== Setup ===
run: phase sequence | approach_orient: on | nullspace: nullspace_damping_only
nullspace parameters: d_null=2.000 | k_sigma=1.000 Nm (inactive) | alpha=0.0800 rad
hold: Kp=300.0 N/m | KR=40.0 Nm/rad | damping=auto translation+rotation (factor fitted online toward Dp=50.0 Ns/m)
manual_guidance_start: off | manual_damping=0.50
descend: clearance=20.0 mm | speed=0.100 m/s | max_distance=640 mm
alignment push: start=captured | end=+180 mm | speed=0.050 m/s | ramp_time~=4.0 s | timeout=5.0 s | moment_threshold=150.0 Nm
grind: free-slide hold | axis=tangent2 | amplitude=30 mm | frequency=0.20 Hz
set-up translation: frame=surface [t1,t2,n] | Kp=[2000.0, 2000.0, 360.0] N/m
coupled stiffness: apply=off | pole=commanded
gates: pause_before_set_up=on | pause_auto_damping=on | pause_before_grind=off | debug_period=0.20 s
surface-plane normal=[+0.017, +0.028, +0.999] | tilt a(x)=-1.6 deg, b(y)=1.0 deg (from angles)
tool-axis command offset: tangent1=+0.0 deg | tangent2=+0.0 deg
tool face: 40 x 120 mm | center offset EE=[+0.0, +0.0, +20.0] mm
Gripper already holding the tool (width 65.0 mm); keeping grasp.
Press e+Enter to stop the controller before the duration expires.
During hold: press g+Enter to hand-guide the tool, then p+Enter to recapture and resume hold.
experiment_duration <= 0: running indefinitely until e + Enter.

=== Start pose ===
q_start = [-0.9, 10.0, -1.1, -130.3, 0.0, 145.2, 42.7] deg
p_start = [550.2, -19.4, 184.9] mm

=== Run ===
phase: approach_orient
orient:     t=  0.0 s | axis_err=  6.0 deg | rot_err=  6.0 deg
approach Dp        auto=[ 127.08,  105.71,  125.84]  manual=[  20.00,   20.00,   20.00] Ns/m
approach DR        auto=[  13.61,   15.17,    2.22]  manual=[  12.00,   12.00,   12.00] Nms/rad
orient:     t=  0.2 s | axis_err=  3.1 deg | rot_err=  3.1 deg
orient:     t=  0.4 s | axis_err=  2.2 deg | rot_err=  2.2 deg

Orientation reached: axis_err=2.0 deg
phase: approach_descend
descend:    t=  0.0 s | distance=   0.1 mm | height=+156.2 mm (target 20.0) | force= -0.0 N
descend:    t=  0.2 s | distance=  20.1 mm | height=+144.1 mm (target 20.0) | force=  2.0 N
descend:    t=  0.4 s | distance=  40.1 mm | height=+127.7 mm (target 20.0) | force=  1.5 N
descend:    t=  0.6 s | distance=  60.2 mm | height=+110.5 mm (target 20.0) | force=  2.3 N
descend:    t=  0.8 s | distance=  80.3 mm | height= +92.5 mm (target 20.0) | force=  1.1 N
descend:    t=  1.0 s | distance= 100.4 mm | height= +74.3 mm (target 20.0) | force=  2.1 N
descend:    t=  1.2 s | distance= 120.5 mm | height= +55.8 mm (target 20.0) | force=  1.6 N
descend:    t=  1.4 s | distance= 140.6 mm | height= +37.5 mm (target 20.0) | force=  2.9 N

[GATE] Reached 20 mm above the plane. Press Enter to start the set-up press (e+Enter stops).
pause auto damping: fitted Dp factor=0.547, DR factor=2.005
pause Dp [xyz]     auto=[ 199.09,  147.70,  233.81]  manual=[ 200.00,  200.00,  200.00] Ns/m
pause DR [t1t2n]   auto=[  14.31,   14.49,    2.11]  manual=[  13.61,   15.17,    2.22] Nms/rad
[GATE] Continuing to the set-up press.
descend:    t=  4.9 s | distance= 159.8 mm | height= +19.3 mm (target 20.0) | force=  0.6 N

Clearance reached: distance=159.8 mm | height=19.3 mm | target=20.0 mm | force=0.6 N (not used for the switch)
offset_ee = [0.0, 60.0, 20.0] mm
p_EE_at_contact = [529.1, -21.9, 40.9] mm
contact_point = [528.7, -82.7, 2.2] mm
edge_offset_base = [-0.4, -60.7, -38.7] mm
phase: set_up
set_up Dp [t1t2n]  auto=[ 216.47,  189.02,  114.12]  manual=[  50.00,   50.00,   25.00] Ns/m
set_up DR [t1t2n]  auto=[   1.68,    1.70,    0.78]  manual=[  10.01,   10.01,   10.00] Nms/rad
set_up:     t=  0.0 s | tip=  0.0 deg | F=  0.0 N | M=  0.0 Nm (limit 150.0) | edge= 19.3 mm
set_up:     t=  0.2 s | tip=  0.4 deg | F=  1.5 N | M=  0.7 Nm (limit 150.0) | edge= 14.0 mm
set_up:     t=  0.4 s | tip=  0.9 deg | F=  2.4 N | M=  1.0 Nm (limit 150.0) | edge=  7.2 mm
set_up:     t=  0.6 s | tip=  1.3 deg | F= 12.9 N | M=  6.6 Nm (limit 150.0) | edge=  2.1 mm
set_up:     t=  0.8 s | tip=  1.3 deg | F= 13.1 N | M=  6.7 Nm (limit 150.0) | edge=  2.2 mm
set_up:     t=  1.0 s | tip=  1.3 deg | F= 16.6 N | M=  8.5 Nm (limit 150.0) | edge=  2.2 mm
set_up:     t=  1.2 s | tip=  1.4 deg | F= 20.5 N | M= 10.6 Nm (limit 150.0) | edge=  2.4 mm
set_up:     t=  1.4 s | tip=  1.4 deg | F= 24.0 N | M= 12.4 Nm (limit 150.0) | edge=  2.7 mm
set_up:     t=  1.6 s | tip=  1.4 deg | F= 27.7 N | M= 14.3 Nm (limit 150.0) | edge=  2.8 mm
set_up:     t=  1.8 s | tip=  1.4 deg | F= 31.5 N | M= 16.4 Nm (limit 150.0) | edge=  2.9 mm
set_up:     t=  2.0 s | tip=  1.4 deg | F= 35.0 N | M= 18.3 Nm (limit 150.0) | edge=  2.9 mm
set_up:     t=  2.2 s | tip=  1.4 deg | F= 38.8 N | M= 20.3 Nm (limit 150.0) | edge=  3.0 mm
set_up:     t=  2.4 s | tip=  1.4 deg | F= 42.5 N | M= 22.3 Nm (limit 150.0) | edge=  3.0 mm
set_up:     t=  2.6 s | tip=  1.5 deg | F= 46.0 N | M= 24.1 Nm (limit 150.0) | edge=  3.1 mm
set_up:     t=  2.8 s | tip=  1.5 deg | F= 49.4 N | M= 25.9 Nm (limit 150.0) | edge=  3.2 mm
set_up:     t=  3.0 s | tip=  1.5 deg | F= 53.0 N | M= 27.9 Nm (limit 150.0) | edge=  3.2 mm
set_up:     t=  3.2 s | tip=  1.5 deg | F= 56.4 N | M= 29.6 Nm (limit 150.0) | edge=  3.3 mm
set_up:     t=  3.4 s | tip=  1.5 deg | F= 59.9 N | M= 31.5 Nm (limit 150.0) | edge=  3.4 mm
set_up:     t=  3.6 s | tip=  1.5 deg | F= 63.5 N | M= 33.4 Nm (limit 150.0) | edge=  3.4 mm
set_up:     t=  3.8 s | tip=  1.5 deg | F= 66.9 N | M= 35.2 Nm (limit 150.0) | edge=  3.5 mm
set_up:     t=  4.0 s | tip=  1.5 deg | F= 70.9 N | M= 37.3 Nm (limit 150.0) | edge=  3.5 mm
set_up:     t=  4.2 s | tip=  1.5 deg | F= 66.3 N | M= 34.9 Nm (limit 150.0) | edge=  3.5 mm
set_up:     t=  4.4 s | tip=  1.5 deg | F= 66.3 N | M= 34.8 Nm (limit 150.0) | edge=  3.5 mm
set_up:     t=  4.6 s | tip=  1.5 deg | F= 66.3 N | M= 34.9 Nm (limit 150.0) | edge=  3.5 mm
set_up:     t=  4.8 s | tip=  1.5 deg | F= 66.3 N | M= 34.8 Nm (limit 150.0) | edge=  3.5 mm

=== Set-up result ===
stop: time | t=5.0 s | tip=1.5 deg | F=66.2 N | M=34.8 Nm
edge_from_contact = [-3.2, +0.3, -1.5] mm | norm=3.5 mm
tcp_from_contact  = [-2.6, +60.4, +17.9] mm | norm=63.1 mm
alignment: before=1.02 deg | after=1.86 deg | gain=-0.84 deg
alignment components [t1,t2,n] deg: before=[+0.94,-0.39,-0.00] | after=[+1.60,+0.95,+0.00]

=== Set-up surface-frame breakdown ===
frame: alignment-target [tangent1, tangent2, normal]
force        [N]      = [    -5.56,     +1.76,    -65.94]
tcp_disp     [mm]     = [    +2.26,     -1.37,    -20.78]
edge_disp    [mm]     = [    +2.73,     -1.60,     -1.53]
Kp_eff=F/tcp [N/m]    = [  -2458.9,   -1284.3,    3172.8]
moment@edge  [Nm]     = [   -12.04,    -32.91,     -0.15]
tip_angle    [deg]    = [    +0.66,     +1.35,     -0.03]
KR_eff=M/ang [Nm/rad] = [  -1047.1,   -1400.4,       n/a]

=== Commanded centre of compliance ===
lever convention: r_c = p_TCP - p_c
parameterization: legacy base-frame pole-from-edge
  r_c base = [40.4, -19.3, 38.7] mm
  r_c [t1,t2,n] = [-27.4, 35.3, 38.8] mm
  pole_from_edge = [-40.0, 80.0, 0.0] mm

K_TCP = Ad^T K_pole Ad  [rows fx..mz | cols tx..rz]:
  commanded:
           tx        ty        tz    |    rx        ry        rz
  fx [    2000  -0.7824   -28.27 |   -0.575   -78.47    -38.5 ]
  fy [ -0.7824     1999   -45.34 |    76.43   -1.803   -80.81 ]
  fz [  -28.27   -45.34    361.7 |    5.218    15.72    2.378 ]
     ---------------------------+---------------------------
  mx [  -0.575    76.43    5.218 |     8.07   0.2547   -2.304 ]
  my [  -78.47   -1.803    15.72 |   0.2547    8.705     2.83 ]
  mz [   -38.5   -80.81    2.378 |   -2.304     2.83    53.96 ]
  K_TCP eigenvalues = [4.982, 4.992, 49.9, 360.7, 2003, 2007] -> PSD ok (>=0) (min=4.982)

D_TCP = Ad^T D_pole Ad:
  commanded:
           tx        ty        tz    |    rx        ry        rz
  fx [   211.5    10.48   -1.971 |   0.3673    -8.26     -4.5 ]
  fy [   10.48    193.9   -2.388 |    7.452  -0.5019   -8.042 ]
  fz [  -1.971   -2.388    114.2 |    2.109    4.695   0.1346 ]
     ---------------------------+---------------------------
  mx [  0.3673    7.452    2.109 |    2.016  0.06442  -0.3238 ]
  my [   -8.26  -0.5019    4.695 |  0.06442    2.206   0.1543 ]
  mz [    -4.5   -8.042   0.1346 |  -0.3238   0.1543    1.195 ]
  D_TCP eigenvalues = [0.7808, 1.679, 1.697, 114.3, 189.4, 217.1] -> PSD ok (>=0) (min=0.7808)
phase: grind

Stop requested with e + Enter. Finishing control loop...

Joint motion [deg]:
joint    start   final   delta
------------------------------
q1       -0.9    -0.9    -0.0
q2       10.0    30.7    20.7
q3       -1.1    -1.3    -0.2
q4     -130.3  -128.1     2.2
q5        0.0     0.1     0.1
q6      145.2   156.3    11.1
q7       42.7    42.7    -0.0

=== Final result ===
p_d = [522.4, -27.1, -158.3] mm
p_EE = [526.0, -22.2, 20.0] mm
e_p = [-3.6, -4.9, -178.3] mm
position_error = 178.40 mm
e_R = [-0.04, -1.52, 0.02] deg
rotation_error = 1.52 deg
csv: surface_grinding_controller_log.csv
