
Press Enter to recover and configure the robot.
Robot recovered or already ready.
Collision: custom thresholds.

=== Startup choice ===
  q = go to q_init (from params/common.txt), then choose again
  g = guiding mode: go to q_init, then hand-guide to your pose;
      use s+Enter for sequence or h+Enter for hold
  o = open the Franka hand now (release/load tool), then choose again
  c = close/grasp the tool now, then choose again
  r = continue to run mode (available after q_init is reached)
Choice [q/g/o/c/r, Enter = q]: Moving to q_init...
q_init reached.

=== Startup choice ===
  q = go to q_init (from params/common.txt), then choose again
  g = guiding mode: go to q_init, then hand-guide to your pose;
      use s+Enter for sequence or h+Enter for hold
  o = open the Franka hand now (release/load tool), then choose again
  c = close/grasp the tool now, then choose again
  r = continue to run mode
Choice [q/g/o/c/r, Enter = q]: Moving to q_init...
q_init reached.

=== Startup choice ===
  q = go to q_init (from params/common.txt), then choose again
  g = guiding mode: go to q_init, then hand-guide to your pose;
      use s+Enter for sequence or h+Enter for hold
  o = open the Franka hand now (release/load tool), then choose again
  c = close/grasp the tool now, then choose again
  r = continue to run mode
Choice [q/g/o/c/r, Enter = q]: 
=== Run mode ===
  s = phase sequence (approach / set up / grind)
  h = hold at the start pose
Choice [s/h, Enter = s]: Selected: phase sequence. Nullspace mode from parameters: nullspace_damping_plus_sigma.

=== Setup ===
run: phase sequence | approach_orient: on | nullspace: nullspace_damping_plus_sigma
nullspace parameters: d_null=2.000 | k_sigma=1.000 Nm | alpha=0.0800 rad
hold: Kp=300.0 N/m | KR=40.0 Nm/rad | damping=auto translation+rotation (factor fitted online toward Dp=50.0 Ns/m)
manual_guidance_start: off | manual_damping=0.50
descend: clearance=20.0 mm | speed=0.100 m/s | max_distance=640 mm
alignment push: start=captured | end=+180 mm | speed=0.050 m/s | ramp_time~=4.0 s | timeout=12.0 s | moment_threshold=150.0 Nm
grind: sweep | axis=tangent2 | amplitude=30 mm | frequency=0.20 Hz
coupled stiffness: apply=on | saved=yes | pole=manual
gates: pause_before_set_up=on | pause_auto_damping=on | pause_before_grind=off | debug_period=0.20 s
alignment-target normal=[+0.087, -0.000, +0.996] | tilt a(x)=0.0 deg, b(y)=5.0 deg (from angles)
tool face: 40 x 120 mm | center offset EE=[+0.0, +0.0, +20.0] mm
Gripper already holding the tool (width 65.1 mm); keeping grasp.
Press e+Enter to stop the controller before the duration expires.
During hold: press g+Enter to hand-guide the tool, then p+Enter to recapture and resume hold.
experiment_duration <= 0: running indefinitely until e + Enter.

=== Start pose ===
q_start = [-2.7, 18.1, -5.1, -122.8, 17.5, 139.5, 26.8] deg
p_start = [565.1, -59.5, 151.1] mm

=== Run ===
phase: approach_orient
orient:     t=  0.0 s | axis_err= 11.5 deg | rot_err= 11.5 deg
approach Dp        auto=[ 134.14,   97.25,  122.28]  manual=[  20.00,   20.00,   20.00] Ns/m
approach DR        auto=[  12.73,   16.36,    4.08]  manual=[  12.00,   12.00,   12.00] Nms/rad
orient:     t=  0.2 s | axis_err=  4.6 deg | rot_err=  4.6 deg
orient:     t=  0.4 s | axis_err=  2.4 deg | rot_err=  2.4 deg

Orientation reached: axis_err=2.0 deg
phase: approach_descend
descend:    t=  0.0 s | distance=   0.1 mm | height= +96.5 mm (target 20.0) | force= -0.1 N
descend:    t=  0.2 s | distance=  20.1 mm | height= +84.3 mm (target 20.0) | force=  1.1 N
descend:    t=  0.4 s | distance=  40.1 mm | height= +67.9 mm (target 20.0) | force=  2.2 N
descend:    t=  0.6 s | distance=  60.2 mm | height= +50.6 mm (target 20.0) | force=  2.5 N
descend:    t=  0.8 s | distance=  80.3 mm | height= +32.8 mm (target 20.0) | force=  1.6 N

[GATE] Reached 20 mm above the plane. Press Enter to start the set-up press (e+Enter stops).
pause auto damping: fitted Dp factor=0.551, DR factor=1.963
pause Dp [xyz]     auto=[ 206.39,  155.16,  225.05]  manual=[ 200.00,  200.00,  200.00] Ns/m
pause DR [t1t2n]   auto=[  11.74,   17.27,    2.04]  manual=[  12.73,   16.36,    4.08] Nms/rad
[GATE] Continuing to the set-up press.
descend:    t=  1.9 s | distance=  94.7 mm | height= +19.5 mm (target 20.0) | force=  0.8 N

Clearance reached: distance=94.7 mm | height=19.5 mm | target=20.0 mm | force=0.8 N (not used for the switch)
offset_ee = [0.0, 60.0, 20.0] mm
p_EE_at_contact = [545.3, -65.6, 65.5] mm
contact_point = [539.2, -125.3, 25.9] mm
edge_offset_base = [-6.1, -59.8, -39.5] mm
phase: set_up
set_up Dp [xyz]    auto=[ 236.90,  178.13,  108.22]  manual=[  10.00,   10.00,  175.00] Ns/m
set_up DR [t1t2n]  auto=[   1.41,    2.07,    0.77]  manual=[  10.01,   10.01,   10.00] Nms/rad
set_up:     t=  0.0 s | tip=  0.0 deg | F=  0.0 N | M=  0.0 Nm (limit 150.0) | edge= 19.5 mm
set_up:     t=  0.2 s | tip=  0.5 deg | F=  1.3 N | M=  0.5 Nm (limit 150.0) | edge= 13.5 mm
set_up:     t=  0.4 s | tip=  0.7 deg | F=  1.9 N | M=  0.8 Nm (limit 150.0) | edge=  5.7 mm
set_up:     t=  0.6 s | tip=  1.2 deg | F=  2.1 N | M=  0.9 Nm (limit 150.0) | edge=  5.7 mm
set_up:     t=  0.8 s | tip=  1.8 deg | F=  1.6 N | M=  0.4 Nm (limit 150.0) | edge= 14.4 mm
set_up:     t=  1.0 s | tip=  1.6 deg | F=  9.4 N | M=  5.1 Nm (limit 150.0) | edge= 18.5 mm
set_up:     t=  1.2 s | tip=  1.6 deg | F= 12.4 N | M=  6.8 Nm (limit 150.0) | edge= 19.3 mm
set_up:     t=  1.4 s | tip=  1.7 deg | F= 16.1 N | M=  8.7 Nm (limit 150.0) | edge= 19.6 mm
set_up:     t=  1.6 s | tip=  1.7 deg | F= 19.5 N | M= 10.4 Nm (limit 150.0) | edge= 19.8 mm
set_up:     t=  1.8 s | tip=  1.6 deg | F= 23.2 N | M= 12.2 Nm (limit 150.0) | edge= 19.9 mm
set_up:     t=  2.0 s | tip=  1.5 deg | F= 27.2 N | M= 14.2 Nm (limit 150.0) | edge= 20.0 mm
set_up:     t=  2.2 s | tip=  1.4 deg | F= 31.4 N | M= 16.3 Nm (limit 150.0) | edge= 20.1 mm
set_up:     t=  2.4 s | tip=  1.3 deg | F= 36.1 N | M= 18.8 Nm (limit 150.0) | edge= 20.3 mm
set_up:     t=  2.6 s | tip=  1.2 deg | F= 39.5 N | M= 20.5 Nm (limit 150.0) | edge= 20.4 mm
set_up:     t=  2.8 s | tip=  1.2 deg | F= 42.7 N | M= 22.2 Nm (limit 150.0) | edge= 20.5 mm
set_up:     t=  3.0 s | tip=  1.1 deg | F= 46.4 N | M= 24.0 Nm (limit 150.0) | edge= 20.6 mm
set_up:     t=  3.2 s | tip=  1.0 deg | F= 49.9 N | M= 25.8 Nm (limit 150.0) | edge= 20.8 mm
set_up:     t=  3.4 s | tip=  0.6 deg | F= 54.3 N | M= 28.1 Nm (limit 150.0) | edge= 20.7 mm
set_up:     t=  3.6 s | tip=  0.9 deg | F= 57.0 N | M= 29.2 Nm (limit 150.0) | edge= 20.7 mm
set_up:     t=  3.8 s | tip=  1.0 deg | F= 60.5 N | M= 31.1 Nm (limit 150.0) | edge= 20.7 mm
set_up:     t=  4.0 s | tip=  1.3 deg | F= 65.4 N | M= 33.6 Nm (limit 150.0) | edge= 20.7 mm
set_up:     t=  4.2 s | tip=  1.9 deg | F= 59.6 N | M= 30.4 Nm (limit 150.0) | edge= 20.5 mm
set_up:     t=  4.4 s | tip=  2.0 deg | F= 59.2 N | M= 30.3 Nm (limit 150.0) | edge= 20.5 mm
set_up:     t=  4.6 s | tip=  2.1 deg | F= 59.1 N | M= 30.4 Nm (limit 150.0) | edge= 20.5 mm
set_up:     t=  4.8 s | tip=  2.1 deg | F= 59.1 N | M= 30.3 Nm (limit 150.0) | edge= 20.5 mm
set_up:     t=  5.0 s | tip=  2.1 deg | F= 59.1 N | M= 30.4 Nm (limit 150.0) | edge= 20.5 mm
set_up:     t=  5.2 s | tip=  2.1 deg | F= 59.0 N | M= 30.3 Nm (limit 150.0) | edge= 20.5 mm
set_up:     t=  5.4 s | tip=  2.1 deg | F= 59.0 N | M= 30.3 Nm (limit 150.0) | edge= 20.5 mm
set_up:     t=  5.6 s | tip=  2.1 deg | F= 58.9 N | M= 30.3 Nm (limit 150.0) | edge= 20.5 mm
set_up:     t=  5.8 s | tip=  2.1 deg | F= 58.9 N | M= 30.3 Nm (limit 150.0) | edge= 20.5 mm
set_up:     t=  6.0 s | tip=  2.1 deg | F= 58.9 N | M= 30.3 Nm (limit 150.0) | edge= 20.5 mm
set_up:     t=  6.2 s | tip=  2.1 deg | F= 58.9 N | M= 30.3 Nm (limit 150.0) | edge= 20.5 mm
set_up:     t=  6.4 s | tip=  2.1 deg | F= 58.8 N | M= 30.2 Nm (limit 150.0) | edge= 20.5 mm
set_up:     t=  6.6 s | tip=  2.1 deg | F= 58.8 N | M= 30.2 Nm (limit 150.0) | edge= 20.5 mm
set_up:     t=  6.8 s | tip=  2.1 deg | F= 58.8 N | M= 30.2 Nm (limit 150.0) | edge= 20.5 mm
set_up:     t=  7.0 s | tip=  2.1 deg | F= 58.8 N | M= 30.2 Nm (limit 150.0) | edge= 20.5 mm
set_up:     t=  7.2 s | tip=  2.1 deg | F= 58.8 N | M= 30.2 Nm (limit 150.0) | edge= 20.5 mm
set_up:     t=  7.4 s | tip=  2.1 deg | F= 58.8 N | M= 30.2 Nm (limit 150.0) | edge= 20.5 mm
set_up:     t=  7.6 s | tip=  2.1 deg | F= 58.8 N | M= 30.3 Nm (limit 150.0) | edge= 20.5 mm
set_up:     t=  7.8 s | tip=  2.1 deg | F= 58.8 N | M= 30.2 Nm (limit 150.0) | edge= 20.5 mm
set_up:     t=  8.0 s | tip=  2.1 deg | F= 58.8 N | M= 30.2 Nm (limit 150.0) | edge= 20.5 mm
set_up:     t=  8.2 s | tip=  2.1 deg | F= 58.8 N | M= 30.2 Nm (limit 150.0) | edge= 20.5 mm
set_up:     t=  8.4 s | tip=  2.1 deg | F= 58.8 N | M= 30.2 Nm (limit 150.0) | edge= 20.5 mm
set_up:     t=  8.6 s | tip=  2.1 deg | F= 58.8 N | M= 30.2 Nm (limit 150.0) | edge= 20.5 mm
set_up:     t=  8.8 s | tip=  2.1 deg | F= 58.8 N | M= 30.3 Nm (limit 150.0) | edge= 20.5 mm
set_up:     t=  9.0 s | tip=  2.1 deg | F= 58.8 N | M= 30.3 Nm (limit 150.0) | edge= 20.5 mm
set_up:     t=  9.2 s | tip=  2.1 deg | F= 58.9 N | M= 30.3 Nm (limit 150.0) | edge= 20.5 mm
set_up:     t=  9.4 s | tip=  2.1 deg | F= 59.1 N | M= 30.4 Nm (limit 150.0) | edge= 20.5 mm
set_up:     t=  9.6 s | tip=  2.1 deg | F= 59.1 N | M= 30.3 Nm (limit 150.0) | edge= 20.5 mm
set_up:     t=  9.8 s | tip=  2.1 deg | F= 59.0 N | M= 30.4 Nm (limit 150.0) | edge= 20.5 mm
set_up:     t= 10.0 s | tip=  2.1 deg | F= 59.0 N | M= 30.3 Nm (limit 150.0) | edge= 20.5 mm
set_up:     t= 10.2 s | tip=  2.1 deg | F= 59.1 N | M= 30.4 Nm (limit 150.0) | edge= 20.5 mm
set_up:     t= 10.4 s | tip=  2.1 deg | F= 58.9 N | M= 30.3 Nm (limit 150.0) | edge= 20.5 mm
set_up:     t= 10.6 s | tip=  2.1 deg | F= 58.9 N | M= 30.3 Nm (limit 150.0) | edge= 20.5 mm
set_up:     t= 10.8 s | tip=  2.1 deg | F= 58.9 N | M= 30.3 Nm (limit 150.0) | edge= 20.5 mm
set_up:     t= 11.0 s | tip=  2.1 deg | F= 58.8 N | M= 30.3 Nm (limit 150.0) | edge= 20.5 mm
set_up:     t= 11.2 s | tip=  2.1 deg | F= 58.8 N | M= 30.2 Nm (limit 150.0) | edge= 20.5 mm
set_up:     t= 11.4 s | tip=  2.1 deg | F= 58.8 N | M= 30.2 Nm (limit 150.0) | edge= 20.5 mm
set_up:     t= 11.6 s | tip=  2.1 deg | F= 58.8 N | M= 30.2 Nm (limit 150.0) | edge= 20.5 mm
set_up:     t= 11.8 s | tip=  2.1 deg | F= 58.7 N | M= 30.2 Nm (limit 150.0) | edge= 20.5 mm

=== Set-up result ===
stop: time | t=12.0 s | tip=2.1 deg | F=58.7 N | M=30.2 Nm
edge_from_contact = [-5.9, +0.2, -19.6] mm | norm=20.5 mm
tcp_from_contact  = [-1.6, +60.2, -0.1] mm | norm=60.2 mm
alignment: before=0.41 deg | after=1.86 deg | gain=-1.45 deg

=== Set-up surface-frame breakdown ===
frame: alignment-target [tangent1, tangent2, normal]
force        [N]      = [    -6.40,     -2.58,    -58.34]
tcp_disp     [mm]     = [    -4.29,     +0.42,    -40.13]
edge_disp    [mm]     = [    -4.21,     +0.23,    -20.08]
Kp_eff=F/tcp [N/m]    = [   1493.9,   -6092.8,    1453.6]
moment@edge  [Nm]     = [    +3.65,    +29.32,     -1.62]
tip_angle    [deg]    = [    +0.62,     +1.91,     +0.57]
KR_eff=M/ang [Nm/rad] = [    337.8,     881.3,    -163.2]

finite_axis: angle=2.1 deg | axis_from_edge=[+493.6, -129.1, -160.6] mm | dir=[-0.319, -0.915, -0.246] | pitch=+179.4 mm/rad

=== Coupled stiffness from the measured pole ===
source spring K_pole/D_pole (diagonal, from parameters):
  Kp [N/m]     = [2000, 2000, 350]
  KR [Nm/rad]  = [5, 5, 50]
  Dp [Ns/m]    = [10, 10, 175]
  DR [Nms/rad] = [10.01, 10.01, 10]

poles compared (lever r_c = TCP - pole):
  (A) measured axis : angle=2.1 deg | pitch=+179.4 mm/rad
      pole_from_edge = [497.5, -135.3, -142.6] mm
      r_c            = [-493.2, 195.3, 162.2] mm
  (B) manual pole   : COMMANDED this run, contact reference
      pole_from_edge = [-26.9, -0.2, 102.8] mm
      r_c            = [39.0, 59.8, -43.6] mm
      r_c(B)-r_c(A)  = [532.2, -135.5, -205.8] mm

K_TCP = Ad^T K_pole Ad  [rows fx..mz | cols tx..rz]:
  (A) measured axis:
           tx        ty        tz    |    rx        ry        rz
  fx [    2000        0        0 |        0   -324.4    390.6 ]
  fy [       0     2000        0 |    324.4        0    986.3 ]
  fz [       0        0      350 |   -68.35   -172.6        0 ]
     ---------------------------+---------------------------
  mx [       0    324.4   -68.35 |     71.3    33.71    163.9 ]
  my [  -324.4        0   -172.6 |    33.71    142.7   -63.34 ]
  mz [   390.6    986.3        0 |    163.9   -63.34    612.4 ]
  (A) K_TCP eigenvalues = [3.814, 4.928, 38.62, 446.3, 2056, 2627] -> PSD ok (>=0) (min=3.814)
  (B) manual pole:
           tx        ty        tz    |    rx        ry        rz
  fx [    2000        0        0 |        0    87.29    119.6 ]
  fy [       0     2000        0 |   -87.29        0   -78.02 ]
  fz [       0        0      350 |   -20.93    13.65        0 ]
     ---------------------------+---------------------------
  mx [       0   -87.29   -20.93 |     10.4  -0.8165    7.312 ]
  my [   87.29        0    13.65 |  -0.8165    9.342     5.22 ]
  mz [   119.6   -78.02        0 |    7.312     5.22    59.85 ]
  (B) K_TCP eigenvalues = [4.965, 4.992, 49.73, 351.8, 2004, 2014] -> PSD ok (>=0) (min=4.965)

D_TCP = Ad^T D_pole Ad:
  (A) measured axis:
           tx        ty        tz    |    rx        ry        rz
  fx [   236.9        0        0 |        0   -38.42    46.26 ]
  fy [       0    178.1        0 |    28.89        0    87.85 ]
  fz [       0        0    108.2 |   -21.13   -53.37        0 ]
     ---------------------------+---------------------------
  mx [       0    28.89   -21.13 |    10.22    10.42    14.19 ]
  my [  -38.42        0   -53.37 |    10.42    34.62   -7.503 ]
  mz [   46.26    87.85        0 |    14.19   -7.503    53.14 ]
  (A) D_TCP eigenvalues = [0.5962, 1.304, 1.69, 137.1, 216.8, 263.7] -> PSD ok (>=0) (min=0.5962)
  (B) manual pole:
           tx        ty        tz    |    rx        ry        rz
  fx [   236.9        0        0 |        0    10.34    14.17 ]
  fy [       0    178.1        0 |   -7.775        0   -6.949 ]
  fz [       0        0    108.2 |   -6.471    4.222        0 ]
     ---------------------------+---------------------------
  mx [       0   -7.775   -6.471 |    2.131  -0.2525   0.2481 ]
  my [   10.34        0    4.222 |  -0.2525    2.685   0.6183 ]
  mz [   14.17   -6.949        0 |   0.2481   0.6183    1.897 ]
  (B) D_TCP eigenvalues = [0.7693, 1.402, 2.062, 108.8, 178.7, 238.2] -> PSD ok (>=0) (min=0.7693)
phase: grind

Stop requested with e + Enter. Finishing control loop...

Joint motion [deg]:
joint    start   final   delta
------------------------------
q1       -2.7    -5.2    -2.5
q2       18.1    31.2    13.1
q3       -5.1     0.5     5.7
q4     -122.8  -125.2    -2.4
q5       17.5    -2.7   -20.2
q6      139.5   152.7    13.2
q7       26.8    45.7    18.9

=== Final result ===
p_d = [527.9, -39.3, -133.3] mm
p_EE = [535.5, -44.3, 25.6] mm
e_p = [-7.5, 5.0, -158.9] mm
position_error = 159.11 mm
e_R = [1.08, 1.25, 0.53] deg
rotation_error = 1.74 deg
csv: surface_grinding_controller_log.csv
