
====================================================================
  SURFACE GRINDING CONTROLLER
====================================================================
  robot              172.16.0.2
--------------------------------------------------------------------

Press Enter to recover and configure the robot.
  Robot recovered or already ready.

====================================================================
  STARTUP MODE
====================================================================
  run     s   run the phase sequence from q_init
          h   hold the q_init pose
          t   hold with the set-up impedance, to test those gains
          g   hand-guide the start pose, then choose
--------------------------------------------------------------------
  set up  q   go to q_init and inspect
          o   open the hand now
          c   grasp the tool now
          r   recalibrate the hand width, fingers empty
          f   fetch the tool from the holder
          b   put the tool back
--------------------------------------------------------------------
  quit    e   stop and quit
--------------------------------------------------------------------
  in a run    e stop | m menu | g hand-guide | s sequence | t hold
--------------------------------------------------------------------
Choice [s/h/t/g/q/o/c/r/f/b/e]: 
-- selected: phase sequence ----------------------------------------

-- moving to q_init ------------------------------------------------
  case               horizontal_table_search
  q1..q7 [deg]     = [0.8, 12.1, -0.5, -130.9, -0.2, 142.9, 44.7] deg
  horizontal_table_search = [0.014777, 0.210911, -0.009320, -2.284835, -0.002725, 2.493410, 0.780694] rad
  q_init reached.

-- start pose ------------------------------------------------------
  q_start          = [0.9, 12.1, -0.5, -130.9, -0.1, 142.9, 44.7] deg
  p_start          = [    531.4,       2.5,     156.9] mm

====================================================================
  RUN
====================================================================

-- phase: approach_orient ------------------------------------------
  Kp [t1,t2,n]     = [    150.0,     150.0,     150.0] N/m
  Dp [t1,t2,n]     = [    126.5,     103.6,     128.3] Ns/m     auto (factor 1.90)
  KR [t1,t2,n]     = [     90.0,      90.0,      90.0] Nm/rad
  DR [t1,t2,n]     = [     13.5,      15.8,       2.0] Nms/rad  auto (factor 1.90)
orient:     t=  0.0 s | axis_err=  9.5 deg | spin_err=  0.5 deg
orient:     t=  0.2 s | axis_err=  8.4 deg | spin_err=  0.5 deg
orient:     t=  0.4 s | axis_err=  5.6 deg | spin_err=  0.3 deg
orient:     t=  0.6 s | axis_err=  2.6 deg | spin_err=  0.2 deg

Orientation reached: axis_err=2.0 deg | spin_err=0.2 deg

-- phase: approach_descend -----------------------------------------
  Kp [t1,t2,n]     = [    150.0,     150.0,     150.0] N/m
  Dp [t1,t2,n]     = [    126.5,     103.6,     128.3] Ns/m     auto (factor 1.90)
  KR [t1,t2,n]     = [     90.0,      90.0,      90.0] Nm/rad
  DR [t1,t2,n]     = [     13.5,      15.8,       2.0] Nms/rad  auto (factor 1.90)
  descend to         20 mm clearance at 0.100 m/s
descend:    t=  0.0 s | distance=   0.1 mm | height=+134.8 mm (target 20.0) | force=  0.1 N
descend:    t=  0.2 s | distance=  20.1 mm | height=+123.2 mm (target 20.0) | force=  1.0 N
descend:    t=  0.4 s | distance=  40.2 mm | height=+106.0 mm (target 20.0) | force=  0.3 N
descend:    t=  0.6 s | distance=  60.3 mm | height= +88.1 mm (target 20.0) | force=  1.7 N
descend:    t=  0.8 s | distance=  80.4 mm | height= +69.5 mm (target 20.0) | force=  1.8 N
descend:    t=  1.0 s | distance= 100.5 mm | height= +50.9 mm (target 20.0) | force=  0.3 N
descend:    t=  1.2 s | distance= 120.6 mm | height= +32.2 mm (target 20.0) | force=  1.7 N

[GATE] Reached 20 mm above the plane. Press Enter to start the set-up press (e+Enter stops).

-- gate hold -------------------------------------------------------
  Kp [x,y,z]       = [   5000.0,    5000.0,    5000.0] N/m
  Dp [x,y,z]       = [    204.9,     144.6,     254.3] Ns/m     auto
  KR [t1,t2,n]     = [     90.0,      90.0,      90.0] Nm/rad
  DR [t1,t2,n]     = [     14.0,      11.8,       2.6] Nms/rad  auto
[GATE] Continuing to the set-up press.

Clearance reached: distance=133.8 mm | height=19.8 mm | target=20.0 mm | force=1.3 N (not used for the switch)
  offset_ee        = [    -20.0,      60.0,      20.0] mm
  p_EE_at_contact  = [    534.3,       0.2,      43.9] mm
  contact_point    = [    517.6,     -60.6,       1.8] mm
  edge_offset      = [    -16.7,     -60.8,     -42.1] mm

-- phase: set_up ---------------------------------------------------

-- set-up impedance ------------------------------------------------
  law                wrench = K_TCP*dx + D_TCP*dv
                     K_TCP  = Ad(r_c)^T * blkdiag(Kp,KR) * Ad(r_c)
  Kp [t1,t2,n]     = [   2000.0,    2000.0,     800.0] N/m
  Dp [t1,t2,n]     = [    210.6,     179.6,     175.7] Ns/m     auto
  KR [t1,t2,n]     = [      5.0,       5.0,      50.0] Nm/rad
  DR [t1,t2,n]     = [      2.0,       1.7,       1.2] Nms/rad  auto
  p_c [EE]         = [     59.0,      -4.8,       9.9] mm       the pole on the tool, from p_EE
  r_c [t1,t2,n]    = [     56.4,     -20.5,      -0.0] mm       commanded: p_TCP - p_c, in the plane
set_up:     t=  0.0 s | tip=  0.0 deg | F=  0.0 N | M=  0.0 Nm (limit 150.0) | edge= 19.7 mm
set_up:     t=  0.2 s | tip=  0.3 deg | F=  0.6 N | M=  0.4 Nm (limit 150.0) | edge= 10.4 mm
set_up:     t=  0.4 s | tip=  0.8 deg | F=  1.0 N | M=  0.4 Nm (limit 150.0) | edge=  4.6 mm
set_up:     t=  0.6 s | tip=  1.2 deg | F= 12.3 N | M=  7.4 Nm (limit 150.0) | edge=  2.2 mm
set_up:     t=  0.8 s | tip=  1.2 deg | F= 19.2 N | M= 11.2 Nm (limit 150.0) | edge=  2.1 mm
set_up:     t=  1.0 s | tip=  1.5 deg | F= 26.6 N | M= 15.3 Nm (limit 150.0) | edge=  1.9 mm
set_up:     t=  1.2 s | tip=  2.8 deg | F= 31.8 N | M= 17.8 Nm (limit 150.0) | edge=  2.0 mm
set_up:     t=  1.4 s | tip=  5.1 deg | F= 37.4 N | M= 21.5 Nm (limit 150.0) | edge=  2.4 mm
set_up:     t=  1.6 s | tip=  6.9 deg | F= 43.7 N | M= 24.9 Nm (limit 150.0) | edge=  2.7 mm
set_up:     t=  1.8 s | tip=  7.4 deg | F= 38.5 N | M= 22.1 Nm (limit 150.0) | edge=  2.6 mm
set_up:     t=  2.0 s | tip=  7.4 deg | F= 38.5 N | M= 22.0 Nm (limit 150.0) | edge=  2.6 mm
set_up:     t=  2.2 s | tip=  7.5 deg | F= 38.5 N | M= 22.0 Nm (limit 150.0) | edge=  2.6 mm
set_up:     t=  2.4 s | tip=  7.5 deg | F= 38.6 N | M= 22.1 Nm (limit 150.0) | edge=  2.6 mm
set_up:     t=  2.6 s | tip=  7.5 deg | F= 38.6 N | M= 22.0 Nm (limit 150.0) | edge=  2.6 mm
set_up:     t=  2.8 s | tip=  7.5 deg | F= 38.6 N | M= 22.0 Nm (limit 150.0) | edge=  2.7 mm
set_up:     t=  3.0 s | tip=  7.5 deg | F= 38.5 N | M= 22.0 Nm (limit 150.0) | edge=  2.7 mm
set_up:     t=  3.2 s | tip=  7.5 deg | F= 38.5 N | M= 22.0 Nm (limit 150.0) | edge=  2.7 mm
set_up:     t=  3.4 s | tip=  7.5 deg | F= 38.5 N | M= 22.0 Nm (limit 150.0) | edge=  2.7 mm
set_up:     t=  3.6 s | tip=  7.5 deg | F= 38.5 N | M= 22.0 Nm (limit 150.0) | edge=  2.7 mm
set_up:     t=  3.8 s | tip=  7.5 deg | F= 38.6 N | M= 22.0 Nm (limit 150.0) | edge=  2.7 mm
set_up:     t=  4.0 s | tip=  7.5 deg | F= 38.6 N | M= 22.0 Nm (limit 150.0) | edge=  2.7 mm
set_up:     t=  4.2 s | tip=  7.5 deg | F= 38.6 N | M= 22.1 Nm (limit 150.0) | edge=  2.7 mm
set_up:     t=  4.4 s | tip=  7.5 deg | F= 38.6 N | M= 22.0 Nm (limit 150.0) | edge=  2.7 mm
set_up:     t=  4.6 s | tip=  7.5 deg | F= 38.6 N | M= 22.0 Nm (limit 150.0) | edge=  2.7 mm
set_up:     t=  4.8 s | tip=  7.5 deg | F= 38.6 N | M= 22.1 Nm (limit 150.0) | edge=  2.7 mm

====================================================================
  SET-UP RESULT
====================================================================
  stop: time | t=5.0 s | tip=7.5 deg | F=38.5 N | M=22.0 Nm
  edge_from_contact = [-2.4, -0.1, -1.1] mm | norm=2.7 mm
  tcp_from_contact  = [+16.8, +60.2, +18.8] mm | norm=65.3 mm
  alignment: before=9.19 deg | after=2.02 deg | gain=+7.18 deg
  alignment components [t1,t2,n] deg: before=[-2.73,-8.78,+0.00] | after=[+0.34,-1.99,+0.00]

-- set-up surface-frame breakdown ----------------------------------
  frame              alignment-target [tangent1, tangent2, normal]
  force        [N]      = [    +2.50,     -1.14,    -38.42]
  tcp_disp     [mm]     = [    -0.43,     +0.18,    -23.32]
  edge_disp    [mm]     = [    +2.20,     -0.96,     -1.13]
  Kp_eff=F/tcp [N/m]    = [  -5750.5,   -6434.4,    1647.5]
  moment@edge  [Nm]     = [    -7.46,    -21.53,     +0.09]
  tip_angle    [deg]    = [    +3.06,     +6.79,     -0.13]
  KR_eff=M/ang [Nm/rad] = [   -139.4,    -181.6,     -38.4]

-- centre of compliance --------------------------------------------
  definition         r_c = p_TCP - p_c
  p_TCP [x,y,z]    = [    534.3,       0.2,      43.9] mm
  p_c [EE]         = [     59.0,      -4.8,       9.9] mm
  r_c [t1,t2,n]    = [     56.4,     -20.5,      -0.0] mm
                     p_c resolved at first contact

-- what the TCP feels ----------------------------------------------
  K_TCP translation = [   1999.6,    1999.1,     801.3] N/m
  K_TCP rotation   = [      5.0,       7.9,      57.1] Nm/rad
  commanded KR was = [      5.0,       5.0,      50.0] Nm/rad   the rest is the lever
  D_TCP translation = [    205.0,     185.1,     175.8] Ns/m
  D_TCP rotation   = [      2.0,       2.4,       1.9] Nms/rad
  coupling           max |moment per unit translation| = 119.5 Nm/m (K), 11.0 Nms/m (D)
  eigenvalues        K_TCP 4.98 .. 2007 | D_TCP 1.19 .. 211  (both positive: valid springs)

  K_TCP [N/m, Nm/rad | rows fx..mz, cols tx..rz]:
           tx        ty        tz    |    rx        ry        rz
  fx [    2000  -0.5725   -20.68 |  -0.1104   -1.119   -10.64 ]
  fy [ -0.5725     1999   -33.18 |    2.179    1.983    119.5 ]
  fz [  -20.68   -33.18    801.3 |    4.212   -47.85   -1.873 ]
     ---------------------------+---------------------------
  mx [ -0.1104    2.179    4.212 |    5.038  -0.2301   0.9064 ]
  my [  -1.119    1.983   -47.85 |  -0.2301    7.895    1.369 ]
  mz [  -10.64    119.5   -1.873 |   0.9064    1.369    57.15 ]

  D_TCP [Ns/m, Nms/rad]:
           tx        ty        tz    |    rx        ry        rz
  fx [     205    11.87  -0.8338 | 0.009561  -0.1916  -0.3782 ]
  fy [   11.87    185.1  -0.4646 |   0.2156  0.01378       11 ]
  fz [ -0.8338  -0.4646    175.8 |   0.9319    -10.5 -0.02334 ]
     ---------------------------+---------------------------
  mx [0.009561   0.2156   0.9319 |    1.953  0.06555 -0.003574 ]
  my [ -0.1916  0.01378    -10.5 |  0.06555    2.372 -0.01554 ]
  mz [ -0.3782       11 -0.02334 | -0.003574 -0.01554    1.851 ]

[GATE] Set up finished (holding the pressed pose). Press Enter to start the grind (e+Enter stops).

Stop requested with e + Enter. Finishing control loop...

-- joint motion [deg] ----------------------------------------------
  joint       start    final    delta
  q1            0.9      0.9     -0.0
  q2           12.1     30.9    +18.8
  q3           -0.5     -0.8     -0.2
  q4         -130.9   -129.0     +1.9
  q5           -0.1     -0.1     +0.0
  q6          142.9    160.9    +18.0
  q7           44.7     44.8     +0.1

====================================================================
  FINAL RESULT
====================================================================
  p_d              = [    532.9,      -2.0,     -35.9] mm
  p_EE             = [    534.4,      -0.4,      20.6] mm
  e_p              = [     -1.4,      -1.6,     -56.5] mm
  e_R              = [     0.10,     -7.45,      0.07] deg
--------------------------------------------------------------------
  position error     56.50 mm
  rotation error     7.45 deg
  csv                logs/surface_grinding_controller_log.csv
--------------------------------------------------------------------
