
====================================================================
  SURFACE GRINDING CONTROLLER
====================================================================
  robot              172.16.0.2
--------------------------------------------------------------------

Press Enter to recover and configure the robot.
  Robot recovered or already ready.

====================================================================
  STARTUP MODE
====================================================================
  run     s   run the phase sequence from q_init
          h   hold the q_init pose
          t   hold with the set-up impedance, to test those gains
          g   hand-guide the start pose, then choose
--------------------------------------------------------------------
  set up  q   go to q_init and inspect
          o   open the hand now
          c   grasp the tool now
          r   recalibrate the hand width, fingers empty
          f   fetch the tool from the holder
          b   put the tool back
--------------------------------------------------------------------
  quit    e   stop and quit
--------------------------------------------------------------------
  in a run    e stop | m menu | g hand-guide | s sequence | t hold
--------------------------------------------------------------------
Choice [s/h/t/g/q/o/c/r/f/b/e]: 
-- selected: phase sequence ----------------------------------------

-- moving to q_init ------------------------------------------------
  case               horizontal_table_search
  q1..q7 [deg]     = [0.8, 12.1, -0.5, -130.9, -0.2, 142.9, 44.7] deg
  horizontal_table_search = [0.014777, 0.210911, -0.009320, -2.284835, -0.002725, 2.493410, 0.780694] rad
  q_init reached.

-- start pose ------------------------------------------------------
  q_start          = [0.9, 12.1, -0.5, -130.9, -0.1, 142.9, 44.7] deg
  p_start          = [    531.2,       2.5,     156.7] mm

====================================================================
  RUN
====================================================================

-- phase: approach_orient ------------------------------------------
  Kp [t1,t2,n]     = [    150.0,     150.0,     150.0] N/m
  Dp [t1,t2,n]     = [    126.5,     103.6,     128.3] Ns/m     auto (factor 1.90)
  KR [t1,t2,n]     = [     90.0,      90.0,      90.0] Nm/rad
  DR [t1,t2,n]     = [     13.5,      15.8,       2.0] Nms/rad  auto (factor 1.90)
orient:     t=  0.0 s | axis_err=  9.0 deg | spin_err=  0.6 deg
orient:     t=  0.2 s | axis_err=  8.3 deg | spin_err=  0.0 deg
orient:     t=  0.4 s | axis_err=  5.8 deg | spin_err=  0.3 deg
orient:     t=  0.6 s | axis_err=  3.0 deg | spin_err=  0.2 deg
orient:     t=  0.8 s | axis_err=  2.3 deg | spin_err=  0.3 deg
orient:     t=  1.0 s | axis_err=  2.0 deg | spin_err=  0.2 deg

Orientation reached: axis_err=2.0 deg | spin_err=0.2 deg

-- phase: approach_descend -----------------------------------------
  Kp [t1,t2,n]     = [    150.0,     150.0,     150.0] N/m
  Dp [t1,t2,n]     = [    126.5,     103.6,     128.3] Ns/m     auto (factor 1.90)
  KR [t1,t2,n]     = [     90.0,      90.0,      90.0] Nm/rad
  DR [t1,t2,n]     = [     13.5,      15.8,       2.0] Nms/rad  auto (factor 1.90)
  descend to         20 mm clearance at 0.100 m/s
descend:    t=  0.0 s | distance=   0.1 mm | height=+121.7 mm (target 20.0) | force= -0.0 N
descend:    t=  0.2 s | distance=  20.2 mm | height=+110.4 mm (target 20.0) | force=  1.1 N
descend:    t=  0.4 s | distance=  40.3 mm | height= +95.6 mm (target 20.0) | force=  2.9 N
descend:    t=  0.6 s | distance=  60.4 mm | height= +79.9 mm (target 20.0) | force=  3.0 N
descend:    t=  0.8 s | distance=  80.5 mm | height= +63.6 mm (target 20.0) | force=  1.6 N
descend:    t=  1.0 s | distance= 100.6 mm | height= +46.7 mm (target 20.0) | force=  3.3 N
descend:    t=  1.2 s | distance= 120.7 mm | height= +30.1 mm (target 20.0) | force=  3.0 N

[GATE] Reached 20 mm above the plane. Press Enter to start the set-up press (e+Enter stops).

-- gate hold -------------------------------------------------------
  Kp [x,y,z]       = [   5000.0,    5000.0,    5000.0] N/m
  Dp [x,y,z]       = [    205.7,     156.8,     239.3] Ns/m     auto
  KR [t1,t2,n]     = [     90.0,      90.0,      90.0] Nm/rad
  DR [t1,t2,n]     = [     13.3,      12.6,       2.5] Nms/rad  auto
[GATE] Continuing to the set-up press.

Clearance reached: distance=133.3 mm | height=19.8 mm | target=20.0 mm | force=3.4 N (not used for the switch)
  offset_ee        = [     20.0,      60.0,      20.0] mm
  p_EE_at_contact  = [    508.8,       5.6,      48.2] mm
  contact_point    = [    526.0,     -53.0,       1.4] mm
  edge_offset      = [     17.1,     -58.6,     -46.8] mm

-- phase: set_up ---------------------------------------------------

-- set-up impedance ------------------------------------------------
  law                wrench = K_TCP*dx + D_TCP*dv
                     K_TCP  = Ad(r_c)^T * blkdiag(Kp,KR) * Ad(r_c)
  Kp [t1,t2,n]     = [   2000.0,    2000.0,     800.0] N/m
  Dp [t1,t2,n]     = [    218.5,     194.1,     169.2] Ns/m     auto
  KR [t1,t2,n]     = [      5.0,       5.0,      50.0] Nm/rad
  DR [t1,t2,n]     = [      1.8,       1.7,       1.1] Nms/rad  auto
  p_c [EE]         = [    -33.6,     -71.8,      11.0] mm       the pole on the tool, from p_EE
  r_c [t1,t2,n]    = [     -0.0,      80.0,      -0.0] mm       commanded: p_TCP - p_c, in the plane
set_up:     t=  0.0 s | tip=  0.0 deg | F=  0.1 N | M=  0.0 Nm (limit 150.0) | edge= 19.7 mm
set_up:     t=  0.2 s | tip=  0.5 deg | F=  0.6 N | M=  1.4 Nm (limit 150.0) | edge= 11.2 mm
set_up:     t=  0.4 s | tip=  0.9 deg | F=  0.5 N | M=  1.4 Nm (limit 150.0) | edge=  4.5 mm
set_up:     t=  0.6 s | tip=  1.1 deg | F= 11.8 N | M=  6.8 Nm (limit 150.0) | edge=  3.2 mm
set_up:     t=  0.8 s | tip=  1.2 deg | F= 17.4 N | M=  9.4 Nm (limit 150.0) | edge=  3.4 mm
set_up:     t=  1.0 s | tip=  1.2 deg | F= 24.7 N | M= 13.0 Nm (limit 150.0) | edge=  3.5 mm
set_up:     t=  1.2 s | tip=  1.3 deg | F= 31.4 N | M= 16.4 Nm (limit 150.0) | edge=  3.2 mm
set_up:     t=  1.4 s | tip=  2.2 deg | F= 38.3 N | M= 19.7 Nm (limit 150.0) | edge=  3.0 mm
set_up:     t=  1.6 s | tip=  3.9 deg | F= 40.8 N | M= 20.6 Nm (limit 150.0) | edge=  2.4 mm
set_up:     t=  1.8 s | tip=  4.7 deg | F= 34.3 N | M= 17.5 Nm (limit 150.0) | edge=  2.3 mm
set_up:     t=  2.0 s | tip=  4.7 deg | F= 34.6 N | M= 17.6 Nm (limit 150.0) | edge=  2.3 mm
set_up:     t=  2.2 s | tip=  4.7 deg | F= 34.5 N | M= 17.6 Nm (limit 150.0) | edge=  2.3 mm
set_up:     t=  2.4 s | tip=  4.7 deg | F= 34.4 N | M= 17.6 Nm (limit 150.0) | edge=  2.3 mm
set_up:     t=  2.6 s | tip=  4.7 deg | F= 34.6 N | M= 17.7 Nm (limit 150.0) | edge=  2.3 mm
set_up:     t=  2.8 s | tip=  4.7 deg | F= 34.5 N | M= 17.6 Nm (limit 150.0) | edge=  2.3 mm
set_up:     t=  3.0 s | tip=  4.7 deg | F= 34.4 N | M= 17.6 Nm (limit 150.0) | edge=  2.3 mm
set_up:     t=  3.2 s | tip=  4.7 deg | F= 34.4 N | M= 17.6 Nm (limit 150.0) | edge=  2.3 mm
set_up:     t=  3.4 s | tip=  4.7 deg | F= 34.4 N | M= 17.6 Nm (limit 150.0) | edge=  2.3 mm
set_up:     t=  3.6 s | tip=  4.7 deg | F= 34.4 N | M= 17.6 Nm (limit 150.0) | edge=  2.3 mm
set_up:     t=  3.8 s | tip=  4.7 deg | F= 34.4 N | M= 17.6 Nm (limit 150.0) | edge=  2.3 mm
set_up:     t=  4.0 s | tip=  4.7 deg | F= 34.4 N | M= 17.6 Nm (limit 150.0) | edge=  2.3 mm
set_up:     t=  4.2 s | tip=  4.7 deg | F= 34.4 N | M= 17.6 Nm (limit 150.0) | edge=  2.3 mm
set_up:     t=  4.4 s | tip=  4.7 deg | F= 34.4 N | M= 17.6 Nm (limit 150.0) | edge=  2.3 mm
set_up:     t=  4.6 s | tip=  4.7 deg | F= 34.4 N | M= 17.6 Nm (limit 150.0) | edge=  2.3 mm
set_up:     t=  4.8 s | tip=  4.7 deg | F= 34.4 N | M= 17.6 Nm (limit 150.0) | edge=  2.3 mm

====================================================================
  SET-UP RESULT
====================================================================
  stop: time | t=5.0 s | tip=4.7 deg | F=34.5 N | M=17.6 Nm
  edge_from_contact = [-0.0, -0.9, -2.2] mm | norm=2.3 mm
  tcp_from_contact  = [-18.3, +59.0, +19.7] mm | norm=64.8 mm
  alignment: before=8.20 deg | after=3.79 deg | gain=+4.42 deg
  alignment components [t1,t2,n] deg: before=[+8.03,+1.69,-0.00] | after=[+3.30,+1.87,-0.00]

-- set-up surface-frame breakdown ----------------------------------
  frame              alignment-target [tangent1, tangent2, normal]
  force        [N]      = [    +0.96,     +3.57,    -34.25]
  tcp_disp     [mm]     = [    +0.19,     -1.35,    -27.05]
  edge_disp    [mm]     = [    +0.37,     +0.77,     -2.19]
  Kp_eff=F/tcp [N/m]    = [   5051.3,   -2652.4,    1266.2]
  moment@edge  [Nm]     = [    -3.89,    -16.81,     -1.44]
  tip_angle    [deg]    = [    -4.74,     +0.19,     +0.09]
  KR_eff=M/ang [Nm/rad] = [     47.0,   -5081.3,    -947.8]

-- centre of compliance --------------------------------------------
  definition         r_c = p_TCP - p_c
  p_TCP [x,y,z]    = [    508.8,       5.6,      48.2] mm
  p_c [EE]         = [    -33.6,     -71.8,      11.0] mm
  r_c [t1,t2,n]    = [     -0.0,      80.0,       0.0] mm
                     p_c resolved at first contact

-- what the TCP feels ----------------------------------------------
  K_TCP translation = [   1999.6,    1999.1,     801.3] N/m
  K_TCP rotation   = [      9.2,       6.0,      62.7] Nm/rad
  commanded KR was = [      5.0,       5.0,      50.0] Nm/rad   the rest is the lever
  D_TCP translation = [    214.1,     198.4,     169.3] Ns/m
  D_TCP rotation   = [      2.6,       1.9,       2.5] Nms/rad
  coupling           max |moment per unit translation| = 144.9 Nm/m (K), 15.8 Nms/m (D)
  eigenvalues        K_TCP 4.97 .. 2013 | D_TCP 1.07 .. 220  (both positive: valid springs)

  K_TCP [N/m, Nm/rad | rows fx..mz, cols tx..rz]:
           tx        ty        tz    |    rx        ry        rz
  fx [    2000  -0.5725   -20.68 |     -1.5   -3.542   -144.9 ]
  fy [ -0.5725     1999   -33.18 |   0.4369   -1.123   -67.67 ]
  fz [  -20.68   -33.18    801.3 |    58.01    27.17    2.622 ]
     ---------------------------+---------------------------
  mx [    -1.5   0.4369    58.01 |    9.218    1.989   0.8695 ]
  my [  -3.542   -1.123    27.17 |    1.989     5.96    1.539 ]
  mz [  -144.9   -67.67    2.622 |   0.8695    1.539    62.74 ]

  D_TCP [Ns/m, Nms/rad]:
           tx        ty        tz    |    rx        ry        rz
  fx [   214.1     9.35   -1.034 | -0.06161  -0.3393   -15.83 ]
  fy [    9.35    198.4    -0.97 |   0.2117 -0.04614   -7.399 ]
  fz [  -1.034    -0.97    169.3 |    12.26    5.735   0.1078 ]
     ---------------------------+---------------------------
  mx [-0.06161   0.2117    12.26 |    2.643   0.4488 -0.01534 ]
  my [ -0.3393 -0.04614    5.735 |   0.4488    1.893 0.008363 ]
  mz [  -15.83   -7.399   0.1078 | -0.01534 0.008363    2.475 ]

[GATE] Set up finished (holding the pressed pose). Press Enter to start the grind (e+Enter stops).

Stop requested with e + Enter. Finishing control loop...

-- joint motion [deg] ----------------------------------------------
  joint       start    final    delta
  q1            0.9      2.9     +2.1
  q2           12.1     28.9    +16.8
  q3           -0.5     -1.9     -1.4
  q4         -130.9   -131.1     -0.2
  q5           -0.1      4.1     +4.2
  q6          142.9    156.3    +13.4
  q7           44.7     42.7     -2.0

====================================================================
  FINAL RESULT
====================================================================
  p_d              = [    507.5,       3.4,     -31.6] mm
  p_EE             = [    507.6,       6.0,      21.2] mm
  e_p              = [     -0.2,      -2.6,     -52.7] mm
  e_R              = [     4.37,      1.83,     -0.04] deg
--------------------------------------------------------------------
  position error     52.80 mm
  rotation error     4.74 deg
  csv                logs/surface_grinding_controller_log.csv
--------------------------------------------------------------------
