
====================================================================
  SURFACE GRINDING CONTROLLER
====================================================================
  robot              172.16.0.2
--------------------------------------------------------------------

Press Enter to recover and configure the robot.
  Robot recovered or already ready.

====================================================================
  STARTUP MODE
====================================================================
  run     s   run the phase sequence from q_init
          h   hold the q_init pose
          t   hold with the set-up impedance, to test those gains
          g   hand-guide the start pose, then choose
--------------------------------------------------------------------
  set up  q   go to q_init and inspect
          o   open the hand now
          c   grasp the tool now
          r   recalibrate the hand width, fingers empty
          f   fetch the tool from the holder
          b   put the tool back
--------------------------------------------------------------------
  quit    e   stop and quit
--------------------------------------------------------------------
  in a run    e stop | m menu | g hand-guide | s sequence | t hold
--------------------------------------------------------------------
Choice [s/h/t/g/q/o/c/r/f/b/e]: 
-- selected: phase sequence ----------------------------------------

-- moving to q_init ------------------------------------------------
  case               horizontal_table_search
  q1..q7 [deg]     = [0.8, 12.1, -0.5, -130.9, -0.2, 142.9, 44.7] deg
  horizontal_table_search = [0.014777, 0.210911, -0.009320, -2.284835, -0.002725, 2.493410, 0.780694] rad
  q_init reached.

-- start pose ------------------------------------------------------
  q_start          = [0.8, 12.1, -0.5, -130.9, -0.2, 142.9, 44.7] deg
  p_start          = [    531.4,       2.6,     156.9] mm

====================================================================
  RUN
====================================================================

-- phase: approach_orient ------------------------------------------
  Kp [t1,t2,n]     = [    150.0,     150.0,     150.0] N/m
  Dp [t1,t2,n]     = [    126.5,     103.6,     128.3] Ns/m     auto (factor 1.90)
  KR [t1,t2,n]     = [     90.0,      90.0,      90.0] Nm/rad
  DR [t1,t2,n]     = [     13.5,      15.8,       2.0] Nms/rad  auto (factor 1.90)
orient:     t=  0.0 s | axis_err= 11.1 deg | spin_err=  0.8 deg
orient:     t=  0.2 s | axis_err= 10.4 deg | spin_err=  0.9 deg
orient:     t=  0.4 s | axis_err=  7.7 deg | spin_err=  0.5 deg
orient:     t=  0.6 s | axis_err=  4.1 deg | spin_err=  0.2 deg
orient:     t=  0.8 s | axis_err=  2.4 deg | spin_err=  0.2 deg
orient:     t=  1.0 s | axis_err=  2.2 deg | spin_err=  0.2 deg
orient:     t=  1.2 s | axis_err=  2.2 deg | spin_err=  0.2 deg
orient:     t=  1.4 s | axis_err=  2.2 deg | spin_err=  0.2 deg
orient:     t=  1.6 s | axis_err=  2.2 deg | spin_err=  0.2 deg
orient:     t=  1.8 s | axis_err=  2.2 deg | spin_err=  0.2 deg
orient:     t=  2.0 s | axis_err=  2.2 deg | spin_err=  0.2 deg
orient:     t=  2.2 s | axis_err=  2.2 deg | spin_err=  0.2 deg
orient:     t=  2.4 s | axis_err=  2.2 deg | spin_err=  0.2 deg
orient:     t=  2.6 s | axis_err=  2.2 deg | spin_err=  0.2 deg
orient:     t=  2.8 s | axis_err=  2.2 deg | spin_err=  0.2 deg
orient:     t=  3.0 s | axis_err=  2.2 deg | spin_err=  0.2 deg
orient:     t=  3.2 s | axis_err=  2.2 deg | spin_err=  0.2 deg
orient:     t=  3.4 s | axis_err=  2.2 deg | spin_err=  0.2 deg
orient:     t=  3.6 s | axis_err=  2.2 deg | spin_err=  0.2 deg
orient:     t=  3.8 s | axis_err=  2.2 deg | spin_err=  0.2 deg
orient:     t=  4.0 s | axis_err=  2.2 deg | spin_err=  0.2 deg
orient:     t=  4.2 s | axis_err=  2.2 deg | spin_err=  0.2 deg
orient:     t=  4.4 s | axis_err=  2.2 deg | spin_err=  0.2 deg
orient:     t=  4.6 s | axis_err=  2.2 deg | spin_err=  0.2 deg
orient:     t=  4.8 s | axis_err=  2.2 deg | spin_err=  0.2 deg

Orientation settled short of the 2.0 deg gate after 5.0 s: axis_err=2.2 deg | spin_err=0.2 deg

-- phase: approach_descend -----------------------------------------
  Kp [t1,t2,n]     = [    150.0,     150.0,     150.0] N/m
  Dp [t1,t2,n]     = [    126.5,     103.6,     128.3] Ns/m     auto (factor 1.90)
  KR [t1,t2,n]     = [     90.0,      90.0,      90.0] Nm/rad
  DR [t1,t2,n]     = [     13.5,      15.8,       2.0] Nms/rad  auto (factor 1.90)
  descend to         20 mm clearance at 0.100 m/s
descend:    t=  0.0 s | distance=   0.1 mm | height=+132.7 mm (target 20.0) | force= -0.0 N
descend:    t=  0.2 s | distance=  20.1 mm | height=+122.8 mm (target 20.0) | force=  0.6 N
descend:    t=  0.4 s | distance=  40.1 mm | height=+106.7 mm (target 20.0) | force=  0.4 N
descend:    t=  0.6 s | distance=  60.1 mm | height= +89.8 mm (target 20.0) | force=  1.3 N
descend:    t=  0.8 s | distance=  80.1 mm | height= +72.6 mm (target 20.0) | force=  0.3 N
descend:    t=  1.0 s | distance= 100.1 mm | height= +55.7 mm (target 20.0) | force=  1.4 N
descend:    t=  1.2 s | distance= 120.1 mm | height= +39.0 mm (target 20.0) | force=  1.1 N
descend:    t=  1.4 s | distance= 140.1 mm | height= +22.1 mm (target 20.0) | force=  1.6 N

[GATE] Reached 20 mm above the plane. Press Enter to start the set-up press (e+Enter stops).

-- gate hold -------------------------------------------------------
  Kp [x,y,z]       = [   5000.0,    5000.0,    5000.0] N/m
  Dp [x,y,z]       = [    206.6,     151.0,     242.7] Ns/m     auto
  KR [t1,t2,n]     = [     90.0,      90.0,      90.0] Nm/rad
  DR [t1,t2,n]     = [     11.1,      14.3,       2.4] Nms/rad  auto
[GATE] Continuing to the set-up press.

Clearance reached: distance=142.6 mm | height=19.9 mm | target=20.0 mm | force=2.0 N (not used for the switch)
  offset_ee        = [    -20.0,     -60.0,      20.0] mm
  p_EE_at_contact  = [    531.1,      -6.9,      47.4] mm
  contact_point    = [    511.1,      49.1,      -1.1] mm
  edge_offset      = [    -19.9,      56.0,     -48.6] mm

-- phase: set_up ---------------------------------------------------

-- set-up impedance ------------------------------------------------
  law                wrench = K_TCP*dx + D_TCP*dv
                     K_TCP  = Ad(r_c)^T * blkdiag(Kp,KR) * Ad(r_c)
  Kp [t1,t2,n]     = [   2000.0,    2000.0,     800.0] N/m
  Dp [t1,t2,n]     = [    224.4,     178.8,     170.5] Ns/m     auto
  KR [t1,t2,n]     = [      5.0,       5.0,      50.0] Nm/rad
  DR [t1,t2,n]     = [      1.5,       1.9,       1.0] Nms/rad  auto
  p_c [EE]         = [     16.6,      36.1,       4.8] mm       the pole on the tool, from p_EE
  r_c [t1,t2,n]    = [      0.0,     -40.0,       0.0] mm       commanded: p_TCP - p_c, in the plane
set_up:     t=  0.0 s | tip=  0.0 deg | F=  0.1 N | M=  0.0 Nm (limit 150.0) | edge= 19.8 mm
set_up:     t=  0.2 s | tip=  0.4 deg | F=  1.7 N | M=  1.3 Nm (limit 150.0) | edge= 11.6 mm
set_up:     t=  0.4 s | tip=  1.0 deg | F=  1.8 N | M=  1.3 Nm (limit 150.0) | edge=  5.1 mm
set_up:     t=  0.6 s | tip=  1.2 deg | F= 13.2 N | M=  7.9 Nm (limit 150.0) | edge=  2.6 mm
set_up:     t=  0.8 s | tip=  1.2 deg | F= 20.6 N | M= 11.9 Nm (limit 150.0) | edge=  2.5 mm
set_up:     t=  1.0 s | tip=  1.2 deg | F= 27.9 N | M= 15.9 Nm (limit 150.0) | edge=  2.5 mm
set_up:     t=  1.2 s | tip=  1.2 deg | F= 35.8 N | M= 20.2 Nm (limit 150.0) | edge=  2.5 mm
set_up:     t=  1.4 s | tip=  1.4 deg | F= 43.1 N | M= 24.2 Nm (limit 150.0) | edge=  2.5 mm
set_up:     t=  1.6 s | tip=  1.8 deg | F= 50.3 N | M= 28.1 Nm (limit 150.0) | edge=  2.4 mm
set_up:     t=  1.8 s | tip=  2.1 deg | F= 43.3 N | M= 24.3 Nm (limit 150.0) | edge=  2.4 mm
set_up:     t=  2.0 s | tip=  2.2 deg | F= 42.4 N | M= 24.0 Nm (limit 150.0) | edge=  2.5 mm
set_up:     t=  2.2 s | tip=  2.3 deg | F= 42.4 N | M= 23.9 Nm (limit 150.0) | edge=  2.5 mm
set_up:     t=  2.4 s | tip=  2.5 deg | F= 42.4 N | M= 23.9 Nm (limit 150.0) | edge=  2.4 mm
set_up:     t=  2.6 s | tip=  2.7 deg | F= 41.7 N | M= 23.6 Nm (limit 150.0) | edge=  2.6 mm
set_up:     t=  2.8 s | tip=  2.8 deg | F= 42.1 N | M= 23.8 Nm (limit 150.0) | edge=  2.7 mm
set_up:     t=  3.0 s | tip=  2.9 deg | F= 41.9 N | M= 23.7 Nm (limit 150.0) | edge=  2.7 mm
set_up:     t=  3.2 s | tip=  3.0 deg | F= 41.8 N | M= 23.7 Nm (limit 150.0) | edge=  2.7 mm
set_up:     t=  3.4 s | tip=  3.0 deg | F= 41.6 N | M= 23.5 Nm (limit 150.0) | edge=  2.7 mm
set_up:     t=  3.6 s | tip=  3.2 deg | F= 40.9 N | M= 23.2 Nm (limit 150.0) | edge=  2.8 mm
set_up:     t=  3.8 s | tip=  3.3 deg | F= 40.8 N | M= 23.1 Nm (limit 150.0) | edge=  2.9 mm
set_up:     t=  4.0 s | tip=  3.5 deg | F= 40.7 N | M= 23.0 Nm (limit 150.0) | edge=  2.9 mm
set_up:     t=  4.2 s | tip=  3.5 deg | F= 40.6 N | M= 23.0 Nm (limit 150.0) | edge=  3.0 mm
set_up:     t=  4.4 s | tip=  3.5 deg | F= 40.6 N | M= 22.9 Nm (limit 150.0) | edge=  3.0 mm
set_up:     t=  4.6 s | tip=  3.5 deg | F= 40.7 N | M= 22.9 Nm (limit 150.0) | edge=  3.0 mm
set_up:     t=  4.8 s | tip=  3.5 deg | F= 40.7 N | M= 23.0 Nm (limit 150.0) | edge=  3.0 mm

====================================================================
  SET-UP RESULT
====================================================================
  stop: time | t=5.0 s | tip=3.5 deg | F=40.7 N | M=23.0 Nm
  edge_from_contact = [-2.2, +1.9, +0.6] mm | norm=3.0 mm
  tcp_from_contact  = [+17.6, -56.3, +25.6] mm | norm=64.3 mm
  alignment: before=6.81 deg | after=3.28 deg | gain=+3.53 deg
  alignment components [t1,t2,n] deg: before=[-6.80,+0.35,+0.00] | after=[-3.27,+0.21,-0.00]

-- set-up surface-frame breakdown ----------------------------------
  frame              alignment-target [tangent1, tangent2, normal]
  force        [N]      = [    -2.79,     +0.37,    -40.59]
  tcp_disp     [mm]     = [    +1.62,     -1.12,    -23.03]
  edge_disp    [mm]     = [    +1.19,     -2.65,     +0.61]
  Kp_eff=F/tcp [N/m]    = [  -1726.8,    -334.6,    1762.2]
  moment@edge  [Nm]     = [   -13.28,    -20.05,     +0.57]
  tip_angle    [deg]    = [    +3.53,     -0.17,     +0.33]
  KR_eff=M/ang [Nm/rad] = [   -215.7,    6813.3,     100.1]

-- centre of compliance --------------------------------------------
  definition         r_c = p_TCP - p_c
  p_TCP [x,y,z]    = [    531.1,      -6.9,      47.4] mm
  p_c [EE]         = [     16.6,      36.1,       4.8] mm
  r_c [t1,t2,n]    = [      0.0,     -40.0,       0.0] mm
                     p_c resolved at first contact

-- what the TCP feels ----------------------------------------------
  K_TCP translation = [   1999.6,    1999.1,     801.3] N/m
  K_TCP rotation   = [      6.1,       5.3,      53.1] Nm/rad
  commanded KR was = [      5.0,       5.0,      50.0] Nm/rad   the rest is the lever
  D_TCP translation = [    216.2,     186.9,     170.6] Ns/m
  D_TCP rotation   = [      1.8,       1.9,       1.4] Nms/rad
  coupling           max |moment per unit translation| = 72.4 Nm/m (K), 8.1 Nms/m (D)
  eigenvalues        K_TCP 4.99 .. 2003 | D_TCP 1.01 .. 225  (both positive: valid springs)

  K_TCP [N/m, Nm/rad | rows fx..mz, cols tx..rz]:
           tx        ty        tz    |    rx        ry        rz
  fx [    2000  -0.5725   -20.68 |   0.7498    1.771    72.44 ]
  fy [ -0.5725     1999   -33.18 |  -0.2185   0.5615    33.83 ]
  fz [  -20.68   -33.18    801.3 |   -29.01   -13.58   -1.311 ]
     ---------------------------+---------------------------
  mx [  0.7498  -0.2185   -29.01 |    6.065   0.5133   0.7991 ]
  my [   1.771   0.5615   -13.58 |   0.5133    5.266    1.318 ]
  mz [   72.44    33.83   -1.311 |   0.7991    1.318    53.15 ]

  D_TCP [Ns/m, Nms/rad]:
           tx        ty        tz    |    rx        ry        rz
  fx [   216.2    17.44    -1.27 |  0.03362   0.1751    8.128 ]
  fy [   17.44    186.9  -0.7549 |  -0.1055  0.02518    3.798 ]
  fz [   -1.27  -0.7549    170.6 |    -6.18    -2.89  -0.0588 ]
     ---------------------------+---------------------------
  mx [ 0.03362  -0.1055    -6.18 |    1.753 -0.05879 -0.004993 ]
  my [  0.1751  0.02518    -2.89 | -0.05879    1.851 -0.01231 ]
  mz [   8.128    3.798  -0.0588 | -0.004993 -0.01231     1.37 ]

[GATE] Set up finished (holding the pressed pose). Press Enter to start the grind (e+Enter stops).

Stop requested with e + Enter. Finishing control loop...

-- joint motion [deg] ----------------------------------------------
  joint       start    final    delta
  q1            0.8     -4.2     -5.1
  q2           12.1     30.0    +17.9
  q3           -0.5      2.8     +3.3
  q4         -130.9   -129.5     +1.5
  q5           -0.2    -17.1    -16.9
  q6          142.9    159.3    +16.4
  q7           44.7     59.2    +14.5

====================================================================
  FINAL RESULT
====================================================================
  p_d              = [    529.7,      -9.1,     -32.4] mm
  p_EE             = [    528.7,      -7.2,      24.4] mm
  e_p              = [      1.0,      -1.9,     -56.8] mm
  e_R              = [    -3.26,     -1.33,      0.42] deg
--------------------------------------------------------------------
  position error     56.88 mm
  rotation error     3.55 deg
  csv                logs/surface_grinding_controller_log.csv
--------------------------------------------------------------------
