
Press Enter to recover and configure the robot.
Robot recovered or already ready.
keys: e stop | m menu | g hand-guide

=== Startup mode ===
  s = run the phase sequence from q_init
  h = hold the q_init pose
  t = hold with the set-up impedance
  g = hand-guide the start pose
  q = go to q_init and inspect
  o = open the hand now
  c = grasp the tool now
  r = recalibrate hand width, fingers empty
  f = fetch the tool from the holder
  b = put the tool back
  e = stop and quit
While a run is going: e+Enter stops, m+Enter comes back here.
Choice [s/h/t/g/q/o/c/r/f/b/e]: 
=== Phase sequence mode ===
Moving to q_init (horizontal_table_search)
  q1..q7 [deg] = [0.8, 12.1, -0.5, -130.9, -0.2, 142.9, 44.7] deg
  horizontal_table_search = [0.014777, 0.210911, -0.009320, -2.284835, -0.002725, 2.493410, 0.780694] rad
q_init reached.

=== Start pose ===
q_start = [0.8, 12.1, -0.5, -130.9, -0.1, 142.9, 44.7] deg
p_start = [531.3, 2.6, 156.9] mm

=== Run ===
phase: approach_orient
  Kp=[150, 150, 150] N/m  KR=[90, 90, 90] Nm/rad  [t1,t2,n]
  Dp=[126.5, 103.6, 128.3] Ns/m  DR=[13.46, 15.79, 2.02] Nms/rad  auto (factor 1.90)
orient:     t=  0.0 s | axis_err=  9.0 deg | spin_err=  0.8 deg
orient:     t=  0.2 s | axis_err=  8.1 deg | spin_err=  0.5 deg
orient:     t=  0.4 s | axis_err=  5.5 deg | spin_err=  0.1 deg
orient:     t=  0.6 s | axis_err=  3.1 deg | spin_err=  0.4 deg
orient:     t=  0.8 s | axis_err=  2.5 deg | spin_err=  0.4 deg
orient:     t=  1.0 s | axis_err=  2.3 deg | spin_err=  0.4 deg
orient:     t=  1.2 s | axis_err=  2.3 deg | spin_err=  0.4 deg
orient:     t=  1.4 s | axis_err=  2.2 deg | spin_err=  0.4 deg
orient:     t=  1.6 s | axis_err=  2.2 deg | spin_err=  0.4 deg
orient:     t=  1.8 s | axis_err=  2.2 deg | spin_err=  0.4 deg
orient:     t=  2.0 s | axis_err=  2.2 deg | spin_err=  0.4 deg
orient:     t=  2.2 s | axis_err=  2.2 deg | spin_err=  0.4 deg
orient:     t=  2.4 s | axis_err=  2.2 deg | spin_err=  0.4 deg
orient:     t=  2.6 s | axis_err=  2.2 deg | spin_err=  0.4 deg
orient:     t=  2.8 s | axis_err=  2.2 deg | spin_err=  0.4 deg
orient:     t=  3.0 s | axis_err=  2.2 deg | spin_err=  0.4 deg
orient:     t=  3.2 s | axis_err=  2.2 deg | spin_err=  0.4 deg
orient:     t=  3.4 s | axis_err=  2.2 deg | spin_err=  0.4 deg
orient:     t=  3.6 s | axis_err=  2.2 deg | spin_err=  0.4 deg
orient:     t=  3.8 s | axis_err=  2.2 deg | spin_err=  0.4 deg
orient:     t=  4.0 s | axis_err=  2.2 deg | spin_err=  0.4 deg
orient:     t=  4.2 s | axis_err=  2.2 deg | spin_err=  0.4 deg
orient:     t=  4.4 s | axis_err=  2.2 deg | spin_err=  0.4 deg
orient:     t=  4.6 s | axis_err=  2.2 deg | spin_err=  0.4 deg
orient:     t=  4.8 s | axis_err=  2.2 deg | spin_err=  0.4 deg

Orientation settled short of the 2.0 deg gate after 5.0 s: axis_err=2.2 deg | spin_err=0.4 deg
phase: approach_descend
  Kp=[150, 150, 150] N/m  KR=[90, 90, 90] Nm/rad  [t1,t2,n]
  Dp=[126.5, 103.6, 128.3] Ns/m  DR=[13.46, 15.79, 2.02] Nms/rad  auto (factor 1.90)
  descend to 20 mm clearance at 0.100 m/s
descend:    t=  0.0 s | distance=   0.1 mm | height=+135.1 mm (target 20.0) | force=  0.0 N
descend:    t=  0.2 s | distance=  20.1 mm | height=+123.7 mm (target 20.0) | force=  0.6 N
descend:    t=  0.4 s | distance=  40.1 mm | height=+106.4 mm (target 20.0) | force=  0.3 N
descend:    t=  0.6 s | distance=  60.1 mm | height= +88.5 mm (target 20.0) | force=  1.1 N
descend:    t=  0.8 s | distance=  80.1 mm | height= +70.1 mm (target 20.0) | force=  1.0 N
descend:    t=  1.0 s | distance= 100.1 mm | height= +51.3 mm (target 20.0) | force= -0.4 N
descend:    t=  1.2 s | distance= 120.1 mm | height= +32.6 mm (target 20.0) | force=  1.4 N

[GATE] Reached 20 mm above the plane. Press Enter to start the set-up press (e+Enter stops).
  gate hold: Kp=[5000, 5000, 5000] N/m [x,y,z]  KR=[90, 90, 90] Nm/rad [t1,t2,n]
             Dp=[205.0, 145.6, 252.8] Ns/m  DR=[13.81, 11.92, 2.55] Nms/rad  auto
[GATE] Continuing to the set-up press.

Clearance reached: distance=133.5 mm | height=19.9 mm | target=20.0 mm | force=0.9 N (not used for the switch)
offset_ee = [-20.0, 60.0, 20.0] mm
p_EE_at_contact = [534.2, 8.4, 44.3] mm
contact_point = [516.7, -52.0, 1.6] mm
edge_offset_base = [-17.5, -60.4, -42.8] mm
phase: set_up

--- set-up impedance ---
  wrench = K_TCP*dx + D_TCP*dv, K_TCP = Ad(r_c)^T*blkdiag(Kp,KR)*Ad(r_c)
  Kp [t1,t2,n]  = [  2000.0,   2000.0,    800.0] N/m
  Dp [t1,t2,n]  = [   211.9,    180.2,    175.0] Ns/m   auto
  KR [t1,t2,n]  = [     5.0,      5.0,     50.0] Nm/rad
  DR [t1,t2,n]  = [     1.9,      1.7,      1.1] Nms/rad   auto
  r_c [t1,t2,n] = [    60.0,      0.0,      0.0] mm   centre of compliance
set_up:     t=  0.0 s | tip=  0.0 deg | F=  0.1 N | M=  0.1 Nm (limit 150.0) | edge= 19.8 mm
set_up:     t=  0.2 s | tip=  0.4 deg | F=  1.1 N | M=  0.8 Nm (limit 150.0) | edge= 10.6 mm
set_up:     t=  0.4 s | tip=  0.9 deg | F=  1.2 N | M=  0.9 Nm (limit 150.0) | edge=  4.5 mm
set_up:     t=  0.6 s | tip=  1.2 deg | F= 12.0 N | M=  7.2 Nm (limit 150.0) | edge=  2.0 mm
set_up:     t=  0.8 s | tip=  1.3 deg | F= 18.0 N | M= 10.7 Nm (limit 150.0) | edge=  1.9 mm
set_up:     t=  1.0 s | tip=  1.7 deg | F= 25.1 N | M= 14.5 Nm (limit 150.0) | edge=  2.0 mm
set_up:     t=  1.2 s | tip=  2.6 deg | F= 32.5 N | M= 18.4 Nm (limit 150.0) | edge=  2.3 mm
set_up:     t=  1.4 s | tip=  4.0 deg | F= 38.7 N | M= 22.1 Nm (limit 150.0) | edge=  2.6 mm
set_up:     t=  1.6 s | tip=  5.5 deg | F= 45.6 N | M= 26.0 Nm (limit 150.0) | edge=  3.0 mm
set_up:     t=  1.8 s | tip=  6.5 deg | F= 38.6 N | M= 22.3 Nm (limit 150.0) | edge=  3.0 mm
set_up:     t=  2.0 s | tip=  6.7 deg | F= 39.5 N | M= 22.7 Nm (limit 150.0) | edge=  3.1 mm
set_up:     t=  2.2 s | tip=  6.7 deg | F= 39.5 N | M= 22.6 Nm (limit 150.0) | edge=  3.1 mm
set_up:     t=  2.4 s | tip=  6.7 deg | F= 39.5 N | M= 22.6 Nm (limit 150.0) | edge=  3.1 mm
set_up:     t=  2.6 s | tip=  6.7 deg | F= 39.5 N | M= 22.6 Nm (limit 150.0) | edge=  3.1 mm
set_up:     t=  2.8 s | tip=  6.7 deg | F= 39.6 N | M= 22.6 Nm (limit 150.0) | edge=  3.1 mm
set_up:     t=  3.0 s | tip=  6.7 deg | F= 39.6 N | M= 22.6 Nm (limit 150.0) | edge=  3.1 mm
set_up:     t=  3.2 s | tip=  6.7 deg | F= 39.5 N | M= 22.5 Nm (limit 150.0) | edge=  3.1 mm
set_up:     t=  3.4 s | tip=  6.7 deg | F= 39.7 N | M= 22.7 Nm (limit 150.0) | edge=  3.1 mm
set_up:     t=  3.6 s | tip=  6.7 deg | F= 39.7 N | M= 22.6 Nm (limit 150.0) | edge=  3.1 mm
set_up:     t=  3.8 s | tip=  6.7 deg | F= 39.8 N | M= 22.7 Nm (limit 150.0) | edge=  3.1 mm
set_up:     t=  4.0 s | tip=  6.7 deg | F= 39.8 N | M= 22.7 Nm (limit 150.0) | edge=  3.1 mm
set_up:     t=  4.2 s | tip=  6.7 deg | F= 39.7 N | M= 22.7 Nm (limit 150.0) | edge=  3.1 mm
set_up:     t=  4.4 s | tip=  6.7 deg | F= 39.8 N | M= 22.7 Nm (limit 150.0) | edge=  3.1 mm
set_up:     t=  4.6 s | tip=  6.7 deg | F= 39.8 N | M= 22.7 Nm (limit 150.0) | edge=  3.1 mm
set_up:     t=  4.8 s | tip=  6.7 deg | F= 39.8 N | M= 22.7 Nm (limit 150.0) | edge=  3.1 mm

=== Set-up result ===
stop: time | t=5.0 s | tip=6.7 deg | F=39.9 N | M=22.8 Nm
edge_from_contact = [-2.8, -0.6, -1.3] mm | norm=3.1 mm
tcp_from_contact  = [+16.7, +59.4, +19.2] mm | norm=64.7 mm
alignment: before=8.52 deg | after=2.35 deg | gain=+6.17 deg
alignment components [t1,t2,n] deg: before=[-1.69,-8.35,+0.00] | after=[+0.89,-2.17,+0.00]

=== Set-up surface-frame breakdown ===
frame: alignment-target [tangent1, tangent2, normal]
force        [N]      = [    +0.12,     +0.46,    -39.94]
tcp_disp     [mm]     = [    +0.45,     +0.13,    -23.61]
edge_disp    [mm]     = [    +2.72,     -0.68,     -1.34]
Kp_eff=F/tcp [N/m]    = [    269.8,    3633.1,    1692.0]
moment@edge  [Nm]     = [    -7.34,    -22.52,     -0.54]
tip_angle    [deg]    = [    +2.55,     +6.18,     -0.34]
KR_eff=M/ang [Nm/rad] = [   -164.8,    -208.9,      90.6]

=== Centre of compliance ===
  r_c = p_TCP - p_c [t1,t2,n] = [60.0, -0.0, -0.0] mm
  K_TCP: translation [2000, 1999, 801] N/m | rotation [5.53, 7.40, 57.15] Nm/rad
         commanded KR was [5.01, 5.03, 49.95]; the rest is the lever
  D_TCP: translation [206.2, 185.8, 175.0] Ns/m | rotation [2.00, 2.24, 1.78] Nms/rad
  coupling: max |moment per unit translation| = 108.7 Nm/m (K), 9.8 Nms/m (D)
  K_TCP eigenvalues 4.98 .. 2007 | D_TCP 1.13 .. 212  (both positive: valid springs)

  K_TCP [N/m, Nm/rad | rows fx..mz, cols tx..rz]:
           tx        ty        tz    |    rx        ry        rz
  fx [    2000  -0.5725   -20.68 |  -0.5257   -2.155   -50.76 ]
  fy [ -0.5725     1999   -33.18 |    2.437    1.804    108.7 ]
  fz [  -20.68   -33.18    801.3 |    20.27   -43.51   -1.278 ]
     ---------------------------+---------------------------
  mx [ -0.5257    2.437    20.27 |    5.532    -1.08   0.9214 ]
  my [  -2.155    1.804   -43.51 |    -1.08    7.403    1.397 ]
  mz [  -50.76    108.7   -1.278 |   0.9214    1.397    57.15 ]

  D_TCP [Ns/m, Nms/rad]:
           tx        ty        tz    |    rx        ry        rz
  fx [   206.2    12.15  -0.8745 | -0.002256  -0.2906   -4.571 ]
  fy [   12.15    185.8  -0.5092 |   0.2918 0.007744    9.791 ]
  fz [ -0.8745  -0.5092      175 |     4.44   -9.511 -0.005487 ]
     ---------------------------+---------------------------
  mx [-0.002256   0.2918     4.44 |    2.004  -0.1397 3.183e-05 ]
  my [ -0.2906 0.007744   -9.511 |  -0.1397    2.237  -0.0102 ]
  mz [  -4.571    9.791 -0.005487 | 3.183e-05  -0.0102    1.782 ]

[GATE] Set up finished (holding the pressed pose). Press Enter to start the grind (e+Enter stops).

Stop requested with e + Enter. Finishing control loop...

Joint motion [deg]:
joint    start   final   delta
------------------------------
q1        0.8     1.1     0.3
q2       12.1    30.8    18.7
q3       -0.5    -0.3     0.2
q4     -130.9  -129.1     1.8
q5       -0.1     0.9     1.0
q6      142.9   160.9    18.0
q7       44.7    44.9     0.2

=== Final result ===
p_d = [532.8, 6.2, -35.5] mm
p_EE = [533.4, 7.5, 20.8] mm
e_p = [-0.6, -1.3, -56.2] mm
position_error = 56.26 mm
e_R = [0.30, -6.68, -0.16] deg
rotation_error = 6.69 deg
csv: logs/surface_grinding_controller_log.csv
