
====================================================================
  SURFACE GRINDING CONTROLLER
====================================================================
  robot              172.16.0.2
--------------------------------------------------------------------

Press Enter to recover and configure the robot.
  Robot recovered or already ready.

====================================================================
  STARTUP MODE
====================================================================
  run     s   run the phase sequence from q_init
          h   hold the q_init pose
          t   hold with the set-up impedance, to test those gains
          g   hand-guide the start pose, then choose
--------------------------------------------------------------------
  set up  q   go to q_init and inspect
          o   open the hand now
          c   grasp the tool now
          r   recalibrate the hand width, fingers empty
          f   fetch the tool from the holder
          b   put the tool back
--------------------------------------------------------------------
  quit    e   stop and quit
--------------------------------------------------------------------
  in a run    e stop | m menu | g hand-guide | s sequence | t hold
--------------------------------------------------------------------
Choice [s/h/t/g/q/o/c/r/f/b/e]: 
-- selected: phase sequence ----------------------------------------

-- moving to q_init ------------------------------------------------
  case               horizontal_table_search
  q1..q7 [deg]     = [0.8, 12.1, -0.5, -130.9, -0.2, 142.9, 44.7] deg
  horizontal_table_search = [0.014777, 0.210911, -0.009320, -2.284835, -0.002725, 2.493410, 0.780694] rad
  q_init reached.

-- start pose ------------------------------------------------------
  q_start          = [0.8, 12.1, -0.5, -130.9, -0.2, 142.9, 44.7] deg
  p_start          = [    531.4,       2.4,     156.9] mm

====================================================================
  RUN
====================================================================

-- phase: approach_orient ------------------------------------------
  Kp [t1,t2,n]     = [    150.0,     150.0,     150.0] N/m
  Dp [t1,t2,n]     = [    126.5,     103.6,     128.3] Ns/m     auto (factor 1.90)
  KR [t1,t2,n]     = [     90.0,      90.0,      90.0] Nm/rad
  DR [t1,t2,n]     = [     13.5,      15.8,       2.0] Nms/rad  auto (factor 1.90)
orient:     t=  0.0 s | axis_err=  4.1 deg | spin_err=  0.8 deg
orient:     t=  0.2 s | axis_err=  3.2 deg | spin_err=  0.4 deg
orient:     t=  0.4 s | axis_err=  1.8 deg | spin_err=  0.1 deg

Orientation reached: axis_err=1.5 deg | spin_err=0.1 deg

-- phase: approach_descend -----------------------------------------
  Kp [t1,t2,n]     = [    150.0,     150.0,     150.0] N/m
  Dp [t1,t2,n]     = [    126.5,     103.6,     128.3] Ns/m     auto (factor 1.90)
  KR [t1,t2,n]     = [     90.0,      90.0,      90.0] Nm/rad
  DR [t1,t2,n]     = [     13.5,      15.8,       2.0] Nms/rad  auto (factor 1.90)
  descend to         20 mm clearance at 0.100 m/s
descend:    t=  0.0 s | distance=   0.1 mm | height=+138.2 mm (target 20.0) | force= -0.0 N
descend:    t=  0.2 s | distance=  20.1 mm | height=+126.6 mm (target 20.0) | force= -0.1 N
descend:    t=  0.4 s | distance=  40.1 mm | height=+109.2 mm (target 20.0) | force=  0.5 N
descend:    t=  0.6 s | distance=  60.2 mm | height= +91.1 mm (target 20.0) | force=  0.6 N
descend:    t=  0.8 s | distance=  80.3 mm | height= +73.1 mm (target 20.0) | force=  1.1 N
descend:    t=  1.0 s | distance= 100.4 mm | height= +54.7 mm (target 20.0) | force= -0.6 N
descend:    t=  1.2 s | distance= 120.5 mm | height= +35.9 mm (target 20.0) | force=  1.1 N

[GATE] Reached 20 mm above the plane. Press Enter to start the set-up press (e+Enter stops).

-- gate hold -------------------------------------------------------
  Kp [x,y,z]       = [   5000.0,    5000.0,    5000.0] N/m
  Dp [x,y,z]       = [    205.8,     149.4,     246.6] Ns/m     auto
  KR [t1,t2,n]     = [     90.0,      90.0,      90.0] Nm/rad
  DR [t1,t2,n]     = [     12.9,      12.6,       2.0] Nms/rad  auto
[GATE] Continuing to the set-up press.

Clearance reached: distance=137.4 mm | height=19.9 mm | target=20.0 mm | force=-0.7 N (not used for the switch)
  offset_ee        = [    -20.0,      60.0,      20.0] mm
  p_EE_at_contact  = [    532.4,       1.0,      42.4] mm
  contact_point    = [    513.3,     -59.7,       1.8] mm
  edge_offset      = [    -19.1,     -60.7,     -40.6] mm

-- phase: set_up ---------------------------------------------------

-- set-up impedance ------------------------------------------------
  law                wrench = K_TCP*dx + D_TCP*dv
                     K_TCP  = Ad(r_c)^T * blkdiag(Kp,KR) * Ad(r_c)
  Kp [t1,t2,n]     = [   2000.0,    2000.0,     800.0] N/m
  Dp [t1,t2,n]     = [    216.0,     183.8,     172.2] Ns/m     auto
  KR [t1,t2,n]     = [      5.0,       5.0,      50.0] Nm/rad
  DR [t1,t2,n]     = [      1.7,       1.7,       0.8] Nms/rad  auto
  p_c [EE]         = [     18.1,      -8.4,       1.5] mm       the pole on the tool, from p_EE
  r_c [t1,t2,n]    = [     20.0,       0.0,       0.0] mm       commanded: p_TCP - p_c, in the plane
set_up:     t=  0.0 s | tip=  0.0 deg | F=  0.0 N | M=  0.0 Nm (limit 150.0) | edge= 19.8 mm
set_up:     t=  0.2 s | tip=  0.5 deg | F=  2.0 N | M=  1.2 Nm (limit 150.0) | edge= 10.9 mm
set_up:     t=  0.4 s | tip=  1.1 deg | F=  2.1 N | M=  1.3 Nm (limit 150.0) | edge=  4.7 mm
set_up:     t=  0.6 s | tip=  1.4 deg | F= 12.4 N | M=  7.4 Nm (limit 150.0) | edge=  2.2 mm
set_up:     t=  0.8 s | tip=  1.4 deg | F= 20.6 N | M= 11.9 Nm (limit 150.0) | edge=  2.1 mm
set_up:     t=  1.0 s | tip=  1.4 deg | F= 28.4 N | M= 16.2 Nm (limit 150.0) | edge=  2.3 mm
set_up:     t=  1.2 s | tip=  1.4 deg | F= 36.0 N | M= 20.3 Nm (limit 150.0) | edge=  2.5 mm
set_up:     t=  1.4 s | tip=  1.5 deg | F= 44.4 N | M= 24.8 Nm (limit 150.0) | edge=  2.7 mm
set_up:     t=  1.6 s | tip=  1.5 deg | F= 52.7 N | M= 29.3 Nm (limit 150.0) | edge=  2.8 mm
set_up:     t=  1.8 s | tip=  1.5 deg | F= 47.2 N | M= 26.4 Nm (limit 150.0) | edge=  2.7 mm
set_up:     t=  2.0 s | tip=  1.5 deg | F= 47.2 N | M= 26.4 Nm (limit 150.0) | edge=  2.7 mm
set_up:     t=  2.2 s | tip=  1.5 deg | F= 47.1 N | M= 26.3 Nm (limit 150.0) | edge=  2.7 mm
set_up:     t=  2.4 s | tip=  1.5 deg | F= 47.0 N | M= 26.3 Nm (limit 150.0) | edge=  2.7 mm
set_up:     t=  2.6 s | tip=  1.5 deg | F= 47.0 N | M= 26.3 Nm (limit 150.0) | edge=  2.7 mm
set_up:     t=  2.8 s | tip=  1.5 deg | F= 47.0 N | M= 26.3 Nm (limit 150.0) | edge=  2.7 mm
set_up:     t=  3.0 s | tip=  1.5 deg | F= 46.7 N | M= 26.1 Nm (limit 150.0) | edge=  2.7 mm
set_up:     t=  3.2 s | tip=  1.5 deg | F= 46.9 N | M= 26.2 Nm (limit 150.0) | edge=  2.7 mm
set_up:     t=  3.4 s | tip=  1.5 deg | F= 46.9 N | M= 26.2 Nm (limit 150.0) | edge=  2.7 mm
set_up:     t=  3.6 s | tip=  1.5 deg | F= 46.8 N | M= 26.2 Nm (limit 150.0) | edge=  2.7 mm
set_up:     t=  3.8 s | tip=  1.5 deg | F= 46.9 N | M= 26.2 Nm (limit 150.0) | edge=  2.7 mm
set_up:     t=  4.0 s | tip=  1.5 deg | F= 46.9 N | M= 26.2 Nm (limit 150.0) | edge=  2.7 mm
set_up:     t=  4.2 s | tip=  1.5 deg | F= 46.8 N | M= 26.2 Nm (limit 150.0) | edge=  2.7 mm
set_up:     t=  4.4 s | tip=  1.5 deg | F= 46.8 N | M= 26.2 Nm (limit 150.0) | edge=  2.7 mm
set_up:     t=  4.6 s | tip=  1.5 deg | F= 46.8 N | M= 26.2 Nm (limit 150.0) | edge=  2.7 mm
set_up:     t=  4.8 s | tip=  1.5 deg | F= 46.9 N | M= 26.2 Nm (limit 150.0) | edge=  2.7 mm

====================================================================
  SET-UP RESULT
====================================================================
  stop: time | t=5.0 s | tip=1.5 deg | F=46.8 N | M=26.2 Nm
  edge_from_contact = [-2.0, +0.2, -1.8] mm | norm=2.7 mm
  tcp_from_contact  = [+17.3, +60.4, +18.3] mm | norm=65.4 mm
  alignment: before=3.88 deg | after=2.48 deg | gain=+1.40 deg
  alignment components [t1,t2,n] deg: before=[-0.38,-3.86,+0.00] | after=[+0.22,-2.47,+0.00]

-- set-up surface-frame breakdown ----------------------------------
  frame              alignment-target [tangent1, tangent2, normal]
  force        [N]      = [    -2.65,     +2.15,    -46.68]
  tcp_disp     [mm]     = [    +1.17,     -0.87,    -22.29]
  edge_disp    [mm]     = [    +1.68,     -1.08,     -1.87]
  Kp_eff=F/tcp [N/m]    = [  -2265.8,   -2456.5,    2093.9]
  moment@edge  [Nm]     = [    -8.94,    -25.79,     -0.52]
  tip_angle    [deg]    = [    +0.60,     +1.39,     -0.04]
  KR_eff=M/ang [Nm/rad] = [   -849.4,   -1064.6,     707.4]

-- centre of compliance --------------------------------------------
  definition         r_c = p_TCP - p_c
  p_TCP [x,y,z]    = [    532.4,       1.0,      42.4] mm
  p_c [EE]         = [     18.1,      -8.4,       1.5] mm
  r_c [t1,t2,n]    = [     20.0,      -0.0,       0.0] mm
                     p_c resolved at first contact

-- what the TCP feels ----------------------------------------------
  K_TCP translation = [   1999.6,    1999.1,     801.3] N/m
  K_TCP rotation   = [      5.1,       5.3,      50.8] Nm/rad
  commanded KR was = [      5.0,       5.0,      50.0] Nm/rad   the rest is the lever
  D_TCP translation = [    210.2,     189.5,     172.2] Ns/m
  D_TCP rotation   = [      1.7,       1.7,       0.9] Nms/rad
  coupling           max |moment per unit translation| = 36.2 Nm/m (K), 3.3 Nms/m (D)
  eigenvalues        K_TCP 5.00 .. 2001 | D_TCP 0.83 .. 216  (both positive: valid springs)

  K_TCP [N/m, Nm/rad | rows fx..mz, cols tx..rz]:
           tx        ty        tz    |    rx        ry        rz
  fx [    2000  -0.5725   -20.68 |  -0.1752  -0.7184   -16.92 ]
  fy [ -0.5725     1999   -33.18 |   0.8122   0.6014    36.22 ]
  fz [  -20.68   -33.18    801.3 |    6.758    -14.5  -0.4261 ]
     ---------------------------+---------------------------
  mx [ -0.1752   0.8122    6.758 |    5.071  -0.1009   0.7918 ]
  my [ -0.7184   0.6014    -14.5 |  -0.1009    5.298    1.261 ]
  mz [  -16.92    36.22  -0.4261 |   0.7918    1.261    50.75 ]

  D_TCP [Ns/m, Nms/rad]:
           tx        ty        tz    |    rx        ry        rz
  fx [   210.2    12.34  -0.9973 | -0.001689 -0.09684   -1.554 ]
  fy [   12.34    189.5  -0.6923 |  0.09774 0.005796    3.329 ]
  fz [ -0.9973  -0.6923    172.2 |    1.456    -3.12 -0.004107 ]
     ---------------------------+---------------------------
  mx [-0.001689  0.09774    1.456 |    1.727 -0.01119 -0.01391 ]
  my [-0.09684 0.005796    -3.12 | -0.01119    1.745 -0.02311 ]
  mz [  -1.554    3.329 -0.004107 | -0.01391 -0.02311   0.9035 ]

[GATE] Set up finished (holding the pressed pose). Press Enter to start the grind (e+Enter stops).

Stop requested with e + Enter. Finishing control loop...

-- joint motion [deg] ----------------------------------------------
  joint       start    final    delta
  q1            0.8      0.7     -0.2
  q2           12.1     30.6    +18.5
  q3           -0.5     -0.5     -0.0
  q4         -130.9   -130.0     +0.9
  q5           -0.2     -0.2     -0.0
  q6          142.9    162.1    +19.2
  q7           44.7     45.3     +0.5

====================================================================
  FINAL RESULT
====================================================================
  p_d              = [    531.1,      -1.2,     -37.4] mm
  p_EE             = [    530.6,       0.7,      20.2] mm
  e_p              = [      0.4,      -1.9,     -57.6] mm
  e_R              = [     0.04,     -1.51,     -0.00] deg
--------------------------------------------------------------------
  position error     57.61 mm
  rotation error     1.51 deg
  csv                logs/surface_grinding_controller_log.csv
--------------------------------------------------------------------
