
Press Enter to recover and configure the robot.
Robot recovered or already ready.
Collision: custom thresholds.

=== Startup mode ===
  s = go to q_init, then run the phase sequence
  h = go to q_init, then hold that pose
  g = guiding mode: go to q_init, then hand-guide to your pose;
      use s+Enter for sequence or h+Enter for hold
  q = go to q_init, inspect the posture, then choose again
  o = open the Franka hand now (release/load tool), then choose again
  c = close/grasp the tool now, then choose again
Choice [s/h/g/q/o/c]: Moving to q_init...
q_init reached.
Selected: phase sequence. Nullspace mode from parameters: nullspace_damping_only.

=== Setup ===
run: phase sequence | approach_orient: on | nullspace: nullspace_damping_only
nullspace parameters: d_null=2.000 | k_sigma=1.000 Nm (inactive) | alpha=0.0800 rad
hold: Kp=300.0 N/m | KR=40.0 Nm/rad | damping=auto translation+rotation (factor fitted online toward Dp=50.0 Ns/m)
manual_guidance_start: off | manual_damping=0.50
descend: clearance=20.0 mm | speed=0.100 m/s | max_distance=640 mm
alignment push: start=captured | end=+60 mm | speed=0.050 m/s | ramp_time~=1.6 s | timeout=5.0 s | moment_threshold=150.0 Nm
grind: free-slide hold | axis=tangent2 | amplitude=30 mm | frequency=0.20 Hz
set-up translation: frame=surface [t1,t2,n] | Kp=[2000.0, 2000.0, 360.0] N/m
coupled stiffness: apply=off | pole=commanded
gates: pause_before_set_up=on | pause_auto_damping=on | pause_before_grind=off | debug_period=0.20 s
surface-plane normal=[+0.017, +0.028, +0.999] | tilt a(x)=-1.6 deg, b(y)=1.0 deg (from angles)
tool-axis command offset: tangent1=+0.0 deg | tangent2=+0.0 deg
tool face: 40 x 120 mm | center offset EE=[+0.0, +0.0, +20.0] mm
Gripper already holding the tool (width 65.0 mm); keeping grasp.
Press e+Enter to stop the controller before the duration expires.
During hold: press g+Enter to hand-guide the tool, then p+Enter to recapture and resume hold.
experiment_duration <= 0: running indefinitely until e + Enter.

=== Start pose ===
q_start = [-0.9, 10.0, -1.1, -130.3, 0.0, 145.2, 42.7] deg
p_start = [550.5, -19.5, 185.4] mm

=== Run ===
phase: approach_orient
orient:     t=  0.0 s | axis_err=  5.7 deg | rot_err=  5.7 deg
approach Dp        auto=[ 127.10,  105.71,  125.80]  manual=[  20.00,   20.00,   20.00] Ns/m
approach DR        auto=[  13.61,   15.17,    2.22]  manual=[  12.00,   12.00,   12.00] Nms/rad
orient:     t=  0.2 s | axis_err=  2.9 deg | rot_err=  2.9 deg
orient:     t=  0.4 s | axis_err=  2.1 deg | rot_err=  2.1 deg

Orientation reached: axis_err=1.9 deg
phase: approach_descend
descend:    t=  0.0 s | distance=   0.1 mm | height=+156.9 mm (target 20.0) | force= -0.0 N
descend:    t=  0.2 s | distance=  20.1 mm | height=+144.9 mm (target 20.0) | force=  2.1 N
descend:    t=  0.4 s | distance=  40.1 mm | height=+128.3 mm (target 20.0) | force=  1.6 N
descend:    t=  0.6 s | distance=  60.2 mm | height=+110.8 mm (target 20.0) | force=  2.3 N
descend:    t=  0.8 s | distance=  80.3 mm | height= +92.8 mm (target 20.0) | force=  1.2 N
descend:    t=  1.0 s | distance= 100.4 mm | height= +74.4 mm (target 20.0) | force=  2.3 N
descend:    t=  1.2 s | distance= 120.5 mm | height= +55.8 mm (target 20.0) | force=  2.6 N
descend:    t=  1.4 s | distance= 140.6 mm | height= +37.5 mm (target 20.0) | force=  2.4 N

[GATE] Reached 20 mm above the plane. Press Enter to start the set-up press (e+Enter stops).
pause auto damping: fitted Dp factor=0.548, DR factor=2.006
pause Dp [xyz]     auto=[ 199.23,  147.62,  233.74]  manual=[ 200.00,  200.00,  200.00] Ns/m
pause DR [t1t2n]   auto=[  14.33,   14.48,    2.10]  manual=[  13.61,   15.17,    2.22] Nms/rad
[GATE] Continuing to the set-up press.
descend:    t=  3.9 s | distance= 159.8 mm | height= +19.2 mm (target 20.0) | force=  0.7 N

Clearance reached: distance=159.8 mm | height=19.2 mm | target=20.0 mm | force=0.7 N (not used for the switch)
offset_ee = [-20.0, 60.0, 20.0] mm
p_EE_at_contact = [531.6, -22.0, 40.9] mm
contact_point = [511.3, -82.8, 2.5] mm
edge_offset_base = [-20.3, -60.8, -38.4] mm
phase: set_up
set_up Dp [t1t2n]  auto=[ 216.43,  188.89,  114.02]  manual=[  50.00,   50.00,   25.00] Ns/m
set_up DR [t1t2n]  auto=[   1.69,    1.70,    0.78]  manual=[  10.01,   10.01,   10.00] Nms/rad
set_up:     t=  0.0 s | tip=  0.0 deg | F=  0.0 N | M=  0.0 Nm (limit 150.0) | edge= 19.2 mm
set_up:     t=  0.2 s | tip=  0.5 deg | F=  1.5 N | M=  0.7 Nm (limit 150.0) | edge= 14.2 mm
set_up:     t=  0.4 s | tip=  1.0 deg | F=  2.1 N | M=  0.9 Nm (limit 150.0) | edge=  7.2 mm
set_up:     t=  0.6 s | tip=  1.4 deg | F= 12.8 N | M=  6.7 Nm (limit 150.0) | edge=  2.3 mm
set_up:     t=  0.8 s | tip=  1.4 deg | F= 13.6 N | M=  7.1 Nm (limit 150.0) | edge=  2.3 mm
set_up:     t=  1.0 s | tip=  1.4 deg | F= 17.6 N | M=  9.1 Nm (limit 150.0) | edge=  2.4 mm
set_up:     t=  1.2 s | tip=  1.4 deg | F= 21.1 N | M= 11.0 Nm (limit 150.0) | edge=  2.6 mm
set_up:     t=  1.4 s | tip=  1.5 deg | F= 24.8 N | M= 12.9 Nm (limit 150.0) | edge=  2.8 mm
set_up:     t=  1.6 s | tip=  1.5 deg | F= 28.8 N | M= 15.0 Nm (limit 150.0) | edge=  2.9 mm
set_up:     t=  1.8 s | tip=  1.5 deg | F= 25.0 N | M= 13.0 Nm (limit 150.0) | edge=  2.9 mm
set_up:     t=  2.0 s | tip=  1.5 deg | F= 25.0 N | M= 13.0 Nm (limit 150.0) | edge=  2.9 mm
set_up:     t=  2.2 s | tip=  1.5 deg | F= 25.0 N | M= 13.0 Nm (limit 150.0) | edge=  2.9 mm
set_up:     t=  2.4 s | tip=  1.5 deg | F= 24.9 N | M= 13.0 Nm (limit 150.0) | edge=  2.9 mm
set_up:     t=  2.6 s | tip=  1.5 deg | F= 24.9 N | M= 13.0 Nm (limit 150.0) | edge=  2.9 mm
set_up:     t=  2.8 s | tip=  1.5 deg | F= 24.9 N | M= 12.9 Nm (limit 150.0) | edge=  2.9 mm
set_up:     t=  3.0 s | tip=  1.5 deg | F= 24.8 N | M= 12.9 Nm (limit 150.0) | edge=  2.9 mm
set_up:     t=  3.2 s | tip=  1.5 deg | F= 24.8 N | M= 12.9 Nm (limit 150.0) | edge=  2.9 mm
set_up:     t=  3.4 s | tip=  1.5 deg | F= 24.8 N | M= 12.9 Nm (limit 150.0) | edge=  2.9 mm
set_up:     t=  3.6 s | tip=  1.5 deg | F= 24.9 N | M= 13.0 Nm (limit 150.0) | edge=  2.9 mm
set_up:     t=  3.8 s | tip=  1.5 deg | F= 24.7 N | M= 12.9 Nm (limit 150.0) | edge=  2.9 mm
set_up:     t=  4.0 s | tip=  1.5 deg | F= 24.7 N | M= 12.9 Nm (limit 150.0) | edge=  2.9 mm
set_up:     t=  4.2 s | tip=  1.5 deg | F= 24.6 N | M= 12.8 Nm (limit 150.0) | edge=  2.9 mm
set_up:     t=  4.4 s | tip=  1.5 deg | F= 24.7 N | M= 12.8 Nm (limit 150.0) | edge=  2.9 mm
set_up:     t=  4.6 s | tip=  1.5 deg | F= 24.7 N | M= 12.9 Nm (limit 150.0) | edge=  2.9 mm
set_up:     t=  4.8 s | tip=  1.5 deg | F= 24.7 N | M= 12.8 Nm (limit 150.0) | edge=  2.9 mm

=== Set-up result ===
stop: time | t=5.0 s | tip=1.5 deg | F=24.7 N | M=12.8 Nm
edge_from_contact = [-2.9, +0.3, +0.2] mm | norm=2.9 mm
tcp_from_contact  = [+17.6, +60.6, +18.8] mm | norm=65.8 mm
alignment: before=0.99 deg | after=1.87 deg | gain=-0.88 deg
alignment components [t1,t2,n] deg: before=[+0.93,-0.35,-0.00] | after=[+1.58,+1.00,+0.00]

=== Set-up surface-frame breakdown ===
frame: alignment-target [tangent1, tangent2, normal]
force        [N]      = [    -5.90,     +2.52,    -23.83]
tcp_disp     [mm]     = [    +2.07,     -1.30,    -19.60]
edge_disp    [mm]     = [    +2.51,     -1.49,     +0.13]
Kp_eff=F/tcp [N/m]    = [  -2850.5,   -1942.7,    1216.3]
moment@edge  [Nm]     = [    -4.74,    -12.63,     -0.38]
tip_angle    [deg]    = [    +0.65,     +1.35,     -0.06]
KR_eff=M/ang [Nm/rad] = [   -415.6,    -535.8,     348.6]

=== Commanded centre of compliance ===
lever convention: r_c = p_TCP - p_c
parameterization: legacy base-frame pole-from-edge
  r_c base = [60.3, -19.2, 38.4] mm
  r_c [t1,t2,n] = [-45.5, 43.6, 38.8] mm
  pole_from_edge = [-40.0, 80.0, 0.0] mm

K_TCP = Ad^T K_pole Ad  [rows fx..mz | cols tx..rz]:
  commanded:
           tx        ty        tz    |    rx        ry        rz
  fx [    2000  -0.7824   -28.27 |  -0.5722   -78.39   -38.31 ]
  fy [ -0.7824     1999   -45.34 |    75.79   -2.705   -120.5 ]
  fz [  -28.27   -45.34    361.7 |      5.2     22.9    3.277 ]
     ---------------------------+---------------------------
  mx [ -0.5722    75.79      5.2 |     8.02   0.3571   -3.784 ]
  my [  -78.39   -2.705     22.9 |   0.3571    9.422    2.911 ]
  mz [  -38.31   -120.5    3.277 |   -3.784    2.911    57.96 ]
  K_TCP eigenvalues = [4.972, 4.992, 49.8, 361.4, 2003, 2011] -> PSD ok (>=0) (min=4.972)

D_TCP = Ad^T D_pole Ad:
  commanded:
           tx        ty        tz    |    rx        ry        rz
  fx [   211.5    10.51   -1.972 |   0.3653   -8.229    -4.69 ]
  fy [   10.51    193.8   -2.388 |    7.385  -0.5472   -11.89 ]
  fz [  -1.972   -2.388    114.1 |    2.098    6.958   0.1819 ]
     ---------------------------+---------------------------
  mx [  0.3653    7.385    2.098 |    2.011   0.1073   -0.468 ]
  my [  -8.229  -0.5472    6.958 |   0.1073     2.43   0.1656 ]
  mz [   -4.69   -11.89   0.1819 |   -0.468   0.1656    1.588 ]
  D_TCP eigenvalues = [0.7774, 1.679, 1.692, 114.5, 189.6, 217.2] -> PSD ok (>=0) (min=0.7774)
phase: grind

Stop requested with e + Enter. Finishing control loop...

Joint motion [deg]:
joint    start   final   delta
------------------------------
q1       -0.9    -0.9     0.0
q2       10.0    30.8    20.8
q3       -1.1    -1.3    -0.2
q4     -130.3  -127.9     2.4
q5        0.0     0.1     0.1
q6      145.2   156.4    11.2
q7       42.7    42.6    -0.1

=== Final result ===
p_d = [527.1, -23.8, -38.3] mm
p_EE = [528.6, -22.2, 21.2] mm
e_p = [-1.5, -1.7, -59.5] mm
position_error = 59.57 mm
e_R = [-0.03, -1.52, -0.01] deg
rotation_error = 1.52 deg
csv: surface_grinding_controller_log.csv
