
Press Enter to recover and configure the robot.
Robot recovered or already ready.
Collision: custom thresholds.

=== Startup choice ===
  q = go to q_init (from params/common.txt), then choose again
  g = guiding mode: go to q_init, then hand-guide to your pose;
      use s+Enter for sequence or h+Enter for hold
  o = open the Franka hand now (release/load tool), then choose again
  c = close/grasp the tool now, then choose again
  r = continue to run mode (available after q_init is reached)
Choice [q/g/o/c/r, Enter = q]: Moving to q_init...
q_init reached.

=== Startup choice ===
  q = go to q_init (from params/common.txt), then choose again
  g = guiding mode: go to q_init, then hand-guide to your pose;
      use s+Enter for sequence or h+Enter for hold
  o = open the Franka hand now (release/load tool), then choose again
  c = close/grasp the tool now, then choose again
  r = continue to run mode
Choice [q/g/o/c/r, Enter = q]: Moving to q_init...
q_init reached.

=== Startup choice ===
  q = go to q_init (from params/common.txt), then choose again
  g = guiding mode: go to q_init, then hand-guide to your pose;
      use s+Enter for sequence or h+Enter for hold
  o = open the Franka hand now (release/load tool), then choose again
  c = close/grasp the tool now, then choose again
  r = continue to run mode
Choice [q/g/o/c/r, Enter = q]: 
=== Run mode ===
  s = phase sequence (approach / set up / grind)
  h = hold at the start pose
Choice [s/h, Enter = s]: Selected: phase sequence. Nullspace mode from parameters: nullspace_damping_plus_sigma.

=== Setup ===
run: phase sequence | approach_orient: on | nullspace: nullspace_damping_plus_sigma
nullspace parameters: d_null=2.000 | k_sigma=1.000 Nm | alpha=0.0800 rad
hold: Kp=300.0 N/m | KR=40.0 Nm/rad | damping=auto translation+rotation (factor fitted online toward Dp=50.0 Ns/m)
manual_guidance_start: off | manual_damping=0.50
descend: clearance=20.0 mm | speed=0.100 m/s | max_distance=640 mm
alignment push: start=captured | end=+180 mm | speed=0.050 m/s | ramp_time~=4.0 s | timeout=12.0 s | moment_threshold=150.0 Nm
grind: sweep | axis=tangent2 | amplitude=30 mm | frequency=0.20 Hz
coupled stiffness: apply=on | saved=yes | pole=manual
gates: pause_before_set_up=on | pause_auto_damping=on | pause_before_grind=off | debug_period=0.20 s
alignment-target normal=[+0.087, -0.000, +0.996] | tilt a(x)=0.0 deg, b(y)=5.0 deg (from angles)
tool face: 40 x 120 mm | center offset EE=[+0.0, +0.0, +20.0] mm
Gripper already holding the tool (width 65.0 mm); keeping grasp.
Press e+Enter to stop the controller before the duration expires.
During hold: press g+Enter to hand-guide the tool, then p+Enter to recapture and resume hold.
experiment_duration <= 0: running indefinitely until e + Enter.

=== Start pose ===
q_start = [-2.7, 18.1, -5.1, -122.8, 17.5, 139.4, 26.8] deg
p_start = [565.1, -59.4, 151.1] mm

=== Run ===
phase: approach_orient
orient:     t=  0.0 s | axis_err= 11.5 deg | rot_err= 11.5 deg
approach Dp        auto=[ 134.14,   97.25,  122.27]  manual=[  20.00,   20.00,   20.00] Ns/m
approach DR        auto=[  12.73,   16.37,    4.08]  manual=[  12.00,   12.00,   12.00] Nms/rad
orient:     t=  0.2 s | axis_err=  4.6 deg | rot_err=  4.6 deg
orient:     t=  0.4 s | axis_err=  2.3 deg | rot_err=  2.3 deg

Orientation reached: axis_err=1.9 deg
phase: approach_descend
descend:    t=  0.0 s | distance=   0.1 mm | height= +97.7 mm (target 20.0) | force= -0.0 N
descend:    t=  0.2 s | distance=  20.1 mm | height= +85.7 mm (target 20.0) | force=  0.6 N
descend:    t=  0.4 s | distance=  40.1 mm | height= +69.1 mm (target 20.0) | force=  2.5 N
descend:    t=  0.6 s | distance=  60.2 mm | height= +51.9 mm (target 20.0) | force=  2.8 N
descend:    t=  0.8 s | distance=  80.3 mm | height= +34.4 mm (target 20.0) | force=  1.7 N

[GATE] Reached 20 mm above the plane. Press Enter to start the set-up press (e+Enter stops).
pause auto damping: fitted Dp factor=0.551, DR factor=1.959
pause Dp [xyz]     auto=[ 206.65,  155.19,  224.82]  manual=[ 200.00,  200.00,  200.00] Ns/m
pause DR [t1t2n]   auto=[  11.71,   17.30,    2.04]  manual=[  12.73,   16.37,    4.08] Nms/rad
[GATE] Continuing to the set-up press.
descend:    t=  7.0 s | distance=  96.6 mm | height= +19.5 mm (target 20.0) | force=  0.8 N

Clearance reached: distance=96.6 mm | height=19.5 mm | target=20.0 mm | force=0.8 N (not used for the switch)
offset_ee = [20.0, 60.0, 20.0] mm
p_EE_at_contact = [546.6, -64.1, 65.5] mm
contact_point = [560.3, -124.7, 24.1] mm
edge_offset_base = [13.7, -60.7, -41.4] mm
phase: set_up
set_up Dp [xyz]    auto=[ 237.16,  178.13,  108.08]  manual=[  10.00,   10.00,  175.00] Ns/m
set_up DR [t1t2n]  auto=[   1.41,    2.08,    0.78]  manual=[  10.01,   10.01,   10.00] Nms/rad
set_up:     t=  0.0 s | tip=  0.0 deg | F=  0.0 N | M=  0.0 Nm (limit 150.0) | edge= 19.5 mm
set_up:     t=  0.2 s | tip=  0.6 deg | F=  1.2 N | M=  0.6 Nm (limit 150.0) | edge= 13.8 mm
set_up:     t=  0.4 s | tip=  1.1 deg | F=  1.7 N | M=  0.7 Nm (limit 150.0) | edge=  7.7 mm
set_up:     t=  0.6 s | tip=  1.7 deg | F=  2.0 N | M=  0.7 Nm (limit 150.0) | edge=  4.8 mm
set_up:     t=  0.8 s | tip=  2.3 deg | F=  2.5 N | M=  1.0 Nm (limit 150.0) | edge= 10.1 mm
set_up:     t=  1.0 s | tip=  2.9 deg | F=  3.8 N | M=  2.0 Nm (limit 150.0) | edge= 17.3 mm
set_up:     t=  1.2 s | tip=  3.0 deg | F= 11.2 N | M=  6.8 Nm (limit 150.0) | edge= 17.9 mm
set_up:     t=  1.4 s | tip=  3.1 deg | F= 14.1 N | M=  8.4 Nm (limit 150.0) | edge= 18.9 mm
set_up:     t=  1.6 s | tip=  3.4 deg | F= 16.5 N | M= 10.0 Nm (limit 150.0) | edge= 20.5 mm
set_up:     t=  1.8 s | tip=  4.2 deg | F= 19.1 N | M= 11.6 Nm (limit 150.0) | edge= 21.8 mm
set_up:     t=  2.0 s | tip=  5.0 deg | F= 21.9 N | M= 13.2 Nm (limit 150.0) | edge= 22.7 mm
set_up:     t=  2.2 s | tip=  6.3 deg | F= 23.1 N | M= 13.8 Nm (limit 150.0) | edge= 24.1 mm
set_up:     t=  2.4 s | tip=  7.9 deg | F= 26.3 N | M= 15.5 Nm (limit 150.0) | edge= 25.6 mm
set_up:     t=  2.6 s | tip= 10.2 deg | F= 27.0 N | M= 16.0 Nm (limit 150.0) | edge= 27.9 mm
set_up:     t=  2.8 s | tip= 12.4 deg | F= 28.8 N | M= 16.9 Nm (limit 150.0) | edge= 30.1 mm
set_up:     t=  3.0 s | tip= 13.9 deg | F= 31.1 N | M= 18.0 Nm (limit 150.0) | edge= 31.7 mm
set_up:     t=  3.2 s | tip= 15.4 deg | F= 33.0 N | M= 19.0 Nm (limit 150.0) | edge= 33.2 mm
set_up:     t=  3.4 s | tip= 16.7 deg | F= 35.7 N | M= 20.7 Nm (limit 150.0) | edge= 34.9 mm
set_up:     t=  3.6 s | tip= 18.2 deg | F= 38.5 N | M= 22.1 Nm (limit 150.0) | edge= 36.5 mm
set_up:     t=  3.8 s | tip= 19.9 deg | F= 40.5 N | M= 23.1 Nm (limit 150.0) | edge= 38.2 mm
set_up:     t=  4.0 s | tip= 21.7 deg | F= 42.9 N | M= 24.5 Nm (limit 150.0) | edge= 39.7 mm
set_up:     t=  4.2 s | tip= 22.6 deg | F= 39.4 N | M= 22.6 Nm (limit 150.0) | edge= 40.1 mm
set_up:     t=  4.4 s | tip= 23.0 deg | F= 38.7 N | M= 22.3 Nm (limit 150.0) | edge= 40.5 mm
set_up:     t=  4.6 s | tip= 23.4 deg | F= 37.7 N | M= 21.5 Nm (limit 150.0) | edge= 41.0 mm
set_up:     t=  4.8 s | tip= 23.5 deg | F= 38.6 N | M= 21.8 Nm (limit 150.0) | edge= 41.1 mm
set_up:     t=  5.0 s | tip= 23.5 deg | F= 38.5 N | M= 21.7 Nm (limit 150.0) | edge= 41.1 mm
set_up:     t=  5.2 s | tip= 23.5 deg | F= 38.3 N | M= 21.6 Nm (limit 150.0) | edge= 41.1 mm
set_up:     t=  5.4 s | tip= 23.5 deg | F= 38.4 N | M= 21.7 Nm (limit 150.0) | edge= 41.1 mm
set_up:     t=  5.6 s | tip= 23.5 deg | F= 38.4 N | M= 21.7 Nm (limit 150.0) | edge= 41.1 mm
set_up:     t=  5.8 s | tip= 23.5 deg | F= 38.4 N | M= 21.7 Nm (limit 150.0) | edge= 41.1 mm
set_up:     t=  6.0 s | tip= 23.5 deg | F= 38.5 N | M= 21.7 Nm (limit 150.0) | edge= 41.1 mm
set_up:     t=  6.2 s | tip= 23.5 deg | F= 38.5 N | M= 21.7 Nm (limit 150.0) | edge= 41.1 mm
set_up:     t=  6.4 s | tip= 23.5 deg | F= 38.4 N | M= 21.7 Nm (limit 150.0) | edge= 41.1 mm
set_up:     t=  6.6 s | tip= 23.5 deg | F= 38.4 N | M= 21.7 Nm (limit 150.0) | edge= 41.1 mm
set_up:     t=  6.8 s | tip= 23.5 deg | F= 38.4 N | M= 21.6 Nm (limit 150.0) | edge= 41.1 mm
set_up:     t=  7.0 s | tip= 23.5 deg | F= 38.5 N | M= 21.7 Nm (limit 150.0) | edge= 41.1 mm
set_up:     t=  7.2 s | tip= 23.5 deg | F= 38.4 N | M= 21.6 Nm (limit 150.0) | edge= 41.1 mm
set_up:     t=  7.4 s | tip= 23.5 deg | F= 38.4 N | M= 21.7 Nm (limit 150.0) | edge= 41.1 mm
set_up:     t=  7.6 s | tip= 23.5 deg | F= 38.4 N | M= 21.6 Nm (limit 150.0) | edge= 41.1 mm
set_up:     t=  7.8 s | tip= 23.5 deg | F= 38.4 N | M= 21.6 Nm (limit 150.0) | edge= 41.1 mm
set_up:     t=  8.0 s | tip= 23.5 deg | F= 38.4 N | M= 21.7 Nm (limit 150.0) | edge= 41.1 mm
set_up:     t=  8.2 s | tip= 23.5 deg | F= 38.4 N | M= 21.7 Nm (limit 150.0) | edge= 41.2 mm
set_up:     t=  8.4 s | tip= 23.5 deg | F= 38.5 N | M= 21.7 Nm (limit 150.0) | edge= 41.2 mm
set_up:     t=  8.6 s | tip= 23.5 deg | F= 38.5 N | M= 21.7 Nm (limit 150.0) | edge= 41.2 mm
set_up:     t=  8.8 s | tip= 23.5 deg | F= 38.4 N | M= 21.7 Nm (limit 150.0) | edge= 41.2 mm
set_up:     t=  9.0 s | tip= 23.5 deg | F= 38.4 N | M= 21.6 Nm (limit 150.0) | edge= 41.2 mm
set_up:     t=  9.2 s | tip= 23.5 deg | F= 38.4 N | M= 21.6 Nm (limit 150.0) | edge= 41.2 mm
set_up:     t=  9.4 s | tip= 23.5 deg | F= 38.3 N | M= 21.6 Nm (limit 150.0) | edge= 41.2 mm
set_up:     t=  9.6 s | tip= 23.5 deg | F= 38.3 N | M= 21.7 Nm (limit 150.0) | edge= 41.2 mm
set_up:     t=  9.8 s | tip= 23.5 deg | F= 38.4 N | M= 21.6 Nm (limit 150.0) | edge= 41.2 mm
set_up:     t= 10.0 s | tip= 23.5 deg | F= 38.2 N | M= 21.6 Nm (limit 150.0) | edge= 41.2 mm
set_up:     t= 10.2 s | tip= 23.5 deg | F= 38.3 N | M= 21.6 Nm (limit 150.0) | edge= 41.2 mm
set_up:     t= 10.4 s | tip= 23.5 deg | F= 38.3 N | M= 21.6 Nm (limit 150.0) | edge= 41.2 mm
set_up:     t= 10.6 s | tip= 23.5 deg | F= 38.2 N | M= 21.6 Nm (limit 150.0) | edge= 41.2 mm
set_up:     t= 10.8 s | tip= 23.5 deg | F= 38.3 N | M= 21.6 Nm (limit 150.0) | edge= 41.2 mm
set_up:     t= 11.0 s | tip= 23.5 deg | F= 38.2 N | M= 21.6 Nm (limit 150.0) | edge= 41.2 mm
set_up:     t= 11.2 s | tip= 23.5 deg | F= 38.2 N | M= 21.6 Nm (limit 150.0) | edge= 41.2 mm
set_up:     t= 11.4 s | tip= 23.5 deg | F= 38.2 N | M= 21.6 Nm (limit 150.0) | edge= 41.2 mm
set_up:     t= 11.6 s | tip= 23.5 deg | F= 38.1 N | M= 21.5 Nm (limit 150.0) | edge= 41.2 mm
set_up:     t= 11.8 s | tip= 23.5 deg | F= 38.2 N | M= 21.6 Nm (limit 150.0) | edge= 41.2 mm

=== Set-up result ===
stop: time | t=12.0 s | tip=23.5 deg | F=38.2 N | M=21.6 Nm
edge_from_contact = [-34.6, +3.7, -22.0] mm | norm=41.2 mm
tcp_from_contact  = [-39.2, +62.9, +7.4] mm | norm=74.5 mm
alignment: before=0.51 deg | after=23.80 deg | gain=-23.29 deg

=== Set-up surface-frame breakdown ===
frame: alignment-target [tangent1, tangent2, normal]
force        [N]      = [    -5.38,     +0.56,    -37.80]
tcp_disp     [mm]     = [   -22.37,     +2.26,    -36.07]
edge_disp    [mm]     = [   -32.60,     +3.65,    -24.96]
Kp_eff=F/tcp [N/m]    = [    240.4,     249.5,    1048.2]
moment@edge  [Nm]     = [    +2.43,    +20.63,     +0.04]
tip_angle    [deg]    = [    -3.19,    -23.30,     +0.01]
KR_eff=M/ang [Nm/rad] = [    -43.6,     -50.7,       n/a]

finite_axis: angle=23.5 deg | axis_from_edge=[-69.6, +10.4, +72.6] mm | dir=[+0.135, +0.991, -0.012] | pitch=-1.9 mm/rad

=== Coupled stiffness from the measured pole ===
source spring K_pole/D_pole (diagonal, from parameters):
  Kp [N/m]     = [2000, 2000, 350]
  KR [Nm/rad]  = [5, 5, 50]
  Dp [Ns/m]    = [10, 10, 175]
  DR [Nms/rad] = [10.01, 10.01, 10]

poles compared (lever r_c = TCP - pole):
  (A) measured axis : angle=23.5 deg | pitch=-1.9 mm/rad
      pole_from_edge = [-35.0, 6.0, 94.7] mm
      r_c            = [30.5, 53.3, -65.2] mm
  (B) manual pole   : COMMANDED this run, contact reference
      pole_from_edge = [161.2, -3.7, 91.3] mm
      r_c            = [-140.2, 60.7, -27.8] mm
      r_c(B)-r_c(A)  = [-170.8, 7.4, 37.4] mm

K_TCP = Ad^T K_pole Ad  [rows fx..mz | cols tx..rz]:
  (A) measured axis:
           tx        ty        tz    |    rx        ry        rz
  fx [    2000        0        0 |        0    130.4    106.6 ]
  fy [       0     2000        0 |   -130.4        0   -61.06 ]
  fz [       0        0      350 |   -18.65    10.69        0 ]
     ---------------------------+---------------------------
  mx [       0   -130.4   -18.65 |    14.84  -0.5695    7.889 ]
  my [   130.4        0    10.69 |  -0.5695    13.83     6.95 ]
  mz [   106.6   -61.06        0 |    7.889     6.95     57.2 ]
  (A) K_TCP eigenvalues = [4.96, 4.981, 49.79, 351.3, 2009, 2016] -> PSD ok (>=0) (min=4.96)
  (B) manual pole:
           tx        ty        tz    |    rx        ry        rz
  fx [    2000        0        0 |        0    55.64    121.3 ]
  fy [       0     2000        0 |   -55.64        0    280.5 ]
  fz [       0        0      350 |   -21.23   -49.09        0 ]
     ---------------------------+---------------------------
  mx [       0   -55.64   -21.23 |    8.177    2.977   -3.896 ]
  my [   55.64        0   -49.09 |    2.977    13.43    3.375 ]
  mz [   121.3    280.5        0 |   -3.896    3.375    96.35 ]
  (B) K_TCP eigenvalues = [4.881, 4.992, 48.87, 358.3, 2002, 2049] -> PSD ok (>=0) (min=4.881)

D_TCP = Ad^T D_pole Ad:
  (A) measured axis:
           tx        ty        tz    |    rx        ry        rz
  fx [   237.2        0        0 |        0    15.46    12.64 ]
  fy [       0    178.1        0 |   -11.62        0   -5.439 ]
  fz [       0        0    108.1 |    -5.76      3.3        0 ]
     ---------------------------+---------------------------
  mx [       0   -11.62    -5.76 |    2.468  -0.1759   0.2996 ]
  my [   15.46        0      3.3 |  -0.1759    3.185   0.8241 ]
  mz [   12.64   -5.439        0 |   0.2996   0.8241     1.62 ]
  (A) D_TCP eigenvalues = [0.7721, 1.399, 2.065, 108.5, 179.1, 238.9] -> PSD ok (>=0) (min=0.7721)
  (B) manual pole:
           tx        ty        tz    |    rx        ry        rz
  fx [   237.2        0        0 |        0    6.598    14.38 ]
  fy [       0    178.1        0 |   -4.956        0    24.98 ]
  fz [       0        0    108.1 |   -6.555   -15.16        0 ]
     ---------------------------+---------------------------
  mx [       0   -4.956   -6.555 |    1.939   0.9193    -0.75 ]
  my [   6.598        0   -15.16 |   0.9193    4.385   0.4002 ]
  mz [   14.38    24.98        0 |    -0.75   0.4002    5.156 ]
  (B) D_TCP eigenvalues = [0.7582, 1.401, 2.034, 110.6, 181.7, 238.3] -> PSD ok (>=0) (min=0.7582)
phase: grind

Stop requested with e + Enter. Finishing control loop...

Joint motion [deg]:
joint    start   final   delta
------------------------------
q1       -2.7    -2.7     0.1
q2       18.1    38.6    20.5
q3       -5.1    -1.5     3.6
q4     -122.8  -108.1    14.7
q5       17.5     0.0   -17.5
q6      139.4   123.2   -16.2
q7       26.8    43.9    17.1

=== Final result ===
p_d = [529.2, -47.1, -133.2] mm
p_EE = [536.9, -41.6, 25.1] mm
e_p = [-7.7, -5.5, -158.3] mm
position_error = 158.62 mm
e_R = [-0.15, -18.25, 0.44] deg
rotation_error = 18.26 deg
csv: surface_grinding_controller_log.csv
