
Press Enter to recover and configure the robot.
Robot recovered or already ready.
Collision: custom thresholds.

=== Startup choice ===
  q = go to q_init (from params/common.txt), then choose again
  g = guiding mode: go to q_init, then hand-guide to your pose;
      use s+Enter for sequence or h+Enter for hold
  o = open the Franka hand now (release/load tool), then choose again
  c = close/grasp the tool now, then choose again
  r = continue to run mode (available after q_init is reached)
Choice [q/g/o/c/r, Enter = q]: Moving to q_init...
q_init reached.

=== Startup choice ===
  q = go to q_init (from params/common.txt), then choose again
  g = guiding mode: go to q_init, then hand-guide to your pose;
      use s+Enter for sequence or h+Enter for hold
  o = open the Franka hand now (release/load tool), then choose again
  c = close/grasp the tool now, then choose again
  r = continue to run mode
Choice [q/g/o/c/r, Enter = q]: Moving to q_init...
q_init reached.

=== Startup choice ===
  q = go to q_init (from params/common.txt), then choose again
  g = guiding mode: go to q_init, then hand-guide to your pose;
      use s+Enter for sequence or h+Enter for hold
  o = open the Franka hand now (release/load tool), then choose again
  c = close/grasp the tool now, then choose again
  r = continue to run mode
Choice [q/g/o/c/r, Enter = q]: 
=== Run mode ===
  s = phase sequence (approach / set up / grind)
  h = hold at the start pose
Choice [s/h, Enter = s]: Selected: phase sequence. Nullspace mode from parameters: nullspace_damping_plus_sigma.

=== Setup ===
run: phase sequence | approach_orient: on | nullspace: nullspace_damping_plus_sigma
nullspace parameters: d_null=2.000 | k_sigma=1.000 Nm | alpha=0.0800 rad
hold: Kp=300.0 N/m | KR=40.0 Nm/rad | damping=auto translation+rotation (factor fitted online toward Dp=50.0 Ns/m)
manual_guidance_start: off | manual_damping=0.50
descend: clearance=20.0 mm | speed=0.100 m/s | max_distance=640 mm
alignment push: start=captured | end=+180 mm | speed=0.050 m/s | ramp_time~=4.0 s | timeout=12.0 s | moment_threshold=150.0 Nm
grind: sweep | axis=tangent2 | amplitude=30 mm | frequency=0.20 Hz
coupled stiffness: apply=on | saved=yes | pole=manual
gates: pause_before_set_up=on | pause_auto_damping=on | pause_before_grind=off | debug_period=0.20 s
alignment-target normal=[+0.087, -0.000, +0.996] | tilt a(x)=0.0 deg, b(y)=5.0 deg (from angles)
tool face: 40 x 120 mm | center offset EE=[+0.0, +0.0, +20.0] mm
Gripper already holding the tool (width 65.0 mm); keeping grasp.
Press e+Enter to stop the controller before the duration expires.
During hold: press g+Enter to hand-guide the tool, then p+Enter to recapture and resume hold.
experiment_duration <= 0: running indefinitely until e + Enter.

=== Start pose ===
q_start = [-2.7, 18.1, -5.1, -122.8, 17.5, 139.5, 26.8] deg
p_start = [565.1, -59.4, 151.1] mm

=== Run ===
phase: approach_orient
orient:     t=  0.0 s | axis_err= 11.5 deg | rot_err= 11.5 deg
approach Dp        auto=[ 134.14,   97.25,  122.28]  manual=[  20.00,   20.00,   20.00] Ns/m
approach DR        auto=[  12.73,   16.36,    4.08]  manual=[  12.00,   12.00,   12.00] Nms/rad
orient:     t=  0.2 s | axis_err=  4.6 deg | rot_err=  4.6 deg
orient:     t=  0.4 s | axis_err=  2.3 deg | rot_err=  2.3 deg

Orientation reached: axis_err=1.9 deg
phase: approach_descend
descend:    t=  0.0 s | distance=   0.1 mm | height= +98.2 mm (target 20.0) | force= -0.0 N
descend:    t=  0.2 s | distance=  20.1 mm | height= +86.2 mm (target 20.0) | force=  0.6 N
descend:    t=  0.4 s | distance=  40.1 mm | height= +69.4 mm (target 20.0) | force=  1.8 N
descend:    t=  0.6 s | distance=  60.2 mm | height= +51.8 mm (target 20.0) | force=  2.4 N
descend:    t=  0.8 s | distance=  80.3 mm | height= +33.9 mm (target 20.0) | force=  1.2 N

[GATE] Reached 20 mm above the plane. Press Enter to start the set-up press (e+Enter stops).
pause auto damping: fitted Dp factor=0.551, DR factor=1.960
pause Dp [xyz]     auto=[ 206.56,  155.24,  224.87]  manual=[ 200.00,  200.00,  200.00] Ns/m
pause DR [t1t2n]   auto=[  11.73,   17.28,    2.04]  manual=[  12.73,   16.36,    4.08] Nms/rad
[GATE] Continuing to the set-up press.
descend:    t=  3.9 s | distance=  96.0 mm | height= +19.5 mm (target 20.0) | force=  0.4 N

Clearance reached: distance=96.0 mm | height=19.5 mm | target=20.0 mm | force=0.4 N (not used for the switch)
offset_ee = [20.0, 60.0, 20.0] mm
p_EE_at_contact = [546.5, -65.6, 65.4] mm
contact_point = [560.2, -126.2, 24.1] mm
edge_offset_base = [13.7, -60.7, -41.3] mm
phase: set_up
set_up Dp [xyz]    auto=[ 237.06,  178.19,  108.10]  manual=[  10.00,   10.00,  175.00] Ns/m
set_up DR [t1t2n]  auto=[   1.41,    2.07,    0.77]  manual=[  10.01,   10.01,   10.00] Nms/rad
set_up:     t=  0.0 s | tip=  0.0 deg | F=  0.0 N | M=  0.0 Nm (limit 150.0) | edge= 19.5 mm
set_up:     t=  0.2 s | tip=  0.3 deg | F=  2.0 N | M=  0.8 Nm (limit 150.0) | edge= 14.1 mm
set_up:     t=  0.4 s | tip=  0.6 deg | F=  1.6 N | M=  0.6 Nm (limit 150.0) | edge=  6.4 mm
set_up:     t=  0.6 s | tip=  0.7 deg | F=  2.3 N | M=  0.9 Nm (limit 150.0) | edge=  3.2 mm
set_up:     t=  0.8 s | tip=  0.7 deg | F=  2.3 N | M=  0.9 Nm (limit 150.0) | edge= 11.8 mm
set_up:     t=  1.0 s | tip=  0.6 deg | F= 12.9 N | M=  7.2 Nm (limit 150.0) | edge= 18.3 mm
set_up:     t=  1.2 s | tip=  0.6 deg | F= 12.8 N | M=  7.1 Nm (limit 150.0) | edge= 18.4 mm
set_up:     t=  1.4 s | tip=  0.7 deg | F= 16.9 N | M=  9.5 Nm (limit 150.0) | edge= 18.7 mm
set_up:     t=  1.6 s | tip=  0.7 deg | F= 20.6 N | M= 11.5 Nm (limit 150.0) | edge= 18.8 mm
set_up:     t=  1.8 s | tip=  0.7 deg | F= 24.3 N | M= 13.5 Nm (limit 150.0) | edge= 19.0 mm
set_up:     t=  2.0 s | tip=  0.8 deg | F= 27.9 N | M= 15.4 Nm (limit 150.0) | edge= 19.2 mm
set_up:     t=  2.2 s | tip=  0.8 deg | F= 31.4 N | M= 17.4 Nm (limit 150.0) | edge= 19.3 mm
set_up:     t=  2.4 s | tip=  0.9 deg | F= 35.3 N | M= 19.4 Nm (limit 150.0) | edge= 19.5 mm
set_up:     t=  2.6 s | tip=  0.9 deg | F= 38.7 N | M= 21.2 Nm (limit 150.0) | edge= 19.7 mm
set_up:     t=  2.8 s | tip=  1.0 deg | F= 42.3 N | M= 23.2 Nm (limit 150.0) | edge= 20.0 mm
set_up:     t=  3.0 s | tip=  1.1 deg | F= 46.2 N | M= 25.2 Nm (limit 150.0) | edge= 20.2 mm
set_up:     t=  3.2 s | tip=  1.2 deg | F= 49.5 N | M= 26.9 Nm (limit 150.0) | edge= 20.5 mm
set_up:     t=  3.4 s | tip=  1.3 deg | F= 52.8 N | M= 28.7 Nm (limit 150.0) | edge= 20.8 mm
set_up:     t=  3.6 s | tip=  1.5 deg | F= 56.3 N | M= 30.5 Nm (limit 150.0) | edge= 21.1 mm
set_up:     t=  3.8 s | tip=  1.6 deg | F= 59.5 N | M= 32.2 Nm (limit 150.0) | edge= 21.4 mm
set_up:     t=  4.0 s | tip=  1.7 deg | F= 63.7 N | M= 34.5 Nm (limit 150.0) | edge= 21.6 mm
set_up:     t=  4.2 s | tip=  1.8 deg | F= 58.9 N | M= 32.0 Nm (limit 150.0) | edge= 21.6 mm
set_up:     t=  4.4 s | tip=  1.8 deg | F= 58.9 N | M= 32.0 Nm (limit 150.0) | edge= 21.7 mm
set_up:     t=  4.6 s | tip=  1.9 deg | F= 58.9 N | M= 32.0 Nm (limit 150.0) | edge= 21.7 mm
set_up:     t=  4.8 s | tip=  1.9 deg | F= 58.9 N | M= 32.1 Nm (limit 150.0) | edge= 21.8 mm
set_up:     t=  5.0 s | tip=  1.9 deg | F= 58.9 N | M= 32.0 Nm (limit 150.0) | edge= 21.8 mm
set_up:     t=  5.2 s | tip=  1.9 deg | F= 58.6 N | M= 31.9 Nm (limit 150.0) | edge= 21.8 mm
set_up:     t=  5.4 s | tip=  1.9 deg | F= 58.6 N | M= 31.9 Nm (limit 150.0) | edge= 21.8 mm
set_up:     t=  5.6 s | tip=  1.9 deg | F= 58.6 N | M= 31.9 Nm (limit 150.0) | edge= 21.8 mm
set_up:     t=  5.8 s | tip=  1.9 deg | F= 58.6 N | M= 31.9 Nm (limit 150.0) | edge= 21.8 mm
set_up:     t=  6.0 s | tip=  1.9 deg | F= 58.5 N | M= 31.9 Nm (limit 150.0) | edge= 21.8 mm
set_up:     t=  6.2 s | tip=  1.9 deg | F= 58.5 N | M= 31.8 Nm (limit 150.0) | edge= 21.8 mm
set_up:     t=  6.4 s | tip=  1.9 deg | F= 58.7 N | M= 31.9 Nm (limit 150.0) | edge= 21.8 mm
set_up:     t=  6.6 s | tip=  1.9 deg | F= 58.5 N | M= 31.8 Nm (limit 150.0) | edge= 21.8 mm
set_up:     t=  6.8 s | tip=  1.9 deg | F= 58.3 N | M= 31.7 Nm (limit 150.0) | edge= 21.8 mm
set_up:     t=  7.0 s | tip=  1.9 deg | F= 58.6 N | M= 31.9 Nm (limit 150.0) | edge= 21.8 mm
set_up:     t=  7.2 s | tip=  2.0 deg | F= 58.7 N | M= 32.0 Nm (limit 150.0) | edge= 21.8 mm
set_up:     t=  7.4 s | tip=  2.0 deg | F= 58.6 N | M= 31.9 Nm (limit 150.0) | edge= 21.8 mm
set_up:     t=  7.6 s | tip=  2.0 deg | F= 58.4 N | M= 31.8 Nm (limit 150.0) | edge= 21.9 mm
set_up:     t=  7.8 s | tip=  2.0 deg | F= 58.5 N | M= 31.8 Nm (limit 150.0) | edge= 21.8 mm
set_up:     t=  8.0 s | tip=  2.0 deg | F= 58.5 N | M= 31.8 Nm (limit 150.0) | edge= 21.8 mm
set_up:     t=  8.2 s | tip=  2.0 deg | F= 58.5 N | M= 31.8 Nm (limit 150.0) | edge= 21.9 mm
set_up:     t=  8.4 s | tip=  2.0 deg | F= 58.5 N | M= 31.9 Nm (limit 150.0) | edge= 21.9 mm
set_up:     t=  8.6 s | tip=  2.0 deg | F= 58.6 N | M= 31.9 Nm (limit 150.0) | edge= 21.9 mm
set_up:     t=  8.8 s | tip=  2.0 deg | F= 58.5 N | M= 31.8 Nm (limit 150.0) | edge= 21.9 mm
set_up:     t=  9.0 s | tip=  2.0 deg | F= 58.5 N | M= 31.9 Nm (limit 150.0) | edge= 21.9 mm
set_up:     t=  9.2 s | tip=  2.0 deg | F= 58.5 N | M= 31.8 Nm (limit 150.0) | edge= 21.9 mm
set_up:     t=  9.4 s | tip=  2.0 deg | F= 58.5 N | M= 31.9 Nm (limit 150.0) | edge= 21.9 mm
set_up:     t=  9.6 s | tip=  2.0 deg | F= 58.6 N | M= 31.9 Nm (limit 150.0) | edge= 21.9 mm
set_up:     t=  9.8 s | tip=  2.0 deg | F= 58.5 N | M= 31.9 Nm (limit 150.0) | edge= 21.9 mm
set_up:     t= 10.0 s | tip=  2.0 deg | F= 58.5 N | M= 31.8 Nm (limit 150.0) | edge= 21.9 mm
set_up:     t= 10.2 s | tip=  2.0 deg | F= 58.4 N | M= 31.8 Nm (limit 150.0) | edge= 21.9 mm
set_up:     t= 10.4 s | tip=  2.0 deg | F= 58.4 N | M= 31.8 Nm (limit 150.0) | edge= 21.9 mm
set_up:     t= 10.6 s | tip=  2.0 deg | F= 58.4 N | M= 31.8 Nm (limit 150.0) | edge= 21.9 mm
set_up:     t= 10.8 s | tip=  2.0 deg | F= 58.5 N | M= 31.8 Nm (limit 150.0) | edge= 21.9 mm
set_up:     t= 11.0 s | tip=  2.0 deg | F= 58.5 N | M= 31.9 Nm (limit 150.0) | edge= 21.9 mm
set_up:     t= 11.2 s | tip=  2.0 deg | F= 58.5 N | M= 31.9 Nm (limit 150.0) | edge= 21.9 mm
set_up:     t= 11.4 s | tip=  2.0 deg | F= 58.5 N | M= 31.9 Nm (limit 150.0) | edge= 21.9 mm
set_up:     t= 11.6 s | tip=  2.0 deg | F= 58.5 N | M= 31.9 Nm (limit 150.0) | edge= 21.9 mm
set_up:     t= 11.8 s | tip=  2.0 deg | F= 58.5 N | M= 31.9 Nm (limit 150.0) | edge= 21.9 mm

=== Set-up result ===
stop: time | t=12.0 s | tip=2.0 deg | F=58.5 N | M=31.9 Nm
edge_from_contact = [-8.0, +0.5, -20.4] mm | norm=21.9 mm
tcp_from_contact  = [-22.3, +61.3, +2.0] mm | norm=65.3 mm
alignment: before=0.42 deg | after=2.15 deg | gain=-1.73 deg

=== Set-up surface-frame breakdown ===
frame: alignment-target [tangent1, tangent2, normal]
force        [N]      = [    -7.50,     -0.79,    -58.01]
tcp_disp     [mm]     = [    -5.14,     +0.60,    -39.95]
edge_disp    [mm]     = [    -6.19,     +0.50,    -20.98]
Kp_eff=F/tcp [N/m]    = [   1458.3,   -1311.1,    1452.2]
moment@edge  [Nm]     = [    +3.41,    +29.98,     -0.73]
tip_angle    [deg]    = [    +0.02,     -1.96,     +0.32]
KR_eff=M/ang [Nm/rad] = [      n/a,    -876.2,    -130.1]

finite_axis: angle=2.0 deg | axis_from_edge=[-581.0, +20.2, +217.3] mm | dir=[-0.026, +0.987, -0.160] | pitch=+114.3 mm/rad

=== Coupled stiffness from the measured pole ===
source spring K_pole/D_pole (diagonal, from parameters):
  Kp [N/m]     = [2000, 2000, 350]
  KR [Nm/rad]  = [5, 5, 50]
  Dp [Ns/m]    = [10, 10, 175]
  DR [Nms/rad] = [10.01, 10.01, 10]

poles compared (lever r_c = TCP - pole):
  (A) measured axis : angle=2.0 deg | pitch=+114.3 mm/rad
      pole_from_edge = [-573.1, 23.6, 237.0] mm
      r_c            = [558.7, 37.2, -214.7] mm
  (B) manual pole   : COMMANDED this run, contact reference
      pole_from_edge = [4.5, -0.5, -19.5] mm
      r_c            = [-10.2, 60.7, 81.2] mm
      r_c(B)-r_c(A)  = [-569.0, 23.5, 295.9] mm

K_TCP = Ad^T K_pole Ad  [rows fx..mz | cols tx..rz]:
  (A) measured axis:
           tx        ty        tz    |    rx        ry        rz
  fx [    2000        0        0 |        0    429.4    74.31 ]
  fy [       0     2000        0 |   -429.4        0    -1117 ]
  fz [       0        0      350 |      -13    195.6        0 ]
     ---------------------------+---------------------------
  mx [       0   -429.4      -13 |    98.02   -7.266    243.8 ]
  my [   429.4        0    195.6 |   -7.266    206.5    15.95 ]
  mz [   74.31    -1117        0 |    243.8    15.95    676.8 ]
  (A) K_TCP eigenvalues = [3.668, 4.862, 37.64, 454.7, 2099, 2732] -> PSD ok (>=0) (min=3.668)
  (B) manual pole:
           tx        ty        tz    |    rx        ry        rz
  fx [    2000        0        0 |        0   -162.4    121.4 ]
  fy [       0     2000        0 |    162.4        0    20.48 ]
  fz [       0        0      350 |   -21.24   -3.584        0 ]
     ---------------------------+---------------------------
  mx [       0    162.4   -21.24 |    19.81   0.2175     5.57 ]
  my [  -162.4        0   -3.584 |   0.2175    18.22   -9.853 ]
  mz [   121.4    20.48        0 |     5.57   -9.853    57.23 ]
  (B) K_TCP eigenvalues = [4.948, 4.968, 49.8, 351.3, 2013, 2021] -> PSD ok (>=0) (min=4.948)

D_TCP = Ad^T D_pole Ad:
  (A) measured axis:
           tx        ty        tz    |    rx        ry        rz
  fx [   237.1        0        0 |        0     50.9    8.808 ]
  fy [       0    178.2        0 |   -38.26        0   -99.56 ]
  fz [       0        0    108.1 |   -4.017     60.4        0 ]
     ---------------------------+---------------------------
  mx [       0   -38.26   -4.017 |    9.769   -2.244    21.32 ]
  my [    50.9        0     60.4 |   -2.244    46.75    1.891 ]
  mz [   8.808   -99.56        0 |    21.32    1.891    56.73 ]
  (A) D_TCP eigenvalues = [0.5778, 1.382, 1.527, 139, 240.8, 253.3] -> PSD ok (>=0) (min=0.5778)
  (B) manual pole:
           tx        ty        tz    |    rx        ry        rz
  fx [   237.1        0        0 |        0   -19.25    14.39 ]
  fy [       0    178.2        0 |    14.47        0    1.825 ]
  fz [       0        0    108.1 |    -6.56   -1.107        0 ]
     ---------------------------+---------------------------
  mx [       0    14.47    -6.56 |    2.978  0.06718  0.09291 ]
  my [  -19.25        0   -1.107 |  0.06718    3.647   -1.168 ]
  mz [   14.39    1.825        0 |  0.09291   -1.168    1.671 ]
  (B) D_TCP eigenvalues = [0.771, 1.396, 2.059, 108.5, 179.4, 239.5] -> PSD ok (>=0) (min=0.771)
phase: grind

Stop requested with e + Enter. Finishing control loop...

Joint motion [deg]:
joint    start   final   delta
------------------------------
q1       -2.7    -2.0     0.7
q2       18.1    32.2    14.1
q3       -5.1    -2.2     3.0
q4     -122.8  -122.3     0.5
q5       17.5     0.2   -17.4
q6      139.5   147.1     7.6
q7       26.8    43.5    16.7

=== Final result ===
p_d = [529.1, -35.6, -133.3] mm
p_EE = [535.9, -42.1, 25.2] mm
e_p = [-6.9, 6.5, -158.5] mm
position_error = 158.76 mm
e_R = [0.95, -2.38, -0.09] deg
rotation_error = 2.56 deg
csv: surface_grinding_controller_log.csv
