
Press Enter to recover and configure the robot.
Robot recovered or already ready.
Collision: custom thresholds.

=== Startup choice ===
  q = go to q_init (from params/common.txt), then choose again
  g = guiding mode: go to q_init, then hand-guide to your pose;
      use s+Enter for sequence or h+Enter for hold
  o = open the Franka hand now (release/load tool), then choose again
  c = close/grasp the tool now, then choose again
  r = continue to run mode (available after q_init is reached)
Choice [q/g/o/c/r, Enter = q]: Moving to q_init...
q_init reached.

=== Startup choice ===
  q = go to q_init (from params/common.txt), then choose again
  g = guiding mode: go to q_init, then hand-guide to your pose;
      use s+Enter for sequence or h+Enter for hold
  o = open the Franka hand now (release/load tool), then choose again
  c = close/grasp the tool now, then choose again
  r = continue to run mode
Choice [q/g/o/c/r, Enter = q]: 
=== Run mode ===
  s = phase sequence (approach / set up / grind)
  h = hold at the start pose
Choice [s/h, Enter = s]: Selected: phase sequence. Nullspace mode from parameters: nullspace_damping_plus_sigma.

=== Setup ===
run: phase sequence | approach_orient: on | nullspace: nullspace_damping_plus_sigma
nullspace parameters: d_null=2.000 | k_sigma=1.000 Nm | alpha=0.0800 rad
hold: Kp=300.0 N/m | KR=40.0 Nm/rad | damping=auto translation+rotation (factor fitted online toward Dp=50.0 Ns/m)
manual_guidance_start: off | manual_damping=0.50
descend: clearance=20.0 mm | speed=0.100 m/s | max_distance=640 mm
alignment push: start=captured | end=+180 mm | speed=0.050 m/s | ramp_time~=4.0 s | timeout=12.0 s | moment_threshold=150.0 Nm
grind: sweep | axis=tangent2 | amplitude=30 mm | frequency=0.20 Hz
coupled stiffness: apply=off | saved=yes | pole=manual
gates: pause_before_set_up=on | pause_auto_damping=on | pause_before_grind=off | debug_period=0.20 s
alignment-target normal=[+0.087, -0.000, +0.996] | tilt a(x)=0.0 deg, b(y)=5.0 deg (from angles)
tool face: 40 x 120 mm | center offset EE=[+0.0, +0.0, +20.0] mm
Gripper already holding the tool (width 65.0 mm); keeping grasp.
Press e+Enter to stop the controller before the duration expires.
During hold: press g+Enter to hand-guide the tool, then p+Enter to recapture and resume hold.
experiment_duration <= 0: running indefinitely until e + Enter.

=== Start pose ===
q_start = [-2.8, 18.1, -5.1, -122.8, 17.5, 139.5, 26.8] deg
p_start = [565.1, -59.5, 151.1] mm

=== Run ===
phase: approach_orient
orient:     t=  0.0 s | axis_err= 11.5 deg | rot_err= 11.5 deg
approach Dp        auto=[ 134.14,   97.25,  122.28]  manual=[  20.00,   20.00,   20.00] Ns/m
approach DR        auto=[  12.73,   16.36,    4.08]  manual=[  12.00,   12.00,   12.00] Nms/rad
orient:     t=  0.2 s | axis_err=  4.5 deg | rot_err=  4.5 deg
orient:     t=  0.4 s | axis_err=  2.3 deg | rot_err=  2.3 deg

Orientation reached: axis_err=1.9 deg
phase: approach_descend
descend:    t=  0.0 s | distance=   0.1 mm | height= +98.1 mm (target 20.0) | force= -0.0 N
descend:    t=  0.2 s | distance=  20.1 mm | height= +86.1 mm (target 20.0) | force=  0.2 N
descend:    t=  0.4 s | distance=  40.1 mm | height= +69.3 mm (target 20.0) | force=  1.5 N
descend:    t=  0.6 s | distance=  60.2 mm | height= +51.8 mm (target 20.0) | force=  2.2 N
descend:    t=  0.8 s | distance=  80.3 mm | height= +34.2 mm (target 20.0) | force=  1.3 N

[GATE] Reached 20 mm above the plane. Press Enter to start the set-up press (e+Enter stops).
pause auto damping: fitted Dp factor=0.551, DR factor=1.960
pause Dp [xyz]     auto=[ 206.55,  155.28,  224.86]  manual=[ 200.00,  200.00,  200.00] Ns/m
pause DR [t1t2n]   auto=[  11.74,   17.28,    2.04]  manual=[  12.73,   16.36,    4.08] Nms/rad
[GATE] Continuing to the set-up press.
descend:    t=  1.2 s | distance=  96.7 mm | height= +19.5 mm (target 20.0) | force=  0.6 N

Clearance reached: distance=96.7 mm | height=19.5 mm | target=20.0 mm | force=0.6 N (not used for the switch)
offset_ee = [20.0, 60.0, 20.0] mm
p_EE_at_contact = [546.4, -66.0, 65.5] mm
contact_point = [560.1, -126.7, 24.1] mm
edge_offset_base = [13.7, -60.7, -41.4] mm
phase: set_up
set_up Dp [xyz]    auto=[ 237.05,  178.23,  108.09]  manual=[  10.00,   10.00,  175.00] Ns/m
set_up DR [t1t2n]  auto=[   1.41,    2.07,    0.77]  manual=[  10.01,   10.01,   10.00] Nms/rad
set_up:     t=  0.0 s | tip=  0.0 deg | F=  0.0 N | M=  0.0 Nm (limit 150.0) | edge= 19.5 mm
set_up:     t=  0.2 s | tip=  0.5 deg | F=  0.7 N | M=  0.2 Nm (limit 150.0) | edge= 13.6 mm
set_up:     t=  0.4 s | tip=  1.0 deg | F=  1.8 N | M=  0.7 Nm (limit 150.0) | edge=  6.6 mm
set_up:     t=  0.6 s | tip=  1.3 deg | F=  2.9 N | M=  1.2 Nm (limit 150.0) | edge=  4.1 mm
set_up:     t=  0.8 s | tip=  1.5 deg | F=  2.1 N | M=  0.8 Nm (limit 150.0) | edge= 12.2 mm
set_up:     t=  1.0 s | tip=  2.0 deg | F= 11.4 N | M=  5.8 Nm (limit 150.0) | edge= 19.6 mm
set_up:     t=  1.2 s | tip=  2.0 deg | F= 12.4 N | M=  6.8 Nm (limit 150.0) | edge= 19.6 mm
set_up:     t=  1.4 s | tip=  2.0 deg | F= 16.3 N | M=  8.9 Nm (limit 150.0) | edge= 19.7 mm
set_up:     t=  1.6 s | tip=  2.0 deg | F= 20.1 N | M= 10.9 Nm (limit 150.0) | edge= 19.9 mm
set_up:     t=  1.8 s | tip=  2.0 deg | F= 23.8 N | M= 12.8 Nm (limit 150.0) | edge= 20.0 mm
set_up:     t=  2.0 s | tip=  2.0 deg | F= 27.5 N | M= 14.6 Nm (limit 150.0) | edge= 20.1 mm
set_up:     t=  2.2 s | tip=  2.1 deg | F= 31.1 N | M= 16.4 Nm (limit 150.0) | edge= 20.3 mm
set_up:     t=  2.4 s | tip=  2.1 deg | F= 34.7 N | M= 18.3 Nm (limit 150.0) | edge= 20.4 mm
set_up:     t=  2.6 s | tip=  2.1 deg | F= 38.5 N | M= 20.2 Nm (limit 150.0) | edge= 20.6 mm
set_up:     t=  2.8 s | tip=  2.3 deg | F= 41.7 N | M= 21.7 Nm (limit 150.0) | edge= 20.8 mm
set_up:     t=  3.0 s | tip=  2.4 deg | F= 46.0 N | M= 24.0 Nm (limit 150.0) | edge= 21.0 mm
set_up:     t=  3.2 s | tip=  2.4 deg | F= 49.8 N | M= 25.8 Nm (limit 150.0) | edge= 21.1 mm
set_up:     t=  3.4 s | tip=  2.4 deg | F= 53.6 N | M= 27.6 Nm (limit 150.0) | edge= 21.3 mm
set_up:     t=  3.6 s | tip=  2.5 deg | F= 57.3 N | M= 29.5 Nm (limit 150.0) | edge= 21.4 mm
set_up:     t=  3.8 s | tip=  2.5 deg | F= 60.8 N | M= 31.1 Nm (limit 150.0) | edge= 21.5 mm
set_up:     t=  4.0 s | tip=  2.5 deg | F= 65.0 N | M= 33.3 Nm (limit 150.0) | edge= 21.6 mm
set_up:     t=  4.2 s | tip=  2.5 deg | F= 60.9 N | M= 30.9 Nm (limit 150.0) | edge= 21.5 mm
set_up:     t=  4.4 s | tip=  2.5 deg | F= 60.8 N | M= 30.9 Nm (limit 150.0) | edge= 21.5 mm
set_up:     t=  4.6 s | tip=  2.5 deg | F= 60.8 N | M= 30.9 Nm (limit 150.0) | edge= 21.5 mm
set_up:     t=  4.8 s | tip=  2.5 deg | F= 60.8 N | M= 30.9 Nm (limit 150.0) | edge= 21.5 mm
set_up:     t=  5.0 s | tip=  2.5 deg | F= 60.7 N | M= 30.8 Nm (limit 150.0) | edge= 21.5 mm
set_up:     t=  5.2 s | tip=  2.5 deg | F= 60.7 N | M= 30.8 Nm (limit 150.0) | edge= 21.5 mm
set_up:     t=  5.4 s | tip=  2.5 deg | F= 60.7 N | M= 30.8 Nm (limit 150.0) | edge= 21.5 mm
set_up:     t=  5.6 s | tip=  2.5 deg | F= 60.7 N | M= 30.8 Nm (limit 150.0) | edge= 21.6 mm
set_up:     t=  5.8 s | tip=  2.5 deg | F= 60.7 N | M= 30.8 Nm (limit 150.0) | edge= 21.5 mm
set_up:     t=  6.0 s | tip=  2.5 deg | F= 60.6 N | M= 30.8 Nm (limit 150.0) | edge= 21.5 mm
set_up:     t=  6.2 s | tip=  2.5 deg | F= 60.5 N | M= 30.7 Nm (limit 150.0) | edge= 21.6 mm
set_up:     t=  6.4 s | tip=  2.5 deg | F= 60.6 N | M= 30.8 Nm (limit 150.0) | edge= 21.5 mm
set_up:     t=  6.6 s | tip=  2.5 deg | F= 60.8 N | M= 30.9 Nm (limit 150.0) | edge= 21.5 mm
set_up:     t=  6.8 s | tip=  2.5 deg | F= 60.6 N | M= 30.7 Nm (limit 150.0) | edge= 21.6 mm
set_up:     t=  7.0 s | tip=  2.5 deg | F= 60.6 N | M= 30.7 Nm (limit 150.0) | edge= 21.6 mm
set_up:     t=  7.2 s | tip=  2.5 deg | F= 60.6 N | M= 30.7 Nm (limit 150.0) | edge= 21.5 mm
set_up:     t=  7.4 s | tip=  2.5 deg | F= 60.5 N | M= 30.7 Nm (limit 150.0) | edge= 21.6 mm
set_up:     t=  7.6 s | tip=  2.5 deg | F= 60.5 N | M= 30.7 Nm (limit 150.0) | edge= 21.5 mm
set_up:     t=  7.8 s | tip=  2.5 deg | F= 60.5 N | M= 30.7 Nm (limit 150.0) | edge= 21.6 mm
set_up:     t=  8.0 s | tip=  2.5 deg | F= 60.5 N | M= 30.7 Nm (limit 150.0) | edge= 21.6 mm
set_up:     t=  8.2 s | tip=  2.5 deg | F= 60.5 N | M= 30.6 Nm (limit 150.0) | edge= 21.6 mm
set_up:     t=  8.4 s | tip=  2.5 deg | F= 60.5 N | M= 30.6 Nm (limit 150.0) | edge= 21.6 mm
set_up:     t=  8.6 s | tip=  2.5 deg | F= 60.5 N | M= 30.7 Nm (limit 150.0) | edge= 21.6 mm
set_up:     t=  8.8 s | tip=  2.5 deg | F= 60.5 N | M= 30.6 Nm (limit 150.0) | edge= 21.6 mm
set_up:     t=  9.0 s | tip=  2.5 deg | F= 60.5 N | M= 30.7 Nm (limit 150.0) | edge= 21.6 mm
set_up:     t=  9.2 s | tip=  2.5 deg | F= 60.5 N | M= 30.7 Nm (limit 150.0) | edge= 21.6 mm
set_up:     t=  9.4 s | tip=  2.5 deg | F= 60.5 N | M= 30.7 Nm (limit 150.0) | edge= 21.6 mm
set_up:     t=  9.6 s | tip=  2.5 deg | F= 60.5 N | M= 30.6 Nm (limit 150.0) | edge= 21.6 mm
set_up:     t=  9.8 s | tip=  2.5 deg | F= 60.5 N | M= 30.6 Nm (limit 150.0) | edge= 21.6 mm
set_up:     t= 10.0 s | tip=  2.5 deg | F= 60.5 N | M= 30.6 Nm (limit 150.0) | edge= 21.6 mm
set_up:     t= 10.2 s | tip=  2.5 deg | F= 60.5 N | M= 30.6 Nm (limit 150.0) | edge= 21.6 mm
set_up:     t= 10.4 s | tip=  2.5 deg | F= 60.5 N | M= 30.6 Nm (limit 150.0) | edge= 21.6 mm
set_up:     t= 10.6 s | tip=  2.5 deg | F= 60.5 N | M= 30.6 Nm (limit 150.0) | edge= 21.6 mm
set_up:     t= 10.8 s | tip=  2.5 deg | F= 60.5 N | M= 30.6 Nm (limit 150.0) | edge= 21.6 mm
set_up:     t= 11.0 s | tip=  2.5 deg | F= 60.4 N | M= 30.6 Nm (limit 150.0) | edge= 21.6 mm
set_up:     t= 11.2 s | tip=  2.5 deg | F= 60.4 N | M= 30.6 Nm (limit 150.0) | edge= 21.6 mm
set_up:     t= 11.4 s | tip=  2.5 deg | F= 60.4 N | M= 30.6 Nm (limit 150.0) | edge= 21.6 mm
set_up:     t= 11.6 s | tip=  2.5 deg | F= 60.4 N | M= 30.6 Nm (limit 150.0) | edge= 21.6 mm
set_up:     t= 11.8 s | tip=  2.5 deg | F= 60.4 N | M= 30.6 Nm (limit 150.0) | edge= 21.6 mm

=== Set-up result ===
stop: time | t=12.0 s | tip=2.5 deg | F=60.4 N | M=30.6 Nm
edge_from_contact = [-5.7, +0.5, -20.8] mm | norm=21.6 mm
tcp_from_contact  = [-20.8, +61.3, +0.9] mm | norm=64.8 mm
alignment: before=0.45 deg | after=2.57 deg | gain=-2.12 deg

=== Set-up surface-frame breakdown ===
frame: alignment-target [tangent1, tangent2, normal]
force        [N]      = [   -15.38,     -2.80,    -58.38]
tcp_disp     [mm]     = [    -3.54,     +0.66,    -40.94]
edge_disp    [mm]     = [    -3.91,     +0.48,    -21.19]
Kp_eff=F/tcp [N/m]    = [   4347.8,   -4248.0,    1425.7]
moment@edge  [Nm]     = [    +2.18,    +28.62,     -1.86]
tip_angle    [deg]    = [    +0.86,     -2.35,     -0.44]
KR_eff=M/ang [Nm/rad] = [    144.8,    -697.2,     242.9]

finite_axis: angle=2.5 deg | axis_from_edge=[-437.9, -176.1, +105.9] mm | dir=[-0.323, +0.925, +0.201] | pitch=-42.4 mm/rad
(coupled_K_tcp/coupled_D_tcp queued for the next run)

=== Coupled stiffness from the measured pole ===
source spring K_pole/D_pole (diagonal, from parameters):
  Kp [N/m]     = [2000, 2000, 350]
  KR [Nm/rad]  = [5, 5, 50]
  Dp [Ns/m]    = [10, 10, 175]
  DR [Nms/rad] = [10.01, 10.01, 10]

poles compared (lever r_c = TCP - pole):
  (A) measured axis : angle=2.5 deg | pitch=-42.4 mm/rad
      pole_from_edge = [-431.6, -178.3, 126.3] mm
      r_c            = [416.5, 239.2, -104.6] mm
  (B) manual pole   : comparison only, contact reference
      pole_from_edge = [-34.3, 79.5, 20.8] mm
      r_c            = [26.3, -19.3, 41.4] mm
      r_c(B)-r_c(A)  = [-390.2, -258.5, 146.0] mm

K_TCP = Ad^T K_pole Ad  [rows fx..mz | cols tx..rz]:
  (A) measured axis:
           tx        ty        tz    |    rx        ry        rz
  fx [    2000        0        0 |        0    209.2    478.4 ]
  fy [       0     2000        0 |   -209.2        0     -833 ]
  fz [       0        0      350 |   -83.72    145.8        0 ]
     ---------------------------+---------------------------
  mx [       0   -209.2   -83.72 |    47.25   -34.87    91.04 ]
  my [   209.2        0    145.8 |   -34.87     87.6    50.04 ]
  mz [   478.4     -833        0 |    91.04    50.04    511.1 ]
  (A) K_TCP eigenvalues = [4.018, 4.976, 40.3, 430.6, 2023, 2493] -> PSD ok (>=0) (min=4.018)
  (B) manual pole:
           tx        ty        tz    |    rx        ry        rz
  fx [    2000        0        0 |        0   -82.76   -38.65 ]
  fy [       0     2000        0 |    82.76        0   -52.55 ]
  fz [       0        0      350 |    6.763    9.196        0 ]
     ---------------------------+---------------------------
  mx [       0    82.76    6.763 |    8.897   0.1777    1.733 ]
  my [  -82.76        0    9.196 |   0.1777    8.666    1.599 ]
  mz [  -38.65   -52.55        0 |    1.733    1.599    51.79 ]
  (B) K_TCP eigenvalues = [4.986, 4.991, 49.95, 350.4, 2003, 2006] -> PSD ok (>=0) (min=4.986)

D_TCP = Ad^T D_pole Ad:
  (A) measured axis:
           tx        ty        tz    |    rx        ry        rz
  fx [   237.1        0        0 |        0     24.8     56.7 ]
  fy [       0    178.2        0 |   -18.64        0   -74.24 ]
  fz [       0        0    108.1 |   -25.85    45.02        0 ]
     ---------------------------+---------------------------
  mx [       0   -18.64   -25.85 |     9.54   -10.77     7.71 ]
  my [    24.8        0    45.02 |   -10.77    23.42    5.931 ]
  mz [    56.7   -74.24        0 |     7.71    5.931    45.26 ]
  (A) D_TCP eigenvalues = [0.6253, 1.298, 1.805, 132.7, 203.3, 261.8] -> PSD ok (>=0) (min=0.6253)
  (B) manual pole:
           tx        ty        tz    |    rx        ry        rz
  fx [   237.1        0        0 |        0   -9.809   -4.581 ]
  fy [       0    178.2        0 |    7.375        0   -4.683 ]
  fz [       0        0    108.1 |    2.089     2.84        0 ]
     ---------------------------+---------------------------
  mx [       0    7.375    2.089 |    1.752  0.05488   -0.249 ]
  my [  -9.809        0     2.84 |  0.05488    2.554   0.1896 ]
  mz [  -4.581   -4.683        0 |   -0.249   0.1896   0.9909 ]
  (B) D_TCP eigenvalues = [0.7738, 1.408, 2.068, 108.2, 178.7, 237.6] -> PSD ok (>=0) (min=0.7738)
phase: grind

Stop requested with e + Enter. Finishing control loop...
params/sequence.txt updated after control loop (73 queued values).

Joint motion [deg]:
joint    start   final   delta
------------------------------
q1       -2.8    -1.8     0.9
q2       18.1    32.3    14.2
q3       -5.1    -2.5     2.7
q4     -122.8  -121.9     0.9
q5       17.5     0.9   -16.7
q6      139.5   146.4     6.9
q7       26.8    42.7    15.9

=== Final result ===
p_d = [529.0, -44.8, -133.3] mm
p_EE = [536.4, -43.3, 25.4] mm
e_p = [-7.3, -1.5, -158.7] mm
position_error = 158.90 mm
e_R = [0.71, -2.74, -0.10] deg
rotation_error = 2.83 deg
csv: surface_grinding_controller_log.csv
