
Press Enter to recover and configure the robot.
Robot recovered or already ready.
Collision: custom thresholds.

=== Startup choice ===
  q = go to q_init (from params/common.txt), then choose again
  g = guiding mode: go to q_init, then hand-guide to your pose;
      use s+Enter for sequence or h+Enter for hold
  o = open the Franka hand now (release/load tool), then choose again
  c = close/grasp the tool now, then choose again
  r = continue to run mode (available after q_init is reached)
Choice [q/g/o/c/r, Enter = q]: Moving to q_init...
q_init reached.

=== Startup choice ===
  q = go to q_init (from params/common.txt), then choose again
  g = guiding mode: go to q_init, then hand-guide to your pose;
      use s+Enter for sequence or h+Enter for hold
  o = open the Franka hand now (release/load tool), then choose again
  c = close/grasp the tool now, then choose again
  r = continue to run mode
Choice [q/g/o/c/r, Enter = q]: 
=== Run mode ===
  s = phase sequence (approach / set up / grind)
  h = hold at the start pose
Choice [s/h, Enter = s]: Selected: phase sequence. Nullspace mode from parameters: nullspace_damping_plus_sigma.

=== Setup ===
run: phase sequence | approach_orient: on | nullspace: nullspace_damping_plus_sigma
nullspace parameters: d_null=2.000 | k_sigma=1.000 Nm | alpha=0.0800 rad
hold: Kp=300.0 N/m | KR=40.0 Nm/rad | damping=auto translation+rotation (factor fitted online toward Dp=50.0 Ns/m)
manual_guidance_start: off | manual_damping=0.50
descend: clearance=20.0 mm | speed=0.100 m/s | max_distance=640 mm
alignment push: start=captured | end=+180 mm | speed=0.050 m/s | ramp_time~=4.0 s | timeout=12.0 s | moment_threshold=150.0 Nm
grind: sweep | axis=tangent2 | amplitude=30 mm | frequency=0.20 Hz
coupled stiffness: apply=on | saved=yes | pole=manual
gates: pause_before_set_up=on | pause_auto_damping=on | pause_before_grind=off | debug_period=0.20 s
alignment-target normal=[+0.087, -0.000, +0.996] | tilt a(x)=0.0 deg, b(y)=5.0 deg (from angles)
tool face: 40 x 120 mm | center offset EE=[+0.0, +0.0, +20.0] mm
Gripper already holding the tool (width 65.0 mm); keeping grasp.
Press e+Enter to stop the controller before the duration expires.
During hold: press g+Enter to hand-guide the tool, then p+Enter to recapture and resume hold.
experiment_duration <= 0: running indefinitely until e + Enter.

=== Start pose ===
q_start = [-2.8, 18.1, -5.1, -122.8, 17.5, 139.5, 26.8] deg
p_start = [565.0, -59.5, 151.0] mm

=== Run ===
phase: approach_orient
orient:     t=  0.0 s | axis_err= 11.4 deg | rot_err= 11.4 deg
approach Dp        auto=[ 134.13,   97.25,  122.30]  manual=[  20.00,   20.00,   20.00] Ns/m
approach DR        auto=[  12.73,   16.36,    4.08]  manual=[  12.00,   12.00,   12.00] Nms/rad
orient:     t=  0.2 s | axis_err=  4.6 deg | rot_err=  4.6 deg
orient:     t=  0.4 s | axis_err=  2.3 deg | rot_err=  2.3 deg

Orientation reached: axis_err=1.9 deg
phase: approach_descend
descend:    t=  0.0 s | distance=   0.1 mm | height= +97.1 mm (target 20.0) | force=  0.0 N
descend:    t=  0.2 s | distance=  20.1 mm | height= +85.2 mm (target 20.0) | force=  0.1 N
descend:    t=  0.4 s | distance=  40.1 mm | height= +68.4 mm (target 20.0) | force=  1.7 N
descend:    t=  0.6 s | distance=  60.3 mm | height= +50.7 mm (target 20.0) | force=  2.6 N
descend:    t=  0.8 s | distance=  80.4 mm | height= +32.7 mm (target 20.0) | force=  1.3 N

[GATE] Reached 20 mm above the plane. Press Enter to start the set-up press (e+Enter stops).
pause auto damping: fitted Dp factor=0.551, DR factor=1.963
pause Dp [xyz]     auto=[ 206.41,  155.18,  225.03]  manual=[ 200.00,  200.00,  200.00] Ns/m
pause DR [t1t2n]   auto=[  11.74,   17.28,    2.04]  manual=[  12.73,   16.36,    4.08] Nms/rad
[GATE] Continuing to the set-up press.
descend:    t=  1.4 s | distance=  94.7 mm | height= +19.5 mm (target 20.0) | force=  0.4 N

Clearance reached: distance=94.7 mm | height=19.5 mm | target=20.0 mm | force=0.4 N (not used for the switch)
offset_ee = [0.0, 60.0, 20.0] mm
p_EE_at_contact = [545.3, -65.7, 65.5] mm
contact_point = [539.2, -125.5, 25.9] mm
edge_offset_base = [-6.1, -59.8, -39.6] mm
phase: set_up
set_up Dp [xyz]    auto=[ 236.92,  178.15,  108.21]  manual=[  10.00,   10.00,  175.00] Ns/m
set_up DR [t1t2n]  auto=[   1.41,    2.07,    0.77]  manual=[  10.01,   10.01,   10.00] Nms/rad
set_up:     t=  0.0 s | tip=  0.0 deg | F=  0.0 N | M=  0.0 Nm (limit 150.0) | edge= 19.5 mm
set_up:     t=  0.2 s | tip=  0.5 deg | F=  1.3 N | M=  0.5 Nm (limit 150.0) | edge= 13.6 mm
set_up:     t=  0.4 s | tip=  0.9 deg | F=  2.4 N | M=  1.1 Nm (limit 150.0) | edge=  6.1 mm
set_up:     t=  0.6 s | tip=  1.3 deg | F=  1.9 N | M=  0.7 Nm (limit 150.0) | edge=  5.7 mm
set_up:     t=  0.8 s | tip=  2.0 deg | F=  1.6 N | M=  0.6 Nm (limit 150.0) | edge= 14.3 mm
set_up:     t=  1.0 s | tip=  2.3 deg | F=  9.4 N | M=  5.2 Nm (limit 150.0) | edge= 19.1 mm
set_up:     t=  1.2 s | tip=  2.3 deg | F= 12.9 N | M=  7.1 Nm (limit 150.0) | edge= 19.8 mm
set_up:     t=  1.4 s | tip=  2.4 deg | F= 17.0 N | M=  9.1 Nm (limit 150.0) | edge= 20.1 mm
set_up:     t=  1.6 s | tip=  2.4 deg | F= 20.2 N | M= 10.8 Nm (limit 150.0) | edge= 20.2 mm
set_up:     t=  1.8 s | tip=  2.4 deg | F= 23.7 N | M= 12.6 Nm (limit 150.0) | edge= 20.3 mm
set_up:     t=  2.0 s | tip=  2.4 deg | F= 27.2 N | M= 14.3 Nm (limit 150.0) | edge= 20.4 mm
set_up:     t=  2.2 s | tip=  2.4 deg | F= 30.4 N | M= 15.9 Nm (limit 150.0) | edge= 20.5 mm
set_up:     t=  2.4 s | tip=  2.3 deg | F= 34.1 N | M= 17.7 Nm (limit 150.0) | edge= 20.7 mm
set_up:     t=  2.6 s | tip=  2.2 deg | F= 38.0 N | M= 19.5 Nm (limit 150.0) | edge= 20.8 mm
set_up:     t=  2.8 s | tip=  2.1 deg | F= 42.4 N | M= 21.8 Nm (limit 150.0) | edge= 20.9 mm
set_up:     t=  3.0 s | tip=  1.9 deg | F= 47.1 N | M= 24.1 Nm (limit 150.0) | edge= 21.0 mm
set_up:     t=  3.2 s | tip=  1.4 deg | F= 51.0 N | M= 26.2 Nm (limit 150.0) | edge= 21.0 mm
set_up:     t=  3.4 s | tip=  1.1 deg | F= 53.6 N | M= 27.4 Nm (limit 150.0) | edge= 21.2 mm
set_up:     t=  3.6 s | tip=  1.0 deg | F= 57.6 N | M= 29.4 Nm (limit 150.0) | edge= 21.3 mm
set_up:     t=  3.8 s | tip=  0.7 deg | F= 61.7 N | M= 31.6 Nm (limit 150.0) | edge= 21.1 mm
set_up:     t=  4.0 s | tip=  0.8 deg | F= 64.8 N | M= 33.2 Nm (limit 150.0) | edge= 21.0 mm
set_up:     t=  4.2 s | tip=  1.0 deg | F= 59.2 N | M= 30.2 Nm (limit 150.0) | edge= 20.9 mm
set_up:     t=  4.4 s | tip=  1.0 deg | F= 59.3 N | M= 30.3 Nm (limit 150.0) | edge= 20.9 mm
set_up:     t=  4.6 s | tip=  1.0 deg | F= 59.2 N | M= 30.2 Nm (limit 150.0) | edge= 20.9 mm
set_up:     t=  4.8 s | tip=  1.0 deg | F= 59.3 N | M= 30.3 Nm (limit 150.0) | edge= 20.9 mm
set_up:     t=  5.0 s | tip=  1.0 deg | F= 59.2 N | M= 30.2 Nm (limit 150.0) | edge= 20.9 mm
set_up:     t=  5.2 s | tip=  1.0 deg | F= 59.2 N | M= 30.2 Nm (limit 150.0) | edge= 20.9 mm
set_up:     t=  5.4 s | tip=  1.0 deg | F= 59.5 N | M= 30.4 Nm (limit 150.0) | edge= 20.9 mm
set_up:     t=  5.6 s | tip=  1.0 deg | F= 59.2 N | M= 30.2 Nm (limit 150.0) | edge= 20.9 mm
set_up:     t=  5.8 s | tip=  1.0 deg | F= 59.1 N | M= 30.2 Nm (limit 150.0) | edge= 20.9 mm
set_up:     t=  6.0 s | tip=  1.0 deg | F= 59.1 N | M= 30.2 Nm (limit 150.0) | edge= 20.9 mm
set_up:     t=  6.2 s | tip=  1.0 deg | F= 59.0 N | M= 30.1 Nm (limit 150.0) | edge= 20.9 mm
set_up:     t=  6.4 s | tip=  1.0 deg | F= 59.0 N | M= 30.1 Nm (limit 150.0) | edge= 20.9 mm
set_up:     t=  6.6 s | tip=  1.0 deg | F= 59.2 N | M= 30.2 Nm (limit 150.0) | edge= 20.9 mm
set_up:     t=  6.8 s | tip=  1.0 deg | F= 59.2 N | M= 30.2 Nm (limit 150.0) | edge= 20.9 mm
set_up:     t=  7.0 s | tip=  1.1 deg | F= 59.3 N | M= 30.1 Nm (limit 150.0) | edge= 20.9 mm
set_up:     t=  7.2 s | tip=  1.2 deg | F= 59.2 N | M= 30.0 Nm (limit 150.0) | edge= 20.9 mm
set_up:     t=  7.4 s | tip=  1.2 deg | F= 59.1 N | M= 30.0 Nm (limit 150.0) | edge= 20.9 mm
set_up:     t=  7.6 s | tip=  1.4 deg | F= 59.1 N | M= 30.0 Nm (limit 150.0) | edge= 20.8 mm
set_up:     t=  7.8 s | tip=  1.5 deg | F= 59.3 N | M= 30.2 Nm (limit 150.0) | edge= 20.8 mm
set_up:     t=  8.0 s | tip=  1.7 deg | F= 59.5 N | M= 30.4 Nm (limit 150.0) | edge= 20.7 mm
set_up:     t=  8.2 s | tip=  1.8 deg | F= 59.7 N | M= 30.5 Nm (limit 150.0) | edge= 20.7 mm
set_up:     t=  8.4 s | tip=  1.9 deg | F= 59.6 N | M= 30.5 Nm (limit 150.0) | edge= 20.7 mm
set_up:     t=  8.6 s | tip=  1.9 deg | F= 59.5 N | M= 30.5 Nm (limit 150.0) | edge= 20.7 mm
set_up:     t=  8.8 s | tip=  1.9 deg | F= 59.6 N | M= 30.5 Nm (limit 150.0) | edge= 20.7 mm
set_up:     t=  9.0 s | tip=  1.9 deg | F= 59.4 N | M= 30.5 Nm (limit 150.0) | edge= 20.7 mm
set_up:     t=  9.2 s | tip=  1.9 deg | F= 59.4 N | M= 30.5 Nm (limit 150.0) | edge= 20.7 mm
set_up:     t=  9.4 s | tip=  1.9 deg | F= 59.4 N | M= 30.5 Nm (limit 150.0) | edge= 20.7 mm
set_up:     t=  9.6 s | tip=  1.9 deg | F= 59.3 N | M= 30.5 Nm (limit 150.0) | edge= 20.7 mm
set_up:     t=  9.8 s | tip=  1.9 deg | F= 59.4 N | M= 30.5 Nm (limit 150.0) | edge= 20.7 mm
set_up:     t= 10.0 s | tip=  1.9 deg | F= 59.3 N | M= 30.5 Nm (limit 150.0) | edge= 20.7 mm
set_up:     t= 10.2 s | tip=  1.9 deg | F= 59.3 N | M= 30.5 Nm (limit 150.0) | edge= 20.7 mm
set_up:     t= 10.4 s | tip=  1.9 deg | F= 59.3 N | M= 30.5 Nm (limit 150.0) | edge= 20.7 mm
set_up:     t= 10.6 s | tip=  1.9 deg | F= 59.3 N | M= 30.4 Nm (limit 150.0) | edge= 20.7 mm
set_up:     t= 10.8 s | tip=  1.9 deg | F= 59.3 N | M= 30.5 Nm (limit 150.0) | edge= 20.7 mm
set_up:     t= 11.0 s | tip=  1.9 deg | F= 59.3 N | M= 30.4 Nm (limit 150.0) | edge= 20.7 mm
set_up:     t= 11.2 s | tip=  1.9 deg | F= 59.3 N | M= 30.5 Nm (limit 150.0) | edge= 20.7 mm
set_up:     t= 11.4 s | tip=  1.9 deg | F= 59.3 N | M= 30.5 Nm (limit 150.0) | edge= 20.7 mm
set_up:     t= 11.6 s | tip=  1.9 deg | F= 59.3 N | M= 30.5 Nm (limit 150.0) | edge= 20.7 mm
set_up:     t= 11.8 s | tip=  1.9 deg | F= 59.2 N | M= 30.4 Nm (limit 150.0) | edge= 20.7 mm

=== Set-up result ===
stop: time | t=12.0 s | tip=1.9 deg | F=59.3 N | M=30.4 Nm
edge_from_contact = [-6.5, +0.4, -19.7] mm | norm=20.7 mm
tcp_from_contact  = [-2.1, +60.4, -0.1] mm | norm=60.4 mm
alignment: before=0.41 deg | after=1.65 deg | gain=-1.24 deg

=== Set-up surface-frame breakdown ===
frame: alignment-target [tangent1, tangent2, normal]
force        [N]      = [    -5.67,     -2.98,    -58.95]
tcp_disp     [mm]     = [    -4.78,     +0.59,    -40.19]
edge_disp    [mm]     = [    -4.75,     +0.42,    -20.15]
Kp_eff=F/tcp [N/m]    = [   1185.7,   -5044.2,    1466.8]
moment@edge  [Nm]     = [    +3.73,    +29.55,     -1.80]
tip_angle    [deg]    = [    +0.57,     +1.73,     +0.56]
KR_eff=M/ang [Nm/rad] = [    374.7,     981.5,    -185.5]

finite_axis: angle=1.9 deg | axis_from_edge=[+539.5, -137.1, -190.7] mm | dir=[-0.324, -0.908, -0.265] | pitch=+209.2 mm/rad

=== Coupled stiffness from the measured pole ===
source spring K_pole/D_pole (diagonal, from parameters):
  Kp [N/m]     = [2000, 2000, 350]
  KR [Nm/rad]  = [5, 5, 50]
  Dp [Ns/m]    = [10, 10, 175]
  DR [Nms/rad] = [10.01, 10.01, 10]

poles compared (lever r_c = TCP - pole):
  (A) measured axis : angle=1.9 deg | pitch=+209.2 mm/rad
      pole_from_edge = [543.7, -143.8, -172.9] mm
      r_c            = [-539.4, 203.8, 192.5] mm
  (B) manual pole   : COMMANDED this run, contact reference
      pole_from_edge = [-26.4, -0.4, 102.8] mm
      r_c            = [39.0, 59.8, -43.6] mm
      r_c(B)-r_c(A)  = [578.4, -144.0, -236.1] mm

K_TCP = Ad^T K_pole Ad  [rows fx..mz | cols tx..rz]:
  (A) measured axis:
           tx        ty        tz    |    rx        ry        rz
  fx [    2000        0        0 |        0     -385    407.6 ]
  fy [       0     2000        0 |      385        0     1079 ]
  fz [       0        0      350 |   -71.34   -188.8        0 ]
     ---------------------------+---------------------------
  mx [       0      385   -71.34 |    93.98    38.48    211.5 ]
  my [    -385        0   -188.8 |    38.48    180.9   -78.46 ]
  mz [   407.6     1079        0 |    211.5   -78.46    714.5 ]
  (A) K_TCP eigenvalues = [3.642, 4.893, 37.13, 462.2, 2080, 2752] -> PSD ok (>=0) (min=3.642)
  (B) manual pole:
           tx        ty        tz    |    rx        ry        rz
  fx [    2000        0        0 |        0    87.24    119.6 ]
  fy [       0     2000        0 |   -87.24        0   -78.04 ]
  fz [       0        0      350 |   -20.93    13.66        0 ]
     ---------------------------+---------------------------
  mx [       0   -87.24   -20.93 |     10.4  -0.8166    7.311 ]
  my [   87.24        0    13.66 |  -0.8166    9.339    5.217 ]
  mz [   119.6   -78.04        0 |    7.311    5.217    59.85 ]
  (B) K_TCP eigenvalues = [4.965, 4.992, 49.73, 351.8, 2004, 2014] -> PSD ok (>=0) (min=4.965)

D_TCP = Ad^T D_pole Ad:
  (A) measured axis:
           tx        ty        tz    |    rx        ry        rz
  fx [   236.9        0        0 |        0    -45.6    48.29 ]
  fy [       0    178.1        0 |    34.29        0    96.09 ]
  fz [       0        0    108.2 |   -22.06   -58.36        0 ]
     ---------------------------+---------------------------
  mx [       0    34.29   -22.06 |     12.5     11.9    18.44 ]
  my [   -45.6        0   -58.36 |     11.9    42.33   -9.295 ]
  mz [   48.29    96.09        0 |    18.44   -9.295    62.44 ]
  (A) D_TCP eigenvalues = [0.5712, 1.279, 1.641, 141.4, 224, 271.7] -> PSD ok (>=0) (min=0.5712)
  (B) manual pole:
           tx        ty        tz    |    rx        ry        rz
  fx [   236.9        0        0 |        0    10.33    14.17 ]
  fy [       0    178.1        0 |   -7.771        0   -6.951 ]
  fz [       0        0    108.2 |   -6.471    4.222        0 ]
     ---------------------------+---------------------------
  mx [       0   -7.771   -6.471 |    2.131  -0.2525    0.248 ]
  my [   10.33        0    4.222 |  -0.2525    2.685    0.618 ]
  mz [   14.17   -6.951        0 |    0.248    0.618    1.897 ]
  (B) D_TCP eigenvalues = [0.7695, 1.402, 2.063, 108.8, 178.8, 238.2] -> PSD ok (>=0) (min=0.7695)
phase: grind

Stop requested with e + Enter. Finishing control loop...

Joint motion [deg]:
joint    start   final   delta
------------------------------
q1       -2.8    -6.1    -3.4
q2       18.1    31.5    13.4
q3       -5.1    -1.2     3.9
q4     -122.8  -124.8    -1.9
q5       17.5    -1.2   -18.8
q6      139.5   152.6    13.2
q7       26.8    41.1    14.4

=== Final result ===
p_d = [527.9, -64.0, -133.3] mm
p_EE = [535.2, -71.0, 25.4] mm
e_p = [-7.3, 7.0, -158.7] mm
position_error = 158.97 mm
e_R = [1.11, 1.32, -0.39] deg
rotation_error = 1.77 deg
csv: surface_grinding_controller_log.csv
