
====================================================================
  SURFACE GRINDING CONTROLLER
====================================================================
  robot              172.16.0.2
--------------------------------------------------------------------

Press Enter to recover and configure the robot.
  Robot recovered or already ready.

====================================================================
  STARTUP MODE
====================================================================
  run     s   run the phase sequence from q_init
          h   hold the q_init pose
          t   hold with the set-up impedance, to test those gains
          g   hand-guide the start pose, then choose
--------------------------------------------------------------------
  set up  q   go to q_init and inspect
          o   open the hand now
          c   grasp the tool now
          r   recalibrate the hand width, fingers empty
          f   fetch the tool from the holder
          b   put the tool back
--------------------------------------------------------------------
  quit    e   stop and quit
--------------------------------------------------------------------
  in a run    e stop | m menu | g hand-guide | s sequence | t hold
--------------------------------------------------------------------
Choice [s/h/t/g/q/o/c/r/f/b/e]: 
-- selected: phase sequence ----------------------------------------

-- moving to q_init ------------------------------------------------
  case               horizontal_table_search
  q1..q7 [deg]     = [0.8, 12.1, -0.5, -130.9, -0.2, 142.9, 44.7] deg
  horizontal_table_search = [0.014777, 0.210911, -0.009320, -2.284835, -0.002725, 2.493410, 0.780694] rad
  q_init reached.

-- start pose ------------------------------------------------------
  q_start          = [0.9, 12.1, -0.5, -130.9, -0.1, 142.9, 44.7] deg
  p_start          = [    531.4,       2.5,     156.9] mm

====================================================================
  RUN
====================================================================

-- phase: approach_orient ------------------------------------------
  Kp [t1,t2,n]     = [    150.0,     150.0,     150.0] N/m
  Dp [t1,t2,n]     = [    126.5,     103.6,     128.3] Ns/m     auto (factor 1.90)
  KR [t1,t2,n]     = [     90.0,      90.0,      90.0] Nm/rad
  DR [t1,t2,n]     = [     13.5,      15.8,       2.0] Nms/rad  auto (factor 1.90)
orient:     t=  0.0 s | axis_err=  8.6 deg | spin_err=  1.1 deg
orient:     t=  0.2 s | axis_err=  7.9 deg | spin_err=  0.5 deg
orient:     t=  0.4 s | axis_err=  5.6 deg | spin_err=  0.2 deg
orient:     t=  0.6 s | axis_err=  3.2 deg | spin_err=  0.3 deg
orient:     t=  0.8 s | axis_err=  2.7 deg | spin_err=  0.4 deg
orient:     t=  1.0 s | axis_err=  2.6 deg | spin_err=  0.4 deg
orient:     t=  1.2 s | axis_err=  2.5 deg | spin_err=  0.4 deg
orient:     t=  1.4 s | axis_err=  2.5 deg | spin_err=  0.4 deg
orient:     t=  1.6 s | axis_err=  2.5 deg | spin_err=  0.4 deg
orient:     t=  1.8 s | axis_err=  2.5 deg | spin_err=  0.4 deg
orient:     t=  2.0 s | axis_err=  2.5 deg | spin_err=  0.4 deg
orient:     t=  2.2 s | axis_err=  2.5 deg | spin_err=  0.4 deg
orient:     t=  2.4 s | axis_err=  2.5 deg | spin_err=  0.4 deg
orient:     t=  2.6 s | axis_err=  2.5 deg | spin_err=  0.4 deg
orient:     t=  2.8 s | axis_err=  2.5 deg | spin_err=  0.4 deg
orient:     t=  3.0 s | axis_err=  2.5 deg | spin_err=  0.4 deg
orient:     t=  3.2 s | axis_err=  2.5 deg | spin_err=  0.4 deg
orient:     t=  3.4 s | axis_err=  2.5 deg | spin_err=  0.4 deg
orient:     t=  3.6 s | axis_err=  2.5 deg | spin_err=  0.4 deg
orient:     t=  3.8 s | axis_err=  2.5 deg | spin_err=  0.4 deg
orient:     t=  4.0 s | axis_err=  2.5 deg | spin_err=  0.4 deg
orient:     t=  4.2 s | axis_err=  2.5 deg | spin_err=  0.4 deg
orient:     t=  4.4 s | axis_err=  2.4 deg | spin_err=  0.4 deg
orient:     t=  4.6 s | axis_err=  2.4 deg | spin_err=  0.4 deg
orient:     t=  4.8 s | axis_err=  2.4 deg | spin_err=  0.4 deg

Orientation settled short of the 2.0 deg gate after 5.0 s: axis_err=2.4 deg | spin_err=0.4 deg

-- phase: approach_descend -----------------------------------------
  Kp [t1,t2,n]     = [    150.0,     150.0,     150.0] N/m
  Dp [t1,t2,n]     = [    126.5,     103.6,     128.3] Ns/m     auto (factor 1.90)
  KR [t1,t2,n]     = [     90.0,      90.0,      90.0] Nm/rad
  DR [t1,t2,n]     = [     13.5,      15.8,       2.0] Nms/rad  auto (factor 1.90)
  descend to         20 mm clearance at 0.100 m/s
descend:    t=  0.0 s | distance=   0.1 mm | height=+135.3 mm (target 20.0) | force=  0.0 N
descend:    t=  0.2 s | distance=  20.1 mm | height=+124.7 mm (target 20.0) | force=  0.7 N
descend:    t=  0.4 s | distance=  40.1 mm | height=+108.1 mm (target 20.0) | force=  0.9 N
descend:    t=  0.6 s | distance=  60.1 mm | height= +91.1 mm (target 20.0) | force=  2.1 N
descend:    t=  0.8 s | distance=  80.1 mm | height= +73.6 mm (target 20.0) | force=  1.2 N
descend:    t=  1.0 s | distance= 100.1 mm | height= +55.7 mm (target 20.0) | force=  1.4 N
descend:    t=  1.2 s | distance= 120.1 mm | height= +37.4 mm (target 20.0) | force=  1.8 N

[GATE] Reached 20 mm above the plane. Press Enter to start the set-up press (e+Enter stops).

-- gate hold -------------------------------------------------------
  Kp [x,y,z]       = [   5000.0,    5000.0,    5000.0] N/m
  Dp [x,y,z]       = [    204.8,     150.8,     246.8] Ns/m     auto
  KR [t1,t2,n]     = [     90.0,      90.0,      90.0] Nm/rad
  DR [t1,t2,n]     = [     13.7,      12.1,       2.5] Nms/rad  auto
[GATE] Continuing to the set-up press.

Clearance reached: distance=138.9 mm | height=19.9 mm | target=20.0 mm | force=0.1 N (not used for the switch)
  offset_ee        = [    -20.0,      60.0,      20.0] mm
  p_EE_at_contact  = [    537.1,      11.5,      45.8] mm
  contact_point    = [    518.0,     -47.7,       1.4] mm
  edge_offset      = [    -19.1,     -59.3,     -44.3] mm

-- phase: set_up ---------------------------------------------------

-- set-up impedance ------------------------------------------------
  law                wrench = K_TCP*dx + D_TCP*dv
                     K_TCP  = Ad(r_c)^T * blkdiag(Kp,KR) * Ad(r_c)
  Kp [t1,t2,n]     = [   2000.0,    2000.0,     800.0] N/m
  Dp [t1,t2,n]     = [    213.4,     186.8,     172.0] Ns/m     auto
  KR [t1,t2,n]     = [      5.0,       5.0,      50.0] Nm/rad
  DR [t1,t2,n]     = [      1.8,       1.6,       1.1] Nms/rad  auto
  p_c [EE]         = [     26.4,     -36.7,     126.3] mm       the pole on the tool, from p_EE
  r_c [t1,t2,n]    = [     54.4,      25.4,     120.0] mm       commanded: p_TCP - p_c, in the plane
set_up:     t=  0.0 s | tip=  0.0 deg | F=  0.1 N | M=  0.1 Nm (limit 150.0) | edge= 19.8 mm
set_up:     t=  0.2 s | tip=  0.3 deg | F=  1.3 N | M=  1.9 Nm (limit 150.0) | edge= 10.8 mm
set_up:     t=  0.4 s | tip=  0.7 deg | F=  1.8 N | M=  2.1 Nm (limit 150.0) | edge=  4.6 mm
set_up:     t=  0.6 s | tip=  1.0 deg | F= 14.5 N | M=  8.8 Nm (limit 150.0) | edge=  0.8 mm
set_up:     t=  0.8 s | tip=  1.0 deg | F= 20.4 N | M= 12.0 Nm (limit 150.0) | edge=  0.9 mm
set_up:     t=  1.0 s | tip=  1.1 deg | F= 28.4 N | M= 16.5 Nm (limit 150.0) | edge=  1.1 mm
set_up:     t=  1.2 s | tip=  1.1 deg | F= 35.6 N | M= 20.5 Nm (limit 150.0) | edge=  1.3 mm
set_up:     t=  1.4 s | tip=  1.2 deg | F= 43.4 N | M= 24.8 Nm (limit 150.0) | edge=  1.5 mm
set_up:     t=  1.6 s | tip=  1.4 deg | F= 51.5 N | M= 29.3 Nm (limit 150.0) | edge=  1.8 mm
set_up:     t=  1.8 s | tip=  1.6 deg | F= 44.7 N | M= 25.7 Nm (limit 150.0) | edge=  1.6 mm
set_up:     t=  2.0 s | tip=  1.8 deg | F= 44.1 N | M= 25.5 Nm (limit 150.0) | edge=  1.6 mm
set_up:     t=  2.2 s | tip=  2.0 deg | F= 43.3 N | M= 25.1 Nm (limit 150.0) | edge=  1.6 mm
set_up:     t=  2.4 s | tip=  2.1 deg | F= 43.9 N | M= 25.3 Nm (limit 150.0) | edge=  1.6 mm
set_up:     t=  2.6 s | tip=  2.3 deg | F= 43.8 N | M= 25.4 Nm (limit 150.0) | edge=  1.6 mm
set_up:     t=  2.8 s | tip=  2.4 deg | F= 43.2 N | M= 25.0 Nm (limit 150.0) | edge=  1.7 mm
set_up:     t=  3.0 s | tip=  2.6 deg | F= 43.4 N | M= 25.1 Nm (limit 150.0) | edge=  1.8 mm
set_up:     t=  3.2 s | tip=  2.7 deg | F= 42.2 N | M= 24.5 Nm (limit 150.0) | edge=  1.8 mm
set_up:     t=  3.4 s | tip=  2.8 deg | F= 42.6 N | M= 24.6 Nm (limit 150.0) | edge=  1.9 mm
set_up:     t=  3.6 s | tip=  2.9 deg | F= 42.6 N | M= 24.7 Nm (limit 150.0) | edge=  1.9 mm
set_up:     t=  3.8 s | tip=  3.0 deg | F= 41.8 N | M= 24.2 Nm (limit 150.0) | edge=  2.1 mm
set_up:     t=  4.0 s | tip=  3.1 deg | F= 42.6 N | M= 24.7 Nm (limit 150.0) | edge=  2.4 mm
set_up:     t=  4.2 s | tip=  3.2 deg | F= 42.1 N | M= 24.5 Nm (limit 150.0) | edge=  2.5 mm
set_up:     t=  4.4 s | tip=  3.2 deg | F= 41.4 N | M= 24.1 Nm (limit 150.0) | edge=  2.5 mm
set_up:     t=  4.6 s | tip=  3.2 deg | F= 41.8 N | M= 24.3 Nm (limit 150.0) | edge=  2.5 mm
set_up:     t=  4.8 s | tip=  3.2 deg | F= 42.0 N | M= 24.4 Nm (limit 150.0) | edge=  2.5 mm

====================================================================
  SET-UP RESULT
====================================================================
  stop: time | t=5.0 s | tip=3.2 deg | F=41.9 N | M=24.3 Nm
  edge_from_contact = [+0.8, +1.9, -1.3] mm | norm=2.5 mm
  tcp_from_contact  = [+19.8, +61.9, +19.7] mm | norm=67.9 mm
  alignment: before=6.75 deg | after=4.00 deg | gain=+2.75 deg
  alignment components [t1,t2,n] deg: before=[+1.84,-6.49,+0.00] | after=[-0.19,-4.00,-0.00]

-- set-up surface-frame breakdown ----------------------------------
  frame              alignment-target [tangent1, tangent2, normal]
  force        [N]      = [    -5.44,     -2.97,    -41.41]
  tcp_disp     [mm]     = [    -2.41,     -2.56,    -24.58]
  edge_disp    [mm]     = [    -1.57,     -1.45,     -1.26]
  Kp_eff=F/tcp [N/m]    = [   2262.4,    1157.4,    1684.6]
  moment@edge  [Nm]     = [    -6.25,    -24.62,     +2.47]
  tip_angle    [deg]    = [    -2.07,     +2.49,     -0.30]
  KR_eff=M/ang [Nm/rad] = [    173.4,    -566.6,    -467.2]

-- centre of compliance --------------------------------------------
  definition         r_c = p_TCP - p_c
  p_TCP [x,y,z]    = [    537.1,      11.5,      45.8] mm
  p_c [EE]         = [     26.4,     -36.7,     126.3] mm
  r_c [t1,t2,n]    = [     54.4,      25.4,     120.0] mm
                     p_c resolved at first contact

-- what the TCP feels ----------------------------------------------
  K_TCP translation = [   1999.6,    1999.1,     801.3] N/m
  K_TCP rotation   = [     35.8,      35.6,      56.2] Nm/rad
  commanded KR was = [      5.0,       5.0,      50.0] Nm/rad   the rest is the lever
  D_TCP translation = [    208.6,     191.5,     172.1] Ns/m
  D_TCP rotation   = [      4.9,       5.0,       1.7] Nms/rad
  coupling           max |moment per unit translation| = 242.9 Nm/m (K), 25.4 Nms/m (D)
  eigenvalues        K_TCP 4.91 .. 2036 | D_TCP 1.05 .. 217  (both positive: valid springs)

  K_TCP [N/m, Nm/rad | rows fx..mz, cols tx..rz]:
           tx        ty        tz    |    rx        ry        rz
  fx [    2000  -0.5725   -20.68 |  -0.9524   -242.9   -85.36 ]
  fy [ -0.5725     1999   -33.18 |    242.2    1.278    72.81 ]
  fz [  -20.68   -33.18    801.3 |    30.15   -26.65  -0.3253 ]
     ---------------------------+---------------------------
  mx [ -0.9524    242.2    30.15 |    35.82  -0.9603    9.635 ]
  my [  -242.9    1.278   -26.65 |  -0.9603    35.61    11.66 ]
  mz [  -85.36    72.81  -0.3253 |    9.635    11.66    56.25 ]

  D_TCP [Ns/m, Nms/rad]:
           tx        ty        tz    |    rx        ry        rz
  fx [   208.6    10.18  -0.9123 |    1.202   -25.39   -8.531 ]
  fy [   10.18    191.5  -0.7145 |    23.31   -1.215    6.538 ]
  fz [ -0.9123  -0.7145    172.1 |    7.257   -6.154  0.01292 ]
     ---------------------------+---------------------------
  mx [   1.202    23.31    7.257 |    4.925  -0.3276   0.7827 ]
  my [  -25.39   -1.215   -6.154 |  -0.3276    4.953    1.022 ]
  mz [  -8.531    6.538  0.01292 |   0.7827    1.022    1.657 ]

[GATE] Set up finished (holding the pressed pose). Press Enter to start the grind (e+Enter stops).

Stop requested with e + Enter. Finishing control loop...

-- joint motion [deg] ----------------------------------------------
  joint       start    final    delta
  q1            0.9      7.0     +6.2
  q2           12.1     31.1    +19.0
  q3           -0.5     -4.5     -3.9
  q4         -130.9   -129.5     +1.4
  q5           -0.1      7.4     +7.5
  q6          142.9    163.5    +20.6
  q7           44.7     41.3     -3.4

====================================================================
  FINAL RESULT
====================================================================
  p_d              = [    535.7,       9.3,     -34.1] mm
  p_EE             = [    537.8,      14.2,      21.1] mm
  e_p              = [     -2.0,      -4.9,     -55.2] mm
  e_R              = [     2.92,     -1.39,     -0.32] deg
--------------------------------------------------------------------
  position error     55.41 mm
  rotation error     3.25 deg
  csv                logs/surface_grinding_controller_log.csv
--------------------------------------------------------------------
