
Press Enter to recover and configure the robot.
Robot recovered or already ready.
Collision: custom thresholds.

=== Startup choice ===
  q = go to q_init (from params/common.txt), then choose again
  g = guiding mode: go to q_init, then hand-guide to your pose;
      use s+Enter for sequence or h+Enter for hold
  o = open the Franka hand now (release/load tool), then choose again
  c = close/grasp the tool now, then choose again
  r = continue to run mode (available after q_init is reached)
Choice [q/g/o/c/r, Enter = q]: Moving to q_init...
q_init reached.

=== Startup choice ===
  q = go to q_init (from params/common.txt), then choose again
  g = guiding mode: go to q_init, then hand-guide to your pose;
      use s+Enter for sequence or h+Enter for hold
  o = open the Franka hand now (release/load tool), then choose again
  c = close/grasp the tool now, then choose again
  r = continue to run mode
Choice [q/g/o/c/r, Enter = q]: 
=== Run mode ===
  s = phase sequence (approach / set up / grind)
  h = hold at the start pose
Choice [s/h, Enter = s]: Selected: phase sequence. Nullspace mode from parameters: nullspace_damping_plus_sigma.

=== Setup ===
run: phase sequence | approach_orient: on | nullspace: nullspace_damping_plus_sigma
nullspace parameters: d_null=2.000 | k_sigma=1.000 Nm | alpha=0.0800 rad
hold: Kp=300.0 N/m | KR=40.0 Nm/rad | damping=auto translation+rotation (factor fitted online toward Dp=50.0 Ns/m)
manual_guidance_start: off | manual_damping=0.50
descend: clearance=20.0 mm | speed=0.100 m/s | max_distance=640 mm
alignment push: start=captured | end=+180 mm | speed=0.050 m/s | ramp_time~=4.0 s | timeout=12.0 s | moment_threshold=150.0 Nm
grind: sweep | axis=tangent2 | amplitude=30 mm | frequency=0.20 Hz
coupled stiffness: apply=on | saved=yes | pole=manual
gates: pause_before_set_up=on | pause_auto_damping=on | pause_before_grind=off | debug_period=0.20 s
alignment-target normal=[+0.087, -0.000, +0.996] | tilt a(x)=0.0 deg, b(y)=5.0 deg (from angles)
tool face: 40 x 120 mm | center offset EE=[+0.0, +0.0, +20.0] mm
Gripper already holding the tool (width 65.0 mm); keeping grasp.
Press e+Enter to stop the controller before the duration expires.
During hold: press g+Enter to hand-guide the tool, then p+Enter to recapture and resume hold.
experiment_duration <= 0: running indefinitely until e + Enter.

=== Start pose ===
q_start = [-2.8, 18.1, -5.1, -122.8, 17.5, 139.5, 26.8] deg
p_start = [565.0, -59.5, 151.0] mm

=== Run ===
phase: approach_orient
orient:     t=  0.0 s | axis_err= 11.4 deg | rot_err= 11.4 deg
approach Dp        auto=[ 134.13,   97.25,  122.30]  manual=[  20.00,   20.00,   20.00] Ns/m
approach DR        auto=[  12.73,   16.36,    4.08]  manual=[  12.00,   12.00,   12.00] Nms/rad
orient:     t=  0.2 s | axis_err=  4.6 deg | rot_err=  4.6 deg
orient:     t=  0.4 s | axis_err=  2.3 deg | rot_err=  2.3 deg

Orientation reached: axis_err=1.9 deg
phase: approach_descend
descend:    t=  0.0 s | distance=   0.1 mm | height= +97.2 mm (target 20.0) | force= -0.0 N
descend:    t=  0.2 s | distance=  20.1 mm | height= +85.3 mm (target 20.0) | force=  0.5 N
descend:    t=  0.4 s | distance=  40.1 mm | height= +68.3 mm (target 20.0) | force=  1.7 N
descend:    t=  0.6 s | distance=  60.2 mm | height= +50.7 mm (target 20.0) | force=  2.5 N
descend:    t=  0.8 s | distance=  80.3 mm | height= +32.8 mm (target 20.0) | force=  0.9 N

[GATE] Reached 20 mm above the plane. Press Enter to start the set-up press (e+Enter stops).
pause auto damping: fitted Dp factor=0.551, DR factor=1.962
pause Dp [xyz]     auto=[ 206.40,  155.19,  225.03]  manual=[ 200.00,  200.00,  200.00] Ns/m
pause DR [t1t2n]   auto=[  11.74,   17.28,    2.04]  manual=[  12.73,   16.36,    4.08] Nms/rad
[GATE] Continuing to the set-up press.
descend:    t=  1.7 s | distance=  94.9 mm | height= +19.5 mm (target 20.0) | force=  0.7 N

Clearance reached: distance=94.9 mm | height=19.5 mm | target=20.0 mm | force=0.7 N (not used for the switch)
offset_ee = [0.0, 60.0, 20.0] mm
p_EE_at_contact = [545.2, -65.8, 65.6] mm
contact_point = [539.0, -125.6, 26.0] mm
edge_offset_base = [-6.2, -59.8, -39.6] mm
phase: set_up
set_up Dp [xyz]    auto=[ 236.93,  178.17,  108.21]  manual=[  10.00,   10.00,  175.00] Ns/m
set_up DR [t1t2n]  auto=[   1.41,    2.07,    0.77]  manual=[  10.01,   10.01,   10.00] Nms/rad
set_up:     t=  0.0 s | tip=  0.0 deg | F=  0.0 N | M=  0.0 Nm (limit 150.0) | edge= 19.6 mm
set_up:     t=  0.2 s | tip=  0.5 deg | F=  1.0 N | M=  0.4 Nm (limit 150.0) | edge= 13.7 mm
set_up:     t=  0.4 s | tip=  1.2 deg | F=  1.6 N | M=  0.6 Nm (limit 150.0) | edge=  6.8 mm
set_up:     t=  0.6 s | tip=  1.8 deg | F=  1.9 N | M=  0.7 Nm (limit 150.0) | edge=  5.7 mm
set_up:     t=  0.8 s | tip=  2.0 deg | F=  1.9 N | M=  0.7 Nm (limit 150.0) | edge= 13.6 mm
set_up:     t=  1.0 s | tip=  2.2 deg | F= 10.0 N | M=  5.6 Nm (limit 150.0) | edge= 19.0 mm
set_up:     t=  1.2 s | tip=  2.3 deg | F= 12.3 N | M=  6.9 Nm (limit 150.0) | edge= 19.7 mm
set_up:     t=  1.4 s | tip=  2.3 deg | F= 16.6 N | M=  9.3 Nm (limit 150.0) | edge= 20.1 mm
set_up:     t=  1.6 s | tip=  2.4 deg | F= 20.2 N | M= 11.3 Nm (limit 150.0) | edge= 20.3 mm
set_up:     t=  1.8 s | tip=  2.4 deg | F= 23.5 N | M= 12.9 Nm (limit 150.0) | edge= 20.4 mm
set_up:     t=  2.0 s | tip=  2.4 deg | F= 27.0 N | M= 14.7 Nm (limit 150.0) | edge= 20.5 mm
set_up:     t=  2.2 s | tip=  2.4 deg | F= 30.6 N | M= 16.5 Nm (limit 150.0) | edge= 20.6 mm
set_up:     t=  2.4 s | tip=  2.4 deg | F= 34.4 N | M= 18.4 Nm (limit 150.0) | edge= 20.8 mm
set_up:     t=  2.6 s | tip=  2.4 deg | F= 37.9 N | M= 20.0 Nm (limit 150.0) | edge= 20.9 mm
set_up:     t=  2.8 s | tip=  2.4 deg | F= 41.6 N | M= 21.9 Nm (limit 150.0) | edge= 21.0 mm
set_up:     t=  3.0 s | tip=  2.4 deg | F= 45.1 N | M= 23.6 Nm (limit 150.0) | edge= 21.2 mm
set_up:     t=  3.2 s | tip=  2.4 deg | F= 49.0 N | M= 25.5 Nm (limit 150.0) | edge= 21.3 mm
set_up:     t=  3.4 s | tip=  2.5 deg | F= 52.8 N | M= 27.4 Nm (limit 150.0) | edge= 21.5 mm
set_up:     t=  3.6 s | tip=  2.5 deg | F= 56.6 N | M= 29.3 Nm (limit 150.0) | edge= 21.6 mm
set_up:     t=  3.8 s | tip=  2.5 deg | F= 60.4 N | M= 31.1 Nm (limit 150.0) | edge= 21.8 mm
set_up:     t=  4.0 s | tip=  2.5 deg | F= 64.8 N | M= 33.5 Nm (limit 150.0) | edge= 21.8 mm
set_up:     t=  4.2 s | tip=  2.5 deg | F= 60.0 N | M= 30.9 Nm (limit 150.0) | edge= 21.8 mm
set_up:     t=  4.4 s | tip=  2.5 deg | F= 59.9 N | M= 30.9 Nm (limit 150.0) | edge= 21.8 mm
set_up:     t=  4.6 s | tip=  2.5 deg | F= 59.9 N | M= 30.9 Nm (limit 150.0) | edge= 21.8 mm
set_up:     t=  4.8 s | tip=  2.5 deg | F= 59.9 N | M= 30.8 Nm (limit 150.0) | edge= 21.8 mm
set_up:     t=  5.0 s | tip=  2.5 deg | F= 59.9 N | M= 30.8 Nm (limit 150.0) | edge= 21.8 mm
set_up:     t=  5.2 s | tip=  2.5 deg | F= 59.9 N | M= 30.8 Nm (limit 150.0) | edge= 21.8 mm
set_up:     t=  5.4 s | tip=  2.5 deg | F= 59.9 N | M= 30.8 Nm (limit 150.0) | edge= 21.8 mm
set_up:     t=  5.6 s | tip=  2.5 deg | F= 59.9 N | M= 30.8 Nm (limit 150.0) | edge= 21.8 mm
set_up:     t=  5.8 s | tip=  2.5 deg | F= 59.9 N | M= 30.8 Nm (limit 150.0) | edge= 21.8 mm
set_up:     t=  6.0 s | tip=  2.5 deg | F= 59.9 N | M= 30.8 Nm (limit 150.0) | edge= 21.8 mm
set_up:     t=  6.2 s | tip=  2.5 deg | F= 59.9 N | M= 30.8 Nm (limit 150.0) | edge= 21.8 mm
set_up:     t=  6.4 s | tip=  2.5 deg | F= 59.9 N | M= 30.8 Nm (limit 150.0) | edge= 21.8 mm
set_up:     t=  6.6 s | tip=  2.5 deg | F= 59.9 N | M= 30.8 Nm (limit 150.0) | edge= 21.8 mm
set_up:     t=  6.8 s | tip=  2.5 deg | F= 59.9 N | M= 30.8 Nm (limit 150.0) | edge= 21.8 mm
set_up:     t=  7.0 s | tip=  2.5 deg | F= 59.9 N | M= 30.8 Nm (limit 150.0) | edge= 21.8 mm
set_up:     t=  7.2 s | tip=  2.5 deg | F= 59.9 N | M= 30.8 Nm (limit 150.0) | edge= 21.8 mm
set_up:     t=  7.4 s | tip=  2.5 deg | F= 59.8 N | M= 30.8 Nm (limit 150.0) | edge= 21.8 mm
set_up:     t=  7.6 s | tip=  2.5 deg | F= 59.8 N | M= 30.8 Nm (limit 150.0) | edge= 21.8 mm
set_up:     t=  7.8 s | tip=  2.5 deg | F= 59.9 N | M= 30.8 Nm (limit 150.0) | edge= 21.8 mm
set_up:     t=  8.0 s | tip=  2.5 deg | F= 59.9 N | M= 30.8 Nm (limit 150.0) | edge= 21.8 mm
set_up:     t=  8.2 s | tip=  2.5 deg | F= 59.9 N | M= 30.8 Nm (limit 150.0) | edge= 21.8 mm
set_up:     t=  8.4 s | tip=  2.5 deg | F= 59.9 N | M= 30.8 Nm (limit 150.0) | edge= 21.8 mm
set_up:     t=  8.6 s | tip=  2.5 deg | F= 59.9 N | M= 30.8 Nm (limit 150.0) | edge= 21.8 mm
set_up:     t=  8.8 s | tip=  2.5 deg | F= 60.0 N | M= 30.9 Nm (limit 150.0) | edge= 21.8 mm
set_up:     t=  9.0 s | tip=  2.5 deg | F= 59.8 N | M= 30.8 Nm (limit 150.0) | edge= 21.8 mm
set_up:     t=  9.2 s | tip=  2.5 deg | F= 59.9 N | M= 30.8 Nm (limit 150.0) | edge= 21.8 mm
set_up:     t=  9.4 s | tip=  2.5 deg | F= 59.8 N | M= 30.8 Nm (limit 150.0) | edge= 21.8 mm
set_up:     t=  9.6 s | tip=  2.5 deg | F= 59.9 N | M= 30.8 Nm (limit 150.0) | edge= 21.8 mm
set_up:     t=  9.8 s | tip=  2.5 deg | F= 59.8 N | M= 30.8 Nm (limit 150.0) | edge= 21.8 mm
set_up:     t= 10.0 s | tip=  2.5 deg | F= 59.9 N | M= 30.8 Nm (limit 150.0) | edge= 21.8 mm
set_up:     t= 10.2 s | tip=  2.5 deg | F= 59.8 N | M= 30.8 Nm (limit 150.0) | edge= 21.8 mm
set_up:     t= 10.4 s | tip=  2.5 deg | F= 59.9 N | M= 30.8 Nm (limit 150.0) | edge= 21.8 mm
set_up:     t= 10.6 s | tip=  2.5 deg | F= 59.9 N | M= 30.8 Nm (limit 150.0) | edge= 21.8 mm
set_up:     t= 10.8 s | tip=  2.5 deg | F= 59.9 N | M= 30.8 Nm (limit 150.0) | edge= 21.8 mm
set_up:     t= 11.0 s | tip=  2.5 deg | F= 59.9 N | M= 30.8 Nm (limit 150.0) | edge= 21.8 mm
set_up:     t= 11.2 s | tip=  2.5 deg | F= 59.8 N | M= 30.8 Nm (limit 150.0) | edge= 21.8 mm
set_up:     t= 11.4 s | tip=  2.5 deg | F= 59.8 N | M= 30.8 Nm (limit 150.0) | edge= 21.8 mm
set_up:     t= 11.6 s | tip=  2.5 deg | F= 59.9 N | M= 30.8 Nm (limit 150.0) | edge= 21.8 mm
set_up:     t= 11.8 s | tip=  2.5 deg | F= 59.9 N | M= 30.8 Nm (limit 150.0) | edge= 21.8 mm

=== Set-up result ===
stop: time | t=12.0 s | tip=2.5 deg | F=59.8 N | M=30.8 Nm
edge_from_contact = [-8.3, +0.5, -20.2] mm | norm=21.8 mm
tcp_from_contact  = [-2.6, +60.3, -0.3] mm | norm=60.3 mm
alignment: before=0.42 deg | after=2.61 deg | gain=-2.18 deg

=== Set-up surface-frame breakdown ===
frame: alignment-target [tangent1, tangent2, normal]
force        [N]      = [   -12.95,     -1.18,    -58.42]
tcp_disp     [mm]     = [    -5.29,     +0.46,    -40.58]
edge_disp    [mm]     = [    -6.51,     +0.48,    -20.85]
Kp_eff=F/tcp [N/m]    = [   2446.9,   -2537.0,    1439.7]
moment@edge  [Nm]     = [    +3.70,    +29.83,     -1.39]
tip_angle    [deg]    = [    +0.00,     -2.48,     +0.32]
KR_eff=M/ang [Nm/rad] = [      n/a,    -690.5,    -247.4]

finite_axis: angle=2.5 deg | axis_from_edge=[-462.4, +17.6, +178.8] mm | dir=[-0.012, +0.992, -0.128] | pitch=+72.8 mm/rad

=== Coupled stiffness from the measured pole ===
source spring K_pole/D_pole (diagonal, from parameters):
  Kp [N/m]     = [2000, 2000, 350]
  KR [Nm/rad]  = [5, 5, 50]
  Dp [Ns/m]    = [10, 10, 175]
  DR [Nms/rad] = [10.01, 10.01, 10]

poles compared (lever r_c = TCP - pole):
  (A) measured axis : angle=2.5 deg | pitch=+72.8 mm/rad
      pole_from_edge = [-454.1, 20.3, 198.6] mm
      r_c            = [459.8, 39.5, -178.7] mm
  (B) manual pole   : COMMANDED this run, contact reference
      pole_from_edge = [15.3, -0.5, 99.9] mm
      r_c            = [-0.8, 59.8, -40.1] mm
      r_c(B)-r_c(A)  = [-460.6, 20.3, 138.7] mm

K_TCP = Ad^T K_pole Ad  [rows fx..mz | cols tx..rz]:
  (A) measured axis:
           tx        ty        tz    |    rx        ry        rz
  fx [    2000        0        0 |        0    357.5    78.97 ]
  fy [       0     2000        0 |   -357.5        0   -919.6 ]
  fz [       0        0      350 |   -13.82    160.9        0 ]
     ---------------------------+---------------------------
  mx [       0   -357.5   -13.82 |    69.78   -6.354    168.3 ]
  my [   357.5        0    160.9 |   -6.354    142.9    14.12 ]
  mz [   78.97   -919.6        0 |    168.3    14.12    475.6 ]
  (A) K_TCP eigenvalues = [4.008, 4.904, 40.8, 422.5, 2067, 2499] -> PSD ok (>=0) (min=4.008)
  (B) manual pole:
           tx        ty        tz    |    rx        ry        rz
  fx [    2000        0        0 |        0    80.15    119.6 ]
  fy [       0     2000        0 |   -80.15        0    1.619 ]
  fz [       0        0      350 |   -20.93  -0.2833        0 ]
     ---------------------------+---------------------------
  mx [       0   -80.15   -20.93 |    9.805  0.01694    3.842 ]
  my [   80.15        0  -0.2833 |  0.01694    8.212    4.792 ]
  mz [   119.6    1.619        0 |    3.842    4.792    56.81 ]
  (B) K_TCP eigenvalues = [4.974, 4.992, 49.82, 351.3, 2003, 2011] -> PSD ok (>=0) (min=4.974)

D_TCP = Ad^T D_pole Ad:
  (A) measured axis:
           tx        ty        tz    |    rx        ry        rz
  fx [   236.9        0        0 |        0    42.35    9.355 ]
  fy [       0    178.2        0 |   -31.85        0   -81.92 ]
  fz [       0        0    108.2 |   -4.273    49.75        0 ]
     ---------------------------+---------------------------
  mx [       0   -31.85   -4.273 |    7.266   -1.965    14.59 ]
  my [   42.35        0    49.75 |   -1.965    32.52    1.672 ]
  mz [   9.355   -81.92        0 |    14.59    1.672    38.82 ]
  (A) D_TCP eigenvalues = [0.629, 1.388, 1.663, 130, 221.2, 247] -> PSD ok (>=0) (min=0.629)
  (B) manual pole:
           tx        ty        tz    |    rx        ry        rz
  fx [   236.9        0        0 |        0    9.494    14.17 ]
  fy [       0    178.2        0 |    -7.14        0   0.1442 ]
  fz [       0        0    108.2 |    -6.47 -0.08759        0 ]
     ---------------------------+---------------------------
  mx [       0    -7.14    -6.47 |    2.078 0.005237 -0.06101 ]
  my [   9.494        0 -0.08759 | 0.005237    2.451   0.5677 ]
  mz [   14.17   0.1442        0 | -0.06101   0.5677    1.626 ]
  (B) D_TCP eigenvalues = [0.7711, 1.403, 2.067, 108.6, 178.5, 238.2] -> PSD ok (>=0) (min=0.7711)
phase: grind

Stop requested with e + Enter. Finishing control loop...

Joint motion [deg]:
joint    start   final   delta
------------------------------
q1       -2.8    -5.3    -2.5
q2       18.1    32.3    14.2
q3       -5.1     0.7     5.9
q4     -122.8  -122.1     0.7
q5       17.5    -2.9   -20.4
q6      139.5   146.3     6.8
q7       26.8    44.9    18.1

=== Final result ===
p_d = [527.8, -42.5, -133.2] mm
p_EE = [534.6, -43.7, 24.8] mm
e_p = [-6.8, 1.2, -158.1] mm
position_error = 158.21 mm
e_R = [0.89, -3.02, -0.57] deg
rotation_error = 3.20 deg
csv: surface_grinding_controller_log.csv
