
Press Enter to recover and configure the robot.
Robot recovered or already ready.
Collision: custom thresholds.

=== Startup choice ===
  q = go to q_init (from params/common.txt), then choose again
  g = guiding mode: go to q_init, then hand-guide to your pose;
      use s+Enter for sequence or h+Enter for hold
  o = open the Franka hand now (release/load tool), then choose again
  c = close/grasp the tool now, then choose again
  r = continue to run mode (available after q_init is reached)
Choice [q/g/o/c/r, Enter = q]: Moving to q_init...
q_init reached.

=== Startup choice ===
  q = go to q_init (from params/common.txt), then choose again
  g = guiding mode: go to q_init, then hand-guide to your pose;
      use s+Enter for sequence or h+Enter for hold
  o = open the Franka hand now (release/load tool), then choose again
  c = close/grasp the tool now, then choose again
  r = continue to run mode
Choice [q/g/o/c/r, Enter = q]: 
=== Run mode ===
  s = phase sequence (approach / set up / grind)
  h = hold at the start pose
Choice [s/h, Enter = s]: Selected: phase sequence. Nullspace mode from parameters: nullspace_damping_plus_sigma.

=== Setup ===
run: phase sequence | approach_orient: on | nullspace: nullspace_damping_plus_sigma
nullspace parameters: d_null=2.000 | k_sigma=1.000 Nm | alpha=0.0800 rad
hold: Kp=300.0 N/m | KR=40.0 Nm/rad | damping=auto translation+rotation (factor fitted online toward Dp=50.0 Ns/m)
manual_guidance_start: off | manual_damping=0.50
descend: clearance=20.0 mm | speed=0.100 m/s | max_distance=640 mm
alignment push: start=captured | end=+180 mm | speed=0.050 m/s | ramp_time~=4.0 s | timeout=12.0 s | moment_threshold=150.0 Nm
grind: sweep | axis=tangent2 | amplitude=30 mm | frequency=0.20 Hz
coupled stiffness: apply=on | saved=yes | pole=manual
gates: pause_before_set_up=on | pause_auto_damping=on | pause_before_grind=off | debug_period=0.20 s
alignment-target normal=[+0.087, -0.000, +0.996] | tilt a(x)=0.0 deg, b(y)=5.0 deg (from angles)
tool face: 40 x 120 mm | center offset EE=[+0.0, +0.0, +20.0] mm
Gripper already holding the tool (width 65.0 mm); keeping grasp.
Press e+Enter to stop the controller before the duration expires.
During hold: press g+Enter to hand-guide the tool, then p+Enter to recapture and resume hold.
experiment_duration <= 0: running indefinitely until e + Enter.

=== Start pose ===
q_start = [-2.7, 18.1, -5.1, -122.8, 17.6, 139.5, 26.8] deg
p_start = [565.1, -59.3, 151.2] mm

=== Run ===
phase: approach_orient
orient:     t=  0.0 s | axis_err= 11.5 deg | rot_err= 11.5 deg
approach Dp        auto=[ 134.15,   97.25,  122.27]  manual=[  20.00,   20.00,   20.00] Ns/m
approach DR        auto=[  12.73,   16.37,    4.08]  manual=[  12.00,   12.00,   12.00] Nms/rad
orient:     t=  0.2 s | axis_err=  4.6 deg | rot_err=  4.6 deg
orient:     t=  0.4 s | axis_err=  2.3 deg | rot_err=  2.3 deg

Orientation reached: axis_err=1.9 deg
phase: approach_descend
descend:    t=  0.0 s | distance=   0.1 mm | height= +97.9 mm (target 20.0) | force= -0.1 N
descend:    t=  0.2 s | distance=  20.1 mm | height= +85.8 mm (target 20.0) | force=  0.8 N
descend:    t=  0.4 s | distance=  40.1 mm | height= +69.5 mm (target 20.0) | force=  2.0 N
descend:    t=  0.6 s | distance=  60.2 mm | height= +52.3 mm (target 20.0) | force=  2.7 N
descend:    t=  0.8 s | distance=  80.3 mm | height= +34.7 mm (target 20.0) | force=  1.5 N

[GATE] Reached 20 mm above the plane. Press Enter to start the set-up press (e+Enter stops).
pause auto damping: fitted Dp factor=0.551, DR factor=1.960
pause Dp [xyz]     auto=[ 206.58,  155.20,  224.88]  manual=[ 200.00,  200.00,  200.00] Ns/m
pause DR [t1t2n]   auto=[  11.72,   17.29,    2.04]  manual=[  12.73,   16.37,    4.08] Nms/rad
[GATE] Continuing to the set-up press.
descend:    t=  1.8 s | distance=  97.0 mm | height= +19.5 mm (target 20.0) | force=  1.0 N

Clearance reached: distance=97.0 mm | height=19.5 mm | target=20.0 mm | force=1.0 N (not used for the switch)
offset_ee = [20.0, 60.0, 20.0] mm
p_EE_at_contact = [546.1, -64.6, 65.5] mm
contact_point = [559.9, -125.2, 24.1] mm
edge_offset_base = [13.7, -60.7, -41.3] mm
phase: set_up
set_up Dp [xyz]    auto=[ 237.11,  178.15,  108.11]  manual=[  10.00,   10.00,  175.00] Ns/m
set_up DR [t1t2n]  auto=[   1.41,    2.07,    0.77]  manual=[  10.01,   10.01,   10.00] Nms/rad
set_up:     t=  0.0 s | tip=  0.0 deg | F=  0.0 N | M=  0.0 Nm (limit 150.0) | edge= 19.5 mm
set_up:     t=  0.2 s | tip=  0.6 deg | F=  0.8 N | M=  0.4 Nm (limit 150.0) | edge= 13.6 mm
set_up:     t=  0.4 s | tip=  1.2 deg | F=  2.5 N | M=  1.1 Nm (limit 150.0) | edge=  6.7 mm
set_up:     t=  0.6 s | tip=  1.9 deg | F=  2.4 N | M=  0.9 Nm (limit 150.0) | edge=  6.0 mm
set_up:     t=  0.8 s | tip=  2.6 deg | F=  2.8 N | M=  1.1 Nm (limit 150.0) | edge= 13.4 mm
set_up:     t=  1.0 s | tip=  2.9 deg | F= 10.4 N | M=  5.8 Nm (limit 150.0) | edge= 18.8 mm
set_up:     t=  1.2 s | tip=  2.9 deg | F= 13.0 N | M=  7.4 Nm (limit 150.0) | edge= 19.0 mm
set_up:     t=  1.4 s | tip=  2.9 deg | F= 16.6 N | M=  9.5 Nm (limit 150.0) | edge= 19.4 mm
set_up:     t=  1.6 s | tip=  3.0 deg | F= 20.1 N | M= 11.4 Nm (limit 150.0) | edge= 19.8 mm
set_up:     t=  1.8 s | tip=  3.0 deg | F= 23.2 N | M= 12.9 Nm (limit 150.0) | edge= 20.4 mm
set_up:     t=  2.0 s | tip=  3.0 deg | F= 26.9 N | M= 14.7 Nm (limit 150.0) | edge= 20.9 mm
set_up:     t=  2.2 s | tip=  3.1 deg | F= 31.9 N | M= 17.6 Nm (limit 150.0) | edge= 21.0 mm
set_up:     t=  2.4 s | tip=  3.2 deg | F= 35.3 N | M= 19.6 Nm (limit 150.0) | edge= 21.2 mm
set_up:     t=  2.6 s | tip=  3.3 deg | F= 38.1 N | M= 21.0 Nm (limit 150.0) | edge= 21.4 mm
set_up:     t=  2.8 s | tip=  3.6 deg | F= 42.0 N | M= 23.3 Nm (limit 150.0) | edge= 21.5 mm
set_up:     t=  3.0 s | tip=  4.5 deg | F= 45.0 N | M= 24.8 Nm (limit 150.0) | edge= 21.8 mm
set_up:     t=  3.2 s | tip=  6.2 deg | F= 46.6 N | M= 25.8 Nm (limit 150.0) | edge= 22.3 mm
set_up:     t=  3.4 s | tip=  8.1 deg | F= 48.5 N | M= 26.5 Nm (limit 150.0) | edge= 23.0 mm
set_up:     t=  3.6 s | tip=  9.6 deg | F= 51.9 N | M= 28.2 Nm (limit 150.0) | edge= 23.7 mm
set_up:     t=  3.8 s | tip= 11.2 deg | F= 53.9 N | M= 29.1 Nm (limit 150.0) | edge= 25.0 mm
set_up:     t=  4.0 s | tip= 13.0 deg | F= 56.4 N | M= 30.6 Nm (limit 150.0) | edge= 26.3 mm
set_up:     t=  4.2 s | tip= 14.3 deg | F= 51.5 N | M= 28.1 Nm (limit 150.0) | edge= 27.3 mm
set_up:     t=  4.4 s | tip= 14.5 deg | F= 51.7 N | M= 28.0 Nm (limit 150.0) | edge= 27.3 mm
set_up:     t=  4.6 s | tip= 14.5 deg | F= 51.6 N | M= 27.9 Nm (limit 150.0) | edge= 27.4 mm
set_up:     t=  4.8 s | tip= 14.5 deg | F= 51.6 N | M= 27.9 Nm (limit 150.0) | edge= 27.4 mm
set_up:     t=  5.0 s | tip= 14.6 deg | F= 51.7 N | M= 27.9 Nm (limit 150.0) | edge= 27.4 mm
set_up:     t=  5.2 s | tip= 14.6 deg | F= 51.8 N | M= 28.0 Nm (limit 150.0) | edge= 27.4 mm
set_up:     t=  5.4 s | tip= 14.7 deg | F= 51.8 N | M= 28.0 Nm (limit 150.0) | edge= 27.4 mm
set_up:     t=  5.6 s | tip= 14.7 deg | F= 51.8 N | M= 28.0 Nm (limit 150.0) | edge= 27.4 mm
set_up:     t=  5.8 s | tip= 14.7 deg | F= 51.7 N | M= 27.9 Nm (limit 150.0) | edge= 27.4 mm
set_up:     t=  6.0 s | tip= 14.7 deg | F= 51.7 N | M= 27.9 Nm (limit 150.0) | edge= 27.4 mm
set_up:     t=  6.2 s | tip= 14.7 deg | F= 51.7 N | M= 27.9 Nm (limit 150.0) | edge= 27.4 mm
set_up:     t=  6.4 s | tip= 14.7 deg | F= 51.6 N | M= 27.9 Nm (limit 150.0) | edge= 27.4 mm
set_up:     t=  6.6 s | tip= 14.7 deg | F= 51.6 N | M= 27.9 Nm (limit 150.0) | edge= 27.4 mm
set_up:     t=  6.8 s | tip= 14.7 deg | F= 51.6 N | M= 27.8 Nm (limit 150.0) | edge= 27.4 mm
set_up:     t=  7.0 s | tip= 14.7 deg | F= 51.4 N | M= 27.8 Nm (limit 150.0) | edge= 27.4 mm
set_up:     t=  7.2 s | tip= 14.7 deg | F= 51.3 N | M= 27.7 Nm (limit 150.0) | edge= 27.4 mm
set_up:     t=  7.4 s | tip= 14.7 deg | F= 51.4 N | M= 27.7 Nm (limit 150.0) | edge= 27.4 mm
set_up:     t=  7.6 s | tip= 14.7 deg | F= 51.4 N | M= 27.7 Nm (limit 150.0) | edge= 27.4 mm
set_up:     t=  7.8 s | tip= 14.7 deg | F= 51.4 N | M= 27.7 Nm (limit 150.0) | edge= 27.4 mm
set_up:     t=  8.0 s | tip= 14.7 deg | F= 51.6 N | M= 27.8 Nm (limit 150.0) | edge= 27.4 mm
set_up:     t=  8.2 s | tip= 14.7 deg | F= 51.5 N | M= 27.7 Nm (limit 150.0) | edge= 27.4 mm
set_up:     t=  8.4 s | tip= 14.7 deg | F= 51.5 N | M= 27.7 Nm (limit 150.0) | edge= 27.4 mm
set_up:     t=  8.6 s | tip= 14.7 deg | F= 51.5 N | M= 27.7 Nm (limit 150.0) | edge= 27.4 mm
set_up:     t=  8.8 s | tip= 14.7 deg | F= 51.5 N | M= 27.7 Nm (limit 150.0) | edge= 27.4 mm
set_up:     t=  9.0 s | tip= 14.7 deg | F= 51.5 N | M= 27.7 Nm (limit 150.0) | edge= 27.4 mm
set_up:     t=  9.2 s | tip= 14.7 deg | F= 51.6 N | M= 27.8 Nm (limit 150.0) | edge= 27.4 mm
set_up:     t=  9.4 s | tip= 14.8 deg | F= 51.6 N | M= 27.8 Nm (limit 150.0) | edge= 27.4 mm
set_up:     t=  9.6 s | tip= 14.8 deg | F= 51.6 N | M= 27.8 Nm (limit 150.0) | edge= 27.4 mm
set_up:     t=  9.8 s | tip= 14.8 deg | F= 51.6 N | M= 27.8 Nm (limit 150.0) | edge= 27.4 mm
set_up:     t= 10.0 s | tip= 14.8 deg | F= 51.6 N | M= 27.8 Nm (limit 150.0) | edge= 27.4 mm
set_up:     t= 10.2 s | tip= 14.8 deg | F= 51.6 N | M= 27.8 Nm (limit 150.0) | edge= 27.4 mm
set_up:     t= 10.4 s | tip= 14.8 deg | F= 51.3 N | M= 27.7 Nm (limit 150.0) | edge= 27.4 mm
set_up:     t= 10.6 s | tip= 14.8 deg | F= 51.3 N | M= 27.6 Nm (limit 150.0) | edge= 27.4 mm
set_up:     t= 10.8 s | tip= 14.8 deg | F= 51.4 N | M= 27.7 Nm (limit 150.0) | edge= 27.4 mm
set_up:     t= 11.0 s | tip= 14.8 deg | F= 51.4 N | M= 27.7 Nm (limit 150.0) | edge= 27.4 mm
set_up:     t= 11.2 s | tip= 14.8 deg | F= 51.6 N | M= 27.8 Nm (limit 150.0) | edge= 27.4 mm
set_up:     t= 11.4 s | tip= 14.8 deg | F= 51.6 N | M= 27.9 Nm (limit 150.0) | edge= 27.4 mm
set_up:     t= 11.6 s | tip= 14.8 deg | F= 51.7 N | M= 27.9 Nm (limit 150.0) | edge= 27.4 mm
set_up:     t= 11.8 s | tip= 14.9 deg | F= 52.0 N | M= 28.1 Nm (limit 150.0) | edge= 27.4 mm

=== Set-up result ===
stop: time | t=12.0 s | tip=14.9 deg | F=52.3 N | M=28.3 Nm
edge_from_contact = [-12.7, +12.0, -21.0] mm | norm=27.4 mm
tcp_from_contact  = [-25.2, +65.5, +16.2] mm | norm=72.0 mm
alignment: before=0.46 deg | after=15.35 deg | gain=-14.89 deg

=== Set-up surface-frame breakdown ===
frame: alignment-target [tangent1, tangent2, normal]
force        [N]      = [    -3.38,    +12.30,    -50.70]
tcp_disp     [mm]     = [    -9.22,     +4.85,    -26.05]
edge_disp    [mm]     = [   -10.86,    +12.04,    -22.03]
Kp_eff=F/tcp [N/m]    = [    366.5,    2534.7,    1946.6]
moment@edge  [Nm]     = [    +3.52,    +25.96,     +5.99]
tip_angle    [deg]    = [   -14.66,     -2.73,     +0.28]
KR_eff=M/ang [Nm/rad] = [    -13.7,    -544.6,    1239.8]

finite_axis: angle=14.9 deg | axis_from_edge=[-12.3, +90.2, +42.9] mm | dir=[+0.978, +0.183, -0.104] | pitch=-30.9 mm/rad

=== Coupled stiffness from the measured pole ===
source spring K_pole/D_pole (diagonal, from parameters):
  Kp [N/m]     = [2000, 2000, 350]
  KR [Nm/rad]  = [5, 5, 50]
  Dp [Ns/m]    = [10, 10, 175]
  DR [Nms/rad] = [10.01, 10.01, 10]

poles compared (lever r_c = TCP - pole):
  (A) measured axis : angle=14.9 deg | pitch=-30.9 mm/rad
      pole_from_edge = [-7.5, 76.7, 64.8] mm
      r_c            = [-5.0, -23.2, -27.6] mm
  (B) manual pole   : COMMANDED this run, contact reference
      pole_from_edge = [19.7, -92.0, 100.7] mm
      r_c            = [-20.7, 140.7, -38.4] mm
      r_c(B)-r_c(A)  = [-15.7, 163.9, -10.8] mm

K_TCP = Ad^T K_pole Ad  [rows fx..mz | cols tx..rz]:
  (A) measured axis:
           tx        ty        tz    |    rx        ry        rz
  fx [    2000        0        0 |        0    55.14   -46.47 ]
  fy [       0     2000        0 |   -55.14        0    9.983 ]
  fz [       0        0      350 |    8.133   -1.747        0 ]
     ---------------------------+---------------------------
  mx [       0   -55.14    8.133 |    7.051 -0.04059    3.632 ]
  my [   55.14        0   -1.747 | -0.04059    6.529   -1.281 ]
  mz [  -46.47    9.983        0 |    3.632   -1.281    50.79 ]
  (A) K_TCP eigenvalues = [4.993, 4.996, 49.97, 350.2, 2002, 2003] -> PSD ok (>=0) (min=4.993)
  (B) manual pole:
           tx        ty        tz    |    rx        ry        rz
  fx [    2000        0        0 |        0     76.7    281.3 ]
  fy [       0     2000        0 |    -76.7        0    41.42 ]
  fz [       0        0      350 |   -49.23   -7.248        0 ]
     ---------------------------+---------------------------
  mx [       0    -76.7   -49.23 |    15.21     1.02    2.319 ]
  my [    76.7        0   -7.248 |     1.02    8.092    10.79 ]
  mz [   281.3    41.42        0 |    2.319    10.79    90.09 ]
  (B) K_TCP eigenvalues = [4.892, 4.992, 48.99, 357.2, 2003, 2044] -> PSD ok (>=0) (min=4.892)

D_TCP = Ad^T D_pole Ad:
  (A) measured axis:
           tx        ty        tz    |    rx        ry        rz
  fx [   237.1        0        0 |        0    6.537   -5.509 ]
  fy [       0    178.2        0 |   -4.911        0   0.8892 ]
  fz [       0        0    108.1 |    2.512  -0.5396        0 ]
     ---------------------------+---------------------------
  mx [       0   -4.911    2.512 |    1.598 -0.01254 -0.07957 ]
  my [   6.537        0  -0.5396 | -0.01254    2.258  -0.1519 ]
  mz [  -5.509   0.8892        0 | -0.07957  -0.1519   0.9121 ]
  (A) D_TCP eigenvalues = [0.7744, 1.407, 2.073, 108.2, 178.3, 237.4] -> PSD ok (>=0) (min=0.7744)
  (B) manual pole:
           tx        ty        tz    |    rx        ry        rz
  fx [   237.1        0        0 |        0    9.093    33.35 ]
  fy [       0    178.2        0 |   -6.832        0    3.689 ]
  fz [       0        0    108.1 |   -15.21   -2.239        0 ]
     ---------------------------+---------------------------
  mx [       0   -6.832   -15.21 |    3.806   0.3149  -0.1965 ]
  my [   9.093        0   -2.239 |   0.3149     2.47    1.279 ]
  mz [   33.35    3.689        0 |  -0.1965    1.279    5.548 ]
  (B) D_TCP eigenvalues = [0.7595, 1.379, 2.071, 110.3, 178.5, 242.2] -> PSD ok (>=0) (min=0.7595)
phase: grind

Stop requested with e + Enter. Finishing control loop...

Joint motion [deg]:
joint    start   final   delta
------------------------------
q1       -2.7    -4.9    -2.2
q2       18.1    32.9    14.8
q3       -5.1    -2.3     2.9
q4     -122.8  -120.1     2.7
q5       17.6    -0.4   -18.0
q6      139.5   143.0     3.6
q7       26.8    41.2    14.4

=== Final result ===
p_d = [528.7, -63.9, -133.3] mm
p_EE = [534.1, -70.5, 26.3] mm
e_p = [-5.4, 6.5, -159.5] mm
position_error = 159.73 mm
e_R = [0.71, -4.88, 0.12] deg
rotation_error = 4.93 deg
csv: surface_grinding_controller_log.csv
