
====================================================================
  SURFACE GRINDING CONTROLLER
====================================================================
  robot              172.16.0.2
--------------------------------------------------------------------

Press Enter to recover and configure the robot.
  Robot recovered or already ready.

====================================================================
  STARTUP MODE
====================================================================
  run     s   run the phase sequence from q_init
          h   hold the q_init pose
          t   hold with the set-up impedance, to test those gains
          g   hand-guide the start pose, then choose
--------------------------------------------------------------------
  set up  q   go to q_init and inspect
          o   open the hand now
          c   grasp the tool now
          r   recalibrate the hand width, fingers empty
          f   fetch the tool from the holder
          b   put the tool back
--------------------------------------------------------------------
  quit    e   stop and quit
--------------------------------------------------------------------
  in a run    e stop | m menu | g hand-guide | s sequence | t hold
--------------------------------------------------------------------
Choice [s/h/t/g/q/o/c/r/f/b/e]: 
-- selected: phase sequence ----------------------------------------

-- moving to q_init ------------------------------------------------
  case               horizontal_table_search
  q1..q7 [deg]     = [0.8, 12.1, -0.5, -130.9, -0.2, 142.9, 44.7] deg
  horizontal_table_search = [0.014777, 0.210911, -0.009320, -2.284835, -0.002725, 2.493410, 0.780694] rad
  q_init reached.

-- start pose ------------------------------------------------------
  q_start          = [0.8, 12.1, -0.5, -130.9, -0.2, 142.9, 44.7] deg
  p_start          = [    531.3,       2.3,     156.8] mm

====================================================================
  RUN
====================================================================

-- phase: approach_orient ------------------------------------------
  Kp [t1,t2,n]     = [    150.0,     150.0,     150.0] N/m
  Dp [t1,t2,n]     = [    126.5,     103.6,     128.3] Ns/m     auto (factor 1.90)
  KR [t1,t2,n]     = [     90.0,      90.0,      90.0] Nm/rad
  DR [t1,t2,n]     = [     13.5,      15.8,       2.0] Nms/rad  auto (factor 1.90)
orient:     t=  0.0 s | axis_err=  9.0 deg | spin_err=  0.8 deg
orient:     t=  0.2 s | axis_err=  8.1 deg | spin_err=  0.6 deg
orient:     t=  0.4 s | axis_err=  5.7 deg | spin_err=  0.1 deg
orient:     t=  0.6 s | axis_err=  3.3 deg | spin_err=  0.3 deg
orient:     t=  0.8 s | axis_err=  2.7 deg | spin_err=  0.4 deg
orient:     t=  1.0 s | axis_err=  2.6 deg | spin_err=  0.4 deg
orient:     t=  1.2 s | axis_err=  2.5 deg | spin_err=  0.4 deg
orient:     t=  1.4 s | axis_err=  2.4 deg | spin_err=  0.4 deg
orient:     t=  1.6 s | axis_err=  2.4 deg | spin_err=  0.3 deg
orient:     t=  1.8 s | axis_err=  2.4 deg | spin_err=  0.3 deg
orient:     t=  2.0 s | axis_err=  2.4 deg | spin_err=  0.3 deg
orient:     t=  2.2 s | axis_err=  2.4 deg | spin_err=  0.3 deg
orient:     t=  2.4 s | axis_err=  2.4 deg | spin_err=  0.3 deg
orient:     t=  2.6 s | axis_err=  2.4 deg | spin_err=  0.3 deg
orient:     t=  2.8 s | axis_err=  2.4 deg | spin_err=  0.3 deg
orient:     t=  3.0 s | axis_err=  2.4 deg | spin_err=  0.3 deg
orient:     t=  3.2 s | axis_err=  2.4 deg | spin_err=  0.3 deg
orient:     t=  3.4 s | axis_err=  2.4 deg | spin_err=  0.3 deg
orient:     t=  3.6 s | axis_err=  2.4 deg | spin_err=  0.3 deg
orient:     t=  3.8 s | axis_err=  2.4 deg | spin_err=  0.4 deg
orient:     t=  4.0 s | axis_err=  2.4 deg | spin_err=  0.4 deg
orient:     t=  4.2 s | axis_err=  2.4 deg | spin_err=  0.4 deg
orient:     t=  4.4 s | axis_err=  2.4 deg | spin_err=  0.4 deg
orient:     t=  4.6 s | axis_err=  2.4 deg | spin_err=  0.4 deg
orient:     t=  4.8 s | axis_err=  2.4 deg | spin_err=  0.4 deg

Orientation settled short of the 2.0 deg gate after 5.0 s: axis_err=2.4 deg | spin_err=0.4 deg

-- phase: approach_descend -----------------------------------------
  Kp [t1,t2,n]     = [    150.0,     150.0,     150.0] N/m
  Dp [t1,t2,n]     = [    126.5,     103.6,     128.3] Ns/m     auto (factor 1.90)
  KR [t1,t2,n]     = [     90.0,      90.0,      90.0] Nm/rad
  DR [t1,t2,n]     = [     13.5,      15.8,       2.0] Nms/rad  auto (factor 1.90)
  descend to         20 mm clearance at 0.100 m/s
descend:    t=  0.0 s | distance=   0.1 mm | height=+136.5 mm (target 20.0) | force=  0.0 N
descend:    t=  0.2 s | distance=  20.1 mm | height=+125.2 mm (target 20.0) | force=  0.5 N
descend:    t=  0.4 s | distance=  40.1 mm | height=+108.1 mm (target 20.0) | force=  0.6 N
descend:    t=  0.6 s | distance=  60.1 mm | height= +90.0 mm (target 20.0) | force=  1.1 N
descend:    t=  0.8 s | distance=  80.1 mm | height= +71.6 mm (target 20.0) | force=  0.8 N
descend:    t=  1.0 s | distance= 100.1 mm | height= +52.8 mm (target 20.0) | force= -0.4 N
descend:    t=  1.2 s | distance= 120.1 mm | height= +34.1 mm (target 20.0) | force=  1.2 N

[GATE] Reached 20 mm above the plane. Press Enter to start the set-up press (e+Enter stops).

-- gate hold -------------------------------------------------------
  Kp [x,y,z]       = [   5000.0,    5000.0,    5000.0] N/m
  Dp [x,y,z]       = [    205.1,     145.7,     252.2] Ns/m     auto
  KR [t1,t2,n]     = [     90.0,      90.0,      90.0] Nm/rad
  DR [t1,t2,n]     = [     13.8,      12.0,       2.5] Nms/rad  auto
[GATE] Continuing to the set-up press.

Clearance reached: distance=134.9 mm | height=19.9 mm | target=20.0 mm | force=-0.6 N (not used for the switch)
  offset_ee        = [    -20.0,      60.0,      20.0] mm
  p_EE_at_contact  = [    536.1,       8.0,      44.3] mm
  contact_point    = [    518.6,     -52.3,       1.5] mm
  edge_offset      = [    -17.5,     -60.4,     -42.8] mm

-- phase: set_up ---------------------------------------------------

-- set-up impedance ------------------------------------------------
  law                wrench = K_TCP*dx + D_TCP*dv
                     K_TCP  = Ad(r_c)^T * blkdiag(Kp,KR) * Ad(r_c)
  Kp [t1,t2,n]     = [   2000.0,    2000.0,     800.0] N/m
  Dp [t1,t2,n]     = [    212.3,     180.2,     174.6] Ns/m     auto
  KR [t1,t2,n]     = [      5.0,       5.0,      50.0] Nm/rad
  DR [t1,t2,n]     = [      1.9,       1.7,       1.1] Nms/rad  auto
  p_c [EE]         = [     17.9,      -8.4,       3.0] mm       the pole on the tool, from p_EE
  r_c [t1,t2,n]    = [     20.0,       0.0,       0.0] mm       commanded: p_TCP - p_c, in the plane
set_up:     t=  0.0 s | tip=  0.0 deg | F=  0.1 N | M=  0.0 Nm (limit 150.0) | edge= 19.8 mm
set_up:     t=  0.2 s | tip=  0.4 deg | F=  1.6 N | M=  1.5 Nm (limit 150.0) | edge= 10.7 mm
set_up:     t=  0.4 s | tip=  0.9 deg | F=  2.0 N | M=  1.6 Nm (limit 150.0) | edge=  4.7 mm
set_up:     t=  0.6 s | tip=  1.2 deg | F= 12.7 N | M=  7.5 Nm (limit 150.0) | edge=  2.1 mm
set_up:     t=  0.8 s | tip=  1.2 deg | F= 20.2 N | M= 11.5 Nm (limit 150.0) | edge=  1.4 mm
set_up:     t=  1.0 s | tip=  1.2 deg | F= 28.3 N | M= 15.9 Nm (limit 150.0) | edge=  1.4 mm
set_up:     t=  1.2 s | tip=  1.3 deg | F= 35.6 N | M= 19.8 Nm (limit 150.0) | edge=  1.9 mm
set_up:     t=  1.4 s | tip=  1.4 deg | F= 43.7 N | M= 24.1 Nm (limit 150.0) | edge=  2.4 mm
set_up:     t=  1.6 s | tip=  1.5 deg | F= 51.9 N | M= 28.5 Nm (limit 150.0) | edge=  2.7 mm
set_up:     t=  1.8 s | tip=  1.5 deg | F= 46.0 N | M= 25.4 Nm (limit 150.0) | edge=  2.6 mm
set_up:     t=  2.0 s | tip=  1.5 deg | F= 45.8 N | M= 25.2 Nm (limit 150.0) | edge=  2.6 mm
set_up:     t=  2.2 s | tip=  1.5 deg | F= 45.7 N | M= 25.2 Nm (limit 150.0) | edge=  2.6 mm
set_up:     t=  2.4 s | tip=  1.5 deg | F= 45.7 N | M= 25.2 Nm (limit 150.0) | edge=  2.6 mm
set_up:     t=  2.6 s | tip=  1.5 deg | F= 45.8 N | M= 25.2 Nm (limit 150.0) | edge=  2.6 mm
set_up:     t=  2.8 s | tip=  1.5 deg | F= 45.8 N | M= 25.3 Nm (limit 150.0) | edge=  2.6 mm
set_up:     t=  3.0 s | tip=  1.5 deg | F= 45.7 N | M= 25.2 Nm (limit 150.0) | edge=  2.6 mm
set_up:     t=  3.2 s | tip=  1.5 deg | F= 45.9 N | M= 25.3 Nm (limit 150.0) | edge=  2.6 mm
set_up:     t=  3.4 s | tip=  1.5 deg | F= 45.7 N | M= 25.2 Nm (limit 150.0) | edge=  2.6 mm
set_up:     t=  3.6 s | tip=  1.5 deg | F= 45.8 N | M= 25.3 Nm (limit 150.0) | edge=  2.6 mm
set_up:     t=  3.8 s | tip=  1.5 deg | F= 45.7 N | M= 25.2 Nm (limit 150.0) | edge=  2.6 mm
set_up:     t=  4.0 s | tip=  1.5 deg | F= 45.6 N | M= 25.2 Nm (limit 150.0) | edge=  2.6 mm
set_up:     t=  4.2 s | tip=  1.5 deg | F= 45.6 N | M= 25.2 Nm (limit 150.0) | edge=  2.6 mm
set_up:     t=  4.4 s | tip=  1.5 deg | F= 45.7 N | M= 25.2 Nm (limit 150.0) | edge=  2.6 mm
set_up:     t=  4.6 s | tip=  1.5 deg | F= 45.6 N | M= 25.2 Nm (limit 150.0) | edge=  2.6 mm
set_up:     t=  4.8 s | tip=  1.5 deg | F= 45.6 N | M= 25.2 Nm (limit 150.0) | edge=  2.6 mm

====================================================================
  SET-UP RESULT
====================================================================
  stop: time | t=5.0 s | tip=1.5 deg | F=45.5 N | M=25.2 Nm
  edge_from_contact = [+0.1, -0.0, -2.6] mm | norm=2.6 mm
  tcp_from_contact  = [+17.7, +60.0, +19.7] mm | norm=65.5 mm
  alignment: before=8.43 deg | after=6.98 deg | gain=+1.45 deg
  alignment components [t1,t2,n] deg: before=[-1.67,-8.27,+0.00] | after=[-1.16,-6.89,+0.00]

-- set-up surface-frame breakdown ----------------------------------
  frame              alignment-target [tangent1, tangent2, normal]
  force        [N]      = [    +2.30,     +0.02,    -45.48]
  tcp_disp     [mm]     = [    -0.57,     +0.05,    -23.04]
  edge_disp    [mm]     = [    -0.20,     +0.03,     -2.57]
  Kp_eff=F/tcp [N/m]    = [  -4034.0,       n/a,    1974.4]
  moment@edge  [Nm]     = [    -8.06,    -24.79,     -0.55]
  tip_angle    [deg]    = [    +0.48,     +1.38,     -0.27]
  KR_eff=M/ang [Nm/rad] = [   -956.4,   -1026.7,     117.8]

-- centre of compliance --------------------------------------------
  definition         r_c = p_TCP - p_c
  p_TCP [x,y,z]    = [    536.1,       8.0,      44.3] mm
  p_c [EE]         = [     17.9,      -8.4,       3.0] mm
  r_c [t1,t2,n]    = [     20.0,      -0.0,       0.0] mm
                     p_c resolved at first contact

-- what the TCP feels ----------------------------------------------
  K_TCP translation = [   1999.6,    1999.1,     801.3] N/m
  K_TCP rotation   = [      5.1,       5.3,      50.8] Nm/rad
  commanded KR was = [      5.0,       5.0,      50.0] Nm/rad   the rest is the lever
  D_TCP translation = [    206.5,     185.9,     174.7] Ns/m
  D_TCP rotation   = [      1.9,       1.8,       1.2] Nms/rad
  coupling           max |moment per unit translation| = 36.2 Nm/m (K), 3.3 Nms/m (D)
  eigenvalues        K_TCP 5.00 .. 2001 | D_TCP 1.12 .. 212  (both positive: valid springs)

  K_TCP [N/m, Nm/rad | rows fx..mz, cols tx..rz]:
           tx        ty        tz    |    rx        ry        rz
  fx [    2000  -0.5725   -20.68 |  -0.1752  -0.7184   -16.92 ]
  fy [ -0.5725     1999   -33.18 |   0.8122   0.6014    36.22 ]
  fz [  -20.68   -33.18    801.3 |    6.758    -14.5  -0.4261 ]
     ---------------------------+---------------------------
  mx [ -0.1752   0.8122    6.758 |    5.071  -0.1009   0.7918 ]
  my [ -0.7184   0.6014    -14.5 |  -0.1009    5.298    1.261 ]
  mz [  -16.92    36.22  -0.4261 |   0.7918    1.261    50.75 ]

  D_TCP [Ns/m, Nms/rad]:
           tx        ty        tz    |    rx        ry        rz
  fx [   206.5    12.31  -0.8911 | -0.0008072 -0.09675   -1.524 ]
  fy [   12.31    185.9  -0.5243 |  0.09718  0.00277    3.264 ]
  fz [ -0.8911  -0.5243    174.7 |    1.477   -3.163 -0.001963 ]
     ---------------------------+---------------------------
  mx [-0.0008072  0.09718    1.477 |    1.889  0.06847 -0.01394 ]
  my [-0.09675  0.00277   -3.163 |  0.06847    1.774 -0.01731 ]
  mz [  -1.524    3.264 -0.001963 | -0.01394 -0.01731    1.192 ]

[GATE] Set up finished (holding the pressed pose). Press Enter to start the grind (e+Enter stops).

Stop requested with e + Enter. Finishing control loop...

-- joint motion [deg] ----------------------------------------------
  joint       start    final    delta
  q1            0.8      0.7     -0.1
  q2           12.1     30.7    +18.6
  q3           -0.5      0.1     +0.7
  q4         -130.9   -131.8     -0.9
  q5           -0.2      0.8     +1.0
  q6          142.9    168.6    +25.7
  q7           44.7     44.9     +0.1

====================================================================
  FINAL RESULT
====================================================================
  p_d              = [    534.8,       5.8,     -35.5] mm
  p_EE             = [    536.3,       7.6,      21.3] mm
  e_p              = [     -1.5,      -1.8,     -56.8] mm
  e_R              = [     0.14,     -1.47,     -0.23] deg
--------------------------------------------------------------------
  position error     56.84 mm
  rotation error     1.49 deg
  csv                logs/surface_grinding_controller_log.csv
--------------------------------------------------------------------
