
====================================================================
  SURFACE GRINDING CONTROLLER
====================================================================
  robot              172.16.0.2
--------------------------------------------------------------------

Press Enter to recover and configure the robot.
  Robot recovered or already ready.

====================================================================
  STARTUP MODE
====================================================================
  run     s   run the phase sequence from q_init
          h   hold the q_init pose
          t   hold with the set-up impedance, to test those gains
          g   hand-guide the start pose, then choose
--------------------------------------------------------------------
  set up  q   go to q_init and inspect
          o   open the hand now
          c   grasp the tool now
          r   recalibrate the hand width, fingers empty
          f   fetch the tool from the holder
          b   put the tool back
--------------------------------------------------------------------
  quit    e   stop and quit
--------------------------------------------------------------------
  in a run    e stop | m menu | g hand-guide | s sequence | t hold
--------------------------------------------------------------------
Choice [s/h/t/g/q/o/c/r/f/b/e]: 
-- selected: phase sequence ----------------------------------------

-- moving to q_init ------------------------------------------------
  case               horizontal_table_search
  q1..q7 [deg]     = [0.8, 12.1, -0.5, -130.9, -0.2, 142.9, 44.7] deg
  horizontal_table_search = [0.014777, 0.210911, -0.009320, -2.284835, -0.002725, 2.493410, 0.780694] rad
  q_init reached.

-- start pose ------------------------------------------------------
  q_start          = [0.8, 12.1, -0.5, -130.9, -0.2, 142.9, 44.7] deg
  p_start          = [    531.3,       2.3,     156.8] mm

====================================================================
  RUN
====================================================================

-- phase: approach_orient ------------------------------------------
  Kp [t1,t2,n]     = [    150.0,     150.0,     150.0] N/m
  Dp [t1,t2,n]     = [    126.5,     103.6,     128.3] Ns/m     auto (factor 1.90)
  KR [t1,t2,n]     = [     90.0,      90.0,      90.0] Nm/rad
  DR [t1,t2,n]     = [     13.5,      15.8,       2.0] Nms/rad  auto (factor 1.90)
orient:     t=  0.0 s | axis_err=  4.1 deg | spin_err=  0.8 deg
orient:     t=  0.2 s | axis_err=  3.1 deg | spin_err=  0.4 deg
orient:     t=  0.4 s | axis_err=  1.8 deg | spin_err=  0.1 deg

Orientation reached: axis_err=1.5 deg | spin_err=0.1 deg

-- phase: approach_descend -----------------------------------------
  Kp [t1,t2,n]     = [    150.0,     150.0,     150.0] N/m
  Dp [t1,t2,n]     = [    126.5,     103.6,     128.3] Ns/m     auto (factor 1.90)
  KR [t1,t2,n]     = [     90.0,      90.0,      90.0] Nm/rad
  DR [t1,t2,n]     = [     13.5,      15.8,       2.0] Nms/rad  auto (factor 1.90)
  descend to         20 mm clearance at 0.100 m/s
descend:    t=  0.0 s | distance=   0.1 mm | height=+137.7 mm (target 20.0) | force= -0.0 N
descend:    t=  0.2 s | distance=  20.1 mm | height=+126.1 mm (target 20.0) | force=  0.1 N
descend:    t=  0.4 s | distance=  40.1 mm | height=+108.3 mm (target 20.0) | force=  0.5 N
descend:    t=  0.6 s | distance=  60.2 mm | height= +89.7 mm (target 20.0) | force=  0.2 N
descend:    t=  0.8 s | distance=  80.3 mm | height= +70.8 mm (target 20.0) | force=  0.9 N
descend:    t=  1.0 s | distance= 100.4 mm | height= +51.9 mm (target 20.0) | force= -0.2 N
descend:    t=  1.2 s | distance= 120.5 mm | height= +33.1 mm (target 20.0) | force=  0.4 N

[GATE] Reached 20 mm above the plane. Press Enter to start the set-up press (e+Enter stops).

-- gate hold -------------------------------------------------------
  Kp [x,y,z]       = [   5000.0,    5000.0,    5000.0] N/m
  Dp [x,y,z]       = [    205.7,     149.3,     247.2] Ns/m     auto
  KR [t1,t2,n]     = [     90.0,      90.0,      90.0] Nm/rad
  DR [t1,t2,n]     = [     13.0,      12.6,       2.0] Nms/rad  auto
[GATE] Continuing to the set-up press.

Clearance reached: distance=134.5 mm | height=19.8 mm | target=20.0 mm | force=-0.2 N (not used for the switch)
  offset_ee        = [    -20.0,      60.0,      20.0] mm
  p_EE_at_contact  = [    531.1,       1.6,      42.4] mm
  contact_point    = [    512.0,     -59.1,       1.8] mm
  edge_offset      = [    -19.1,     -60.7,     -40.6] mm

-- phase: set_up ---------------------------------------------------

-- set-up impedance ------------------------------------------------
  law                wrench = K_TCP*dx + D_TCP*dv
                     K_TCP  = Ad(r_c)^T * blkdiag(Kp,KR) * Ad(r_c)
  Kp [t1,t2,n]     = [   2000.0,    2000.0,     800.0] N/m
  Dp [t1,t2,n]     = [    215.8,     183.5,     172.5] Ns/m     auto
  KR [t1,t2,n]     = [      5.0,       5.0,      50.0] Nm/rad
  DR [t1,t2,n]     = [      1.7,       1.7,       0.8] Nms/rad  auto
  p_c [EE]         = [     72.3,     -33.7,       6.0] mm       the pole on the tool, from p_EE
  r_c [t1,t2,n]    = [     80.0,       0.0,       0.0] mm       commanded: p_TCP - p_c, in the plane
set_up:     t=  0.0 s | tip=  0.0 deg | F=  0.2 N | M=  0.1 Nm (limit 150.0) | edge= 19.7 mm
set_up:     t=  0.2 s | tip=  0.3 deg | F=  1.4 N | M=  0.8 Nm (limit 150.0) | edge= 10.7 mm
set_up:     t=  0.4 s | tip=  0.8 deg | F=  1.9 N | M=  1.0 Nm (limit 150.0) | edge=  4.7 mm
set_up:     t=  0.6 s | tip=  1.1 deg | F= 11.9 N | M=  7.1 Nm (limit 150.0) | edge=  1.9 mm
set_up:     t=  0.8 s | tip=  1.2 deg | F= 18.2 N | M= 10.6 Nm (limit 150.0) | edge=  1.8 mm
set_up:     t=  1.0 s | tip=  1.5 deg | F= 27.1 N | M= 15.7 Nm (limit 150.0) | edge=  2.1 mm
set_up:     t=  1.2 s | tip=  2.3 deg | F= 33.4 N | M= 19.5 Nm (limit 150.0) | edge=  2.2 mm
set_up:     t=  1.4 s | tip=  3.7 deg | F= 39.0 N | M= 22.6 Nm (limit 150.0) | edge=  2.6 mm
set_up:     t=  1.6 s | tip=  5.7 deg | F= 44.9 N | M= 25.9 Nm (limit 150.0) | edge=  2.9 mm
set_up:     t=  1.8 s | tip=  6.9 deg | F= 38.6 N | M= 22.7 Nm (limit 150.0) | edge=  3.1 mm
set_up:     t=  2.0 s | tip=  6.9 deg | F= 38.8 N | M= 22.6 Nm (limit 150.0) | edge=  3.2 mm
set_up:     t=  2.2 s | tip=  6.9 deg | F= 38.8 N | M= 22.6 Nm (limit 150.0) | edge=  3.2 mm
set_up:     t=  2.4 s | tip=  6.9 deg | F= 38.8 N | M= 22.6 Nm (limit 150.0) | edge=  3.2 mm
set_up:     t=  2.6 s | tip=  6.9 deg | F= 38.8 N | M= 22.6 Nm (limit 150.0) | edge=  3.2 mm
set_up:     t=  2.8 s | tip=  6.9 deg | F= 38.9 N | M= 22.6 Nm (limit 150.0) | edge=  3.2 mm
set_up:     t=  3.0 s | tip=  6.9 deg | F= 39.1 N | M= 22.7 Nm (limit 150.0) | edge=  3.2 mm
set_up:     t=  3.2 s | tip=  6.9 deg | F= 39.0 N | M= 22.6 Nm (limit 150.0) | edge=  3.2 mm
set_up:     t=  3.4 s | tip=  6.9 deg | F= 38.9 N | M= 22.6 Nm (limit 150.0) | edge=  3.2 mm
set_up:     t=  3.6 s | tip=  6.9 deg | F= 38.9 N | M= 22.6 Nm (limit 150.0) | edge=  3.2 mm
set_up:     t=  3.8 s | tip=  6.9 deg | F= 38.8 N | M= 22.6 Nm (limit 150.0) | edge=  3.2 mm
set_up:     t=  4.0 s | tip=  6.9 deg | F= 39.0 N | M= 22.6 Nm (limit 150.0) | edge=  3.2 mm
set_up:     t=  4.2 s | tip=  6.9 deg | F= 39.0 N | M= 22.7 Nm (limit 150.0) | edge=  3.2 mm
set_up:     t=  4.4 s | tip=  6.9 deg | F= 39.0 N | M= 22.6 Nm (limit 150.0) | edge=  3.2 mm
set_up:     t=  4.6 s | tip=  6.9 deg | F= 39.0 N | M= 22.7 Nm (limit 150.0) | edge=  3.2 mm
set_up:     t=  4.8 s | tip=  6.9 deg | F= 39.0 N | M= 22.7 Nm (limit 150.0) | edge=  3.2 mm

====================================================================
  SET-UP RESULT
====================================================================
  stop: time | t=5.0 s | tip=6.9 deg | F=39.0 N | M=22.7 Nm
  edge_from_contact = [-3.2, -0.3, -0.0] mm | norm=3.2 mm
  tcp_from_contact  = [+18.0, +59.9, +18.2] mm | norm=65.2 mm
  alignment: before=4.03 deg | after=3.33 deg | gain=+0.70 deg
  alignment components [t1,t2,n] deg: before=[-0.45,-4.01,-0.00] | after=[+2.38,+2.34,+0.00]

-- set-up surface-frame breakdown ----------------------------------
  frame              alignment-target [tangent1, tangent2, normal]
  force        [N]      = [    +0.19,     -0.00,    -39.02]
  tcp_disp     [mm]     = [    +0.69,     -0.13,    -22.39]
  edge_disp    [mm]     = [    +2.97,     -1.10,     -0.06]
  Kp_eff=F/tcp [N/m]    = [    273.6,       9.8,    1742.9]
  moment@edge  [Nm]     = [    -6.58,    -22.78,     -0.01]
  tip_angle    [deg]    = [    +2.83,     +6.34,     -0.13]
  KR_eff=M/ang [Nm/rad] = [   -133.3,    -205.8,       2.6]

-- centre of compliance --------------------------------------------
  definition         r_c = p_TCP - p_c
  p_TCP [x,y,z]    = [    531.1,       1.6,      42.4] mm
  p_c [EE]         = [     72.3,     -33.7,       6.0] mm
  r_c [t1,t2,n]    = [     80.0,      -0.0,       0.0] mm
                     p_c resolved at first contact

-- what the TCP feels ----------------------------------------------
  K_TCP translation = [   1999.6,    1999.1,     801.3] N/m
  K_TCP rotation   = [      5.9,       9.2,      62.7] Nm/rad
  commanded KR was = [      5.0,       5.0,      50.0] Nm/rad   the rest is the lever
  D_TCP translation = [    210.0,     189.3,     172.6] Ns/m
  D_TCP rotation   = [      1.9,       2.6,       2.0] Nms/rad
  coupling           max |moment per unit translation| = 144.9 Nm/m (K), 13.3 Nms/m (D)
  eigenvalues        K_TCP 4.97 .. 2013 | D_TCP 0.83 .. 216  (both positive: valid springs)

  K_TCP [N/m, Nm/rad | rows fx..mz, cols tx..rz]:
           tx        ty        tz    |    rx        ry        rz
  fx [    2000  -0.5725   -20.68 |  -0.7009   -2.874   -67.69 ]
  fy [ -0.5725     1999   -33.18 |    3.249    2.405    144.9 ]
  fz [  -20.68   -33.18    801.3 |    27.03   -58.02   -1.705 ]
     ---------------------------+---------------------------
  mx [ -0.7009    3.249    27.03 |    5.935   -1.936    1.035 ]
  my [  -2.874    2.405   -58.02 |   -1.936    9.245    1.516 ]
  mz [  -67.69    144.9   -1.705 |    1.035    1.516    62.74 ]

  D_TCP [Ns/m, Nms/rad]:
           tx        ty        tz    |    rx        ry        rz
  fx [     210    12.35  -0.9882 | -0.006422  -0.3875   -6.208 ]
  fy [   12.35    189.3  -0.6769 |    0.391  0.02204     13.3 ]
  fz [ -0.9882  -0.6769    172.6 |    5.836    -12.5 -0.01562 ]
     ---------------------------+---------------------------
  mx [-0.006422    0.391    5.836 |    1.919  -0.4045  0.01275 ]
  my [ -0.3875  0.02204    -12.5 |  -0.4045    2.595 -0.009253 ]
  mz [  -6.208     13.3 -0.01562 |  0.01275 -0.009253    2.009 ]

[GATE] Set up finished (holding the pressed pose). Press Enter to start the grind (e+Enter stops).

Stop requested with e + Enter. Finishing control loop...

-- joint motion [deg] ----------------------------------------------
  joint       start    final    delta
  q1            0.8      0.8     -0.1
  q2           12.1     31.3    +19.2
  q3           -0.5     -0.6     -0.0
  q4         -130.9   -126.5     +4.4
  q5           -0.2     -0.2     -0.0
  q6          142.9    154.0    +11.2
  q7           44.7     45.3     +0.6

====================================================================
  FINAL RESULT
====================================================================
  p_d              = [    529.7,      -0.7,     -37.4] mm
  p_EE             = [    530.0,       0.8,      20.1] mm
  e_p              = [     -0.3,      -1.4,     -57.4] mm
  e_R              = [     0.12,     -6.94,      0.06] deg
--------------------------------------------------------------------
  position error     57.44 mm
  rotation error     6.95 deg
  csv                logs/surface_grinding_controller_log.csv
--------------------------------------------------------------------
