
Press Enter to recover and configure the robot.
Robot recovered or already ready.
Collision: custom thresholds.

=== Startup choice ===
  q = go to q_init (from params/common.txt), then choose again
  g = guiding mode: go to q_init, then hand-guide to your pose;
      use s+Enter for sequence or h+Enter for hold
  o = open the Franka hand now (release/load tool), then choose again
  c = close/grasp the tool now, then choose again
  r = continue to run mode (available after q_init is reached)
Choice [q/g/o/c/r, Enter = q]: Moving to q_init...
q_init reached.

=== Startup choice ===
  q = go to q_init (from params/common.txt), then choose again
  g = guiding mode: go to q_init, then hand-guide to your pose;
      use s+Enter for sequence or h+Enter for hold
  o = open the Franka hand now (release/load tool), then choose again
  c = close/grasp the tool now, then choose again
  r = continue to run mode
Choice [q/g/o/c/r, Enter = q]: Moving to q_init...
q_init reached.

=== Startup choice ===
  q = go to q_init (from params/common.txt), then choose again
  g = guiding mode: go to q_init, then hand-guide to your pose;
      use s+Enter for sequence or h+Enter for hold
  o = open the Franka hand now (release/load tool), then choose again
  c = close/grasp the tool now, then choose again
  r = continue to run mode
Choice [q/g/o/c/r, Enter = q]: Moving to q_init...
q_init reached.

=== Startup choice ===
  q = go to q_init (from params/common.txt), then choose again
  g = guiding mode: go to q_init, then hand-guide to your pose;
      use s+Enter for sequence or h+Enter for hold
  o = open the Franka hand now (release/load tool), then choose again
  c = close/grasp the tool now, then choose again
  r = continue to run mode
Choice [q/g/o/c/r, Enter = q]: 
=== Run mode ===
  s = phase sequence (approach / set up / grind)
  h = hold at the start pose
Choice [s/h, Enter = s]: Selected: phase sequence. Nullspace mode from parameters: nullspace_damping_plus_sigma.

=== Setup ===
run: phase sequence | approach_orient: on | nullspace: nullspace_damping_plus_sigma
nullspace parameters: d_null=2.000 | k_sigma=1.000 Nm | alpha=0.0800 rad
hold: Kp=300.0 N/m | KR=40.0 Nm/rad | damping=auto translation+rotation (factor fitted online toward Dp=50.0 Ns/m)
manual_guidance_start: off | manual_damping=0.50
descend: clearance=20.0 mm | speed=0.100 m/s | max_distance=640 mm
alignment push: start=captured | end=+180 mm | speed=0.050 m/s | ramp_time~=4.0 s | timeout=12.0 s | moment_threshold=150.0 Nm
grind: sweep | axis=tangent2 | amplitude=30 mm | frequency=0.20 Hz
coupled stiffness: apply=on | saved=yes | pole=manual
gates: pause_before_set_up=on | pause_auto_damping=on | pause_before_grind=off | debug_period=0.20 s
alignment-target normal=[+0.087, -0.000, +0.996] | tilt a(x)=0.0 deg, b(y)=5.0 deg (from angles)
tool face: 40 x 120 mm | center offset EE=[+0.0, +0.0, +20.0] mm
Gripper already holding the tool (width 65.4 mm); keeping grasp.
Press e+Enter to stop the controller before the duration expires.
During hold: press g+Enter to hand-guide the tool, then p+Enter to recapture and resume hold.
experiment_duration <= 0: running indefinitely until e + Enter.

=== Start pose ===
q_start = [-2.8, 18.1, -5.1, -122.8, 17.5, 139.5, 26.8] deg
p_start = [565.0, -59.5, 151.0] mm

=== Run ===
phase: approach_orient
orient:     t=  0.0 s | axis_err= 11.4 deg | rot_err= 11.4 deg
approach Dp        auto=[ 134.13,   97.25,  122.30]  manual=[  20.00,   20.00,   20.00] Ns/m
approach DR        auto=[  12.73,   16.36,    4.08]  manual=[  12.00,   12.00,   12.00] Nms/rad
orient:     t=  0.2 s | axis_err=  4.5 deg | rot_err=  4.5 deg
orient:     t=  0.4 s | axis_err=  2.3 deg | rot_err=  2.3 deg

Orientation reached: axis_err=1.8 deg
phase: approach_descend
descend:    t=  0.0 s | distance=   0.1 mm | height= +97.6 mm (target 20.0) | force= -0.0 N
descend:    t=  0.2 s | distance=  20.1 mm | height= +85.7 mm (target 20.0) | force=  0.2 N
descend:    t=  0.4 s | distance=  40.1 mm | height= +68.6 mm (target 20.0) | force=  1.7 N
descend:    t=  0.6 s | distance=  60.2 mm | height= +51.0 mm (target 20.0) | force=  1.9 N
descend:    t=  0.8 s | distance=  80.3 mm | height= +33.2 mm (target 20.0) | force=  1.6 N

[GATE] Reached 20 mm above the plane. Press Enter to start the set-up press (e+Enter stops).
pause auto damping: fitted Dp factor=0.551, DR factor=1.961
pause Dp [xyz]     auto=[ 206.45,  155.19,  224.99]  manual=[ 200.00,  200.00,  200.00] Ns/m
pause DR [t1t2n]   auto=[  11.73,   17.28,    2.04]  manual=[  12.73,   16.36,    4.08] Nms/rad
[GATE] Continuing to the set-up press.
descend:    t=  2.1 s | distance=  95.3 mm | height= +19.6 mm (target 20.0) | force=  0.5 N

Clearance reached: distance=95.3 mm | height=19.6 mm | target=20.0 mm | force=0.5 N (not used for the switch)
offset_ee = [20.0, 60.0, 20.0] mm
p_EE_at_contact = [545.2, -65.6, 65.6] mm
contact_point = [558.9, -126.3, 24.2] mm
edge_offset_base = [13.7, -60.7, -41.4] mm
phase: set_up
set_up Dp [xyz]    auto=[ 236.98,  178.17,  108.19]  manual=[  10.00,   10.00,  175.00] Ns/m
set_up DR [t1t2n]  auto=[   1.41,    2.07,    0.77]  manual=[  10.01,   10.01,   10.00] Nms/rad
set_up:     t=  0.0 s | tip=  0.0 deg | F=  0.0 N | M=  0.0 Nm (limit 150.0) | edge= 19.6 mm
set_up:     t=  0.2 s | tip=  0.5 deg | F=  1.5 N | M=  0.6 Nm (limit 150.0) | edge= 13.5 mm
set_up:     t=  0.4 s | tip=  1.0 deg | F=  1.7 N | M=  0.6 Nm (limit 150.0) | edge=  6.0 mm
set_up:     t=  0.6 s | tip=  1.3 deg | F=  2.3 N | M=  0.9 Nm (limit 150.0) | edge=  6.2 mm
set_up:     t=  0.8 s | tip=  1.9 deg | F=  1.5 N | M=  0.5 Nm (limit 150.0) | edge= 15.5 mm
set_up:     t=  1.0 s | tip=  2.2 deg | F=  9.9 N | M=  5.3 Nm (limit 150.0) | edge= 20.3 mm
set_up:     t=  1.2 s | tip=  2.2 deg | F= 12.6 N | M=  6.7 Nm (limit 150.0) | edge= 20.4 mm
set_up:     t=  1.4 s | tip=  2.2 deg | F= 16.0 N | M=  8.5 Nm (limit 150.0) | edge= 20.5 mm
set_up:     t=  1.6 s | tip=  2.2 deg | F= 19.7 N | M= 10.2 Nm (limit 150.0) | edge= 20.6 mm
set_up:     t=  1.8 s | tip=  2.2 deg | F= 23.1 N | M= 11.8 Nm (limit 150.0) | edge= 20.7 mm
set_up:     t=  2.0 s | tip=  2.1 deg | F= 27.6 N | M= 14.2 Nm (limit 150.0) | edge= 20.8 mm
set_up:     t=  2.2 s | tip=  1.9 deg | F= 31.9 N | M= 16.3 Nm (limit 150.0) | edge= 20.8 mm
set_up:     t=  2.4 s | tip=  1.6 deg | F= 36.5 N | M= 18.9 Nm (limit 150.0) | edge= 20.7 mm
set_up:     t=  2.6 s | tip=  1.0 deg | F= 39.6 N | M= 20.5 Nm (limit 150.0) | edge= 20.6 mm
set_up:     t=  2.8 s | tip=  0.7 deg | F= 43.5 N | M= 22.4 Nm (limit 150.0) | edge= 20.4 mm
set_up:     t=  3.0 s | tip=  0.8 deg | F= 46.3 N | M= 23.8 Nm (limit 150.0) | edge= 20.0 mm
set_up:     t=  3.2 s | tip=  1.5 deg | F= 48.9 N | M= 25.1 Nm (limit 150.0) | edge= 19.6 mm
set_up:     t=  3.4 s | tip=  2.6 deg | F= 52.4 N | M= 27.0 Nm (limit 150.0) | edge= 19.1 mm
set_up:     t=  3.6 s | tip=  3.9 deg | F= 54.8 N | M= 28.3 Nm (limit 150.0) | edge= 18.3 mm
set_up:     t=  3.8 s | tip=  5.4 deg | F= 57.3 N | M= 29.7 Nm (limit 150.0) | edge= 17.5 mm
set_up:     t=  4.0 s | tip=  7.1 deg | F= 61.5 N | M= 32.1 Nm (limit 150.0) | edge= 16.5 mm
set_up:     t=  4.2 s | tip=  8.2 deg | F= 56.1 N | M= 29.3 Nm (limit 150.0) | edge= 15.9 mm
set_up:     t=  4.4 s | tip=  8.6 deg | F= 56.5 N | M= 29.6 Nm (limit 150.0) | edge= 15.6 mm
set_up:     t=  4.6 s | tip=  8.7 deg | F= 56.2 N | M= 29.4 Nm (limit 150.0) | edge= 15.5 mm
set_up:     t=  4.8 s | tip=  8.9 deg | F= 56.5 N | M= 29.5 Nm (limit 150.0) | edge= 15.4 mm
set_up:     t=  5.0 s | tip=  9.2 deg | F= 56.1 N | M= 29.3 Nm (limit 150.0) | edge= 15.3 mm
set_up:     t=  5.2 s | tip=  9.3 deg | F= 55.6 N | M= 29.2 Nm (limit 150.0) | edge= 15.2 mm
set_up:     t=  5.4 s | tip=  9.3 deg | F= 55.5 N | M= 29.1 Nm (limit 150.0) | edge= 15.2 mm
set_up:     t=  5.6 s | tip=  9.3 deg | F= 55.5 N | M= 29.1 Nm (limit 150.0) | edge= 15.2 mm
set_up:     t=  5.8 s | tip=  9.3 deg | F= 55.4 N | M= 29.1 Nm (limit 150.0) | edge= 15.2 mm
set_up:     t=  6.0 s | tip=  9.3 deg | F= 55.4 N | M= 29.1 Nm (limit 150.0) | edge= 15.2 mm
set_up:     t=  6.2 s | tip=  9.3 deg | F= 55.3 N | M= 29.1 Nm (limit 150.0) | edge= 15.2 mm
set_up:     t=  6.4 s | tip=  9.3 deg | F= 55.3 N | M= 29.1 Nm (limit 150.0) | edge= 15.2 mm
set_up:     t=  6.6 s | tip=  9.3 deg | F= 55.3 N | M= 29.1 Nm (limit 150.0) | edge= 15.2 mm
set_up:     t=  6.8 s | tip=  9.3 deg | F= 55.3 N | M= 29.1 Nm (limit 150.0) | edge= 15.2 mm
set_up:     t=  7.0 s | tip=  9.3 deg | F= 55.3 N | M= 29.1 Nm (limit 150.0) | edge= 15.2 mm
set_up:     t=  7.2 s | tip=  9.3 deg | F= 55.2 N | M= 29.0 Nm (limit 150.0) | edge= 15.3 mm
set_up:     t=  7.4 s | tip=  9.3 deg | F= 55.2 N | M= 29.0 Nm (limit 150.0) | edge= 15.3 mm
set_up:     t=  7.6 s | tip=  9.3 deg | F= 55.1 N | M= 29.0 Nm (limit 150.0) | edge= 15.3 mm
set_up:     t=  7.8 s | tip=  9.3 deg | F= 55.1 N | M= 29.0 Nm (limit 150.0) | edge= 15.3 mm
set_up:     t=  8.0 s | tip=  9.3 deg | F= 55.1 N | M= 29.0 Nm (limit 150.0) | edge= 15.3 mm
set_up:     t=  8.2 s | tip=  9.3 deg | F= 55.1 N | M= 29.0 Nm (limit 150.0) | edge= 15.3 mm
set_up:     t=  8.4 s | tip=  9.3 deg | F= 55.1 N | M= 29.0 Nm (limit 150.0) | edge= 15.3 mm
set_up:     t=  8.6 s | tip=  9.3 deg | F= 55.1 N | M= 29.0 Nm (limit 150.0) | edge= 15.3 mm
set_up:     t=  8.8 s | tip=  9.3 deg | F= 55.1 N | M= 29.0 Nm (limit 150.0) | edge= 15.3 mm
set_up:     t=  9.0 s | tip=  9.3 deg | F= 55.1 N | M= 29.0 Nm (limit 150.0) | edge= 15.3 mm
set_up:     t=  9.2 s | tip=  9.3 deg | F= 55.1 N | M= 29.0 Nm (limit 150.0) | edge= 15.3 mm
set_up:     t=  9.4 s | tip=  9.3 deg | F= 55.1 N | M= 29.0 Nm (limit 150.0) | edge= 15.3 mm
set_up:     t=  9.6 s | tip=  9.3 deg | F= 55.1 N | M= 29.0 Nm (limit 150.0) | edge= 15.3 mm
set_up:     t=  9.8 s | tip=  9.3 deg | F= 55.1 N | M= 29.0 Nm (limit 150.0) | edge= 15.3 mm
set_up:     t= 10.0 s | tip=  9.3 deg | F= 55.1 N | M= 29.0 Nm (limit 150.0) | edge= 15.3 mm
set_up:     t= 10.2 s | tip=  9.3 deg | F= 55.1 N | M= 29.0 Nm (limit 150.0) | edge= 15.3 mm
set_up:     t= 10.4 s | tip=  9.3 deg | F= 55.1 N | M= 29.0 Nm (limit 150.0) | edge= 15.3 mm
set_up:     t= 10.6 s | tip=  9.3 deg | F= 55.1 N | M= 29.0 Nm (limit 150.0) | edge= 15.3 mm
set_up:     t= 10.8 s | tip=  9.3 deg | F= 55.1 N | M= 29.0 Nm (limit 150.0) | edge= 15.3 mm
set_up:     t= 11.0 s | tip=  9.3 deg | F= 55.1 N | M= 29.0 Nm (limit 150.0) | edge= 15.3 mm
set_up:     t= 11.2 s | tip=  9.3 deg | F= 55.1 N | M= 29.0 Nm (limit 150.0) | edge= 15.3 mm
set_up:     t= 11.4 s | tip=  9.3 deg | F= 55.1 N | M= 29.0 Nm (limit 150.0) | edge= 15.3 mm
set_up:     t= 11.6 s | tip=  9.3 deg | F= 55.1 N | M= 29.0 Nm (limit 150.0) | edge= 15.3 mm
set_up:     t= 11.8 s | tip=  9.3 deg | F= 55.1 N | M= 29.0 Nm (limit 150.0) | edge= 15.3 mm

=== Set-up result ===
stop: time | t=12.0 s | tip=9.3 deg | F=55.1 N | M=29.0 Nm
edge_from_contact = [-2.8, +0.3, -15.0] mm | norm=15.3 mm
tcp_from_contact  = [-21.0, +61.7, +2.4] mm | norm=65.2 mm
alignment: before=0.42 deg | after=9.06 deg | gain=-8.63 deg

=== Set-up surface-frame breakdown ===
frame: alignment-target [tangent1, tangent2, normal]
force        [N]      = [    +3.11,     -4.86,    -54.77]
tcp_disp     [mm]     = [    -3.91,     +1.00,    -39.47]
edge_disp    [mm]     = [    -1.53,     +0.32,    -15.19]
Kp_eff=F/tcp [N/m]    = [   -795.6,   -4858.6,    1387.6]
moment@edge  [Nm]     = [    +3.15,    +27.17,     -2.29]
tip_angle    [deg]    = [    +1.66,     +9.12,     +0.47]
KR_eff=M/ang [Nm/rad] = [    108.6,     170.7,    -281.0]

finite_axis: angle=9.3 deg | axis_from_edge=[+89.5, -15.8, -25.1] mm | dir=[-0.183, -0.983, -0.035] | pitch=+4.4 mm/rad

=== Coupled stiffness from the measured pole ===
source spring K_pole/D_pole (diagonal, from parameters):
  Kp [N/m]     = [2000, 2000, 350]
  KR [Nm/rad]  = [5, 5, 50]
  Dp [Ns/m]    = [10, 10, 175]
  DR [Nms/rad] = [10.01, 10.01, 10]

poles compared (lever r_c = TCP - pole):
  (A) measured axis : angle=9.3 deg | pitch=+4.4 mm/rad
      pole_from_edge = [92.2, -16.8, -10.1] mm
      r_c            = [-110.4, 78.2, 27.5] mm
  (B) manual pole   : COMMANDED this run, contact reference
      pole_from_edge = [-69.9, -0.3, 101.7] mm
      r_c            = [59.0, 60.7, -45.3] mm
      r_c(B)-r_c(A)  = [169.4, -17.5, -72.8] mm

K_TCP = Ad^T K_pole Ad  [rows fx..mz | cols tx..rz]:
  (A) measured axis:
           tx        ty        tz    |    rx        ry        rz
  fx [    2000        0        0 |        0      -55    156.3 ]
  fy [       0     2000        0 |       55        0    220.8 ]
  fz [       0        0      350 |   -27.35   -38.64        0 ]
     ---------------------------+---------------------------
  mx [       0       55   -27.35 |    8.992     3.02     9.98 ]
  my [     -55        0   -38.64 |     3.02    10.78   -4.299 ]
  mz [   156.3    220.8        0 |     9.98   -4.299    86.26 ]
  (A) K_TCP eigenvalues = [4.905, 4.998, 49.06, 356.5, 2002, 2039] -> PSD ok (>=0) (min=4.905)
  (B) manual pole:
           tx        ty        tz    |    rx        ry        rz
  fx [    2000        0        0 |        0    90.56    121.4 ]
  fy [       0     2000        0 |   -90.56        0     -118 ]
  fz [       0        0      350 |   -21.24    20.66        0 ]
     ---------------------------+---------------------------
  mx [       0   -90.56   -21.24 |    10.73   -1.254    9.252 ]
  my [   90.56        0    20.66 |   -1.254    10.32    5.496 ]
  mz [   121.4     -118        0 |    9.252    5.496    63.99 ]
  (B) K_TCP eigenvalues = [4.954, 4.992, 49.61, 352.5, 2004, 2019] -> PSD ok (>=0) (min=4.954)

D_TCP = Ad^T D_pole Ad:
  (A) measured axis:
           tx        ty        tz    |    rx        ry        rz
  fx [     237        0        0 |        0   -6.517    18.52 ]
  fy [       0    178.2        0 |      4.9        0    19.67 ]
  fz [       0        0    108.2 |   -8.455   -11.95        0 ]
     ---------------------------+---------------------------
  mx [       0      4.9   -8.455 |      2.2   0.9336   0.4858 ]
  my [  -6.517        0   -11.95 |   0.9336     3.57  -0.5093 ]
  mz [   18.52    19.67        0 |   0.4858  -0.5093    4.398 ]
  (A) D_TCP eigenvalues = [0.7598, 1.4, 2.045, 110.2, 180.4, 238.7] -> PSD ok (>=0) (min=0.7598)
  (B) manual pole:
           tx        ty        tz    |    rx        ry        rz
  fx [     237        0        0 |        0    10.73    14.38 ]
  fy [       0    178.2        0 |   -8.068        0   -10.52 ]
  fz [       0        0    108.2 |   -6.566    6.385        0 ]
     ---------------------------+---------------------------
  mx [       0   -8.068   -6.566 |    2.168  -0.3875    0.421 ]
  my [   10.73        0    6.385 |  -0.3875    2.934   0.6512 ]
  mz [   14.38   -10.52        0 |    0.421   0.6512    2.272 ]
  (B) D_TCP eigenvalues = [0.7682, 1.402, 2.06, 109, 179.2, 238.4] -> PSD ok (>=0) (min=0.7682)
phase: grind

Stop requested with e + Enter. Finishing control loop...

Joint motion [deg]:
joint    start   final   delta
------------------------------
q1       -2.8    -3.1    -0.4
q2       18.1    30.3    12.2
q3       -5.1    -2.9     2.2
q4     -122.8  -129.7    -6.9
q5       17.5     0.8   -16.7
q6      139.5   163.2    23.7
q7       26.8    42.1    15.3

=== Final result ===
p_d = [527.8, -68.2, -133.2] mm
p_EE = [535.3, -61.1, 26.4] mm
e_p = [-7.5, -7.0, -159.6] mm
position_error = 159.91 mm
e_R = [1.95, 8.16, 0.83] deg
rotation_error = 8.43 deg
csv: surface_grinding_controller_log.csv
