
====================================================================
  SURFACE GRINDING CONTROLLER
====================================================================
  robot              172.16.0.2
--------------------------------------------------------------------

Press Enter to recover and configure the robot.
  Robot recovered or already ready.

====================================================================
  STARTUP MODE
====================================================================
  run     s   run the phase sequence from q_init
          h   hold the q_init pose
          t   hold with the set-up impedance, to test those gains
          g   hand-guide the start pose, then choose
--------------------------------------------------------------------
  set up  q   go to q_init and inspect
          o   open the hand now
          c   grasp the tool now
          r   recalibrate the hand width, fingers empty
          f   fetch the tool from the holder
          b   put the tool back
--------------------------------------------------------------------
  quit    e   stop and quit
--------------------------------------------------------------------
  in a run    e stop | m menu | g hand-guide | s sequence | t hold
--------------------------------------------------------------------
Choice [s/h/t/g/q/o/c/r/f/b/e]: 
-- selected: phase sequence ----------------------------------------

-- moving to q_init ------------------------------------------------
  case               horizontal_table_search
  q1..q7 [deg]     = [0.8, 12.1, -0.5, -130.9, -0.2, 142.9, 44.7] deg
  horizontal_table_search = [0.014777, 0.210911, -0.009320, -2.284835, -0.002725, 2.493410, 0.780694] rad
  q_init reached.

-- start pose ------------------------------------------------------
  q_start          = [0.9, 12.1, -0.5, -130.9, -0.1, 142.9, 44.7] deg
  p_start          = [    531.1,       2.5,     156.7] mm

====================================================================
  RUN
====================================================================

-- phase: approach_orient ------------------------------------------
  Kp [t1,t2,n]     = [    150.0,     150.0,     150.0] N/m
  Dp [t1,t2,n]     = [    126.5,     103.6,     128.3] Ns/m     auto (factor 1.90)
  KR [t1,t2,n]     = [     90.0,      90.0,      90.0] Nm/rad
  DR [t1,t2,n]     = [     13.5,      15.8,       2.0] Nms/rad  auto (factor 1.90)
orient:     t=  0.0 s | axis_err=  9.0 deg | spin_err=  0.6 deg
orient:     t=  0.2 s | axis_err=  8.3 deg | spin_err=  0.0 deg
orient:     t=  0.4 s | axis_err=  5.8 deg | spin_err=  0.3 deg
orient:     t=  0.6 s | axis_err=  3.0 deg | spin_err=  0.2 deg
orient:     t=  0.8 s | axis_err=  2.3 deg | spin_err=  0.3 deg
orient:     t=  1.0 s | axis_err=  2.0 deg | spin_err=  0.2 deg

Orientation reached: axis_err=2.0 deg | spin_err=0.2 deg

-- phase: approach_descend -----------------------------------------
  Kp [t1,t2,n]     = [    150.0,     150.0,     150.0] N/m
  Dp [t1,t2,n]     = [    126.5,     103.6,     128.3] Ns/m     auto (factor 1.90)
  KR [t1,t2,n]     = [     90.0,      90.0,      90.0] Nm/rad
  DR [t1,t2,n]     = [     13.5,      15.8,       2.0] Nms/rad  auto (factor 1.90)
  descend to         20 mm clearance at 0.100 m/s
descend:    t=  0.0 s | distance=   0.1 mm | height=+121.8 mm (target 20.0) | force= -0.0 N
descend:    t=  0.2 s | distance=  20.2 mm | height=+110.4 mm (target 20.0) | force=  1.5 N
descend:    t=  0.4 s | distance=  40.3 mm | height= +95.5 mm (target 20.0) | force=  3.0 N
descend:    t=  0.6 s | distance=  60.4 mm | height= +79.7 mm (target 20.0) | force=  3.1 N
descend:    t=  0.8 s | distance=  80.5 mm | height= +63.3 mm (target 20.0) | force=  1.8 N
descend:    t=  1.0 s | distance= 100.6 mm | height= +46.4 mm (target 20.0) | force=  2.8 N
descend:    t=  1.2 s | distance= 120.7 mm | height= +29.6 mm (target 20.0) | force=  1.7 N

[GATE] Reached 20 mm above the plane. Press Enter to start the set-up press (e+Enter stops).

-- gate hold -------------------------------------------------------
  Kp [x,y,z]       = [   5000.0,    5000.0,    5000.0] N/m
  Dp [x,y,z]       = [    205.7,     156.8,     239.2] Ns/m     auto
  KR [t1,t2,n]     = [     90.0,      90.0,      90.0] Nm/rad
  DR [t1,t2,n]     = [     13.2,      12.6,       2.5] Nms/rad  auto
[GATE] Continuing to the set-up press.

Clearance reached: distance=132.7 mm | height=19.8 mm | target=20.0 mm | force=3.0 N (not used for the switch)
  offset_ee        = [     20.0,      60.0,      20.0] mm
  p_EE_at_contact  = [    509.2,       5.5,      48.2] mm
  contact_point    = [    526.3,     -53.1,       1.4] mm
  edge_offset      = [     17.1,     -58.6,     -46.8] mm

-- phase: set_up ---------------------------------------------------

-- set-up impedance ------------------------------------------------
  law                wrench = K_TCP*dx + D_TCP*dv
                     K_TCP  = Ad(r_c)^T * blkdiag(Kp,KR) * Ad(r_c)
  Kp [t1,t2,n]     = [   2000.0,    2000.0,     800.0] N/m
  Dp [t1,t2,n]     = [    218.6,     194.1,     169.2] Ns/m     auto
  KR [t1,t2,n]     = [      5.0,       5.0,      50.0] Nm/rad
  DR [t1,t2,n]     = [      1.8,       1.7,       1.1] Nms/rad  auto
  p_c [EE]         = [    -33.5,     -71.8,      11.0] mm       the pole on the tool, from p_EE
  r_c [t1,t2,n]    = [     -0.0,      80.0,      -0.0] mm       commanded: p_TCP - p_c, in the plane
set_up:     t=  0.0 s | tip=  0.0 deg | F=  0.0 N | M=  0.0 Nm (limit 150.0) | edge= 19.8 mm
set_up:     t=  0.2 s | tip=  0.6 deg | F=  0.5 N | M=  1.4 Nm (limit 150.0) | edge= 10.9 mm
set_up:     t=  0.4 s | tip=  1.0 deg | F=  0.5 N | M=  1.5 Nm (limit 150.0) | edge=  4.3 mm
set_up:     t=  0.6 s | tip=  1.2 deg | F= 11.7 N | M=  6.6 Nm (limit 150.0) | edge=  3.3 mm
set_up:     t=  0.8 s | tip=  1.2 deg | F= 17.7 N | M=  9.5 Nm (limit 150.0) | edge=  3.4 mm
set_up:     t=  1.0 s | tip=  1.3 deg | F= 25.6 N | M= 13.4 Nm (limit 150.0) | edge=  3.6 mm
set_up:     t=  1.2 s | tip=  1.4 deg | F= 32.1 N | M= 16.7 Nm (limit 150.0) | edge=  3.4 mm
set_up:     t=  1.4 s | tip=  2.1 deg | F= 38.8 N | M= 20.1 Nm (limit 150.0) | edge=  3.1 mm
set_up:     t=  1.6 s | tip=  4.0 deg | F= 41.4 N | M= 21.0 Nm (limit 150.0) | edge=  2.6 mm
set_up:     t=  1.8 s | tip=  4.8 deg | F= 33.8 N | M= 17.4 Nm (limit 150.0) | edge=  2.5 mm
set_up:     t=  2.0 s | tip=  5.0 deg | F= 34.2 N | M= 17.7 Nm (limit 150.0) | edge=  2.5 mm
set_up:     t=  2.2 s | tip=  5.0 deg | F= 34.2 N | M= 17.7 Nm (limit 150.0) | edge=  2.5 mm
set_up:     t=  2.4 s | tip=  5.0 deg | F= 34.3 N | M= 17.8 Nm (limit 150.0) | edge=  2.5 mm
set_up:     t=  2.6 s | tip=  5.0 deg | F= 34.4 N | M= 17.8 Nm (limit 150.0) | edge=  2.5 mm
set_up:     t=  2.8 s | tip=  5.0 deg | F= 34.4 N | M= 17.8 Nm (limit 150.0) | edge=  2.5 mm
set_up:     t=  3.0 s | tip=  5.0 deg | F= 34.3 N | M= 17.8 Nm (limit 150.0) | edge=  2.5 mm
set_up:     t=  3.2 s | tip=  5.0 deg | F= 34.2 N | M= 17.7 Nm (limit 150.0) | edge=  2.5 mm
set_up:     t=  3.4 s | tip=  5.0 deg | F= 34.3 N | M= 17.8 Nm (limit 150.0) | edge=  2.5 mm
set_up:     t=  3.6 s | tip=  5.0 deg | F= 34.6 N | M= 17.9 Nm (limit 150.0) | edge=  2.5 mm
set_up:     t=  3.8 s | tip=  5.0 deg | F= 34.4 N | M= 17.9 Nm (limit 150.0) | edge=  2.5 mm
set_up:     t=  4.0 s | tip=  5.0 deg | F= 34.4 N | M= 17.8 Nm (limit 150.0) | edge=  2.5 mm
set_up:     t=  4.2 s | tip=  5.0 deg | F= 34.3 N | M= 17.8 Nm (limit 150.0) | edge=  2.5 mm
set_up:     t=  4.4 s | tip=  5.0 deg | F= 34.4 N | M= 17.9 Nm (limit 150.0) | edge=  2.5 mm
set_up:     t=  4.6 s | tip=  5.0 deg | F= 34.4 N | M= 17.9 Nm (limit 150.0) | edge=  2.5 mm
set_up:     t=  4.8 s | tip=  5.0 deg | F= 34.3 N | M= 17.8 Nm (limit 150.0) | edge=  2.5 mm

====================================================================
  SET-UP RESULT
====================================================================
  stop: time | t=5.0 s | tip=5.0 deg | F=34.2 N | M=17.8 Nm
  edge_from_contact = [-0.1, -1.0, -2.3] mm | norm=2.5 mm
  tcp_from_contact  = [-18.3, +59.0, +19.3] mm | norm=64.7 mm
  alignment: before=8.22 deg | after=3.88 deg | gain=+4.34 deg
  alignment components [t1,t2,n] deg: before=[+8.04,+1.71,-0.00] | after=[+3.07,+2.36,+0.00]

-- set-up surface-frame breakdown ----------------------------------
  frame              alignment-target [tangent1, tangent2, normal]
  force        [N]      = [    +0.66,     +3.56,    -34.03]
  tcp_disp     [mm]     = [    +0.10,     -1.36,    -27.50]
  edge_disp    [mm]     = [    +0.47,     +0.85,     -2.30]
  Kp_eff=F/tcp [N/m]    = [   6666.6,   -2607.7,    1237.7]
  moment@edge  [Nm]     = [    -3.65,    -17.07,     -1.42]
  tip_angle    [deg]    = [    -4.97,     +0.67,     +0.07]
  KR_eff=M/ang [Nm/rad] = [     42.0,   -1462.8,   -1225.5]

-- centre of compliance --------------------------------------------
  definition         r_c = p_TCP - p_c
  p_TCP [x,y,z]    = [    509.2,       5.5,      48.2] mm
  p_c [EE]         = [    -33.5,     -71.8,      11.0] mm
  r_c [t1,t2,n]    = [     -0.0,      80.0,       0.0] mm
                     p_c resolved at first contact

-- what the TCP feels ----------------------------------------------
  K_TCP translation = [   1999.6,    1999.1,     801.3] N/m
  K_TCP rotation   = [      9.2,       6.0,      62.7] Nm/rad
  commanded KR was = [      5.0,       5.0,      50.0] Nm/rad   the rest is the lever
  D_TCP translation = [    214.2,     198.5,     169.2] Ns/m
  D_TCP rotation   = [      2.6,       1.9,       2.5] Nms/rad
  coupling           max |moment per unit translation| = 144.9 Nm/m (K), 15.8 Nms/m (D)
  eigenvalues        K_TCP 4.97 .. 2013 | D_TCP 1.07 .. 220  (both positive: valid springs)

  K_TCP [N/m, Nm/rad | rows fx..mz, cols tx..rz]:
           tx        ty        tz    |    rx        ry        rz
  fx [    2000  -0.5725   -20.68 |     -1.5   -3.542   -144.9 ]
  fy [ -0.5725     1999   -33.18 |   0.4369   -1.123   -67.67 ]
  fz [  -20.68   -33.18    801.3 |    58.01    27.17    2.622 ]
     ---------------------------+---------------------------
  mx [    -1.5   0.4369    58.01 |    9.218    1.989   0.8695 ]
  my [  -3.542   -1.123    27.17 |    1.989     5.96    1.539 ]
  mz [  -144.9   -67.67    2.622 |   0.8695    1.539    62.74 ]

  D_TCP [Ns/m, Nms/rad]:
           tx        ty        tz    |    rx        ry        rz
  fx [   214.2    9.345   -1.035 | -0.06172  -0.3394   -15.84 ]
  fy [   9.345    198.5  -0.9724 |   0.2116 -0.04622     -7.4 ]
  fz [  -1.035  -0.9724    169.2 |    12.26    5.733   0.1079 ]
     ---------------------------+---------------------------
  mx [-0.06172   0.2116    12.26 |    2.644   0.4485 -0.01531 ]
  my [ -0.3394 -0.04622    5.733 |   0.4485    1.893 0.008377 ]
  mz [  -15.84     -7.4   0.1079 | -0.01531 0.008377    2.475 ]

[GATE] Set up finished (holding the pressed pose). Press Enter to start the grind (e+Enter stops).

Stop requested with e + Enter. Finishing control loop...

-- joint motion [deg] ----------------------------------------------
  joint       start    final    delta
  q1            0.9      2.9     +2.1
  q2           12.1     29.1    +17.0
  q3           -0.5     -2.0     -1.4
  q4         -130.9   -130.8     +0.1
  q5           -0.1      3.0     +3.2
  q6          142.9    155.8    +12.9
  q7           44.7     43.7     -1.0

====================================================================
  FINAL RESULT
====================================================================
  p_d              = [    507.8,       3.3,     -31.6] mm
  p_EE             = [    508.0,       5.9,      20.7] mm
  e_p              = [     -0.2,      -2.6,     -52.3] mm
  e_R              = [     4.79,      1.50,     -0.06] deg
--------------------------------------------------------------------
  position error     52.36 mm
  rotation error     5.02 deg
  csv                logs/surface_grinding_controller_log.csv
--------------------------------------------------------------------
