
====================================================================
  SURFACE GRINDING CONTROLLER
====================================================================
  robot              172.16.0.2
--------------------------------------------------------------------

Press Enter to recover and configure the robot.
  Robot recovered or already ready.

====================================================================
  STARTUP MODE
====================================================================
  run     s   run the phase sequence from q_init
          h   hold the q_init pose
          t   hold with the set-up impedance, to test those gains
          g   hand-guide the start pose, then choose
--------------------------------------------------------------------
  set up  q   go to q_init and inspect
          o   open the hand now
          c   grasp the tool now
          r   recalibrate the hand width, fingers empty
          f   fetch the tool from the holder
          b   put the tool back
--------------------------------------------------------------------
  quit    e   stop and quit
--------------------------------------------------------------------
  in a run    e stop | m menu | g hand-guide | s sequence | t hold
--------------------------------------------------------------------
Choice [s/h/t/g/q/o/c/r/f/b/e]: 
-- selected: phase sequence ----------------------------------------

-- moving to q_init ------------------------------------------------
  case               horizontal_table_search
  q1..q7 [deg]     = [0.8, 12.1, -0.5, -130.9, -0.2, 142.9, 44.7] deg
  horizontal_table_search = [0.014777, 0.210911, -0.009320, -2.284835, -0.002725, 2.493410, 0.780694] rad
  q_init reached.

-- start pose ------------------------------------------------------
  q_start          = [0.8, 12.1, -0.5, -130.9, -0.2, 142.9, 44.7] deg
  p_start          = [    531.4,       2.3,     156.9] mm

====================================================================
  RUN
====================================================================

-- phase: approach_orient ------------------------------------------
  Kp [t1,t2,n]     = [    150.0,     150.0,     150.0] N/m
  Dp [t1,t2,n]     = [    126.5,     103.6,     128.3] Ns/m     auto (factor 1.90)
  KR [t1,t2,n]     = [     90.0,      90.0,      90.0] Nm/rad
  DR [t1,t2,n]     = [     13.5,      15.8,       2.0] Nms/rad  auto (factor 1.90)
orient:     t=  0.0 s | axis_err=  4.1 deg | spin_err=  0.8 deg
orient:     t=  0.2 s | axis_err=  3.1 deg | spin_err=  0.4 deg
orient:     t=  0.4 s | axis_err=  1.8 deg | spin_err=  0.1 deg

Orientation reached: axis_err=1.5 deg | spin_err=0.1 deg

-- phase: approach_descend -----------------------------------------
  Kp [t1,t2,n]     = [    150.0,     150.0,     150.0] N/m
  Dp [t1,t2,n]     = [    126.5,     103.6,     128.3] Ns/m     auto (factor 1.90)
  KR [t1,t2,n]     = [     90.0,      90.0,      90.0] Nm/rad
  DR [t1,t2,n]     = [     13.5,      15.8,       2.0] Nms/rad  auto (factor 1.90)
  descend to         20 mm clearance at 0.100 m/s
descend:    t=  0.0 s | distance=   0.1 mm | height=+137.6 mm (target 20.0) | force=  0.0 N
descend:    t=  0.2 s | distance=  20.1 mm | height=+125.9 mm (target 20.0) | force= -0.0 N
descend:    t=  0.4 s | distance=  40.1 mm | height=+108.1 mm (target 20.0) | force=  0.8 N
descend:    t=  0.6 s | distance=  60.2 mm | height= +89.7 mm (target 20.0) | force=  0.5 N
descend:    t=  0.8 s | distance=  80.3 mm | height= +71.2 mm (target 20.0) | force=  1.4 N
descend:    t=  1.0 s | distance= 100.4 mm | height= +52.6 mm (target 20.0) | force= -0.2 N
descend:    t=  1.2 s | distance= 120.5 mm | height= +34.0 mm (target 20.0) | force=  1.1 N

[GATE] Reached 20 mm above the plane. Press Enter to start the set-up press (e+Enter stops).

-- gate hold -------------------------------------------------------
  Kp [x,y,z]       = [   5000.0,    5000.0,    5000.0] N/m
  Dp [x,y,z]       = [    205.7,     149.3,     247.3] Ns/m     auto
  KR [t1,t2,n]     = [     90.0,      90.0,      90.0] Nm/rad
  DR [t1,t2,n]     = [     13.0,      12.6,       2.0] Nms/rad  auto
[GATE] Continuing to the set-up press.

Clearance reached: distance=135.5 mm | height=19.8 mm | target=20.0 mm | force=0.3 N (not used for the switch)
  offset_ee        = [    -20.0,      60.0,      20.0] mm
  p_EE_at_contact  = [    530.4,       1.6,      42.4] mm
  contact_point    = [    511.4,     -59.1,       1.8] mm
  edge_offset      = [    -19.1,     -60.7,     -40.6] mm

-- phase: set_up ---------------------------------------------------

-- set-up impedance ------------------------------------------------
  law                wrench = K_TCP*dx + D_TCP*dv
                     K_TCP  = Ad(r_c)^T * blkdiag(Kp,KR) * Ad(r_c)
  Kp [t1,t2,n]     = [   2000.0,    2000.0,     800.0] N/m
  Dp [t1,t2,n]     = [    215.8,     183.5,     172.6] Ns/m     auto
  KR [t1,t2,n]     = [      5.0,       5.0,      50.0] Nm/rad
  DR [t1,t2,n]     = [      1.7,       1.7,       0.8] Nms/rad  auto
  p_c [EE]         = [     54.3,     -25.2,       4.5] mm       the pole on the tool, from p_EE
  r_c [t1,t2,n]    = [     60.0,       0.0,      -0.0] mm       commanded: p_TCP - p_c, in the plane
set_up:     t=  0.0 s | tip=  0.0 deg | F=  0.2 N | M=  0.1 Nm (limit 150.0) | edge= 19.7 mm
set_up:     t=  0.2 s | tip=  0.4 deg | F=  1.6 N | M=  0.8 Nm (limit 150.0) | edge= 10.9 mm
set_up:     t=  0.4 s | tip=  0.9 deg | F=  1.3 N | M=  0.7 Nm (limit 150.0) | edge=  4.8 mm
set_up:     t=  0.6 s | tip=  1.2 deg | F= 12.0 N | M=  7.1 Nm (limit 150.0) | edge=  2.2 mm
set_up:     t=  0.8 s | tip=  1.3 deg | F= 19.7 N | M= 11.4 Nm (limit 150.0) | edge=  2.2 mm
set_up:     t=  1.0 s | tip=  1.3 deg | F= 27.5 N | M= 15.8 Nm (limit 150.0) | edge=  2.4 mm
set_up:     t=  1.2 s | tip=  1.6 deg | F= 34.7 N | M= 20.0 Nm (limit 150.0) | edge=  2.6 mm
set_up:     t=  1.4 s | tip=  2.0 deg | F= 42.2 N | M= 24.2 Nm (limit 150.0) | edge=  2.8 mm
set_up:     t=  1.6 s | tip=  2.9 deg | F= 49.3 N | M= 28.0 Nm (limit 150.0) | edge=  3.0 mm
set_up:     t=  1.8 s | tip=  4.0 deg | F= 41.6 N | M= 24.0 Nm (limit 150.0) | edge=  3.0 mm
set_up:     t=  2.0 s | tip=  4.1 deg | F= 42.7 N | M= 24.5 Nm (limit 150.0) | edge=  3.1 mm
set_up:     t=  2.2 s | tip=  4.1 deg | F= 42.7 N | M= 24.4 Nm (limit 150.0) | edge=  3.1 mm
set_up:     t=  2.4 s | tip=  4.1 deg | F= 42.8 N | M= 24.5 Nm (limit 150.0) | edge=  3.1 mm
set_up:     t=  2.6 s | tip=  4.1 deg | F= 42.7 N | M= 24.4 Nm (limit 150.0) | edge=  3.1 mm
set_up:     t=  2.8 s | tip=  4.1 deg | F= 42.7 N | M= 24.4 Nm (limit 150.0) | edge=  3.1 mm
set_up:     t=  3.0 s | tip=  4.1 deg | F= 42.7 N | M= 24.4 Nm (limit 150.0) | edge=  3.1 mm
set_up:     t=  3.2 s | tip=  4.1 deg | F= 43.0 N | M= 24.6 Nm (limit 150.0) | edge=  3.1 mm
set_up:     t=  3.4 s | tip=  4.1 deg | F= 43.0 N | M= 24.6 Nm (limit 150.0) | edge=  3.1 mm
set_up:     t=  3.6 s | tip=  4.1 deg | F= 42.9 N | M= 24.6 Nm (limit 150.0) | edge=  3.1 mm
set_up:     t=  3.8 s | tip=  4.1 deg | F= 42.7 N | M= 24.5 Nm (limit 150.0) | edge=  3.1 mm
set_up:     t=  4.0 s | tip=  4.1 deg | F= 42.6 N | M= 24.4 Nm (limit 150.0) | edge=  3.1 mm
set_up:     t=  4.2 s | tip=  4.1 deg | F= 42.6 N | M= 24.4 Nm (limit 150.0) | edge=  3.1 mm
set_up:     t=  4.4 s | tip=  4.1 deg | F= 42.7 N | M= 24.4 Nm (limit 150.0) | edge=  3.1 mm
set_up:     t=  4.6 s | tip=  4.1 deg | F= 42.8 N | M= 24.5 Nm (limit 150.0) | edge=  3.1 mm
set_up:     t=  4.8 s | tip=  4.1 deg | F= 42.8 N | M= 24.5 Nm (limit 150.0) | edge=  3.1 mm

====================================================================
  SET-UP RESULT
====================================================================
  stop: time | t=5.0 s | tip=4.1 deg | F=42.7 N | M=24.4 Nm
  edge_from_contact = [-2.9, -0.1, -1.1] mm | norm=3.1 mm
  tcp_from_contact  = [+17.3, +60.1, +18.1] mm | norm=65.1 mm
  alignment: before=3.98 deg | after=1.26 deg | gain=+2.73 deg
  alignment components [t1,t2,n] deg: before=[-0.43,-3.96,+0.00] | after=[+1.24,-0.20,+0.00]

-- set-up surface-frame breakdown ----------------------------------
  frame              alignment-target [tangent1, tangent2, normal]
  force        [N]      = [    -0.84,     +1.06,    -42.69]
  tcp_disp     [mm]     = [    +1.21,     -0.58,    -22.47]
  edge_disp    [mm]     = [    +2.59,     -1.17,     -1.19]
  Kp_eff=F/tcp [N/m]    = [   -694.1,   -1816.3,    1900.0]
  moment@edge  [Nm]     = [    -7.66,    -24.34,     -0.35]
  tip_angle    [deg]    = [    +1.67,     +3.76,     -0.08]
  KR_eff=M/ang [Nm/rad] = [   -263.0,    -371.0,     254.9]

-- centre of compliance --------------------------------------------
  definition         r_c = p_TCP - p_c
  p_TCP [x,y,z]    = [    530.4,       1.6,      42.4] mm
  p_c [EE]         = [     54.3,     -25.2,       4.5] mm
  r_c [t1,t2,n]    = [     60.0,      -0.0,      -0.0] mm
                     p_c resolved at first contact

-- what the TCP feels ----------------------------------------------
  K_TCP translation = [   1999.6,    1999.1,     801.3] N/m
  K_TCP rotation   = [      5.5,       7.4,      57.1] Nm/rad
  commanded KR was = [      5.0,       5.0,      50.0] Nm/rad   the rest is the lever
  D_TCP translation = [    210.0,     189.3,     172.6] Ns/m
  D_TCP rotation   = [      1.8,       2.2,       1.5] Nms/rad
  coupling           max |moment per unit translation| = 108.7 Nm/m (K), 10.0 Nms/m (D)
  eigenvalues        K_TCP 4.98 .. 2007 | D_TCP 0.83 .. 216  (both positive: valid springs)

  K_TCP [N/m, Nm/rad | rows fx..mz, cols tx..rz]:
           tx        ty        tz    |    rx        ry        rz
  fx [    2000  -0.5725   -20.68 |  -0.5257   -2.155   -50.76 ]
  fy [ -0.5725     1999   -33.18 |    2.437    1.804    108.7 ]
  fz [  -20.68   -33.18    801.3 |    20.27   -43.51   -1.278 ]
     ---------------------------+---------------------------
  mx [ -0.5257    2.437    20.27 |    5.532    -1.08   0.9214 ]
  my [  -2.155    1.804   -43.51 |    -1.08    7.403    1.397 ]
  mz [  -50.76    108.7   -1.278 |   0.9214    1.397    57.15 ]

  D_TCP [Ns/m, Nms/rad]:
           tx        ty        tz    |    rx        ry        rz
  fx [     210    12.34  -0.9868 | -0.004795  -0.2907   -4.657 ]
  fy [   12.34    189.3  -0.6752 |   0.2933  0.01645    9.974 ]
  fz [ -0.9868  -0.6752    172.6 |    4.378    -9.38 -0.01166 ]
     ---------------------------+---------------------------
  mx [-0.004795   0.2933    4.378 |    1.832  -0.2197 0.0002455 ]
  my [ -0.2907  0.01645    -9.38 |  -0.2197    2.199 -0.01573 ]
  mz [  -4.657    9.974 -0.01166 | 0.0002455 -0.01573    1.494 ]

[GATE] Set up finished (holding the pressed pose). Press Enter to start the grind (e+Enter stops).

Stop requested with e + Enter. Finishing control loop...

-- joint motion [deg] ----------------------------------------------
  joint       start    final    delta
  q1            0.8      0.7     -0.1
  q2           12.1     30.7    +18.6
  q3           -0.5     -0.6     -0.0
  q4         -130.9   -128.7     +2.2
  q5           -0.2     -0.2     -0.0
  q6          142.9    158.5    +15.6
  q7           44.7     45.3     +0.6

====================================================================
  FINAL RESULT
====================================================================
  p_d              = [    529.1,      -0.7,     -37.4] mm
  p_EE             = [    528.7,       0.9,      20.0] mm
  e_p              = [      0.3,      -1.6,     -57.4] mm
  e_R              = [     0.08,     -4.11,      0.03] deg
--------------------------------------------------------------------
  position error     57.38 mm
  rotation error     4.11 deg
  csv                logs/surface_grinding_controller_log.csv
--------------------------------------------------------------------
