
====================================================================
  SURFACE GRINDING CONTROLLER
====================================================================
  robot              172.16.0.2
--------------------------------------------------------------------

Press Enter to recover and configure the robot.
  Robot recovered or already ready.

====================================================================
  STARTUP MODE
====================================================================
  run     s   run the phase sequence from q_init
          h   hold the q_init pose
          t   hold with the set-up impedance, to test those gains
          g   hand-guide the start pose, then choose
--------------------------------------------------------------------
  set up  q   go to q_init and inspect
          o   open the hand now
          c   grasp the tool now
          r   recalibrate the hand width, fingers empty
          f   fetch the tool from the holder
          b   put the tool back
--------------------------------------------------------------------
  quit    e   stop and quit
--------------------------------------------------------------------
  in a run    e stop | m menu | g hand-guide | s sequence | t hold
--------------------------------------------------------------------
Choice [s/h/t/g/q/o/c/r/f/b/e]: 
-- selected: phase sequence ----------------------------------------

-- moving to q_init ------------------------------------------------
  case               horizontal_table_search
  q1..q7 [deg]     = [0.8, 12.1, -0.5, -130.9, -0.2, 142.9, 44.7] deg
  horizontal_table_search = [0.014777, 0.210911, -0.009320, -2.284835, -0.002725, 2.493410, 0.780694] rad
  q_init reached.

-- start pose ------------------------------------------------------
  q_start          = [0.8, 12.1, -0.5, -130.9, -0.2, 142.9, 44.7] deg
  p_start          = [    531.3,       2.5,     156.8] mm

====================================================================
  RUN
====================================================================

-- phase: approach_orient ------------------------------------------
  Kp [t1,t2,n]     = [    150.0,     150.0,     150.0] N/m
  Dp [t1,t2,n]     = [    126.5,     103.6,     128.3] Ns/m     auto (factor 1.90)
  KR [t1,t2,n]     = [     90.0,      90.0,      90.0] Nm/rad
  DR [t1,t2,n]     = [     13.5,      15.8,       2.0] Nms/rad  auto (factor 1.90)
orient:     t=  0.0 s | axis_err=  6.1 deg | spin_err=  0.8 deg
orient:     t=  0.2 s | axis_err=  5.4 deg | spin_err=  0.6 deg
orient:     t=  0.4 s | axis_err=  3.0 deg | spin_err=  0.1 deg
orient:     t=  0.6 s | axis_err=  2.1 deg | spin_err=  0.2 deg
orient:     t=  0.8 s | axis_err=  2.1 deg | spin_err=  0.3 deg
orient:     t=  1.0 s | axis_err=  2.1 deg | spin_err=  0.3 deg
orient:     t=  1.2 s | axis_err=  2.0 deg | spin_err=  0.3 deg
orient:     t=  1.4 s | axis_err=  2.0 deg | spin_err=  0.3 deg
orient:     t=  1.6 s | axis_err=  2.0 deg | spin_err=  0.3 deg
orient:     t=  1.8 s | axis_err=  2.0 deg | spin_err=  0.3 deg
orient:     t=  2.0 s | axis_err=  2.0 deg | spin_err=  0.3 deg
orient:     t=  2.2 s | axis_err=  2.0 deg | spin_err=  0.3 deg
orient:     t=  2.4 s | axis_err=  2.0 deg | spin_err=  0.3 deg
orient:     t=  2.6 s | axis_err=  2.0 deg | spin_err=  0.3 deg
orient:     t=  2.8 s | axis_err=  2.0 deg | spin_err=  0.3 deg
orient:     t=  3.0 s | axis_err=  2.0 deg | spin_err=  0.3 deg
orient:     t=  3.2 s | axis_err=  2.0 deg | spin_err=  0.3 deg
orient:     t=  3.4 s | axis_err=  2.0 deg | spin_err=  0.3 deg
orient:     t=  3.6 s | axis_err=  2.0 deg | spin_err=  0.3 deg
orient:     t=  3.8 s | axis_err=  2.0 deg | spin_err=  0.3 deg
orient:     t=  4.0 s | axis_err=  2.0 deg | spin_err=  0.3 deg
orient:     t=  4.2 s | axis_err=  2.0 deg | spin_err=  0.3 deg
orient:     t=  4.4 s | axis_err=  2.0 deg | spin_err=  0.3 deg
orient:     t=  4.6 s | axis_err=  2.0 deg | spin_err=  0.3 deg
orient:     t=  4.8 s | axis_err=  2.0 deg | spin_err=  0.3 deg

Orientation settled short of the 2.0 deg gate after 5.0 s: axis_err=2.0 deg | spin_err=0.3 deg

-- phase: approach_descend -----------------------------------------
  Kp [t1,t2,n]     = [    150.0,     150.0,     150.0] N/m
  Dp [t1,t2,n]     = [    126.5,     103.6,     128.3] Ns/m     auto (factor 1.90)
  KR [t1,t2,n]     = [     90.0,      90.0,      90.0] Nm/rad
  DR [t1,t2,n]     = [     13.5,      15.8,       2.0] Nms/rad  auto (factor 1.90)
  descend to         20 mm clearance at 0.100 m/s
descend:    t=  0.0 s | distance=   0.1 mm | height=+135.1 mm (target 20.0) | force=  0.0 N
descend:    t=  0.2 s | distance=  20.1 mm | height=+124.8 mm (target 20.0) | force=  0.7 N
descend:    t=  0.4 s | distance=  40.1 mm | height=+109.0 mm (target 20.0) | force=  1.3 N
descend:    t=  0.6 s | distance=  60.1 mm | height= +92.5 mm (target 20.0) | force=  2.2 N
descend:    t=  0.8 s | distance=  80.1 mm | height= +75.0 mm (target 20.0) | force=  0.9 N
descend:    t=  1.0 s | distance= 100.1 mm | height= +57.3 mm (target 20.0) | force=  2.0 N
descend:    t=  1.2 s | distance= 120.1 mm | height= +39.0 mm (target 20.0) | force=  1.4 N
descend:    t=  1.4 s | distance= 140.1 mm | height= +20.7 mm (target 20.0) | force=  0.9 N

[GATE] Reached 20 mm above the plane. Press Enter to start the set-up press (e+Enter stops).

-- gate hold -------------------------------------------------------
  Kp [x,y,z]       = [   5000.0,    5000.0,    5000.0] N/m
  Dp [x,y,z]       = [    206.5,     150.5,     243.9] Ns/m     auto
  KR [t1,t2,n]     = [     90.0,      90.0,      90.0] Nm/rad
  DR [t1,t2,n]     = [     12.0,      13.4,       1.8] Nms/rad  auto
[GATE] Continuing to the set-up press.

Clearance reached: distance=140.9 mm | height=19.9 mm | target=20.0 mm | force=0.7 N (not used for the switch)
  offset_ee        = [    -20.0,     -60.0,      20.0] mm
  p_EE_at_contact  = [    527.5,      -8.0,      42.4] mm
  contact_point    = [    507.1,      50.1,      -1.1] mm
  edge_offset      = [    -20.3,      58.1,     -43.5] mm

-- phase: set_up ---------------------------------------------------

-- set-up impedance ------------------------------------------------
  law                wrench = K_TCP*dx + D_TCP*dv
                     K_TCP  = Ad(r_c)^T * blkdiag(Kp,KR) * Ad(r_c)
  Kp [t1,t2,n]     = [   2000.0,    2000.0,     800.0] N/m
  Dp [t1,t2,n]     = [    219.6,     183.3,     171.1] Ns/m     auto
  KR [t1,t2,n]     = [      5.0,       5.0,      50.0] Nm/rad
  DR [t1,t2,n]     = [      1.6,       1.8,       0.8] Nms/rad  auto
  p_c [EE]         = [      8.4,      18.1,       0.8] mm       the pole on the tool, from p_EE
  r_c [t1,t2,n]    = [      0.0,     -20.0,       0.0] mm       commanded: p_TCP - p_c, in the plane
set_up:     t=  0.0 s | tip=  0.0 deg | F=  0.0 N | M=  0.0 Nm (limit 150.0) | edge= 19.8 mm
set_up:     t=  0.2 s | tip=  0.4 deg | F=  1.5 N | M=  1.6 Nm (limit 150.0) | edge= 11.1 mm
set_up:     t=  0.4 s | tip=  1.0 deg | F=  1.1 N | M=  1.4 Nm (limit 150.0) | edge=  5.2 mm
set_up:     t=  0.6 s | tip=  1.0 deg | F= 12.9 N | M=  7.4 Nm (limit 150.0) | edge=  3.1 mm
set_up:     t=  0.8 s | tip=  1.1 deg | F= 20.6 N | M= 11.3 Nm (limit 150.0) | edge=  1.9 mm
set_up:     t=  1.0 s | tip=  1.1 deg | F= 29.0 N | M= 15.7 Nm (limit 150.0) | edge=  1.6 mm
set_up:     t=  1.2 s | tip=  1.1 deg | F= 36.9 N | M= 19.9 Nm (limit 150.0) | edge=  1.5 mm
set_up:     t=  1.4 s | tip=  1.2 deg | F= 44.8 N | M= 24.1 Nm (limit 150.0) | edge=  1.4 mm
set_up:     t=  1.6 s | tip=  1.3 deg | F= 52.9 N | M= 28.5 Nm (limit 150.0) | edge=  1.4 mm
set_up:     t=  1.8 s | tip=  1.3 deg | F= 46.7 N | M= 25.3 Nm (limit 150.0) | edge=  1.4 mm
set_up:     t=  2.0 s | tip=  1.4 deg | F= 46.3 N | M= 25.1 Nm (limit 150.0) | edge=  1.4 mm
set_up:     t=  2.2 s | tip=  1.4 deg | F= 46.3 N | M= 25.1 Nm (limit 150.0) | edge=  1.4 mm
set_up:     t=  2.4 s | tip=  1.4 deg | F= 46.2 N | M= 25.0 Nm (limit 150.0) | edge=  1.4 mm
set_up:     t=  2.6 s | tip=  1.4 deg | F= 46.1 N | M= 24.9 Nm (limit 150.0) | edge=  1.4 mm
set_up:     t=  2.8 s | tip=  1.4 deg | F= 46.1 N | M= 24.9 Nm (limit 150.0) | edge=  1.4 mm
set_up:     t=  3.0 s | tip=  1.4 deg | F= 46.1 N | M= 25.0 Nm (limit 150.0) | edge=  1.4 mm
set_up:     t=  3.2 s | tip=  1.4 deg | F= 46.2 N | M= 25.0 Nm (limit 150.0) | edge=  1.4 mm
set_up:     t=  3.4 s | tip=  1.4 deg | F= 46.2 N | M= 25.0 Nm (limit 150.0) | edge=  1.4 mm
set_up:     t=  3.6 s | tip=  1.4 deg | F= 46.3 N | M= 25.1 Nm (limit 150.0) | edge=  1.4 mm
set_up:     t=  3.8 s | tip=  1.4 deg | F= 46.5 N | M= 25.2 Nm (limit 150.0) | edge=  1.4 mm
set_up:     t=  4.0 s | tip=  1.4 deg | F= 46.4 N | M= 25.2 Nm (limit 150.0) | edge=  1.4 mm
set_up:     t=  4.2 s | tip=  1.4 deg | F= 46.4 N | M= 25.2 Nm (limit 150.0) | edge=  1.4 mm
set_up:     t=  4.4 s | tip=  1.4 deg | F= 46.4 N | M= 25.2 Nm (limit 150.0) | edge=  1.4 mm
set_up:     t=  4.6 s | tip=  1.4 deg | F= 46.4 N | M= 25.2 Nm (limit 150.0) | edge=  1.4 mm
set_up:     t=  4.8 s | tip=  1.4 deg | F= 46.4 N | M= 25.2 Nm (limit 150.0) | edge=  1.4 mm

====================================================================
  SET-UP RESULT
====================================================================
  stop: time | t=5.0 s | tip=1.4 deg | F=46.4 N | M=25.2 Nm
  edge_from_contact = [-1.2, +0.0, +0.7] mm | norm=1.4 mm
  tcp_from_contact  = [+18.9, -59.0, +23.3] mm | norm=66.2 mm
  alignment: before=2.09 deg | after=1.12 deg | gain=+0.97 deg
  alignment components [t1,t2,n] deg: before=[-2.07,-0.25,+0.00] | after=[-0.96,+0.57,+0.00]

-- set-up surface-frame breakdown ----------------------------------
  frame              alignment-target [tangent1, tangent2, normal]
  force        [N]      = [    -1.68,     -1.36,    -46.35]
  tcp_disp     [mm]     = [    +1.15,     -0.15,    -20.26]
  edge_disp    [mm]     = [    +1.05,     -0.52,     +0.73]
  Kp_eff=F/tcp [N/m]    = [  -1457.1,    9399.3,    2288.1]
  moment@edge  [Nm]     = [   -14.18,    -22.13,     +1.14]
  tip_angle    [deg]    = [    +1.10,     +0.80,     +0.38]
  KR_eff=M/ang [Nm/rad] = [   -735.4,   -1581.1,     172.6]

-- centre of compliance --------------------------------------------
  definition         r_c = p_TCP - p_c
  p_TCP [x,y,z]    = [    527.5,      -8.0,      42.4] mm
  p_c [EE]         = [      8.4,      18.1,       0.8] mm
  r_c [t1,t2,n]    = [      0.0,     -20.0,       0.0] mm
                     p_c resolved at first contact

-- what the TCP feels ----------------------------------------------
  K_TCP translation = [   1999.6,    1999.1,     801.3] N/m
  K_TCP rotation   = [      5.3,       5.1,      50.8] Nm/rad
  commanded KR was = [      5.0,       5.0,      50.0] Nm/rad   the rest is the lever
  D_TCP translation = [    213.1,     189.8,     171.2] Ns/m
  D_TCP rotation   = [      1.7,       1.8,       0.9] Nms/rad
  coupling           max |moment per unit translation| = 36.2 Nm/m (K), 4.0 Nms/m (D)
  eigenvalues        K_TCP 5.00 .. 2001 | D_TCP 0.77 .. 220  (both positive: valid springs)

  K_TCP [N/m, Nm/rad | rows fx..mz, cols tx..rz]:
           tx        ty        tz    |    rx        ry        rz
  fx [    2000  -0.5725   -20.68 |   0.3749   0.8856    36.22 ]
  fy [ -0.5725     1999   -33.18 |  -0.1092   0.2807    16.92 ]
  fz [  -20.68   -33.18    801.3 |    -14.5   -6.792  -0.6556 ]
     ---------------------------+---------------------------
  mx [  0.3749  -0.1092    -14.5 |    5.276   0.1444   0.7815 ]
  my [  0.8856   0.2807   -6.792 |   0.1444    5.092    1.263 ]
  mz [   36.22    16.92  -0.6556 |   0.7815    1.263    50.75 ]

  D_TCP [Ns/m, Nms/rad]:
           tx        ty        tz    |    rx        ry        rz
  fx [   213.1    13.92   -1.109 |  0.01515  0.08511    3.978 ]
  fy [   13.92    189.8  -0.7561 | -0.05373  0.01135    1.859 ]
  fz [  -1.109  -0.7561    171.2 |   -3.101    -1.45  -0.0265 ]
     ---------------------------+---------------------------
  mx [ 0.01515 -0.05373   -3.101 |    1.686  -0.0418 -0.01307 ]
  my [ 0.08511  0.01135    -1.45 |  -0.0418    1.755 -0.02401 ]
  mz [   3.978    1.859  -0.0265 | -0.01307 -0.02401   0.8624 ]

[GATE] Set up finished (holding the pressed pose). Press Enter to start the grind (e+Enter stops).

Stop requested with e + Enter. Finishing control loop...

-- joint motion [deg] ----------------------------------------------
  joint       start    final    delta
  q1            0.8     -0.1     -1.0
  q2           12.1     30.1    +18.0
  q3           -0.5     -0.8     -0.2
  q4         -130.9   -129.5     +1.4
  q5           -0.2     -6.4     -6.2
  q6          142.9    158.8    +15.9
  q7           44.7     50.4     +5.6

====================================================================
  FINAL RESULT
====================================================================
  p_d              = [    526.1,     -10.2,     -37.5] mm
  p_EE             = [    526.0,      -8.9,      22.2] mm
  e_p              = [      0.1,      -1.3,     -59.6] mm
  e_R              = [    -0.65,     -1.18,      0.42] deg
--------------------------------------------------------------------
  position error     59.64 mm
  rotation error     1.42 deg
  csv                logs/surface_grinding_controller_log.csv
--------------------------------------------------------------------
