
====================================================================
  SURFACE GRINDING CONTROLLER
====================================================================
  robot              172.16.0.2
--------------------------------------------------------------------

Press Enter to recover and configure the robot.
  Robot recovered or already ready.

====================================================================
  STARTUP MODE
====================================================================
  run     s   run the phase sequence from q_init
          h   hold the q_init pose
          t   hold with the set-up impedance, to test those gains
          g   hand-guide the start pose, then choose
--------------------------------------------------------------------
  set up  q   go to q_init and inspect
          o   open the hand now
          c   grasp the tool now
          r   recalibrate the hand width, fingers empty
          f   fetch the tool from the holder
          b   put the tool back
--------------------------------------------------------------------
  quit    e   stop and quit
--------------------------------------------------------------------
  in a run    e stop | m menu | g hand-guide | s sequence | t hold
--------------------------------------------------------------------
Choice [s/h/t/g/q/o/c/r/f/b/e]: 
-- selected: phase sequence ----------------------------------------

-- moving to q_init ------------------------------------------------
  case               horizontal_table_search
  q1..q7 [deg]     = [0.8, 12.1, -0.5, -130.9, -0.2, 142.9, 44.7] deg
  horizontal_table_search = [0.014777, 0.210911, -0.009320, -2.284835, -0.002725, 2.493410, 0.780694] rad
  q_init reached.

-- start pose ------------------------------------------------------
  q_start          = [0.8, 12.1, -0.5, -130.9, -0.2, 142.9, 44.7] deg
  p_start          = [    531.4,       2.6,     156.9] mm

====================================================================
  RUN
====================================================================

-- phase: approach_orient ------------------------------------------
  Kp [t1,t2,n]     = [    150.0,     150.0,     150.0] N/m
  Dp [t1,t2,n]     = [    126.5,     103.6,     128.3] Ns/m     auto (factor 1.90)
  KR [t1,t2,n]     = [     90.0,      90.0,      90.0] Nm/rad
  DR [t1,t2,n]     = [     13.5,      15.8,       2.0] Nms/rad  auto (factor 1.90)
orient:     t=  0.0 s | axis_err=  6.1 deg | spin_err=  0.8 deg
orient:     t=  0.2 s | axis_err=  5.4 deg | spin_err=  0.7 deg
orient:     t=  0.4 s | axis_err=  3.0 deg | spin_err=  0.1 deg
orient:     t=  0.6 s | axis_err=  2.1 deg | spin_err=  0.2 deg
orient:     t=  0.8 s | axis_err=  2.1 deg | spin_err=  0.2 deg
orient:     t=  1.0 s | axis_err=  2.1 deg | spin_err=  0.2 deg
orient:     t=  1.2 s | axis_err=  2.1 deg | spin_err=  0.2 deg
orient:     t=  1.4 s | axis_err=  2.1 deg | spin_err=  0.2 deg
orient:     t=  1.6 s | axis_err=  2.0 deg | spin_err=  0.2 deg
orient:     t=  1.8 s | axis_err=  2.0 deg | spin_err=  0.2 deg
orient:     t=  2.0 s | axis_err=  2.0 deg | spin_err=  0.2 deg
orient:     t=  2.2 s | axis_err=  2.0 deg | spin_err=  0.2 deg
orient:     t=  2.4 s | axis_err=  2.0 deg | spin_err=  0.2 deg
orient:     t=  2.6 s | axis_err=  2.0 deg | spin_err=  0.2 deg
orient:     t=  2.8 s | axis_err=  2.0 deg | spin_err=  0.2 deg
orient:     t=  3.0 s | axis_err=  2.0 deg | spin_err=  0.2 deg
orient:     t=  3.2 s | axis_err=  2.0 deg | spin_err=  0.2 deg
orient:     t=  3.4 s | axis_err=  2.0 deg | spin_err=  0.2 deg
orient:     t=  3.6 s | axis_err=  2.0 deg | spin_err=  0.2 deg
orient:     t=  3.8 s | axis_err=  2.0 deg | spin_err=  0.2 deg
orient:     t=  4.0 s | axis_err=  2.0 deg | spin_err=  0.2 deg
orient:     t=  4.2 s | axis_err=  2.0 deg | spin_err=  0.2 deg
orient:     t=  4.4 s | axis_err=  2.0 deg | spin_err=  0.2 deg
orient:     t=  4.6 s | axis_err=  2.0 deg | spin_err=  0.2 deg
orient:     t=  4.8 s | axis_err=  2.0 deg | spin_err=  0.2 deg

Orientation settled short of the 2.0 deg gate after 5.0 s: axis_err=2.0 deg | spin_err=0.2 deg

-- phase: approach_descend -----------------------------------------
  Kp [t1,t2,n]     = [    150.0,     150.0,     150.0] N/m
  Dp [t1,t2,n]     = [    126.5,     103.6,     128.3] Ns/m     auto (factor 1.90)
  KR [t1,t2,n]     = [     90.0,      90.0,      90.0] Nm/rad
  DR [t1,t2,n]     = [     13.5,      15.8,       2.0] Nms/rad  auto (factor 1.90)
  descend to         20 mm clearance at 0.100 m/s
descend:    t=  0.0 s | distance=   0.1 mm | height=+135.2 mm (target 20.0) | force=  0.0 N
descend:    t=  0.2 s | distance=  20.1 mm | height=+124.9 mm (target 20.0) | force=  0.5 N
descend:    t=  0.4 s | distance=  40.1 mm | height=+108.6 mm (target 20.0) | force=  0.8 N
descend:    t=  0.6 s | distance=  60.1 mm | height= +91.2 mm (target 20.0) | force=  1.1 N
descend:    t=  0.8 s | distance=  80.1 mm | height= +73.4 mm (target 20.0) | force=  1.2 N
descend:    t=  1.0 s | distance= 100.1 mm | height= +55.7 mm (target 20.0) | force=  1.7 N
descend:    t=  1.2 s | distance= 120.1 mm | height= +37.7 mm (target 20.0) | force=  1.5 N

[GATE] Reached 20 mm above the plane. Press Enter to start the set-up press (e+Enter stops).

-- gate hold -------------------------------------------------------
  Kp [x,y,z]       = [   5000.0,    5000.0,    5000.0] N/m
  Dp [x,y,z]       = [    206.5,     150.4,     243.9] Ns/m     auto
  KR [t1,t2,n]     = [     90.0,      90.0,      90.0] Nm/rad
  DR [t1,t2,n]     = [     12.0,      13.4,       1.8] Nms/rad  auto
[GATE] Continuing to the set-up press.

Clearance reached: distance=139.6 mm | height=19.9 mm | target=20.0 mm | force=0.4 N (not used for the switch)
  offset_ee        = [    -20.0,     -60.0,      20.0] mm
  p_EE_at_contact  = [    527.5,      -8.2,      42.4] mm
  contact_point    = [    507.1,      49.9,      -1.1] mm
  edge_offset      = [    -20.3,      58.1,     -43.5] mm

-- phase: set_up ---------------------------------------------------

-- set-up impedance ------------------------------------------------
  law                wrench = K_TCP*dx + D_TCP*dv
                     K_TCP  = Ad(r_c)^T * blkdiag(Kp,KR) * Ad(r_c)
  Kp [t1,t2,n]     = [   2000.0,    2000.0,     800.0] N/m
  Dp [t1,t2,n]     = [    219.6,     183.2,     171.2] Ns/m     auto
  KR [t1,t2,n]     = [      5.0,       5.0,      50.0] Nm/rad
  DR [t1,t2,n]     = [      1.6,       1.8,       0.8] Nms/rad  auto
  p_c [EE]         = [     33.7,      72.5,       3.1] mm       the pole on the tool, from p_EE
  r_c [t1,t2,n]    = [      0.0,     -80.0,       0.0] mm       commanded: p_TCP - p_c, in the plane
set_up:     t=  0.0 s | tip=  0.0 deg | F=  0.1 N | M=  0.1 Nm (limit 150.0) | edge= 19.8 mm
set_up:     t=  0.2 s | tip=  0.4 deg | F=  1.5 N | M=  1.5 Nm (limit 150.0) | edge= 11.0 mm
set_up:     t=  0.4 s | tip=  1.0 deg | F=  1.2 N | M=  1.4 Nm (limit 150.0) | edge=  5.6 mm
set_up:     t=  0.6 s | tip=  1.1 deg | F= 14.2 N | M=  8.1 Nm (limit 150.0) | edge=  2.8 mm
set_up:     t=  0.8 s | tip=  1.2 deg | F= 21.1 N | M= 11.8 Nm (limit 150.0) | edge=  2.8 mm
set_up:     t=  1.0 s | tip=  1.3 deg | F= 28.4 N | M= 15.7 Nm (limit 150.0) | edge=  2.8 mm
set_up:     t=  1.2 s | tip=  1.5 deg | F= 35.3 N | M= 19.4 Nm (limit 150.0) | edge=  2.8 mm
set_up:     t=  1.4 s | tip=  2.2 deg | F= 39.9 N | M= 22.1 Nm (limit 150.0) | edge=  3.1 mm
set_up:     t=  1.6 s | tip=  3.5 deg | F= 47.9 N | M= 26.8 Nm (limit 150.0) | edge=  3.5 mm
set_up:     t=  1.8 s | tip=  3.5 deg | F= 42.4 N | M= 24.1 Nm (limit 150.0) | edge=  3.4 mm
set_up:     t=  2.0 s | tip=  3.5 deg | F= 42.6 N | M= 24.2 Nm (limit 150.0) | edge=  3.4 mm
set_up:     t=  2.2 s | tip=  3.5 deg | F= 42.5 N | M= 24.2 Nm (limit 150.0) | edge=  3.4 mm
set_up:     t=  2.4 s | tip=  3.5 deg | F= 42.4 N | M= 24.1 Nm (limit 150.0) | edge=  3.4 mm
set_up:     t=  2.6 s | tip=  3.5 deg | F= 42.4 N | M= 24.1 Nm (limit 150.0) | edge=  3.4 mm
set_up:     t=  2.8 s | tip=  3.5 deg | F= 42.4 N | M= 24.2 Nm (limit 150.0) | edge=  3.4 mm
set_up:     t=  3.0 s | tip=  3.5 deg | F= 42.4 N | M= 24.2 Nm (limit 150.0) | edge=  3.4 mm
set_up:     t=  3.2 s | tip=  3.5 deg | F= 42.4 N | M= 24.1 Nm (limit 150.0) | edge=  3.4 mm
set_up:     t=  3.4 s | tip=  3.5 deg | F= 42.4 N | M= 24.2 Nm (limit 150.0) | edge=  3.4 mm
set_up:     t=  3.6 s | tip=  3.5 deg | F= 42.4 N | M= 24.2 Nm (limit 150.0) | edge=  3.4 mm
set_up:     t=  3.8 s | tip=  3.5 deg | F= 42.4 N | M= 24.2 Nm (limit 150.0) | edge=  3.4 mm
set_up:     t=  4.0 s | tip=  3.5 deg | F= 42.4 N | M= 24.2 Nm (limit 150.0) | edge=  3.4 mm
set_up:     t=  4.2 s | tip=  3.5 deg | F= 42.4 N | M= 24.2 Nm (limit 150.0) | edge=  3.4 mm
set_up:     t=  4.4 s | tip=  3.5 deg | F= 42.4 N | M= 24.2 Nm (limit 150.0) | edge=  3.4 mm
set_up:     t=  4.6 s | tip=  3.5 deg | F= 42.4 N | M= 24.2 Nm (limit 150.0) | edge=  3.4 mm
set_up:     t=  4.8 s | tip=  3.5 deg | F= 42.3 N | M= 24.2 Nm (limit 150.0) | edge=  3.4 mm

====================================================================
  SET-UP RESULT
====================================================================
  stop: time | t=5.0 s | tip=3.5 deg | F=42.3 N | M=24.2 Nm
  edge_from_contact = [-2.9, +1.3, +1.4] mm | norm=3.4 mm
  tcp_from_contact  = [+17.7, -58.6, +21.2] mm | norm=64.8 mm
  alignment: before=2.08 deg | after=1.47 deg | gain=+0.61 deg
  alignment components [t1,t2,n] deg: before=[-2.06,-0.28,+0.00] | after=[+1.46,-0.13,+0.00]

-- set-up surface-frame breakdown ----------------------------------
  frame              alignment-target [tangent1, tangent2, normal]
  force        [N]      = [    -2.66,     +1.85,    -42.22]
  tcp_disp     [mm]     = [    +1.98,     -1.10,    -22.32]
  edge_disp    [mm]     = [    +2.07,     -2.36,     +1.40]
  Kp_eff=F/tcp [N/m]    = [  -1344.1,   -1681.8,    1891.6]
  moment@edge  [Nm]     = [   -17.03,    -19.19,     +0.11]
  tip_angle    [deg]    = [    +3.52,     +0.15,     -0.04]
  KR_eff=M/ang [Nm/rad] = [   -277.5,   -7095.2,    -171.8]

-- centre of compliance --------------------------------------------
  definition         r_c = p_TCP - p_c
  p_TCP [x,y,z]    = [    527.5,      -8.2,      42.4] mm
  p_c [EE]         = [     33.7,      72.5,       3.1] mm
  r_c [t1,t2,n]    = [      0.0,     -80.0,       0.0] mm
                     p_c resolved at first contact

-- what the TCP feels ----------------------------------------------
  K_TCP translation = [   1999.6,    1999.1,     801.3] N/m
  K_TCP rotation   = [      9.2,       6.0,      62.7] Nm/rad
  commanded KR was = [      5.0,       5.0,      50.0] Nm/rad   the rest is the lever
  D_TCP translation = [    213.1,     189.7,     171.2] Ns/m
  D_TCP rotation   = [      2.5,       1.9,       2.2] Nms/rad
  coupling           max |moment per unit translation| = 144.9 Nm/m (K), 15.9 Nms/m (D)
  eigenvalues        K_TCP 4.97 .. 2013 | D_TCP 0.77 .. 221  (both positive: valid springs)

  K_TCP [N/m, Nm/rad | rows fx..mz, cols tx..rz]:
           tx        ty        tz    |    rx        ry        rz
  fx [    2000  -0.5725   -20.68 |      1.5    3.542    144.9 ]
  fy [ -0.5725     1999   -33.18 |  -0.4369    1.123    67.67 ]
  fz [  -20.68   -33.18    801.3 |   -58.01   -27.17   -2.622 ]
     ---------------------------+---------------------------
  mx [     1.5  -0.4369   -58.01 |    9.218    1.989   0.8695 ]
  my [   3.542    1.123   -27.17 |    1.989     5.96    1.539 ]
  mz [   144.9    67.67   -2.622 |   0.8695    1.539    62.74 ]

  D_TCP [Ns/m, Nms/rad]:
           tx        ty        tz    |    rx        ry        rz
  fx [   213.1    13.92   -1.108 |  0.06054   0.3404    15.91 ]
  fy [   13.92    189.7  -0.7546 |   -0.215  0.04534    7.435 ]
  fz [  -1.108  -0.7546    171.2 |    -12.4     -5.8  -0.1059 ]
     ---------------------------+---------------------------
  mx [ 0.06054   -0.215    -12.4 |     2.53   0.3526 -0.01582 ]
  my [  0.3404  0.04534     -5.8 |   0.3526    1.939 0.0005346 ]
  mz [   15.91    7.435  -0.1059 | -0.01582 0.0005346    2.179 ]

[GATE] Set up finished (holding the pressed pose). Press Enter to start the grind (e+Enter stops).

Stop requested with e + Enter. Finishing control loop...

-- joint motion [deg] ----------------------------------------------
  joint       start    final    delta
  q1            0.8     -2.8     -3.6
  q2           12.1     30.4    +18.3
  q3           -0.5      1.6     +2.1
  q4         -130.9   -129.4     +1.5
  q5           -0.2     -2.8     -2.6
  q6          142.9    158.6    +15.7
  q7           44.7     46.0     +1.3

====================================================================
  FINAL RESULT
====================================================================
  p_d              = [    526.1,     -10.4,     -37.5] mm
  p_EE             = [    524.8,      -8.7,      20.1] mm
  e_p              = [      1.3,      -1.8,     -57.6] mm
  e_R              = [    -3.12,     -1.63,      0.06] deg
--------------------------------------------------------------------
  position error     57.62 mm
  rotation error     3.52 deg
  csv                logs/surface_grinding_controller_log.csv
--------------------------------------------------------------------
