
Press Enter to recover and configure the robot.
Robot recovered or already ready.
Collision: custom thresholds.

=== Startup choice ===
  q = go to q_init (from params/common.txt), then choose again
  g = guiding mode: go to q_init, then hand-guide to your pose;
      use s+Enter for sequence or h+Enter for hold
  o = open the Franka hand now (release/load tool), then choose again
  c = close/grasp the tool now, then choose again
  r = continue to run mode (available after q_init is reached)
Choice [q/g/o/c/r, Enter = q]: Moving to q_init...
q_init reached.

=== Startup choice ===
  q = go to q_init (from params/common.txt), then choose again
  g = guiding mode: go to q_init, then hand-guide to your pose;
      use s+Enter for sequence or h+Enter for hold
  o = open the Franka hand now (release/load tool), then choose again
  c = close/grasp the tool now, then choose again
  r = continue to run mode
Choice [q/g/o/c/r, Enter = q]: Moving to q_init...
q_init reached.

=== Startup choice ===
  q = go to q_init (from params/common.txt), then choose again
  g = guiding mode: go to q_init, then hand-guide to your pose;
      use s+Enter for sequence or h+Enter for hold
  o = open the Franka hand now (release/load tool), then choose again
  c = close/grasp the tool now, then choose again
  r = continue to run mode
Choice [q/g/o/c/r, Enter = q]: 
=== Run mode ===
  s = phase sequence (approach / set up / grind)
  h = hold at the start pose
Choice [s/h, Enter = s]: Selected: phase sequence. Nullspace mode from parameters: nullspace_damping_plus_sigma.

=== Setup ===
run: phase sequence | approach_orient: on | nullspace: nullspace_damping_plus_sigma
nullspace parameters: d_null=2.000 | k_sigma=1.000 Nm | alpha=0.0800 rad
hold: Kp=300.0 N/m | KR=40.0 Nm/rad | damping=auto translation+rotation (factor fitted online toward Dp=50.0 Ns/m)
manual_guidance_start: off | manual_damping=0.50
descend: clearance=20.0 mm | speed=0.100 m/s | max_distance=640 mm
alignment push: start=captured | end=+180 mm | speed=0.050 m/s | ramp_time~=4.0 s | timeout=12.0 s | moment_threshold=150.0 Nm
grind: sweep | axis=tangent2 | amplitude=30 mm | frequency=0.20 Hz
coupled stiffness: apply=on | saved=yes | pole=manual
gates: pause_before_set_up=on | pause_auto_damping=on | pause_before_grind=off | debug_period=0.20 s
alignment-target normal=[+0.087, -0.000, +0.996] | tilt a(x)=0.0 deg, b(y)=5.0 deg (from angles)
tool face: 40 x 120 mm | center offset EE=[+0.0, +0.0, +20.0] mm
Gripper already holding the tool (width 65.6 mm); keeping grasp.
Press e+Enter to stop the controller before the duration expires.
During hold: press g+Enter to hand-guide the tool, then p+Enter to recapture and resume hold.
experiment_duration <= 0: running indefinitely until e + Enter.

=== Start pose ===
q_start = [-2.7, 18.1, -5.1, -122.8, 17.5, 139.5, 26.8] deg
p_start = [565.1, -59.4, 151.1] mm

=== Run ===
phase: approach_orient
orient:     t=  0.0 s | axis_err= 11.5 deg | rot_err= 11.5 deg
approach Dp        auto=[ 134.14,   97.25,  122.28]  manual=[  20.00,   20.00,   20.00] Ns/m
approach DR        auto=[  12.73,   16.36,    4.08]  manual=[  12.00,   12.00,   12.00] Nms/rad
orient:     t=  0.2 s | axis_err=  4.5 deg | rot_err=  4.5 deg
orient:     t=  0.4 s | axis_err=  2.3 deg | rot_err=  2.3 deg

Orientation reached: axis_err=1.9 deg
phase: approach_descend
descend:    t=  0.0 s | distance=   0.1 mm | height= +98.0 mm (target 20.0) | force= -0.0 N
descend:    t=  0.2 s | distance=  20.1 mm | height= +86.1 mm (target 20.0) | force=  0.7 N
descend:    t=  0.4 s | distance=  40.1 mm | height= +69.3 mm (target 20.0) | force=  1.7 N
descend:    t=  0.6 s | distance=  60.2 mm | height= +51.8 mm (target 20.0) | force=  2.5 N
descend:    t=  0.8 s | distance=  80.3 mm | height= +33.7 mm (target 20.0) | force=  1.8 N

[GATE] Reached 20 mm above the plane. Press Enter to start the set-up press (e+Enter stops).
pause auto damping: fitted Dp factor=0.551, DR factor=1.961
pause Dp [xyz]     auto=[ 206.54,  155.23,  224.90]  manual=[ 200.00,  200.00,  200.00] Ns/m
pause DR [t1t2n]   auto=[  11.73,   17.28,    2.04]  manual=[  12.73,   16.36,    4.08] Nms/rad
[GATE] Continuing to the set-up press.
descend:    t=  1.5 s | distance=  95.8 mm | height= +19.5 mm (target 20.0) | force=  0.7 N

Clearance reached: distance=95.8 mm | height=19.5 mm | target=20.0 mm | force=0.7 N (not used for the switch)
offset_ee = [20.0, 60.0, 20.0] mm
p_EE_at_contact = [546.4, -65.5, 65.4] mm
contact_point = [560.2, -126.2, 24.1] mm
edge_offset_base = [13.7, -60.7, -41.3] mm
phase: set_up
set_up Dp [xyz]    auto=[ 237.04,  178.18,  108.12]  manual=[  10.00,   10.00,  175.00] Ns/m
set_up DR [t1t2n]  auto=[   1.41,    2.07,    0.77]  manual=[  10.01,   10.01,   10.00] Nms/rad
set_up:     t=  0.0 s | tip=  0.0 deg | F=  0.0 N | M=  0.0 Nm (limit 150.0) | edge= 19.5 mm
set_up:     t=  0.2 s | tip=  0.4 deg | F=  1.4 N | M=  0.5 Nm (limit 150.0) | edge= 13.9 mm
set_up:     t=  0.4 s | tip=  0.5 deg | F=  2.1 N | M=  0.8 Nm (limit 150.0) | edge=  6.2 mm
set_up:     t=  0.6 s | tip=  0.7 deg | F=  2.3 N | M=  0.9 Nm (limit 150.0) | edge=  3.4 mm
set_up:     t=  0.8 s | tip=  0.8 deg | F=  1.3 N | M=  0.4 Nm (limit 150.0) | edge= 12.0 mm
set_up:     t=  1.0 s | tip=  0.7 deg | F= 12.6 N | M=  7.0 Nm (limit 150.0) | edge= 19.3 mm
set_up:     t=  1.2 s | tip=  0.7 deg | F= 12.7 N | M=  7.1 Nm (limit 150.0) | edge= 19.3 mm
set_up:     t=  1.4 s | tip=  0.7 deg | F= 16.2 N | M=  9.1 Nm (limit 150.0) | edge= 19.5 mm
set_up:     t=  1.6 s | tip=  0.7 deg | F= 19.8 N | M= 11.0 Nm (limit 150.0) | edge= 19.6 mm
set_up:     t=  1.8 s | tip=  0.8 deg | F= 23.2 N | M= 12.8 Nm (limit 150.0) | edge= 19.8 mm
set_up:     t=  2.0 s | tip=  0.8 deg | F= 27.4 N | M= 15.2 Nm (limit 150.0) | edge= 19.9 mm
set_up:     t=  2.2 s | tip=  0.9 deg | F= 31.2 N | M= 17.3 Nm (limit 150.0) | edge= 20.1 mm
set_up:     t=  2.4 s | tip=  1.0 deg | F= 34.7 N | M= 19.2 Nm (limit 150.0) | edge= 20.3 mm
set_up:     t=  2.6 s | tip=  1.0 deg | F= 38.5 N | M= 21.1 Nm (limit 150.0) | edge= 20.5 mm
set_up:     t=  2.8 s | tip=  1.1 deg | F= 42.2 N | M= 23.1 Nm (limit 150.0) | edge= 20.8 mm
set_up:     t=  3.0 s | tip=  1.2 deg | F= 45.7 N | M= 25.0 Nm (limit 150.0) | edge= 21.0 mm
set_up:     t=  3.2 s | tip=  1.3 deg | F= 49.1 N | M= 26.7 Nm (limit 150.0) | edge= 21.3 mm
set_up:     t=  3.4 s | tip=  1.5 deg | F= 52.5 N | M= 28.6 Nm (limit 150.0) | edge= 21.6 mm
set_up:     t=  3.6 s | tip=  1.6 deg | F= 56.0 N | M= 30.5 Nm (limit 150.0) | edge= 21.9 mm
set_up:     t=  3.8 s | tip=  1.7 deg | F= 59.7 N | M= 32.4 Nm (limit 150.0) | edge= 22.2 mm
set_up:     t=  4.0 s | tip=  1.9 deg | F= 63.3 N | M= 34.4 Nm (limit 150.0) | edge= 22.4 mm
set_up:     t=  4.2 s | tip=  2.0 deg | F= 58.7 N | M= 32.0 Nm (limit 150.0) | edge= 22.5 mm
set_up:     t=  4.4 s | tip=  2.0 deg | F= 58.5 N | M= 31.8 Nm (limit 150.0) | edge= 22.5 mm
set_up:     t=  4.6 s | tip=  2.0 deg | F= 58.4 N | M= 31.7 Nm (limit 150.0) | edge= 22.6 mm
set_up:     t=  4.8 s | tip=  2.0 deg | F= 58.4 N | M= 31.7 Nm (limit 150.0) | edge= 22.6 mm
set_up:     t=  5.0 s | tip=  2.0 deg | F= 58.4 N | M= 31.7 Nm (limit 150.0) | edge= 22.6 mm
set_up:     t=  5.2 s | tip=  2.0 deg | F= 58.4 N | M= 31.7 Nm (limit 150.0) | edge= 22.6 mm
set_up:     t=  5.4 s | tip=  2.0 deg | F= 58.4 N | M= 31.7 Nm (limit 150.0) | edge= 22.6 mm
set_up:     t=  5.6 s | tip=  2.0 deg | F= 58.3 N | M= 31.7 Nm (limit 150.0) | edge= 22.6 mm
set_up:     t=  5.8 s | tip=  2.0 deg | F= 58.3 N | M= 31.7 Nm (limit 150.0) | edge= 22.6 mm
set_up:     t=  6.0 s | tip=  2.0 deg | F= 58.3 N | M= 31.7 Nm (limit 150.0) | edge= 22.6 mm
set_up:     t=  6.2 s | tip=  2.0 deg | F= 58.3 N | M= 31.7 Nm (limit 150.0) | edge= 22.6 mm
set_up:     t=  6.4 s | tip=  2.0 deg | F= 58.5 N | M= 31.8 Nm (limit 150.0) | edge= 22.6 mm
set_up:     t=  6.6 s | tip=  2.0 deg | F= 58.4 N | M= 31.7 Nm (limit 150.0) | edge= 22.6 mm
set_up:     t=  6.8 s | tip=  2.0 deg | F= 58.3 N | M= 31.7 Nm (limit 150.0) | edge= 22.6 mm
set_up:     t=  7.0 s | tip=  2.0 deg | F= 58.3 N | M= 31.7 Nm (limit 150.0) | edge= 22.6 mm
set_up:     t=  7.2 s | tip=  2.0 deg | F= 58.3 N | M= 31.7 Nm (limit 150.0) | edge= 22.6 mm
set_up:     t=  7.4 s | tip=  2.0 deg | F= 58.3 N | M= 31.7 Nm (limit 150.0) | edge= 22.6 mm
set_up:     t=  7.6 s | tip=  2.1 deg | F= 58.2 N | M= 31.6 Nm (limit 150.0) | edge= 22.6 mm
set_up:     t=  7.8 s | tip=  2.1 deg | F= 58.2 N | M= 31.6 Nm (limit 150.0) | edge= 22.6 mm
set_up:     t=  8.0 s | tip=  2.1 deg | F= 58.2 N | M= 31.7 Nm (limit 150.0) | edge= 22.6 mm
set_up:     t=  8.2 s | tip=  2.1 deg | F= 58.2 N | M= 31.6 Nm (limit 150.0) | edge= 22.6 mm
set_up:     t=  8.4 s | tip=  2.1 deg | F= 58.2 N | M= 31.6 Nm (limit 150.0) | edge= 22.6 mm
set_up:     t=  8.6 s | tip=  2.1 deg | F= 58.2 N | M= 31.6 Nm (limit 150.0) | edge= 22.6 mm
set_up:     t=  8.8 s | tip=  2.1 deg | F= 58.3 N | M= 31.7 Nm (limit 150.0) | edge= 22.6 mm
set_up:     t=  9.0 s | tip=  2.1 deg | F= 58.2 N | M= 31.7 Nm (limit 150.0) | edge= 22.6 mm
set_up:     t=  9.2 s | tip=  2.1 deg | F= 58.2 N | M= 31.7 Nm (limit 150.0) | edge= 22.6 mm
set_up:     t=  9.4 s | tip=  2.1 deg | F= 58.2 N | M= 31.6 Nm (limit 150.0) | edge= 22.6 mm
set_up:     t=  9.6 s | tip=  2.1 deg | F= 58.2 N | M= 31.6 Nm (limit 150.0) | edge= 22.6 mm
set_up:     t=  9.8 s | tip=  2.1 deg | F= 58.2 N | M= 31.6 Nm (limit 150.0) | edge= 22.6 mm
set_up:     t= 10.0 s | tip=  2.1 deg | F= 58.2 N | M= 31.7 Nm (limit 150.0) | edge= 22.6 mm
set_up:     t= 10.2 s | tip=  2.1 deg | F= 58.3 N | M= 31.7 Nm (limit 150.0) | edge= 22.6 mm
set_up:     t= 10.4 s | tip=  2.1 deg | F= 58.3 N | M= 31.7 Nm (limit 150.0) | edge= 22.6 mm
set_up:     t= 10.6 s | tip=  2.1 deg | F= 58.1 N | M= 31.6 Nm (limit 150.0) | edge= 22.6 mm
set_up:     t= 10.8 s | tip=  2.1 deg | F= 58.1 N | M= 31.6 Nm (limit 150.0) | edge= 22.6 mm
set_up:     t= 11.0 s | tip=  2.1 deg | F= 58.1 N | M= 31.6 Nm (limit 150.0) | edge= 22.6 mm
set_up:     t= 11.2 s | tip=  2.1 deg | F= 58.1 N | M= 31.6 Nm (limit 150.0) | edge= 22.6 mm
set_up:     t= 11.4 s | tip=  2.1 deg | F= 58.0 N | M= 31.6 Nm (limit 150.0) | edge= 22.6 mm
set_up:     t= 11.6 s | tip=  2.1 deg | F= 58.0 N | M= 31.6 Nm (limit 150.0) | edge= 22.6 mm
set_up:     t= 11.8 s | tip=  2.1 deg | F= 58.1 N | M= 31.6 Nm (limit 150.0) | edge= 22.7 mm

=== Set-up result ===
stop: time | t=12.0 s | tip=2.1 deg | F=58.1 N | M=31.6 Nm
edge_from_contact = [-8.0, +0.5, -21.2] mm | norm=22.6 mm
tcp_from_contact  = [-22.3, +61.3, +1.2] mm | norm=65.3 mm
alignment: before=0.41 deg | after=2.25 deg | gain=-1.84 deg

=== Set-up surface-frame breakdown ===
frame: alignment-target [tangent1, tangent2, normal]
force        [N]      = [    -7.50,     -0.53,    -57.59]
tcp_disp     [mm]     = [    -5.06,     +0.61,    -40.67]
edge_disp    [mm]     = [    -6.13,     +0.53,    -21.80]
Kp_eff=F/tcp [N/m]    = [   1482.9,    -859.9,    1416.1]
moment@edge  [Nm]     = [    +3.16,    +29.76,     -0.74]
tip_angle    [deg]    = [    -0.01,     -2.07,     +0.30]
KR_eff=M/ang [Nm/rad] = [      n/a,    -823.1,    -141.6]

finite_axis: angle=2.1 deg | axis_from_edge=[-575.8, +25.8, +206.4] mm | dir=[-0.007, +0.990, -0.143] | pitch=+98.6 mm/rad

=== Coupled stiffness from the measured pole ===
source spring K_pole/D_pole (diagonal, from parameters):
  Kp [N/m]     = [2000, 2000, 350]
  KR [Nm/rad]  = [5, 5, 50]
  Dp [Ns/m]    = [10, 10, 175]
  DR [Nms/rad] = [10.01, 10.01, 10]

poles compared (lever r_c = TCP - pole):
  (A) measured axis : angle=2.1 deg | pitch=+98.6 mm/rad
      pole_from_edge = [-567.8, 28.9, 227.1] mm
      r_c            = [553.5, 31.9, -204.7] mm
  (B) manual pole   : COMMANDED this run, contact reference
      pole_from_edge = [4.5, -0.5, -18.7] mm
      r_c            = [-10.2, 60.7, 81.1] mm
      r_c(B)-r_c(A)  = [-563.8, 28.8, 285.8] mm

K_TCP = Ad^T K_pole Ad  [rows fx..mz | cols tx..rz]:
  (A) measured axis:
           tx        ty        tz    |    rx        ry        rz
  fx [    2000        0        0 |        0    409.4    63.83 ]
  fy [       0     2000        0 |   -409.4        0    -1107 ]
  fz [       0        0      350 |   -11.17    193.7        0 ]
     ---------------------------+---------------------------
  mx [       0   -409.4   -11.17 |    89.48   -6.183    230.5 ]
  my [   409.4        0    193.7 |   -6.183      196    13.06 ]
  mz [   63.83    -1107        0 |    230.5    13.06    664.5 ]
  (A) K_TCP eigenvalues = [3.696, 4.877, 37.82, 453.1, 2090, 2711] -> PSD ok (>=0) (min=3.696)
  (B) manual pole:
           tx        ty        tz    |    rx        ry        rz
  fx [    2000        0        0 |        0   -162.3    121.4 ]
  fy [       0     2000        0 |    162.3        0     20.5 ]
  fz [       0        0      350 |   -21.24   -3.587        0 ]
     ---------------------------+---------------------------
  mx [       0    162.3   -21.24 |     19.8   0.2177     5.57 ]
  my [  -162.3        0   -3.587 |   0.2177    18.21   -9.849 ]
  mz [   121.4     20.5        0 |     5.57   -9.849    57.23 ]
  (B) K_TCP eigenvalues = [4.948, 4.968, 49.8, 351.3, 2013, 2021] -> PSD ok (>=0) (min=4.948)

D_TCP = Ad^T D_pole Ad:
  (A) measured axis:
           tx        ty        tz    |    rx        ry        rz
  fx [     237        0        0 |        0    48.52    7.565 ]
  fy [       0    178.2        0 |   -36.47        0   -98.63 ]
  fz [       0        0    108.1 |   -3.451    59.85        0 ]
     ---------------------------+---------------------------
  mx [       0   -36.47   -3.451 |     8.98    -1.91    20.13 ]
  my [   48.52        0    59.85 |    -1.91    45.13    1.548 ]
  mz [   7.565   -98.63        0 |    20.13    1.548    55.61 ]
  (A) D_TCP eigenvalues = [0.5811, 1.386, 1.536, 138.7, 239.4, 251.4] -> PSD ok (>=0) (min=0.5811)
  (B) manual pole:
           tx        ty        tz    |    rx        ry        rz
  fx [     237        0        0 |        0   -19.23    14.39 ]
  fy [       0    178.2        0 |    14.46        0    1.826 ]
  fz [       0        0    108.1 |   -6.561   -1.108        0 ]
     ---------------------------+---------------------------
  mx [       0    14.46   -6.561 |    2.977  0.06724  0.09294 ]
  my [  -19.23        0   -1.108 |  0.06724    3.644   -1.167 ]
  mz [   14.39    1.826        0 |  0.09294   -1.167     1.67 ]
  (B) D_TCP eigenvalues = [0.7708, 1.396, 2.059, 108.5, 179.4, 239.5] -> PSD ok (>=0) (min=0.7708)
phase: grind

Stop requested with e + Enter. Finishing control loop...

Joint motion [deg]:
joint    start   final   delta
------------------------------
q1       -2.7    -2.0     0.7
q2       18.1    32.4    14.3
q3       -5.1    -2.6     2.5
q4     -122.8  -122.2     0.6
q5       17.5     0.5   -17.1
q6      139.5   147.0     7.5
q7       26.8    42.7    15.9

=== Final result ===
p_d = [529.0, -40.4, -133.3] mm
p_EE = [535.9, -46.9, 24.5] mm
e_p = [-6.9, 6.5, -157.8] mm
position_error = 158.09 mm
e_R = [0.95, -2.47, -0.13] deg
rotation_error = 2.65 deg
csv: surface_grinding_controller_log.csv
