
Press Enter to recover and configure the robot.
Robot recovered or already ready.
Collision: custom thresholds.

=== Startup choice ===
  q = go to q_init (from params/common.txt), then choose again
  g = guiding mode: go to q_init, then hand-guide to your pose;
      use s+Enter for sequence or h+Enter for hold
  o = open the Franka hand now (release/load tool), then choose again
  c = close/grasp the tool now, then choose again
  r = continue to run mode (available after q_init is reached)
Choice [q/g/o/c/r, Enter = q]: Moving to q_init...
q_init reached.

=== Startup choice ===
  q = go to q_init (from params/common.txt), then choose again
  g = guiding mode: go to q_init, then hand-guide to your pose;
      use s+Enter for sequence or h+Enter for hold
  o = open the Franka hand now (release/load tool), then choose again
  c = close/grasp the tool now, then choose again
  r = continue to run mode
Choice [q/g/o/c/r, Enter = q]: Moving to q_init...
q_init reached.

=== Startup choice ===
  q = go to q_init (from params/common.txt), then choose again
  g = guiding mode: go to q_init, then hand-guide to your pose;
      use s+Enter for sequence or h+Enter for hold
  o = open the Franka hand now (release/load tool), then choose again
  c = close/grasp the tool now, then choose again
  r = continue to run mode
Choice [q/g/o/c/r, Enter = q]: 
=== Run mode ===
  s = phase sequence (approach / set up / grind)
  h = hold at the start pose
Choice [s/h, Enter = s]: Selected: phase sequence. Nullspace mode from parameters: nullspace_damping_plus_sigma.

=== Setup ===
run: phase sequence | approach_orient: on | nullspace: nullspace_damping_plus_sigma
nullspace parameters: d_null=2.000 | k_sigma=1.000 Nm | alpha=0.0800 rad
hold: Kp=300.0 N/m | KR=40.0 Nm/rad | damping=auto translation+rotation (factor fitted online toward Dp=50.0 Ns/m)
manual_guidance_start: off | manual_damping=0.50
descend: clearance=20.0 mm | speed=0.100 m/s | max_distance=640 mm
alignment push: start=captured | end=+180 mm | speed=0.050 m/s | ramp_time~=4.0 s | timeout=12.0 s | moment_threshold=150.0 Nm
grind: sweep | axis=tangent2 | amplitude=30 mm | frequency=0.20 Hz
coupled stiffness: apply=off | saved=yes | pole=manual
gates: pause_before_set_up=on | pause_auto_damping=on | pause_before_grind=off | debug_period=0.20 s
alignment-target normal=[+0.087, -0.000, +0.996] | tilt a(x)=0.0 deg, b(y)=5.0 deg (from angles)
tool face: 40 x 120 mm | center offset EE=[+0.0, +0.0, +20.0] mm
Gripper already holding the tool (width 65.1 mm); keeping grasp.
Press e+Enter to stop the controller before the duration expires.
During hold: press g+Enter to hand-guide the tool, then p+Enter to recapture and resume hold.
experiment_duration <= 0: running indefinitely until e + Enter.

=== Start pose ===
q_start = [-2.7, 18.1, -5.1, -122.8, 17.5, 139.5, 26.8] deg
p_start = [565.1, -59.4, 151.1] mm

=== Run ===
phase: approach_orient
orient:     t=  0.0 s | axis_err= 11.4 deg | rot_err= 11.4 deg
approach Dp        auto=[ 134.14,   97.25,  122.28]  manual=[  20.00,   20.00,   20.00] Ns/m
approach DR        auto=[  12.73,   16.36,    4.08]  manual=[  12.00,   12.00,   12.00] Nms/rad
orient:     t=  0.2 s | axis_err=  4.6 deg | rot_err=  4.6 deg
orient:     t=  0.4 s | axis_err=  2.4 deg | rot_err=  2.4 deg

Orientation reached: axis_err=2.0 deg
phase: approach_descend
descend:    t=  0.0 s | distance=   0.1 mm | height= +97.6 mm (target 20.0) | force= -0.0 N
descend:    t=  0.2 s | distance=  20.1 mm | height= +85.6 mm (target 20.0) | force=  0.1 N
descend:    t=  0.4 s | distance=  40.1 mm | height= +68.7 mm (target 20.0) | force=  1.0 N
descend:    t=  0.6 s | distance=  60.2 mm | height= +51.3 mm (target 20.0) | force=  2.2 N
descend:    t=  0.8 s | distance=  80.3 mm | height= +33.8 mm (target 20.0) | force=  1.3 N

[GATE] Reached 20 mm above the plane. Press Enter to start the set-up press (e+Enter stops).
pause auto damping: fitted Dp factor=0.551, DR factor=1.960
pause Dp [xyz]     auto=[ 206.49,  155.40,  224.86]  manual=[ 200.00,  200.00,  200.00] Ns/m
pause DR [t1t2n]   auto=[  11.77,   17.26,    2.05]  manual=[  12.73,   16.36,    4.08] Nms/rad
[GATE] Continuing to the set-up press.
descend:    t=  1.5 s | distance=  96.2 mm | height= +19.5 mm (target 20.0) | force=  0.3 N

Clearance reached: distance=96.2 mm | height=19.5 mm | target=20.0 mm | force=0.3 N (not used for the switch)
offset_ee = [20.0, 60.0, 20.0] mm
p_EE_at_contact = [546.2, -66.1, 65.7] mm
contact_point = [559.9, -126.7, 24.1] mm
edge_offset_base = [13.7, -60.6, -41.5] mm
phase: set_up
set_up Dp [xyz]    auto=[ 236.99,  178.39,  108.10]  manual=[  10.00,   10.00,  175.00] Ns/m
set_up DR [t1t2n]  auto=[   1.42,    2.07,    0.78]  manual=[  10.01,   10.01,   10.00] Nms/rad
set_up:     t=  0.0 s | tip=  0.0 deg | F=  0.1 N | M=  0.0 Nm (limit 150.0) | edge= 19.5 mm
set_up:     t=  0.2 s | tip=  0.5 deg | F=  0.9 N | M=  0.4 Nm (limit 150.0) | edge= 13.7 mm
set_up:     t=  0.4 s | tip=  1.0 deg | F=  2.4 N | M=  1.0 Nm (limit 150.0) | edge=  6.6 mm
set_up:     t=  0.6 s | tip=  1.4 deg | F=  2.8 N | M=  1.2 Nm (limit 150.0) | edge=  4.3 mm
set_up:     t=  0.8 s | tip=  1.6 deg | F=  2.1 N | M=  0.8 Nm (limit 150.0) | edge= 12.4 mm
set_up:     t=  1.0 s | tip=  2.0 deg | F= 12.6 N | M=  6.7 Nm (limit 150.0) | edge= 19.6 mm
set_up:     t=  1.2 s | tip=  2.0 deg | F= 12.3 N | M=  6.7 Nm (limit 150.0) | edge= 19.6 mm
set_up:     t=  1.4 s | tip=  2.0 deg | F= 16.3 N | M=  8.8 Nm (limit 150.0) | edge= 19.8 mm
set_up:     t=  1.6 s | tip=  2.0 deg | F= 20.1 N | M= 10.8 Nm (limit 150.0) | edge= 19.9 mm
set_up:     t=  1.8 s | tip=  2.0 deg | F= 23.6 N | M= 12.6 Nm (limit 150.0) | edge= 20.0 mm
set_up:     t=  2.0 s | tip=  2.0 deg | F= 27.7 N | M= 14.7 Nm (limit 150.0) | edge= 20.1 mm
set_up:     t=  2.2 s | tip=  2.0 deg | F= 31.2 N | M= 16.4 Nm (limit 150.0) | edge= 20.3 mm
set_up:     t=  2.4 s | tip=  2.0 deg | F= 34.9 N | M= 18.2 Nm (limit 150.0) | edge= 20.4 mm
set_up:     t=  2.6 s | tip=  2.0 deg | F= 38.8 N | M= 20.2 Nm (limit 150.0) | edge= 20.6 mm
set_up:     t=  2.8 s | tip=  2.1 deg | F= 42.3 N | M= 21.9 Nm (limit 150.0) | edge= 20.7 mm
set_up:     t=  3.0 s | tip=  2.1 deg | F= 45.8 N | M= 23.7 Nm (limit 150.0) | edge= 20.9 mm
set_up:     t=  3.2 s | tip=  2.1 deg | F= 49.7 N | M= 25.7 Nm (limit 150.0) | edge= 21.0 mm
set_up:     t=  3.4 s | tip=  2.2 deg | F= 53.5 N | M= 27.7 Nm (limit 150.0) | edge= 21.2 mm
set_up:     t=  3.6 s | tip=  2.2 deg | F= 57.4 N | M= 29.6 Nm (limit 150.0) | edge= 21.3 mm
set_up:     t=  3.8 s | tip=  2.3 deg | F= 61.1 N | M= 31.4 Nm (limit 150.0) | edge= 21.5 mm
set_up:     t=  4.0 s | tip=  2.3 deg | F= 65.5 N | M= 33.7 Nm (limit 150.0) | edge= 21.5 mm
set_up:     t=  4.2 s | tip=  2.3 deg | F= 60.9 N | M= 31.1 Nm (limit 150.0) | edge= 21.5 mm
set_up:     t=  4.4 s | tip=  2.3 deg | F= 60.6 N | M= 31.0 Nm (limit 150.0) | edge= 21.5 mm
set_up:     t=  4.6 s | tip=  2.3 deg | F= 60.5 N | M= 30.8 Nm (limit 150.0) | edge= 21.5 mm
set_up:     t=  4.8 s | tip=  2.3 deg | F= 60.4 N | M= 30.7 Nm (limit 150.0) | edge= 21.5 mm
set_up:     t=  5.0 s | tip=  2.3 deg | F= 60.3 N | M= 30.6 Nm (limit 150.0) | edge= 21.5 mm
set_up:     t=  5.2 s | tip=  2.3 deg | F= 60.3 N | M= 30.6 Nm (limit 150.0) | edge= 21.5 mm
set_up:     t=  5.4 s | tip=  2.4 deg | F= 60.2 N | M= 30.6 Nm (limit 150.0) | edge= 21.5 mm
set_up:     t=  5.6 s | tip=  2.4 deg | F= 60.0 N | M= 30.5 Nm (limit 150.0) | edge= 21.5 mm
set_up:     t=  5.8 s | tip=  2.4 deg | F= 60.1 N | M= 30.6 Nm (limit 150.0) | edge= 21.5 mm
set_up:     t=  6.0 s | tip=  2.4 deg | F= 60.0 N | M= 30.5 Nm (limit 150.0) | edge= 21.5 mm
set_up:     t=  6.2 s | tip=  2.4 deg | F= 60.0 N | M= 30.5 Nm (limit 150.0) | edge= 21.5 mm
set_up:     t=  6.4 s | tip=  2.4 deg | F= 60.0 N | M= 30.4 Nm (limit 150.0) | edge= 21.5 mm
set_up:     t=  6.6 s | tip=  2.4 deg | F= 59.9 N | M= 30.4 Nm (limit 150.0) | edge= 21.5 mm
set_up:     t=  6.8 s | tip=  2.4 deg | F= 59.8 N | M= 30.3 Nm (limit 150.0) | edge= 21.5 mm
set_up:     t=  7.0 s | tip=  2.4 deg | F= 59.8 N | M= 30.3 Nm (limit 150.0) | edge= 21.5 mm
set_up:     t=  7.2 s | tip=  2.4 deg | F= 59.9 N | M= 30.3 Nm (limit 150.0) | edge= 21.5 mm
set_up:     t=  7.4 s | tip=  2.4 deg | F= 59.7 N | M= 30.2 Nm (limit 150.0) | edge= 21.5 mm
set_up:     t=  7.6 s | tip=  2.4 deg | F= 59.7 N | M= 30.5 Nm (limit 150.0) | edge= 21.5 mm
set_up:     t=  7.8 s | tip=  2.4 deg | F= 59.8 N | M= 30.5 Nm (limit 150.0) | edge= 21.5 mm
set_up:     t=  8.0 s | tip=  2.4 deg | F= 59.7 N | M= 30.5 Nm (limit 150.0) | edge= 21.5 mm
set_up:     t=  8.2 s | tip=  2.4 deg | F= 59.7 N | M= 30.4 Nm (limit 150.0) | edge= 21.5 mm
set_up:     t=  8.4 s | tip=  2.5 deg | F= 59.8 N | M= 30.5 Nm (limit 150.0) | edge= 21.5 mm
set_up:     t=  8.6 s | tip=  2.5 deg | F= 59.8 N | M= 30.5 Nm (limit 150.0) | edge= 21.5 mm
set_up:     t=  8.8 s | tip=  2.5 deg | F= 59.8 N | M= 30.5 Nm (limit 150.0) | edge= 21.5 mm
set_up:     t=  9.0 s | tip=  2.5 deg | F= 59.8 N | M= 30.5 Nm (limit 150.0) | edge= 21.5 mm
set_up:     t=  9.2 s | tip=  2.5 deg | F= 59.7 N | M= 30.4 Nm (limit 150.0) | edge= 21.5 mm
set_up:     t=  9.4 s | tip=  2.5 deg | F= 59.8 N | M= 30.5 Nm (limit 150.0) | edge= 21.5 mm
set_up:     t=  9.6 s | tip=  2.5 deg | F= 60.0 N | M= 30.6 Nm (limit 150.0) | edge= 21.5 mm
set_up:     t=  9.8 s | tip=  2.5 deg | F= 59.8 N | M= 30.5 Nm (limit 150.0) | edge= 21.5 mm
set_up:     t= 10.0 s | tip=  2.5 deg | F= 59.8 N | M= 30.5 Nm (limit 150.0) | edge= 21.5 mm
set_up:     t= 10.2 s | tip=  2.5 deg | F= 59.8 N | M= 30.5 Nm (limit 150.0) | edge= 21.5 mm
set_up:     t= 10.4 s | tip=  2.5 deg | F= 59.9 N | M= 30.5 Nm (limit 150.0) | edge= 21.5 mm
set_up:     t= 10.6 s | tip=  2.5 deg | F= 59.8 N | M= 30.5 Nm (limit 150.0) | edge= 21.5 mm
set_up:     t= 10.8 s | tip=  2.5 deg | F= 59.8 N | M= 30.5 Nm (limit 150.0) | edge= 21.5 mm
set_up:     t= 11.0 s | tip=  2.5 deg | F= 59.9 N | M= 30.5 Nm (limit 150.0) | edge= 21.5 mm
set_up:     t= 11.2 s | tip=  2.5 deg | F= 59.9 N | M= 30.5 Nm (limit 150.0) | edge= 21.5 mm
set_up:     t= 11.4 s | tip=  2.5 deg | F= 59.9 N | M= 30.5 Nm (limit 150.0) | edge= 21.5 mm
set_up:     t= 11.6 s | tip=  2.5 deg | F= 59.9 N | M= 30.5 Nm (limit 150.0) | edge= 21.5 mm
set_up:     t= 11.8 s | tip=  2.5 deg | F= 59.8 N | M= 30.5 Nm (limit 150.0) | edge= 21.5 mm

=== Set-up result ===
stop: time | t=12.0 s | tip=2.5 deg | F=59.8 N | M=30.5 Nm
edge_from_contact = [-6.1, +0.4, -20.6] mm | norm=21.5 mm
tcp_from_contact  = [-21.1, +61.2, +1.3] mm | norm=64.7 mm
alignment: before=0.59 deg | after=2.49 deg | gain=-1.90 deg

=== Set-up surface-frame breakdown ===
frame: alignment-target [tangent1, tangent2, normal]
force        [N]      = [   -14.57,     -2.44,    -57.98]
tcp_disp     [mm]     = [    -3.84,     +0.55,    -40.72]
edge_disp    [mm]     = [    -4.30,     +0.39,    -21.10]
Kp_eff=F/tcp [N/m]    = [   3791.1,   -4457.9,    1423.8]
moment@edge  [Nm]     = [    +2.30,    +28.55,     -1.71]
tip_angle    [deg]    = [    +0.74,     -2.32,     -0.36]
KR_eff=M/ang [Nm/rad] = [    178.8,    -705.3,     274.7]

finite_axis: angle=2.5 deg | axis_from_edge=[-458.5, -160.7, +121.8] mm | dir=[-0.285, +0.943, +0.170] | pitch=-32.6 mm/rad
(coupled_K_tcp/coupled_D_tcp queued for the next run)

=== Coupled stiffness from the measured pole ===
source spring K_pole/D_pole (diagonal, from parameters):
  Kp [N/m]     = [2000, 2000, 350]
  KR [Nm/rad]  = [5, 5, 50]
  Dp [Ns/m]    = [10, 10, 175]
  DR [Nms/rad] = [10.01, 10.01, 10]

poles compared (lever r_c = TCP - pole):
  (A) measured axis : angle=2.5 deg | pitch=-32.6 mm/rad
      pole_from_edge = [-451.9, -162.4, 142.2] mm
      r_c            = [437.0, 223.2, -120.2] mm
  (B) manual pole   : comparison only, contact reference
      pole_from_edge = [-33.9, 79.6, 20.6] mm
      r_c            = [26.3, -19.4, 41.5] mm
      r_c(B)-r_c(A)  = [-410.7, -242.6, 161.8] mm

K_TCP = Ad^T K_pole Ad  [rows fx..mz | cols tx..rz]:
  (A) measured axis:
           tx        ty        tz    |    rx        ry        rz
  fx [    2000        0        0 |        0    240.5    446.4 ]
  fy [       0     2000        0 |   -240.5        0     -874 ]
  fz [       0        0      350 |   -78.11    152.9        0 ]
     ---------------------------+---------------------------
  mx [       0   -240.5   -78.11 |    51.69   -34.13      109 ]
  my [   240.5        0    152.9 |   -34.13    100.7    53.67 ]
  mz [   446.4     -874        0 |      109    53.67    531.2 ]
  (A) K_TCP eigenvalues = [3.975, 4.966, 39.95, 433.7, 2031, 2521] -> PSD ok (>=0) (min=3.975)
  (B) manual pole:
           tx        ty        tz    |    rx        ry        rz
  fx [    2000        0        0 |        0   -83.06   -38.75 ]
  fy [       0     2000        0 |    83.06        0    -52.6 ]
  fz [       0        0      350 |    6.781    9.204        0 ]
     ---------------------------+---------------------------
  mx [       0    83.06    6.781 |    8.923   0.1783    1.723 ]
  my [  -83.06        0    9.204 |   0.1783    8.691    1.609 ]
  mz [  -38.75    -52.6        0 |    1.723    1.609    51.79 ]
  (B) K_TCP eigenvalues = [4.986, 4.99, 49.95, 350.4, 2003, 2006] -> PSD ok (>=0) (min=4.986)

D_TCP = Ad^T D_pole Ad:
  (A) measured axis:
           tx        ty        tz    |    rx        ry        rz
  fx [     237        0        0 |        0    28.49    52.89 ]
  fy [       0    178.4        0 |   -21.45        0   -77.95 ]
  fz [       0        0    108.1 |   -24.13    47.24        0 ]
     ---------------------------+---------------------------
  mx [       0   -21.45   -24.13 |    9.373   -10.54    9.317 ]
  my [   28.49        0    47.24 |   -10.54    26.14    6.359 ]
  mz [   52.89   -77.95        0 |    9.317    6.359    46.65 ]
  (A) D_TCP eigenvalues = [0.6207, 1.307, 1.773, 133.5, 207, 261.4] -> PSD ok (>=0) (min=0.6207)
  (B) manual pole:
           tx        ty        tz    |    rx        ry        rz
  fx [     237        0        0 |        0   -9.842   -4.592 ]
  fy [       0    178.4        0 |    7.408        0   -4.691 ]
  fz [       0        0    108.1 |    2.094    2.843        0 ]
     ---------------------------+---------------------------
  mx [       0    7.408    2.094 |    1.758  0.05508  -0.2503 ]
  my [  -9.842        0    2.843 |  0.05508    2.554   0.1907 ]
  mz [  -4.592   -4.691        0 |  -0.2503   0.1907   0.9934 ]
  (B) D_TCP eigenvalues = [0.7755, 1.412, 2.066, 108.2, 178.8, 237.5] -> PSD ok (>=0) (min=0.7755)
phase: grind

Stop requested with e + Enter. Finishing control loop...
params/sequence.txt updated after control loop (73 queued values).

Joint motion [deg]:
joint    start   final   delta
------------------------------
q1       -2.7    -3.0    -0.3
q2       18.1    32.3    14.2
q3       -5.1    -4.6     0.6
q4     -122.8  -122.0     0.8
q5       17.5     2.0   -15.5
q6      139.5   146.4     7.0
q7       26.8    39.5    12.7

=== Final result ===
p_d = [528.8, -82.3, -133.1] mm
p_EE = [533.2, -76.0, 26.2] mm
e_p = [-4.4, -6.4, -159.3] mm
position_error = 159.51 mm
e_R = [1.01, -2.69, 0.68] deg
rotation_error = 2.96 deg
csv: surface_grinding_controller_log.csv
