
Press Enter to recover and configure the robot.
Robot recovered or already ready.
Collision: custom thresholds.

=== Startup choice ===
  q = go to q_init (from params/common.txt), then choose again
  g = guiding mode: go to q_init, then hand-guide to your pose;
      use s+Enter for sequence or h+Enter for hold
  o = open the Franka hand now (release/load tool), then choose again
  c = close/grasp the tool now, then choose again
  r = continue to run mode (available after q_init is reached)
Choice [q/g/o/c/r, Enter = q]: Moving to q_init...
q_init reached.

=== Startup choice ===
  q = go to q_init (from params/common.txt), then choose again
  g = guiding mode: go to q_init, then hand-guide to your pose;
      use s+Enter for sequence or h+Enter for hold
  o = open the Franka hand now (release/load tool), then choose again
  c = close/grasp the tool now, then choose again
  r = continue to run mode
Choice [q/g/o/c/r, Enter = q]: 
=== Run mode ===
  s = phase sequence (approach / set up / grind)
  h = hold at the start pose
Choice [s/h, Enter = s]: Selected: phase sequence. Nullspace mode from parameters: nullspace_damping_plus_sigma.

=== Setup ===
run: phase sequence | approach_orient: on | nullspace: nullspace_damping_plus_sigma
nullspace parameters: d_null=2.000 | k_sigma=1.000 Nm | alpha=0.0800 rad
hold: Kp=300.0 N/m | KR=40.0 Nm/rad | damping=auto translation+rotation (factor fitted online toward Dp=50.0 Ns/m)
manual_guidance_start: off | manual_damping=0.50
descend: clearance=20.0 mm | speed=0.100 m/s | max_distance=640 mm
alignment push: start=captured | end=+180 mm | speed=0.050 m/s | ramp_time~=4.0 s | timeout=12.0 s | moment_threshold=150.0 Nm
grind: sweep | axis=tangent2 | amplitude=30 mm | frequency=0.20 Hz
coupled stiffness: apply=off | saved=yes | pole=manual
gates: pause_before_set_up=on | pause_auto_damping=on | pause_before_grind=off | debug_period=0.20 s
alignment-target normal=[+0.087, -0.000, +0.996] | tilt a(x)=0.0 deg, b(y)=5.0 deg (from angles)
tool face: 40 x 120 mm | center offset EE=[+0.0, +0.0, +20.0] mm
Gripper already holding the tool (width 65.0 mm); keeping grasp.
Press e+Enter to stop the controller before the duration expires.
During hold: press g+Enter to hand-guide the tool, then p+Enter to recapture and resume hold.
experiment_duration <= 0: running indefinitely until e + Enter.

=== Start pose ===
q_start = [-2.7, 18.1, -5.1, -122.8, 17.5, 139.5, 26.8] deg
p_start = [565.1, -59.4, 151.1] mm

=== Run ===
phase: approach_orient
orient:     t=  0.0 s | axis_err= 11.5 deg | rot_err= 11.5 deg
approach Dp        auto=[ 134.14,   97.25,  122.28]  manual=[  20.00,   20.00,   20.00] Ns/m
approach DR        auto=[  12.73,   16.36,    4.08]  manual=[  12.00,   12.00,   12.00] Nms/rad
orient:     t=  0.2 s | axis_err=  4.5 deg | rot_err=  4.5 deg
orient:     t=  0.4 s | axis_err=  2.2 deg | rot_err=  2.2 deg

Orientation reached: axis_err=1.8 deg
phase: approach_descend
descend:    t=  0.0 s | distance=   0.1 mm | height= +98.1 mm (target 20.0) | force= -0.0 N
descend:    t=  0.2 s | distance=  20.1 mm | height= +86.0 mm (target 20.0) | force=  0.3 N
descend:    t=  0.4 s | distance=  40.1 mm | height= +68.9 mm (target 20.0) | force=  1.1 N
descend:    t=  0.6 s | distance=  60.2 mm | height= +51.4 mm (target 20.0) | force=  1.8 N
descend:    t=  0.8 s | distance=  80.4 mm | height= +33.8 mm (target 20.0) | force=  1.4 N

[GATE] Reached 20 mm above the plane. Press Enter to start the set-up press (e+Enter stops).
pause auto damping: fitted Dp factor=0.551, DR factor=1.960
pause Dp [xyz]     auto=[ 206.56,  155.26,  224.86]  manual=[ 200.00,  200.00,  200.00] Ns/m
pause DR [t1t2n]   auto=[  11.73,   17.28,    2.04]  manual=[  12.73,   16.36,    4.08] Nms/rad
[GATE] Continuing to the set-up press.
descend:    t=  2.0 s | distance=  96.4 mm | height= +19.5 mm (target 20.0) | force=  0.2 N

Clearance reached: distance=96.4 mm | height=19.5 mm | target=20.0 mm | force=0.2 N (not used for the switch)
offset_ee = [20.0, 60.0, 20.0] mm
p_EE_at_contact = [546.4, -65.8, 65.4] mm
contact_point = [560.1, -126.5, 24.1] mm
edge_offset_base = [13.7, -60.7, -41.3] mm
phase: set_up
set_up Dp [xyz]    auto=[ 237.07,  178.22,  108.10]  manual=[  10.00,   10.00,  175.00] Ns/m
set_up DR [t1t2n]  auto=[   2.44,    3.59,    0.77]  manual=[  10.01,   10.01,   10.00] Nms/rad
set_up:     t=  0.0 s | tip=  0.0 deg | F=  0.0 N | M=  0.0 Nm (limit 150.0) | edge= 19.5 mm
set_up:     t=  0.2 s | tip=  0.5 deg | F=  1.0 N | M=  0.3 Nm (limit 150.0) | edge= 13.8 mm
set_up:     t=  0.4 s | tip=  0.8 deg | F=  2.8 N | M=  1.2 Nm (limit 150.0) | edge=  6.8 mm
set_up:     t=  0.6 s | tip=  0.9 deg | F=  2.0 N | M=  0.7 Nm (limit 150.0) | edge=  3.9 mm
set_up:     t=  0.8 s | tip=  1.2 deg | F=  2.5 N | M=  0.9 Nm (limit 150.0) | edge= 12.0 mm
set_up:     t=  1.0 s | tip=  1.2 deg | F= 13.6 N | M=  7.3 Nm (limit 150.0) | edge= 19.0 mm
set_up:     t=  1.2 s | tip=  1.2 deg | F= 12.9 N | M=  6.7 Nm (limit 150.0) | edge= 19.1 mm
set_up:     t=  1.4 s | tip=  1.2 deg | F= 16.4 N | M=  8.5 Nm (limit 150.0) | edge= 19.3 mm
set_up:     t=  1.6 s | tip=  1.2 deg | F= 19.8 N | M= 10.1 Nm (limit 150.0) | edge= 19.4 mm
set_up:     t=  1.8 s | tip=  1.2 deg | F= 24.0 N | M= 12.5 Nm (limit 150.0) | edge= 19.6 mm
set_up:     t=  2.0 s | tip=  1.3 deg | F= 27.9 N | M= 14.4 Nm (limit 150.0) | edge= 19.7 mm
set_up:     t=  2.2 s | tip=  1.3 deg | F= 31.6 N | M= 16.3 Nm (limit 150.0) | edge= 19.8 mm
set_up:     t=  2.4 s | tip=  1.3 deg | F= 35.4 N | M= 18.3 Nm (limit 150.0) | edge= 19.9 mm
set_up:     t=  2.6 s | tip=  1.4 deg | F= 39.2 N | M= 20.3 Nm (limit 150.0) | edge= 20.1 mm
set_up:     t=  2.8 s | tip=  1.6 deg | F= 42.5 N | M= 21.8 Nm (limit 150.0) | edge= 20.2 mm
set_up:     t=  3.0 s | tip=  1.6 deg | F= 46.5 N | M= 24.0 Nm (limit 150.0) | edge= 20.4 mm
set_up:     t=  3.2 s | tip=  1.7 deg | F= 50.2 N | M= 25.8 Nm (limit 150.0) | edge= 20.5 mm
set_up:     t=  3.4 s | tip=  1.7 deg | F= 54.0 N | M= 27.7 Nm (limit 150.0) | edge= 20.7 mm
set_up:     t=  3.6 s | tip=  1.7 deg | F= 57.7 N | M= 29.6 Nm (limit 150.0) | edge= 20.8 mm
set_up:     t=  3.8 s | tip=  1.8 deg | F= 61.5 N | M= 31.4 Nm (limit 150.0) | edge= 20.9 mm
set_up:     t=  4.0 s | tip=  1.8 deg | F= 65.4 N | M= 33.5 Nm (limit 150.0) | edge= 21.0 mm
set_up:     t=  4.2 s | tip=  1.8 deg | F= 61.2 N | M= 31.1 Nm (limit 150.0) | edge= 20.9 mm
set_up:     t=  4.4 s | tip=  1.8 deg | F= 61.1 N | M= 31.1 Nm (limit 150.0) | edge= 20.9 mm
set_up:     t=  4.6 s | tip=  1.8 deg | F= 61.1 N | M= 31.1 Nm (limit 150.0) | edge= 20.9 mm
set_up:     t=  4.8 s | tip=  1.8 deg | F= 61.1 N | M= 31.1 Nm (limit 150.0) | edge= 20.9 mm
set_up:     t=  5.0 s | tip=  1.8 deg | F= 61.1 N | M= 31.1 Nm (limit 150.0) | edge= 20.9 mm
set_up:     t=  5.2 s | tip=  1.8 deg | F= 60.9 N | M= 30.9 Nm (limit 150.0) | edge= 20.9 mm
set_up:     t=  5.4 s | tip=  1.8 deg | F= 61.1 N | M= 31.0 Nm (limit 150.0) | edge= 20.9 mm
set_up:     t=  5.6 s | tip=  1.8 deg | F= 61.0 N | M= 31.0 Nm (limit 150.0) | edge= 20.9 mm
set_up:     t=  5.8 s | tip=  1.8 deg | F= 61.0 N | M= 31.0 Nm (limit 150.0) | edge= 20.9 mm
set_up:     t=  6.0 s | tip=  1.8 deg | F= 61.0 N | M= 31.0 Nm (limit 150.0) | edge= 20.9 mm
set_up:     t=  6.2 s | tip=  1.8 deg | F= 61.0 N | M= 31.0 Nm (limit 150.0) | edge= 20.9 mm
set_up:     t=  6.4 s | tip=  1.8 deg | F= 61.0 N | M= 31.0 Nm (limit 150.0) | edge= 20.9 mm
set_up:     t=  6.6 s | tip=  1.8 deg | F= 61.0 N | M= 30.9 Nm (limit 150.0) | edge= 20.9 mm
set_up:     t=  6.8 s | tip=  1.8 deg | F= 61.0 N | M= 30.9 Nm (limit 150.0) | edge= 20.9 mm
set_up:     t=  7.0 s | tip=  1.8 deg | F= 61.0 N | M= 30.9 Nm (limit 150.0) | edge= 20.9 mm
set_up:     t=  7.2 s | tip=  1.8 deg | F= 61.0 N | M= 30.9 Nm (limit 150.0) | edge= 20.9 mm
set_up:     t=  7.4 s | tip=  1.8 deg | F= 60.9 N | M= 30.9 Nm (limit 150.0) | edge= 20.9 mm
set_up:     t=  7.6 s | tip=  1.8 deg | F= 60.9 N | M= 30.9 Nm (limit 150.0) | edge= 20.9 mm
set_up:     t=  7.8 s | tip=  1.8 deg | F= 60.9 N | M= 30.9 Nm (limit 150.0) | edge= 20.9 mm
set_up:     t=  8.0 s | tip=  1.8 deg | F= 60.9 N | M= 30.9 Nm (limit 150.0) | edge= 20.9 mm
set_up:     t=  8.2 s | tip=  1.8 deg | F= 60.9 N | M= 30.9 Nm (limit 150.0) | edge= 20.9 mm
set_up:     t=  8.4 s | tip=  1.8 deg | F= 60.9 N | M= 30.9 Nm (limit 150.0) | edge= 20.9 mm
set_up:     t=  8.6 s | tip=  1.8 deg | F= 60.9 N | M= 30.9 Nm (limit 150.0) | edge= 20.9 mm
set_up:     t=  8.8 s | tip=  1.8 deg | F= 60.9 N | M= 30.9 Nm (limit 150.0) | edge= 20.9 mm
set_up:     t=  9.0 s | tip=  1.8 deg | F= 60.9 N | M= 30.9 Nm (limit 150.0) | edge= 21.0 mm
set_up:     t=  9.2 s | tip=  1.8 deg | F= 60.9 N | M= 30.9 Nm (limit 150.0) | edge= 20.9 mm
set_up:     t=  9.4 s | tip=  1.8 deg | F= 60.9 N | M= 30.9 Nm (limit 150.0) | edge= 20.9 mm
set_up:     t=  9.6 s | tip=  1.8 deg | F= 60.9 N | M= 30.9 Nm (limit 150.0) | edge= 20.9 mm
set_up:     t=  9.8 s | tip=  1.8 deg | F= 61.0 N | M= 30.9 Nm (limit 150.0) | edge= 21.0 mm
set_up:     t= 10.0 s | tip=  1.8 deg | F= 60.9 N | M= 30.9 Nm (limit 150.0) | edge= 21.0 mm
set_up:     t= 10.2 s | tip=  1.8 deg | F= 60.9 N | M= 30.8 Nm (limit 150.0) | edge= 20.9 mm
set_up:     t= 10.4 s | tip=  1.8 deg | F= 60.9 N | M= 30.9 Nm (limit 150.0) | edge= 21.0 mm
set_up:     t= 10.6 s | tip=  1.8 deg | F= 60.9 N | M= 30.8 Nm (limit 150.0) | edge= 21.0 mm
set_up:     t= 10.8 s | tip=  1.8 deg | F= 60.9 N | M= 30.8 Nm (limit 150.0) | edge= 21.0 mm
set_up:     t= 11.0 s | tip=  1.8 deg | F= 60.9 N | M= 30.8 Nm (limit 150.0) | edge= 21.0 mm
set_up:     t= 11.2 s | tip=  1.8 deg | F= 60.9 N | M= 30.8 Nm (limit 150.0) | edge= 21.0 mm
set_up:     t= 11.4 s | tip=  1.8 deg | F= 60.9 N | M= 30.8 Nm (limit 150.0) | edge= 21.0 mm
set_up:     t= 11.6 s | tip=  1.8 deg | F= 60.9 N | M= 30.8 Nm (limit 150.0) | edge= 21.0 mm
set_up:     t= 11.8 s | tip=  1.8 deg | F= 60.9 N | M= 30.8 Nm (limit 150.0) | edge= 21.0 mm

=== Set-up result ===
stop: time | t=12.0 s | tip=1.8 deg | F=60.9 N | M=30.8 Nm
edge_from_contact = [-4.9, +0.5, -20.4] mm | norm=21.0 mm
tcp_from_contact  = [-20.3, +61.4, +1.1] mm | norm=64.6 mm
alignment: before=0.42 deg | after=1.79 deg | gain=-1.37 deg

=== Set-up surface-frame breakdown ===
frame: alignment-target [tangent1, tangent2, normal]
force        [N]      = [   -15.26,     -2.99,    -58.84]
tcp_disp     [mm]     = [    -3.05,     +0.67,    -40.64]
edge_disp    [mm]     = [    -3.12,     +0.51,    -20.71]
Kp_eff=F/tcp [N/m]    = [   4994.6,   -4458.5,    1447.7]
moment@edge  [Nm]     = [    +2.47,    +28.76,     -1.95]
tip_angle    [deg]    = [    +0.83,     -1.52,     -0.44]
KR_eff=M/ang [Nm/rad] = [    170.7,   -1083.2,     251.4]

finite_axis: angle=1.8 deg | axis_from_edge=[-562.2, -330.9, +116.9] mm | dir=[-0.441, +0.850, +0.288] | pitch=-104.6 mm/rad
(coupled_K_tcp/coupled_D_tcp queued for the next run)

=== Coupled stiffness from the measured pole ===
source spring K_pole/D_pole (diagonal, from parameters):
  Kp [N/m]     = [2000, 2000, 350]
  KR [Nm/rad]  = [15, 15, 50]
  Dp [Ns/m]    = [10, 10, 175]
  DR [Nms/rad] = [10.01, 10.01, 10]

poles compared (lever r_c = TCP - pole):
  (A) measured axis : angle=1.8 deg | pitch=-104.6 mm/rad
      pole_from_edge = [-555.9, -334.2, 136.3] mm
      r_c            = [540.5, 395.1, -114.8] mm
  (B) manual pole   : comparison only, contact reference
      pole_from_edge = [-35.1, 79.5, 20.4] mm
      r_c            = [26.3, -19.3, 41.3] mm
      r_c(B)-r_c(A)  = [-514.2, -414.4, 156.1] mm

K_TCP = Ad^T K_pole Ad  [rows fx..mz | cols tx..rz]:
  (A) measured axis:
           tx        ty        tz    |    rx        ry        rz
  fx [    2000        0        0 |        0    229.7    790.2 ]
  fy [       0     2000        0 |   -229.7        0    -1081 ]
  fz [       0        0      350 |   -138.3    189.2        0 ]
     ---------------------------+---------------------------
  mx [       0   -229.7   -138.3 |    96.27   -74.74    127.2 ]
  my [   229.7        0    189.2 |   -74.74    143.6    90.74 ]
  mz [   790.2    -1081        0 |    127.2    90.74    946.2 ]
  (A) K_TCP eigenvalues = [10.17, 14.92, 34.22, 508.8, 2029, 2939] -> PSD ok (>=0) (min=10.17)
  (B) manual pole:
           tx        ty        tz    |    rx        ry        rz
  fx [    2000        0        0 |        0   -82.62   -38.61 ]
  fy [       0     2000        0 |    82.62        0   -52.57 ]
  fz [       0        0      350 |    6.757    9.199        0 ]
     ---------------------------+---------------------------
  mx [       0    82.62    6.757 |    18.81   0.1776   0.8673 ]
  my [  -82.62        0    9.199 |   0.1776    18.65    1.595 ]
  mz [  -38.61   -52.57        0 |   0.8673    1.595    51.86 ]
  (B) K_TCP eigenvalues = [14.96, 14.97, 49.95, 350.4, 2003, 2006] -> PSD ok (>=0) (min=14.96)

D_TCP = Ad^T D_pole Ad:
  (A) measured axis:
           tx        ty        tz    |    rx        ry        rz
  fx [   237.1        0        0 |        0    27.22    93.66 ]
  fy [       0    178.2        0 |   -20.47        0   -96.33 ]
  fz [       0        0    108.1 |   -42.71    58.43        0 ]
     ---------------------------+---------------------------
  mx [       0   -20.47   -42.71 |    21.65   -23.08    10.92 ]
  my [   27.22        0    58.43 |   -23.08     38.3    10.76 ]
  mz [   93.66   -96.33        0 |    10.92    10.76    89.86 ]
  (A) D_TCP eigenvalues = [0.5308, 1.948, 3.054, 155.1, 208, 304.6] -> PSD ok (>=0) (min=0.5308)
  (B) manual pole:
           tx        ty        tz    |    rx        ry        rz
  fx [   237.1        0        0 |        0   -9.793   -4.577 ]
  fy [       0    178.2        0 |    7.362        0   -4.684 ]
  fz [       0        0    108.1 |    2.087    2.841        0 ]
     ---------------------------+---------------------------
  mx [       0    7.362    2.087 |    2.775  0.05485  -0.3384 ]
  my [  -9.793        0    2.841 |  0.05485    4.071   0.1891 ]
  mz [  -4.577   -4.684        0 |  -0.3384   0.1891   0.9984 ]
  (B) D_TCP eigenvalues = [0.7735, 2.437, 3.583, 108.2, 178.7, 237.6] -> PSD ok (>=0) (min=0.7735)
phase: grind

Stop requested with e + Enter. Finishing control loop...
params/sequence.txt updated after control loop (73 queued values).

Joint motion [deg]:
joint    start   final   delta
------------------------------
q1       -2.7    -5.3    -2.6
q2       18.1    32.0    13.9
q3       -5.1     0.9     6.0
q4     -122.8  -122.7     0.1
q5       17.5    -2.9   -20.4
q6      139.5   147.6     8.1
q7       26.8    44.8    18.0

=== Final result ===
p_d = [529.0, -36.3, -133.3] mm
p_EE = [535.8, -42.7, 25.7] mm
e_p = [-6.8, 6.4, -159.0] mm
position_error = 159.25 mm
e_R = [0.81, -1.94, -0.74] deg
rotation_error = 2.23 deg
csv: surface_grinding_controller_log.csv
