
Press Enter to recover and configure the robot.
Robot recovered or already ready.
Collision: custom thresholds.

=== Startup choice ===
  q = go to q_init (from params/common.txt), then choose again
  g = guiding mode: go to q_init, then hand-guide to your pose;
      use s+Enter for sequence or h+Enter for hold
  o = open the Franka hand now (release/load tool), then choose again
  c = close/grasp the tool now, then choose again
  r = continue to run mode (available after q_init is reached)
Choice [q/g/o/c/r, Enter = q]: Moving to q_init...
q_init reached.

=== Startup choice ===
  q = go to q_init (from params/common.txt), then choose again
  g = guiding mode: go to q_init, then hand-guide to your pose;
      use s+Enter for sequence or h+Enter for hold
  o = open the Franka hand now (release/load tool), then choose again
  c = close/grasp the tool now, then choose again
  r = continue to run mode
Choice [q/g/o/c/r, Enter = q]: 
=== Run mode ===
  s = phase sequence (approach / set up / grind)
  h = hold at the start pose
Choice [s/h, Enter = s]: Selected: phase sequence. Nullspace mode from parameters: nullspace_damping_plus_sigma.

=== Setup ===
run: phase sequence | approach_orient: on | nullspace: nullspace_damping_plus_sigma
nullspace parameters: d_null=2.000 | k_sigma=1.000 Nm | alpha=0.0800 rad
hold: Kp=300.0 N/m | KR=40.0 Nm/rad | damping=auto translation+rotation (factor fitted online toward Dp=50.0 Ns/m)
manual_guidance_start: off | manual_damping=0.50
descend: clearance=20.0 mm | speed=0.100 m/s | max_distance=640 mm
alignment push: start=captured | end=+180 mm | speed=0.050 m/s | ramp_time~=4.0 s | timeout=12.0 s | moment_threshold=150.0 Nm
grind: sweep | axis=tangent2 | amplitude=30 mm | frequency=0.20 Hz
coupled stiffness: apply=off | saved=yes | pole=manual
gates: pause_before_set_up=on | pause_auto_damping=on | pause_before_grind=off | debug_period=0.20 s
alignment-target normal=[+0.087, -0.000, +0.996] | tilt a(x)=0.0 deg, b(y)=5.0 deg (from angles)
tool face: 40 x 120 mm | center offset EE=[+0.0, +0.0, +20.0] mm
Gripper already holding the tool (width 65.0 mm); keeping grasp.
Press e+Enter to stop the controller before the duration expires.
During hold: press g+Enter to hand-guide the tool, then p+Enter to recapture and resume hold.
experiment_duration <= 0: running indefinitely until e + Enter.

=== Start pose ===
q_start = [-2.7, 18.1, -5.1, -122.8, 17.5, 139.5, 26.8] deg
p_start = [565.0, -59.5, 151.0] mm

=== Run ===
phase: approach_orient
orient:     t=  0.0 s | axis_err= 11.4 deg | rot_err= 11.4 deg
approach Dp        auto=[ 134.13,   97.25,  122.30]  manual=[  20.00,   20.00,   20.00] Ns/m
approach DR        auto=[  12.73,   16.36,    4.08]  manual=[  12.00,   12.00,   12.00] Nms/rad
orient:     t=  0.2 s | axis_err=  4.5 deg | rot_err=  4.5 deg
orient:     t=  0.4 s | axis_err=  2.4 deg | rot_err=  2.4 deg

Orientation reached: axis_err=2.0 deg
phase: approach_descend
descend:    t=  0.0 s | distance=   0.1 mm | height= +97.3 mm (target 20.0) | force= -0.0 N
descend:    t=  0.2 s | distance=  20.1 mm | height= +85.3 mm (target 20.0) | force=  1.0 N
descend:    t=  0.4 s | distance=  40.1 mm | height= +68.3 mm (target 20.0) | force=  2.1 N
descend:    t=  0.6 s | distance=  60.2 mm | height= +50.6 mm (target 20.0) | force=  2.8 N
descend:    t=  0.8 s | distance=  80.3 mm | height= +32.6 mm (target 20.0) | force=  1.8 N

[GATE] Reached 20 mm above the plane. Press Enter to start the set-up press (e+Enter stops).
pause auto damping: fitted Dp factor=0.551, DR factor=1.963
pause Dp [xyz]     auto=[ 206.42,  155.18,  225.02]  manual=[ 200.00,  200.00,  200.00] Ns/m
pause DR [t1t2n]   auto=[  11.75,   17.27,    2.04]  manual=[  12.73,   16.36,    4.08] Nms/rad
[GATE] Continuing to the set-up press.
descend:    t=  1.8 s | distance=  94.4 mm | height= +19.5 mm (target 20.0) | force=  0.6 N

Clearance reached: distance=94.4 mm | height=19.5 mm | target=20.0 mm | force=0.6 N (not used for the switch)
offset_ee = [0.0, 60.0, 20.0] mm
p_EE_at_contact = [545.5, -65.1, 65.6] mm
contact_point = [539.3, -124.9, 25.9] mm
edge_offset_base = [-6.2, -59.8, -39.6] mm
phase: set_up
set_up Dp [xyz]    auto=[ 236.94,  178.16,  108.20]  manual=[  10.00,   10.00,  175.00] Ns/m
set_up DR [t1t2n]  auto=[   1.41,    2.07,    0.77]  manual=[  10.01,   10.01,   10.00] Nms/rad
set_up:     t=  0.0 s | tip=  0.0 deg | F=  0.0 N | M=  0.0 Nm (limit 150.0) | edge= 19.5 mm
set_up:     t=  0.2 s | tip=  0.4 deg | F=  1.4 N | M=  0.5 Nm (limit 150.0) | edge= 13.8 mm
set_up:     t=  0.4 s | tip=  0.6 deg | F=  1.3 N | M=  0.4 Nm (limit 150.0) | edge=  6.3 mm
set_up:     t=  0.6 s | tip=  1.0 deg | F=  1.8 N | M=  0.7 Nm (limit 150.0) | edge=  4.2 mm
set_up:     t=  0.8 s | tip=  1.6 deg | F=  2.3 N | M=  0.9 Nm (limit 150.0) | edge= 12.2 mm
set_up:     t=  1.0 s | tip=  2.0 deg | F=  5.2 N | M=  2.6 Nm (limit 150.0) | edge= 21.0 mm
set_up:     t=  1.2 s | tip=  2.0 deg | F= 11.5 N | M=  6.2 Nm (limit 150.0) | edge= 21.4 mm
set_up:     t=  1.4 s | tip=  2.1 deg | F= 15.3 N | M=  8.1 Nm (limit 150.0) | edge= 21.5 mm
set_up:     t=  1.6 s | tip=  2.1 deg | F= 19.0 N | M= 10.0 Nm (limit 150.0) | edge= 21.7 mm
set_up:     t=  1.8 s | tip=  2.1 deg | F= 22.8 N | M= 11.9 Nm (limit 150.0) | edge= 21.8 mm
set_up:     t=  2.0 s | tip=  2.1 deg | F= 26.9 N | M= 14.0 Nm (limit 150.0) | edge= 22.0 mm
set_up:     t=  2.2 s | tip=  2.1 deg | F= 30.7 N | M= 15.9 Nm (limit 150.0) | edge= 22.1 mm
set_up:     t=  2.4 s | tip=  2.1 deg | F= 34.5 N | M= 17.8 Nm (limit 150.0) | edge= 22.3 mm
set_up:     t=  2.6 s | tip=  2.1 deg | F= 38.0 N | M= 19.5 Nm (limit 150.0) | edge= 22.4 mm
set_up:     t=  2.8 s | tip=  2.2 deg | F= 41.9 N | M= 21.5 Nm (limit 150.0) | edge= 22.6 mm
set_up:     t=  3.0 s | tip=  2.3 deg | F= 44.5 N | M= 22.8 Nm (limit 150.0) | edge= 22.7 mm
set_up:     t=  3.2 s | tip=  2.4 deg | F= 49.1 N | M= 25.1 Nm (limit 150.0) | edge= 22.9 mm
set_up:     t=  3.4 s | tip=  2.4 deg | F= 52.8 N | M= 27.0 Nm (limit 150.0) | edge= 23.0 mm
set_up:     t=  3.6 s | tip=  2.5 deg | F= 56.6 N | M= 28.9 Nm (limit 150.0) | edge= 23.2 mm
set_up:     t=  3.8 s | tip=  2.5 deg | F= 60.2 N | M= 30.8 Nm (limit 150.0) | edge= 23.4 mm
set_up:     t=  4.0 s | tip=  2.5 deg | F= 64.2 N | M= 33.0 Nm (limit 150.0) | edge= 23.4 mm
set_up:     t=  4.2 s | tip=  2.5 deg | F= 60.1 N | M= 30.8 Nm (limit 150.0) | edge= 23.4 mm
set_up:     t=  4.4 s | tip=  2.5 deg | F= 60.1 N | M= 30.8 Nm (limit 150.0) | edge= 23.4 mm
set_up:     t=  4.6 s | tip=  2.5 deg | F= 60.0 N | M= 30.8 Nm (limit 150.0) | edge= 23.4 mm
set_up:     t=  4.8 s | tip=  2.5 deg | F= 60.0 N | M= 30.8 Nm (limit 150.0) | edge= 23.4 mm
set_up:     t=  5.0 s | tip=  2.5 deg | F= 59.9 N | M= 30.7 Nm (limit 150.0) | edge= 23.4 mm
set_up:     t=  5.2 s | tip=  2.5 deg | F= 59.9 N | M= 30.7 Nm (limit 150.0) | edge= 23.4 mm
set_up:     t=  5.4 s | tip=  2.5 deg | F= 59.9 N | M= 30.7 Nm (limit 150.0) | edge= 23.4 mm
set_up:     t=  5.6 s | tip=  2.5 deg | F= 59.8 N | M= 30.6 Nm (limit 150.0) | edge= 23.4 mm
set_up:     t=  5.8 s | tip=  2.5 deg | F= 59.8 N | M= 30.6 Nm (limit 150.0) | edge= 23.4 mm
set_up:     t=  6.0 s | tip=  2.5 deg | F= 59.8 N | M= 30.6 Nm (limit 150.0) | edge= 23.4 mm
set_up:     t=  6.2 s | tip=  2.5 deg | F= 59.7 N | M= 30.6 Nm (limit 150.0) | edge= 23.4 mm
set_up:     t=  6.4 s | tip=  2.6 deg | F= 59.8 N | M= 30.6 Nm (limit 150.0) | edge= 23.4 mm
set_up:     t=  6.6 s | tip=  2.6 deg | F= 59.7 N | M= 30.5 Nm (limit 150.0) | edge= 23.4 mm
set_up:     t=  6.8 s | tip=  2.6 deg | F= 59.7 N | M= 30.5 Nm (limit 150.0) | edge= 23.4 mm
set_up:     t=  7.0 s | tip=  2.6 deg | F= 59.6 N | M= 30.5 Nm (limit 150.0) | edge= 23.4 mm
set_up:     t=  7.2 s | tip=  2.6 deg | F= 59.7 N | M= 30.5 Nm (limit 150.0) | edge= 23.4 mm
set_up:     t=  7.4 s | tip=  2.6 deg | F= 59.7 N | M= 30.5 Nm (limit 150.0) | edge= 23.4 mm
set_up:     t=  7.6 s | tip=  2.6 deg | F= 59.6 N | M= 30.4 Nm (limit 150.0) | edge= 23.4 mm
set_up:     t=  7.8 s | tip=  2.6 deg | F= 59.6 N | M= 30.4 Nm (limit 150.0) | edge= 23.4 mm
set_up:     t=  8.0 s | tip=  2.6 deg | F= 59.6 N | M= 30.4 Nm (limit 150.0) | edge= 23.4 mm
set_up:     t=  8.2 s | tip=  2.6 deg | F= 59.6 N | M= 30.4 Nm (limit 150.0) | edge= 23.4 mm
set_up:     t=  8.4 s | tip=  2.6 deg | F= 59.6 N | M= 30.4 Nm (limit 150.0) | edge= 23.4 mm
set_up:     t=  8.6 s | tip=  2.6 deg | F= 59.6 N | M= 30.4 Nm (limit 150.0) | edge= 23.4 mm
set_up:     t=  8.8 s | tip=  2.6 deg | F= 59.6 N | M= 30.4 Nm (limit 150.0) | edge= 23.4 mm
set_up:     t=  9.0 s | tip=  2.6 deg | F= 59.5 N | M= 30.4 Nm (limit 150.0) | edge= 23.4 mm
set_up:     t=  9.2 s | tip=  2.6 deg | F= 59.6 N | M= 30.4 Nm (limit 150.0) | edge= 23.4 mm
set_up:     t=  9.4 s | tip=  2.6 deg | F= 59.6 N | M= 30.4 Nm (limit 150.0) | edge= 23.4 mm
set_up:     t=  9.6 s | tip=  2.6 deg | F= 59.6 N | M= 30.4 Nm (limit 150.0) | edge= 23.4 mm
set_up:     t=  9.8 s | tip=  2.6 deg | F= 59.5 N | M= 30.4 Nm (limit 150.0) | edge= 23.4 mm
set_up:     t= 10.0 s | tip=  2.6 deg | F= 59.6 N | M= 30.4 Nm (limit 150.0) | edge= 23.4 mm
set_up:     t= 10.2 s | tip=  2.6 deg | F= 59.5 N | M= 30.4 Nm (limit 150.0) | edge= 23.4 mm
set_up:     t= 10.4 s | tip=  2.6 deg | F= 59.5 N | M= 30.4 Nm (limit 150.0) | edge= 23.4 mm
set_up:     t= 10.6 s | tip=  2.6 deg | F= 59.5 N | M= 30.4 Nm (limit 150.0) | edge= 23.4 mm
set_up:     t= 10.8 s | tip=  2.6 deg | F= 59.5 N | M= 30.3 Nm (limit 150.0) | edge= 23.4 mm
set_up:     t= 11.0 s | tip=  2.6 deg | F= 59.6 N | M= 30.4 Nm (limit 150.0) | edge= 23.4 mm
set_up:     t= 11.2 s | tip=  2.6 deg | F= 59.5 N | M= 30.3 Nm (limit 150.0) | edge= 23.4 mm
set_up:     t= 11.4 s | tip=  2.6 deg | F= 59.5 N | M= 30.3 Nm (limit 150.0) | edge= 23.4 mm
set_up:     t= 11.6 s | tip=  2.6 deg | F= 59.5 N | M= 30.3 Nm (limit 150.0) | edge= 23.4 mm
set_up:     t= 11.8 s | tip=  2.6 deg | F= 59.3 N | M= 30.2 Nm (limit 150.0) | edge= 23.4 mm

=== Set-up result ===
stop: time | t=12.0 s | tip=2.6 deg | F=59.5 N | M=30.3 Nm
edge_from_contact = [-6.9, +0.2, -22.4] mm | norm=23.4 mm
tcp_from_contact  = [-2.0, +60.3, -3.2] mm | norm=60.4 mm
alignment: before=0.49 deg | after=2.50 deg | gain=-2.01 deg

=== Set-up surface-frame breakdown ===
frame: alignment-target [tangent1, tangent2, normal]
force        [N]      = [   -12.55,     -2.47,    -58.09]
tcp_disp     [mm]     = [    -4.38,     +0.50,    -43.43]
edge_disp    [mm]     = [    -4.93,     +0.20,    -22.92]
Kp_eff=F/tcp [N/m]    = [   2862.3,   -4955.2,    1337.6]
moment@edge  [Nm]     = [    +2.41,    +29.61,     -1.63]
tip_angle    [deg]    = [    +0.82,     -2.40,     -0.28]
KR_eff=M/ang [Nm/rad] = [    167.4,    -705.9,     329.6]

finite_axis: angle=2.6 deg | axis_from_edge=[-476.3, -177.2, +133.0] mm | dir=[-0.311, +0.940, +0.138] | pitch=-17.2 mm/rad
(coupled_K_tcp/coupled_D_tcp queued for the next run)

=== Coupled stiffness from the measured pole ===
source spring K_pole/D_pole (diagonal, from parameters):
  Kp [N/m]     = [2000, 2000, 350]
  KR [Nm/rad]  = [5, 5, 50]
  Dp [Ns/m]    = [10, 10, 175]
  DR [Nms/rad] = [10.01, 10.01, 10]

poles compared (lever r_c = TCP - pole):
  (A) measured axis : angle=2.6 deg | pitch=-17.2 mm/rad
      pole_from_edge = [-469.1, -178.1, 155.3] mm
      r_c            = [474.0, 238.2, -136.2] mm
  (B) manual pole   : comparison only, contact reference
      pole_from_edge = [-33.1, 79.8, 22.4] mm
      r_c            = [46.2, -20.2, 39.6] mm
      r_c(B)-r_c(A)  = [-427.9, -258.4, 175.8] mm

K_TCP = Ad^T K_pole Ad  [rows fx..mz | cols tx..rz]:
  (A) measured axis:
           tx        ty        tz    |    rx        ry        rz
  fx [    2000        0        0 |        0    272.3    476.4 ]
  fy [       0     2000        0 |   -272.3        0   -948.1 ]
  fz [       0        0      350 |   -83.37    165.9        0 ]
     ---------------------------+---------------------------
  mx [       0   -272.3   -83.37 |    62.28   -39.52      133 ]
  my [   272.3        0    165.9 |   -39.52    120.7    64.87 ]
  mz [   476.4   -948.1        0 |      133    64.87    612.6 ]
  (A) K_TCP eigenvalues = [3.837, 4.954, 38.65, 447.3, 2039, 2611] -> PSD ok (>=0) (min=3.837)
  (B) manual pole:
           tx        ty        tz    |    rx        ry        rz
  fx [    2000        0        0 |        0   -79.28   -40.46 ]
  fy [       0     2000        0 |    79.28        0   -92.32 ]
  fz [       0        0      350 |    7.081    16.16        0 ]
     ---------------------------+---------------------------
  mx [       0    79.28    7.081 |    8.628   0.3269   0.2475 ]
  my [  -79.28        0    16.16 |   0.3269    8.889    1.604 ]
  mz [  -40.46   -92.32        0 |   0.2475    1.604    54.74 ]
  (B) K_TCP eigenvalues = [4.979, 4.991, 49.89, 350.9, 2003, 2008] -> PSD ok (>=0) (min=4.979)

D_TCP = Ad^T D_pole Ad:
  (A) measured axis:
           tx        ty        tz    |    rx        ry        rz
  fx [   236.9        0        0 |        0    32.26    56.44 ]
  fy [       0    178.2        0 |   -24.26        0   -84.45 ]
  fz [       0        0    108.2 |   -25.77    51.29        0 ]
     ---------------------------+---------------------------
  mx [       0   -24.26   -25.77 |    10.85   -12.22    11.44 ]
  my [   32.26        0    51.29 |   -12.22    30.78    7.685 ]
  mz [   56.44   -84.45        0 |    11.44    7.685    54.26 ]
  (A) D_TCP eigenvalues = [0.5987, 1.281, 1.738, 137.6, 210.7, 267.2] -> PSD ok (>=0) (min=0.5987)
  (B) manual pole:
           tx        ty        tz    |    rx        ry        rz
  fx [   236.9        0        0 |        0   -9.392   -4.794 ]
  fy [       0    178.2        0 |    7.062        0   -8.224 ]
  fz [       0        0    108.2 |    2.189    4.994        0 ]
     ---------------------------+---------------------------
  mx [       0    7.062    2.189 |     1.73    0.101  -0.3812 ]
  my [  -9.392        0    4.994 |    0.101    2.672     0.19 ]
  mz [  -4.794   -8.224        0 |  -0.3812     0.19    1.256 ]
  (B) D_TCP eigenvalues = [0.7728, 1.407, 2.062, 108.5, 178.8, 237.4] -> PSD ok (>=0) (min=0.7728)
phase: grind

Stop requested with e + Enter. Finishing control loop...
params/sequence.txt updated after control loop (73 queued values).

Joint motion [deg]:
joint    start   final   delta
------------------------------
q1       -2.7    -4.9    -2.2
q2       18.1    32.5    14.4
q3       -5.1    -1.4     3.7
q4     -122.8  -122.1     0.7
q5       17.5    -1.5   -19.0
q6      139.5   147.0     7.5
q7       26.8    43.5    16.7

=== Final result ===
p_d = [528.1, -69.9, -133.2] mm
p_EE = [533.8, -62.4, 23.0] mm
e_p = [-5.7, -7.5, -156.2] mm
position_error = 156.52 mm
e_R = [1.31, -2.72, 0.78] deg
rotation_error = 3.12 deg
csv: surface_grinding_controller_log.csv
