
Press Enter to recover and configure the robot.
Robot recovered or already ready.
Collision: custom thresholds.

=== Startup mode ===
  s = go to q_init, then run the phase sequence
  h = go to q_init, then hold that pose
  g = guiding mode: go to q_init, then hand-guide to your pose;
      use s+Enter for sequence or h+Enter for hold
  q = go to q_init, inspect the posture, then choose again
  o = open the Franka hand now (release/load tool), then choose again
  c = close/grasp the tool now, then choose again
Choice [s/h/g/q/o/c]: Moving to q_init...
q_init reached.
Selected: phase sequence. Nullspace mode from parameters: nullspace_damping_only.

=== Setup ===
run: phase sequence | approach_orient: on | nullspace: nullspace_damping_only
nullspace parameters: d_null=2.000 | k_sigma=1.000 Nm (inactive) | alpha=0.0800 rad
hold: Kp=300.0 N/m | KR=40.0 Nm/rad | damping=auto translation+rotation (factor fitted online toward Dp=50.0 Ns/m)
manual_guidance_start: off | manual_damping=0.50
descend: clearance=20.0 mm | speed=0.100 m/s | max_distance=640 mm
alignment push: start=captured | end=+60 mm | speed=0.050 m/s | ramp_time~=1.6 s | timeout=5.0 s | moment_threshold=150.0 Nm
grind: free-slide hold | axis=tangent2 | amplitude=30 mm | frequency=0.20 Hz
set-up translation: frame=surface [t1,t2,n] | Kp=[2000.0, 2000.0, 800.0] N/m
coupled stiffness: apply=off | pole=commanded
gates: pause_before_set_up=on | pause_auto_damping=on | pause_before_grind=off | debug_period=0.20 s
surface-plane normal=[+0.017, +0.028, +0.999] | tilt a(x)=-1.6 deg, b(y)=1.0 deg (from angles)
tool-axis command offset: tangent1=+0.0 deg | tangent2=+0.0 deg
tool face: 40 x 120 mm | center offset EE=[+0.0, +0.0, +20.0] mm
Gripper already holding the tool (width 65.6 mm); keeping grasp.
Press e+Enter to stop the controller before the duration expires.
During hold: press g+Enter to hand-guide the tool, then p+Enter to recapture and resume hold.
experiment_duration <= 0: running indefinitely until e + Enter.

=== Start pose ===
q_start = [-0.9, 10.0, -1.1, -130.3, 0.0, 145.2, 42.7] deg
p_start = [550.5, -19.5, 185.3] mm

=== Run ===
phase: approach_orient
orient:     t=  0.0 s | axis_err=  5.7 deg | rot_err=  5.7 deg
approach Dp        auto=[ 127.10,  105.71,  125.80]  manual=[  20.00,   20.00,   20.00] Ns/m
approach DR        auto=[  13.61,   15.17,    2.22]  manual=[  12.00,   12.00,   12.00] Nms/rad
orient:     t=  0.2 s | axis_err=  2.8 deg | rot_err=  2.8 deg
orient:     t=  0.4 s | axis_err=  2.0 deg | rot_err=  2.0 deg
orient:     t=  0.6 s | axis_err=  1.8 deg | rot_err=  1.8 deg
orient:     t=  0.8 s | axis_err=  1.7 deg | rot_err=  1.7 deg
orient:     t=  1.0 s | axis_err=  1.6 deg | rot_err=  1.6 deg
orient:     t=  1.2 s | axis_err=  1.6 deg | rot_err=  1.6 deg
orient:     t=  1.4 s | axis_err=  1.6 deg | rot_err=  1.6 deg
orient:     t=  1.6 s | axis_err=  1.6 deg | rot_err=  1.6 deg
orient:     t=  1.8 s | axis_err=  1.6 deg | rot_err=  1.6 deg
orient:     t=  2.0 s | axis_err=  1.6 deg | rot_err=  1.6 deg
orient:     t=  2.2 s | axis_err=  1.6 deg | rot_err=  1.6 deg
orient:     t=  2.4 s | axis_err=  1.6 deg | rot_err=  1.6 deg
orient:     t=  2.6 s | axis_err=  1.6 deg | rot_err=  1.6 deg
orient:     t=  2.8 s | axis_err=  1.6 deg | rot_err=  1.6 deg
orient:     t=  3.0 s | axis_err=  1.6 deg | rot_err=  1.6 deg
orient:     t=  3.2 s | axis_err=  1.6 deg | rot_err=  1.6 deg
orient:     t=  3.4 s | axis_err=  1.6 deg | rot_err=  1.6 deg
orient:     t=  3.6 s | axis_err=  1.6 deg | rot_err=  1.6 deg
orient:     t=  3.8 s | axis_err=  1.6 deg | rot_err=  1.6 deg
orient:     t=  4.0 s | axis_err=  1.6 deg | rot_err=  1.6 deg
orient:     t=  4.2 s | axis_err=  1.6 deg | rot_err=  1.6 deg
orient:     t=  4.4 s | axis_err=  1.6 deg | rot_err=  1.6 deg
orient:     t=  4.6 s | axis_err=  1.6 deg | rot_err=  1.6 deg
orient:     t=  4.8 s | axis_err=  1.6 deg | rot_err=  1.6 deg
orient:     t=  5.0 s | axis_err=  1.5 deg | rot_err=  1.6 deg
orient:     t=  5.2 s | axis_err=  1.5 deg | rot_err=  1.6 deg
orient:     t=  5.4 s | axis_err=  1.5 deg | rot_err=  1.5 deg
orient:     t=  5.6 s | axis_err=  1.5 deg | rot_err=  1.5 deg
orient:     t=  5.8 s | axis_err=  1.5 deg | rot_err=  1.5 deg
orient:     t=  6.0 s | axis_err=  1.5 deg | rot_err=  1.5 deg
orient:     t=  6.2 s | axis_err=  1.5 deg | rot_err=  1.5 deg
orient:     t=  6.4 s | axis_err=  1.5 deg | rot_err=  1.5 deg
orient:     t=  6.6 s | axis_err=  1.5 deg | rot_err=  1.5 deg
orient:     t=  6.8 s | axis_err=  1.5 deg | rot_err=  1.5 deg
orient:     t=  7.0 s | axis_err=  1.5 deg | rot_err=  1.5 deg
orient:     t=  7.2 s | axis_err=  1.5 deg | rot_err=  1.5 deg
orient:     t=  7.4 s | axis_err=  1.5 deg | rot_err=  1.5 deg
orient:     t=  7.6 s | axis_err=  1.5 deg | rot_err=  1.5 deg
orient:     t=  7.8 s | axis_err=  1.5 deg | rot_err=  1.5 deg
orient:     t=  8.0 s | axis_err=  1.5 deg | rot_err=  1.5 deg
orient:     t=  8.2 s | axis_err=  1.5 deg | rot_err=  1.5 deg
orient:     t=  8.4 s | axis_err=  1.5 deg | rot_err=  1.5 deg
orient:     t=  8.6 s | axis_err=  1.5 deg | rot_err=  1.5 deg
orient:     t=  8.8 s | axis_err=  1.5 deg | rot_err=  1.5 deg
orient:     t=  9.0 s | axis_err=  1.5 deg | rot_err=  1.5 deg
orient:     t=  9.2 s | axis_err=  1.5 deg | rot_err=  1.5 deg
orient:     t=  9.4 s | axis_err=  1.5 deg | rot_err=  1.5 deg
orient:     t=  9.6 s | axis_err=  1.5 deg | rot_err=  1.5 deg
orient:     t=  9.8 s | axis_err=  1.5 deg | rot_err=  1.5 deg
orient:     t= 10.0 s | axis_err=  1.5 deg | rot_err=  1.5 deg
orient:     t= 10.2 s | axis_err=  1.5 deg | rot_err=  1.5 deg
orient:     t= 10.4 s | axis_err=  1.5 deg | rot_err=  1.5 deg
orient:     t= 10.6 s | axis_err=  1.5 deg | rot_err=  1.5 deg
orient:     t= 10.8 s | axis_err=  1.5 deg | rot_err=  1.5 deg
orient:     t= 11.0 s | axis_err=  1.5 deg | rot_err=  1.5 deg
orient:     t= 11.2 s | axis_err=  1.5 deg | rot_err=  1.5 deg
orient:     t= 11.4 s | axis_err=  1.5 deg | rot_err=  1.5 deg
orient:     t= 11.6 s | axis_err=  1.5 deg | rot_err=  1.5 deg
orient:     t= 11.8 s | axis_err=  1.5 deg | rot_err=  1.5 deg
orient:     t= 12.0 s | axis_err=  1.5 deg | rot_err=  1.5 deg
orient:     t= 12.2 s | axis_err=  1.5 deg | rot_err=  1.5 deg
orient:     t= 12.4 s | axis_err=  1.5 deg | rot_err=  1.5 deg
orient:     t= 12.6 s | axis_err=  1.5 deg | rot_err=  1.5 deg
orient:     t= 12.8 s | axis_err=  1.5 deg | rot_err=  1.5 deg
orient:     t= 13.0 s | axis_err=  1.5 deg | rot_err=  1.5 deg
orient:     t= 13.2 s | axis_err=  1.5 deg | rot_err=  1.5 deg
orient:     t= 13.4 s | axis_err=  1.5 deg | rot_err=  1.5 deg
orient:     t= 13.6 s | axis_err=  1.5 deg | rot_err=  1.5 deg
orient:     t= 13.8 s | axis_err=  1.5 deg | rot_err=  1.5 deg
orient:     t= 14.0 s | axis_err=  1.5 deg | rot_err=  1.5 deg
orient:     t= 14.2 s | axis_err=  1.5 deg | rot_err=  1.5 deg
orient:     t= 14.4 s | axis_err=  1.5 deg | rot_err=  1.5 deg
orient:     t= 14.6 s | axis_err=  1.5 deg | rot_err=  1.5 deg
orient:     t= 14.8 s | axis_err=  1.5 deg | rot_err=  1.5 deg
orient:     t= 15.0 s | axis_err=  1.5 deg | rot_err=  1.5 deg
orient:     t= 15.3 s | axis_err=  1.5 deg | rot_err=  1.5 deg
orient:     t= 15.5 s | axis_err=  1.5 deg | rot_err=  1.5 deg
orient:     t= 15.7 s | axis_err=  1.5 deg | rot_err=  1.5 deg
orient:     t= 15.9 s | axis_err=  1.5 deg | rot_err=  1.5 deg
orient:     t= 16.1 s | axis_err=  1.5 deg | rot_err=  1.5 deg
orient:     t= 16.3 s | axis_err=  1.5 deg | rot_err=  1.5 deg
orient:     t= 16.5 s | axis_err=  1.5 deg | rot_err=  1.5 deg
orient:     t= 16.7 s | axis_err=  1.5 deg | rot_err=  1.5 deg
orient:     t= 16.9 s | axis_err=  1.5 deg | rot_err=  1.5 deg
orient:     t= 17.1 s | axis_err=  1.5 deg | rot_err=  1.5 deg
orient:     t= 17.3 s | axis_err=  1.5 deg | rot_err=  1.5 deg
orient:     t= 17.5 s | axis_err=  1.5 deg | rot_err=  1.5 deg
orient:     t= 17.7 s | axis_err=  1.5 deg | rot_err=  1.5 deg
orient:     t= 17.9 s | axis_err=  1.5 deg | rot_err=  1.5 deg
orient:     t= 18.1 s | axis_err=  1.5 deg | rot_err=  1.5 deg
orient:     t= 18.3 s | axis_err=  1.5 deg | rot_err=  1.5 deg
orient:     t= 18.5 s | axis_err=  1.5 deg | rot_err=  1.5 deg
orient:     t= 18.7 s | axis_err=  1.5 deg | rot_err=  1.5 deg
orient:     t= 18.9 s | axis_err=  1.5 deg | rot_err=  1.5 deg
orient:     t= 19.1 s | axis_err=  1.5 deg | rot_err=  1.5 deg
orient:     t= 19.3 s | axis_err=  1.5 deg | rot_err=  1.5 deg
orient:     t= 19.5 s | axis_err=  1.5 deg | rot_err=  1.5 deg
orient:     t= 19.7 s | axis_err=  1.5 deg | rot_err=  1.5 deg
orient:     t= 19.9 s | axis_err=  1.5 deg | rot_err=  1.5 deg
orient:     t= 20.1 s | axis_err=  1.5 deg | rot_err=  1.5 deg
orient:     t= 20.3 s | axis_err=  1.5 deg | rot_err=  1.5 deg
orient:     t= 20.5 s | axis_err=  1.5 deg | rot_err=  1.5 deg
orient:     t= 20.7 s | axis_err=  1.5 deg | rot_err=  1.5 deg
orient:     t= 20.9 s | axis_err=  1.5 deg | rot_err=  1.5 deg
orient:     t= 21.1 s | axis_err=  1.5 deg | rot_err=  1.5 deg
orient:     t= 21.3 s | axis_err=  1.5 deg | rot_err=  1.5 deg
orient:     t= 21.5 s | axis_err=  1.5 deg | rot_err=  1.5 deg
orient:     t= 21.7 s | axis_err=  1.5 deg | rot_err=  1.5 deg
orient:     t= 21.9 s | axis_err=  1.5 deg | rot_err=  1.5 deg
orient:     t= 22.1 s | axis_err=  1.5 deg | rot_err=  1.5 deg
orient:     t= 22.3 s | axis_err=  1.5 deg | rot_err=  1.5 deg
orient:     t= 22.5 s | axis_err=  1.5 deg | rot_err=  1.5 deg
orient:     t= 22.7 s | axis_err=  1.5 deg | rot_err=  1.5 deg
orient:     t= 22.9 s | axis_err=  1.5 deg | rot_err=  1.5 deg
orient:     t= 23.1 s | axis_err=  1.5 deg | rot_err=  1.5 deg
orient:     t= 23.3 s | axis_err=  1.5 deg | rot_err=  1.5 deg
orient:     t= 23.5 s | axis_err=  1.5 deg | rot_err=  1.5 deg
orient:     t= 23.7 s | axis_err=  1.5 deg | rot_err=  1.5 deg

Stop requested with e + Enter. Finishing control loop...

Joint motion [deg]:
joint    start   final   delta
------------------------------
q1       -0.9    -0.9     0.0
q2       10.0    10.8     0.8
q3       -1.1    -1.1    -0.1
q4     -130.3  -129.4     0.8
q5        0.0    -0.0    -0.0
q6      145.2   140.3    -4.9
q7       42.7    42.7    -0.0

=== Final result ===
p_d = [550.5, -19.5, 185.3] mm
p_EE = [537.4, -19.5, 175.6] mm
e_p = [13.1, 0.0, 9.7] mm
position_error = 16.32 mm
e_R = [-1.34, 0.75, -0.05] deg
rotation_error = 1.54 deg
csv: surface_grinding_controller_log.csv
