
Press Enter to recover and configure the robot.
Robot recovered or already ready.
Collision: custom thresholds.

=== Startup choice ===
  q = go to q_init (from params/common.txt), then choose again
  g = guiding mode: go to q_init, then hand-guide to your pose;
      use s+Enter for sequence or h+Enter for hold
  o = open the Franka hand now (release/load tool), then choose again
  c = close/grasp the tool now, then choose again
  r = continue to run mode (available after q_init is reached)
Choice [q/g/o/c/r, Enter = q]: Moving to q_init...
q_init reached.

=== Startup choice ===
  q = go to q_init (from params/common.txt), then choose again
  g = guiding mode: go to q_init, then hand-guide to your pose;
      use s+Enter for sequence or h+Enter for hold
  o = open the Franka hand now (release/load tool), then choose again
  c = close/grasp the tool now, then choose again
  r = continue to run mode
Choice [q/g/o/c/r, Enter = q]: Opening gripper to 80.0 mm...
Gripper opened.

=== Startup choice ===
  q = go to q_init (from params/common.txt), then choose again
  g = guiding mode: go to q_init, then hand-guide to your pose;
      use s+Enter for sequence or h+Enter for hold
  o = open the Franka hand now (release/load tool), then choose again
  c = close/grasp the tool now, then choose again
  r = continue to run mode
Choice [q/g/o/c/r, Enter = q]: Grasping tool: width 70.0 mm, force 60.0 N...
Gripper closed on the tool.

=== Startup choice ===
  q = go to q_init (from params/common.txt), then choose again
  g = guiding mode: go to q_init, then hand-guide to your pose;
      use s+Enter for sequence or h+Enter for hold
  o = open the Franka hand now (release/load tool), then choose again
  c = close/grasp the tool now, then choose again
  r = continue to run mode
Choice [q/g/o/c/r, Enter = q]: Moving to q_init...
q_init reached.

=== Startup choice ===
  q = go to q_init (from params/common.txt), then choose again
  g = guiding mode: go to q_init, then hand-guide to your pose;
      use s+Enter for sequence or h+Enter for hold
  o = open the Franka hand now (release/load tool), then choose again
  c = close/grasp the tool now, then choose again
  r = continue to run mode
Choice [q/g/o/c/r, Enter = q]: 
=== Run mode ===
  s = phase sequence (approach / set up / grind)
  h = hold at the start pose
Choice [s/h, Enter = s]: Selected: phase sequence. Nullspace mode from parameters: nullspace_damping_plus_sigma.

=== Setup ===
run: phase sequence | approach_orient: on | nullspace: nullspace_damping_plus_sigma
nullspace parameters: d_null=2.000 | k_sigma=1.000 Nm | alpha=0.0800 rad
hold: Kp=300.0 N/m | KR=40.0 Nm/rad | damping=auto translation+rotation (factor fitted online toward Dp=50.0 Ns/m)
manual_guidance_start: off | manual_damping=0.50
descend: clearance=20.0 mm | speed=0.100 m/s | max_distance=640 mm
alignment push: start=captured | end=+180 mm | speed=0.050 m/s | ramp_time~=4.0 s | timeout=12.0 s | moment_threshold=150.0 Nm
grind: sweep | axis=tangent2 | amplitude=30 mm | frequency=0.20 Hz
coupled stiffness: apply=on | saved=yes | pole=manual
gates: pause_before_set_up=on | pause_auto_damping=on | pause_before_grind=off | debug_period=0.20 s
alignment-target normal=[+0.087, -0.000, +0.996] | tilt a(x)=0.0 deg, b(y)=5.0 deg (from angles)
tool face: 40 x 120 mm | center offset EE=[+0.0, +0.0, +20.0] mm
Press e+Enter to stop the controller before the duration expires.
During hold: press g+Enter to hand-guide the tool, then p+Enter to recapture and resume hold.
experiment_duration <= 0: running indefinitely until e + Enter.

=== Start pose ===
q_start = [-2.7, 18.1, -5.1, -122.8, 17.6, 139.5, 26.8] deg
p_start = [565.1, -59.4, 151.2] mm

=== Run ===
phase: approach_orient
orient:     t=  0.0 s | axis_err= 11.5 deg | rot_err= 11.5 deg
approach Dp        auto=[ 134.14,   97.26,  122.27]  manual=[  20.00,   20.00,   20.00] Ns/m
approach DR        auto=[  12.73,   16.36,    4.09]  manual=[  12.00,   12.00,   12.00] Nms/rad
orient:     t=  0.2 s | axis_err=  4.6 deg | rot_err=  4.6 deg
orient:     t=  0.4 s | axis_err=  2.4 deg | rot_err=  2.4 deg

Orientation reached: axis_err=1.9 deg
phase: approach_descend
descend:    t=  0.0 s | distance=   0.1 mm | height= +97.8 mm (target 20.0) | force= -0.0 N
descend:    t=  0.2 s | distance=  20.1 mm | height= +85.9 mm (target 20.0) | force=  0.7 N
descend:    t=  0.4 s | distance=  40.1 mm | height= +69.2 mm (target 20.0) | force=  2.1 N
descend:    t=  0.6 s | distance=  60.2 mm | height= +51.8 mm (target 20.0) | force=  2.3 N
descend:    t=  0.8 s | distance=  80.3 mm | height= +34.1 mm (target 20.0) | force=  1.4 N

[GATE] Reached 20 mm above the plane. Press Enter to start the set-up press (e+Enter stops).
pause auto damping: fitted Dp factor=0.551, DR factor=1.961
pause Dp [xyz]     auto=[ 206.47,  155.26,  224.94]  manual=[ 200.00,  200.00,  200.00] Ns/m
pause DR [t1t2n]   auto=[  11.74,   17.28,    2.04]  manual=[  12.73,   16.36,    4.09] Nms/rad
[GATE] Continuing to the set-up press.
descend:    t=  1.4 s | distance=  96.2 mm | height= +19.5 mm (target 20.0) | force=  0.8 N

Clearance reached: distance=96.2 mm | height=19.5 mm | target=20.0 mm | force=0.8 N (not used for the switch)
offset_ee = [20.0, 60.0, 20.0] mm
p_EE_at_contact = [545.6, -66.0, 65.5] mm
contact_point = [559.3, -126.7, 24.2] mm
edge_offset_base = [13.7, -60.7, -41.4] mm
phase: set_up
set_up Dp [xyz]    auto=[ 236.98,  178.23,  108.15]  manual=[  10.00,   10.00,  175.00] Ns/m
set_up DR [t1t2n]  auto=[   1.41,    2.07,    0.77]  manual=[  10.01,   10.01,   10.00] Nms/rad
set_up:     t=  0.0 s | tip=  0.0 deg | F=  0.0 N | M=  0.0 Nm (limit 150.0) | edge= 19.5 mm
set_up:     t=  0.2 s | tip=  0.4 deg | F=  1.5 N | M=  0.6 Nm (limit 150.0) | edge= 13.9 mm
set_up:     t=  0.4 s | tip=  0.9 deg | F=  2.7 N | M=  1.1 Nm (limit 150.0) | edge=  6.5 mm
set_up:     t=  0.6 s | tip=  1.1 deg | F=  2.6 N | M=  1.1 Nm (limit 150.0) | edge=  3.6 mm
set_up:     t=  0.8 s | tip=  1.3 deg | F=  2.1 N | M=  0.8 Nm (limit 150.0) | edge= 11.9 mm
set_up:     t=  1.0 s | tip=  1.5 deg | F= 12.0 N | M=  6.6 Nm (limit 150.0) | edge= 18.7 mm
set_up:     t=  1.2 s | tip=  1.6 deg | F= 12.5 N | M=  6.9 Nm (limit 150.0) | edge= 19.0 mm
set_up:     t=  1.4 s | tip=  1.6 deg | F= 15.5 N | M=  8.4 Nm (limit 150.0) | edge= 19.4 mm
set_up:     t=  1.6 s | tip=  1.6 deg | F= 19.9 N | M= 10.9 Nm (limit 150.0) | edge= 19.6 mm
set_up:     t=  1.8 s | tip=  1.6 deg | F= 23.6 N | M= 12.9 Nm (limit 150.0) | edge= 19.8 mm
set_up:     t=  2.0 s | tip=  1.6 deg | F= 27.6 N | M= 15.0 Nm (limit 150.0) | edge= 19.9 mm
set_up:     t=  2.2 s | tip=  1.6 deg | F= 31.4 N | M= 17.1 Nm (limit 150.0) | edge= 20.0 mm
set_up:     t=  2.4 s | tip=  1.7 deg | F= 34.8 N | M= 18.8 Nm (limit 150.0) | edge= 20.2 mm
set_up:     t=  2.6 s | tip=  1.7 deg | F= 38.9 N | M= 21.0 Nm (limit 150.0) | edge= 20.3 mm
set_up:     t=  2.8 s | tip=  1.7 deg | F= 42.6 N | M= 22.9 Nm (limit 150.0) | edge= 20.5 mm
set_up:     t=  3.0 s | tip=  1.7 deg | F= 46.4 N | M= 24.8 Nm (limit 150.0) | edge= 20.7 mm
set_up:     t=  3.2 s | tip=  1.8 deg | F= 50.4 N | M= 26.8 Nm (limit 150.0) | edge= 20.9 mm
set_up:     t=  3.4 s | tip=  1.8 deg | F= 53.8 N | M= 28.6 Nm (limit 150.0) | edge= 21.0 mm
set_up:     t=  3.6 s | tip=  1.8 deg | F= 57.7 N | M= 30.5 Nm (limit 150.0) | edge= 21.2 mm
set_up:     t=  3.8 s | tip=  1.9 deg | F= 61.6 N | M= 32.6 Nm (limit 150.0) | edge= 21.4 mm
set_up:     t=  4.0 s | tip=  1.9 deg | F= 65.9 N | M= 34.9 Nm (limit 150.0) | edge= 21.4 mm
set_up:     t=  4.2 s | tip=  1.9 deg | F= 61.1 N | M= 32.1 Nm (limit 150.0) | edge= 21.4 mm
set_up:     t=  4.4 s | tip=  1.9 deg | F= 61.1 N | M= 32.0 Nm (limit 150.0) | edge= 21.4 mm
set_up:     t=  4.6 s | tip=  1.9 deg | F= 61.0 N | M= 32.0 Nm (limit 150.0) | edge= 21.5 mm
set_up:     t=  4.8 s | tip=  1.9 deg | F= 61.0 N | M= 32.0 Nm (limit 150.0) | edge= 21.5 mm
set_up:     t=  5.0 s | tip=  1.9 deg | F= 61.0 N | M= 32.0 Nm (limit 150.0) | edge= 21.5 mm
set_up:     t=  5.2 s | tip=  1.9 deg | F= 60.9 N | M= 32.0 Nm (limit 150.0) | edge= 21.5 mm
set_up:     t=  5.4 s | tip=  2.0 deg | F= 60.8 N | M= 31.9 Nm (limit 150.0) | edge= 21.5 mm
set_up:     t=  5.6 s | tip=  2.0 deg | F= 60.8 N | M= 32.0 Nm (limit 150.0) | edge= 21.5 mm
set_up:     t=  5.8 s | tip=  2.0 deg | F= 60.9 N | M= 32.0 Nm (limit 150.0) | edge= 21.5 mm
set_up:     t=  6.0 s | tip=  2.0 deg | F= 60.9 N | M= 31.9 Nm (limit 150.0) | edge= 21.5 mm
set_up:     t=  6.2 s | tip=  2.0 deg | F= 60.8 N | M= 32.0 Nm (limit 150.0) | edge= 21.5 mm
set_up:     t=  6.4 s | tip=  2.0 deg | F= 60.9 N | M= 32.0 Nm (limit 150.0) | edge= 21.5 mm
set_up:     t=  6.6 s | tip=  2.0 deg | F= 60.8 N | M= 32.0 Nm (limit 150.0) | edge= 21.5 mm
set_up:     t=  6.8 s | tip=  2.0 deg | F= 60.9 N | M= 32.0 Nm (limit 150.0) | edge= 21.5 mm
set_up:     t=  7.0 s | tip=  2.0 deg | F= 60.9 N | M= 32.0 Nm (limit 150.0) | edge= 21.5 mm
set_up:     t=  7.2 s | tip=  2.0 deg | F= 60.8 N | M= 32.0 Nm (limit 150.0) | edge= 21.5 mm
set_up:     t=  7.4 s | tip=  2.0 deg | F= 60.8 N | M= 32.0 Nm (limit 150.0) | edge= 21.5 mm
set_up:     t=  7.6 s | tip=  2.0 deg | F= 60.9 N | M= 32.0 Nm (limit 150.0) | edge= 21.5 mm
set_up:     t=  7.8 s | tip=  2.0 deg | F= 60.8 N | M= 32.0 Nm (limit 150.0) | edge= 21.5 mm
set_up:     t=  8.0 s | tip=  2.0 deg | F= 60.8 N | M= 32.0 Nm (limit 150.0) | edge= 21.5 mm
set_up:     t=  8.2 s | tip=  2.0 deg | F= 60.8 N | M= 32.0 Nm (limit 150.0) | edge= 21.5 mm
set_up:     t=  8.4 s | tip=  2.0 deg | F= 60.8 N | M= 32.0 Nm (limit 150.0) | edge= 21.5 mm
set_up:     t=  8.6 s | tip=  2.0 deg | F= 60.8 N | M= 32.0 Nm (limit 150.0) | edge= 21.5 mm
set_up:     t=  8.8 s | tip=  2.0 deg | F= 60.8 N | M= 32.0 Nm (limit 150.0) | edge= 21.5 mm
set_up:     t=  9.0 s | tip=  2.0 deg | F= 60.8 N | M= 32.0 Nm (limit 150.0) | edge= 21.5 mm
set_up:     t=  9.2 s | tip=  2.0 deg | F= 60.7 N | M= 31.9 Nm (limit 150.0) | edge= 21.5 mm
set_up:     t=  9.4 s | tip=  2.0 deg | F= 60.7 N | M= 31.9 Nm (limit 150.0) | edge= 21.5 mm
set_up:     t=  9.6 s | tip=  2.0 deg | F= 60.7 N | M= 31.9 Nm (limit 150.0) | edge= 21.5 mm
set_up:     t=  9.8 s | tip=  2.0 deg | F= 60.7 N | M= 31.9 Nm (limit 150.0) | edge= 21.5 mm
set_up:     t= 10.0 s | tip=  2.0 deg | F= 60.7 N | M= 31.9 Nm (limit 150.0) | edge= 21.5 mm
set_up:     t= 10.2 s | tip=  2.0 deg | F= 60.7 N | M= 31.9 Nm (limit 150.0) | edge= 21.5 mm
set_up:     t= 10.4 s | tip=  2.0 deg | F= 60.7 N | M= 31.9 Nm (limit 150.0) | edge= 21.5 mm
set_up:     t= 10.6 s | tip=  2.0 deg | F= 60.7 N | M= 31.9 Nm (limit 150.0) | edge= 21.5 mm
set_up:     t= 10.8 s | tip=  2.0 deg | F= 60.6 N | M= 31.8 Nm (limit 150.0) | edge= 21.5 mm
set_up:     t= 11.0 s | tip=  2.0 deg | F= 60.7 N | M= 31.9 Nm (limit 150.0) | edge= 21.5 mm
set_up:     t= 11.2 s | tip=  2.0 deg | F= 60.7 N | M= 32.0 Nm (limit 150.0) | edge= 21.5 mm
set_up:     t= 11.4 s | tip=  2.0 deg | F= 60.6 N | M= 31.9 Nm (limit 150.0) | edge= 21.5 mm
set_up:     t= 11.6 s | tip=  2.0 deg | F= 60.6 N | M= 31.9 Nm (limit 150.0) | edge= 21.5 mm
set_up:     t= 11.8 s | tip=  2.0 deg | F= 60.5 N | M= 31.9 Nm (limit 150.0) | edge= 21.5 mm

=== Set-up result ===
stop: time | t=12.0 s | tip=2.0 deg | F=60.6 N | M=31.9 Nm
edge_from_contact = [-5.3, +0.5, -20.9] mm | norm=21.5 mm
tcp_from_contact  = [-19.7, +61.3, +1.5] mm | norm=64.4 mm
alignment: before=0.45 deg | after=2.16 deg | gain=-1.72 deg

=== Set-up surface-frame breakdown ===
frame: alignment-target [tangent1, tangent2, normal]
force        [N]      = [   -15.99,     -1.01,    -58.45]
tcp_disp     [mm]     = [    -2.49,     +0.63,    -40.26]
edge_disp    [mm]     = [    -3.41,     +0.54,    -21.25]
Kp_eff=F/tcp [N/m]    = [   6414.4,   -1605.5,    1451.6]
moment@edge  [Nm]     = [    +3.62,    +29.69,     -1.44]
tip_angle    [deg]    = [    +0.08,     -1.97,     +0.19]
KR_eff=M/ang [Nm/rad] = [   2758.1,    -862.9,    -427.7]

finite_axis: angle=2.0 deg | axis_from_edge=[-601.0, -14.8, +139.9] mm | dir=[-0.046, +0.995, -0.094] | pitch=+79.3 mm/rad

=== Coupled stiffness from the measured pole ===
source spring K_pole/D_pole (diagonal, from parameters):
  Kp [N/m]     = [2000, 2000, 350]
  KR [Nm/rad]  = [5, 5, 50]
  Dp [Ns/m]    = [10, 10, 175]
  DR [Nms/rad] = [10.01, 10.01, 10]

poles compared (lever r_c = TCP - pole):
  (A) measured axis : angle=2.0 deg | pitch=+79.3 mm/rad
      pole_from_edge = [-595.9, -12.6, 160.5] mm
      r_c            = [581.4, 73.4, -138.2] mm
  (B) manual pole   : COMMANDED this run, contact reference
      pole_from_edge = [5.3, -0.5, 20.9] mm
      r_c            = [-13.7, 60.7, 41.4] mm
      r_c(B)-r_c(A)  = [-595.1, -12.7, 179.5] mm

K_TCP = Ad^T K_pole Ad  [rows fx..mz | cols tx..rz]:
  (A) measured axis:
           tx        ty        tz    |    rx        ry        rz
  fx [    2000        0        0 |        0    276.3    146.7 ]
  fy [       0     2000        0 |   -276.3        0    -1163 ]
  fz [       0        0      350 |   -25.67    203.5        0 ]
     ---------------------------+---------------------------
  mx [       0   -276.3   -25.67 |     45.4   -14.93    164.6 ]
  my [   276.3        0    203.5 |   -14.93    161.5    20.27 ]
  mz [   146.7    -1163        0 |    164.6    20.27    736.5 ]
  (A) K_TCP eigenvalues = [3.66, 4.961, 36.81, 468.5, 2041, 2738] -> PSD ok (>=0) (min=3.66)
  (B) manual pole:
           tx        ty        tz    |    rx        ry        rz
  fx [    2000        0        0 |        0   -82.71    121.4 ]
  fy [       0     2000        0 |    82.71        0    27.42 ]
  fz [       0        0      350 |   -21.24   -4.798        0 ]
     ---------------------------+---------------------------
  mx [       0    82.71   -21.24 |    10.05   0.2912    5.041 ]
  my [  -82.71        0   -4.798 |   0.2912    8.486   -5.019 ]
  mz [   121.4    27.42        0 |    5.041   -5.019     57.4 ]
  (B) K_TCP eigenvalues = [4.972, 4.992, 49.8, 351.4, 2003, 2011] -> PSD ok (>=0) (min=4.972)

D_TCP = Ad^T D_pole Ad:
  (A) measured axis:
           tx        ty        tz    |    rx        ry        rz
  fx [     237        0        0 |        0    32.74    17.38 ]
  fy [       0    178.2        0 |   -24.63        0   -103.6 ]
  fz [       0        0    108.2 |   -7.933    62.88        0 ]
     ---------------------------+---------------------------
  mx [       0   -24.63   -7.933 |     5.39   -4.613    14.26 ]
  my [   32.74        0    62.88 |   -4.613    43.16    2.402 ]
  mz [   17.38   -103.6        0 |    14.26    2.402    62.31 ]
  (A) D_TCP eigenvalues = [0.5703, 1.378, 1.544, 144, 234.7, 252] -> PSD ok (>=0) (min=0.5703)
  (B) manual pole:
           tx        ty        tz    |    rx        ry        rz
  fx [     237        0        0 |        0   -9.801    14.38 ]
  fy [       0    178.2        0 |    7.371        0    2.444 ]
  fz [       0        0    108.2 |   -6.563   -1.483        0 ]
     ---------------------------+---------------------------
  mx [       0    7.371   -6.563 |    2.109  0.08997  0.04579 ]
  my [  -9.801        0   -1.483 |  0.08997    2.497  -0.5947 ]
  mz [   14.38    2.444        0 |  0.04579  -0.5947    1.685 ]
  (B) D_TCP eigenvalues = [0.7714, 1.403, 2.068, 108.6, 178.6, 238.3] -> PSD ok (>=0) (min=0.7714)
phase: grind

Stop requested with e + Enter. Finishing control loop...

Joint motion [deg]:
joint    start   final   delta
------------------------------
q1       -2.7    -1.9     0.9
q2       18.1    32.2    14.1
q3       -5.1    -2.7     2.5
q4     -122.8  -122.3     0.6
q5       17.6     0.9   -16.7
q6      139.5   146.9     7.4
q7       26.8    42.5    15.7

=== Final result ===
p_d = [528.2, -39.4, -133.2] mm
p_EE = [535.9, -45.9, 25.5] mm
e_p = [-7.6, 6.5, -158.7] mm
position_error = 159.07 mm
e_R = [0.80, -2.45, -0.08] deg
rotation_error = 2.58 deg
csv: surface_grinding_controller_log.csv
