
====================================================================
  SURFACE GRINDING CONTROLLER
====================================================================
  robot              172.16.0.2
--------------------------------------------------------------------

Press Enter to recover and configure the robot.
  Robot recovered or already ready.

====================================================================
  STARTUP MODE
====================================================================
  run     s   run the phase sequence from q_init
          h   hold the q_init pose
          t   hold with the set-up impedance, to test those gains
          g   hand-guide the start pose, then choose
--------------------------------------------------------------------
  set up  q   go to q_init and inspect
          o   open the hand now
          c   grasp the tool now
          r   recalibrate the hand width, fingers empty
          f   fetch the tool from the holder
          b   put the tool back
--------------------------------------------------------------------
  quit    e   stop and quit
--------------------------------------------------------------------
  in a run    e stop | m menu | g hand-guide | s sequence | t hold
--------------------------------------------------------------------
Choice [s/h/t/g/q/o/c/r/f/b/e]: 
-- selected: phase sequence ----------------------------------------

-- moving to q_init ------------------------------------------------
  case               horizontal_table_search
  q1..q7 [deg]     = [0.8, 12.1, -0.5, -130.9, -0.2, 142.9, 44.7] deg
  horizontal_table_search = [0.014777, 0.210911, -0.009320, -2.284835, -0.002725, 2.493410, 0.780694] rad
  q_init reached.

-- start pose ------------------------------------------------------
  q_start          = [0.8, 12.1, -0.5, -130.9, -0.1, 142.9, 44.7] deg
  p_start          = [    531.1,       2.5,     156.6] mm

====================================================================
  RUN
====================================================================

-- phase: approach_orient ------------------------------------------
  Kp [t1,t2,n]     = [    150.0,     150.0,     150.0] N/m
  Dp [t1,t2,n]     = [    126.5,     103.6,     128.3] Ns/m     auto (factor 1.90)
  KR [t1,t2,n]     = [     90.0,      90.0,      90.0] Nm/rad
  DR [t1,t2,n]     = [     13.5,      15.8,       2.0] Nms/rad  auto (factor 1.90)
orient:     t=  0.0 s | axis_err=  9.0 deg | spin_err=  0.8 deg
orient:     t=  0.2 s | axis_err=  8.1 deg | spin_err=  0.6 deg
orient:     t=  0.4 s | axis_err=  5.5 deg | spin_err=  0.0 deg
orient:     t=  0.6 s | axis_err=  3.2 deg | spin_err=  0.4 deg
orient:     t=  0.8 s | axis_err=  2.6 deg | spin_err=  0.4 deg
orient:     t=  1.0 s | axis_err=  2.4 deg | spin_err=  0.3 deg
orient:     t=  1.2 s | axis_err=  2.3 deg | spin_err=  0.3 deg
orient:     t=  1.4 s | axis_err=  2.3 deg | spin_err=  0.3 deg
orient:     t=  1.6 s | axis_err=  2.3 deg | spin_err=  0.3 deg
orient:     t=  1.8 s | axis_err=  2.3 deg | spin_err=  0.3 deg
orient:     t=  2.0 s | axis_err=  2.3 deg | spin_err=  0.3 deg
orient:     t=  2.2 s | axis_err=  2.3 deg | spin_err=  0.3 deg
orient:     t=  2.4 s | axis_err=  2.3 deg | spin_err=  0.3 deg
orient:     t=  2.6 s | axis_err=  2.3 deg | spin_err=  0.3 deg
orient:     t=  2.8 s | axis_err=  2.3 deg | spin_err=  0.3 deg
orient:     t=  3.0 s | axis_err=  2.3 deg | spin_err=  0.3 deg
orient:     t=  3.2 s | axis_err=  2.3 deg | spin_err=  0.3 deg
orient:     t=  3.4 s | axis_err=  2.3 deg | spin_err=  0.3 deg
orient:     t=  3.6 s | axis_err=  2.3 deg | spin_err=  0.3 deg
orient:     t=  3.8 s | axis_err=  2.3 deg | spin_err=  0.3 deg
orient:     t=  4.0 s | axis_err=  2.3 deg | spin_err=  0.3 deg
orient:     t=  4.2 s | axis_err=  2.3 deg | spin_err=  0.3 deg
orient:     t=  4.4 s | axis_err=  2.3 deg | spin_err=  0.3 deg
orient:     t=  4.6 s | axis_err=  2.3 deg | spin_err=  0.3 deg
orient:     t=  4.8 s | axis_err=  2.3 deg | spin_err=  0.3 deg

Orientation settled short of the 2.0 deg gate after 5.0 s: axis_err=2.3 deg | spin_err=0.3 deg

-- phase: approach_descend -----------------------------------------
  Kp [t1,t2,n]     = [    150.0,     150.0,     150.0] N/m
  Dp [t1,t2,n]     = [    126.5,     103.6,     128.3] Ns/m     auto (factor 1.90)
  KR [t1,t2,n]     = [     90.0,      90.0,      90.0] Nm/rad
  DR [t1,t2,n]     = [     13.5,      15.8,       2.0] Nms/rad  auto (factor 1.90)
  descend to         20 mm clearance at 0.100 m/s
descend:    t=  0.0 s | distance=   0.1 mm | height=+135.1 mm (target 20.0) | force=  0.0 N
descend:    t=  0.2 s | distance=  20.1 mm | height=+124.0 mm (target 20.0) | force=  0.8 N
descend:    t=  0.4 s | distance=  40.1 mm | height=+107.2 mm (target 20.0) | force=  0.0 N
descend:    t=  0.6 s | distance=  60.1 mm | height= +89.5 mm (target 20.0) | force=  1.3 N
descend:    t=  0.8 s | distance=  80.1 mm | height= +71.3 mm (target 20.0) | force=  1.8 N
descend:    t=  1.0 s | distance= 100.1 mm | height= +52.8 mm (target 20.0) | force=  0.3 N
descend:    t=  1.2 s | distance= 120.1 mm | height= +34.0 mm (target 20.0) | force=  1.2 N

[GATE] Reached 20 mm above the plane. Press Enter to start the set-up press (e+Enter stops).

-- gate hold -------------------------------------------------------
  Kp [x,y,z]       = [   5000.0,    5000.0,    5000.0] N/m
  Dp [x,y,z]       = [    205.1,     145.8,     252.4] Ns/m     auto
  KR [t1,t2,n]     = [     90.0,      90.0,      90.0] Nm/rad
  DR [t1,t2,n]     = [     13.8,      12.0,       2.5] Nms/rad  auto
[GATE] Continuing to the set-up press.

Clearance reached: distance=135.0 mm | height=19.9 mm | target=20.0 mm | force=0.8 N (not used for the switch)
  offset_ee        = [    -20.0,      60.0,      20.0] mm
  p_EE_at_contact  = [    535.2,       8.0,      44.3] mm
  contact_point    = [    517.6,     -52.4,       1.6] mm
  edge_offset      = [    -17.5,     -60.4,     -42.8] mm

-- phase: set_up ---------------------------------------------------

-- set-up impedance ------------------------------------------------
  law                wrench = K_TCP*dx + D_TCP*dv
                     K_TCP  = Ad(r_c)^T * blkdiag(Kp,KR) * Ad(r_c)
  Kp [t1,t2,n]     = [   2000.0,    2000.0,     800.0] N/m
  Dp [t1,t2,n]     = [    212.1,     180.3,     174.8] Ns/m     auto
  KR [t1,t2,n]     = [      5.0,       5.0,      50.0] Nm/rad
  DR [t1,t2,n]     = [      1.9,       1.7,       1.1] Nms/rad  auto
  p_c [EE]         = [     71.5,     -33.8,      12.0] mm       the pole on the tool, from p_EE
  r_c [t1,t2,n]    = [     80.0,       0.0,       0.0] mm       commanded: p_TCP - p_c, in the plane
set_up:     t=  0.0 s | tip=  0.0 deg | F=  0.0 N | M=  0.0 Nm (limit 150.0) | edge= 19.8 mm
set_up:     t=  0.2 s | tip=  0.3 deg | F=  1.4 N | M=  1.0 Nm (limit 150.0) | edge= 10.7 mm
set_up:     t=  0.4 s | tip=  0.9 deg | F=  1.5 N | M=  1.2 Nm (limit 150.0) | edge=  5.4 mm
set_up:     t=  0.6 s | tip=  1.4 deg | F= 14.2 N | M=  8.1 Nm (limit 150.0) | edge=  3.1 mm
set_up:     t=  0.8 s | tip=  1.6 deg | F= 17.4 N | M= 10.6 Nm (limit 150.0) | edge=  3.2 mm
set_up:     t=  1.0 s | tip=  2.1 deg | F= 24.5 N | M= 14.6 Nm (limit 150.0) | edge=  3.3 mm
set_up:     t=  1.2 s | tip=  2.8 deg | F= 31.5 N | M= 18.6 Nm (limit 150.0) | edge=  3.8 mm
set_up:     t=  1.4 s | tip=  4.4 deg | F= 36.7 N | M= 21.4 Nm (limit 150.0) | edge=  4.3 mm
set_up:     t=  1.6 s | tip=  6.8 deg | F= 41.1 N | M= 23.8 Nm (limit 150.0) | edge=  4.9 mm
set_up:     t=  1.8 s | tip=  8.3 deg | F= 34.1 N | M= 20.1 Nm (limit 150.0) | edge=  5.1 mm
set_up:     t=  2.0 s | tip=  8.8 deg | F= 34.9 N | M= 20.7 Nm (limit 150.0) | edge=  5.3 mm
set_up:     t=  2.2 s | tip=  9.0 deg | F= 34.8 N | M= 20.4 Nm (limit 150.0) | edge=  5.3 mm
set_up:     t=  2.4 s | tip=  9.0 deg | F= 34.7 N | M= 20.4 Nm (limit 150.0) | edge=  5.3 mm
set_up:     t=  2.6 s | tip=  9.0 deg | F= 34.8 N | M= 20.4 Nm (limit 150.0) | edge=  5.3 mm
set_up:     t=  2.8 s | tip=  9.0 deg | F= 34.9 N | M= 20.5 Nm (limit 150.0) | edge=  5.3 mm
set_up:     t=  3.0 s | tip=  9.0 deg | F= 34.9 N | M= 20.5 Nm (limit 150.0) | edge=  5.3 mm
set_up:     t=  3.2 s | tip=  9.0 deg | F= 35.0 N | M= 20.5 Nm (limit 150.0) | edge=  5.3 mm
set_up:     t=  3.4 s | tip=  9.0 deg | F= 34.9 N | M= 20.5 Nm (limit 150.0) | edge=  5.3 mm
set_up:     t=  3.6 s | tip=  9.0 deg | F= 34.9 N | M= 20.5 Nm (limit 150.0) | edge=  5.3 mm
set_up:     t=  3.8 s | tip=  9.0 deg | F= 34.9 N | M= 20.5 Nm (limit 150.0) | edge=  5.3 mm
set_up:     t=  4.0 s | tip=  9.0 deg | F= 34.9 N | M= 20.5 Nm (limit 150.0) | edge=  5.3 mm
set_up:     t=  4.2 s | tip=  9.0 deg | F= 35.0 N | M= 20.5 Nm (limit 150.0) | edge=  5.3 mm
set_up:     t=  4.4 s | tip=  9.0 deg | F= 34.9 N | M= 20.5 Nm (limit 150.0) | edge=  5.3 mm
set_up:     t=  4.6 s | tip=  9.0 deg | F= 34.9 N | M= 20.5 Nm (limit 150.0) | edge=  5.3 mm
set_up:     t=  4.8 s | tip=  9.0 deg | F= 34.9 N | M= 20.5 Nm (limit 150.0) | edge=  5.3 mm

====================================================================
  SET-UP RESULT
====================================================================
  stop: time | t=5.0 s | tip=9.0 deg | F=34.8 N | M=20.4 Nm
  edge_from_contact = [-5.0, -1.6, -0.6] mm | norm=5.3 mm
  tcp_from_contact  = [+15.5, +58.4, +18.8] mm | norm=63.3 mm
  alignment: before=8.43 deg | after=1.77 deg | gain=+6.66 deg
  alignment components [t1,t2,n] deg: before=[-1.61,-8.28,+0.00] | after=[+1.77,+0.08,+0.00]

-- set-up surface-frame breakdown ----------------------------------
  frame              alignment-target [tangent1, tangent2, normal]
  force        [N]      = [    -2.77,     -0.72,    -34.72]
  tcp_disp     [mm]     = [    +2.03,     +0.50,    -24.02]
  edge_disp    [mm]     = [    +5.22,     -0.68,     -0.76]
  Kp_eff=F/tcp [N/m]    = [  -1364.5,   -1440.0,    1445.4]
  moment@edge  [Nm]     = [    -5.93,    -20.56,     +0.70]
  tip_angle    [deg]    = [    +3.37,     +8.36,     -0.25]
  KR_eff=M/ang [Nm/rad] = [   -100.8,    -140.9,    -160.4]

-- centre of compliance --------------------------------------------
  definition         r_c = p_TCP - p_c
  p_TCP [x,y,z]    = [    535.2,       8.0,      44.3] mm
  p_c [EE]         = [     71.5,     -33.8,      12.0] mm
  r_c [t1,t2,n]    = [     80.0,      -0.0,       0.0] mm
                     p_c resolved at first contact

-- what the TCP feels ----------------------------------------------
  K_TCP translation = [   1999.6,    1999.1,     801.3] N/m
  K_TCP rotation   = [      5.9,       9.2,      62.7] Nm/rad
  commanded KR was = [      5.0,       5.0,      50.0] Nm/rad   the rest is the lever
  D_TCP translation = [    206.4,     186.0,     174.8] Ns/m
  D_TCP rotation   = [      2.1,       2.6,       2.3] Nms/rad
  coupling           max |moment per unit translation| = 144.9 Nm/m (K), 13.1 Nms/m (D)
  eigenvalues        K_TCP 4.97 .. 2013 | D_TCP 1.12 .. 212  (both positive: valid springs)

  K_TCP [N/m, Nm/rad | rows fx..mz, cols tx..rz]:
           tx        ty        tz    |    rx        ry        rz
  fx [    2000  -0.5725   -20.68 |  -0.7009   -2.874   -67.69 ]
  fy [ -0.5725     1999   -33.18 |    3.249    2.405    144.9 ]
  fz [  -20.68   -33.18    801.3 |    27.03   -58.02   -1.705 ]
     ---------------------------+---------------------------
  mx [ -0.7009    3.249    27.03 |    5.935   -1.936    1.035 ]
  my [  -2.874    2.405   -58.02 |   -1.936    9.245    1.516 ]
  mz [  -67.69    144.9   -1.705 |    1.035    1.516    62.74 ]

  D_TCP [Ns/m, Nms/rad]:
           tx        ty        tz    |    rx        ry        rz
  fx [   206.4    12.18  -0.8826 | -0.003224  -0.3873   -6.099 ]
  fy [   12.18      186  -0.5202 |    0.389  0.01107    13.06 ]
  fz [ -0.8826  -0.5202    174.8 |    5.912   -12.66 -0.007841 ]
     ---------------------------+---------------------------
  mx [-0.003224    0.389    5.912 |    2.082  -0.3305  0.01252 ]
  my [ -0.3873  0.01107   -12.66 |  -0.3305    2.635 -0.00419 ]
  mz [  -6.099    13.06 -0.007841 |  0.01252 -0.00419    2.277 ]

[GATE] Set up finished (holding the pressed pose). Press Enter to start the grind (e+Enter stops).

Stop requested with e + Enter. Finishing control loop...

-- joint motion [deg] ----------------------------------------------
  joint       start    final    delta
  q1            0.8      1.3     +0.5
  q2           12.1     31.2    +19.0
  q3           -0.5     -0.6     -0.0
  q4         -130.9   -127.5     +3.4
  q5           -0.1      0.8     +0.9
  q6          142.9    157.2    +14.3
  q7           44.7     45.1     +0.3

====================================================================
  FINAL RESULT
====================================================================
  p_d              = [    533.8,       5.8,     -35.5] mm
  p_EE             = [    533.1,       6.0,      20.4] mm
  e_p              = [      0.7,      -0.2,     -55.9] mm
  e_R              = [     0.48,     -9.00,     -0.01] deg
--------------------------------------------------------------------
  position error     55.87 mm
  rotation error     9.02 deg
  csv                logs/surface_grinding_controller_log.csv
--------------------------------------------------------------------
