
====================================================================
  SURFACE GRINDING CONTROLLER
====================================================================
  robot              172.16.0.2
--------------------------------------------------------------------

Press Enter to recover and configure the robot.
  Robot recovered or already ready.

====================================================================
  STARTUP MODE
====================================================================
  run     s   run the phase sequence from q_init
          h   hold the q_init pose
          t   hold with the set-up impedance, to test those gains
          g   hand-guide the start pose, then choose
--------------------------------------------------------------------
  set up  q   go to q_init and inspect
          o   open the hand now
          c   grasp the tool now
          r   recalibrate the hand width, fingers empty
          f   fetch the tool from the holder
          b   put the tool back
--------------------------------------------------------------------
  quit    e   stop and quit
--------------------------------------------------------------------
  in a run    e stop | m menu | g hand-guide | s sequence | t hold
--------------------------------------------------------------------
Choice [s/h/t/g/q/o/c/r/f/b/e]: 
-- selected: phase sequence ----------------------------------------

-- moving to q_init ------------------------------------------------
  case               horizontal_table_search
  q1..q7 [deg]     = [0.8, 12.1, -0.5, -130.9, -0.2, 142.9, 44.7] deg
  horizontal_table_search = [0.014777, 0.210911, -0.009320, -2.284835, -0.002725, 2.493410, 0.780694] rad
  q_init reached.

-- start pose ------------------------------------------------------
  q_start          = [0.9, 12.1, -0.5, -130.9, -0.1, 142.9, 44.7] deg
  p_start          = [    531.3,       2.5,     156.9] mm

====================================================================
  RUN
====================================================================

-- phase: approach_orient ------------------------------------------
  Kp [t1,t2,n]     = [    150.0,     150.0,     150.0] N/m
  Dp [t1,t2,n]     = [    126.5,     103.6,     128.3] Ns/m     auto (factor 1.90)
  KR [t1,t2,n]     = [     90.0,      90.0,      90.0] Nm/rad
  DR [t1,t2,n]     = [     13.5,      15.8,       2.0] Nms/rad  auto (factor 1.90)
orient:     t=  0.0 s | axis_err=  8.6 deg | spin_err=  1.1 deg
orient:     t=  0.2 s | axis_err=  7.9 deg | spin_err=  0.5 deg
orient:     t=  0.4 s | axis_err=  5.6 deg | spin_err=  0.3 deg
orient:     t=  0.6 s | axis_err=  3.1 deg | spin_err=  0.2 deg
orient:     t=  0.8 s | axis_err=  2.4 deg | spin_err=  0.3 deg
orient:     t=  1.0 s | axis_err=  2.2 deg | spin_err=  0.3 deg
orient:     t=  1.2 s | axis_err=  2.2 deg | spin_err=  0.3 deg
orient:     t=  1.4 s | axis_err=  2.2 deg | spin_err=  0.3 deg
orient:     t=  1.6 s | axis_err=  2.2 deg | spin_err=  0.3 deg
orient:     t=  1.8 s | axis_err=  2.1 deg | spin_err=  0.3 deg
orient:     t=  2.0 s | axis_err=  2.1 deg | spin_err=  0.3 deg
orient:     t=  2.2 s | axis_err=  2.1 deg | spin_err=  0.3 deg
orient:     t=  2.4 s | axis_err=  2.1 deg | spin_err=  0.3 deg
orient:     t=  2.6 s | axis_err=  2.1 deg | spin_err=  0.3 deg
orient:     t=  2.8 s | axis_err=  2.1 deg | spin_err=  0.3 deg
orient:     t=  3.0 s | axis_err=  2.1 deg | spin_err=  0.3 deg
orient:     t=  3.2 s | axis_err=  2.1 deg | spin_err=  0.3 deg
orient:     t=  3.4 s | axis_err=  2.1 deg | spin_err=  0.3 deg
orient:     t=  3.6 s | axis_err=  2.1 deg | spin_err=  0.3 deg
orient:     t=  3.8 s | axis_err=  2.1 deg | spin_err=  0.3 deg
orient:     t=  4.0 s | axis_err=  2.1 deg | spin_err=  0.3 deg
orient:     t=  4.2 s | axis_err=  2.1 deg | spin_err=  0.3 deg
orient:     t=  4.4 s | axis_err=  2.1 deg | spin_err=  0.3 deg
orient:     t=  4.6 s | axis_err=  2.1 deg | spin_err=  0.3 deg
orient:     t=  4.8 s | axis_err=  2.1 deg | spin_err=  0.3 deg

Orientation settled short of the 2.0 deg gate after 5.0 s: axis_err=2.1 deg | spin_err=0.3 deg

-- phase: approach_descend -----------------------------------------
  Kp [t1,t2,n]     = [    150.0,     150.0,     150.0] N/m
  Dp [t1,t2,n]     = [    126.5,     103.6,     128.3] Ns/m     auto (factor 1.90)
  KR [t1,t2,n]     = [     90.0,      90.0,      90.0] Nm/rad
  DR [t1,t2,n]     = [     13.5,      15.8,       2.0] Nms/rad  auto (factor 1.90)
  descend to         20 mm clearance at 0.100 m/s
descend:    t=  0.0 s | distance=   0.1 mm | height=+134.4 mm (target 20.0) | force= -0.0 N
descend:    t=  0.2 s | distance=  20.1 mm | height=+123.8 mm (target 20.0) | force=  0.7 N
descend:    t=  0.4 s | distance=  40.1 mm | height=+107.3 mm (target 20.0) | force=  1.3 N
descend:    t=  0.6 s | distance=  60.1 mm | height= +90.1 mm (target 20.0) | force=  1.7 N
descend:    t=  0.8 s | distance=  80.1 mm | height= +72.5 mm (target 20.0) | force=  0.6 N
descend:    t=  1.0 s | distance= 100.1 mm | height= +55.0 mm (target 20.0) | force=  1.4 N
descend:    t=  1.2 s | distance= 120.1 mm | height= +36.9 mm (target 20.0) | force=  1.6 N

[GATE] Reached 20 mm above the plane. Press Enter to start the set-up press (e+Enter stops).

-- gate hold -------------------------------------------------------
  Kp [x,y,z]       = [   5000.0,    5000.0,    5000.0] N/m
  Dp [x,y,z]       = [    204.5,     151.4,     247.1] Ns/m     auto
  KR [t1,t2,n]     = [     90.0,      90.0,      90.0] Nm/rad
  DR [t1,t2,n]     = [     13.8,      11.9,       2.6] Nms/rad  auto
[GATE] Continuing to the set-up press.

Clearance reached: distance=138.8 mm | height=19.8 mm | target=20.0 mm | force=1.1 N (not used for the switch)
  offset_ee        = [    -20.0,      60.0,      20.0] mm
  p_EE_at_contact  = [    535.6,      10.5,      46.1] mm
  contact_point    = [    516.4,     -48.6,       1.5] mm
  edge_offset      = [    -19.2,     -59.1,     -44.7] mm

-- phase: set_up ---------------------------------------------------

-- set-up impedance ------------------------------------------------
  law                wrench = K_TCP*dx + D_TCP*dv
                     K_TCP  = Ad(r_c)^T * blkdiag(Kp,KR) * Ad(r_c)
  Kp [t1,t2,n]     = [   2000.0,    2000.0,     800.0] N/m
  Dp [t1,t2,n]     = [    212.5,     187.9,     172.3] Ns/m     auto
  KR [t1,t2,n]     = [      5.0,       5.0,      50.0] Nm/rad
  DR [t1,t2,n]     = [      1.8,       1.6,       1.1] Nms/rad  auto
  p_c [EE]         = [     37.6,     -46.1,       7.5] mm       the pole on the tool, from p_EE
  r_c [t1,t2,n]    = [     54.4,      25.4,      -0.0] mm       commanded: p_TCP - p_c, in the plane
set_up:     t=  0.0 s | tip=  0.0 deg | F=  0.0 N | M=  0.0 Nm (limit 150.0) | edge= 19.8 mm
set_up:     t=  0.2 s | tip=  0.4 deg | F=  1.5 N | M=  1.5 Nm (limit 150.0) | edge= 10.8 mm
set_up:     t=  0.4 s | tip=  0.9 deg | F=  1.7 N | M=  1.5 Nm (limit 150.0) | edge=  4.6 mm
set_up:     t=  0.6 s | tip=  1.2 deg | F= 12.2 N | M=  7.5 Nm (limit 150.0) | edge=  2.4 mm
set_up:     t=  0.8 s | tip=  1.2 deg | F= 19.0 N | M= 11.4 Nm (limit 150.0) | edge=  2.5 mm
set_up:     t=  1.0 s | tip=  1.3 deg | F= 26.6 N | M= 15.6 Nm (limit 150.0) | edge=  2.7 mm
set_up:     t=  1.2 s | tip=  1.4 deg | F= 34.7 N | M= 20.1 Nm (limit 150.0) | edge=  2.9 mm
set_up:     t=  1.4 s | tip=  1.5 deg | F= 42.3 N | M= 24.4 Nm (limit 150.0) | edge=  3.0 mm
set_up:     t=  1.6 s | tip=  1.6 deg | F= 49.0 N | M= 28.0 Nm (limit 150.0) | edge=  3.3 mm
set_up:     t=  1.8 s | tip=  1.7 deg | F= 43.6 N | M= 25.1 Nm (limit 150.0) | edge=  3.1 mm
set_up:     t=  2.0 s | tip=  1.9 deg | F= 42.0 N | M= 24.4 Nm (limit 150.0) | edge=  3.1 mm
set_up:     t=  2.2 s | tip=  2.0 deg | F= 42.5 N | M= 24.6 Nm (limit 150.0) | edge=  3.0 mm
set_up:     t=  2.4 s | tip=  2.1 deg | F= 42.6 N | M= 24.6 Nm (limit 150.0) | edge=  3.0 mm
set_up:     t=  2.6 s | tip=  2.2 deg | F= 42.4 N | M= 24.5 Nm (limit 150.0) | edge=  3.0 mm
set_up:     t=  2.8 s | tip=  2.3 deg | F= 41.3 N | M= 23.9 Nm (limit 150.0) | edge=  3.1 mm
set_up:     t=  3.0 s | tip=  2.4 deg | F= 41.7 N | M= 24.2 Nm (limit 150.0) | edge=  3.2 mm
set_up:     t=  3.2 s | tip=  2.5 deg | F= 41.6 N | M= 24.1 Nm (limit 150.0) | edge=  3.2 mm
set_up:     t=  3.4 s | tip=  2.5 deg | F= 41.2 N | M= 23.9 Nm (limit 150.0) | edge=  3.2 mm
set_up:     t=  3.6 s | tip=  2.6 deg | F= 41.4 N | M= 24.0 Nm (limit 150.0) | edge=  3.1 mm
set_up:     t=  3.8 s | tip=  2.6 deg | F= 40.4 N | M= 23.4 Nm (limit 150.0) | edge=  3.1 mm
set_up:     t=  4.0 s | tip=  2.7 deg | F= 41.0 N | M= 23.8 Nm (limit 150.0) | edge=  3.2 mm
set_up:     t=  4.2 s | tip=  2.8 deg | F= 41.4 N | M= 24.0 Nm (limit 150.0) | edge=  3.2 mm
set_up:     t=  4.4 s | tip=  2.9 deg | F= 40.8 N | M= 23.7 Nm (limit 150.0) | edge=  3.4 mm
set_up:     t=  4.6 s | tip=  3.0 deg | F= 41.2 N | M= 23.9 Nm (limit 150.0) | edge=  3.4 mm
set_up:     t=  4.8 s | tip=  3.1 deg | F= 41.1 N | M= 23.8 Nm (limit 150.0) | edge=  3.4 mm

====================================================================
  SET-UP RESULT
====================================================================
  stop: time | t=5.0 s | tip=3.1 deg | F=41.3 N | M=23.9 Nm
  edge_from_contact = [-2.5, -1.8, -1.4] mm | norm=3.4 mm
  tcp_from_contact  = [+16.8, +57.9, +20.2] mm | norm=63.6 mm
  alignment: before=6.99 deg | after=4.11 deg | gain=+2.88 deg
  alignment components [t1,t2,n] deg: before=[+2.13,-6.66,-0.00] | after=[+0.48,-4.08,-0.00]

-- set-up surface-frame breakdown ----------------------------------
  frame              alignment-target [tangent1, tangent2, normal]
  force        [N]      = [    -2.66,     +1.79,    -41.21]
  tcp_disp     [mm]     = [    +2.04,     -0.37,    -24.52]
  edge_disp    [mm]     = [    +2.96,     +0.57,     -1.48]
  Kp_eff=F/tcp [N/m]    = [  -1306.0,   -4884.4,    1680.8]
  moment@edge  [Nm]     = [    -6.96,    -24.06,     -0.58]
  tip_angle    [deg]    = [    -1.68,     +2.57,     -0.27]
  KR_eff=M/ang [Nm/rad] = [    236.8,    -536.0,     121.7]

-- centre of compliance --------------------------------------------
  definition         r_c = p_TCP - p_c
  p_TCP [x,y,z]    = [    535.6,      10.5,      46.1] mm
  p_c [EE]         = [     37.6,     -46.1,       7.5] mm
  r_c [t1,t2,n]    = [     54.4,      25.4,      -0.0] mm
                     p_c resolved at first contact

-- what the TCP feels ----------------------------------------------
  K_TCP translation = [   1999.6,    1999.1,     801.3] N/m
  K_TCP rotation   = [      6.7,       6.2,      57.1] Nm/rad
  commanded KR was = [      5.0,       5.0,      50.0] Nm/rad   the rest is the lever
  D_TCP translation = [    208.1,     192.3,     172.3] Ns/m
  D_TCP rotation   = [      2.1,       1.9,       1.8] Nms/rad
  coupling           max |moment per unit translation| = 92.0 Nm/m (K), 9.2 Nms/m (D)
  eigenvalues        K_TCP 4.98 .. 2007 | D_TCP 1.08 .. 213  (both positive: valid springs)

  K_TCP [N/m, Nm/rad | rows fx..mz, cols tx..rz]:
           tx        ty        tz    |    rx        ry        rz
  fx [    2000  -0.5725   -20.68 |  -0.9524   -3.077      -92 ]
  fy [ -0.5725     1999   -33.18 |    2.346    1.278    76.95 ]
  fz [  -20.68   -33.18    801.3 |    36.79   -30.79  -0.3253 ]
     ---------------------------+---------------------------
  mx [ -0.9524    2.346    36.79 |     6.71   -1.392   0.9097 ]
  my [  -3.077    1.278   -30.79 |   -1.392    6.225    1.435 ]
  mz [     -92    76.95  -0.3253 |   0.9097    1.435    57.14 ]

  D_TCP [Ns/m, Nms/rad]:
           tx        ty        tz    |    rx        ry        rz
  fx [   208.1    9.433  -0.8792 | -0.02217  -0.3692   -9.208 ]
  fy [   9.433    192.3  -0.7165 |   0.3395 0.009297    6.964 ]
  fz [ -0.8792  -0.7165    172.3 |    7.923   -6.628  0.01287 ]
     ---------------------------+---------------------------
  mx [-0.02217   0.3395    7.923 |    2.149   -0.209 -0.0007258 ]
  my [ -0.3692 0.009297   -6.628 |   -0.209    1.879 0.0006492 ]
  mz [  -9.208    6.964  0.01287 | -0.0007258 0.0006492    1.772 ]

[GATE] Set up finished (holding the pressed pose). Press Enter to start the grind (e+Enter stops).

Stop requested with e + Enter. Finishing control loop...

-- joint motion [deg] ----------------------------------------------
  joint       start    final    delta
  q1            0.9      6.0     +5.1
  q2           12.1     30.6    +18.5
  q3           -0.5     -3.9     -3.4
  q4         -130.9   -130.3     +0.6
  q5           -0.1      8.7     +8.8
  q6          142.9    163.5    +20.7
  q7           44.7     39.6     -5.2

====================================================================
  FINAL RESULT
====================================================================
  p_d              = [    534.3,       8.3,     -33.7] mm
  p_EE             = [    533.2,       9.3,      21.7] mm
  e_p              = [      1.0,      -1.0,     -55.3] mm
  e_R              = [     2.61,     -1.62,     -0.27] deg
--------------------------------------------------------------------
  position error     55.36 mm
  rotation error     3.09 deg
  csv                logs/surface_grinding_controller_log.csv
--------------------------------------------------------------------
