
Press Enter to recover and configure the robot.
Robot recovered or already ready.
Collision: custom thresholds.

=== Startup choice ===
  q = go to q_init (from params/common.txt), then choose again
  g = guiding mode: go to q_init, then hand-guide to your pose;
      use s+Enter for sequence or h+Enter for hold
  o = open the Franka hand now (release/load tool), then choose again
  c = close/grasp the tool now, then choose again
  r = continue to run mode (available after q_init is reached)
Choice [q/g/o/c/r, Enter = q]: Moving to q_init...
q_init reached.

=== Startup choice ===
  q = go to q_init (from params/common.txt), then choose again
  g = guiding mode: go to q_init, then hand-guide to your pose;
      use s+Enter for sequence or h+Enter for hold
  o = open the Franka hand now (release/load tool), then choose again
  c = close/grasp the tool now, then choose again
  r = continue to run mode
Choice [q/g/o/c/r, Enter = q]: 
=== Run mode ===
  s = phase sequence (approach / set up / grind)
  h = hold at the start pose
Choice [s/h, Enter = s]: Selected: phase sequence. Nullspace mode from parameters: nullspace_damping_plus_sigma.

=== Setup ===
run: phase sequence | approach_orient: on | nullspace: nullspace_damping_plus_sigma
nullspace parameters: d_null=2.000 | k_sigma=1.000 Nm | alpha=0.0800 rad
hold: Kp=300.0 N/m | KR=40.0 Nm/rad | damping=auto translation+rotation (factor fitted online toward Dp=50.0 Ns/m)
manual_guidance_start: off | manual_damping=0.50
descend: clearance=20.0 mm | speed=0.100 m/s | max_distance=640 mm
alignment push: start=captured | end=+180 mm | speed=0.050 m/s | ramp_time~=4.0 s | timeout=12.0 s | moment_threshold=150.0 Nm
grind: sweep | axis=tangent2 | amplitude=30 mm | frequency=0.20 Hz
coupled stiffness: apply=off | saved=yes | pole=manual
gates: pause_before_set_up=on | pause_auto_damping=on | pause_before_grind=off | debug_period=0.20 s
alignment-target normal=[+0.087, -0.000, +0.996] | tilt a(x)=0.0 deg, b(y)=5.0 deg (from angles)
tool face: 40 x 120 mm | center offset EE=[+0.0, +0.0, +20.0] mm
Gripper already holding the tool (width 65.1 mm); keeping grasp.
Press e+Enter to stop the controller before the duration expires.
During hold: press g+Enter to hand-guide the tool, then p+Enter to recapture and resume hold.
experiment_duration <= 0: running indefinitely until e + Enter.

=== Start pose ===
q_start = [-2.7, 18.1, -5.1, -122.8, 17.5, 139.4, 26.8] deg
p_start = [564.9, -59.4, 150.9] mm

=== Run ===
phase: approach_orient
orient:     t=  0.0 s | axis_err= 11.4 deg | rot_err= 11.4 deg
approach Dp        auto=[ 134.13,   97.25,  122.30]  manual=[  20.00,   20.00,   20.00] Ns/m
approach DR        auto=[  12.73,   16.37,    4.07]  manual=[  12.00,   12.00,   12.00] Nms/rad
orient:     t=  0.2 s | axis_err=  4.6 deg | rot_err=  4.6 deg
orient:     t=  0.4 s | axis_err=  2.4 deg | rot_err=  2.4 deg

Orientation reached: axis_err=2.0 deg
phase: approach_descend
descend:    t=  0.0 s | distance=   0.1 mm | height= +97.1 mm (target 20.0) | force= -0.0 N
descend:    t=  0.2 s | distance=  20.1 mm | height= +85.1 mm (target 20.0) | force=  0.3 N
descend:    t=  0.4 s | distance=  40.1 mm | height= +68.2 mm (target 20.0) | force=  1.4 N
descend:    t=  0.6 s | distance=  60.2 mm | height= +50.8 mm (target 20.0) | force=  2.4 N
descend:    t=  0.8 s | distance=  80.3 mm | height= +33.2 mm (target 20.0) | force=  1.1 N

[GATE] Reached 20 mm above the plane. Press Enter to start the set-up press (e+Enter stops).
pause auto damping: fitted Dp factor=0.551, DR factor=1.961
pause Dp [xyz]     auto=[ 206.33,  155.43,  224.99]  manual=[ 200.00,  200.00,  200.00] Ns/m
pause DR [t1t2n]   auto=[  11.79,   17.25,    2.05]  manual=[  12.73,   16.37,    4.07] Nms/rad
[GATE] Continuing to the set-up press.
descend:    t=  2.8 s | distance=  95.6 mm | height= +19.6 mm (target 20.0) | force=  0.2 N

Clearance reached: distance=95.6 mm | height=19.6 mm | target=20.0 mm | force=0.2 N (not used for the switch)
offset_ee = [20.0, 60.0, 20.0] mm
p_EE_at_contact = [544.9, -66.6, 65.8] mm
contact_point = [558.5, -127.3, 24.3] mm
edge_offset_base = [13.7, -60.6, -41.6] mm
phase: set_up
set_up Dp [xyz]    auto=[ 236.86,  178.46,  108.20]  manual=[  10.00,   10.00,  175.00] Ns/m
set_up DR [t1t2n]  auto=[   1.42,    2.07,    0.78]  manual=[  10.01,   10.01,   10.00] Nms/rad
set_up:     t=  0.0 s | tip=  0.0 deg | F=  0.0 N | M=  0.0 Nm (limit 150.0) | edge= 19.6 mm
set_up:     t=  0.2 s | tip=  0.5 deg | F=  1.4 N | M=  0.6 Nm (limit 150.0) | edge= 14.1 mm
set_up:     t=  0.4 s | tip=  1.0 deg | F=  3.1 N | M=  1.4 Nm (limit 150.0) | edge=  7.2 mm
set_up:     t=  0.6 s | tip=  1.4 deg | F=  2.0 N | M=  0.7 Nm (limit 150.0) | edge=  4.1 mm
set_up:     t=  0.8 s | tip=  1.6 deg | F=  2.5 N | M=  1.0 Nm (limit 150.0) | edge= 12.2 mm
set_up:     t=  1.0 s | tip=  1.9 deg | F= 10.1 N | M=  5.7 Nm (limit 150.0) | edge= 17.7 mm
set_up:     t=  1.2 s | tip=  2.0 deg | F= 11.8 N | M=  6.4 Nm (limit 150.0) | edge= 18.6 mm
set_up:     t=  1.4 s | tip=  2.1 deg | F= 15.8 N | M=  8.4 Nm (limit 150.0) | edge= 19.5 mm
set_up:     t=  1.6 s | tip=  2.1 deg | F= 19.5 N | M= 10.3 Nm (limit 150.0) | edge= 19.8 mm
set_up:     t=  1.8 s | tip=  2.1 deg | F= 23.5 N | M= 12.4 Nm (limit 150.0) | edge= 20.0 mm
set_up:     t=  2.0 s | tip=  2.1 deg | F= 27.6 N | M= 14.5 Nm (limit 150.0) | edge= 20.1 mm
set_up:     t=  2.2 s | tip=  2.1 deg | F= 31.2 N | M= 16.3 Nm (limit 150.0) | edge= 20.2 mm
set_up:     t=  2.4 s | tip=  2.1 deg | F= 35.0 N | M= 18.2 Nm (limit 150.0) | edge= 20.3 mm
set_up:     t=  2.6 s | tip=  2.1 deg | F= 38.8 N | M= 20.1 Nm (limit 150.0) | edge= 20.5 mm
set_up:     t=  2.8 s | tip=  2.1 deg | F= 42.6 N | M= 22.0 Nm (limit 150.0) | edge= 20.6 mm
set_up:     t=  3.0 s | tip=  2.2 deg | F= 46.5 N | M= 24.0 Nm (limit 150.0) | edge= 20.8 mm
set_up:     t=  3.2 s | tip=  2.2 deg | F= 50.2 N | M= 26.0 Nm (limit 150.0) | edge= 20.9 mm
set_up:     t=  3.4 s | tip=  2.3 deg | F= 53.9 N | M= 27.9 Nm (limit 150.0) | edge= 21.1 mm
set_up:     t=  3.6 s | tip=  2.3 deg | F= 57.4 N | M= 29.7 Nm (limit 150.0) | edge= 21.2 mm
set_up:     t=  3.8 s | tip=  2.3 deg | F= 61.2 N | M= 31.6 Nm (limit 150.0) | edge= 21.4 mm
set_up:     t=  4.0 s | tip=  2.4 deg | F= 64.9 N | M= 33.5 Nm (limit 150.0) | edge= 21.5 mm
set_up:     t=  4.2 s | tip=  2.4 deg | F= 61.1 N | M= 31.4 Nm (limit 150.0) | edge= 21.4 mm
set_up:     t=  4.4 s | tip=  2.4 deg | F= 61.0 N | M= 31.4 Nm (limit 150.0) | edge= 21.4 mm
set_up:     t=  4.6 s | tip=  2.4 deg | F= 60.9 N | M= 31.3 Nm (limit 150.0) | edge= 21.4 mm
set_up:     t=  4.8 s | tip=  2.4 deg | F= 60.8 N | M= 31.3 Nm (limit 150.0) | edge= 21.4 mm
set_up:     t=  5.0 s | tip=  2.4 deg | F= 60.8 N | M= 31.2 Nm (limit 150.0) | edge= 21.4 mm
set_up:     t=  5.2 s | tip=  2.4 deg | F= 60.8 N | M= 31.2 Nm (limit 150.0) | edge= 21.4 mm
set_up:     t=  5.4 s | tip=  2.4 deg | F= 60.9 N | M= 31.2 Nm (limit 150.0) | edge= 21.4 mm
set_up:     t=  5.6 s | tip=  2.4 deg | F= 60.8 N | M= 31.2 Nm (limit 150.0) | edge= 21.4 mm
set_up:     t=  5.8 s | tip=  2.4 deg | F= 60.7 N | M= 31.2 Nm (limit 150.0) | edge= 21.4 mm
set_up:     t=  6.0 s | tip=  2.4 deg | F= 60.7 N | M= 31.1 Nm (limit 150.0) | edge= 21.4 mm
set_up:     t=  6.2 s | tip=  2.4 deg | F= 60.7 N | M= 31.1 Nm (limit 150.0) | edge= 21.4 mm
set_up:     t=  6.4 s | tip=  2.4 deg | F= 60.7 N | M= 31.1 Nm (limit 150.0) | edge= 21.4 mm
set_up:     t=  6.6 s | tip=  2.4 deg | F= 60.6 N | M= 31.1 Nm (limit 150.0) | edge= 21.4 mm
set_up:     t=  6.8 s | tip=  2.4 deg | F= 60.6 N | M= 31.0 Nm (limit 150.0) | edge= 21.4 mm
set_up:     t=  7.0 s | tip=  2.4 deg | F= 60.6 N | M= 31.1 Nm (limit 150.0) | edge= 21.4 mm
set_up:     t=  7.2 s | tip=  2.4 deg | F= 60.6 N | M= 31.1 Nm (limit 150.0) | edge= 21.4 mm
set_up:     t=  7.4 s | tip=  2.4 deg | F= 60.6 N | M= 31.1 Nm (limit 150.0) | edge= 21.4 mm
set_up:     t=  7.6 s | tip=  2.4 deg | F= 60.6 N | M= 31.0 Nm (limit 150.0) | edge= 21.4 mm
set_up:     t=  7.8 s | tip=  2.4 deg | F= 60.6 N | M= 31.1 Nm (limit 150.0) | edge= 21.4 mm
set_up:     t=  8.0 s | tip=  2.4 deg | F= 60.6 N | M= 31.0 Nm (limit 150.0) | edge= 21.4 mm
set_up:     t=  8.2 s | tip=  2.4 deg | F= 60.5 N | M= 31.0 Nm (limit 150.0) | edge= 21.4 mm
set_up:     t=  8.4 s | tip=  2.4 deg | F= 60.5 N | M= 31.0 Nm (limit 150.0) | edge= 21.4 mm
set_up:     t=  8.6 s | tip=  2.4 deg | F= 60.5 N | M= 31.0 Nm (limit 150.0) | edge= 21.4 mm
set_up:     t=  8.8 s | tip=  2.4 deg | F= 60.6 N | M= 31.0 Nm (limit 150.0) | edge= 21.4 mm
set_up:     t=  9.0 s | tip=  2.4 deg | F= 60.5 N | M= 31.0 Nm (limit 150.0) | edge= 21.4 mm
set_up:     t=  9.2 s | tip=  2.4 deg | F= 60.5 N | M= 31.0 Nm (limit 150.0) | edge= 21.4 mm
set_up:     t=  9.4 s | tip=  2.4 deg | F= 60.5 N | M= 31.0 Nm (limit 150.0) | edge= 21.4 mm
set_up:     t=  9.6 s | tip=  2.4 deg | F= 60.5 N | M= 30.9 Nm (limit 150.0) | edge= 21.4 mm
set_up:     t=  9.8 s | tip=  2.4 deg | F= 60.5 N | M= 30.9 Nm (limit 150.0) | edge= 21.4 mm
set_up:     t= 10.0 s | tip=  2.4 deg | F= 60.5 N | M= 30.9 Nm (limit 150.0) | edge= 21.4 mm
set_up:     t= 10.2 s | tip=  2.4 deg | F= 60.5 N | M= 30.9 Nm (limit 150.0) | edge= 21.4 mm
set_up:     t= 10.4 s | tip=  2.4 deg | F= 60.4 N | M= 30.9 Nm (limit 150.0) | edge= 21.4 mm
set_up:     t= 10.6 s | tip=  2.4 deg | F= 60.4 N | M= 30.9 Nm (limit 150.0) | edge= 21.4 mm
set_up:     t= 10.8 s | tip=  2.4 deg | F= 60.5 N | M= 30.9 Nm (limit 150.0) | edge= 21.4 mm
set_up:     t= 11.0 s | tip=  2.4 deg | F= 60.4 N | M= 30.9 Nm (limit 150.0) | edge= 21.4 mm
set_up:     t= 11.2 s | tip=  2.4 deg | F= 60.4 N | M= 30.9 Nm (limit 150.0) | edge= 21.4 mm
set_up:     t= 11.4 s | tip=  2.4 deg | F= 60.4 N | M= 30.9 Nm (limit 150.0) | edge= 21.4 mm
set_up:     t= 11.6 s | tip=  2.4 deg | F= 60.4 N | M= 30.9 Nm (limit 150.0) | edge= 21.4 mm
set_up:     t= 11.8 s | tip=  2.4 deg | F= 60.4 N | M= 30.9 Nm (limit 150.0) | edge= 21.4 mm

=== Set-up result ===
stop: time | t=12.0 s | tip=2.4 deg | F=60.4 N | M=30.9 Nm
edge_from_contact = [-5.9, +0.3, -20.6] mm | norm=21.4 mm
tcp_from_contact  = [-20.9, +61.0, +1.7] mm | norm=64.5 mm
alignment: before=0.58 deg | after=2.47 deg | gain=-1.89 deg

=== Set-up surface-frame breakdown ===
frame: alignment-target [tangent1, tangent2, normal]
force        [N]      = [   -14.35,     -2.36,    -58.66]
tcp_disp     [mm]     = [    -3.71,     +0.36,    -40.36]
edge_disp    [mm]     = [    -4.09,     +0.33,    -21.02]
Kp_eff=F/tcp [N/m]    = [   3863.1,   -6627.8,    1453.3]
moment@edge  [Nm]     = [    +2.81,    +28.85,     -1.66]
tip_angle    [deg]    = [    +0.42,     -2.32,     -0.44]
KR_eff=M/ang [Nm/rad] = [    384.3,    -711.6,     216.6]

finite_axis: angle=2.4 deg | axis_from_edge=[-480.0, -103.9, +125.1] mm | dir=[-0.158, +0.968, +0.197] | pitch=-66.8 mm/rad
(coupled_K_tcp/coupled_D_tcp queued for the next run)

=== Coupled stiffness from the measured pole ===
source spring K_pole/D_pole (diagonal, from parameters):
  Kp [N/m]     = [2000, 2000, 350]
  KR [Nm/rad]  = [5, 5, 50]
  Dp [Ns/m]    = [10, 10, 175]
  DR [Nms/rad] = [10.01, 10.01, 10]

poles compared (lever r_c = TCP - pole):
  (A) measured axis : angle=2.4 deg | pitch=-66.8 mm/rad
      pole_from_edge = [-473.6, -106.9, 145.2] mm
      r_c            = [458.7, 167.6, -122.9] mm
  (B) manual pole   : comparison only, contact reference
      pole_from_edge = [-34.1, 79.7, 20.6] mm
      r_c            = [26.3, -19.4, 41.6] mm
      r_c(B)-r_c(A)  = [-432.3, -187.0, 164.5] mm

K_TCP = Ad^T K_pole Ad  [rows fx..mz | cols tx..rz]:
  (A) measured axis:
           tx        ty        tz    |    rx        ry        rz
  fx [    2000        0        0 |        0    245.8    335.2 ]
  fy [       0     2000        0 |   -245.8        0   -917.3 ]
  fz [       0        0      350 |   -58.66    160.5        0 ]
     ---------------------------+---------------------------
  mx [       0   -245.8   -58.66 |    45.37   -26.91    116.6 ]
  my [   245.8        0    160.5 |   -26.91    108.8    41.19 ]
  mz [   335.2   -917.3        0 |    116.6    41.19    526.6 ]
  (A) K_TCP eigenvalues = [3.98, 4.965, 40.01, 432.8, 2032, 2517] -> PSD ok (>=0) (min=3.98)
  (B) manual pole:
           tx        ty        tz    |    rx        ry        rz
  fx [    2000        0        0 |        0   -83.15   -38.72 ]
  fy [       0     2000        0 |    83.15        0   -52.67 ]
  fz [       0        0      350 |    6.776    9.218        0 ]
     ---------------------------+---------------------------
  mx [       0    83.15    6.776 |     8.93   0.1785    1.717 ]
  my [  -83.15        0    9.218 |   0.1785      8.7     1.61 ]
  mz [  -38.72   -52.67        0 |    1.717     1.61     51.8 ]
  (B) K_TCP eigenvalues = [4.986, 4.99, 49.95, 350.4, 2003, 2006] -> PSD ok (>=0) (min=4.986)

D_TCP = Ad^T D_pole Ad:
  (A) measured axis:
           tx        ty        tz    |    rx        ry        rz
  fx [   236.9        0        0 |        0    29.11     39.7 ]
  fy [       0    178.5        0 |   -21.93        0   -81.85 ]
  fz [       0        0    108.2 |   -18.13    49.63        0 ]
     ---------------------------+---------------------------
  mx [       0   -21.93   -18.13 |    7.146   -8.318       10 ]
  my [   29.11        0    49.63 |   -8.318    28.41    4.878 ]
  mz [    39.7   -81.85        0 |       10    4.878    44.98 ]
  (A) D_TCP eigenvalues = [0.6214, 1.344, 1.726, 133.4, 212.3, 254.7] -> PSD ok (>=0) (min=0.6214)
  (B) manual pole:
           tx        ty        tz    |    rx        ry        rz
  fx [   236.9        0        0 |        0   -9.847   -4.586 ]
  fy [       0    178.5        0 |    7.419        0     -4.7 ]
  fz [       0        0    108.2 |    2.095     2.85        0 ]
     ---------------------------+---------------------------
  mx [       0    7.419    2.095 |    1.761  0.05517   -0.251 ]
  my [  -9.847        0     2.85 |  0.05517    2.552   0.1907 ]
  mz [  -4.586     -4.7        0 |   -0.251   0.1907   0.9935 ]
  (B) D_TCP eigenvalues = [0.7753, 1.413, 2.063, 108.3, 178.9, 237.4] -> PSD ok (>=0) (min=0.7753)
phase: grind

Stop requested with e + Enter. Finishing control loop...
params/sequence.txt updated after control loop (73 queued values).

Joint motion [deg]:
joint    start   final   delta
------------------------------
q1       -2.7    -0.4     2.3
q2       18.1    32.2    14.1
q3       -5.1    -3.8     1.3
q4     -122.8  -122.3     0.6
q5       17.5     2.3   -15.3
q6      139.4   146.4     7.0
q7       26.8    41.7    14.9

=== Final result ===
p_d = [527.5, -36.7, -133.0] mm
p_EE = [534.8, -43.2, 25.8] mm
e_p = [-7.3, 6.5, -158.8] mm
position_error = 159.15 mm
e_R = [0.78, -2.81, -0.19] deg
rotation_error = 2.93 deg
csv: surface_grinding_controller_log.csv
