
Press Enter to recover and configure the robot.
Robot recovered or already ready.
Collision: custom thresholds.

=== Startup choice ===
  q = go to q_init (from params/common.txt), then choose again
  g = guiding mode: go to q_init, then hand-guide to your pose;
      use s+Enter for sequence or h+Enter for hold
  o = open the Franka hand now (release/load tool), then choose again
  c = close/grasp the tool now, then choose again
  r = continue to run mode (available after q_init is reached)
Choice [q/g/o/c/r, Enter = q]: Moving to q_init...
q_init reached.

=== Startup choice ===
  q = go to q_init (from params/common.txt), then choose again
  g = guiding mode: go to q_init, then hand-guide to your pose;
      use s+Enter for sequence or h+Enter for hold
  o = open the Franka hand now (release/load tool), then choose again
  c = close/grasp the tool now, then choose again
  r = continue to run mode
Choice [q/g/o/c/r, Enter = q]: 
=== Run mode ===
  s = phase sequence (approach / set up / grind)
  h = hold at the start pose
Choice [s/h, Enter = s]: Selected: phase sequence. Nullspace mode from parameters: nullspace_damping_plus_sigma.

=== Setup ===
run: phase sequence | approach_orient: on | nullspace: nullspace_damping_plus_sigma
nullspace parameters: d_null=2.000 | k_sigma=1.000 Nm | alpha=0.0800 rad
hold: Kp=300.0 N/m | KR=40.0 Nm/rad | damping=auto translation+rotation (factor fitted online toward Dp=50.0 Ns/m)
manual_guidance_start: off | manual_damping=0.50
descend: clearance=20.0 mm | speed=0.100 m/s | max_distance=640 mm
alignment push: start=captured | end=+180 mm | speed=0.050 m/s | ramp_time~=4.0 s | timeout=12.0 s | moment_threshold=150.0 Nm
grind: sweep | axis=tangent2 | amplitude=30 mm | frequency=0.20 Hz
coupled stiffness: apply=on | saved=yes | pole=manual
gates: pause_before_set_up=on | pause_auto_damping=on | pause_before_grind=off | debug_period=0.20 s
alignment-target normal=[+0.087, -0.000, +0.996] | tilt a(x)=0.0 deg, b(y)=5.0 deg (from angles)
tool face: 40 x 120 mm | center offset EE=[+0.0, +0.0, +20.0] mm
Gripper already holding the tool (width 65.1 mm); keeping grasp.
Press e+Enter to stop the controller before the duration expires.
During hold: press g+Enter to hand-guide the tool, then p+Enter to recapture and resume hold.
experiment_duration <= 0: running indefinitely until e + Enter.

=== Start pose ===
q_start = [-2.7, 18.1, -5.1, -122.8, 17.5, 139.5, 26.8] deg
p_start = [565.1, -59.4, 151.1] mm

=== Run ===
phase: approach_orient
orient:     t=  0.0 s | axis_err= 11.5 deg | rot_err= 11.5 deg
approach Dp        auto=[ 134.15,   97.25,  122.28]  manual=[  20.00,   20.00,   20.00] Ns/m
approach DR        auto=[  12.73,   16.36,    4.08]  manual=[  12.00,   12.00,   12.00] Nms/rad
orient:     t=  0.2 s | axis_err=  4.5 deg | rot_err=  4.5 deg
orient:     t=  0.4 s | axis_err=  2.3 deg | rot_err=  2.3 deg

Orientation reached: axis_err=1.9 deg
phase: approach_descend
descend:    t=  0.0 s | distance=   0.1 mm | height= +98.3 mm (target 20.0) | force=  0.0 N
descend:    t=  0.2 s | distance=  20.1 mm | height= +86.2 mm (target 20.0) | force=  0.5 N
descend:    t=  0.4 s | distance=  40.1 mm | height= +69.2 mm (target 20.0) | force=  1.7 N
descend:    t=  0.6 s | distance=  60.2 mm | height= +51.7 mm (target 20.0) | force=  2.0 N
descend:    t=  0.8 s | distance=  80.3 mm | height= +34.0 mm (target 20.0) | force=  1.8 N

[GATE] Reached 20 mm above the plane. Press Enter to start the set-up press (e+Enter stops).
pause auto damping: fitted Dp factor=0.551, DR factor=1.960
pause Dp [xyz]     auto=[ 206.55,  155.31,  224.85]  manual=[ 200.00,  200.00,  200.00] Ns/m
pause DR [t1t2n]   auto=[  11.74,   17.28,    2.04]  manual=[  12.73,   16.36,    4.08] Nms/rad
[GATE] Continuing to the set-up press.
descend:    t=  1.8 s | distance=  96.4 mm | height= +19.5 mm (target 20.0) | force=  0.3 N

Clearance reached: distance=96.4 mm | height=19.5 mm | target=20.0 mm | force=0.3 N (not used for the switch)
offset_ee = [20.0, 60.0, 20.0] mm
p_EE_at_contact = [546.3, -66.1, 65.5] mm
contact_point = [560.1, -126.8, 24.1] mm
edge_offset_base = [13.8, -60.7, -41.4] mm
phase: set_up
set_up Dp [xyz]    auto=[ 237.05,  178.27,  108.09]  manual=[  10.00,   10.00,  175.00] Ns/m
set_up DR [t1t2n]  auto=[   1.41,    2.07,    0.77]  manual=[  10.01,   10.01,   10.00] Nms/rad
set_up:     t=  0.0 s | tip=  0.0 deg | F=  0.0 N | M=  0.0 Nm (limit 150.0) | edge= 19.5 mm
set_up:     t=  0.2 s | tip=  0.6 deg | F=  1.3 N | M=  0.7 Nm (limit 150.0) | edge= 13.3 mm
set_up:     t=  0.4 s | tip=  1.3 deg | F=  2.5 N | M=  1.2 Nm (limit 150.0) | edge=  6.8 mm
set_up:     t=  0.6 s | tip=  2.0 deg | F=  2.5 N | M=  1.1 Nm (limit 150.0) | edge=  7.3 mm
set_up:     t=  0.8 s | tip=  2.7 deg | F=  2.8 N | M=  1.2 Nm (limit 150.0) | edge= 14.6 mm
set_up:     t=  1.0 s | tip=  3.2 deg | F= 11.9 N | M=  6.4 Nm (limit 150.0) | edge= 21.3 mm
set_up:     t=  1.2 s | tip=  3.2 deg | F= 12.9 N | M=  7.1 Nm (limit 150.0) | edge= 21.3 mm
set_up:     t=  1.4 s | tip=  3.2 deg | F= 16.6 N | M=  9.1 Nm (limit 150.0) | edge= 21.5 mm
set_up:     t=  1.6 s | tip=  3.2 deg | F= 20.5 N | M= 11.1 Nm (limit 150.0) | edge= 21.6 mm
set_up:     t=  1.8 s | tip=  3.2 deg | F= 23.9 N | M= 12.9 Nm (limit 150.0) | edge= 21.7 mm
set_up:     t=  2.0 s | tip=  3.2 deg | F= 27.7 N | M= 14.7 Nm (limit 150.0) | edge= 21.8 mm
set_up:     t=  2.2 s | tip=  3.2 deg | F= 31.4 N | M= 16.5 Nm (limit 150.0) | edge= 22.0 mm
set_up:     t=  2.4 s | tip=  3.2 deg | F= 35.1 N | M= 18.2 Nm (limit 150.0) | edge= 22.1 mm
set_up:     t=  2.6 s | tip=  3.2 deg | F= 38.7 N | M= 20.0 Nm (limit 150.0) | edge= 22.3 mm
set_up:     t=  2.8 s | tip=  3.3 deg | F= 42.4 N | M= 21.8 Nm (limit 150.0) | edge= 22.4 mm
set_up:     t=  3.0 s | tip=  3.3 deg | F= 46.2 N | M= 23.7 Nm (limit 150.0) | edge= 22.6 mm
set_up:     t=  3.2 s | tip=  3.3 deg | F= 49.8 N | M= 25.4 Nm (limit 150.0) | edge= 22.7 mm
set_up:     t=  3.4 s | tip=  3.3 deg | F= 53.8 N | M= 27.4 Nm (limit 150.0) | edge= 22.9 mm
set_up:     t=  3.6 s | tip=  3.3 deg | F= 57.4 N | M= 29.2 Nm (limit 150.0) | edge= 23.0 mm
set_up:     t=  3.8 s | tip=  3.3 deg | F= 61.3 N | M= 31.2 Nm (limit 150.0) | edge= 23.2 mm
set_up:     t=  4.0 s | tip=  3.3 deg | F= 65.4 N | M= 33.3 Nm (limit 150.0) | edge= 23.3 mm
set_up:     t=  4.2 s | tip=  3.3 deg | F= 60.8 N | M= 30.8 Nm (limit 150.0) | edge= 23.2 mm
set_up:     t=  4.4 s | tip=  3.3 deg | F= 60.8 N | M= 30.8 Nm (limit 150.0) | edge= 23.3 mm
set_up:     t=  4.6 s | tip=  3.3 deg | F= 60.7 N | M= 30.8 Nm (limit 150.0) | edge= 23.3 mm
set_up:     t=  4.8 s | tip=  3.3 deg | F= 60.7 N | M= 30.8 Nm (limit 150.0) | edge= 23.3 mm
set_up:     t=  5.0 s | tip=  3.3 deg | F= 60.7 N | M= 30.8 Nm (limit 150.0) | edge= 23.3 mm
set_up:     t=  5.2 s | tip=  3.3 deg | F= 60.7 N | M= 30.8 Nm (limit 150.0) | edge= 23.3 mm
set_up:     t=  5.4 s | tip=  3.3 deg | F= 60.7 N | M= 30.8 Nm (limit 150.0) | edge= 23.3 mm
set_up:     t=  5.6 s | tip=  3.3 deg | F= 60.7 N | M= 30.8 Nm (limit 150.0) | edge= 23.3 mm
set_up:     t=  5.8 s | tip=  3.3 deg | F= 60.7 N | M= 30.7 Nm (limit 150.0) | edge= 23.3 mm
set_up:     t=  6.0 s | tip=  3.3 deg | F= 60.5 N | M= 30.6 Nm (limit 150.0) | edge= 23.3 mm
set_up:     t=  6.2 s | tip=  3.3 deg | F= 60.7 N | M= 30.7 Nm (limit 150.0) | edge= 23.3 mm
set_up:     t=  6.4 s | tip=  3.3 deg | F= 60.7 N | M= 30.7 Nm (limit 150.0) | edge= 23.3 mm
set_up:     t=  6.6 s | tip=  3.3 deg | F= 60.7 N | M= 30.7 Nm (limit 150.0) | edge= 23.3 mm
set_up:     t=  6.8 s | tip=  3.3 deg | F= 60.7 N | M= 30.7 Nm (limit 150.0) | edge= 23.3 mm
set_up:     t=  7.0 s | tip=  3.3 deg | F= 60.7 N | M= 30.7 Nm (limit 150.0) | edge= 23.3 mm
set_up:     t=  7.2 s | tip=  3.3 deg | F= 60.7 N | M= 30.7 Nm (limit 150.0) | edge= 23.3 mm
set_up:     t=  7.4 s | tip=  3.3 deg | F= 60.7 N | M= 30.7 Nm (limit 150.0) | edge= 23.3 mm
set_up:     t=  7.6 s | tip=  3.3 deg | F= 60.7 N | M= 30.7 Nm (limit 150.0) | edge= 23.3 mm
set_up:     t=  7.8 s | tip=  3.3 deg | F= 60.7 N | M= 30.7 Nm (limit 150.0) | edge= 23.3 mm
set_up:     t=  8.0 s | tip=  3.3 deg | F= 60.7 N | M= 30.7 Nm (limit 150.0) | edge= 23.3 mm
set_up:     t=  8.2 s | tip=  3.3 deg | F= 60.7 N | M= 30.7 Nm (limit 150.0) | edge= 23.3 mm
set_up:     t=  8.4 s | tip=  3.3 deg | F= 60.7 N | M= 30.7 Nm (limit 150.0) | edge= 23.3 mm
set_up:     t=  8.6 s | tip=  3.3 deg | F= 60.7 N | M= 30.7 Nm (limit 150.0) | edge= 23.3 mm
set_up:     t=  8.8 s | tip=  3.3 deg | F= 60.7 N | M= 30.7 Nm (limit 150.0) | edge= 23.3 mm
set_up:     t=  9.0 s | tip=  3.3 deg | F= 60.8 N | M= 30.7 Nm (limit 150.0) | edge= 23.3 mm
set_up:     t=  9.2 s | tip=  3.3 deg | F= 60.7 N | M= 30.7 Nm (limit 150.0) | edge= 23.3 mm
set_up:     t=  9.4 s | tip=  3.3 deg | F= 60.7 N | M= 30.7 Nm (limit 150.0) | edge= 23.3 mm
set_up:     t=  9.6 s | tip=  3.3 deg | F= 60.7 N | M= 30.7 Nm (limit 150.0) | edge= 23.3 mm
set_up:     t=  9.8 s | tip=  3.3 deg | F= 60.7 N | M= 30.7 Nm (limit 150.0) | edge= 23.3 mm
set_up:     t= 10.0 s | tip=  3.3 deg | F= 60.6 N | M= 30.7 Nm (limit 150.0) | edge= 23.3 mm
set_up:     t= 10.2 s | tip=  3.3 deg | F= 60.7 N | M= 30.7 Nm (limit 150.0) | edge= 23.3 mm
set_up:     t= 10.4 s | tip=  3.3 deg | F= 60.7 N | M= 30.7 Nm (limit 150.0) | edge= 23.3 mm
set_up:     t= 10.6 s | tip=  3.3 deg | F= 60.7 N | M= 30.7 Nm (limit 150.0) | edge= 23.3 mm
set_up:     t= 10.8 s | tip=  3.3 deg | F= 60.7 N | M= 30.7 Nm (limit 150.0) | edge= 23.3 mm
set_up:     t= 11.0 s | tip=  3.3 deg | F= 60.7 N | M= 30.7 Nm (limit 150.0) | edge= 23.3 mm
set_up:     t= 11.2 s | tip=  3.3 deg | F= 60.7 N | M= 30.7 Nm (limit 150.0) | edge= 23.3 mm
set_up:     t= 11.4 s | tip=  3.3 deg | F= 60.7 N | M= 30.7 Nm (limit 150.0) | edge= 23.3 mm
set_up:     t= 11.6 s | tip=  3.3 deg | F= 60.5 N | M= 30.6 Nm (limit 150.0) | edge= 23.3 mm
set_up:     t= 11.8 s | tip=  3.3 deg | F= 60.6 N | M= 30.6 Nm (limit 150.0) | edge= 23.3 mm

=== Set-up result ===
stop: time | t=12.0 s | tip=3.3 deg | F=60.7 N | M=30.7 Nm
edge_from_contact = [-11.0, +0.7, -20.5] mm | norm=23.3 mm
tcp_from_contact  = [-24.9, +61.3, +2.5] mm | norm=66.2 mm
alignment: before=0.45 deg | after=3.56 deg | gain=-3.11 deg

=== Set-up surface-frame breakdown ===
frame: alignment-target [tangent1, tangent2, normal]
force        [N]      = [   -15.00,     -0.84,    -58.80]
tcp_disp     [mm]     = [    -7.69,     +0.63,    -39.75]
edge_disp    [mm]     = [    -9.13,     +0.65,    -21.42]
Kp_eff=F/tcp [N/m]    = [   1951.7,   -1339.0,    1479.2]
moment@edge  [Nm]     = [    +3.79,    +28.48,     -1.30]
tip_angle    [deg]    = [    -0.23,     -3.32,     +0.21]
KR_eff=M/ang [Nm/rad] = [   -951.5,    -492.1,    -348.8]

finite_axis: angle=3.3 deg | axis_from_edge=[-356.4, +34.9, +178.2] mm | dir=[+0.063, +0.996, -0.070] | pitch=+24.0 mm/rad

=== Coupled stiffness from the measured pole ===
source spring K_pole/D_pole (diagonal, from parameters):
  Kp [N/m]     = [2000, 2000, 350]
  KR [Nm/rad]  = [5, 5, 50]
  Dp [Ns/m]    = [10, 10, 175]
  DR [Nms/rad] = [10.01, 10.01, 10]

poles compared (lever r_c = TCP - pole):
  (A) measured axis : angle=3.3 deg | pitch=+24.0 mm/rad
      pole_from_edge = [-345.4, 35.7, 198.7] mm
      r_c            = [331.5, 25.0, -175.7] mm
  (B) manual pole   : COMMANDED this run, contact reference
      pole_from_edge = [21.4, -0.7, 140.1] mm
      r_c            = [-24.2, 60.7, -78.2] mm
      r_c(B)-r_c(A)  = [-355.7, 35.7, 97.5] mm

K_TCP = Ad^T K_pole Ad  [rows fx..mz | cols tx..rz]:
  (A) measured axis:
           tx        ty        tz    |    rx        ry        rz
  fx [    2000        0        0 |        0    351.4    49.98 ]
  fy [       0     2000        0 |   -351.4        0   -662.9 ]
  fz [       0        0      350 |   -8.746      116        0 ]
     ---------------------------+---------------------------
  mx [       0   -351.4   -8.746 |    67.29   -2.899    120.4 ]
  my [   351.4        0      116 |   -2.899    105.2     8.78 ]
  mz [   49.98   -662.9        0 |    120.4     8.78    270.6 ]
  (A) K_TCP eigenvalues = [4.375, 4.894, 44.65, 387.7, 2063, 2288] -> PSD ok (>=0) (min=4.375)
  (B) manual pole:
           tx        ty        tz    |    rx        ry        rz
  fx [    2000        0        0 |        0    156.3    121.3 ]
  fy [       0     2000        0 |   -156.3        0    48.44 ]
  fz [       0        0      350 |   -21.23   -8.477        0 ]
     ---------------------------+---------------------------
  mx [       0   -156.3   -21.23 |    18.85   0.5142    0.121 ]
  my [   156.3        0   -8.477 |   0.5142    17.42    9.484 ]
  mz [   121.3    48.44        0 |    0.121    9.484    58.19 ]
  (B) K_TCP eigenvalues = [4.948, 4.968, 49.8, 351.5, 2012, 2021] -> PSD ok (>=0) (min=4.948)

D_TCP = Ad^T D_pole Ad:
  (A) measured axis:
           tx        ty        tz    |    rx        ry        rz
  fx [     237        0        0 |        0    41.64    5.924 ]
  fy [       0    178.3        0 |   -31.32        0   -59.09 ]
  fz [       0        0    108.1 |   -2.701    35.83        0 ]
     ---------------------------+---------------------------
  mx [       0   -31.32   -2.701 |    6.976  -0.8954    10.33 ]
  my [   41.64        0    35.83 |  -0.8954    21.26    1.041 ]
  mz [   5.924   -59.09        0 |    10.33    1.041    20.51 ]
  (A) D_TCP eigenvalues = [0.6897, 1.387, 1.814, 119.5, 203.4, 245.3] -> PSD ok (>=0) (min=0.6897)
  (B) manual pole:
           tx        ty        tz    |    rx        ry        rz
  fx [     237        0        0 |        0    18.53    14.38 ]
  fy [       0    178.3        0 |   -13.93        0    4.318 ]
  fz [       0        0    108.1 |   -6.558   -2.618        0 ]
     ---------------------------+---------------------------
  mx [       0   -13.93   -6.558 |    2.894   0.1588  -0.3928 ]
  my [   18.53        0   -2.618 |   0.1588    3.585    1.124 ]
  mz [   14.38    4.318        0 |  -0.3928    1.124    1.756 ]
  (B) D_TCP eigenvalues = [0.7715, 1.397, 2.059, 108.6, 179.5, 239.4] -> PSD ok (>=0) (min=0.7715)
phase: grind

Stop requested with e + Enter. Finishing control loop...

Joint motion [deg]:
joint    start   final   delta
------------------------------
q1       -2.7    -1.8     0.9
q2       18.1    32.5    14.3
q3       -5.1    -2.4     2.7
q4     -122.8  -121.5     1.3
q5       17.5     0.7   -16.9
q6      139.5   145.1     5.7
q7       26.8    42.8    16.0

=== Final result ===
p_d = [528.9, -36.1, -133.3] mm
p_EE = [535.3, -42.5, 25.6] mm
e_p = [-6.4, 6.4, -158.9] mm
position_error = 159.13 mm
e_R = [0.69, -3.61, -0.17] deg
rotation_error = 3.68 deg
csv: surface_grinding_controller_log.csv
