
Press Enter to recover and configure the robot.
Robot recovered or already ready.
Collision: custom thresholds.

=== Startup choice ===
  q = go to q_init (from params/common.txt), then choose again
  g = guiding mode: go to q_init, then hand-guide to your pose;
      use s+Enter for sequence or h+Enter for hold
  o = open the Franka hand now (release/load tool), then choose again
  c = close/grasp the tool now, then choose again
  r = continue to run mode (available after q_init is reached)
Choice [q/g/o/c/r, Enter = q]: Moving to q_init...
q_init reached.

=== Startup choice ===
  q = go to q_init (from params/common.txt), then choose again
  g = guiding mode: go to q_init, then hand-guide to your pose;
      use s+Enter for sequence or h+Enter for hold
  o = open the Franka hand now (release/load tool), then choose again
  c = close/grasp the tool now, then choose again
  r = continue to run mode
Choice [q/g/o/c/r, Enter = q]: 
=== Run mode ===
  s = phase sequence (approach / set up / grind)
  h = hold at the start pose
Choice [s/h, Enter = s]: Selected: phase sequence. Nullspace mode from parameters: nullspace_damping_plus_sigma.

=== Setup ===
run: phase sequence | approach_orient: on | nullspace: nullspace_damping_plus_sigma
nullspace parameters: d_null=2.000 | k_sigma=1.000 Nm | alpha=0.0800 rad
hold: Kp=300.0 N/m | KR=40.0 Nm/rad | damping=auto translation+rotation (factor fitted online toward Dp=50.0 Ns/m)
manual_guidance_start: off | manual_damping=0.50
descend: clearance=20.0 mm | speed=0.100 m/s | max_distance=640 mm
alignment push: start=captured | end=+180 mm | speed=0.050 m/s | ramp_time~=4.0 s | timeout=12.0 s | moment_threshold=150.0 Nm
grind: sweep | axis=tangent2 | amplitude=30 mm | frequency=0.20 Hz
coupled stiffness: apply=on | saved=yes | pole=manual
gates: pause_before_set_up=on | pause_auto_damping=on | pause_before_grind=off | debug_period=0.20 s
alignment-target normal=[+0.087, -0.000, +0.996] | tilt a(x)=0.0 deg, b(y)=5.0 deg (from angles)
tool face: 40 x 120 mm | center offset EE=[+0.0, +0.0, +20.0] mm
Gripper already holding the tool (width 65.0 mm); keeping grasp.
Press e+Enter to stop the controller before the duration expires.
During hold: press g+Enter to hand-guide the tool, then p+Enter to recapture and resume hold.
experiment_duration <= 0: running indefinitely until e + Enter.

=== Start pose ===
q_start = [-2.7, 18.1, -5.1, -122.8, 17.5, 139.5, 26.8] deg
p_start = [565.2, -59.4, 151.2] mm

=== Run ===
phase: approach_orient
orient:     t=  0.0 s | axis_err= 11.5 deg | rot_err= 11.5 deg
approach Dp        auto=[ 134.15,   97.25,  122.27]  manual=[  20.00,   20.00,   20.00] Ns/m
approach DR        auto=[  12.73,   16.36,    4.08]  manual=[  12.00,   12.00,   12.00] Nms/rad
orient:     t=  0.2 s | axis_err=  4.6 deg | rot_err=  4.6 deg
orient:     t=  0.4 s | axis_err=  2.4 deg | rot_err=  2.4 deg

Orientation reached: axis_err=2.0 deg
phase: approach_descend
descend:    t=  0.0 s | distance=   0.1 mm | height= +95.6 mm (target 20.0) | force=  0.0 N
descend:    t=  0.2 s | distance=  20.1 mm | height= +83.3 mm (target 20.0) | force=  2.7 N
descend:    t=  0.4 s | distance=  40.1 mm | height= +67.6 mm (target 20.0) | force=  3.0 N
descend:    t=  0.6 s | distance=  60.2 mm | height= +51.0 mm (target 20.0) | force=  3.2 N
descend:    t=  0.8 s | distance=  80.3 mm | height= +33.6 mm (target 20.0) | force=  2.1 N

[GATE] Reached 20 mm above the plane. Press Enter to start the set-up press (e+Enter stops).
pause auto damping: fitted Dp factor=0.551, DR factor=1.959
pause Dp [xyz]     auto=[ 206.62,  155.13,  224.87]  manual=[ 200.00,  200.00,  200.00] Ns/m
pause DR [t1t2n]   auto=[  11.70,   17.30,    2.04]  manual=[  12.73,   16.36,    4.08] Nms/rad
[GATE] Continuing to the set-up press.
descend:    t=  1.6 s | distance=  96.0 mm | height= +19.5 mm (target 20.0) | force=  1.2 N

Clearance reached: distance=96.0 mm | height=19.5 mm | target=20.0 mm | force=1.2 N (not used for the switch)
offset_ee = [20.0, 60.0, 20.0] mm
p_EE_at_contact = [546.1, -63.5, 65.5] mm
contact_point = [559.9, -124.1, 24.1] mm
edge_offset_base = [13.7, -60.7, -41.4] mm
phase: set_up
set_up Dp [xyz]    auto=[ 237.16,  178.08,  108.11]  manual=[  10.00,   10.00,  175.00] Ns/m
set_up DR [t1t2n]  auto=[   1.41,    2.08,    0.78]  manual=[  10.01,   10.01,   10.00] Nms/rad
set_up:     t=  0.0 s | tip=  0.0 deg | F=  0.0 N | M=  0.0 Nm (limit 150.0) | edge= 19.5 mm
set_up:     t=  0.2 s | tip=  0.6 deg | F=  1.5 N | M=  0.7 Nm (limit 150.0) | edge= 13.6 mm
set_up:     t=  0.4 s | tip=  1.2 deg | F=  2.5 N | M=  1.1 Nm (limit 150.0) | edge=  6.5 mm
set_up:     t=  0.6 s | tip=  1.9 deg | F=  2.4 N | M=  0.9 Nm (limit 150.0) | edge=  5.8 mm
set_up:     t=  0.8 s | tip=  2.6 deg | F=  2.3 N | M=  0.8 Nm (limit 150.0) | edge= 13.6 mm
set_up:     t=  1.0 s | tip=  3.0 deg | F= 12.5 N | M=  6.7 Nm (limit 150.0) | edge= 19.8 mm
set_up:     t=  1.2 s | tip=  3.0 deg | F= 11.8 N | M=  6.2 Nm (limit 150.0) | edge= 20.0 mm
set_up:     t=  1.4 s | tip=  3.1 deg | F= 16.3 N | M=  8.6 Nm (limit 150.0) | edge= 20.3 mm
set_up:     t=  1.6 s | tip=  3.1 deg | F= 20.0 N | M= 10.6 Nm (limit 150.0) | edge= 20.4 mm
set_up:     t=  1.8 s | tip=  3.1 deg | F= 24.0 N | M= 13.0 Nm (limit 150.0) | edge= 20.5 mm
set_up:     t=  2.0 s | tip=  3.1 deg | F= 27.8 N | M= 15.1 Nm (limit 150.0) | edge= 20.6 mm
set_up:     t=  2.2 s | tip=  3.1 deg | F= 31.5 N | M= 17.0 Nm (limit 150.0) | edge= 20.8 mm
set_up:     t=  2.4 s | tip=  3.1 deg | F= 35.3 N | M= 19.0 Nm (limit 150.0) | edge= 20.9 mm
set_up:     t=  2.6 s | tip=  3.1 deg | F= 39.0 N | M= 21.1 Nm (limit 150.0) | edge= 21.1 mm
set_up:     t=  2.8 s | tip=  3.1 deg | F= 42.8 N | M= 23.1 Nm (limit 150.0) | edge= 21.2 mm
set_up:     t=  3.0 s | tip=  3.2 deg | F= 47.8 N | M= 25.8 Nm (limit 150.0) | edge= 21.4 mm
set_up:     t=  3.2 s | tip=  3.3 deg | F= 51.2 N | M= 27.7 Nm (limit 150.0) | edge= 21.6 mm
set_up:     t=  3.4 s | tip=  3.4 deg | F= 54.9 N | M= 29.7 Nm (limit 150.0) | edge= 21.8 mm
set_up:     t=  3.6 s | tip=  3.6 deg | F= 57.9 N | M= 31.3 Nm (limit 150.0) | edge= 22.0 mm
set_up:     t=  3.8 s | tip=  3.8 deg | F= 61.2 N | M= 33.0 Nm (limit 150.0) | edge= 22.3 mm
set_up:     t=  4.0 s | tip=  4.1 deg | F= 65.6 N | M= 35.3 Nm (limit 150.0) | edge= 22.4 mm
set_up:     t=  4.2 s | tip=  4.7 deg | F= 60.4 N | M= 32.4 Nm (limit 150.0) | edge= 22.7 mm
set_up:     t=  4.4 s | tip=  4.8 deg | F= 60.1 N | M= 32.2 Nm (limit 150.0) | edge= 22.7 mm
set_up:     t=  4.6 s | tip=  4.8 deg | F= 60.2 N | M= 32.2 Nm (limit 150.0) | edge= 22.7 mm
set_up:     t=  4.8 s | tip=  4.8 deg | F= 60.1 N | M= 32.2 Nm (limit 150.0) | edge= 22.8 mm
set_up:     t=  5.0 s | tip=  4.8 deg | F= 60.1 N | M= 32.1 Nm (limit 150.0) | edge= 22.8 mm
set_up:     t=  5.2 s | tip=  4.8 deg | F= 60.1 N | M= 32.1 Nm (limit 150.0) | edge= 22.8 mm
set_up:     t=  5.4 s | tip=  4.8 deg | F= 60.1 N | M= 32.1 Nm (limit 150.0) | edge= 22.8 mm
set_up:     t=  5.6 s | tip=  4.8 deg | F= 60.1 N | M= 32.1 Nm (limit 150.0) | edge= 22.8 mm
set_up:     t=  5.8 s | tip=  4.8 deg | F= 60.1 N | M= 32.1 Nm (limit 150.0) | edge= 22.8 mm
set_up:     t=  6.0 s | tip=  4.8 deg | F= 60.2 N | M= 32.1 Nm (limit 150.0) | edge= 22.8 mm
set_up:     t=  6.2 s | tip=  4.8 deg | F= 60.2 N | M= 32.1 Nm (limit 150.0) | edge= 22.8 mm
set_up:     t=  6.4 s | tip=  4.8 deg | F= 60.2 N | M= 32.1 Nm (limit 150.0) | edge= 22.8 mm
set_up:     t=  6.6 s | tip=  4.8 deg | F= 60.2 N | M= 32.1 Nm (limit 150.0) | edge= 22.8 mm
set_up:     t=  6.8 s | tip=  4.8 deg | F= 60.1 N | M= 32.1 Nm (limit 150.0) | edge= 22.8 mm
set_up:     t=  7.0 s | tip=  4.8 deg | F= 60.2 N | M= 32.1 Nm (limit 150.0) | edge= 22.8 mm
set_up:     t=  7.2 s | tip=  4.9 deg | F= 60.2 N | M= 32.1 Nm (limit 150.0) | edge= 22.8 mm
set_up:     t=  7.4 s | tip=  4.9 deg | F= 60.1 N | M= 32.0 Nm (limit 150.0) | edge= 22.8 mm
set_up:     t=  7.6 s | tip=  4.9 deg | F= 60.1 N | M= 32.0 Nm (limit 150.0) | edge= 22.8 mm
set_up:     t=  7.8 s | tip=  4.9 deg | F= 60.1 N | M= 32.0 Nm (limit 150.0) | edge= 22.8 mm
set_up:     t=  8.0 s | tip=  4.9 deg | F= 60.1 N | M= 32.0 Nm (limit 150.0) | edge= 22.8 mm
set_up:     t=  8.2 s | tip=  4.9 deg | F= 60.2 N | M= 32.1 Nm (limit 150.0) | edge= 22.8 mm
set_up:     t=  8.4 s | tip=  4.9 deg | F= 60.2 N | M= 32.1 Nm (limit 150.0) | edge= 22.8 mm
set_up:     t=  8.6 s | tip=  4.9 deg | F= 60.2 N | M= 32.0 Nm (limit 150.0) | edge= 22.8 mm
set_up:     t=  8.8 s | tip=  4.9 deg | F= 60.2 N | M= 32.1 Nm (limit 150.0) | edge= 22.8 mm
set_up:     t=  9.0 s | tip=  4.9 deg | F= 60.2 N | M= 32.1 Nm (limit 150.0) | edge= 22.8 mm
set_up:     t=  9.2 s | tip=  4.9 deg | F= 60.2 N | M= 32.1 Nm (limit 150.0) | edge= 22.8 mm
set_up:     t=  9.4 s | tip=  4.9 deg | F= 60.2 N | M= 32.1 Nm (limit 150.0) | edge= 22.8 mm
set_up:     t=  9.6 s | tip=  4.9 deg | F= 60.2 N | M= 32.1 Nm (limit 150.0) | edge= 22.8 mm
set_up:     t=  9.8 s | tip=  4.9 deg | F= 60.2 N | M= 32.0 Nm (limit 150.0) | edge= 22.8 mm
set_up:     t= 10.0 s | tip=  4.9 deg | F= 60.2 N | M= 32.0 Nm (limit 150.0) | edge= 22.8 mm
set_up:     t= 10.2 s | tip=  4.9 deg | F= 60.2 N | M= 32.0 Nm (limit 150.0) | edge= 22.8 mm
set_up:     t= 10.4 s | tip=  4.9 deg | F= 60.2 N | M= 32.0 Nm (limit 150.0) | edge= 22.8 mm
set_up:     t= 10.6 s | tip=  4.9 deg | F= 60.2 N | M= 32.0 Nm (limit 150.0) | edge= 22.8 mm
set_up:     t= 10.8 s | tip=  4.9 deg | F= 60.3 N | M= 32.1 Nm (limit 150.0) | edge= 22.8 mm
set_up:     t= 11.0 s | tip=  4.9 deg | F= 60.1 N | M= 32.0 Nm (limit 150.0) | edge= 22.8 mm
set_up:     t= 11.2 s | tip=  4.9 deg | F= 60.2 N | M= 32.0 Nm (limit 150.0) | edge= 22.8 mm
set_up:     t= 11.4 s | tip=  4.9 deg | F= 60.2 N | M= 32.0 Nm (limit 150.0) | edge= 22.8 mm
set_up:     t= 11.6 s | tip=  4.9 deg | F= 60.2 N | M= 32.0 Nm (limit 150.0) | edge= 22.8 mm
set_up:     t= 11.8 s | tip=  4.9 deg | F= 60.1 N | M= 31.9 Nm (limit 150.0) | edge= 22.8 mm

=== Set-up result ===
stop: time | t=12.0 s | tip=4.9 deg | F=60.2 N | M=32.0 Nm
edge_from_contact = [-9.6, +1.1, -20.6] mm | norm=22.8 mm
tcp_from_contact  = [-22.8, +60.4, +6.0] mm | norm=64.8 mm
alignment: before=0.50 deg | after=5.35 deg | gain=-4.84 deg

=== Set-up surface-frame breakdown ===
frame: alignment-target [tangent1, tangent2, normal]
force        [N]      = [   -10.55,     +6.25,    -58.91]
tcp_disp     [mm]     = [    -5.99,     -0.28,    -36.05]
edge_disp    [mm]     = [    -7.79,     +1.06,    -21.38]
Kp_eff=F/tcp [N/m]    = [   1761.0,  -22001.5,    1634.2]
moment@edge  [Nm]     = [    +4.61,    +29.67,     +2.43]
tip_angle    [deg]    = [    -3.75,     -3.07,     +0.54]
KR_eff=M/ang [Nm/rad] = [    -70.4,    -552.9,     255.6]

finite_axis: angle=4.9 deg | axis_from_edge=[-153.7, +204.4, +69.9] mm | dir=[+0.756, +0.630, -0.178] | pitch=-34.4 mm/rad

=== Coupled stiffness from the measured pole ===
source spring K_pole/D_pole (diagonal, from parameters):
  Kp [N/m]     = [2000, 2000, 350]
  KR [Nm/rad]  = [5, 5, 50]
  Dp [Ns/m]    = [10, 10, 175]
  DR [Nms/rad] = [10.01, 10.01, 10]

poles compared (lever r_c = TCP - pole):
  (A) measured axis : angle=4.9 deg | pitch=-34.4 mm/rad
      pole_from_edge = [-146.3, 201.5, 91.1] mm
      r_c            = [133.1, -142.2, -64.5] mm
  (B) manual pole   : COMMANDED this run, contact reference
      pole_from_edge = [16.6, -41.1, 100.3] mm
      r_c            = [-20.7, 100.7, -38.3] mm
      r_c(B)-r_c(A)  = [-153.8, 242.9, 26.2] mm

K_TCP = Ad^T K_pole Ad  [rows fx..mz | cols tx..rz]:
  (A) measured axis:
           tx        ty        tz    |    rx        ry        rz
  fx [    2000        0        0 |        0      129   -284.4 ]
  fy [       0     2000        0 |     -129        0   -266.2 ]
  fz [       0        0      350 |    49.77    46.59        0 ]
     ---------------------------+---------------------------
  mx [       0     -129    49.77 |    20.74    6.625    21.07 ]
  my [     129        0    46.59 |    6.625    19.52   -18.34 ]
  mz [  -284.4   -266.2        0 |    21.07   -18.34    125.5 ]
  (A) K_TCP eigenvalues = [4.796, 4.986, 48.07, 363.4, 2008, 2086] -> PSD ok (>=0) (min=4.796)
  (B) manual pole:
           tx        ty        tz    |    rx        ry        rz
  fx [    2000        0        0 |        0    76.63    201.3 ]
  fy [       0     2000        0 |   -76.63        0     41.4 ]
  fz [       0        0      350 |   -35.23   -7.245        0 ]
     ---------------------------+---------------------------
  mx [       0   -76.63   -35.23 |    11.82   0.7292    2.321 ]
  my [   76.63        0   -7.245 |   0.7292    8.086    7.713 ]
  mz [   201.3     41.4        0 |    2.321    7.713    70.78 ]
  (B) K_TCP eigenvalues = [4.94, 4.992, 49.47, 353.7, 2003, 2025] -> PSD ok (>=0) (min=4.94)

D_TCP = Ad^T D_pole Ad:
  (A) measured axis:
           tx        ty        tz    |    rx        ry        rz
  fx [   237.2        0        0 |        0    15.29   -33.72 ]
  fy [       0    178.1        0 |   -11.48        0   -23.71 ]
  fz [       0        0    108.1 |    15.37    14.39        0 ]
     ---------------------------+---------------------------
  mx [       0   -11.48    15.37 |    4.329    2.046    1.474 ]
  my [   15.29        0    14.39 |    2.046    4.978   -2.175 ]
  mz [  -33.72   -23.71        0 |    1.474   -2.175    8.732 ]
  (A) D_TCP eigenvalues = [0.7459, 1.375, 2.034, 112.2, 181.8, 243.2] -> PSD ok (>=0) (min=0.7459)
  (B) manual pole:
           tx        ty        tz    |    rx        ry        rz
  fx [   237.2        0        0 |        0    9.087    23.87 ]
  fy [       0    178.1        0 |   -6.823        0    3.686 ]
  fz [       0        0    108.1 |   -10.88   -2.238        0 ]
     ---------------------------+---------------------------
  mx [       0   -6.823   -10.88 |     2.76   0.2252  -0.1961 ]
  my [   9.087        0   -2.238 |   0.2252    2.471   0.9146 ]
  mz [   23.87    3.686        0 |  -0.1961   0.9146    3.259 ]
  (B) D_TCP eigenvalues = [0.7674, 1.391, 2.072, 109.3, 178.4, 239.9] -> PSD ok (>=0) (min=0.7674)
phase: grind

Stop requested with e + Enter. Finishing control loop...

Joint motion [deg]:
joint    start   final   delta
------------------------------
q1       -2.7    -4.8    -2.1
q2       18.1    32.5    14.4
q3       -5.1     0.4     5.5
q4     -122.8  -121.1     1.7
q5       17.5    -2.1   -19.6
q6      139.5   144.4     4.9
q7       26.8    44.6    17.8

=== Final result ===
p_d = [528.7, -36.5, -133.2] mm
p_EE = [535.7, -42.6, 26.0] mm
e_p = [-6.9, 6.1, -159.2] mm
position_error = 159.43 mm
e_R = [0.70, -3.99, -0.28] deg
rotation_error = 4.06 deg
csv: surface_grinding_controller_log.csv
