
Press Enter to recover and configure the robot.
Robot recovered or already ready.
Collision: custom thresholds.

=== Startup mode ===
  s = go to q_init, then run the phase sequence
  h = go to q_init, then hold that pose
  g = guiding mode: go to q_init, then hand-guide to your pose;
      use s+Enter for sequence or h+Enter for hold
  q = go to q_init, inspect the posture, then choose again
  o = open the Franka hand now (release/load tool), then choose again
  c = close/grasp the tool now, then choose again
Choice [s/h/g/q/o/c]: Moving to q_init...
q_init reached.
Selected: phase sequence. Nullspace mode from parameters: nullspace_damping_only.

=== Setup ===
run: phase sequence | approach_orient: on | nullspace: nullspace_damping_only
nullspace parameters: d_null=2.000 | k_sigma=1.000 Nm (inactive) | alpha=0.0800 rad
hold: Kp=300.0 N/m | KR=40.0 Nm/rad | damping=auto translation+rotation (factor fitted online toward Dp=50.0 Ns/m)
manual_guidance_start: off | manual_damping=0.50
descend: clearance=20.0 mm | speed=0.100 m/s | max_distance=640 mm
alignment push: start=captured | end=+60 mm | speed=0.050 m/s | ramp_time~=1.6 s | timeout=5.0 s | moment_threshold=150.0 Nm
grind: free-slide hold | axis=tangent2 | amplitude=30 mm | frequency=0.20 Hz
set-up translation: frame=surface [t1,t2,n] | Kp=[2000.0, 2000.0, 800.0] N/m
coupled stiffness: apply=off | pole=commanded
gates: pause_before_set_up=on | pause_auto_damping=on | pause_before_grind=off | debug_period=0.20 s
surface-plane normal=[+0.017, +0.028, +0.999] | tilt a(x)=-1.6 deg, b(y)=1.0 deg (from angles)
tool-axis command offset: tangent1=+5.0 deg | tangent2=+0.0 deg
tool face: 40 x 120 mm | center offset EE=[+0.0, +0.0, +20.0] mm
Gripper already holding the tool (width 65.0 mm); keeping grasp.
Press e+Enter to stop the controller before the duration expires.
During hold: press g+Enter to hand-guide the tool, then p+Enter to recapture and resume hold.
experiment_duration <= 0: running indefinitely until e + Enter.

=== Start pose ===
q_start = [-0.9, 10.0, -1.1, -130.3, -0.0, 145.2, 42.7] deg
p_start = [550.5, -19.6, 185.3] mm

=== Run ===
phase: approach_orient
orient:     t=  0.0 s | axis_err=  6.7 deg | rot_err=  6.7 deg
approach Dp        auto=[ 127.10,  105.70,  125.80]  manual=[  20.00,   20.00,   20.00] Ns/m
approach DR        auto=[  13.61,   15.17,    2.22]  manual=[  12.00,   12.00,   12.00] Nms/rad
orient:     t=  0.2 s | axis_err=  3.4 deg | rot_err=  3.4 deg
orient:     t=  0.4 s | axis_err=  2.4 deg | rot_err=  2.4 deg

Orientation reached: axis_err=2.0 deg
phase: approach_descend
descend:    t=  0.0 s | distance=   0.1 mm | height=+155.6 mm (target 20.0) | force= -0.0 N
descend:    t=  0.2 s | distance=  20.1 mm | height=+144.4 mm (target 20.0) | force=  1.5 N
descend:    t=  0.4 s | distance=  40.1 mm | height=+128.7 mm (target 20.0) | force=  1.0 N
descend:    t=  0.6 s | distance=  60.2 mm | height=+111.9 mm (target 20.0) | force=  2.0 N
descend:    t=  0.8 s | distance=  80.3 mm | height= +94.8 mm (target 20.0) | force=  1.8 N
descend:    t=  1.0 s | distance= 100.4 mm | height= +77.2 mm (target 20.0) | force=  2.3 N
descend:    t=  1.2 s | distance= 120.5 mm | height= +59.6 mm (target 20.0) | force=  2.1 N
descend:    t=  1.4 s | distance= 140.6 mm | height= +41.4 mm (target 20.0) | force=  2.5 N
descend:    t=  1.6 s | distance= 160.7 mm | height= +23.1 mm (target 20.0) | force=  0.4 N

[GATE] Reached 20 mm above the plane. Press Enter to start the set-up press (e+Enter stops).
pause auto damping: fitted Dp factor=0.548, DR factor=2.013
pause Dp [xyz]     auto=[ 199.44,  145.60,  234.28]  manual=[ 200.00,  200.00,  200.00] Ns/m
pause DR [t1t2n]   auto=[  13.90,   14.92,    2.10]  manual=[  13.61,   15.17,    2.22] Nms/rad
[GATE] Continuing to the set-up press.
descend:    t=  4.5 s | distance= 164.2 mm | height= +19.2 mm (target 20.0) | force= -0.0 N

Clearance reached: distance=164.2 mm | height=19.2 mm | target=20.0 mm | force=-0.0 N (not used for the switch)
offset_ee = [-20.0, -60.0, 20.0] mm
p_EE_at_contact = [535.3, -30.6, 42.8] mm
contact_point = [515.1, 27.3, -0.6] mm
edge_offset_base = [-20.2, 57.9, -43.5] mm
phase: set_up
set_up Dp [t1t2n]  auto=[ 217.51,  185.63,  170.47]  manual=[  50.00,   50.00,   25.00] Ns/m
set_up DR [t1t2n]  auto=[   1.63,    1.74,    0.78]  manual=[  10.01,   10.01,   10.00] Nms/rad
set_up:     t=  0.0 s | tip=  0.0 deg | F=  0.0 N | M=  0.0 Nm (limit 150.0) | edge= 19.2 mm
set_up:     t=  0.2 s | tip=  0.6 deg | F=  1.6 N | M=  1.1 Nm (limit 150.0) | edge= 12.8 mm
set_up:     t=  0.4 s | tip=  1.2 deg | F=  1.9 N | M=  1.0 Nm (limit 150.0) | edge=  4.5 mm
set_up:     t=  0.6 s | tip=  1.3 deg | F= 17.4 N | M=  9.3 Nm (limit 150.0) | edge=  2.9 mm
set_up:     t=  0.8 s | tip=  1.4 deg | F= 25.3 N | M= 13.4 Nm (limit 150.0) | edge=  2.9 mm
set_up:     t=  1.0 s | tip=  1.4 deg | F= 32.8 N | M= 17.6 Nm (limit 150.0) | edge=  2.9 mm
set_up:     t=  1.2 s | tip=  1.4 deg | F= 40.5 N | M= 21.8 Nm (limit 150.0) | edge=  2.9 mm
set_up:     t=  1.4 s | tip=  1.4 deg | F= 48.1 N | M= 25.9 Nm (limit 150.0) | edge=  2.9 mm
set_up:     t=  1.6 s | tip=  1.5 deg | F= 57.2 N | M= 30.9 Nm (limit 150.0) | edge=  2.8 mm
set_up:     t=  1.8 s | tip=  1.5 deg | F= 49.5 N | M= 26.7 Nm (limit 150.0) | edge=  2.9 mm
set_up:     t=  2.0 s | tip=  1.5 deg | F= 49.4 N | M= 26.6 Nm (limit 150.0) | edge=  2.9 mm
set_up:     t=  2.2 s | tip=  1.5 deg | F= 49.4 N | M= 26.6 Nm (limit 150.0) | edge=  2.9 mm
set_up:     t=  2.4 s | tip=  1.5 deg | F= 49.3 N | M= 26.6 Nm (limit 150.0) | edge=  2.9 mm
set_up:     t=  2.6 s | tip=  1.5 deg | F= 49.2 N | M= 26.5 Nm (limit 150.0) | edge=  2.9 mm
set_up:     t=  2.8 s | tip=  1.5 deg | F= 49.4 N | M= 26.6 Nm (limit 150.0) | edge=  2.9 mm
set_up:     t=  3.0 s | tip=  1.5 deg | F= 49.4 N | M= 26.6 Nm (limit 150.0) | edge=  2.9 mm
set_up:     t=  3.2 s | tip=  1.5 deg | F= 49.4 N | M= 26.6 Nm (limit 150.0) | edge=  2.9 mm
set_up:     t=  3.4 s | tip=  1.5 deg | F= 49.5 N | M= 26.7 Nm (limit 150.0) | edge=  2.9 mm
set_up:     t=  3.6 s | tip=  1.5 deg | F= 49.4 N | M= 26.6 Nm (limit 150.0) | edge=  2.9 mm
set_up:     t=  3.8 s | tip=  1.5 deg | F= 49.4 N | M= 26.6 Nm (limit 150.0) | edge=  2.9 mm
set_up:     t=  4.0 s | tip=  1.5 deg | F= 49.4 N | M= 26.6 Nm (limit 150.0) | edge=  2.9 mm
set_up:     t=  4.2 s | tip=  1.5 deg | F= 49.5 N | M= 26.7 Nm (limit 150.0) | edge=  2.9 mm
set_up:     t=  4.4 s | tip=  1.5 deg | F= 49.5 N | M= 26.7 Nm (limit 150.0) | edge=  2.9 mm
set_up:     t=  4.6 s | tip=  1.5 deg | F= 49.5 N | M= 26.7 Nm (limit 150.0) | edge=  2.9 mm
set_up:     t=  4.8 s | tip=  1.5 deg | F= 49.4 N | M= 26.6 Nm (limit 150.0) | edge=  2.9 mm

=== Set-up result ===
stop: time | t=5.0 s | tip=1.5 deg | F=49.5 N | M=26.7 Nm
edge_from_contact = [-2.8, +0.1, +0.7] mm | norm=2.9 mm
tcp_from_contact  = [+17.5, -58.6, +24.2] mm | norm=65.7 mm
alignment: before=2.82 deg | after=1.91 deg | gain=+0.91 deg
alignment components [t1,t2,n] deg: before=[-2.74,-0.66,+0.00] | after=[-1.84,+0.52,-0.00]

=== Set-up surface-frame breakdown ===
frame: alignment-target [tangent1, tangent2, normal]
force        [N]      = [    -5.74,     +1.21,    -49.12]
tcp_disp     [mm]     = [    +2.13,     -0.89,    -19.33]
edge_disp    [mm]     = [    +2.52,     -1.24,     +0.68]
Kp_eff=F/tcp [N/m]    = [  -2690.1,   -1353.1,    2541.5]
moment@edge  [Nm]     = [   -15.09,    -23.57,     +1.04]
tip_angle    [deg]    = [    +0.90,     +1.18,     +0.07]
KR_eff=M/ang [Nm/rad] = [   -958.9,   -1145.5,     798.3]
phase: grind

Stop requested with e + Enter. Finishing control loop...

Joint motion [deg]:
joint    start   final   delta
------------------------------
q1       -0.9    -1.1    -0.1
q2       10.0    30.6    20.6
q3       -1.1    -2.0    -1.0
q4     -130.3  -128.4     1.9
q5       -0.0    -6.6    -6.6
q6      145.2   158.7    13.5
q7       42.7    48.2     5.4

=== Final result ===
p_d = [531.0, -32.7, -36.2] mm
p_EE = [532.5, -31.2, 23.4] mm
e_p = [-1.5, -1.5, -59.7] mm
position_error = 59.71 mm
e_R = [-0.35, -1.46, 0.14] deg
rotation_error = 1.51 deg
csv: surface_grinding_controller_log.csv
