
Press Enter to recover and configure the robot.
Robot recovered or already ready.
Collision: custom thresholds.

=== Startup choice ===
  q = go to q_init (from params/common.txt), then choose again
  g = guiding mode: go to q_init, then hand-guide to your pose;
      use s+Enter for sequence or h+Enter for hold
  o = open the Franka hand now (release/load tool), then choose again
  c = close/grasp the tool now, then choose again
  r = continue to run mode (available after q_init is reached)
Choice [q/g/o/c/r, Enter = q]: Moving to q_init...
q_init reached.

=== Startup choice ===
  q = go to q_init (from params/common.txt), then choose again
  g = guiding mode: go to q_init, then hand-guide to your pose;
      use s+Enter for sequence or h+Enter for hold
  o = open the Franka hand now (release/load tool), then choose again
  c = close/grasp the tool now, then choose again
  r = continue to run mode
Choice [q/g/o/c/r, Enter = q]: 
=== Run mode ===
  s = phase sequence (approach / set up / grind)
  h = hold at the start pose
Choice [s/h, Enter = s]: Selected: phase sequence. Nullspace mode from parameters: nullspace_damping_plus_sigma.

=== Setup ===
run: phase sequence | approach_orient: on | nullspace: nullspace_damping_plus_sigma
nullspace parameters: d_null=2.000 | k_sigma=1.000 Nm | alpha=0.0800 rad
hold: Kp=300.0 N/m | KR=40.0 Nm/rad | damping=auto translation+rotation (factor fitted online toward Dp=50.0 Ns/m)
manual_guidance_start: off | manual_damping=0.50
descend: clearance=20.0 mm | speed=0.100 m/s | max_distance=640 mm
alignment push: start=captured | end=+180 mm | speed=0.050 m/s | ramp_time~=4.0 s | timeout=12.0 s | moment_threshold=150.0 Nm
grind: sweep | axis=tangent2 | amplitude=30 mm | frequency=0.20 Hz
coupled stiffness: apply=on | saved=yes | pole=manual
gates: pause_before_set_up=on | pause_auto_damping=on | pause_before_grind=off | debug_period=0.20 s
alignment-target normal=[+0.087, -0.000, +0.996] | tilt a(x)=0.0 deg, b(y)=5.0 deg (from angles)
tool face: 40 x 120 mm | center offset EE=[+0.0, +0.0, +20.0] mm
Gripper already holding the tool (width 65.1 mm); keeping grasp.
Press e+Enter to stop the controller before the duration expires.
During hold: press g+Enter to hand-guide the tool, then p+Enter to recapture and resume hold.
experiment_duration <= 0: running indefinitely until e + Enter.

=== Start pose ===
q_start = [-2.7, 18.1, -5.1, -122.8, 17.5, 139.5, 26.8] deg
p_start = [565.1, -59.4, 151.1] mm

=== Run ===
phase: approach_orient
orient:     t=  0.0 s | axis_err= 11.5 deg | rot_err= 11.5 deg
approach Dp        auto=[ 134.14,   97.25,  122.28]  manual=[  20.00,   20.00,   20.00] Ns/m
approach DR        auto=[  12.73,   16.36,    4.08]  manual=[  12.00,   12.00,   12.00] Nms/rad
orient:     t=  0.2 s | axis_err=  4.6 deg | rot_err=  4.6 deg
orient:     t=  0.4 s | axis_err=  2.3 deg | rot_err=  2.3 deg

Orientation reached: axis_err=1.9 deg
phase: approach_descend
descend:    t=  0.0 s | distance=   0.1 mm | height= +97.8 mm (target 20.0) | force= -0.0 N
descend:    t=  0.2 s | distance=  20.1 mm | height= +86.0 mm (target 20.0) | force=  0.5 N
descend:    t=  0.4 s | distance=  40.1 mm | height= +69.1 mm (target 20.0) | force=  1.7 N
descend:    t=  0.6 s | distance=  60.2 mm | height= +51.4 mm (target 20.0) | force=  1.8 N
descend:    t=  0.8 s | distance=  80.3 mm | height= +33.6 mm (target 20.0) | force=  1.7 N

[GATE] Reached 20 mm above the plane. Press Enter to start the set-up press (e+Enter stops).
pause auto damping: fitted Dp factor=0.551, DR factor=1.960
pause Dp [xyz]     auto=[ 206.57,  155.26,  224.85]  manual=[ 200.00,  200.00,  200.00] Ns/m
pause DR [t1t2n]   auto=[  11.73,   17.28,    2.04]  manual=[  12.73,   16.36,    4.08] Nms/rad
[GATE] Continuing to the set-up press.
descend:    t=  1.6 s | distance=  95.6 mm | height= +19.6 mm (target 20.0) | force=  0.4 N

Clearance reached: distance=95.6 mm | height=19.6 mm | target=20.0 mm | force=0.4 N (not used for the switch)
offset_ee = [20.0, 60.0, 20.0] mm
p_EE_at_contact = [546.5, -65.8, 65.5] mm
contact_point = [560.3, -126.5, 24.1] mm
edge_offset_base = [13.7, -60.7, -41.4] mm
phase: set_up
set_up Dp [xyz]    auto=[ 237.07,  178.21,  108.10]  manual=[  10.00,   10.00,  175.00] Ns/m
set_up DR [t1t2n]  auto=[   1.41,    2.07,    0.77]  manual=[  10.01,   10.01,   10.00] Nms/rad
set_up:     t=  0.0 s | tip=  0.0 deg | F=  0.0 N | M=  0.0 Nm (limit 150.0) | edge= 19.6 mm
set_up:     t=  0.2 s | tip=  0.5 deg | F=  1.2 N | M=  0.5 Nm (limit 150.0) | edge= 13.7 mm
set_up:     t=  0.4 s | tip=  1.0 deg | F=  2.7 N | M=  1.2 Nm (limit 150.0) | edge=  6.6 mm
set_up:     t=  0.6 s | tip=  1.2 deg | F=  2.6 N | M=  1.1 Nm (limit 150.0) | edge=  4.1 mm
set_up:     t=  0.8 s | tip=  1.4 deg | F=  2.2 N | M=  0.8 Nm (limit 150.0) | edge= 12.4 mm
set_up:     t=  1.0 s | tip=  1.7 deg | F= 13.8 N | M=  7.5 Nm (limit 150.0) | edge= 19.5 mm
set_up:     t=  1.2 s | tip=  1.7 deg | F= 12.5 N | M=  6.7 Nm (limit 150.0) | edge= 19.6 mm
set_up:     t=  1.4 s | tip=  1.7 deg | F= 16.4 N | M=  8.8 Nm (limit 150.0) | edge= 19.7 mm
set_up:     t=  1.6 s | tip=  1.7 deg | F= 20.1 N | M= 10.9 Nm (limit 150.0) | edge= 19.8 mm
set_up:     t=  1.8 s | tip=  1.7 deg | F= 23.9 N | M= 12.9 Nm (limit 150.0) | edge= 19.9 mm
set_up:     t=  2.0 s | tip=  1.7 deg | F= 27.9 N | M= 15.0 Nm (limit 150.0) | edge= 20.1 mm
set_up:     t=  2.2 s | tip=  1.7 deg | F= 31.5 N | M= 16.8 Nm (limit 150.0) | edge= 20.2 mm
set_up:     t=  2.4 s | tip=  1.8 deg | F= 35.2 N | M= 18.7 Nm (limit 150.0) | edge= 20.4 mm
set_up:     t=  2.6 s | tip=  1.8 deg | F= 39.1 N | M= 20.8 Nm (limit 150.0) | edge= 20.5 mm
set_up:     t=  2.8 s | tip=  1.8 deg | F= 42.8 N | M= 22.7 Nm (limit 150.0) | edge= 20.7 mm
set_up:     t=  3.0 s | tip=  1.8 deg | F= 46.2 N | M= 24.4 Nm (limit 150.0) | edge= 20.9 mm
set_up:     t=  3.2 s | tip=  1.9 deg | F= 49.9 N | M= 26.3 Nm (limit 150.0) | edge= 21.0 mm
set_up:     t=  3.4 s | tip=  1.9 deg | F= 53.9 N | M= 28.4 Nm (limit 150.0) | edge= 21.2 mm
set_up:     t=  3.6 s | tip=  1.9 deg | F= 58.0 N | M= 30.5 Nm (limit 150.0) | edge= 21.4 mm
set_up:     t=  3.8 s | tip=  2.0 deg | F= 61.8 N | M= 32.4 Nm (limit 150.0) | edge= 21.6 mm
set_up:     t=  4.0 s | tip=  2.0 deg | F= 65.6 N | M= 34.5 Nm (limit 150.0) | edge= 21.7 mm
set_up:     t=  4.2 s | tip=  2.0 deg | F= 62.1 N | M= 32.4 Nm (limit 150.0) | edge= 21.6 mm
set_up:     t=  4.4 s | tip=  2.0 deg | F= 61.8 N | M= 32.2 Nm (limit 150.0) | edge= 21.7 mm
set_up:     t=  4.6 s | tip=  2.0 deg | F= 61.8 N | M= 32.2 Nm (limit 150.0) | edge= 21.7 mm
set_up:     t=  4.8 s | tip=  2.0 deg | F= 61.8 N | M= 32.2 Nm (limit 150.0) | edge= 21.7 mm
set_up:     t=  5.0 s | tip=  2.0 deg | F= 61.7 N | M= 32.2 Nm (limit 150.0) | edge= 21.7 mm
set_up:     t=  5.2 s | tip=  2.0 deg | F= 61.7 N | M= 32.2 Nm (limit 150.0) | edge= 21.7 mm
set_up:     t=  5.4 s | tip=  2.0 deg | F= 61.7 N | M= 32.2 Nm (limit 150.0) | edge= 21.7 mm
set_up:     t=  5.6 s | tip=  2.0 deg | F= 61.7 N | M= 32.2 Nm (limit 150.0) | edge= 21.7 mm
set_up:     t=  5.8 s | tip=  2.0 deg | F= 61.7 N | M= 32.2 Nm (limit 150.0) | edge= 21.7 mm
set_up:     t=  6.0 s | tip=  2.0 deg | F= 61.6 N | M= 32.2 Nm (limit 150.0) | edge= 21.7 mm
set_up:     t=  6.2 s | tip=  2.0 deg | F= 61.6 N | M= 32.1 Nm (limit 150.0) | edge= 21.7 mm
set_up:     t=  6.4 s | tip=  2.0 deg | F= 61.6 N | M= 32.1 Nm (limit 150.0) | edge= 21.7 mm
set_up:     t=  6.6 s | tip=  2.0 deg | F= 61.6 N | M= 32.1 Nm (limit 150.0) | edge= 21.7 mm
set_up:     t=  6.8 s | tip=  2.0 deg | F= 61.6 N | M= 32.1 Nm (limit 150.0) | edge= 21.7 mm
set_up:     t=  7.0 s | tip=  2.0 deg | F= 61.5 N | M= 32.1 Nm (limit 150.0) | edge= 21.7 mm
set_up:     t=  7.2 s | tip=  2.0 deg | F= 61.6 N | M= 32.1 Nm (limit 150.0) | edge= 21.7 mm
set_up:     t=  7.4 s | tip=  2.0 deg | F= 61.6 N | M= 32.1 Nm (limit 150.0) | edge= 21.7 mm
set_up:     t=  7.6 s | tip=  2.0 deg | F= 61.4 N | M= 32.0 Nm (limit 150.0) | edge= 21.7 mm
set_up:     t=  7.8 s | tip=  2.0 deg | F= 61.6 N | M= 32.1 Nm (limit 150.0) | edge= 21.7 mm
set_up:     t=  8.0 s | tip=  2.0 deg | F= 61.6 N | M= 32.1 Nm (limit 150.0) | edge= 21.7 mm
set_up:     t=  8.2 s | tip=  2.0 deg | F= 61.5 N | M= 32.1 Nm (limit 150.0) | edge= 21.7 mm
set_up:     t=  8.4 s | tip=  2.0 deg | F= 61.5 N | M= 32.1 Nm (limit 150.0) | edge= 21.7 mm
set_up:     t=  8.6 s | tip=  2.0 deg | F= 61.5 N | M= 32.1 Nm (limit 150.0) | edge= 21.7 mm
set_up:     t=  8.8 s | tip=  2.0 deg | F= 61.5 N | M= 32.1 Nm (limit 150.0) | edge= 21.7 mm
set_up:     t=  9.0 s | tip=  2.0 deg | F= 61.5 N | M= 32.1 Nm (limit 150.0) | edge= 21.7 mm
set_up:     t=  9.2 s | tip=  2.0 deg | F= 61.5 N | M= 32.1 Nm (limit 150.0) | edge= 21.7 mm
set_up:     t=  9.4 s | tip=  2.0 deg | F= 61.5 N | M= 32.1 Nm (limit 150.0) | edge= 21.7 mm
set_up:     t=  9.6 s | tip=  2.0 deg | F= 61.5 N | M= 32.1 Nm (limit 150.0) | edge= 21.7 mm
set_up:     t=  9.8 s | tip=  2.0 deg | F= 61.5 N | M= 32.1 Nm (limit 150.0) | edge= 21.7 mm
set_up:     t= 10.0 s | tip=  2.0 deg | F= 61.5 N | M= 32.0 Nm (limit 150.0) | edge= 21.7 mm
set_up:     t= 10.2 s | tip=  2.0 deg | F= 61.5 N | M= 32.1 Nm (limit 150.0) | edge= 21.7 mm
set_up:     t= 10.4 s | tip=  2.0 deg | F= 61.4 N | M= 32.0 Nm (limit 150.0) | edge= 21.7 mm
set_up:     t= 10.6 s | tip=  2.0 deg | F= 61.5 N | M= 32.0 Nm (limit 150.0) | edge= 21.7 mm
set_up:     t= 10.8 s | tip=  2.0 deg | F= 61.5 N | M= 32.0 Nm (limit 150.0) | edge= 21.7 mm
set_up:     t= 11.0 s | tip=  2.0 deg | F= 61.5 N | M= 32.0 Nm (limit 150.0) | edge= 21.7 mm
set_up:     t= 11.2 s | tip=  2.0 deg | F= 61.5 N | M= 32.0 Nm (limit 150.0) | edge= 21.7 mm
set_up:     t= 11.4 s | tip=  2.0 deg | F= 61.5 N | M= 32.0 Nm (limit 150.0) | edge= 21.7 mm
set_up:     t= 11.6 s | tip=  2.0 deg | F= 61.5 N | M= 32.0 Nm (limit 150.0) | edge= 21.7 mm
set_up:     t= 11.8 s | tip=  2.0 deg | F= 61.5 N | M= 32.0 Nm (limit 150.0) | edge= 21.7 mm

=== Set-up result ===
stop: time | t=12.0 s | tip=2.0 deg | F=61.5 N | M=32.0 Nm
edge_from_contact = [-5.9, +0.3, -20.9] mm | norm=21.7 mm
tcp_from_contact  = [-20.3, +61.1, +1.5] mm | norm=64.4 mm
alignment: before=0.40 deg | after=2.17 deg | gain=-1.76 deg

=== Set-up surface-frame breakdown ===
frame: alignment-target [tangent1, tangent2, normal]
force        [N]      = [   -16.02,     -0.74,    -59.33]
tcp_disp     [mm]     = [    -3.10,     +0.43,    -40.33]
edge_disp    [mm]     = [    -4.10,     +0.33,    -21.29]
Kp_eff=F/tcp [N/m]    = [   5168.5,   -1710.9,    1471.0]
moment@edge  [Nm]     = [    +3.66,    +29.81,     -1.30]
tip_angle    [deg]    = [    +0.04,     -1.97,     +0.28]
KR_eff=M/ang [Nm/rad] = [   4892.9,    -865.4,    -270.6]

finite_axis: angle=2.0 deg | axis_from_edge=[-595.1, +1.7, +158.7] mm | dir=[-0.033, +0.990, -0.136] | pitch=+96.6 mm/rad

=== Coupled stiffness from the measured pole ===
source spring K_pole/D_pole (diagonal, from parameters):
  Kp [N/m]     = [2000, 2000, 350]
  KR [Nm/rad]  = [5, 5, 50]
  Dp [Ns/m]    = [10, 10, 175]
  DR [Nms/rad] = [10.01, 10.01, 10]

poles compared (lever r_c = TCP - pole):
  (A) measured axis : angle=2.0 deg | pitch=+96.6 mm/rad
      pole_from_edge = [-589.3, 4.7, 179.1] mm
      r_c            = [574.9, 56.1, -156.7] mm
  (B) manual pole   : COMMANDED this run, contact reference
      pole_from_edge = [9.4, -0.3, 60.7] mm
      r_c            = [-17.2, 60.7, 1.5] mm
      r_c(B)-r_c(A)  = [-592.1, 4.6, 158.3] mm

K_TCP = Ad^T K_pole Ad  [rows fx..mz | cols tx..rz]:
  (A) measured axis:
           tx        ty        tz    |    rx        ry        rz
  fx [    2000        0        0 |        0    313.5    112.2 ]
  fy [       0     2000        0 |   -313.5        0    -1150 ]
  fz [       0        0      350 |   -19.64    201.2        0 ]
     ---------------------------+---------------------------
  mx [       0   -313.5   -19.64 |    55.58   -11.29    184.1 ]
  my [   313.5        0    201.2 |   -11.29    169.8    17.59 ]
  mz [   112.2    -1150        0 |    184.1    17.59    716.9 ]
  (A) K_TCP eigenvalues = [3.672, 4.942, 37.07, 464.3, 2053, 2729] -> PSD ok (>=0) (min=3.672)
  (B) manual pole:
           tx        ty        tz    |    rx        ry        rz
  fx [    2000        0        0 |        0   -3.037    121.4 ]
  fy [       0     2000        0 |    3.037        0    34.45 ]
  fz [       0        0      350 |   -21.24   -6.028        0 ]
     ---------------------------+---------------------------
  mx [       0    3.037   -21.24 |    6.636   0.3658    3.959 ]
  my [  -3.037        0   -6.028 |   0.3658    5.108  -0.1843 ]
  mz [   121.4    34.45        0 |    3.959  -0.1843    57.62 ]
  (B) K_TCP eigenvalues = [4.98, 5, 49.8, 351.4, 2000, 2008] -> PSD ok (>=0) (min=4.98)

D_TCP = Ad^T D_pole Ad:
  (A) measured axis:
           tx        ty        tz    |    rx        ry        rz
  fx [   237.1        0        0 |        0    37.16    13.31 ]
  fy [       0    178.2        0 |   -27.93        0   -102.5 ]
  fz [       0        0    108.1 |   -6.067    62.14        0 ]
     ---------------------------+---------------------------
  mx [       0   -27.93   -6.067 |    6.125   -3.488       16 ]
  my [   37.16        0    62.14 |   -3.488    43.62    2.086 ]
  mz [   13.31   -102.5        0 |       16    2.086    60.42 ]
  (A) D_TCP eigenvalues = [0.5729, 1.386, 1.538, 142.5, 237, 250.5] -> PSD ok (>=0) (min=0.5729)
  (B) manual pole:
           tx        ty        tz    |    rx        ry        rz
  fx [   237.1        0        0 |        0  -0.3599    14.39 ]
  fy [       0    178.2        0 |   0.2706        0    3.069 ]
  fz [       0        0    108.1 |    -6.56   -1.862        0 ]
     ---------------------------+---------------------------
  mx [       0   0.2706    -6.56 |    1.804    0.113  -0.0506 ]
  my [ -0.3599        0   -1.862 |    0.113    2.106 -0.02184 ]
  mz [   14.39    3.069        0 |  -0.0506 -0.02184    1.705 ]
  (B) D_TCP eigenvalues = [0.7708, 1.405, 2.072, 108.5, 178.3, 237.9] -> PSD ok (>=0) (min=0.7708)
phase: grind

Stop requested with e + Enter. Finishing control loop...

Joint motion [deg]:
joint    start   final   delta
------------------------------
q1       -2.7    -6.6    -3.8
q2       18.1    32.3    14.2
q3       -5.1    -2.6     2.6
q4     -122.8  -121.9     0.9
q5       17.5    -0.4   -17.9
q6      139.5   146.9     7.4
q7       26.8    39.9    13.2

=== Final result ===
p_d = [529.1, -95.8, -133.3] mm
p_EE = [532.9, -89.8, 26.2] mm
e_p = [-3.7, -6.0, -159.6] mm
position_error = 159.72 mm
e_R = [0.92, -2.33, 0.86] deg
rotation_error = 2.65 deg
csv: surface_grinding_controller_log.csv
