
Press Enter to recover and configure the robot.
Robot recovered or already ready.
Collision: custom thresholds.

=== Startup choice ===
  q = go to q_init (from params/common.txt), then choose again
  g = guiding mode: go to q_init, then hand-guide to your pose;
      use s+Enter for sequence or h+Enter for hold
  o = open the Franka hand now (release/load tool), then choose again
  c = close/grasp the tool now, then choose again
  r = continue to run mode (available after q_init is reached)
Choice [q/g/o/c/r, Enter = q]: Moving to q_init...
q_init reached.

=== Startup choice ===
  q = go to q_init (from params/common.txt), then choose again
  g = guiding mode: go to q_init, then hand-guide to your pose;
      use s+Enter for sequence or h+Enter for hold
  o = open the Franka hand now (release/load tool), then choose again
  c = close/grasp the tool now, then choose again
  r = continue to run mode
Choice [q/g/o/c/r, Enter = q]: Moving to q_init...
q_init reached.

=== Startup choice ===
  q = go to q_init (from params/common.txt), then choose again
  g = guiding mode: go to q_init, then hand-guide to your pose;
      use s+Enter for sequence or h+Enter for hold
  o = open the Franka hand now (release/load tool), then choose again
  c = close/grasp the tool now, then choose again
  r = continue to run mode
Choice [q/g/o/c/r, Enter = q]: 
=== Run mode ===
  s = phase sequence (approach / set up / grind)
  h = hold at the start pose
Choice [s/h, Enter = s]: Selected: phase sequence. Nullspace mode from parameters: nullspace_damping_plus_sigma.

=== Setup ===
run: phase sequence | approach_orient: on | nullspace: nullspace_damping_plus_sigma
nullspace parameters: d_null=2.000 | k_sigma=1.000 Nm | alpha=0.0800 rad
hold: Kp=300.0 N/m | KR=40.0 Nm/rad | damping=auto translation+rotation (factor fitted online toward Dp=50.0 Ns/m)
manual_guidance_start: off | manual_damping=0.50
descend: clearance=20.0 mm | speed=0.100 m/s | max_distance=640 mm
alignment push: start=captured | end=+180 mm | speed=0.050 m/s | ramp_time~=4.0 s | timeout=12.0 s | moment_threshold=150.0 Nm
grind: sweep | axis=tangent2 | amplitude=30 mm | frequency=0.20 Hz
coupled stiffness: apply=on | saved=yes | pole=manual
gates: pause_before_set_up=on | pause_auto_damping=on | pause_before_grind=off | debug_period=0.20 s
alignment-target normal=[+0.087, -0.000, +0.996] | tilt a(x)=0.0 deg, b(y)=5.0 deg (from angles)
tool face: 40 x 120 mm | center offset EE=[+0.0, +0.0, +20.0] mm
Gripper already holding the tool (width 65.0 mm); keeping grasp.
Press e+Enter to stop the controller before the duration expires.
During hold: press g+Enter to hand-guide the tool, then p+Enter to recapture and resume hold.
experiment_duration <= 0: running indefinitely until e + Enter.

=== Start pose ===
q_start = [-2.7, 18.1, -5.1, -122.8, 17.5, 139.5, 26.8] deg
p_start = [565.2, -59.4, 151.1] mm

=== Run ===
phase: approach_orient
orient:     t=  0.0 s | axis_err= 11.5 deg | rot_err= 11.5 deg
approach Dp        auto=[ 134.15,   97.25,  122.28]  manual=[  20.00,   20.00,   20.00] Ns/m
approach DR        auto=[  12.73,   16.36,    4.08]  manual=[  12.00,   12.00,   12.00] Nms/rad
orient:     t=  0.2 s | axis_err=  4.5 deg | rot_err=  4.5 deg
orient:     t=  0.4 s | axis_err=  2.3 deg | rot_err=  2.3 deg

Orientation reached: axis_err=1.9 deg
phase: approach_descend
descend:    t=  0.0 s | distance=   0.1 mm | height= +97.4 mm (target 20.0) | force=  0.0 N
descend:    t=  0.2 s | distance=  20.1 mm | height= +85.3 mm (target 20.0) | force=  1.0 N
descend:    t=  0.4 s | distance=  40.1 mm | height= +68.6 mm (target 20.0) | force=  1.7 N
descend:    t=  0.6 s | distance=  60.2 mm | height= +51.1 mm (target 20.0) | force=  1.9 N
descend:    t=  0.8 s | distance=  80.3 mm | height= +33.4 mm (target 20.0) | force=  1.9 N

[GATE] Reached 20 mm above the plane. Press Enter to start the set-up press (e+Enter stops).
pause auto damping: fitted Dp factor=0.551, DR factor=1.959
pause Dp [xyz]     auto=[ 206.58,  155.28,  224.84]  manual=[ 200.00,  200.00,  200.00] Ns/m
pause DR [t1t2n]   auto=[  11.73,   17.28,    2.04]  manual=[  12.73,   16.36,    4.08] Nms/rad
[GATE] Continuing to the set-up press.
descend:    t=  1.7 s | distance=  95.5 mm | height= +19.5 mm (target 20.0) | force=  0.9 N

Clearance reached: distance=95.5 mm | height=19.5 mm | target=20.0 mm | force=0.9 N (not used for the switch)
offset_ee = [20.0, 60.0, 20.0] mm
p_EE_at_contact = [546.5, -65.7, 65.5] mm
contact_point = [560.2, -126.3, 24.1] mm
edge_offset_base = [13.7, -60.7, -41.4] mm
phase: set_up
set_up Dp [xyz]    auto=[ 237.07,  178.22,  108.09]  manual=[  10.00,   10.00,  175.00] Ns/m
set_up DR [t1t2n]  auto=[   1.41,    2.07,    0.78]  manual=[  10.01,   10.01,   10.00] Nms/rad
set_up:     t=  0.0 s | tip=  0.0 deg | F=  0.0 N | M=  0.0 Nm (limit 150.0) | edge= 19.5 mm
set_up:     t=  0.2 s | tip=  0.6 deg | F=  1.2 N | M=  0.6 Nm (limit 150.0) | edge= 13.4 mm
set_up:     t=  0.4 s | tip=  1.2 deg | F=  1.7 N | M=  0.7 Nm (limit 150.0) | edge=  6.7 mm
set_up:     t=  0.6 s | tip=  1.8 deg | F=  2.2 N | M=  0.9 Nm (limit 150.0) | edge=  5.4 mm
set_up:     t=  0.8 s | tip=  2.5 deg | F=  1.8 N | M=  0.6 Nm (limit 150.0) | edge= 12.7 mm
set_up:     t=  1.0 s | tip=  3.0 deg | F=  5.6 N | M=  2.9 Nm (limit 150.0) | edge= 20.5 mm
set_up:     t=  1.2 s | tip=  3.1 deg | F= 10.7 N | M=  5.7 Nm (limit 150.0) | edge= 21.1 mm
set_up:     t=  1.4 s | tip=  3.1 deg | F= 14.6 N | M=  7.9 Nm (limit 150.0) | edge= 21.4 mm
set_up:     t=  1.6 s | tip=  3.1 deg | F= 18.6 N | M= 10.3 Nm (limit 150.0) | edge= 21.6 mm
set_up:     t=  1.8 s | tip=  3.1 deg | F= 22.5 N | M= 12.3 Nm (limit 150.0) | edge= 21.7 mm
set_up:     t=  2.0 s | tip=  3.2 deg | F= 26.4 N | M= 14.4 Nm (limit 150.0) | edge= 21.9 mm
set_up:     t=  2.2 s | tip=  3.2 deg | F= 30.1 N | M= 16.3 Nm (limit 150.0) | edge= 22.1 mm
set_up:     t=  2.4 s | tip=  3.2 deg | F= 34.2 N | M= 18.4 Nm (limit 150.0) | edge= 22.3 mm
set_up:     t=  2.6 s | tip=  3.3 deg | F= 37.7 N | M= 20.5 Nm (limit 150.0) | edge= 22.6 mm
set_up:     t=  2.8 s | tip=  3.4 deg | F= 41.8 N | M= 22.6 Nm (limit 150.0) | edge= 22.9 mm
set_up:     t=  3.0 s | tip=  3.7 deg | F= 45.6 N | M= 25.0 Nm (limit 150.0) | edge= 23.4 mm
set_up:     t=  3.2 s | tip=  4.3 deg | F= 47.6 N | M= 26.1 Nm (limit 150.0) | edge= 24.2 mm
set_up:     t=  3.4 s | tip=  4.7 deg | F= 50.8 N | M= 27.8 Nm (limit 150.0) | edge= 24.8 mm
set_up:     t=  3.6 s | tip=  5.1 deg | F= 54.3 N | M= 29.5 Nm (limit 150.0) | edge= 25.4 mm
set_up:     t=  3.8 s | tip=  5.6 deg | F= 58.1 N | M= 31.5 Nm (limit 150.0) | edge= 26.0 mm
set_up:     t=  4.0 s | tip=  6.6 deg | F= 60.1 N | M= 32.5 Nm (limit 150.0) | edge= 27.0 mm
set_up:     t=  4.2 s | tip=  6.9 deg | F= 56.1 N | M= 30.3 Nm (limit 150.0) | edge= 27.3 mm
set_up:     t=  4.4 s | tip=  6.9 deg | F= 56.3 N | M= 30.3 Nm (limit 150.0) | edge= 27.3 mm
set_up:     t=  4.6 s | tip=  7.0 deg | F= 56.0 N | M= 30.2 Nm (limit 150.0) | edge= 27.4 mm
set_up:     t=  4.8 s | tip=  7.2 deg | F= 55.5 N | M= 29.9 Nm (limit 150.0) | edge= 27.5 mm
set_up:     t=  5.0 s | tip=  7.4 deg | F= 55.9 N | M= 30.3 Nm (limit 150.0) | edge= 27.6 mm
set_up:     t=  5.2 s | tip=  7.5 deg | F= 56.5 N | M= 30.5 Nm (limit 150.0) | edge= 27.6 mm
set_up:     t=  5.4 s | tip=  7.5 deg | F= 56.5 N | M= 30.5 Nm (limit 150.0) | edge= 27.6 mm
set_up:     t=  5.6 s | tip=  7.5 deg | F= 56.6 N | M= 30.4 Nm (limit 150.0) | edge= 27.6 mm
set_up:     t=  5.8 s | tip=  7.5 deg | F= 56.5 N | M= 30.3 Nm (limit 150.0) | edge= 27.6 mm
set_up:     t=  6.0 s | tip=  7.6 deg | F= 56.5 N | M= 30.7 Nm (limit 150.0) | edge= 27.8 mm
set_up:     t=  6.2 s | tip=  7.6 deg | F= 56.4 N | M= 30.4 Nm (limit 150.0) | edge= 27.8 mm
set_up:     t=  6.4 s | tip=  7.6 deg | F= 56.5 N | M= 30.4 Nm (limit 150.0) | edge= 27.8 mm
set_up:     t=  6.6 s | tip=  7.6 deg | F= 56.4 N | M= 30.4 Nm (limit 150.0) | edge= 27.8 mm
set_up:     t=  6.8 s | tip=  7.6 deg | F= 56.6 N | M= 30.4 Nm (limit 150.0) | edge= 27.8 mm
set_up:     t=  7.0 s | tip=  7.6 deg | F= 56.6 N | M= 30.4 Nm (limit 150.0) | edge= 27.8 mm
set_up:     t=  7.2 s | tip=  7.6 deg | F= 56.6 N | M= 30.4 Nm (limit 150.0) | edge= 27.8 mm
set_up:     t=  7.4 s | tip=  7.6 deg | F= 56.6 N | M= 30.5 Nm (limit 150.0) | edge= 27.8 mm
set_up:     t=  7.6 s | tip=  7.6 deg | F= 56.5 N | M= 30.4 Nm (limit 150.0) | edge= 27.8 mm
set_up:     t=  7.8 s | tip=  7.6 deg | F= 56.7 N | M= 30.5 Nm (limit 150.0) | edge= 27.8 mm
set_up:     t=  8.0 s | tip=  7.6 deg | F= 56.7 N | M= 30.5 Nm (limit 150.0) | edge= 27.8 mm
set_up:     t=  8.2 s | tip=  7.6 deg | F= 56.5 N | M= 30.4 Nm (limit 150.0) | edge= 27.8 mm
set_up:     t=  8.4 s | tip=  7.6 deg | F= 56.6 N | M= 30.5 Nm (limit 150.0) | edge= 27.8 mm
set_up:     t=  8.6 s | tip=  7.6 deg | F= 56.7 N | M= 30.5 Nm (limit 150.0) | edge= 27.8 mm
set_up:     t=  8.8 s | tip=  7.6 deg | F= 56.7 N | M= 30.5 Nm (limit 150.0) | edge= 27.8 mm
set_up:     t=  9.0 s | tip=  7.6 deg | F= 56.7 N | M= 30.5 Nm (limit 150.0) | edge= 27.8 mm
set_up:     t=  9.2 s | tip=  7.6 deg | F= 56.6 N | M= 30.3 Nm (limit 150.0) | edge= 27.8 mm
set_up:     t=  9.4 s | tip=  7.7 deg | F= 56.3 N | M= 30.5 Nm (limit 150.0) | edge= 27.9 mm
set_up:     t=  9.6 s | tip=  7.7 deg | F= 56.5 N | M= 30.4 Nm (limit 150.0) | edge= 27.9 mm
set_up:     t=  9.8 s | tip=  7.7 deg | F= 56.4 N | M= 30.4 Nm (limit 150.0) | edge= 27.9 mm
set_up:     t= 10.0 s | tip=  7.7 deg | F= 56.4 N | M= 30.4 Nm (limit 150.0) | edge= 27.9 mm
set_up:     t= 10.2 s | tip=  7.7 deg | F= 56.4 N | M= 30.4 Nm (limit 150.0) | edge= 27.9 mm
set_up:     t= 10.4 s | tip=  7.7 deg | F= 56.4 N | M= 30.4 Nm (limit 150.0) | edge= 27.9 mm
set_up:     t= 10.6 s | tip=  7.7 deg | F= 56.5 N | M= 30.4 Nm (limit 150.0) | edge= 27.9 mm
set_up:     t= 10.8 s | tip=  7.7 deg | F= 56.5 N | M= 30.4 Nm (limit 150.0) | edge= 27.9 mm
set_up:     t= 11.0 s | tip=  7.7 deg | F= 56.6 N | M= 30.5 Nm (limit 150.0) | edge= 27.9 mm
set_up:     t= 11.2 s | tip=  7.7 deg | F= 56.5 N | M= 30.4 Nm (limit 150.0) | edge= 27.9 mm
set_up:     t= 11.4 s | tip=  7.7 deg | F= 56.5 N | M= 30.4 Nm (limit 150.0) | edge= 27.9 mm
set_up:     t= 11.6 s | tip=  7.7 deg | F= 56.5 N | M= 30.4 Nm (limit 150.0) | edge= 27.9 mm
set_up:     t= 11.8 s | tip=  7.7 deg | F= 56.6 N | M= 30.5 Nm (limit 150.0) | edge= 27.9 mm

=== Set-up result ===
stop: time | t=12.0 s | tip=7.7 deg | F=56.5 N | M=30.4 Nm
edge_from_contact = [-16.6, +0.8, -22.4] mm | norm=27.9 mm
tcp_from_contact  = [-28.7, +61.2, +2.2] mm | norm=67.6 mm
alignment: before=0.49 deg | after=7.98 deg | gain=-7.49 deg

=== Set-up surface-frame breakdown ===
frame: alignment-target [tangent1, tangent2, normal]
force        [N]      = [   -11.05,     +0.63,    -55.41]
tcp_disp     [mm]     = [   -11.52,     +0.51,    -40.30]
edge_disp    [mm]     = [   -14.59,     +0.79,    -23.80]
Kp_eff=F/tcp [N/m]    = [    959.4,    1240.6,    1375.0]
moment@edge  [Nm]     = [    +3.53,    +28.55,     -0.32]
tip_angle    [deg]    = [    -0.82,     -7.69,     +0.11]
KR_eff=M/ang [Nm/rad] = [   -246.8,    -212.8,    -166.7]

finite_axis: angle=7.7 deg | axis_from_edge=[-173.2, +20.8, +111.6] mm | dir=[+0.104, +0.994, -0.023] | pitch=-3.1 mm/rad

=== Coupled stiffness from the measured pole ===
source spring K_pole/D_pole (diagonal, from parameters):
  Kp [N/m]     = [2000, 2000, 350]
  KR [Nm/rad]  = [5, 5, 50]
  Dp [Ns/m]    = [10, 10, 175]
  DR [Nms/rad] = [10.01, 10.01, 10]

poles compared (lever r_c = TCP - pole):
  (A) measured axis : angle=7.7 deg | pitch=-3.1 mm/rad
      pole_from_edge = [-156.6, 19.6, 134.1] mm
      r_c            = [144.5, 40.8, -109.4] mm
  (B) manual pole   : COMMANDED this run, contact reference
      pole_from_edge = [63.4, -0.8, 98.6] mm
      r_c            = [-60.6, 60.7, -34.8] mm
      r_c(B)-r_c(A)  = [-205.1, 19.9, 74.6] mm

K_TCP = Ad^T K_pole Ad  [rows fx..mz | cols tx..rz]:
  (A) measured axis:
           tx        ty        tz    |    rx        ry        rz
  fx [    2000        0        0 |        0    218.8    81.57 ]
  fy [       0     2000        0 |   -218.8        0     -289 ]
  fz [       0        0      350 |   -14.27    50.58        0 ]
     ---------------------------+---------------------------
  mx [       0   -218.8   -14.27 |    29.86   -2.063    35.52 ]
  my [   218.8        0    50.58 |   -2.063    36.24    8.923 ]
  mz [   81.57     -289        0 |    35.52    8.923    94.76 ]
  (A) K_TCP eigenvalues = [4.832, 4.954, 48.75, 357.9, 2024, 2070] -> PSD ok (>=0) (min=4.832)
  (B) manual pole:
           tx        ty        tz    |    rx        ry        rz
  fx [    2000        0        0 |        0    69.68    121.3 ]
  fy [       0     2000        0 |   -69.68        0    121.1 ]
  fz [       0        0      350 |   -21.23   -21.19        0 ]
     ---------------------------+---------------------------
  mx [       0   -69.68   -21.23 |    9.057    1.286  -0.3122 ]
  my [   69.68        0   -21.19 |    1.286    8.711    4.226 ]
  mz [   121.3    121.1        0 |  -0.3122    4.226    64.35 ]
  (B) K_TCP eigenvalues = [4.957, 4.992, 49.65, 352.6, 2002, 2017] -> PSD ok (>=0) (min=4.957)

D_TCP = Ad^T D_pole Ad:
  (A) measured axis:
           tx        ty        tz    |    rx        ry        rz
  fx [   237.1        0        0 |        0    25.93    9.669 ]
  fy [       0    178.2        0 |    -19.5        0   -25.76 ]
  fz [       0        0    108.1 |   -4.408    15.62        0 ]
     ---------------------------+---------------------------
  mx [       0    -19.5   -4.408 |    3.718  -0.6371    2.762 ]
  my [   25.93        0    15.62 |  -0.6371    7.168    1.058 ]
  mz [   9.669   -25.76        0 |    2.762    1.058    4.896 ]
  (A) D_TCP eigenvalues = [0.7557, 1.396, 2.007, 110.5, 184.1, 240.4] -> PSD ok (>=0) (min=0.7557)
  (B) manual pole:
           tx        ty        tz    |    rx        ry        rz
  fx [   237.1        0        0 |        0    8.259    14.38 ]
  fy [       0    178.2        0 |   -6.209        0    10.79 ]
  fz [       0        0    108.1 |   -6.556   -6.545        0 ]
     ---------------------------+---------------------------
  mx [       0   -6.209   -6.556 |     2.02    0.397  -0.4312 ]
  my [   8.259        0   -6.545 |    0.397    2.757    0.501 ]
  mz [   14.38    10.79        0 |  -0.4312    0.501    2.306 ]
  (B) D_TCP eigenvalues = [0.7696, 1.403, 2.063, 108.9, 179.1, 238.2] -> PSD ok (>=0) (min=0.7696)
phase: grind

Stop requested with e + Enter. Finishing control loop...

Joint motion [deg]:
joint    start   final   delta
------------------------------
q1       -2.7    -6.5    -3.8
q2       18.1    33.7    15.6
q3       -5.1    -0.6     4.5
q4     -122.8  -118.6     4.2
q5       17.5    -2.1   -19.6
q6      139.5   140.7     1.2
q7       26.8    42.3    15.5

=== Final result ===
p_d = [529.1, -63.3, -133.2] mm
p_EE = [534.8, -69.9, 24.5] mm
e_p = [-5.7, 6.6, -157.8] mm
position_error = 158.02 mm
e_R = [0.67, -6.53, 0.03] deg
rotation_error = 6.56 deg
csv: surface_grinding_controller_log.csv
