
Press Enter to recover and configure the robot.
Robot recovered or already ready.
Collision: custom thresholds.

=== Startup choice ===
  q = go to q_init (from params/common.txt), then choose again
  g = guiding mode: go to q_init, then hand-guide to your pose;
      use s+Enter for sequence or h+Enter for hold
  o = open the Franka hand now (release/load tool), then choose again
  c = close/grasp the tool now, then choose again
  r = continue to run mode (available after q_init is reached)
Choice [q/g/o/c/r, Enter = q]: Moving to q_init...
q_init reached.

=== Startup choice ===
  q = go to q_init (from params/common.txt), then choose again
  g = guiding mode: go to q_init, then hand-guide to your pose;
      use s+Enter for sequence or h+Enter for hold
  o = open the Franka hand now (release/load tool), then choose again
  c = close/grasp the tool now, then choose again
  r = continue to run mode
Choice [q/g/o/c/r, Enter = q]: 
=== Run mode ===
  s = phase sequence (approach / set up / grind)
  h = hold at the start pose
Choice [s/h, Enter = s]: Selected: phase sequence. Nullspace mode from parameters: nullspace_damping_plus_sigma.

=== Setup ===
run: phase sequence | approach_orient: on | nullspace: nullspace_damping_plus_sigma
nullspace parameters: d_null=2.000 | k_sigma=1.000 Nm | alpha=0.0800 rad
hold: Kp=300.0 N/m | KR=40.0 Nm/rad | damping=auto translation+rotation (factor fitted online toward Dp=50.0 Ns/m)
manual_guidance_start: off | manual_damping=0.50
descend: clearance=20.0 mm | speed=0.100 m/s | max_distance=640 mm
alignment push: start=captured | end=+180 mm | speed=0.050 m/s | ramp_time~=4.0 s | timeout=12.0 s | moment_threshold=150.0 Nm
grind: sweep | axis=tangent2 | amplitude=30 mm | frequency=0.20 Hz
coupled stiffness: apply=on | saved=yes | pole=manual
gates: pause_before_set_up=on | pause_auto_damping=on | pause_before_grind=off | debug_period=0.20 s
alignment-target normal=[+0.087, -0.000, +0.996] | tilt a(x)=0.0 deg, b(y)=5.0 deg (from angles)
tool face: 40 x 120 mm | center offset EE=[+0.0, +0.0, +20.0] mm
Gripper already holding the tool (width 65.1 mm); keeping grasp.
Press e+Enter to stop the controller before the duration expires.
During hold: press g+Enter to hand-guide the tool, then p+Enter to recapture and resume hold.
experiment_duration <= 0: running indefinitely until e + Enter.

=== Start pose ===
q_start = [-2.7, 18.1, -5.1, -122.8, 17.5, 139.5, 26.8] deg
p_start = [565.1, -59.4, 151.1] mm

=== Run ===
phase: approach_orient
orient:     t=  0.0 s | axis_err= 11.5 deg | rot_err= 11.5 deg
approach Dp        auto=[ 134.14,   97.25,  122.28]  manual=[  20.00,   20.00,   20.00] Ns/m
approach DR        auto=[  12.73,   16.36,    4.08]  manual=[  12.00,   12.00,   12.00] Nms/rad
orient:     t=  0.2 s | axis_err=  4.5 deg | rot_err=  4.5 deg
orient:     t=  0.4 s | axis_err=  2.3 deg | rot_err=  2.3 deg

Orientation reached: axis_err=1.9 deg
phase: approach_descend
descend:    t=  0.0 s | distance=   0.1 mm | height= +98.3 mm (target 20.0) | force=  0.0 N
descend:    t=  0.2 s | distance=  20.1 mm | height= +86.1 mm (target 20.0) | force=  0.4 N
descend:    t=  0.4 s | distance=  40.1 mm | height= +69.2 mm (target 20.0) | force=  1.6 N
descend:    t=  0.6 s | distance=  60.2 mm | height= +51.6 mm (target 20.0) | force=  2.0 N
descend:    t=  0.8 s | distance=  80.3 mm | height= +34.0 mm (target 20.0) | force=  1.4 N

[GATE] Reached 20 mm above the plane. Press Enter to start the set-up press (e+Enter stops).
pause auto damping: fitted Dp factor=0.551, DR factor=1.959
pause Dp [xyz]     auto=[ 206.56,  155.32,  224.84]  manual=[ 200.00,  200.00,  200.00] Ns/m
pause DR [t1t2n]   auto=[  11.74,   17.28,    2.04]  manual=[  12.73,   16.36,    4.08] Nms/rad
[GATE] Continuing to the set-up press.
descend:    t=  1.8 s | distance=  96.3 mm | height= +19.5 mm (target 20.0) | force=  0.5 N

Clearance reached: distance=96.3 mm | height=19.5 mm | target=20.0 mm | force=0.5 N (not used for the switch)
offset_ee = [20.0, 60.0, 20.0] mm
p_EE_at_contact = [546.4, -66.1, 65.5] mm
contact_point = [560.1, -126.7, 24.1] mm
edge_offset_base = [13.8, -60.7, -41.4] mm
phase: set_up
set_up Dp [xyz]    auto=[ 237.06,  178.28,  108.09]  manual=[  10.00,   10.00,  175.00] Ns/m
set_up DR [t1t2n]  auto=[   1.41,    2.07,    0.77]  manual=[  10.01,   10.01,   10.00] Nms/rad
set_up:     t=  0.0 s | tip=  0.0 deg | F=  0.0 N | M=  0.0 Nm (limit 150.0) | edge= 19.5 mm
set_up:     t=  0.2 s | tip=  0.7 deg | F=  0.6 N | M=  0.4 Nm (limit 150.0) | edge= 13.1 mm
set_up:     t=  0.4 s | tip=  1.4 deg | F=  2.1 N | M=  1.1 Nm (limit 150.0) | edge=  7.1 mm
set_up:     t=  0.6 s | tip=  2.2 deg | F=  2.1 N | M=  1.0 Nm (limit 150.0) | edge=  9.4 mm
set_up:     t=  0.8 s | tip=  3.0 deg | F=  1.8 N | M=  0.7 Nm (limit 150.0) | edge= 16.8 mm
set_up:     t=  1.0 s | tip=  3.4 deg | F= 10.3 N | M=  5.6 Nm (limit 150.0) | edge= 22.4 mm
set_up:     t=  1.2 s | tip=  3.4 deg | F= 12.3 N | M=  6.6 Nm (limit 150.0) | edge= 22.5 mm
set_up:     t=  1.4 s | tip=  3.4 deg | F= 15.8 N | M=  8.4 Nm (limit 150.0) | edge= 22.6 mm
set_up:     t=  1.6 s | tip=  3.4 deg | F= 20.0 N | M= 10.6 Nm (limit 150.0) | edge= 22.7 mm
set_up:     t=  1.8 s | tip=  3.4 deg | F= 23.8 N | M= 12.5 Nm (limit 150.0) | edge= 22.9 mm
set_up:     t=  2.0 s | tip=  3.4 deg | F= 27.3 N | M= 14.2 Nm (limit 150.0) | edge= 23.0 mm
set_up:     t=  2.2 s | tip=  3.4 deg | F= 31.2 N | M= 16.1 Nm (limit 150.0) | edge= 23.1 mm
set_up:     t=  2.4 s | tip=  3.5 deg | F= 34.8 N | M= 17.8 Nm (limit 150.0) | edge= 23.3 mm
set_up:     t=  2.6 s | tip=  3.5 deg | F= 38.4 N | M= 19.6 Nm (limit 150.0) | edge= 23.4 mm
set_up:     t=  2.8 s | tip=  3.5 deg | F= 42.3 N | M= 21.5 Nm (limit 150.0) | edge= 23.6 mm
set_up:     t=  3.0 s | tip=  3.5 deg | F= 45.8 N | M= 23.3 Nm (limit 150.0) | edge= 23.7 mm
set_up:     t=  3.2 s | tip=  3.5 deg | F= 49.5 N | M= 25.1 Nm (limit 150.0) | edge= 23.9 mm
set_up:     t=  3.4 s | tip=  3.5 deg | F= 53.1 N | M= 26.9 Nm (limit 150.0) | edge= 24.0 mm
set_up:     t=  3.6 s | tip=  3.5 deg | F= 56.9 N | M= 28.9 Nm (limit 150.0) | edge= 24.2 mm
set_up:     t=  3.8 s | tip=  3.5 deg | F= 60.8 N | M= 30.8 Nm (limit 150.0) | edge= 24.3 mm
set_up:     t=  4.0 s | tip=  3.5 deg | F= 64.8 N | M= 32.8 Nm (limit 150.0) | edge= 24.4 mm
set_up:     t=  4.2 s | tip=  3.5 deg | F= 60.3 N | M= 30.4 Nm (limit 150.0) | edge= 24.4 mm
set_up:     t=  4.4 s | tip=  3.5 deg | F= 60.3 N | M= 30.4 Nm (limit 150.0) | edge= 24.4 mm
set_up:     t=  4.6 s | tip=  3.5 deg | F= 60.3 N | M= 30.4 Nm (limit 150.0) | edge= 24.4 mm
set_up:     t=  4.8 s | tip=  3.5 deg | F= 60.3 N | M= 30.3 Nm (limit 150.0) | edge= 24.4 mm
set_up:     t=  5.0 s | tip=  3.5 deg | F= 60.2 N | M= 30.3 Nm (limit 150.0) | edge= 24.4 mm
set_up:     t=  5.2 s | tip=  3.5 deg | F= 60.2 N | M= 30.3 Nm (limit 150.0) | edge= 24.4 mm
set_up:     t=  5.4 s | tip=  3.5 deg | F= 60.2 N | M= 30.3 Nm (limit 150.0) | edge= 24.4 mm
set_up:     t=  5.6 s | tip=  3.5 deg | F= 60.1 N | M= 30.2 Nm (limit 150.0) | edge= 24.4 mm
set_up:     t=  5.8 s | tip=  3.5 deg | F= 60.2 N | M= 30.3 Nm (limit 150.0) | edge= 24.4 mm
set_up:     t=  6.0 s | tip=  3.5 deg | F= 60.2 N | M= 30.3 Nm (limit 150.0) | edge= 24.4 mm
set_up:     t=  6.2 s | tip=  3.5 deg | F= 60.1 N | M= 30.3 Nm (limit 150.0) | edge= 24.4 mm
set_up:     t=  6.4 s | tip=  3.5 deg | F= 60.2 N | M= 30.3 Nm (limit 150.0) | edge= 24.4 mm
set_up:     t=  6.6 s | tip=  3.5 deg | F= 60.1 N | M= 30.3 Nm (limit 150.0) | edge= 24.4 mm
set_up:     t=  6.8 s | tip=  3.5 deg | F= 60.1 N | M= 30.2 Nm (limit 150.0) | edge= 24.4 mm
set_up:     t=  7.0 s | tip=  3.5 deg | F= 60.1 N | M= 30.2 Nm (limit 150.0) | edge= 24.4 mm
set_up:     t=  7.2 s | tip=  3.5 deg | F= 60.1 N | M= 30.2 Nm (limit 150.0) | edge= 24.4 mm
set_up:     t=  7.4 s | tip=  3.5 deg | F= 60.1 N | M= 30.2 Nm (limit 150.0) | edge= 24.4 mm
set_up:     t=  7.6 s | tip=  3.5 deg | F= 60.1 N | M= 30.3 Nm (limit 150.0) | edge= 24.4 mm
set_up:     t=  7.8 s | tip=  3.5 deg | F= 60.1 N | M= 30.2 Nm (limit 150.0) | edge= 24.4 mm
set_up:     t=  8.0 s | tip=  3.5 deg | F= 60.1 N | M= 30.2 Nm (limit 150.0) | edge= 24.4 mm
set_up:     t=  8.2 s | tip=  3.5 deg | F= 60.1 N | M= 30.2 Nm (limit 150.0) | edge= 24.4 mm
set_up:     t=  8.4 s | tip=  3.5 deg | F= 60.1 N | M= 30.2 Nm (limit 150.0) | edge= 24.4 mm
set_up:     t=  8.6 s | tip=  3.5 deg | F= 60.1 N | M= 30.2 Nm (limit 150.0) | edge= 24.4 mm
set_up:     t=  8.8 s | tip=  3.5 deg | F= 60.1 N | M= 30.3 Nm (limit 150.0) | edge= 24.4 mm
set_up:     t=  9.0 s | tip=  3.5 deg | F= 60.1 N | M= 30.3 Nm (limit 150.0) | edge= 24.4 mm
set_up:     t=  9.2 s | tip=  3.5 deg | F= 60.1 N | M= 30.2 Nm (limit 150.0) | edge= 24.4 mm
set_up:     t=  9.4 s | tip=  3.5 deg | F= 60.1 N | M= 30.3 Nm (limit 150.0) | edge= 24.4 mm
set_up:     t=  9.6 s | tip=  3.5 deg | F= 60.1 N | M= 30.3 Nm (limit 150.0) | edge= 24.4 mm
set_up:     t=  9.8 s | tip=  3.5 deg | F= 60.1 N | M= 30.3 Nm (limit 150.0) | edge= 24.4 mm
set_up:     t= 10.0 s | tip=  3.5 deg | F= 60.1 N | M= 30.2 Nm (limit 150.0) | edge= 24.4 mm
set_up:     t= 10.2 s | tip=  3.5 deg | F= 60.1 N | M= 30.3 Nm (limit 150.0) | edge= 24.4 mm
set_up:     t= 10.4 s | tip=  3.5 deg | F= 60.1 N | M= 30.2 Nm (limit 150.0) | edge= 24.4 mm
set_up:     t= 10.6 s | tip=  3.5 deg | F= 60.1 N | M= 30.3 Nm (limit 150.0) | edge= 24.4 mm
set_up:     t= 10.8 s | tip=  3.5 deg | F= 60.1 N | M= 30.2 Nm (limit 150.0) | edge= 24.4 mm
set_up:     t= 11.0 s | tip=  3.5 deg | F= 60.1 N | M= 30.2 Nm (limit 150.0) | edge= 24.4 mm
set_up:     t= 11.2 s | tip=  3.5 deg | F= 60.1 N | M= 30.2 Nm (limit 150.0) | edge= 24.4 mm
set_up:     t= 11.4 s | tip=  3.5 deg | F= 60.1 N | M= 30.2 Nm (limit 150.0) | edge= 24.4 mm
set_up:     t= 11.6 s | tip=  3.5 deg | F= 60.1 N | M= 30.3 Nm (limit 150.0) | edge= 24.4 mm
set_up:     t= 11.8 s | tip=  3.5 deg | F= 60.1 N | M= 30.3 Nm (limit 150.0) | edge= 24.4 mm

=== Set-up result ===
stop: time | t=12.0 s | tip=3.5 deg | F=60.1 N | M=30.3 Nm
edge_from_contact = [-13.6, +0.9, -20.3] mm | norm=24.4 mm
tcp_from_contact  = [-27.4, +61.5, +2.8] mm | norm=67.4 mm
alignment: before=0.46 deg | after=3.79 deg | gain=-3.32 deg

=== Set-up surface-frame breakdown ===
frame: alignment-target [tangent1, tangent2, normal]
force        [N]      = [   -14.21,     -0.76,    -58.37]
tcp_disp     [mm]     = [   -10.27,     +0.87,    -39.60]
edge_disp    [mm]     = [   -11.79,     +0.92,    -21.39]
Kp_eff=F/tcp [N/m]    = [   1383.3,    -866.3,    1474.0]
moment@edge  [Nm]     = [    +3.73,    +28.06,     -1.26]
tip_angle    [deg]    = [    -0.29,     -3.52,     +0.21]
KR_eff=M/ang [Nm/rad] = [   -746.0,    -457.1,    -341.5]

finite_axis: angle=3.5 deg | axis_from_edge=[-332.7, +39.3, +210.5] mm | dir=[+0.075, +0.995, -0.066] | pitch=+20.0 mm/rad

=== Coupled stiffness from the measured pole ===
source spring K_pole/D_pole (diagonal, from parameters):
  Kp [N/m]     = [2000, 2000, 350]
  KR [Nm/rad]  = [5, 5, 50]
  Dp [Ns/m]    = [10, 10, 175]
  DR [Nms/rad] = [10.01, 10.01, 10]

poles compared (lever r_c = TCP - pole):
  (A) measured axis : angle=3.5 deg | pitch=+20.0 mm/rad
      pole_from_edge = [-319.0, 39.6, 230.7] mm
      r_c            = [305.2, 21.0, -207.6] mm
  (B) manual pole   : COMMANDED this run, contact reference
      pole_from_edge = [27.6, -0.9, 179.7] mm
      r_c            = [-27.7, 60.7, -118.0] mm
      r_c(B)-r_c(A)  = [-332.9, 39.7, 89.6] mm

K_TCP = Ad^T K_pole Ad  [rows fx..mz | cols tx..rz]:
  (A) measured axis:
           tx        ty        tz    |    rx        ry        rz
  fx [    2000        0        0 |        0    415.1    42.01 ]
  fy [       0     2000        0 |   -415.1        0   -610.3 ]
  fz [       0        0      350 |   -7.351    106.8        0 ]
     ---------------------------+---------------------------
  mx [       0   -415.1   -7.351 |    91.65   -2.243    130.6 ]
  my [   415.1        0    106.8 |   -2.243    123.8    8.719 ]
  mz [   42.01   -610.3        0 |    130.6    8.719    236.8 ]
  (A) K_TCP eigenvalues = [4.394, 4.841, 45.34, 381.5, 2088, 2278] -> PSD ok (>=0) (min=4.394)
  (B) manual pole:
           tx        ty        tz    |    rx        ry        rz
  fx [    2000        0        0 |        0      236    121.3 ]
  fy [       0     2000        0 |     -236        0    55.42 ]
  fz [       0        0      350 |   -21.23   -9.698        0 ]
     ---------------------------+---------------------------
  mx [       0     -236   -21.23 |    34.48   0.5883   -2.632 ]
  my [     236        0   -9.698 |   0.5883    33.12    14.32 ]
  mz [   121.3    55.42        0 |   -2.632    14.32    58.55 ]
  (B) K_TCP eigenvalues = [4.909, 4.929, 49.8, 351.6, 2028, 2037] -> PSD ok (>=0) (min=4.909)

D_TCP = Ad^T D_pole Ad:
  (A) measured axis:
           tx        ty        tz    |    rx        ry        rz
  fx [   237.1        0        0 |        0     49.2    4.979 ]
  fy [       0    178.3        0 |      -37        0   -54.41 ]
  fz [       0        0    108.1 |    -2.27    32.99        0 ]
     ---------------------------+---------------------------
  mx [       0      -37    -2.27 |    9.134  -0.6928    11.24 ]
  my [    49.2        0    32.99 |  -0.6928    22.35    1.033 ]
  mz [   4.979   -54.41        0 |    11.24    1.033    17.49 ]
  (A) D_TCP eigenvalues = [0.6992, 1.375, 1.822, 117.6, 202.6, 248.3] -> PSD ok (>=0) (min=0.6992)
  (B) manual pole:
           tx        ty        tz    |    rx        ry        rz
  fx [   237.1        0        0 |        0    27.97    14.38 ]
  fy [       0    178.3        0 |   -21.04        0     4.94 ]
  fz [       0        0    108.1 |   -6.557   -2.995        0 ]
     ---------------------------+---------------------------
  mx [       0   -21.04   -6.557 |    4.287   0.1817  -0.6382 ]
  my [   27.97        0   -2.995 |   0.1817    5.457    1.697 ]
  mz [   14.38     4.94        0 |  -0.6382    1.697    1.789 ]
  (B) D_TCP eigenvalues = [0.7716, 1.386, 2.043, 108.6, 180.9, 241.3] -> PSD ok (>=0) (min=0.7716)
phase: grind

Stop requested with e + Enter. Finishing control loop...

Joint motion [deg]:
joint    start   final   delta
------------------------------
q1       -2.7    -6.4    -3.6
q2       18.1    32.5    14.4
q3       -5.1    -2.8     2.3
q4     -122.8  -121.2     1.6
q5       17.5    -0.2   -17.7
q6      139.5   145.2     5.7
q7       26.8    39.5    12.7

=== Final result ===
p_d = [529.0, -95.8, -133.3] mm
p_EE = [531.6, -90.2, 26.5] mm
e_p = [-2.6, -5.6, -159.8] mm
position_error = 159.89 mm
e_R = [0.78, -3.49, 0.68] deg
rotation_error = 3.64 deg
csv: surface_grinding_controller_log.csv
