
Press Enter to recover and configure the robot.
Robot recovered or already ready.
keys: e stop | m menu | g hand-guide

=== Startup mode ===
  s = run the phase sequence from q_init
  h = hold the q_init pose
  t = hold with the set-up impedance
  g = hand-guide the start pose
  q = go to q_init and inspect
  o = open the hand now
  c = grasp the tool now
  r = recalibrate hand width, fingers empty
  f = fetch the tool from the holder
  b = put the tool back
  e = stop and quit
While a run is going: e+Enter stops, m+Enter comes back here.
Choice [s/h/t/g/q/o/c/r/f/b/e]: 
=== Phase sequence mode ===
Moving to q_init (horizontal_table_search)
  q1..q7 [deg] = [0.8, 12.1, -0.5, -130.9, -0.2, 142.9, 44.7] deg
  horizontal_table_search = [0.014777, 0.210911, -0.009320, -2.284835, -0.002725, 2.493410, 0.780694] rad
q_init reached.

=== Start pose ===
q_start = [0.9, 12.1, -0.5, -130.9, -0.2, 142.9, 44.7] deg
p_start = [531.3, 2.4, 156.8] mm

=== Run ===
phase: approach_orient
  Kp=[150, 150, 150] N/m  KR=[90, 90, 90] Nm/rad  [t1,t2,n]
  Dp=[126.5, 103.6, 128.3] Ns/m  DR=[13.45, 15.79, 2.01] Nms/rad  auto (factor 1.90)
orient:     t=  0.0 s | axis_err=  9.0 deg | spin_err=  0.8 deg
orient:     t=  0.2 s | axis_err=  8.1 deg | spin_err=  0.6 deg
orient:     t=  0.4 s | axis_err=  5.6 deg | spin_err=  0.1 deg
orient:     t=  0.6 s | axis_err=  3.2 deg | spin_err=  0.4 deg
orient:     t=  0.8 s | axis_err=  2.6 deg | spin_err=  0.4 deg
orient:     t=  1.0 s | axis_err=  2.4 deg | spin_err=  0.4 deg
orient:     t=  1.2 s | axis_err=  2.4 deg | spin_err=  0.4 deg
orient:     t=  1.4 s | axis_err=  2.3 deg | spin_err=  0.4 deg
orient:     t=  1.6 s | axis_err=  2.3 deg | spin_err=  0.4 deg
orient:     t=  1.8 s | axis_err=  2.3 deg | spin_err=  0.4 deg
orient:     t=  2.0 s | axis_err=  2.3 deg | spin_err=  0.4 deg
orient:     t=  2.2 s | axis_err=  2.3 deg | spin_err=  0.4 deg
orient:     t=  2.4 s | axis_err=  2.3 deg | spin_err=  0.4 deg
orient:     t=  2.6 s | axis_err=  2.3 deg | spin_err=  0.4 deg
orient:     t=  2.8 s | axis_err=  2.3 deg | spin_err=  0.4 deg
orient:     t=  3.0 s | axis_err=  2.3 deg | spin_err=  0.4 deg
orient:     t=  3.2 s | axis_err=  2.3 deg | spin_err=  0.4 deg
orient:     t=  3.4 s | axis_err=  2.3 deg | spin_err=  0.4 deg
orient:     t=  3.6 s | axis_err=  2.3 deg | spin_err=  0.4 deg
orient:     t=  3.8 s | axis_err=  2.3 deg | spin_err=  0.4 deg
orient:     t=  4.0 s | axis_err=  2.3 deg | spin_err=  0.4 deg
orient:     t=  4.2 s | axis_err=  2.3 deg | spin_err=  0.4 deg
orient:     t=  4.4 s | axis_err=  2.3 deg | spin_err=  0.4 deg
orient:     t=  4.6 s | axis_err=  2.3 deg | spin_err=  0.4 deg
orient:     t=  4.8 s | axis_err=  2.3 deg | spin_err=  0.4 deg

Orientation settled short of the 2.0 deg gate after 5.0 s: axis_err=2.3 deg | spin_err=0.4 deg
phase: approach_descend
  Kp=[150, 150, 150] N/m  KR=[90, 90, 90] Nm/rad  [t1,t2,n]
  Dp=[126.5, 103.6, 128.3] Ns/m  DR=[13.45, 15.79, 2.01] Nms/rad  auto (factor 1.90)
  descend to 20 mm clearance at 0.100 m/s
descend:    t=  0.0 s | distance=   0.1 mm | height=+135.6 mm (target 20.0) | force=  0.0 N
descend:    t=  0.2 s | distance=  20.1 mm | height=+124.8 mm (target 20.0) | force=  1.4 N
descend:    t=  0.4 s | distance=  40.1 mm | height=+107.9 mm (target 20.0) | force=  0.1 N
descend:    t=  0.6 s | distance=  60.1 mm | height= +90.4 mm (target 20.0) | force=  1.5 N
descend:    t=  0.8 s | distance=  80.1 mm | height= +72.3 mm (target 20.0) | force=  0.2 N
descend:    t=  1.0 s | distance= 100.1 mm | height= +54.1 mm (target 20.0) | force=  1.6 N
descend:    t=  1.2 s | distance= 120.1 mm | height= +35.2 mm (target 20.0) | force=  1.6 N

[GATE] Reached 20 mm above the plane. Press Enter to start the set-up press (e+Enter stops).
  gate hold: Kp=[5000, 5000, 5000] N/m [x,y,z]  KR=[90, 90, 90] Nm/rad [t1,t2,n]
             Dp=[205.1, 145.7, 252.6] Ns/m  DR=[13.78, 11.95, 2.53] Nms/rad  auto
[GATE] Continuing to the set-up press.

Clearance reached: distance=136.4 mm | height=19.9 mm | target=20.0 mm | force=1.2 N (not used for the switch)
offset_ee = [-20.0, 60.0, 20.0] mm
p_EE_at_contact = [534.6, 8.1, 44.3] mm
contact_point = [517.0, -52.3, 1.6] mm
edge_offset_base = [-17.5, -60.4, -42.7] mm
phase: set_up

--- set-up impedance ---
  wrench = K_TCP*dx + D_TCP*dv, K_TCP = Ad(r_c)^T*blkdiag(Kp,KR)*Ad(r_c)
  Kp [t1,t2,n]  = [  2000.0,   2000.0,    800.0] N/m
  Dp [t1,t2,n]  = [   212.0,    180.2,    174.9] Ns/m   auto
  KR [t1,t2,n]  = [     5.0,      5.0,     50.0] Nm/rad
  DR [t1,t2,n]  = [     1.9,      1.7,      1.1] Nms/rad   auto
  r_c [t1,t2,n] = [   -60.0,      0.0,      0.0] mm   centre of compliance
set_up:     t=  0.0 s | tip=  0.0 deg | F=  0.1 N | M=  0.0 Nm (limit 150.0) | edge= 19.8 mm
set_up:     t=  0.2 s | tip=  0.5 deg | F=  1.8 N | M=  1.2 Nm (limit 150.0) | edge= 10.4 mm
set_up:     t=  0.4 s | tip=  1.1 deg | F=  1.3 N | M=  1.1 Nm (limit 150.0) | edge=  3.9 mm
set_up:     t=  0.6 s | tip=  1.3 deg | F= 10.8 N | M=  6.0 Nm (limit 150.0) | edge=  1.7 mm
set_up:     t=  0.8 s | tip=  1.3 deg | F= 18.6 N | M=  9.9 Nm (limit 150.0) | edge=  1.6 mm
set_up:     t=  1.0 s | tip=  1.3 deg | F= 26.2 N | M= 13.7 Nm (limit 150.0) | edge=  1.7 mm
set_up:     t=  1.2 s | tip=  1.1 deg | F= 34.8 N | M= 18.0 Nm (limit 150.0) | edge=  1.9 mm
set_up:     t=  1.4 s | tip=  0.9 deg | F= 42.9 N | M= 22.1 Nm (limit 150.0) | edge=  2.3 mm
set_up:     t=  1.6 s | tip=  0.3 deg | F= 50.5 N | M= 25.9 Nm (limit 150.0) | edge=  2.5 mm
set_up:     t=  1.8 s | tip=  0.1 deg | F= 45.2 N | M= 23.2 Nm (limit 150.0) | edge=  2.5 mm
set_up:     t=  2.0 s | tip=  0.1 deg | F= 45.0 N | M= 23.2 Nm (limit 150.0) | edge=  2.5 mm
set_up:     t=  2.2 s | tip=  0.1 deg | F= 44.7 N | M= 23.0 Nm (limit 150.0) | edge=  2.5 mm
set_up:     t=  2.4 s | tip=  0.1 deg | F= 44.6 N | M= 23.0 Nm (limit 150.0) | edge=  2.5 mm
set_up:     t=  2.6 s | tip=  0.1 deg | F= 44.5 N | M= 23.0 Nm (limit 150.0) | edge=  2.5 mm
set_up:     t=  2.8 s | tip=  0.1 deg | F= 44.4 N | M= 22.9 Nm (limit 150.0) | edge=  2.5 mm
set_up:     t=  3.0 s | tip=  0.1 deg | F= 44.3 N | M= 22.9 Nm (limit 150.0) | edge=  2.5 mm
set_up:     t=  3.2 s | tip=  0.1 deg | F= 44.3 N | M= 22.9 Nm (limit 150.0) | edge=  2.5 mm
set_up:     t=  3.4 s | tip=  0.1 deg | F= 44.3 N | M= 22.9 Nm (limit 150.0) | edge=  2.5 mm
set_up:     t=  3.6 s | tip=  0.1 deg | F= 44.2 N | M= 22.8 Nm (limit 150.0) | edge=  2.5 mm
set_up:     t=  3.8 s | tip=  0.1 deg | F= 44.2 N | M= 22.8 Nm (limit 150.0) | edge=  2.5 mm
set_up:     t=  4.0 s | tip=  0.1 deg | F= 44.2 N | M= 22.8 Nm (limit 150.0) | edge=  2.5 mm
set_up:     t=  4.2 s | tip=  0.1 deg | F= 44.1 N | M= 22.8 Nm (limit 150.0) | edge=  2.5 mm
set_up:     t=  4.4 s | tip=  0.1 deg | F= 44.1 N | M= 22.8 Nm (limit 150.0) | edge=  2.5 mm
set_up:     t=  4.6 s | tip=  0.1 deg | F= 44.1 N | M= 22.8 Nm (limit 150.0) | edge=  2.5 mm
set_up:     t=  4.8 s | tip=  0.1 deg | F= 44.1 N | M= 22.8 Nm (limit 150.0) | edge=  2.5 mm

=== Set-up result ===
stop: time | t=5.0 s | tip=0.1 deg | F=44.0 N | M=22.8 Nm
edge_from_contact = [+0.3, +0.5, -2.4] mm | norm=2.5 mm
tcp_from_contact  = [+17.5, +60.4, +20.4] mm | norm=66.1 mm
alignment: before=8.41 deg | after=8.38 deg | gain=+0.03 deg
alignment components [t1,t2,n] deg: before=[-1.68,-8.24,-0.00] | after=[-1.73,-8.20,-0.00]

=== Set-up surface-frame breakdown ===
frame: alignment-target [tangent1, tangent2, normal]
force        [N]      = [    -0.76,     +1.61,    -44.00]
tcp_disp     [mm]     = [    -0.55,     -0.42,    -22.34]
edge_disp    [mm]     = [    -0.57,     -0.37,     -2.40]
Kp_eff=F/tcp [N/m]    = [   1388.8,   -3791.9,    1969.5]
moment@edge  [Nm]     = [    -8.01,    -22.22,     -0.64]
tip_angle    [deg]    = [    -0.05,     +0.04,     -0.05]
KR_eff=M/ang [Nm/rad] = [   8747.6,  -28780.7,     746.5]

=== Centre of compliance ===
  r_c = p_TCP - p_c [t1,t2,n] = [-60.0, 0.0, 0.0] mm
  K_TCP: translation [2000, 1999, 801] N/m | rotation [5.53, 7.40, 57.15] Nm/rad
         commanded KR was [5.01, 5.03, 49.95]; the rest is the lever
  D_TCP: translation [206.3, 185.9, 174.9] Ns/m | rotation [2.00, 2.23, 1.77] Nms/rad
  coupling: max |moment per unit translation| = 108.7 Nm/m (K), 9.8 Nms/m (D)
  K_TCP eigenvalues 4.98 .. 2007 | D_TCP 1.12 .. 212  (both positive: valid springs)

  K_TCP [N/m, Nm/rad | rows fx..mz, cols tx..rz]:
           tx        ty        tz    |    rx        ry        rz
  fx [    2000  -0.5725   -20.68 |   0.5257    2.155    50.76 ]
  fy [ -0.5725     1999   -33.18 |   -2.437   -1.804   -108.7 ]
  fz [  -20.68   -33.18    801.3 |   -20.27    43.51    1.278 ]
     ---------------------------+---------------------------
  mx [  0.5257   -2.437   -20.27 |    5.532    -1.08   0.9214 ]
  my [   2.155   -1.804    43.51 |    -1.08    7.403    1.397 ]
  mz [   50.76   -108.7    1.278 |   0.9214    1.397    57.15 ]

  D_TCP [Ns/m, Nms/rad]:
           tx        ty        tz    |    rx        ry        rz
  fx [   206.3    12.18  -0.8797 | 0.002349   0.2906    4.573 ]
  fy [   12.18    185.9  -0.5158 |  -0.2918 -0.008063   -9.796 ]
  fz [ -0.8797  -0.5158    174.9 |   -4.437    9.504 0.005714 ]
     ---------------------------+---------------------------
  mx [0.002349  -0.2918   -4.437 |    1.996  -0.1427 3.656e-05 ]
  my [  0.2906 -0.008063    9.504 |  -0.1427    2.235 -0.01041 ]
  mz [   4.573   -9.796 0.005714 | 3.656e-05 -0.01041     1.77 ]

[GATE] Set up finished (holding the pressed pose). Press Enter to start the grind (e+Enter stops).

Stop requested with e + Enter. Finishing control loop...

Joint motion [deg]:
joint    start   final   delta
------------------------------
q1        0.9     0.9     0.0
q2       12.1    30.5    18.3
q3       -0.5     0.1     0.6
q4     -130.9  -133.0    -2.1
q5       -0.2     1.1     1.3
q6      142.9   171.0    28.1
q7       44.7    44.8     0.1

=== Final result ===
p_d = [533.2, 5.9, -35.5] mm
p_EE = [534.5, 8.1, 21.9] mm
e_p = [-1.3, -2.2, -57.5] mm
position_error = 57.53 mm
e_R = [0.07, -0.02, -0.05] deg
rotation_error = 0.08 deg
csv: logs/surface_grinding_controller_log.csv
