
Press Enter to recover and configure the robot.
Robot recovered or already ready.
Collision: custom thresholds.

=== Startup choice ===
  q = go to q_init (from params/common.txt), then choose again
  g = guiding mode: go to q_init, then hand-guide to your pose;
      use s+Enter for sequence or h+Enter for hold
  o = open the Franka hand now (release/load tool), then choose again
  c = close/grasp the tool now, then choose again
  r = continue to run mode (available after q_init is reached)
Choice [q/g/o/c/r, Enter = q]: Moving to q_init...
q_init reached.

=== Startup choice ===
  q = go to q_init (from params/common.txt), then choose again
  g = guiding mode: go to q_init, then hand-guide to your pose;
      use s+Enter for sequence or h+Enter for hold
  o = open the Franka hand now (release/load tool), then choose again
  c = close/grasp the tool now, then choose again
  r = continue to run mode
Choice [q/g/o/c/r, Enter = q]: 
=== Run mode ===
  s = phase sequence (approach / set up / grind)
  h = hold at the start pose
Choice [s/h, Enter = s]: Selected: phase sequence. Nullspace mode from parameters: nullspace_damping_plus_sigma.

=== Setup ===
run: phase sequence | approach_orient: on | nullspace: nullspace_damping_plus_sigma
nullspace parameters: d_null=2.000 | k_sigma=1.000 Nm | alpha=0.0800 rad
hold: Kp=300.0 N/m | KR=40.0 Nm/rad | damping=auto translation+rotation (factor fitted online toward Dp=50.0 Ns/m)
manual_guidance_start: off | manual_damping=0.50
descend: clearance=20.0 mm | speed=0.100 m/s | max_distance=640 mm
alignment push: start=captured | end=+180 mm | speed=0.050 m/s | ramp_time~=4.0 s | timeout=12.0 s | moment_threshold=150.0 Nm
grind: sweep | axis=tangent2 | amplitude=30 mm | frequency=0.20 Hz
coupled stiffness: apply=on | saved=yes | pole=manual
gates: pause_before_set_up=on | pause_auto_damping=on | pause_before_grind=off | debug_period=0.20 s
alignment-target normal=[+0.087, -0.000, +0.996] | tilt a(x)=0.0 deg, b(y)=5.0 deg (from angles)
tool face: 40 x 120 mm | center offset EE=[+0.0, +0.0, +20.0] mm
Gripper already holding the tool (width 65.0 mm); keeping grasp.
Press e+Enter to stop the controller before the duration expires.
During hold: press g+Enter to hand-guide the tool, then p+Enter to recapture and resume hold.
experiment_duration <= 0: running indefinitely until e + Enter.

=== Start pose ===
q_start = [-2.7, 18.1, -5.1, -122.8, 17.5, 139.5, 26.8] deg
p_start = [565.2, -59.4, 151.2] mm

=== Run ===
phase: approach_orient
orient:     t=  0.0 s | axis_err= 11.5 deg | rot_err= 11.5 deg
approach Dp        auto=[ 134.15,   97.25,  122.27]  manual=[  20.00,   20.00,   20.00] Ns/m
approach DR        auto=[  12.73,   16.36,    4.08]  manual=[  12.00,   12.00,   12.00] Nms/rad
orient:     t=  0.2 s | axis_err=  4.6 deg | rot_err=  4.6 deg
orient:     t=  0.4 s | axis_err=  2.4 deg | rot_err=  2.4 deg

Orientation reached: axis_err=2.0 deg
phase: approach_descend
descend:    t=  0.0 s | distance=   0.1 mm | height= +96.4 mm (target 20.0) | force= -0.0 N
descend:    t=  0.2 s | distance=  20.1 mm | height= +84.3 mm (target 20.0) | force=  1.9 N
descend:    t=  0.4 s | distance=  40.1 mm | height= +68.3 mm (target 20.0) | force=  2.9 N
descend:    t=  0.6 s | distance=  60.2 mm | height= +51.4 mm (target 20.0) | force=  3.0 N
descend:    t=  0.8 s | distance=  80.3 mm | height= +33.9 mm (target 20.0) | force=  1.7 N

[GATE] Reached 20 mm above the plane. Press Enter to start the set-up press (e+Enter stops).
pause auto damping: fitted Dp factor=0.551, DR factor=1.959
pause Dp [xyz]     auto=[ 206.65,  155.14,  224.84]  manual=[ 200.00,  200.00,  200.00] Ns/m
pause DR [t1t2n]   auto=[  11.70,   17.30,    2.04]  manual=[  12.73,   16.36,    4.08] Nms/rad
[GATE] Continuing to the set-up press.
descend:    t=  3.7 s | distance=  96.2 mm | height= +19.5 mm (target 20.0) | force=  1.1 N

Clearance reached: distance=96.2 mm | height=19.5 mm | target=20.0 mm | force=1.1 N (not used for the switch)
offset_ee = [20.0, 60.0, 20.0] mm
p_EE_at_contact = [546.4, -63.6, 65.5] mm
contact_point = [560.1, -124.3, 24.1] mm
edge_offset_base = [13.7, -60.7, -41.4] mm
phase: set_up
set_up Dp [xyz]    auto=[ 237.17,  178.07,  108.09]  manual=[  10.00,   10.00,  175.00] Ns/m
set_up DR [t1t2n]  auto=[   1.41,    2.08,    0.78]  manual=[  10.01,   10.01,   10.00] Nms/rad
set_up:     t=  0.0 s | tip=  0.0 deg | F=  0.0 N | M=  0.0 Nm (limit 150.0) | edge= 19.5 mm
set_up:     t=  0.2 s | tip=  0.6 deg | F=  0.8 N | M=  0.4 Nm (limit 150.0) | edge= 13.5 mm
set_up:     t=  0.4 s | tip=  1.2 deg | F=  2.6 N | M=  1.1 Nm (limit 150.0) | edge=  6.6 mm
set_up:     t=  0.6 s | tip=  1.9 deg | F=  2.6 N | M=  1.0 Nm (limit 150.0) | edge=  5.9 mm
set_up:     t=  0.8 s | tip=  2.6 deg | F=  2.3 N | M=  0.8 Nm (limit 150.0) | edge= 13.5 mm
set_up:     t=  1.0 s | tip=  3.0 deg | F= 12.7 N | M=  6.9 Nm (limit 150.0) | edge= 19.9 mm
set_up:     t=  1.2 s | tip=  3.0 deg | F= 12.0 N | M=  6.4 Nm (limit 150.0) | edge= 20.1 mm
set_up:     t=  1.4 s | tip=  3.0 deg | F= 15.7 N | M=  8.2 Nm (limit 150.0) | edge= 20.2 mm
set_up:     t=  1.6 s | tip=  3.0 deg | F= 19.7 N | M= 10.6 Nm (limit 150.0) | edge= 20.4 mm
set_up:     t=  1.8 s | tip=  3.0 deg | F= 23.2 N | M= 12.7 Nm (limit 150.0) | edge= 20.5 mm
set_up:     t=  2.0 s | tip=  3.0 deg | F= 27.2 N | M= 14.9 Nm (limit 150.0) | edge= 20.6 mm
set_up:     t=  2.2 s | tip=  3.1 deg | F= 32.0 N | M= 17.5 Nm (limit 150.0) | edge= 20.8 mm
set_up:     t=  2.4 s | tip=  3.2 deg | F= 34.9 N | M= 19.1 Nm (limit 150.0) | edge= 21.0 mm
set_up:     t=  2.6 s | tip=  3.3 deg | F= 38.8 N | M= 21.1 Nm (limit 150.0) | edge= 21.1 mm
set_up:     t=  2.8 s | tip=  3.6 deg | F= 42.1 N | M= 23.1 Nm (limit 150.0) | edge= 21.3 mm
set_up:     t=  3.0 s | tip=  4.6 deg | F= 44.7 N | M= 24.5 Nm (limit 150.0) | edge= 21.8 mm
set_up:     t=  3.2 s | tip=  6.5 deg | F= 46.4 N | M= 25.6 Nm (limit 150.0) | edge= 22.5 mm
set_up:     t=  3.4 s | tip=  8.3 deg | F= 48.7 N | M= 26.5 Nm (limit 150.0) | edge= 23.1 mm
set_up:     t=  3.6 s | tip= 10.0 deg | F= 51.8 N | M= 28.1 Nm (limit 150.0) | edge= 24.2 mm
set_up:     t=  3.8 s | tip= 11.8 deg | F= 53.2 N | M= 28.9 Nm (limit 150.0) | edge= 25.5 mm
set_up:     t=  4.0 s | tip= 13.5 deg | F= 55.9 N | M= 30.4 Nm (limit 150.0) | edge= 26.8 mm
set_up:     t=  4.2 s | tip= 14.2 deg | F= 52.7 N | M= 28.7 Nm (limit 150.0) | edge= 26.8 mm
set_up:     t=  4.4 s | tip= 14.2 deg | F= 52.6 N | M= 28.5 Nm (limit 150.0) | edge= 26.8 mm
set_up:     t=  4.6 s | tip= 14.2 deg | F= 52.6 N | M= 28.4 Nm (limit 150.0) | edge= 26.8 mm
set_up:     t=  4.8 s | tip= 14.2 deg | F= 52.6 N | M= 28.4 Nm (limit 150.0) | edge= 26.8 mm
set_up:     t=  5.0 s | tip= 14.2 deg | F= 52.6 N | M= 28.4 Nm (limit 150.0) | edge= 26.8 mm
set_up:     t=  5.2 s | tip= 14.2 deg | F= 52.6 N | M= 28.4 Nm (limit 150.0) | edge= 26.8 mm
set_up:     t=  5.4 s | tip= 14.2 deg | F= 52.6 N | M= 28.4 Nm (limit 150.0) | edge= 26.8 mm
set_up:     t=  5.6 s | tip= 14.2 deg | F= 52.6 N | M= 28.4 Nm (limit 150.0) | edge= 26.8 mm
set_up:     t=  5.8 s | tip= 14.2 deg | F= 52.6 N | M= 28.4 Nm (limit 150.0) | edge= 26.8 mm
set_up:     t=  6.0 s | tip= 14.2 deg | F= 52.6 N | M= 28.4 Nm (limit 150.0) | edge= 26.8 mm
set_up:     t=  6.2 s | tip= 14.2 deg | F= 52.6 N | M= 28.4 Nm (limit 150.0) | edge= 26.8 mm
set_up:     t=  6.4 s | tip= 14.2 deg | F= 52.5 N | M= 28.3 Nm (limit 150.0) | edge= 26.8 mm
set_up:     t=  6.6 s | tip= 14.2 deg | F= 52.5 N | M= 28.3 Nm (limit 150.0) | edge= 26.8 mm
set_up:     t=  6.8 s | tip= 14.2 deg | F= 52.5 N | M= 28.3 Nm (limit 150.0) | edge= 26.8 mm
set_up:     t=  7.0 s | tip= 14.2 deg | F= 52.5 N | M= 28.3 Nm (limit 150.0) | edge= 26.8 mm
set_up:     t=  7.2 s | tip= 14.2 deg | F= 52.4 N | M= 28.3 Nm (limit 150.0) | edge= 26.8 mm
set_up:     t=  7.4 s | tip= 14.2 deg | F= 52.4 N | M= 28.3 Nm (limit 150.0) | edge= 26.8 mm
set_up:     t=  7.6 s | tip= 14.2 deg | F= 52.4 N | M= 28.3 Nm (limit 150.0) | edge= 26.8 mm
set_up:     t=  7.8 s | tip= 14.2 deg | F= 52.4 N | M= 28.3 Nm (limit 150.0) | edge= 26.8 mm
set_up:     t=  8.0 s | tip= 14.2 deg | F= 52.4 N | M= 28.3 Nm (limit 150.0) | edge= 26.8 mm
set_up:     t=  8.2 s | tip= 14.2 deg | F= 52.4 N | M= 28.2 Nm (limit 150.0) | edge= 26.8 mm
set_up:     t=  8.4 s | tip= 14.2 deg | F= 52.3 N | M= 28.2 Nm (limit 150.0) | edge= 26.8 mm
set_up:     t=  8.6 s | tip= 14.2 deg | F= 52.3 N | M= 28.2 Nm (limit 150.0) | edge= 26.8 mm
set_up:     t=  8.8 s | tip= 14.2 deg | F= 52.3 N | M= 28.2 Nm (limit 150.0) | edge= 26.8 mm
set_up:     t=  9.0 s | tip= 14.2 deg | F= 52.3 N | M= 28.2 Nm (limit 150.0) | edge= 26.8 mm
set_up:     t=  9.2 s | tip= 14.2 deg | F= 52.2 N | M= 28.1 Nm (limit 150.0) | edge= 26.8 mm
set_up:     t=  9.4 s | tip= 14.2 deg | F= 52.3 N | M= 28.2 Nm (limit 150.0) | edge= 26.8 mm
set_up:     t=  9.6 s | tip= 14.2 deg | F= 52.2 N | M= 28.1 Nm (limit 150.0) | edge= 26.8 mm
set_up:     t=  9.8 s | tip= 14.2 deg | F= 52.2 N | M= 28.1 Nm (limit 150.0) | edge= 26.8 mm
set_up:     t= 10.0 s | tip= 14.2 deg | F= 52.2 N | M= 28.1 Nm (limit 150.0) | edge= 26.8 mm
set_up:     t= 10.2 s | tip= 14.2 deg | F= 52.2 N | M= 28.1 Nm (limit 150.0) | edge= 26.8 mm
set_up:     t= 10.4 s | tip= 14.2 deg | F= 52.2 N | M= 28.1 Nm (limit 150.0) | edge= 26.8 mm
set_up:     t= 10.6 s | tip= 14.2 deg | F= 52.2 N | M= 28.1 Nm (limit 150.0) | edge= 26.8 mm
set_up:     t= 10.8 s | tip= 14.2 deg | F= 52.2 N | M= 28.1 Nm (limit 150.0) | edge= 26.8 mm
set_up:     t= 11.0 s | tip= 14.2 deg | F= 52.3 N | M= 28.2 Nm (limit 150.0) | edge= 26.8 mm
set_up:     t= 11.2 s | tip= 14.2 deg | F= 52.2 N | M= 28.1 Nm (limit 150.0) | edge= 26.8 mm
set_up:     t= 11.4 s | tip= 14.2 deg | F= 52.1 N | M= 28.1 Nm (limit 150.0) | edge= 26.8 mm
set_up:     t= 11.6 s | tip= 14.3 deg | F= 52.2 N | M= 28.1 Nm (limit 150.0) | edge= 26.8 mm
set_up:     t= 11.8 s | tip= 14.3 deg | F= 52.1 N | M= 28.0 Nm (limit 150.0) | edge= 26.8 mm

=== Set-up result ===
stop: time | t=12.0 s | tip=14.3 deg | F=52.1 N | M=28.1 Nm
edge_from_contact = [-12.3, +11.2, -21.1] mm | norm=26.8 mm
tcp_from_contact  = [-24.7, +65.1, +15.6] mm | norm=71.3 mm
alignment: before=0.50 deg | after=14.73 deg | gain=-14.23 deg

=== Set-up surface-frame breakdown ===
frame: alignment-target [tangent1, tangent2, normal]
force        [N]      = [    -4.74,    +11.91,    -50.51]
tcp_disp     [mm]     = [    -8.73,     +4.42,    -26.68]
edge_disp    [mm]     = [   -10.45,    +11.18,    -22.05]
Kp_eff=F/tcp [N/m]    = [    542.6,    2693.3,    1893.1]
moment@edge  [Nm]     = [    +3.48,    +25.70,     +5.80]
tip_angle    [deg]    = [   -13.97,     -2.78,     +0.35]
KR_eff=M/ang [Nm/rad] = [    -14.3,    -529.3,     951.6]

finite_axis: angle=14.3 deg | axis_from_edge=[-14.0, +93.8, +42.3] mm | dir=[+0.975, +0.195, -0.110] | pitch=-30.2 mm/rad

=== Coupled stiffness from the measured pole ===
source spring K_pole/D_pole (diagonal, from parameters):
  Kp [N/m]     = [2000, 2000, 350]
  KR [Nm/rad]  = [5, 5, 50]
  Dp [Ns/m]    = [10, 10, 175]
  DR [Nms/rad] = [10.01, 10.01, 10]

poles compared (lever r_c = TCP - pole):
  (A) measured axis : angle=14.3 deg | pitch=-30.2 mm/rad
      pole_from_edge = [-9.0, 81.2, 64.1] mm
      r_c            = [-3.4, -27.3, -27.5] mm
  (B) manual pole   : COMMANDED this run, contact reference
      pole_from_edge = [19.3, -91.2, 100.8] mm
      r_c            = [-20.7, 140.7, -38.3] mm
      r_c(B)-r_c(A)  = [-17.3, 167.9, -10.8] mm

K_TCP = Ad^T K_pole Ad  [rows fx..mz | cols tx..rz]:
  (A) measured axis:
           tx        ty        tz    |    rx        ry        rz
  fx [    2000        0        0 |        0    55.05   -54.52 ]
  fy [       0     2000        0 |   -55.05        0    6.737 ]
  fz [       0        0      350 |    9.542   -1.179        0 ]
     ---------------------------+---------------------------
  mx [       0   -55.05    9.542 |    7.117 -0.03214    3.722 ]
  my [   55.05        0   -1.179 | -0.03214    6.519   -1.501 ]
  mz [  -54.52    6.737        0 |    3.722   -1.501    51.17 ]
  (A) K_TCP eigenvalues = [4.992, 4.996, 49.96, 350.3, 2002, 2003] -> PSD ok (>=0) (min=4.992)
  (B) manual pole:
           tx        ty        tz    |    rx        ry        rz
  fx [    2000        0        0 |        0    76.65    281.3 ]
  fy [       0     2000        0 |   -76.65        0    41.36 ]
  fz [       0        0      350 |   -49.23   -7.238        0 ]
     ---------------------------+---------------------------
  mx [       0   -76.65   -49.23 |     15.2    1.018    2.322 ]
  my [   76.65        0   -7.238 |    1.018    8.088    10.78 ]
  mz [   281.3    41.36        0 |    2.322    10.78    90.09 ]
  (B) K_TCP eigenvalues = [4.893, 4.992, 48.99, 357.2, 2003, 2044] -> PSD ok (>=0) (min=4.893)

D_TCP = Ad^T D_pole Ad:
  (A) measured axis:
           tx        ty        tz    |    rx        ry        rz
  fx [   237.2        0        0 |        0    6.528   -6.466 ]
  fy [       0    178.1        0 |   -4.902        0   0.5999 ]
  fz [       0        0    108.1 |    2.947  -0.3641        0 ]
     ---------------------------+---------------------------
  mx [       0   -4.902    2.947 |    1.618 -0.009927  -0.0714 ]
  my [   6.528        0  -0.3641 | -0.009927    2.257   -0.178 ]
  mz [  -6.466   0.5999        0 |  -0.0714   -0.178   0.9584 ]
  (A) D_TCP eigenvalues = [0.7747, 1.405, 2.074, 108.2, 178.2, 237.5] -> PSD ok (>=0) (min=0.7747)
  (B) manual pole:
           tx        ty        tz    |    rx        ry        rz
  fx [   237.2        0        0 |        0     9.09    33.36 ]
  fy [       0    178.1        0 |   -6.825        0    3.682 ]
  fz [       0        0    108.1 |    -15.2   -2.235        0 ]
     ---------------------------+---------------------------
  mx [       0   -6.825    -15.2 |    3.803   0.3144   -0.196 ]
  my [    9.09        0   -2.235 |   0.3144    2.471    1.279 ]
  mz [   33.36    3.682        0 |   -0.196    1.279    5.549 ]
  (B) D_TCP eigenvalues = [0.76, 1.378, 2.072, 110.3, 178.4, 242.2] -> PSD ok (>=0) (min=0.76)
phase: grind

Stop requested with e + Enter. Finishing control loop...

Joint motion [deg]:
joint    start   final   delta
------------------------------
q1       -2.7    -7.2    -4.5
q2       18.1    33.0    14.8
q3       -5.1    -0.8     4.3
q4     -122.8  -119.9     2.9
q5       17.5    -2.3   -19.8
q6      139.5   142.7     3.2
q7       26.8    42.5    15.7

=== Final result ===
p_d = [529.0, -84.8, -133.2] mm
p_EE = [533.1, -78.4, 26.4] mm
e_p = [-4.1, -6.4, -159.7] mm
position_error = 159.85 mm
e_R = [0.96, -5.14, 0.87] deg
rotation_error = 5.30 deg
csv: surface_grinding_controller_log.csv
