
Press Enter to recover and configure the robot.
Robot recovered or already ready.
Collision: custom thresholds.

=== Startup choice ===
  q = go to q_init (from params/common.txt), then choose again
  g = guiding mode: go to q_init, then hand-guide to your pose;
      use s+Enter for sequence or h+Enter for hold
  o = open the Franka hand now (release/load tool), then choose again
  c = close/grasp the tool now, then choose again
  r = continue to run mode (available after q_init is reached)
Choice [q/g/o/c/r, Enter = q]: Moving to q_init...
q_init reached.

=== Startup choice ===
  q = go to q_init (from params/common.txt), then choose again
  g = guiding mode: go to q_init, then hand-guide to your pose;
      use s+Enter for sequence or h+Enter for hold
  o = open the Franka hand now (release/load tool), then choose again
  c = close/grasp the tool now, then choose again
  r = continue to run mode
Choice [q/g/o/c/r, Enter = q]: 
=== Run mode ===
  s = phase sequence (approach / set up / grind)
  h = hold at the start pose
Choice [s/h, Enter = s]: Selected: phase sequence. Nullspace mode from parameters: nullspace_damping_plus_sigma.

=== Setup ===
run: phase sequence | approach_orient: on | nullspace: nullspace_damping_plus_sigma
nullspace parameters: d_null=2.000 | k_sigma=1.000 Nm | alpha=0.0800 rad
hold: Kp=300.0 N/m | KR=40.0 Nm/rad | damping=auto translation+rotation (factor fitted online toward Dp=50.0 Ns/m)
manual_guidance_start: off | manual_damping=0.50
descend: clearance=20.0 mm | speed=0.100 m/s | max_distance=640 mm
alignment push: start=captured | end=+180 mm | speed=0.050 m/s | ramp_time~=4.0 s | timeout=12.0 s | moment_threshold=150.0 Nm
grind: sweep | axis=tangent2 | amplitude=30 mm | frequency=0.20 Hz
coupled stiffness: apply=on | saved=yes | pole=manual
gates: pause_before_set_up=on | pause_auto_damping=on | pause_before_grind=off | debug_period=0.20 s
alignment-target normal=[+0.087, -0.000, +0.996] | tilt a(x)=0.0 deg, b(y)=5.0 deg (from angles)
tool face: 40 x 120 mm | center offset EE=[+0.0, +0.0, +20.0] mm
Gripper already holding the tool (width 65.0 mm); keeping grasp.
Press e+Enter to stop the controller before the duration expires.
During hold: press g+Enter to hand-guide the tool, then p+Enter to recapture and resume hold.
experiment_duration <= 0: running indefinitely until e + Enter.

=== Start pose ===
q_start = [-2.7, 18.1, -5.1, -122.8, 17.5, 139.5, 26.8] deg
p_start = [565.2, -59.4, 151.1] mm

=== Run ===
phase: approach_orient
orient:     t=  0.0 s | axis_err= 11.5 deg | rot_err= 11.5 deg
approach Dp        auto=[ 134.14,   97.24,  122.28]  manual=[  20.00,   20.00,   20.00] Ns/m
approach DR        auto=[  12.73,   16.36,    4.08]  manual=[  12.00,   12.00,   12.00] Nms/rad
orient:     t=  0.2 s | axis_err=  4.6 deg | rot_err=  4.6 deg
orient:     t=  0.4 s | axis_err=  2.4 deg | rot_err=  2.4 deg

Orientation reached: axis_err=2.0 deg
phase: approach_descend
descend:    t=  0.0 s | distance=   0.1 mm | height= +96.3 mm (target 20.0) | force=  0.0 N
descend:    t=  0.2 s | distance=  20.1 mm | height= +84.1 mm (target 20.0) | force=  1.5 N
descend:    t=  0.4 s | distance=  40.1 mm | height= +67.9 mm (target 20.0) | force=  2.3 N
descend:    t=  0.6 s | distance=  60.2 mm | height= +50.8 mm (target 20.0) | force=  2.2 N
descend:    t=  0.8 s | distance=  80.3 mm | height= +33.3 mm (target 20.0) | force=  2.2 N

[GATE] Reached 20 mm above the plane. Press Enter to start the set-up press (e+Enter stops).
pause auto damping: fitted Dp factor=0.551, DR factor=1.960
pause Dp [xyz]     auto=[ 206.54,  155.18,  224.92]  manual=[ 200.00,  200.00,  200.00] Ns/m
pause DR [t1t2n]   auto=[  11.73,   17.28,    2.04]  manual=[  12.73,   16.36,    4.08] Nms/rad
[GATE] Continuing to the set-up press.
descend:    t= 29.3 s | distance=  95.4 mm | height= +19.4 mm (target 20.0) | force=  0.8 N

Clearance reached: distance=95.4 mm | height=19.4 mm | target=20.0 mm | force=0.8 N (not used for the switch)
offset_ee = [20.0, 60.0, 20.0] mm
p_EE_at_contact = [546.2, -64.2, 65.4] mm
contact_point = [559.9, -124.9, 24.1] mm
edge_offset_base = [13.8, -60.6, -41.3] mm
phase: set_up
set_up Dp [xyz]    auto=[ 237.05,  178.13,  108.14]  manual=[  10.00,   10.00,  175.00] Ns/m
set_up DR [t1t2n]  auto=[   1.41,    2.07,    0.78]  manual=[  10.01,   10.01,   10.00] Nms/rad
set_up:     t=  0.0 s | tip=  0.0 deg | F=  0.0 N | M=  0.0 Nm (limit 150.0) | edge= 19.4 mm
set_up:     t=  0.2 s | tip=  0.5 deg | F=  1.2 N | M=  0.7 Nm (limit 150.0) | edge= 13.8 mm
set_up:     t=  0.4 s | tip=  1.1 deg | F=  2.2 N | M=  1.0 Nm (limit 150.0) | edge=  7.3 mm
set_up:     t=  0.6 s | tip=  1.8 deg | F=  2.0 N | M=  0.7 Nm (limit 150.0) | edge=  5.0 mm
set_up:     t=  0.8 s | tip=  2.4 deg | F=  2.9 N | M=  1.2 Nm (limit 150.0) | edge= 11.2 mm
set_up:     t=  1.0 s | tip=  2.9 deg | F=  2.5 N | M=  1.0 Nm (limit 150.0) | edge= 19.1 mm
set_up:     t=  1.2 s | tip=  3.0 deg | F= 11.9 N | M=  7.1 Nm (limit 150.0) | edge= 20.1 mm
set_up:     t=  1.4 s | tip=  3.0 deg | F= 15.1 N | M=  9.1 Nm (limit 150.0) | edge= 20.3 mm
set_up:     t=  1.6 s | tip=  3.1 deg | F= 18.6 N | M= 11.0 Nm (limit 150.0) | edge= 20.5 mm
set_up:     t=  1.8 s | tip=  3.1 deg | F= 22.3 N | M= 13.0 Nm (limit 150.0) | edge= 20.7 mm
set_up:     t=  2.0 s | tip=  3.2 deg | F= 26.2 N | M= 15.0 Nm (limit 150.0) | edge= 20.9 mm
set_up:     t=  2.2 s | tip=  3.5 deg | F= 29.5 N | M= 16.9 Nm (limit 150.0) | edge= 21.4 mm
set_up:     t=  2.4 s | tip=  4.4 deg | F= 31.8 N | M= 18.3 Nm (limit 150.0) | edge= 22.4 mm
set_up:     t=  2.6 s | tip=  5.4 deg | F= 34.2 N | M= 19.5 Nm (limit 150.0) | edge= 23.5 mm
set_up:     t=  2.8 s | tip=  6.6 deg | F= 36.2 N | M= 20.7 Nm (limit 150.0) | edge= 24.8 mm
set_up:     t=  3.0 s | tip=  7.7 deg | F= 39.6 N | M= 22.7 Nm (limit 150.0) | edge= 26.1 mm
set_up:     t=  3.2 s | tip=  8.7 deg | F= 42.5 N | M= 24.2 Nm (limit 150.0) | edge= 27.2 mm
set_up:     t=  3.4 s | tip=  9.8 deg | F= 45.3 N | M= 25.9 Nm (limit 150.0) | edge= 28.4 mm
set_up:     t=  3.6 s | tip= 11.1 deg | F= 48.8 N | M= 27.8 Nm (limit 150.0) | edge= 29.8 mm
set_up:     t=  3.8 s | tip= 12.5 deg | F= 51.2 N | M= 29.1 Nm (limit 150.0) | edge= 31.5 mm
set_up:     t=  4.0 s | tip= 14.2 deg | F= 52.6 N | M= 29.6 Nm (limit 150.0) | edge= 33.5 mm
set_up:     t=  4.2 s | tip= 15.3 deg | F= 49.2 N | M= 28.1 Nm (limit 150.0) | edge= 34.4 mm
set_up:     t=  4.4 s | tip= 16.0 deg | F= 49.2 N | M= 28.2 Nm (limit 150.0) | edge= 35.1 mm
set_up:     t=  4.6 s | tip= 16.2 deg | F= 49.1 N | M= 28.0 Nm (limit 150.0) | edge= 35.4 mm
set_up:     t=  4.8 s | tip= 16.2 deg | F= 48.8 N | M= 27.7 Nm (limit 150.0) | edge= 35.4 mm
set_up:     t=  5.0 s | tip= 16.2 deg | F= 48.8 N | M= 27.7 Nm (limit 150.0) | edge= 35.4 mm
set_up:     t=  5.2 s | tip= 16.2 deg | F= 48.9 N | M= 27.7 Nm (limit 150.0) | edge= 35.4 mm
set_up:     t=  5.4 s | tip= 16.2 deg | F= 48.8 N | M= 27.6 Nm (limit 150.0) | edge= 35.4 mm
set_up:     t=  5.6 s | tip= 16.2 deg | F= 48.9 N | M= 27.6 Nm (limit 150.0) | edge= 35.4 mm
set_up:     t=  5.8 s | tip= 16.2 deg | F= 48.8 N | M= 27.6 Nm (limit 150.0) | edge= 35.4 mm
set_up:     t=  6.0 s | tip= 16.2 deg | F= 48.9 N | M= 27.7 Nm (limit 150.0) | edge= 35.4 mm
set_up:     t=  6.2 s | tip= 16.2 deg | F= 48.9 N | M= 27.7 Nm (limit 150.0) | edge= 35.4 mm
set_up:     t=  6.4 s | tip= 16.2 deg | F= 48.8 N | M= 27.6 Nm (limit 150.0) | edge= 35.4 mm
set_up:     t=  6.6 s | tip= 16.2 deg | F= 48.5 N | M= 27.5 Nm (limit 150.0) | edge= 35.4 mm
set_up:     t=  6.8 s | tip= 16.2 deg | F= 48.6 N | M= 27.6 Nm (limit 150.0) | edge= 35.5 mm
set_up:     t=  7.0 s | tip= 16.2 deg | F= 48.7 N | M= 27.6 Nm (limit 150.0) | edge= 35.5 mm
set_up:     t=  7.2 s | tip= 16.2 deg | F= 48.7 N | M= 27.6 Nm (limit 150.0) | edge= 35.5 mm
set_up:     t=  7.4 s | tip= 16.2 deg | F= 48.8 N | M= 27.6 Nm (limit 150.0) | edge= 35.5 mm
set_up:     t=  7.6 s | tip= 16.2 deg | F= 48.8 N | M= 27.6 Nm (limit 150.0) | edge= 35.5 mm
set_up:     t=  7.8 s | tip= 16.2 deg | F= 48.8 N | M= 27.6 Nm (limit 150.0) | edge= 35.5 mm
set_up:     t=  8.0 s | tip= 16.2 deg | F= 48.8 N | M= 27.6 Nm (limit 150.0) | edge= 35.5 mm
set_up:     t=  8.2 s | tip= 16.2 deg | F= 48.8 N | M= 27.6 Nm (limit 150.0) | edge= 35.5 mm
set_up:     t=  8.4 s | tip= 16.2 deg | F= 48.7 N | M= 27.5 Nm (limit 150.0) | edge= 35.5 mm
set_up:     t=  8.6 s | tip= 16.2 deg | F= 48.8 N | M= 27.6 Nm (limit 150.0) | edge= 35.5 mm
set_up:     t=  8.8 s | tip= 16.2 deg | F= 48.9 N | M= 27.6 Nm (limit 150.0) | edge= 35.5 mm
set_up:     t=  9.0 s | tip= 16.2 deg | F= 48.9 N | M= 27.6 Nm (limit 150.0) | edge= 35.5 mm
set_up:     t=  9.2 s | tip= 16.2 deg | F= 48.9 N | M= 27.6 Nm (limit 150.0) | edge= 35.5 mm
set_up:     t=  9.4 s | tip= 16.2 deg | F= 48.9 N | M= 27.6 Nm (limit 150.0) | edge= 35.5 mm
set_up:     t=  9.6 s | tip= 16.2 deg | F= 48.9 N | M= 27.6 Nm (limit 150.0) | edge= 35.5 mm
set_up:     t=  9.8 s | tip= 16.2 deg | F= 48.9 N | M= 27.6 Nm (limit 150.0) | edge= 35.5 mm
set_up:     t= 10.0 s | tip= 16.2 deg | F= 48.9 N | M= 27.6 Nm (limit 150.0) | edge= 35.5 mm
set_up:     t= 10.2 s | tip= 16.2 deg | F= 48.9 N | M= 27.6 Nm (limit 150.0) | edge= 35.5 mm
set_up:     t= 10.4 s | tip= 16.2 deg | F= 48.9 N | M= 27.7 Nm (limit 150.0) | edge= 35.5 mm
set_up:     t= 10.6 s | tip= 16.2 deg | F= 48.9 N | M= 27.6 Nm (limit 150.0) | edge= 35.5 mm
set_up:     t= 10.8 s | tip= 16.2 deg | F= 48.9 N | M= 27.6 Nm (limit 150.0) | edge= 35.5 mm
set_up:     t= 11.0 s | tip= 16.2 deg | F= 48.9 N | M= 27.6 Nm (limit 150.0) | edge= 35.5 mm
set_up:     t= 11.2 s | tip= 16.2 deg | F= 48.9 N | M= 27.6 Nm (limit 150.0) | edge= 35.5 mm
set_up:     t= 11.4 s | tip= 16.2 deg | F= 48.9 N | M= 27.6 Nm (limit 150.0) | edge= 35.5 mm
set_up:     t= 11.6 s | tip= 16.2 deg | F= 48.8 N | M= 27.6 Nm (limit 150.0) | edge= 35.5 mm
set_up:     t= 11.8 s | tip= 16.2 deg | F= 48.8 N | M= 27.6 Nm (limit 150.0) | edge= 35.5 mm

=== Set-up result ===
stop: time | t=12.0 s | tip=16.2 deg | F=48.8 N | M=27.6 Nm
edge_from_contact = [-27.8, +2.1, -22.0] mm | norm=35.5 mm
tcp_from_contact  = [-35.9, +61.8, +5.6] mm | norm=71.7 mm
alignment: before=0.50 deg | after=16.45 deg | gain=-15.95 deg

=== Set-up surface-frame breakdown ===
frame: alignment-target [tangent1, tangent2, normal]
force        [N]      = [    -4.83,     +1.58,    -48.53]
tcp_disp     [mm]     = [   -18.95,     +1.16,    -37.49]
edge_disp    [mm]     = [   -25.75,     +2.07,    -24.39]
Kp_eff=F/tcp [N/m]    = [    254.7,    1360.5,    1294.6]
moment@edge  [Nm]     = [    +3.02,    +26.29,     +0.61]
tip_angle    [deg]    = [    -2.23,    -16.08,     +0.10]
KR_eff=M/ang [Nm/rad] = [    -77.7,     -93.7,     351.7]

finite_axis: angle=16.2 deg | axis_from_edge=[-90.2, +14.0, +86.4] mm | dir=[+0.136, +0.990, -0.018] | pitch=-4.7 mm/rad

=== Coupled stiffness from the measured pole ===
source spring K_pole/D_pole (diagonal, from parameters):
  Kp [N/m]     = [2000, 2000, 350]
  KR [Nm/rad]  = [5, 5, 50]
  Dp [Ns/m]    = [10, 10, 175]
  DR [Nms/rad] = [10.01, 10.01, 10]

poles compared (lever r_c = TCP - pole):
  (A) measured axis : angle=16.2 deg | pitch=-4.7 mm/rad
      pole_from_edge = [-62.7, 10.6, 108.5] mm
      r_c            = [54.5, 49.1, -80.8] mm
  (B) manual pole   : COMMANDED this run, contact reference
      pole_from_edge = [114.4, -2.1, 94.8] mm
      r_c            = [-100.4, 60.6, -31.4] mm
      r_c(B)-r_c(A)  = [-155.0, 11.5, 49.4] mm

K_TCP = Ad^T K_pole Ad  [rows fx..mz | cols tx..rz]:
  (A) measured axis:
           tx        ty        tz    |    rx        ry        rz
  fx [    2000        0        0 |        0    161.7    98.28 ]
  fy [       0     2000        0 |   -161.7        0   -109.1 ]
  fz [       0        0      350 |    -17.2    19.09        0 ]
     ---------------------------+---------------------------
  mx [       0   -161.7    -17.2 |    19.26  -0.9378    12.72 ]
  my [   161.7        0    19.09 |  -0.9378    19.11    7.944 ]
  mz [   98.28   -109.1        0 |    12.72    7.944    60.43 ]
  (A) K_TCP eigenvalues = [4.941, 4.971, 49.69, 351.9, 2013, 2024] -> PSD ok (>=0) (min=4.941)
  (B) manual pole:
           tx        ty        tz    |    rx        ry        rz
  fx [    2000        0        0 |        0    62.86    121.3 ]
  fy [       0     2000        0 |   -62.86        0    200.8 ]
  fz [       0        0      350 |   -21.23   -35.15        0 ]
     ---------------------------+---------------------------
  mx [       0   -62.86   -21.23 |    8.605    2.132   -2.405 ]
  my [   62.86        0   -35.15 |    2.132    10.51    3.812 ]
  mz [   121.3    200.8        0 |   -2.405    3.812    77.18 ]
  (B) K_TCP eigenvalues = [4.926, 4.992, 49.34, 354.9, 2002, 2030] -> PSD ok (>=0) (min=4.926)

D_TCP = Ad^T D_pole Ad:
  (A) measured axis:
           tx        ty        tz    |    rx        ry        rz
  fx [   237.1        0        0 |        0    19.16    11.65 ]
  fy [       0    178.1        0 |    -14.4        0   -9.713 ]
  fz [       0        0    108.1 |   -5.314    5.897        0 ]
     ---------------------------+---------------------------
  mx [       0    -14.4   -5.314 |     2.83  -0.2898   0.7301 ]
  my [   19.16        0    5.897 |  -0.2898    3.943   0.9416 ]
  mz [   11.65   -9.713        0 |   0.7301   0.9416    1.882 ]
  (A) D_TCP eigenvalues = [0.7702, 1.398, 2.053, 108.7, 179.8, 239.2] -> PSD ok (>=0) (min=0.7702)
  (B) manual pole:
           tx        ty        tz    |    rx        ry        rz
  fx [   237.1        0        0 |        0     7.45    14.38 ]
  fy [       0    178.1        0 |   -5.599        0    17.89 ]
  fz [       0        0    108.1 |   -6.558   -10.86        0 ]
     ---------------------------+---------------------------
  mx [       0   -5.599   -6.558 |    1.978   0.6586  -0.6173 ]
  my [    7.45        0   -10.86 |   0.6586    3.398   0.4519 ]
  mz [   14.38    17.89        0 |  -0.6173   0.4519    3.448 ]
  (B) D_TCP eigenvalues = [0.7649, 1.402, 2.05, 109.6, 180.1, 238.2] -> PSD ok (>=0) (min=0.7649)
phase: grind

Stop requested with e + Enter. Finishing control loop...

Joint motion [deg]:
joint    start   final   delta
------------------------------
q1       -2.7    -4.0    -1.3
q2       18.1    36.1    17.9
q3       -5.1    -1.9     3.2
q4     -122.8  -113.0     9.8
q5       17.5    -0.4   -18.0
q6      139.5   130.5    -9.0
q7       26.8    43.1    16.3

=== Final result ===
p_d = [528.8, -65.7, -133.2] mm
p_EE = [534.4, -59.2, 25.8] mm
e_p = [-5.6, -6.5, -159.0] mm
position_error = 159.19 mm
e_R = [0.29, -13.42, 0.95] deg
rotation_error = 13.46 deg
csv: surface_grinding_controller_log.csv
