
Press Enter to recover and configure the robot.
Robot recovered or already ready.
Collision: custom thresholds.

=== Startup choice ===
  q = go to q_init (from params/common.txt), then choose again
  g = guiding mode: go to q_init, then hand-guide to your pose;
      use s+Enter for sequence or h+Enter for hold
  o = open the Franka hand now (release/load tool), then choose again
  c = close/grasp the tool now, then choose again
  r = continue to run mode (available after q_init is reached)
Choice [q/g/o/c/r, Enter = q]: Moving to q_init...
q_init reached.

=== Startup choice ===
  q = go to q_init (from params/common.txt), then choose again
  g = guiding mode: go to q_init, then hand-guide to your pose;
      use s+Enter for sequence or h+Enter for hold
  o = open the Franka hand now (release/load tool), then choose again
  c = close/grasp the tool now, then choose again
  r = continue to run mode
Choice [q/g/o/c/r, Enter = q]: Moving to q_init...
q_init reached.

=== Startup choice ===
  q = go to q_init (from params/common.txt), then choose again
  g = guiding mode: go to q_init, then hand-guide to your pose;
      use s+Enter for sequence or h+Enter for hold
  o = open the Franka hand now (release/load tool), then choose again
  c = close/grasp the tool now, then choose again
  r = continue to run mode
Choice [q/g/o/c/r, Enter = q]: 
=== Run mode ===
  s = phase sequence (approach / set up / grind)
  h = hold at the start pose
Choice [s/h, Enter = s]: Unknown run-mode choice 'r'; using default sequence.
Selected: phase sequence. Nullspace mode from parameters: nullspace_damping_plus_sigma.

=== Setup ===
run: phase sequence | approach_orient: on | nullspace: nullspace_damping_plus_sigma
nullspace parameters: d_null=2.000 | k_sigma=1.000 Nm | alpha=0.0800 rad
hold: Kp=300.0 N/m | KR=40.0 Nm/rad | damping=auto translation+rotation (factor fitted online toward Dp=50.0 Ns/m)
manual_guidance_start: off | manual_damping=0.50
descend: clearance=20.0 mm | speed=0.100 m/s | max_distance=640 mm
alignment push: start=captured | end=+180 mm | speed=0.050 m/s | ramp_time~=4.0 s | timeout=12.0 s | moment_threshold=150.0 Nm
grind: sweep | axis=tangent2 | amplitude=30 mm | frequency=0.20 Hz
coupled stiffness: apply=off | saved=yes | pole=manual
gates: pause_before_set_up=on | pause_auto_damping=on | pause_before_grind=off | debug_period=0.20 s
alignment-target normal=[+0.087, -0.000, +0.996] | tilt a(x)=0.0 deg, b(y)=5.0 deg (from angles)
tool face: 40 x 120 mm | center offset EE=[+0.0, +0.0, +20.0] mm
Gripper already holding the tool (width 65.1 mm); keeping grasp.
Press e+Enter to stop the controller before the duration expires.
During hold: press g+Enter to hand-guide the tool, then p+Enter to recapture and resume hold.
experiment_duration <= 0: running indefinitely until e + Enter.

=== Start pose ===
q_start = [-2.7, 18.1, -5.1, -122.8, 17.5, 139.5, 26.8] deg
p_start = [565.1, -59.5, 151.1] mm

=== Run ===
phase: approach_orient
orient:     t=  0.0 s | axis_err= 11.5 deg | rot_err= 11.5 deg
approach Dp        auto=[ 134.14,   97.25,  122.28]  manual=[  20.00,   20.00,   20.00] Ns/m
approach DR        auto=[  12.73,   16.36,    4.08]  manual=[  12.00,   12.00,   12.00] Nms/rad
orient:     t=  0.2 s | axis_err=  4.5 deg | rot_err=  4.5 deg
orient:     t=  0.4 s | axis_err=  2.2 deg | rot_err=  2.2 deg

Orientation reached: axis_err=1.8 deg
phase: approach_descend
descend:    t=  0.0 s | distance=   0.1 mm | height= +98.0 mm (target 20.0) | force=  0.0 N
descend:    t=  0.2 s | distance=  20.1 mm | height= +85.9 mm (target 20.0) | force=  0.2 N
descend:    t=  0.4 s | distance=  40.1 mm | height= +68.9 mm (target 20.0) | force=  1.3 N
descend:    t=  0.6 s | distance=  60.2 mm | height= +51.3 mm (target 20.0) | force=  1.5 N
descend:    t=  0.8 s | distance=  80.3 mm | height= +33.6 mm (target 20.0) | force=  2.2 N

[GATE] Reached 20 mm above the plane. Press Enter to start the set-up press (e+Enter stops).
pause auto damping: fitted Dp factor=0.551, DR factor=1.960
pause Dp [xyz]     auto=[ 206.60,  155.22,  224.85]  manual=[ 200.00,  200.00,  200.00] Ns/m
pause DR [t1t2n]   auto=[  11.72,   17.29,    2.04]  manual=[  12.73,   16.36,    4.08] Nms/rad
[GATE] Continuing to the set-up press.
descend:    t=  1.6 s | distance=  95.7 mm | height= +19.5 mm (target 20.0) | force=  0.4 N

Clearance reached: distance=95.7 mm | height=19.5 mm | target=20.0 mm | force=0.4 N (not used for the switch)
offset_ee = [20.0, 60.0, 20.0] mm
p_EE_at_contact = [546.7, -65.4, 65.4] mm
contact_point = [560.4, -126.1, 24.1] mm
edge_offset_base = [13.7, -60.7, -41.3] mm
phase: set_up
set_up Dp [xyz]    auto=[ 237.10,  178.15,  108.08]  manual=[  10.00,   10.00,  175.00] Ns/m
set_up DR [t1t2n]  auto=[   4.46,    6.56,    0.77]  manual=[  10.01,   10.01,   10.00] Nms/rad
set_up:     t=  0.0 s | tip=  0.0 deg | F=  0.0 N | M=  0.0 Nm (limit 150.0) | edge= 19.5 mm
set_up:     t=  0.2 s | tip=  0.4 deg | F=  1.0 N | M=  0.3 Nm (limit 150.0) | edge= 13.9 mm
set_up:     t=  0.4 s | tip=  0.5 deg | F=  1.6 N | M=  0.5 Nm (limit 150.0) | edge=  6.4 mm
set_up:     t=  0.6 s | tip=  0.6 deg | F=  2.2 N | M=  0.9 Nm (limit 150.0) | edge=  3.6 mm
set_up:     t=  0.8 s | tip=  0.6 deg | F=  1.9 N | M=  0.7 Nm (limit 150.0) | edge= 12.2 mm
set_up:     t=  1.0 s | tip=  0.6 deg | F= 11.6 N | M=  6.3 Nm (limit 150.0) | edge= 18.9 mm
set_up:     t=  1.2 s | tip=  0.6 deg | F= 12.3 N | M=  6.4 Nm (limit 150.0) | edge= 19.0 mm
set_up:     t=  1.4 s | tip=  0.6 deg | F= 16.4 N | M=  8.4 Nm (limit 150.0) | edge= 19.2 mm
set_up:     t=  1.6 s | tip=  0.6 deg | F= 20.3 N | M= 10.4 Nm (limit 150.0) | edge= 19.4 mm
set_up:     t=  1.8 s | tip=  0.6 deg | F= 24.0 N | M= 12.1 Nm (limit 150.0) | edge= 19.5 mm
set_up:     t=  2.0 s | tip=  0.6 deg | F= 27.8 N | M= 14.2 Nm (limit 150.0) | edge= 19.7 mm
set_up:     t=  2.2 s | tip=  0.6 deg | F= 31.7 N | M= 16.2 Nm (limit 150.0) | edge= 19.8 mm
set_up:     t=  2.4 s | tip=  0.7 deg | F= 35.0 N | M= 17.9 Nm (limit 150.0) | edge= 19.9 mm
set_up:     t=  2.6 s | tip=  0.8 deg | F= 38.7 N | M= 20.0 Nm (limit 150.0) | edge= 20.1 mm
set_up:     t=  2.8 s | tip=  1.0 deg | F= 42.1 N | M= 21.5 Nm (limit 150.0) | edge= 20.2 mm
set_up:     t=  3.0 s | tip=  1.0 deg | F= 46.3 N | M= 23.7 Nm (limit 150.0) | edge= 20.3 mm
set_up:     t=  3.2 s | tip=  1.1 deg | F= 50.1 N | M= 25.6 Nm (limit 150.0) | edge= 20.5 mm
set_up:     t=  3.4 s | tip=  1.1 deg | F= 53.9 N | M= 27.6 Nm (limit 150.0) | edge= 20.6 mm
set_up:     t=  3.6 s | tip=  1.1 deg | F= 57.8 N | M= 29.5 Nm (limit 150.0) | edge= 20.8 mm
set_up:     t=  3.8 s | tip=  1.2 deg | F= 61.3 N | M= 31.3 Nm (limit 150.0) | edge= 20.9 mm
set_up:     t=  4.0 s | tip=  1.3 deg | F= 65.6 N | M= 33.5 Nm (limit 150.0) | edge= 20.9 mm
set_up:     t=  4.2 s | tip=  1.3 deg | F= 61.0 N | M= 31.0 Nm (limit 150.0) | edge= 20.9 mm
set_up:     t=  4.4 s | tip=  1.3 deg | F= 60.9 N | M= 30.9 Nm (limit 150.0) | edge= 20.9 mm
set_up:     t=  4.6 s | tip=  1.3 deg | F= 60.9 N | M= 30.9 Nm (limit 150.0) | edge= 20.9 mm
set_up:     t=  4.8 s | tip=  1.3 deg | F= 60.9 N | M= 30.9 Nm (limit 150.0) | edge= 20.9 mm
set_up:     t=  5.0 s | tip=  1.3 deg | F= 60.9 N | M= 30.9 Nm (limit 150.0) | edge= 20.9 mm
set_up:     t=  5.2 s | tip=  1.3 deg | F= 60.9 N | M= 30.8 Nm (limit 150.0) | edge= 20.9 mm
set_up:     t=  5.4 s | tip=  1.3 deg | F= 60.9 N | M= 30.8 Nm (limit 150.0) | edge= 20.9 mm
set_up:     t=  5.6 s | tip=  1.3 deg | F= 60.9 N | M= 30.8 Nm (limit 150.0) | edge= 20.9 mm
set_up:     t=  5.8 s | tip=  1.3 deg | F= 60.9 N | M= 30.8 Nm (limit 150.0) | edge= 20.9 mm
set_up:     t=  6.0 s | tip=  1.3 deg | F= 60.8 N | M= 30.8 Nm (limit 150.0) | edge= 20.9 mm
set_up:     t=  6.2 s | tip=  1.3 deg | F= 60.9 N | M= 30.8 Nm (limit 150.0) | edge= 20.9 mm
set_up:     t=  6.4 s | tip=  1.3 deg | F= 60.8 N | M= 30.7 Nm (limit 150.0) | edge= 20.9 mm
set_up:     t=  6.6 s | tip=  1.3 deg | F= 60.8 N | M= 30.7 Nm (limit 150.0) | edge= 20.9 mm
set_up:     t=  6.8 s | tip=  1.3 deg | F= 60.8 N | M= 30.8 Nm (limit 150.0) | edge= 20.9 mm
set_up:     t=  7.0 s | tip=  1.3 deg | F= 60.7 N | M= 30.7 Nm (limit 150.0) | edge= 20.9 mm
set_up:     t=  7.2 s | tip=  1.3 deg | F= 60.7 N | M= 30.7 Nm (limit 150.0) | edge= 20.9 mm
set_up:     t=  7.4 s | tip=  1.3 deg | F= 60.8 N | M= 30.7 Nm (limit 150.0) | edge= 20.9 mm
set_up:     t=  7.6 s | tip=  1.3 deg | F= 60.7 N | M= 30.7 Nm (limit 150.0) | edge= 20.9 mm
set_up:     t=  7.8 s | tip=  1.3 deg | F= 60.7 N | M= 30.7 Nm (limit 150.0) | edge= 20.9 mm
set_up:     t=  8.0 s | tip=  1.3 deg | F= 60.7 N | M= 30.7 Nm (limit 150.0) | edge= 20.9 mm
set_up:     t=  8.2 s | tip=  1.3 deg | F= 60.7 N | M= 30.7 Nm (limit 150.0) | edge= 20.9 mm
set_up:     t=  8.4 s | tip=  1.3 deg | F= 60.7 N | M= 30.7 Nm (limit 150.0) | edge= 20.9 mm
set_up:     t=  8.6 s | tip=  1.3 deg | F= 60.7 N | M= 30.7 Nm (limit 150.0) | edge= 20.9 mm
set_up:     t=  8.8 s | tip=  1.3 deg | F= 60.7 N | M= 30.7 Nm (limit 150.0) | edge= 20.9 mm
set_up:     t=  9.0 s | tip=  1.3 deg | F= 60.7 N | M= 30.7 Nm (limit 150.0) | edge= 20.9 mm
set_up:     t=  9.2 s | tip=  1.3 deg | F= 60.7 N | M= 30.7 Nm (limit 150.0) | edge= 20.9 mm
set_up:     t=  9.4 s | tip=  1.3 deg | F= 60.7 N | M= 30.7 Nm (limit 150.0) | edge= 20.9 mm
set_up:     t=  9.6 s | tip=  1.3 deg | F= 60.7 N | M= 30.7 Nm (limit 150.0) | edge= 20.9 mm
set_up:     t=  9.8 s | tip=  1.3 deg | F= 60.7 N | M= 30.7 Nm (limit 150.0) | edge= 20.9 mm
set_up:     t= 10.0 s | tip=  1.3 deg | F= 60.6 N | M= 30.6 Nm (limit 150.0) | edge= 20.9 mm
set_up:     t= 10.2 s | tip=  1.3 deg | F= 60.7 N | M= 30.6 Nm (limit 150.0) | edge= 20.9 mm
set_up:     t= 10.4 s | tip=  1.3 deg | F= 60.7 N | M= 30.7 Nm (limit 150.0) | edge= 20.9 mm
set_up:     t= 10.6 s | tip=  1.3 deg | F= 60.7 N | M= 30.6 Nm (limit 150.0) | edge= 20.9 mm
set_up:     t= 10.8 s | tip=  1.3 deg | F= 60.6 N | M= 30.6 Nm (limit 150.0) | edge= 20.9 mm
set_up:     t= 11.0 s | tip=  1.3 deg | F= 60.7 N | M= 30.7 Nm (limit 150.0) | edge= 20.9 mm
set_up:     t= 11.2 s | tip=  1.3 deg | F= 60.7 N | M= 30.6 Nm (limit 150.0) | edge= 20.9 mm
set_up:     t= 11.4 s | tip=  1.3 deg | F= 60.6 N | M= 30.6 Nm (limit 150.0) | edge= 20.9 mm
set_up:     t= 11.6 s | tip=  1.3 deg | F= 60.7 N | M= 30.6 Nm (limit 150.0) | edge= 20.9 mm
set_up:     t= 11.8 s | tip=  1.3 deg | F= 60.7 N | M= 30.6 Nm (limit 150.0) | edge= 20.9 mm

=== Set-up result ===
stop: time | t=12.0 s | tip=1.3 deg | F=60.7 N | M=30.6 Nm
edge_from_contact = [-4.4, +0.7, -20.4] mm | norm=20.9 mm
tcp_from_contact  = [-20.2, +61.5, +0.8] mm | norm=64.7 mm
alignment: before=0.44 deg | after=1.05 deg | gain=-0.61 deg

=== Set-up surface-frame breakdown ===
frame: alignment-target [tangent1, tangent2, normal]
force        [N]      = [   -15.37,     -3.02,    -58.62]
tcp_disp     [mm]     = [    -2.93,     +0.83,    -40.95]
edge_disp    [mm]     = [    -2.64,     +0.67,    -20.74]
Kp_eff=F/tcp [N/m]    = [   5255.9,   -3662.7,    1431.4]
moment@edge  [Nm]     = [    +2.70,    +28.51,     -2.06]
tip_angle    [deg]    = [    +0.88,     -0.76,     -0.52]
KR_eff=M/ang [Nm/rad] = [    175.7,   -2146.2,     226.4]

finite_axis: angle=1.3 deg | axis_from_edge=[-565.2, -689.0, +90.2] mm | dir=[-0.652, +0.596, +0.468] | pitch=-281.2 mm/rad
(coupled_K_tcp/coupled_D_tcp queued for the next run)

=== Coupled stiffness from the measured pole ===
source spring K_pole/D_pole (diagonal, from parameters):
  Kp [N/m]     = [2000, 2000, 350]
  KR [Nm/rad]  = [50, 50, 50]
  Dp [Ns/m]    = [10, 10, 175]
  DR [Nms/rad] = [10.01, 10.01, 10]

poles compared (lever r_c = TCP - pole):
  (A) measured axis : angle=1.3 deg | pitch=-281.2 mm/rad
      pole_from_edge = [-556.7, -693.4, 107.7] mm
      r_c            = [540.9, 754.3, -86.5] mm
  (B) manual pole   : comparison only, contact reference
      pole_from_edge = [-35.6, 79.3, 20.4] mm
      r_c            = [26.3, -19.3, 41.3] mm
      r_c(B)-r_c(A)  = [-514.6, -773.6, 127.8] mm

K_TCP = Ad^T K_pole Ad  [rows fx..mz | cols tx..rz]:
  (A) measured axis:
           tx        ty        tz    |    rx        ry        rz
  fx [    2000        0        0 |        0      173     1509 ]
  fy [       0     2000        0 |     -173        0    -1082 ]
  fz [       0        0      350 |     -264    189.3        0 ]
     ---------------------------+---------------------------
  mx [       0     -173     -264 |    264.1   -142.8    93.57 ]
  my [     173        0    189.3 |   -142.8    167.4    130.5 ]
  mz [    1509    -1082        0 |    93.57    130.5     1773 ]
  (A) K_TCP eigenvalues = [25.8, 26.59, 50, 671.9, 2019, 3761] -> PSD ok (>=0) (min=25.8)
  (B) manual pole:
           tx        ty        tz    |    rx        ry        rz
  fx [    2000        0        0 |        0   -82.69   -38.63 ]
  fy [       0     2000        0 |    82.69        0   -52.59 ]
  fz [       0        0      350 |     6.76    9.204        0 ]
     ---------------------------+---------------------------
  mx [       0    82.69     6.76 |    53.55   0.1778   -2.174 ]
  my [  -82.69        0    9.204 |   0.1778    53.66    1.597 ]
  mz [  -38.63   -52.59        0 |   -2.174    1.597    52.13 ]
  (B) K_TCP eigenvalues = [49.85, 49.86, 50, 350.4, 2004, 2006] -> PSD ok (>=0) (min=49.85)

D_TCP = Ad^T D_pole Ad:
  (A) measured axis:
           tx        ty        tz    |    rx        ry        rz
  fx [   237.1        0        0 |        0    20.51    178.8 ]
  fy [       0    178.2        0 |   -15.41        0   -96.37 ]
  fz [       0        0    108.1 |   -81.52    58.47        0 ]
     ---------------------------+---------------------------
  mx [       0   -15.41   -81.52 |    67.25    -44.1    8.016 ]
  my [   20.51        0    58.47 |    -44.1    39.96    15.47 ]
  mz [   178.8   -96.37        0 |    8.016    15.47    187.8 ]
  (A) D_TCP eigenvalues = [0.4143, 2.579, 5.988, 185.4, 210.9, 413] -> PSD ok (>=0) (min=0.4143)
  (B) manual pole:
           tx        ty        tz    |    rx        ry        rz
  fx [   237.1        0        0 |        0   -9.802   -4.579 ]
  fy [       0    178.2        0 |    7.365        0   -4.685 ]
  fz [       0        0    108.1 |    2.088    2.842        0 ]
     ---------------------------+---------------------------
  mx [       0    7.365    2.088 |    4.773   0.0549  -0.5134 ]
  my [  -9.802        0    2.842 |   0.0549    7.038   0.1893 ]
  mz [  -4.579   -4.685        0 |  -0.5134   0.1893    1.014 ]
  (B) D_TCP eigenvalues = [0.7737, 4.446, 6.542, 108.2, 178.6, 237.6] -> PSD ok (>=0) (min=0.7737)
phase: grind

Stop requested with e + Enter. Finishing control loop...
params/sequence.txt updated after control loop (73 queued values).

Joint motion [deg]:
joint    start   final   delta
------------------------------
q1       -2.7    -5.3    -2.5
q2       18.1    31.9    13.8
q3       -5.1     0.4     5.6
q4     -122.8  -123.2    -0.4
q5       17.5    -2.2   -19.7
q6      139.5   148.8     9.4
q7       26.8    43.9    17.1

=== Final result ===
p_d = [529.3, -39.4, -133.3] mm
p_EE = [536.2, -45.8, 25.2] mm
e_p = [-6.9, 6.4, -158.6] mm
position_error = 158.83 mm
e_R = [0.70, -1.13, -0.76] deg
rotation_error = 1.53 deg
csv: surface_grinding_controller_log.csv
