
====================================================================
  SURFACE GRINDING CONTROLLER
====================================================================
  robot              172.16.0.2
--------------------------------------------------------------------

Press Enter to recover and configure the robot.
  Robot recovered or already ready.

====================================================================
  STARTUP MODE
====================================================================
  run     s   run the phase sequence from q_init
          h   hold the q_init pose
          t   hold with the set-up impedance, to test those gains
          g   hand-guide the start pose, then choose
--------------------------------------------------------------------
  set up  q   go to q_init and inspect
          o   open the hand now
          c   grasp the tool now
          r   recalibrate the hand width, fingers empty
          f   fetch the tool from the holder
          b   put the tool back
--------------------------------------------------------------------
  quit    e   stop and quit
--------------------------------------------------------------------
  in a run    e stop | m menu | g hand-guide | s sequence | t hold
--------------------------------------------------------------------
Choice [s/h/t/g/q/o/c/r/f/b/e]: 
-- selected: phase sequence ----------------------------------------

-- moving to q_init ------------------------------------------------
  case               horizontal_table_search
  q1..q7 [deg]     = [0.8, 12.1, -0.5, -130.9, -0.2, 142.9, 44.7] deg
  horizontal_table_search = [0.014777, 0.210911, -0.009320, -2.284835, -0.002725, 2.493410, 0.780694] rad
  q_init reached.

-- start pose ------------------------------------------------------
  q_start          = [0.8, 12.1, -0.5, -130.9, -0.2, 142.9, 44.7] deg
  p_start          = [    531.3,       2.5,     156.8] mm

====================================================================
  RUN
====================================================================

-- phase: approach_orient ------------------------------------------
  Kp [t1,t2,n]     = [    150.0,     150.0,     150.0] N/m
  Dp [t1,t2,n]     = [    126.5,     103.6,     128.3] Ns/m     auto (factor 1.90)
  KR [t1,t2,n]     = [     90.0,      90.0,      90.0] Nm/rad
  DR [t1,t2,n]     = [     13.5,      15.8,       2.0] Nms/rad  auto (factor 1.90)
orient:     t=  0.0 s | axis_err= 11.1 deg | spin_err=  0.7 deg
orient:     t=  0.2 s | axis_err= 10.3 deg | spin_err=  0.6 deg
orient:     t=  0.4 s | axis_err=  7.8 deg | spin_err=  0.4 deg
orient:     t=  0.6 s | axis_err=  4.6 deg | spin_err=  0.0 deg
orient:     t=  0.8 s | axis_err=  2.9 deg | spin_err=  0.0 deg
orient:     t=  1.0 s | axis_err=  2.4 deg | spin_err=  0.0 deg
orient:     t=  1.2 s | axis_err=  2.2 deg | spin_err=  0.0 deg
orient:     t=  1.4 s | axis_err=  2.1 deg | spin_err=  0.0 deg
orient:     t=  1.6 s | axis_err=  2.0 deg | spin_err=  0.0 deg

Orientation reached: axis_err=2.0 deg | spin_err=0.1 deg

-- phase: approach_descend -----------------------------------------
  Kp [t1,t2,n]     = [    150.0,     150.0,     150.0] N/m
  Dp [t1,t2,n]     = [    126.5,     103.6,     128.3] Ns/m     auto (factor 1.90)
  KR [t1,t2,n]     = [     90.0,      90.0,      90.0] Nm/rad
  DR [t1,t2,n]     = [     13.5,      15.8,       2.0] Nms/rad  auto (factor 1.90)
  descend to         20 mm clearance at 0.100 m/s
descend:    t=  0.0 s | distance=   0.1 mm | height=+122.3 mm (target 20.0) | force= -0.0 N
descend:    t=  0.2 s | distance=  20.2 mm | height=+111.1 mm (target 20.0) | force=  1.9 N
descend:    t=  0.4 s | distance=  40.3 mm | height= +95.5 mm (target 20.0) | force=  2.5 N
descend:    t=  0.6 s | distance=  60.4 mm | height= +79.1 mm (target 20.0) | force=  2.5 N
descend:    t=  0.8 s | distance=  80.5 mm | height= +62.5 mm (target 20.0) | force=  3.2 N
descend:    t=  1.0 s | distance= 100.6 mm | height= +45.3 mm (target 20.0) | force=  1.6 N
descend:    t=  1.2 s | distance= 120.7 mm | height= +28.1 mm (target 20.0) | force=  3.2 N

[GATE] Reached 20 mm above the plane. Press Enter to start the set-up press (e+Enter stops).

-- gate hold -------------------------------------------------------
  Kp [x,y,z]       = [   5000.0,    5000.0,    5000.0] N/m
  Dp [x,y,z]       = [    207.6,     155.1,     235.8] Ns/m     auto
  KR [t1,t2,n]     = [     90.0,      90.0,      90.0] Nm/rad
  DR [t1,t2,n]     = [     11.2,      14.3,       2.5] Nms/rad  auto
[GATE] Continuing to the set-up press.

Clearance reached: distance=130.1 mm | height=19.9 mm | target=20.0 mm | force=2.9 N (not used for the switch)
  offset_ee        = [     20.0,     -60.0,      20.0] mm
  p_EE_at_contact  = [    502.3,      -4.0,      45.5] mm
  contact_point    = [    517.9,      53.9,      -1.4] mm
  edge_offset      = [     15.6,      57.9,     -46.9] mm

-- phase: set_up ---------------------------------------------------

-- set-up impedance ------------------------------------------------
  law                wrench = K_TCP*dx + D_TCP*dv
                     K_TCP  = Ad(r_c)^T * blkdiag(Kp,KR) * Ad(r_c)
  Kp [t1,t2,n]     = [   2000.0,    2000.0,     800.0] N/m
  Dp [t1,t2,n]     = [    225.3,     188.7,     167.5] Ns/m     auto
  KR [t1,t2,n]     = [      5.0,       5.0,      50.0] Nm/rad
  DR [t1,t2,n]     = [      1.6,       2.0,       1.1] Nms/rad  auto
  p_c [EE]         = [      0.0,       0.0,       0.0] mm       the pole on the tool, from p_EE
  r_c [t1,t2,n]    = [      0.0,       0.0,       0.0] mm       commanded: p_TCP - p_c, in the plane
set_up:     t=  0.0 s | tip=  0.0 deg | F=  0.0 N | M=  0.0 Nm (limit 150.0) | edge= 19.8 mm
set_up:     t=  0.2 s | tip=  0.6 deg | F=  0.1 N | M=  1.1 Nm (limit 150.0) | edge= 10.9 mm
set_up:     t=  0.4 s | tip=  0.9 deg | F=  0.8 N | M=  1.2 Nm (limit 150.0) | edge=  4.3 mm
set_up:     t=  0.6 s | tip=  1.1 deg | F= 13.1 N | M=  6.8 Nm (limit 150.0) | edge=  2.5 mm
set_up:     t=  0.8 s | tip=  1.1 deg | F= 19.5 N | M= 10.0 Nm (limit 150.0) | edge=  2.6 mm
set_up:     t=  1.0 s | tip=  1.1 deg | F= 27.6 N | M= 14.2 Nm (limit 150.0) | edge=  2.8 mm
set_up:     t=  1.2 s | tip=  1.1 deg | F= 36.1 N | M= 18.4 Nm (limit 150.0) | edge=  3.0 mm
set_up:     t=  1.4 s | tip=  1.2 deg | F= 43.5 N | M= 22.2 Nm (limit 150.0) | edge=  3.3 mm
set_up:     t=  1.6 s | tip=  1.3 deg | F= 50.8 N | M= 25.9 Nm (limit 150.0) | edge=  3.6 mm
set_up:     t=  1.8 s | tip=  1.3 deg | F= 45.5 N | M= 23.0 Nm (limit 150.0) | edge=  3.5 mm
set_up:     t=  2.0 s | tip=  1.3 deg | F= 45.1 N | M= 22.9 Nm (limit 150.0) | edge=  3.5 mm
set_up:     t=  2.2 s | tip=  1.3 deg | F= 45.0 N | M= 22.8 Nm (limit 150.0) | edge=  3.5 mm
set_up:     t=  2.4 s | tip=  1.3 deg | F= 44.9 N | M= 22.7 Nm (limit 150.0) | edge=  3.5 mm
set_up:     t=  2.6 s | tip=  1.3 deg | F= 44.9 N | M= 22.7 Nm (limit 150.0) | edge=  3.5 mm
set_up:     t=  2.8 s | tip=  1.3 deg | F= 45.0 N | M= 22.8 Nm (limit 150.0) | edge=  3.5 mm
set_up:     t=  3.0 s | tip=  1.3 deg | F= 45.0 N | M= 22.8 Nm (limit 150.0) | edge=  3.5 mm
set_up:     t=  3.2 s | tip=  1.3 deg | F= 45.0 N | M= 22.8 Nm (limit 150.0) | edge=  3.5 mm
set_up:     t=  3.4 s | tip=  1.3 deg | F= 44.9 N | M= 22.7 Nm (limit 150.0) | edge=  3.5 mm
set_up:     t=  3.6 s | tip=  1.3 deg | F= 45.0 N | M= 22.8 Nm (limit 150.0) | edge=  3.5 mm
set_up:     t=  3.8 s | tip=  1.3 deg | F= 45.0 N | M= 22.8 Nm (limit 150.0) | edge=  3.5 mm
set_up:     t=  4.0 s | tip=  1.3 deg | F= 45.0 N | M= 22.8 Nm (limit 150.0) | edge=  3.5 mm
set_up:     t=  4.2 s | tip=  1.3 deg | F= 45.1 N | M= 22.8 Nm (limit 150.0) | edge=  3.5 mm
set_up:     t=  4.4 s | tip=  1.3 deg | F= 45.0 N | M= 22.8 Nm (limit 150.0) | edge=  3.5 mm
set_up:     t=  4.6 s | tip=  1.3 deg | F= 45.1 N | M= 22.8 Nm (limit 150.0) | edge=  3.5 mm
set_up:     t=  4.8 s | tip=  1.3 deg | F= 45.0 N | M= 22.8 Nm (limit 150.0) | edge=  3.5 mm

====================================================================
  SET-UP RESULT
====================================================================
  stop: time | t=5.0 s | tip=1.3 deg | F=45.1 N | M=22.8 Nm
  edge_from_contact = [-3.1, -0.0, -1.8] mm | norm=3.5 mm
  tcp_from_contact  = [-18.1, -58.7, +25.1] mm | norm=66.4 mm
  alignment: before=9.59 deg | after=10.60 deg | gain=-1.00 deg
  alignment components [t1,t2,n] deg: before=[+1.93,+9.40,-0.00] | after=[+2.75,+10.23,+0.00]

-- set-up surface-frame breakdown ----------------------------------
  frame              alignment-target [tangent1, tangent2, normal]
  force        [N]      = [    -2.66,     +0.33,    -44.97]
  tcp_disp     [mm]     = [    +2.02,     -0.64,    -21.88]
  edge_disp    [mm]     = [    +2.72,     -1.32,     -1.83]
  Kp_eff=F/tcp [N/m]    = [  -1315.2,    -519.7,    2055.5]
  moment@edge  [Nm]     = [   -11.93,    -18.90,     +0.04]
  tip_angle    [deg]    = [    +0.90,     +0.81,     -0.42]
  KR_eff=M/ang [Nm/rad] = [   -755.9,   -1330.5,      -6.0]

-- centre of compliance --------------------------------------------
  definition         r_c = p_TCP - p_c
  p_TCP [x,y,z]    = [    502.3,      -4.0,      45.5] mm
  p_c [EE]         = [     -0.0,      -0.0,       0.0] mm
  r_c [t1,t2,n]    = [      0.0,       0.0,       0.0] mm
                     p_c resolved at first contact

-- what the TCP feels ----------------------------------------------
  K_TCP translation = [   1999.6,    1999.1,     801.3] N/m
  K_TCP rotation   = [      5.0,       5.0,      50.0] Nm/rad
  commanded KR was = [      5.0,       5.0,      50.0] Nm/rad   the rest is the lever
  D_TCP translation = [    218.7,     195.2,     167.5] Ns/m
  D_TCP rotation   = [      1.6,       1.9,       1.1] Nms/rad
  coupling           max |moment per unit translation| = 0.0 Nm/m (K), 0.0 Nms/m (D)
  eigenvalues        K_TCP 5.00 .. 2000 | D_TCP 1.10 .. 225  (both positive: valid springs)

  K_TCP [N/m, Nm/rad | rows fx..mz, cols tx..rz]:
           tx        ty        tz    |    rx        ry        rz
  fx [    2000  -0.5725   -20.68 |        0        0        0 ]
  fy [ -0.5725     1999   -33.18 |        0        0        0 ]
  fz [  -20.68   -33.18    801.3 |        0        0        0 ]
     ---------------------------+---------------------------
  mx [       0        0        0 |    5.013  0.02147   0.7756 ]
  my [       0        0        0 |  0.02147    5.034    1.244 ]
  mz [       0        0        0 |   0.7756    1.244    49.95 ]

  D_TCP [Ns/m, Nms/rad]:
           tx        ty        tz    |    rx        ry        rz
  fx [   218.7    14.03   -1.273 |        0        0        0 ]
  fy [   14.03    195.2   -1.009 |        0        0        0 ]
  fz [  -1.273   -1.009    167.5 |        0        0        0 ]
     ---------------------------+---------------------------
  mx [       0        0        0 |    1.631  -0.1601 -0.004787 ]
  my [       0        0        0 |  -0.1601    1.898 -0.01942 ]
  mz [       0        0        0 | -0.004787 -0.01942    1.098 ]

[GATE] Set up finished (holding the pressed pose). Press Enter to start the grind (e+Enter stops).

Stop requested with e + Enter. Finishing control loop...

-- joint motion [deg] ----------------------------------------------
  joint       start    final    delta
  q1            0.8      0.6     -0.2
  q2           12.1     29.4    +17.3
  q3           -0.5     -0.6     -0.0
  q4         -130.9   -127.4     +3.5
  q5           -0.2     -5.4     -5.3
  q6          142.9    145.6     +2.7
  q7           44.7     49.5     +4.8

====================================================================
  FINAL RESULT
====================================================================
  p_d              = [    500.9,      -6.2,     -34.3] mm
  p_EE             = [    499.8,      -4.8,      23.7] mm
  e_p              = [      1.1,      -1.3,     -58.0] mm
  e_R              = [    -0.48,     -1.13,     -0.38] deg
--------------------------------------------------------------------
  position error     58.03 mm
  rotation error     1.29 deg
  csv                logs/surface_grinding_controller_log.csv
--------------------------------------------------------------------
