
Press Enter to recover and configure the robot.
Robot recovered or already ready.
Collision: custom thresholds.

=== Startup choice ===
  q = go to q_init (from params/common.txt), then choose again
  g = guiding mode: go to q_init, then hand-guide to your pose;
      use s+Enter for sequence or h+Enter for hold
  o = open the Franka hand now (release/load tool), then choose again
  c = close/grasp the tool now, then choose again
  r = continue to run mode (available after q_init is reached)
Choice [q/g/o/c/r, Enter = q]: Moving to q_init...
q_init reached.

=== Startup choice ===
  q = go to q_init (from params/common.txt), then choose again
  g = guiding mode: go to q_init, then hand-guide to your pose;
      use s+Enter for sequence or h+Enter for hold
  o = open the Franka hand now (release/load tool), then choose again
  c = close/grasp the tool now, then choose again
  r = continue to run mode
Choice [q/g/o/c/r, Enter = q]: 
=== Run mode ===
  s = phase sequence (approach / set up / grind)
  h = hold at the start pose
Choice [s/h, Enter = s]: Selected: phase sequence. Nullspace mode from parameters: nullspace_damping_plus_sigma.

=== Setup ===
run: phase sequence | approach_orient: on | nullspace: nullspace_damping_plus_sigma
nullspace parameters: d_null=2.000 | k_sigma=1.000 Nm | alpha=0.0800 rad
hold: Kp=300.0 N/m | KR=40.0 Nm/rad | damping=auto translation+rotation (factor fitted online toward Dp=50.0 Ns/m)
manual_guidance_start: off | manual_damping=0.50
descend: clearance=20.0 mm | speed=0.100 m/s | max_distance=640 mm
alignment push: start=captured | end=+180 mm | speed=0.050 m/s | ramp_time~=4.0 s | timeout=12.0 s | moment_threshold=150.0 Nm
grind: sweep | axis=tangent2 | amplitude=30 mm | frequency=0.20 Hz
coupled stiffness: apply=on | saved=yes | pole=manual
gates: pause_before_set_up=on | pause_auto_damping=on | pause_before_grind=off | debug_period=0.20 s
alignment-target normal=[+0.087, -0.000, +0.996] | tilt a(x)=0.0 deg, b(y)=5.0 deg (from angles)
tool face: 40 x 120 mm | center offset EE=[+0.0, +0.0, +20.0] mm
Gripper already holding the tool (width 65.0 mm); keeping grasp.
Press e+Enter to stop the controller before the duration expires.
During hold: press g+Enter to hand-guide the tool, then p+Enter to recapture and resume hold.
experiment_duration <= 0: running indefinitely until e + Enter.

=== Start pose ===
q_start = [-2.7, 18.1, -5.1, -122.8, 17.5, 139.5, 26.8] deg
p_start = [565.2, -59.3, 151.1] mm

=== Run ===
phase: approach_orient
orient:     t=  0.0 s | axis_err= 11.5 deg | rot_err= 11.5 deg
approach Dp        auto=[ 134.15,   97.25,  122.28]  manual=[  20.00,   20.00,   20.00] Ns/m
approach DR        auto=[  12.73,   16.36,    4.08]  manual=[  12.00,   12.00,   12.00] Nms/rad
orient:     t=  0.2 s | axis_err=  4.5 deg | rot_err=  4.5 deg
orient:     t=  0.4 s | axis_err=  2.3 deg | rot_err=  2.3 deg

Orientation reached: axis_err=1.9 deg
phase: approach_descend
descend:    t=  0.0 s | distance=   0.1 mm | height= +98.3 mm (target 20.0) | force=  0.0 N
descend:    t=  0.2 s | distance=  20.1 mm | height= +86.4 mm (target 20.0) | force=  0.7 N
descend:    t=  0.4 s | distance=  40.1 mm | height= +69.5 mm (target 20.0) | force=  1.5 N
descend:    t=  0.6 s | distance=  60.2 mm | height= +51.9 mm (target 20.0) | force=  2.4 N
descend:    t=  0.8 s | distance=  80.3 mm | height= +34.1 mm (target 20.0) | force=  1.4 N

[GATE] Reached 20 mm above the plane. Press Enter to start the set-up press (e+Enter stops).
pause auto damping: fitted Dp factor=0.551, DR factor=1.960
pause Dp [xyz]     auto=[ 206.55,  155.27,  224.86]  manual=[ 200.00,  200.00,  200.00] Ns/m
pause DR [t1t2n]   auto=[  11.73,   17.28,    2.04]  manual=[  12.73,   16.36,    4.08] Nms/rad
[GATE] Continuing to the set-up press.
descend:    t=  1.4 s | distance=  96.3 mm | height= +19.5 mm (target 20.0) | force=  0.2 N

Clearance reached: distance=96.3 mm | height=19.5 mm | target=20.0 mm | force=0.2 N (not used for the switch)
offset_ee = [20.0, 60.0, 20.0] mm
p_EE_at_contact = [546.5, -66.0, 65.4] mm
contact_point = [560.3, -126.7, 24.1] mm
edge_offset_base = [13.8, -60.7, -41.3] mm
phase: set_up
set_up Dp [xyz]    auto=[ 237.05,  178.23,  108.10]  manual=[  10.00,   10.00,  175.00] Ns/m
set_up DR [t1t2n]  auto=[   1.41,    2.07,    0.77]  manual=[  10.01,   10.01,   10.00] Nms/rad
set_up:     t=  0.0 s | tip=  0.0 deg | F=  0.0 N | M=  0.0 Nm (limit 150.0) | edge= 19.5 mm
set_up:     t=  0.2 s | tip=  0.5 deg | F=  1.3 N | M=  0.6 Nm (limit 150.0) | edge= 13.4 mm
set_up:     t=  0.4 s | tip=  1.2 deg | F=  2.2 N | M=  1.0 Nm (limit 150.0) | edge=  6.6 mm
set_up:     t=  0.6 s | tip=  1.8 deg | F=  2.7 N | M=  1.2 Nm (limit 150.0) | edge=  5.7 mm
set_up:     t=  0.8 s | tip=  2.4 deg | F=  2.1 N | M=  0.7 Nm (limit 150.0) | edge= 13.2 mm
set_up:     t=  1.0 s | tip=  2.5 deg | F= 11.6 N | M=  6.2 Nm (limit 150.0) | edge= 20.2 mm
set_up:     t=  1.2 s | tip=  2.5 deg | F= 12.6 N | M=  7.0 Nm (limit 150.0) | edge= 20.1 mm
set_up:     t=  1.4 s | tip=  2.5 deg | F= 16.6 N | M=  9.3 Nm (limit 150.0) | edge= 20.3 mm
set_up:     t=  1.6 s | tip=  2.5 deg | F= 20.3 N | M= 11.3 Nm (limit 150.0) | edge= 20.4 mm
set_up:     t=  1.8 s | tip=  2.5 deg | F= 24.0 N | M= 13.2 Nm (limit 150.0) | edge= 20.5 mm
set_up:     t=  2.0 s | tip=  2.5 deg | F= 27.8 N | M= 15.2 Nm (limit 150.0) | edge= 20.7 mm
set_up:     t=  2.2 s | tip=  2.5 deg | F= 31.4 N | M= 17.0 Nm (limit 150.0) | edge= 20.8 mm
set_up:     t=  2.4 s | tip=  2.5 deg | F= 35.3 N | M= 18.9 Nm (limit 150.0) | edge= 21.0 mm
set_up:     t=  2.6 s | tip=  2.5 deg | F= 39.0 N | M= 20.7 Nm (limit 150.0) | edge= 21.1 mm
set_up:     t=  2.8 s | tip=  2.6 deg | F= 42.8 N | M= 22.6 Nm (limit 150.0) | edge= 21.3 mm
set_up:     t=  3.0 s | tip=  2.6 deg | F= 46.3 N | M= 24.4 Nm (limit 150.0) | edge= 21.5 mm
set_up:     t=  3.2 s | tip=  2.6 deg | F= 50.0 N | M= 26.2 Nm (limit 150.0) | edge= 21.6 mm
set_up:     t=  3.4 s | tip=  2.6 deg | F= 53.7 N | M= 28.0 Nm (limit 150.0) | edge= 21.8 mm
set_up:     t=  3.6 s | tip=  2.6 deg | F= 57.9 N | M= 30.1 Nm (limit 150.0) | edge= 22.0 mm
set_up:     t=  3.8 s | tip=  2.6 deg | F= 61.4 N | M= 31.9 Nm (limit 150.0) | edge= 22.1 mm
set_up:     t=  4.0 s | tip=  2.7 deg | F= 66.1 N | M= 34.5 Nm (limit 150.0) | edge= 22.2 mm
set_up:     t=  4.2 s | tip=  2.7 deg | F= 61.5 N | M= 31.7 Nm (limit 150.0) | edge= 22.2 mm
set_up:     t=  4.4 s | tip=  2.7 deg | F= 61.5 N | M= 31.7 Nm (limit 150.0) | edge= 22.2 mm
set_up:     t=  4.6 s | tip=  2.7 deg | F= 61.5 N | M= 31.7 Nm (limit 150.0) | edge= 22.2 mm
set_up:     t=  4.8 s | tip=  2.7 deg | F= 61.4 N | M= 31.7 Nm (limit 150.0) | edge= 22.2 mm
set_up:     t=  5.0 s | tip=  2.7 deg | F= 61.4 N | M= 31.6 Nm (limit 150.0) | edge= 22.2 mm
set_up:     t=  5.2 s | tip=  2.7 deg | F= 61.4 N | M= 31.6 Nm (limit 150.0) | edge= 22.2 mm
set_up:     t=  5.4 s | tip=  2.7 deg | F= 61.4 N | M= 31.6 Nm (limit 150.0) | edge= 22.2 mm
set_up:     t=  5.6 s | tip=  2.7 deg | F= 61.4 N | M= 31.6 Nm (limit 150.0) | edge= 22.2 mm
set_up:     t=  5.8 s | tip=  2.7 deg | F= 61.3 N | M= 31.6 Nm (limit 150.0) | edge= 22.2 mm
set_up:     t=  6.0 s | tip=  2.7 deg | F= 61.3 N | M= 31.6 Nm (limit 150.0) | edge= 22.2 mm
set_up:     t=  6.2 s | tip=  2.7 deg | F= 61.3 N | M= 31.6 Nm (limit 150.0) | edge= 22.2 mm
set_up:     t=  6.4 s | tip=  2.7 deg | F= 61.3 N | M= 31.5 Nm (limit 150.0) | edge= 22.2 mm
set_up:     t=  6.6 s | tip=  2.7 deg | F= 61.3 N | M= 31.6 Nm (limit 150.0) | edge= 22.2 mm
set_up:     t=  6.8 s | tip=  2.7 deg | F= 61.3 N | M= 31.6 Nm (limit 150.0) | edge= 22.2 mm
set_up:     t=  7.0 s | tip=  2.7 deg | F= 61.3 N | M= 31.6 Nm (limit 150.0) | edge= 22.2 mm
set_up:     t=  7.2 s | tip=  2.7 deg | F= 61.3 N | M= 31.6 Nm (limit 150.0) | edge= 22.2 mm
set_up:     t=  7.4 s | tip=  2.7 deg | F= 61.3 N | M= 31.6 Nm (limit 150.0) | edge= 22.2 mm
set_up:     t=  7.6 s | tip=  2.7 deg | F= 61.3 N | M= 31.6 Nm (limit 150.0) | edge= 22.2 mm
set_up:     t=  7.8 s | tip=  2.7 deg | F= 61.3 N | M= 31.6 Nm (limit 150.0) | edge= 22.2 mm
set_up:     t=  8.0 s | tip=  2.7 deg | F= 61.3 N | M= 31.6 Nm (limit 150.0) | edge= 22.2 mm
set_up:     t=  8.2 s | tip=  2.7 deg | F= 61.3 N | M= 31.5 Nm (limit 150.0) | edge= 22.2 mm
set_up:     t=  8.4 s | tip=  2.7 deg | F= 61.3 N | M= 31.6 Nm (limit 150.0) | edge= 22.2 mm
set_up:     t=  8.6 s | tip=  2.7 deg | F= 61.3 N | M= 31.6 Nm (limit 150.0) | edge= 22.2 mm
set_up:     t=  8.8 s | tip=  2.7 deg | F= 61.3 N | M= 31.5 Nm (limit 150.0) | edge= 22.2 mm
set_up:     t=  9.0 s | tip=  2.7 deg | F= 61.3 N | M= 31.5 Nm (limit 150.0) | edge= 22.2 mm
set_up:     t=  9.2 s | tip=  2.7 deg | F= 61.3 N | M= 31.6 Nm (limit 150.0) | edge= 22.2 mm
set_up:     t=  9.4 s | tip=  2.7 deg | F= 61.3 N | M= 31.5 Nm (limit 150.0) | edge= 22.2 mm
set_up:     t=  9.6 s | tip=  2.7 deg | F= 61.3 N | M= 31.6 Nm (limit 150.0) | edge= 22.2 mm
set_up:     t=  9.8 s | tip=  2.7 deg | F= 61.3 N | M= 31.6 Nm (limit 150.0) | edge= 22.2 mm
set_up:     t= 10.0 s | tip=  2.7 deg | F= 61.4 N | M= 31.6 Nm (limit 150.0) | edge= 22.2 mm
set_up:     t= 10.2 s | tip=  2.7 deg | F= 61.4 N | M= 31.6 Nm (limit 150.0) | edge= 22.2 mm
set_up:     t= 10.4 s | tip=  2.7 deg | F= 61.4 N | M= 31.6 Nm (limit 150.0) | edge= 22.2 mm
set_up:     t= 10.6 s | tip=  2.7 deg | F= 61.3 N | M= 31.5 Nm (limit 150.0) | edge= 22.2 mm
set_up:     t= 10.8 s | tip=  2.7 deg | F= 61.4 N | M= 31.6 Nm (limit 150.0) | edge= 22.2 mm
set_up:     t= 11.0 s | tip=  2.7 deg | F= 61.4 N | M= 31.6 Nm (limit 150.0) | edge= 22.2 mm
set_up:     t= 11.2 s | tip=  2.7 deg | F= 61.4 N | M= 31.6 Nm (limit 150.0) | edge= 22.2 mm
set_up:     t= 11.4 s | tip=  2.7 deg | F= 61.4 N | M= 31.6 Nm (limit 150.0) | edge= 22.2 mm
set_up:     t= 11.6 s | tip=  2.7 deg | F= 61.3 N | M= 31.6 Nm (limit 150.0) | edge= 22.2 mm
set_up:     t= 11.8 s | tip=  2.7 deg | F= 61.4 N | M= 31.6 Nm (limit 150.0) | edge= 22.2 mm

=== Set-up result ===
stop: time | t=12.0 s | tip=2.7 deg | F=61.4 N | M=31.6 Nm
edge_from_contact = [-7.8, +0.4, -20.8] mm | norm=22.2 mm
tcp_from_contact  = [-22.0, +61.1, +1.8] mm | norm=65.0 mm
alignment: before=0.40 deg | after=2.85 deg | gain=-2.45 deg

=== Set-up surface-frame breakdown ===
frame: alignment-target [tangent1, tangent2, normal]
force        [N]      = [   -15.37,     -0.78,    -59.39]
tcp_disp     [mm]     = [    -4.77,     +0.44,    -40.07]
edge_disp    [mm]     = [    -6.00,     +0.40,    -21.40]
Kp_eff=F/tcp [N/m]    = [   3225.4,   -1762.3,    1482.2]
moment@edge  [Nm]     = [    +3.74,    +29.38,     -1.31]
tip_angle    [deg]    = [    -0.08,     -2.64,     +0.26]
KR_eff=M/ang [Nm/rad] = [  -2650.8,    -637.2,    -288.8]

finite_axis: angle=2.7 deg | axis_from_edge=[-449.4, +25.8, +158.3] mm | dir=[+0.022, +0.995, -0.100] | pitch=+49.8 mm/rad

=== Coupled stiffness from the measured pole ===
source spring K_pole/D_pole (diagonal, from parameters):
  Kp [N/m]     = [2000, 2000, 350]
  KR [Nm/rad]  = [5, 5, 50]
  Dp [Ns/m]    = [10, 10, 175]
  DR [Nms/rad] = [10.01, 10.01, 10]

poles compared (lever r_c = TCP - pole):
  (A) measured axis : angle=2.7 deg | pitch=+49.8 mm/rad
      pole_from_edge = [-441.5, 27.7, 178.8] mm
      r_c            = [427.3, 33.1, -156.2] mm
  (B) manual pole   : COMMANDED this run, contact reference
      pole_from_edge = [14.8, -0.4, 100.5] mm
      r_c            = [-20.7, 60.7, -38.4] mm
      r_c(B)-r_c(A)  = [-448.1, 27.6, 117.8] mm

K_TCP = Ad^T K_pole Ad  [rows fx..mz | cols tx..rz]:
  (A) measured axis:
           tx        ty        tz    |    rx        ry        rz
  fx [    2000        0        0 |        0    312.4    66.11 ]
  fy [       0     2000        0 |   -312.4        0   -854.6 ]
  fz [       0        0      350 |   -11.57    149.6        0 ]
     ---------------------------+---------------------------
  mx [       0   -312.4   -11.57 |    54.53   -4.943    137.4 ]
  my [   312.4        0    149.6 |   -4.943    117.7    10.33 ]
  mz [   66.11   -854.6        0 |    137.4    10.33      417 ]
  (A) K_TCP eigenvalues = [4.131, 4.929, 41.84, 413.1, 2051, 2424] -> PSD ok (>=0) (min=4.131)
  (B) manual pole:
           tx        ty        tz    |    rx        ry        rz
  fx [    2000        0        0 |        0    76.75    121.4 ]
  fy [       0     2000        0 |   -76.75        0    41.48 ]
  fz [       0        0      350 |   -21.24   -7.258        0 ]
     ---------------------------+---------------------------
  mx [       0   -76.75   -21.24 |    9.576   0.4405    2.315 ]
  my [   76.75        0   -7.258 |   0.4405    8.096    4.658 ]
  mz [   121.4    41.48        0 |    2.315    4.658    57.88 ]
  (B) K_TCP eigenvalues = [4.972, 4.992, 49.8, 351.5, 2003, 2011] -> PSD ok (>=0) (min=4.972)

D_TCP = Ad^T D_pole Ad:
  (A) measured axis:
           tx        ty        tz    |    rx        ry        rz
  fx [   237.1        0        0 |        0    37.03    7.835 ]
  fy [       0    178.2        0 |   -27.84        0   -76.16 ]
  fz [       0        0    108.1 |   -3.573    46.19        0 ]
     ---------------------------+---------------------------
  mx [       0   -27.84   -3.573 |    5.874   -1.527    11.84 ]
  my [   37.03        0    46.19 |   -1.527     27.6    1.224 ]
  mz [   7.835   -76.16        0 |    11.84    1.224    33.58 ]
  (A) D_TCP eigenvalues = [0.6465, 1.394, 1.715, 127.3, 215, 244.4] -> PSD ok (>=0) (min=0.6465)
  (B) manual pole:
           tx        ty        tz    |    rx        ry        rz
  fx [   237.1        0        0 |        0    9.097    14.38 ]
  fy [       0    178.2        0 |    -6.84        0    3.696 ]
  fz [       0        0    108.1 |   -6.559   -2.242        0 ]
     ---------------------------+---------------------------
  mx [       0    -6.84   -6.559 |    2.066    0.136  -0.1971 ]
  my [   9.097        0   -2.242 |    0.136    2.469    0.552 ]
  mz [   14.38    3.696        0 |  -0.1971    0.552    1.728 ]
  (B) D_TCP eigenvalues = [0.7709, 1.403, 2.069, 108.5, 178.6, 238.3] -> PSD ok (>=0) (min=0.7709)
phase: grind

Stop requested with e + Enter. Finishing control loop...

Joint motion [deg]:
joint    start   final   delta
------------------------------
q1       -2.7    -2.2     0.5
q2       18.1    32.6    14.5
q3       -5.1    -3.3     1.8
q4     -122.8  -121.5     1.3
q5       17.5     1.1   -16.4
q6      139.5   145.9     6.5
q7       26.8    41.5    14.7

=== Final result ===
p_d = [529.1, -48.8, -133.3] mm
p_EE = [536.7, -55.5, 25.4] mm
e_p = [-7.6, 6.8, -158.8] mm
position_error = 159.08 mm
e_R = [0.79, -2.96, 0.00] deg
rotation_error = 3.06 deg
csv: surface_grinding_controller_log.csv
