
====================================================================
  SURFACE GRINDING CONTROLLER
====================================================================
  robot              172.16.0.2
--------------------------------------------------------------------

Press Enter to recover and configure the robot.
  Robot recovered or already ready.

====================================================================
  STARTUP MODE
====================================================================
  run     s   run the phase sequence from q_init
          h   hold the q_init pose
          t   hold with the set-up impedance, to test those gains
          g   hand-guide the start pose, then choose
--------------------------------------------------------------------
  set up  q   go to q_init and inspect
          o   open the hand now
          c   grasp the tool now
          r   recalibrate the hand width, fingers empty
          f   fetch the tool from the holder
          b   put the tool back
--------------------------------------------------------------------
  quit    e   stop and quit
--------------------------------------------------------------------
  in a run    e stop | m menu | g hand-guide | s sequence | t hold
--------------------------------------------------------------------
Choice [s/h/t/g/q/o/c/r/f/b/e]: 
-- selected: phase sequence ----------------------------------------

-- moving to q_init ------------------------------------------------
  case               horizontal_table_search
  q1..q7 [deg]     = [0.8, 12.1, -0.5, -130.9, -0.2, 142.9, 44.7] deg
  horizontal_table_search = [0.014777, 0.210911, -0.009320, -2.284835, -0.002725, 2.493410, 0.780694] rad
  q_init reached.

-- start pose ------------------------------------------------------
  q_start          = [0.9, 12.1, -0.5, -130.9, -0.1, 142.9, 44.7] deg
  p_start          = [    531.3,       2.5,     156.8] mm

====================================================================
  RUN
====================================================================

-- phase: approach_orient ------------------------------------------
  Kp [t1,t2,n]     = [    150.0,     150.0,     150.0] N/m
  Dp [t1,t2,n]     = [    126.5,     103.6,     128.3] Ns/m     auto (factor 1.90)
  KR [t1,t2,n]     = [     90.0,      90.0,      90.0] Nm/rad
  DR [t1,t2,n]     = [     13.5,      15.8,       2.0] Nms/rad  auto (factor 1.90)
orient:     t=  0.0 s | axis_err=  8.6 deg | spin_err=  1.1 deg
orient:     t=  0.2 s | axis_err=  7.9 deg | spin_err=  0.5 deg
orient:     t=  0.4 s | axis_err=  5.6 deg | spin_err=  0.3 deg
orient:     t=  0.6 s | axis_err=  3.1 deg | spin_err=  0.3 deg
orient:     t=  0.8 s | axis_err=  2.4 deg | spin_err=  0.3 deg
orient:     t=  1.0 s | axis_err=  2.2 deg | spin_err=  0.3 deg
orient:     t=  1.2 s | axis_err=  2.2 deg | spin_err=  0.3 deg
orient:     t=  1.4 s | axis_err=  2.2 deg | spin_err=  0.3 deg
orient:     t=  1.6 s | axis_err=  2.2 deg | spin_err=  0.3 deg
orient:     t=  1.8 s | axis_err=  2.2 deg | spin_err=  0.3 deg
orient:     t=  2.0 s | axis_err=  2.2 deg | spin_err=  0.3 deg
orient:     t=  2.2 s | axis_err=  2.2 deg | spin_err=  0.3 deg
orient:     t=  2.4 s | axis_err=  2.2 deg | spin_err=  0.3 deg
orient:     t=  2.6 s | axis_err=  2.2 deg | spin_err=  0.3 deg
orient:     t=  2.8 s | axis_err=  2.2 deg | spin_err=  0.3 deg
orient:     t=  3.0 s | axis_err=  2.2 deg | spin_err=  0.3 deg
orient:     t=  3.2 s | axis_err=  2.2 deg | spin_err=  0.3 deg
orient:     t=  3.4 s | axis_err=  2.2 deg | spin_err=  0.3 deg
orient:     t=  3.6 s | axis_err=  2.2 deg | spin_err=  0.3 deg
orient:     t=  3.8 s | axis_err=  2.2 deg | spin_err=  0.3 deg
orient:     t=  4.0 s | axis_err=  2.2 deg | spin_err=  0.3 deg
orient:     t=  4.2 s | axis_err=  2.2 deg | spin_err=  0.3 deg
orient:     t=  4.4 s | axis_err=  2.2 deg | spin_err=  0.3 deg
orient:     t=  4.6 s | axis_err=  2.2 deg | spin_err=  0.3 deg
orient:     t=  4.8 s | axis_err=  2.2 deg | spin_err=  0.3 deg

Orientation settled short of the 2.0 deg gate after 5.0 s: axis_err=2.2 deg | spin_err=0.3 deg

-- phase: approach_descend -----------------------------------------
  Kp [t1,t2,n]     = [    150.0,     150.0,     150.0] N/m
  Dp [t1,t2,n]     = [    126.5,     103.6,     128.3] Ns/m     auto (factor 1.90)
  KR [t1,t2,n]     = [     90.0,      90.0,      90.0] Nm/rad
  DR [t1,t2,n]     = [     13.5,      15.8,       2.0] Nms/rad  auto (factor 1.90)
  descend to         20 mm clearance at 0.100 m/s
descend:    t=  0.0 s | distance=   0.1 mm | height=+134.4 mm (target 20.0) | force=  0.0 N
descend:    t=  0.2 s | distance=  20.1 mm | height=+123.8 mm (target 20.0) | force=  0.3 N
descend:    t=  0.4 s | distance=  40.1 mm | height=+107.2 mm (target 20.0) | force=  1.4 N
descend:    t=  0.6 s | distance=  60.1 mm | height= +89.9 mm (target 20.0) | force=  1.6 N
descend:    t=  0.8 s | distance=  80.1 mm | height= +72.2 mm (target 20.0) | force=  1.4 N
descend:    t=  1.0 s | distance= 100.1 mm | height= +53.9 mm (target 20.0) | force=  0.7 N
descend:    t=  1.2 s | distance= 120.1 mm | height= +35.5 mm (target 20.0) | force=  1.4 N

[GATE] Reached 20 mm above the plane. Press Enter to start the set-up press (e+Enter stops).

-- gate hold -------------------------------------------------------
  Kp [x,y,z]       = [   5000.0,    5000.0,    5000.0] N/m
  Dp [x,y,z]       = [    204.6,     151.3,     246.9] Ns/m     auto
  KR [t1,t2,n]     = [     90.0,      90.0,      90.0] Nm/rad
  DR [t1,t2,n]     = [     13.8,      12.0,       2.6] Nms/rad  auto
[GATE] Continuing to the set-up press.

Clearance reached: distance=136.9 mm | height=19.9 mm | target=20.0 mm | force=0.9 N (not used for the switch)
  offset_ee        = [    -20.0,      60.0,      20.0] mm
  p_EE_at_contact  = [    536.6,      10.9,      46.1] mm
  contact_point    = [    517.5,     -48.2,       1.4] mm
  edge_offset      = [    -19.2,     -59.1,     -44.7] mm

-- phase: set_up ---------------------------------------------------

-- set-up impedance ------------------------------------------------
  law                wrench = K_TCP*dx + D_TCP*dv
                     K_TCP  = Ad(r_c)^T * blkdiag(Kp,KR) * Ad(r_c)
  Kp [t1,t2,n]     = [   2000.0,    2000.0,     800.0] N/m
  Dp [t1,t2,n]     = [    212.7,     187.6,     172.1] Ns/m     auto
  KR [t1,t2,n]     = [      5.0,       5.0,      50.0] Nm/rad
  DR [t1,t2,n]     = [      1.8,       1.6,       1.1] Nms/rad  auto
  p_c [EE]         = [     43.4,     -51.1,     -52.0] mm       the pole on the tool, from p_EE
  r_c [t1,t2,n]    = [     54.4,      25.4,     -60.0] mm       commanded: p_TCP - p_c, in the plane
set_up:     t=  0.0 s | tip=  0.0 deg | F=  0.0 N | M=  0.0 Nm (limit 150.0) | edge= 19.8 mm
set_up:     t=  0.2 s | tip=  0.4 deg | F=  1.6 N | M=  1.4 Nm (limit 150.0) | edge= 10.4 mm
set_up:     t=  0.4 s | tip=  1.0 deg | F=  1.6 N | M=  1.4 Nm (limit 150.0) | edge=  5.2 mm
set_up:     t=  0.6 s | tip=  1.2 deg | F= 11.6 N | M=  7.2 Nm (limit 150.0) | edge=  3.4 mm
set_up:     t=  0.8 s | tip=  1.2 deg | F= 18.3 N | M= 10.7 Nm (limit 150.0) | edge=  2.7 mm
set_up:     t=  1.0 s | tip=  1.3 deg | F= 26.6 N | M= 15.1 Nm (limit 150.0) | edge=  2.5 mm
set_up:     t=  1.2 s | tip=  1.3 deg | F= 34.6 N | M= 19.7 Nm (limit 150.0) | edge=  2.6 mm
set_up:     t=  1.4 s | tip=  1.5 deg | F= 41.9 N | M= 23.8 Nm (limit 150.0) | edge=  2.9 mm
set_up:     t=  1.6 s | tip=  1.7 deg | F= 51.1 N | M= 28.9 Nm (limit 150.0) | edge=  3.1 mm
set_up:     t=  1.8 s | tip=  1.7 deg | F= 43.8 N | M= 25.0 Nm (limit 150.0) | edge=  2.9 mm
set_up:     t=  2.0 s | tip=  1.8 deg | F= 43.0 N | M= 24.6 Nm (limit 150.0) | edge=  3.1 mm
set_up:     t=  2.2 s | tip=  2.0 deg | F= 43.0 N | M= 24.6 Nm (limit 150.0) | edge=  3.2 mm
set_up:     t=  2.4 s | tip=  2.0 deg | F= 42.8 N | M= 24.5 Nm (limit 150.0) | edge=  3.4 mm
set_up:     t=  2.6 s | tip=  2.1 deg | F= 42.7 N | M= 24.5 Nm (limit 150.0) | edge=  3.4 mm
set_up:     t=  2.8 s | tip=  2.1 deg | F= 42.7 N | M= 24.5 Nm (limit 150.0) | edge=  3.4 mm
set_up:     t=  3.0 s | tip=  2.1 deg | F= 42.8 N | M= 24.6 Nm (limit 150.0) | edge=  3.4 mm
set_up:     t=  3.2 s | tip=  2.1 deg | F= 42.8 N | M= 24.6 Nm (limit 150.0) | edge=  3.4 mm
set_up:     t=  3.4 s | tip=  2.1 deg | F= 42.9 N | M= 24.6 Nm (limit 150.0) | edge=  3.4 mm
set_up:     t=  3.6 s | tip=  2.1 deg | F= 42.9 N | M= 24.6 Nm (limit 150.0) | edge=  3.4 mm
set_up:     t=  3.8 s | tip=  2.1 deg | F= 42.8 N | M= 24.6 Nm (limit 150.0) | edge=  3.4 mm
set_up:     t=  4.0 s | tip=  2.1 deg | F= 43.0 N | M= 24.6 Nm (limit 150.0) | edge=  3.4 mm
set_up:     t=  4.2 s | tip=  2.1 deg | F= 42.9 N | M= 24.6 Nm (limit 150.0) | edge=  3.4 mm
set_up:     t=  4.4 s | tip=  2.1 deg | F= 42.8 N | M= 24.6 Nm (limit 150.0) | edge=  3.4 mm
set_up:     t=  4.6 s | tip=  2.1 deg | F= 42.8 N | M= 24.6 Nm (limit 150.0) | edge=  3.4 mm
set_up:     t=  4.8 s | tip=  2.1 deg | F= 42.7 N | M= 24.5 Nm (limit 150.0) | edge=  3.4 mm

====================================================================
  SET-UP RESULT
====================================================================
  stop: time | t=5.0 s | tip=2.1 deg | F=42.8 N | M=24.5 Nm
  edge_from_contact = [-2.7, -1.4, -1.5] mm | norm=3.4 mm
  tcp_from_contact  = [+16.5, +57.8, +21.4] mm | norm=63.8 mm
  alignment: before=7.00 deg | after=4.95 deg | gain=+2.05 deg
  alignment components [t1,t2,n] deg: before=[+2.08,-6.68,+0.00] | after=[+1.62,-4.68,-0.00]

-- set-up surface-frame breakdown ----------------------------------
  frame              alignment-target [tangent1, tangent2, normal]
  force        [N]      = [    +1.50,     +2.26,    -42.67]
  tcp_disp     [mm]     = [    +2.28,     -0.35,    -23.32]
  edge_disp    [mm]     = [    +2.95,     +0.09,     -1.63]
  Kp_eff=F/tcp [N/m]    = [    656.0,   -6560.7,    1829.7]
  moment@edge  [Nm]     = [    -7.36,    -24.42,     -1.68]
  tip_angle    [deg]    = [    -0.49,     +2.00,     -0.29]
  KR_eff=M/ang [Nm/rad] = [    858.5,    -700.3,     328.9]

-- centre of compliance --------------------------------------------
  definition         r_c = p_TCP - p_c
  p_TCP [x,y,z]    = [    536.6,      10.9,      46.1] mm
  p_c [EE]         = [     43.4,     -51.1,     -52.0] mm
  r_c [t1,t2,n]    = [     54.4,      25.4,     -60.0] mm
                     p_c resolved at first contact

-- what the TCP feels ----------------------------------------------
  K_TCP translation = [   1999.6,    1999.1,     801.3] N/m
  K_TCP rotation   = [     13.7,      13.1,      57.6] Nm/rad
  commanded KR was = [      5.0,       5.0,      50.0] Nm/rad   the rest is the lever
  D_TCP translation = [    208.2,     192.1,     172.2] Ns/m
  D_TCP rotation   = [      2.8,       2.6,       1.8] Nms/rad
  coupling           max |moment per unit translation| = 117.6 Nm/m (K), 12.1 Nms/m (D)
  eigenvalues        K_TCP 4.96 .. 2015 | D_TCP 1.07 .. 214  (both positive: valid springs)

  K_TCP [N/m, Nm/rad | rows fx..mz, cols tx..rz]:
           tx        ty        tz    |    rx        ry        rz
  fx [    2000  -0.5725   -20.68 |  -0.9524    116.9   -95.32 ]
  fy [ -0.5725     1999   -33.18 |   -117.6    1.278    79.02 ]
  fz [  -20.68   -33.18    801.3 |    40.11   -32.86  -0.3253 ]
     ---------------------------+---------------------------
  mx [ -0.9524   -117.6    40.11 |    13.75   -1.619   -3.825 ]
  my [   116.9    1.278   -32.86 |   -1.619    13.11   -4.274 ]
  mz [  -95.32    79.02  -0.3253 |   -3.825   -4.274    57.62 ]

  D_TCP [Ns/m, Nms/rad]:
           tx        ty        tz    |    rx        ry        rz
  fx [   208.2    9.621   -0.889 |  -0.6007    12.12   -9.543 ]
  fy [   9.621    192.1  -0.7183 |   -11.18   0.5867    7.131 ]
  fz [  -0.889  -0.7183    172.2 |    8.246   -6.854  0.01398 ]
     ---------------------------+---------------------------
  mx [ -0.6007   -11.18    8.246 |    2.824  -0.2675  -0.4279 ]
  my [   12.12   0.5867   -6.854 |  -0.2675    2.599  -0.5711 ]
  mz [  -9.543    7.131  0.01398 |  -0.4279  -0.5711    1.816 ]

[GATE] Set up finished (holding the pressed pose). Press Enter to start the grind (e+Enter stops).

Stop requested with e + Enter. Finishing control loop...

-- joint motion [deg] ----------------------------------------------
  joint       start    final    delta
  q1            0.9      2.9     +2.1
  q2           12.1     30.4    +18.3
  q3           -0.5     -1.3     -0.7
  q4         -130.9   -130.2     +0.7
  q5           -0.1      8.6     +8.7
  q6          142.9    163.4    +20.6
  q7           44.7     38.9     -5.8

====================================================================
  FINAL RESULT
====================================================================
  p_d              = [    535.3,       8.7,     -33.7] mm
  p_EE             = [    534.0,       9.7,      22.8] mm
  e_p              = [      1.2,      -0.9,     -56.6] mm
  e_R              = [     1.29,     -1.61,     -0.27] deg
--------------------------------------------------------------------
  position error     56.59 mm
  rotation error     2.08 deg
  csv                logs/surface_grinding_controller_log.csv
--------------------------------------------------------------------
