
Press Enter to recover and configure the robot.
Robot recovered or already ready.
Collision: custom thresholds.

=== Startup choice ===
  q = go to q_init (from params/common.txt), then choose again
  g = guiding mode: go to q_init, then hand-guide to your pose;
      use s+Enter for sequence or h+Enter for hold
  o = open the Franka hand now (release/load tool), then choose again
  c = close/grasp the tool now, then choose again
  r = continue to run mode (available after q_init is reached)
Choice [q/g/o/c/r, Enter = q]: Moving to q_init...
q_init reached.

=== Startup choice ===
  q = go to q_init (from params/common.txt), then choose again
  g = guiding mode: go to q_init, then hand-guide to your pose;
      use s+Enter for sequence or h+Enter for hold
  o = open the Franka hand now (release/load tool), then choose again
  c = close/grasp the tool now, then choose again
  r = continue to run mode
Choice [q/g/o/c/r, Enter = q]: 
=== Run mode ===
  s = phase sequence (approach / set up / grind)
  h = hold at the start pose
Choice [s/h, Enter = s]: Selected: phase sequence. Nullspace mode from parameters: nullspace_damping_plus_sigma.

=== Setup ===
run: phase sequence | approach_orient: on | nullspace: nullspace_damping_plus_sigma
nullspace parameters: d_null=2.000 | k_sigma=1.000 Nm | alpha=0.0800 rad
hold: Kp=300.0 N/m | KR=40.0 Nm/rad | damping=auto translation+rotation (factor fitted online toward Dp=50.0 Ns/m)
manual_guidance_start: off | manual_damping=0.50
descend: clearance=20.0 mm | speed=0.100 m/s | max_distance=640 mm
alignment push: start=captured | end=+180 mm | speed=0.050 m/s | ramp_time~=4.0 s | timeout=12.0 s | moment_threshold=150.0 Nm
grind: sweep | axis=tangent2 | amplitude=30 mm | frequency=0.20 Hz
coupled stiffness: apply=on | saved=yes | pole=manual
gates: pause_before_set_up=on | pause_auto_damping=on | pause_before_grind=off | debug_period=0.20 s
alignment-target normal=[+0.087, -0.000, +0.996] | tilt a(x)=0.0 deg, b(y)=5.0 deg (from angles)
tool face: 40 x 120 mm | center offset EE=[+0.0, +0.0, +20.0] mm
Gripper already holding the tool (width 65.0 mm); keeping grasp.
Press e+Enter to stop the controller before the duration expires.
During hold: press g+Enter to hand-guide the tool, then p+Enter to recapture and resume hold.
experiment_duration <= 0: running indefinitely until e + Enter.

=== Start pose ===
q_start = [-2.7, 18.1, -5.1, -122.8, 17.5, 139.5, 26.8] deg
p_start = [565.2, -59.5, 151.2] mm

=== Run ===
phase: approach_orient
orient:     t=  0.0 s | axis_err= 11.5 deg | rot_err= 11.5 deg
approach Dp        auto=[ 134.15,   97.25,  122.27]  manual=[  20.00,   20.00,   20.00] Ns/m
approach DR        auto=[  12.73,   16.36,    4.08]  manual=[  12.00,   12.00,   12.00] Nms/rad
orient:     t=  0.2 s | axis_err=  4.6 deg | rot_err=  4.6 deg
orient:     t=  0.4 s | axis_err=  2.5 deg | rot_err=  2.5 deg

Orientation reached: axis_err=2.0 deg
phase: approach_descend
descend:    t=  0.0 s | distance=   0.1 mm | height= +95.0 mm (target 20.0) | force= -0.0 N
descend:    t=  0.2 s | distance=  20.1 mm | height= +82.8 mm (target 20.0) | force=  2.7 N
descend:    t=  0.4 s | distance=  40.1 mm | height= +67.2 mm (target 20.0) | force=  2.9 N
descend:    t=  0.6 s | distance=  60.2 mm | height= +50.5 mm (target 20.0) | force=  2.6 N
descend:    t=  0.8 s | distance=  80.3 mm | height= +33.1 mm (target 20.0) | force=  2.5 N

[GATE] Reached 20 mm above the plane. Press Enter to start the set-up press (e+Enter stops).
pause auto damping: fitted Dp factor=0.551, DR factor=1.960
pause Dp [xyz]     auto=[ 206.55,  155.17,  224.91]  manual=[ 200.00,  200.00,  200.00] Ns/m
pause DR [t1t2n]   auto=[  11.72,   17.29,    2.04]  manual=[  12.73,   16.36,    4.08] Nms/rad
[GATE] Continuing to the set-up press.
descend:    t=  1.9 s | distance=  95.2 mm | height= +19.5 mm (target 20.0) | force=  1.4 N

Clearance reached: distance=95.2 mm | height=19.5 mm | target=20.0 mm | force=1.4 N (not used for the switch)
offset_ee = [20.0, 60.0, 20.0] mm
p_EE_at_contact = [546.1, -64.2, 65.5] mm
contact_point = [559.8, -124.9, 24.1] mm
edge_offset_base = [13.7, -60.7, -41.4] mm
phase: set_up
set_up Dp [xyz]    auto=[ 237.07,  178.12,  108.14]  manual=[  10.00,   10.00,  175.00] Ns/m
set_up DR [t1t2n]  auto=[   1.41,    2.07,    0.77]  manual=[  10.01,   10.01,   10.00] Nms/rad
set_up:     t=  0.0 s | tip=  0.0 deg | F=  0.0 N | M=  0.0 Nm (limit 150.0) | edge= 19.5 mm
set_up:     t=  0.2 s | tip=  0.6 deg | F=  1.1 N | M=  0.4 Nm (limit 150.0) | edge= 13.6 mm
set_up:     t=  0.4 s | tip=  1.2 deg | F=  2.4 N | M=  1.0 Nm (limit 150.0) | edge=  6.4 mm
set_up:     t=  0.6 s | tip=  1.9 deg | F=  2.8 N | M=  1.1 Nm (limit 150.0) | edge=  5.9 mm
set_up:     t=  0.8 s | tip=  2.5 deg | F=  2.0 N | M=  0.5 Nm (limit 150.0) | edge= 13.6 mm
set_up:     t=  1.0 s | tip=  2.9 deg | F= 12.8 N | M=  7.0 Nm (limit 150.0) | edge= 20.0 mm
set_up:     t=  1.2 s | tip=  2.9 deg | F= 12.6 N | M=  6.8 Nm (limit 150.0) | edge= 20.1 mm
set_up:     t=  1.4 s | tip=  2.9 deg | F= 16.6 N | M=  9.0 Nm (limit 150.0) | edge= 20.1 mm
set_up:     t=  1.6 s | tip=  2.9 deg | F= 20.4 N | M= 11.1 Nm (limit 150.0) | edge= 20.3 mm
set_up:     t=  1.8 s | tip=  2.9 deg | F= 24.3 N | M= 13.1 Nm (limit 150.0) | edge= 20.4 mm
set_up:     t=  2.0 s | tip=  2.9 deg | F= 28.2 N | M= 15.1 Nm (limit 150.0) | edge= 20.5 mm
set_up:     t=  2.2 s | tip=  3.0 deg | F= 31.7 N | M= 16.9 Nm (limit 150.0) | edge= 20.6 mm
set_up:     t=  2.4 s | tip=  3.0 deg | F= 35.5 N | M= 18.8 Nm (limit 150.0) | edge= 20.7 mm
set_up:     t=  2.6 s | tip=  3.0 deg | F= 39.4 N | M= 20.8 Nm (limit 150.0) | edge= 20.9 mm
set_up:     t=  2.8 s | tip=  3.0 deg | F= 43.1 N | M= 22.7 Nm (limit 150.0) | edge= 21.0 mm
set_up:     t=  3.0 s | tip=  3.0 deg | F= 46.8 N | M= 24.5 Nm (limit 150.0) | edge= 21.2 mm
set_up:     t=  3.2 s | tip=  3.0 deg | F= 50.5 N | M= 26.3 Nm (limit 150.0) | edge= 21.3 mm
set_up:     t=  3.4 s | tip=  3.0 deg | F= 54.1 N | M= 28.1 Nm (limit 150.0) | edge= 21.5 mm
set_up:     t=  3.6 s | tip=  3.1 deg | F= 58.2 N | M= 30.1 Nm (limit 150.0) | edge= 21.6 mm
set_up:     t=  3.8 s | tip=  3.1 deg | F= 62.0 N | M= 32.0 Nm (limit 150.0) | edge= 21.7 mm
set_up:     t=  4.0 s | tip=  3.1 deg | F= 66.2 N | M= 34.3 Nm (limit 150.0) | edge= 21.8 mm
set_up:     t=  4.2 s | tip=  3.1 deg | F= 61.5 N | M= 31.6 Nm (limit 150.0) | edge= 21.8 mm
set_up:     t=  4.4 s | tip=  3.1 deg | F= 61.4 N | M= 31.6 Nm (limit 150.0) | edge= 21.8 mm
set_up:     t=  4.6 s | tip=  3.1 deg | F= 61.4 N | M= 31.6 Nm (limit 150.0) | edge= 21.8 mm
set_up:     t=  4.8 s | tip=  3.1 deg | F= 61.4 N | M= 31.5 Nm (limit 150.0) | edge= 21.8 mm
set_up:     t=  5.0 s | tip=  3.1 deg | F= 61.3 N | M= 31.5 Nm (limit 150.0) | edge= 21.8 mm
set_up:     t=  5.2 s | tip=  3.1 deg | F= 61.3 N | M= 31.4 Nm (limit 150.0) | edge= 21.8 mm
set_up:     t=  5.4 s | tip=  3.1 deg | F= 61.3 N | M= 31.4 Nm (limit 150.0) | edge= 21.8 mm
set_up:     t=  5.6 s | tip=  3.1 deg | F= 61.3 N | M= 31.4 Nm (limit 150.0) | edge= 21.8 mm
set_up:     t=  5.8 s | tip=  3.1 deg | F= 61.2 N | M= 31.4 Nm (limit 150.0) | edge= 21.8 mm
set_up:     t=  6.0 s | tip=  3.1 deg | F= 61.2 N | M= 31.4 Nm (limit 150.0) | edge= 21.8 mm
set_up:     t=  6.2 s | tip=  3.1 deg | F= 61.2 N | M= 31.3 Nm (limit 150.0) | edge= 21.8 mm
set_up:     t=  6.4 s | tip=  3.1 deg | F= 61.2 N | M= 31.3 Nm (limit 150.0) | edge= 21.8 mm
set_up:     t=  6.6 s | tip=  3.1 deg | F= 61.2 N | M= 31.3 Nm (limit 150.0) | edge= 21.8 mm
set_up:     t=  6.8 s | tip=  3.1 deg | F= 61.2 N | M= 31.3 Nm (limit 150.0) | edge= 21.8 mm
set_up:     t=  7.0 s | tip=  3.1 deg | F= 61.1 N | M= 31.2 Nm (limit 150.0) | edge= 21.8 mm
set_up:     t=  7.2 s | tip=  3.1 deg | F= 61.1 N | M= 31.3 Nm (limit 150.0) | edge= 21.8 mm
set_up:     t=  7.4 s | tip=  3.1 deg | F= 61.1 N | M= 31.2 Nm (limit 150.0) | edge= 21.8 mm
set_up:     t=  7.6 s | tip=  3.1 deg | F= 61.1 N | M= 31.2 Nm (limit 150.0) | edge= 21.8 mm
set_up:     t=  7.8 s | tip=  3.1 deg | F= 61.1 N | M= 31.2 Nm (limit 150.0) | edge= 21.8 mm
set_up:     t=  8.0 s | tip=  3.1 deg | F= 61.0 N | M= 31.2 Nm (limit 150.0) | edge= 21.8 mm
set_up:     t=  8.2 s | tip=  3.1 deg | F= 61.1 N | M= 31.2 Nm (limit 150.0) | edge= 21.8 mm
set_up:     t=  8.4 s | tip=  3.1 deg | F= 61.1 N | M= 31.2 Nm (limit 150.0) | edge= 21.8 mm
set_up:     t=  8.6 s | tip=  3.1 deg | F= 61.0 N | M= 31.2 Nm (limit 150.0) | edge= 21.8 mm
set_up:     t=  8.8 s | tip=  3.1 deg | F= 61.1 N | M= 31.2 Nm (limit 150.0) | edge= 21.8 mm
set_up:     t=  9.0 s | tip=  3.1 deg | F= 61.1 N | M= 31.2 Nm (limit 150.0) | edge= 21.8 mm
set_up:     t=  9.2 s | tip=  3.1 deg | F= 61.1 N | M= 31.2 Nm (limit 150.0) | edge= 21.8 mm
set_up:     t=  9.4 s | tip=  3.1 deg | F= 61.1 N | M= 31.2 Nm (limit 150.0) | edge= 21.8 mm
set_up:     t=  9.6 s | tip=  3.1 deg | F= 61.1 N | M= 31.2 Nm (limit 150.0) | edge= 21.8 mm
set_up:     t=  9.8 s | tip=  3.1 deg | F= 61.1 N | M= 31.2 Nm (limit 150.0) | edge= 21.8 mm
set_up:     t= 10.0 s | tip=  3.1 deg | F= 61.1 N | M= 31.2 Nm (limit 150.0) | edge= 21.8 mm
set_up:     t= 10.2 s | tip=  3.1 deg | F= 61.1 N | M= 31.2 Nm (limit 150.0) | edge= 21.8 mm
set_up:     t= 10.4 s | tip=  3.1 deg | F= 61.1 N | M= 31.2 Nm (limit 150.0) | edge= 21.8 mm
set_up:     t= 10.6 s | tip=  3.1 deg | F= 61.1 N | M= 31.2 Nm (limit 150.0) | edge= 21.8 mm
set_up:     t= 10.8 s | tip=  3.1 deg | F= 61.1 N | M= 31.2 Nm (limit 150.0) | edge= 21.8 mm
set_up:     t= 11.0 s | tip=  3.1 deg | F= 61.1 N | M= 31.2 Nm (limit 150.0) | edge= 21.8 mm
set_up:     t= 11.2 s | tip=  3.1 deg | F= 61.1 N | M= 31.2 Nm (limit 150.0) | edge= 21.8 mm
set_up:     t= 11.4 s | tip=  3.1 deg | F= 61.0 N | M= 31.2 Nm (limit 150.0) | edge= 21.8 mm
set_up:     t= 11.6 s | tip=  3.1 deg | F= 61.1 N | M= 31.2 Nm (limit 150.0) | edge= 21.8 mm
set_up:     t= 11.8 s | tip=  3.1 deg | F= 61.0 N | M= 31.2 Nm (limit 150.0) | edge= 21.8 mm

=== Set-up result ===
stop: time | t=12.0 s | tip=3.1 deg | F=61.1 N | M=31.2 Nm
edge_from_contact = [-8.0, +0.6, -20.3] mm | norm=21.8 mm
tcp_from_contact  = [-22.4, +61.2, +2.4] mm | norm=65.3 mm
alignment: before=0.48 deg | after=3.30 deg | gain=-2.82 deg

=== Set-up surface-frame breakdown ===
frame: alignment-target [tangent1, tangent2, normal]
force        [N]      = [   -15.25,     -2.46,    -59.07]
tcp_disp     [mm]     = [    -5.25,     +0.58,    -39.54]
edge_disp    [mm]     = [    -6.22,     +0.59,    -20.89]
Kp_eff=F/tcp [N/m]    = [   2903.5,   -4247.2,    1493.9]
moment@edge  [Nm]     = [    +3.02,    +29.06,     -1.84]
tip_angle    [deg]    = [    +0.10,     -3.12,     -0.16]
KR_eff=M/ang [Nm/rad] = [   1804.8,    -533.7,     657.9]

finite_axis: angle=3.1 deg | axis_from_edge=[-375.4, -17.1, +136.3] mm | dir=[-0.026, +0.998, +0.054] | pitch=-5.3 mm/rad

=== Coupled stiffness from the measured pole ===
source spring K_pole/D_pole (diagonal, from parameters):
  Kp [N/m]     = [2000, 2000, 350]
  KR [Nm/rad]  = [5, 5, 50]
  Dp [Ns/m]    = [10, 10, 175]
  DR [Nms/rad] = [10.01, 10.01, 10]

poles compared (lever r_c = TCP - pole):
  (A) measured axis : angle=3.1 deg | pitch=-5.3 mm/rad
      pole_from_edge = [-367.4, -18.0, 156.6] mm
      r_c            = [353.0, 78.7, -133.9] mm
  (B) manual pole   : COMMANDED this run, contact reference
      pole_from_edge = [15.0, 39.4, 100.0] mm
      r_c            = [-20.7, 20.7, -38.3] mm
      r_c(B)-r_c(A)  = [-373.7, -58.0, 95.6] mm

K_TCP = Ad^T K_pole Ad  [rows fx..mz | cols tx..rz]:
  (A) measured axis:
           tx        ty        tz    |    rx        ry        rz
  fx [    2000        0        0 |        0    267.8    157.3 ]
  fy [       0     2000        0 |   -267.8        0   -705.9 ]
  fz [       0        0      350 |   -27.54    123.5        0 ]
     ---------------------------+---------------------------
  mx [       0   -267.8   -27.54 |    43.37   -9.719    98.44 ]
  my [   267.8        0    123.5 |   -9.719    84.47    21.07 ]
  mz [   157.3   -705.9        0 |    98.44    21.07    311.2 ]
  (A) K_TCP eigenvalues = [4.346, 4.947, 43.88, 395.3, 2037, 2304] -> PSD ok (>=0) (min=4.346)
  (B) manual pole:
           tx        ty        tz    |    rx        ry        rz
  fx [    2000        0        0 |        0    76.68    41.31 ]
  fy [       0     2000        0 |   -76.68        0    41.44 ]
  fz [       0        0      350 |   -7.229   -7.252        0 ]
     ---------------------------+---------------------------
  mx [       0   -76.68   -7.229 |    8.431   0.1498    2.318 ]
  my [   76.68        0   -7.252 |   0.1498     8.09    1.584 ]
  mz [   41.31    41.44        0 |    2.318    1.584    51.37 ]
  (B) K_TCP eigenvalues = [4.988, 4.992, 49.96, 350.3, 2003, 2005] -> PSD ok (>=0) (min=4.988)

D_TCP = Ad^T D_pole Ad:
  (A) measured axis:
           tx        ty        tz    |    rx        ry        rz
  fx [   237.1        0        0 |        0    31.75    18.65 ]
  fy [       0    178.1        0 |   -23.85        0   -62.87 ]
  fz [       0        0    108.1 |   -8.507    38.17        0 ]
     ---------------------------+---------------------------
  mx [       0   -23.85   -8.507 |    5.267   -3.003    8.364 ]
  my [   31.75        0    38.17 |   -3.003     19.8    2.498 ]
  mz [   18.65   -62.87        0 |    8.364    2.498    24.44 ]
  (A) D_TCP eigenvalues = [0.6797, 1.385, 1.817, 122, 202.9, 244.1] -> PSD ok (>=0) (min=0.6797)
  (B) manual pole:
           tx        ty        tz    |    rx        ry        rz
  fx [   237.1        0        0 |        0    9.089    4.897 ]
  fy [       0    178.1        0 |   -6.829        0    3.691 ]
  fz [       0        0    108.1 |   -2.234   -2.241        0 ]
     ---------------------------+---------------------------
  mx [       0   -6.829   -2.234 |    1.712  0.04628  -0.1965 ]
  my [   9.089        0   -2.241 |  0.04628    2.468   0.1877 ]
  mz [   4.897    3.691        0 |  -0.1965   0.1877   0.9573 ]
  (B) D_TCP eigenvalues = [0.7743, 1.406, 2.069, 108.2, 178.5, 237.5] -> PSD ok (>=0) (min=0.7743)
phase: grind

Stop requested with e + Enter. Finishing control loop...

Joint motion [deg]:
joint    start   final   delta
------------------------------
q1       -2.7    -3.0    -0.3
q2       18.1    32.3    14.2
q3       -5.1    -1.1     4.0
q4     -122.8  -121.6     1.2
q5       17.5    -0.4   -18.0
q6      139.5   145.3     5.8
q7       26.8    43.8    17.0

=== Final result ===
p_d = [528.7, -34.2, -133.2] mm
p_EE = [535.5, -40.6, 26.0] mm
e_p = [-6.8, 6.4, -159.2] mm
position_error = 159.47 mm
e_R = [0.68, -3.50, -0.10] deg
rotation_error = 3.56 deg
csv: surface_grinding_controller_log.csv
