
Press Enter to recover and configure the robot.
Robot recovered or already ready.
keys: e stop | m menu | g hand-guide

=== Startup mode ===
  s = run the phase sequence from q_init
  h = hold the q_init pose
  t = hold with the set-up impedance
  g = hand-guide the start pose
  q = go to q_init and inspect
  o = open the hand now
  c = grasp the tool now
  r = recalibrate hand width, fingers empty
  f = fetch the tool from the holder
  b = put the tool back
  e = stop and quit
While a run is going: e+Enter stops, m+Enter comes back here.
Choice [s/h/t/g/q/o/c/r/f/b/e]: 
=== Phase sequence mode ===
Moving to q_init (horizontal_table_search)
  q1..q7 [deg] = [0.8, 12.1, -0.5, -130.9, -0.2, 142.9, 44.7] deg
  horizontal_table_search = [0.014777, 0.210911, -0.009320, -2.284835, -0.002725, 2.493410, 0.780694] rad
q_init reached.

=== Start pose ===
q_start = [0.9, 12.1, -0.5, -130.9, -0.2, 142.9, 44.7] deg
p_start = [531.3, 2.5, 156.9] mm

=== Run ===
phase: approach_orient
  Kp=[150, 150, 150] N/m  KR=[90, 90, 90] Nm/rad  [t1,t2,n]
  Dp=[126.5, 103.6, 128.3] Ns/m  DR=[13.45, 15.80, 2.01] Nms/rad  auto (factor 1.90)
orient:     t=  0.0 s | axis_err=  9.0 deg | spin_err= 24.1 deg
orient:     t=  0.2 s | axis_err=  8.8 deg | spin_err= 21.1 deg
orient:     t=  0.4 s | axis_err=  8.1 deg | spin_err= 17.3 deg
orient:     t=  0.6 s | axis_err=  7.1 deg | spin_err= 13.7 deg
orient:     t=  0.8 s | axis_err=  6.0 deg | spin_err= 10.0 deg
orient:     t=  1.0 s | axis_err=  4.9 deg | spin_err=  6.4 deg
orient:     t=  1.2 s | axis_err=  4.0 deg | spin_err=  2.7 deg
orient:     t=  1.4 s | axis_err=  3.2 deg | spin_err=  0.5 deg
orient:     t=  1.6 s | axis_err=  3.0 deg | spin_err=  0.4 deg
orient:     t=  1.8 s | axis_err=  2.9 deg | spin_err=  0.4 deg
orient:     t=  2.0 s | axis_err=  2.9 deg | spin_err=  0.3 deg
orient:     t=  2.2 s | axis_err=  2.8 deg | spin_err=  0.3 deg
orient:     t=  2.4 s | axis_err=  2.8 deg | spin_err=  0.3 deg
orient:     t=  2.6 s | axis_err=  2.8 deg | spin_err=  0.3 deg
orient:     t=  2.8 s | axis_err=  2.8 deg | spin_err=  0.3 deg
orient:     t=  3.0 s | axis_err=  2.8 deg | spin_err=  0.3 deg
orient:     t=  3.2 s | axis_err=  2.8 deg | spin_err=  0.3 deg
orient:     t=  3.4 s | axis_err=  2.8 deg | spin_err=  0.3 deg
orient:     t=  3.6 s | axis_err=  2.8 deg | spin_err=  0.3 deg
orient:     t=  3.8 s | axis_err=  2.8 deg | spin_err=  0.3 deg
orient:     t=  4.0 s | axis_err=  2.8 deg | spin_err=  0.3 deg
orient:     t=  4.2 s | axis_err=  2.8 deg | spin_err=  0.3 deg
orient:     t=  4.4 s | axis_err=  2.8 deg | spin_err=  0.3 deg
orient:     t=  4.6 s | axis_err=  2.8 deg | spin_err=  0.3 deg
orient:     t=  4.8 s | axis_err=  2.8 deg | spin_err=  0.3 deg

Orientation settled short of the 2.0 deg gate after 5.0 s: axis_err=2.8 deg | spin_err=0.3 deg
phase: approach_descend
  Kp=[150, 150, 150] N/m  KR=[90, 90, 90] Nm/rad  [t1,t2,n]
  Dp=[126.5, 103.6, 128.3] Ns/m  DR=[13.45, 15.80, 2.01] Nms/rad  auto (factor 1.90)
  descend to 20 mm clearance at 0.100 m/s
descend:    t=  0.0 s | distance=   0.1 mm | height=+139.5 mm (target 20.0) | force= -0.0 N
descend:    t=  0.2 s | distance=  20.1 mm | height=+127.5 mm (target 20.0) | force= -0.0 N
descend:    t=  0.4 s | distance=  40.1 mm | height=+109.6 mm (target 20.0) | force=  0.5 N
descend:    t=  0.6 s | distance=  60.1 mm | height= +90.9 mm (target 20.0) | force=  1.5 N
descend:    t=  0.8 s | distance=  80.1 mm | height= +71.9 mm (target 20.0) | force=  1.6 N
descend:    t=  1.0 s | distance= 100.1 mm | height= +52.6 mm (target 20.0) | force= -0.8 N
descend:    t=  1.2 s | distance= 120.1 mm | height= +33.2 mm (target 20.0) | force=  0.6 N

[GATE] Reached 20 mm above the plane. Press Enter to start the set-up press (e+Enter stops).
  gate hold: Kp=[5000, 5000, 5000] N/m [x,y,z]  KR=[90, 90, 90] Nm/rad [t1,t2,n]
             Dp=[205.3, 145.5, 251.7] Ns/m  DR=[13.62, 12.12, 2.47] Nms/rad  auto
[GATE] Continuing to the set-up press.
descend:    t=  1.9 s | distance= 133.7 mm | height= +19.3 mm (target 20.0) | force= -1.5 N

Clearance reached: distance=133.7 mm | height=19.3 mm | target=20.0 mm | force=-1.5 N (not used for the switch)
offset_ee = [-20.0, -60.0, 20.0] mm
p_EE_at_contact = [538.0, 11.0, 43.7] mm
contact_point = [497.4, 56.6, -1.1] mm
edge_offset_base = [-40.6, 45.6, -44.8] mm
phase: set_up

--- set-up impedance ---
  f = Kp*e_p + Dp*de,   m = KR*e_R + DR*dw   (decoupled)
  Kp [t1,t2,n]  = [  2000.0,   2000.0,    800.0] N/m
  Dp [t1,t2,n]  = [   212.5,    179.0,    174.6] Ns/m   auto
  KR [t1,t2,n]  = [     5.0,     15.0,     50.0] Nm/rad
  DR [t1,t2,n]  = [     1.9,      2.9,      1.1] Nms/rad   auto
set_up:     t=  0.0 s | tip=  0.0 deg | F=  0.0 N | M=  0.0 Nm (limit 150.0) | edge= 19.3 mm
set_up:     t=  0.2 s | tip=  0.6 deg | F=  1.7 N | M=  1.5 Nm (limit 150.0) | edge= 13.1 mm
set_up:     t=  0.4 s | tip=  1.3 deg | F=  2.8 N | M=  1.8 Nm (limit 150.0) | edge=  4.7 mm
set_up:     t=  0.6 s | tip=  1.4 deg | F= 15.2 N | M=  8.4 Nm (limit 150.0) | edge=  2.6 mm
set_up:     t=  0.8 s | tip=  1.5 deg | F= 22.0 N | M= 11.8 Nm (limit 150.0) | edge=  1.6 mm
set_up:     t=  1.0 s | tip=  1.5 deg | F= 30.4 N | M= 16.0 Nm (limit 150.0) | edge=  1.1 mm
set_up:     t=  1.2 s | tip=  1.5 deg | F= 38.1 N | M= 20.1 Nm (limit 150.0) | edge=  1.1 mm
set_up:     t=  1.4 s | tip=  1.6 deg | F= 46.6 N | M= 24.5 Nm (limit 150.0) | edge=  1.3 mm
set_up:     t=  1.6 s | tip=  1.7 deg | F= 55.2 N | M= 29.0 Nm (limit 150.0) | edge=  1.6 mm
set_up:     t=  1.8 s | tip=  1.8 deg | F= 48.2 N | M= 25.4 Nm (limit 150.0) | edge=  1.6 mm
set_up:     t=  2.0 s | tip=  1.8 deg | F= 47.9 N | M= 25.2 Nm (limit 150.0) | edge=  1.6 mm
set_up:     t=  2.2 s | tip=  1.8 deg | F= 47.8 N | M= 25.2 Nm (limit 150.0) | edge=  1.6 mm
set_up:     t=  2.4 s | tip=  1.8 deg | F= 47.5 N | M= 25.0 Nm (limit 150.0) | edge=  1.6 mm
set_up:     t=  2.6 s | tip=  1.8 deg | F= 47.8 N | M= 25.2 Nm (limit 150.0) | edge=  1.6 mm
set_up:     t=  2.8 s | tip=  1.8 deg | F= 47.9 N | M= 25.2 Nm (limit 150.0) | edge=  1.6 mm
set_up:     t=  3.0 s | tip=  1.8 deg | F= 47.8 N | M= 25.2 Nm (limit 150.0) | edge=  1.6 mm
set_up:     t=  3.2 s | tip=  1.8 deg | F= 47.8 N | M= 25.2 Nm (limit 150.0) | edge=  1.6 mm
set_up:     t=  3.4 s | tip=  1.8 deg | F= 47.8 N | M= 25.2 Nm (limit 150.0) | edge=  1.6 mm
set_up:     t=  3.6 s | tip=  1.8 deg | F= 48.0 N | M= 25.3 Nm (limit 150.0) | edge=  1.6 mm
set_up:     t=  3.8 s | tip=  1.8 deg | F= 47.9 N | M= 25.2 Nm (limit 150.0) | edge=  1.6 mm
set_up:     t=  4.0 s | tip=  1.8 deg | F= 47.8 N | M= 25.2 Nm (limit 150.0) | edge=  1.6 mm
set_up:     t=  4.2 s | tip=  1.8 deg | F= 47.7 N | M= 25.1 Nm (limit 150.0) | edge=  1.6 mm
set_up:     t=  4.4 s | tip=  1.8 deg | F= 47.7 N | M= 25.1 Nm (limit 150.0) | edge=  1.6 mm
set_up:     t=  4.6 s | tip=  1.8 deg | F= 47.7 N | M= 25.1 Nm (limit 150.0) | edge=  1.6 mm
set_up:     t=  4.8 s | tip=  1.8 deg | F= 47.8 N | M= 25.2 Nm (limit 150.0) | edge=  1.6 mm

=== Set-up result ===
stop: time | t=5.0 s | tip=1.8 deg | F=47.8 N | M=25.2 Nm
edge_from_contact = [+0.4, +1.2, -1.0] mm | norm=1.6 mm
tcp_from_contact  = [+41.1, -45.2, +23.2] mm | norm=65.4 mm
alignment: before=8.84 deg | after=7.17 deg | gain=+1.67 deg
alignment components [t1,t2,n] deg: before=[-1.98,-8.62,+0.00] | after=[-1.24,-7.07,-0.00]

=== Set-up surface-frame breakdown ===
frame: alignment-target [tangent1, tangent2, normal]
force        [N]      = [    +1.72,     -0.72,    -47.75]
tcp_disp     [mm]     = [    -1.17,     -0.50,    -21.49]
edge_disp    [mm]     = [    -0.94,     -0.96,     -0.92]
Kp_eff=F/tcp [N/m]    = [  -1460.3,    1446.8,    2222.0]
moment@edge  [Nm]     = [   -10.04,    -24.88,     +0.01]
tip_angle    [deg]    = [    +0.80,     +1.54,     +0.41]
KR_eff=M/ang [Nm/rad] = [   -717.9,    -924.6,       0.8]

[GATE] Set up finished (holding the pressed pose). Press Enter to start the grind (e+Enter stops).

Stop requested with e + Enter. Finishing control loop...
Log buffer wrapped: kept latest 120000 rows, sampled every 1 control cycles.

Joint motion [deg]:
joint    start   final   delta
------------------------------
q1        0.9     0.6    -0.3
q2       12.1    30.8    18.7
q3       -0.5     0.6     1.1
q4     -130.9  -131.4    -0.5
q5       -0.2     0.2     0.4
q6      142.9   168.5    25.6
q7       44.7    21.3   -23.4

=== Final result ===
p_d = [536.6, 8.9, -35.6] mm
p_EE = [538.6, 11.4, 22.0] mm
e_p = [-1.9, -2.5, -57.6] mm
position_error = 57.67 mm
e_R = [-0.08, -1.76, 0.47] deg
rotation_error = 1.82 deg
csv: logs/surface_grinding_controller_log.csv
