
Press Enter to recover and configure the robot.
Robot recovered or already ready.
Collision: custom thresholds.

=== Startup choice ===
  q = go to q_init (from params/common.txt), then choose again
  g = guiding mode: go to q_init, then hand-guide to your pose;
      use s+Enter for sequence or h+Enter for hold
  o = open the Franka hand now (release/load tool), then choose again
  c = close/grasp the tool now, then choose again
  r = continue to run mode (available after q_init is reached)
Choice [q/g/o/c/r, Enter = q]: Moving to q_init...
q_init reached.

=== Startup choice ===
  q = go to q_init (from params/common.txt), then choose again
  g = guiding mode: go to q_init, then hand-guide to your pose;
      use s+Enter for sequence or h+Enter for hold
  o = open the Franka hand now (release/load tool), then choose again
  c = close/grasp the tool now, then choose again
  r = continue to run mode
Choice [q/g/o/c/r, Enter = q]: 
=== Run mode ===
  s = phase sequence (approach / set up / grind)
  h = hold at the start pose
Choice [s/h, Enter = s]: Selected: phase sequence. Nullspace mode from parameters: nullspace_damping_plus_sigma.

=== Setup ===
run: phase sequence | approach_orient: on | nullspace: nullspace_damping_plus_sigma
nullspace parameters: d_null=2.000 | k_sigma=1.000 Nm | alpha=0.0800 rad
hold: Kp=300.0 N/m | KR=40.0 Nm/rad | damping=auto translation+rotation (factor fitted online toward Dp=50.0 Ns/m)
manual_guidance_start: off | manual_damping=0.50
descend: clearance=20.0 mm | speed=0.100 m/s | max_distance=640 mm
alignment push: start=captured | end=+180 mm | speed=0.050 m/s | ramp_time~=4.0 s | timeout=12.0 s | moment_threshold=150.0 Nm
grind: sweep | axis=tangent2 | amplitude=30 mm | frequency=0.20 Hz
coupled stiffness: apply=on | saved=yes | pole=manual
gates: pause_before_set_up=on | pause_auto_damping=on | pause_before_grind=off | debug_period=0.20 s
alignment-target normal=[+0.087, -0.000, +0.996] | tilt a(x)=0.0 deg, b(y)=5.0 deg (from angles)
tool face: 40 x 120 mm | center offset EE=[+0.0, +0.0, +20.0] mm
Gripper already holding the tool (width 65.0 mm); keeping grasp.
Press e+Enter to stop the controller before the duration expires.
During hold: press g+Enter to hand-guide the tool, then p+Enter to recapture and resume hold.
experiment_duration <= 0: running indefinitely until e + Enter.

=== Start pose ===
q_start = [-2.7, 18.1, -5.1, -122.8, 17.5, 139.5, 26.8] deg
p_start = [565.1, -59.4, 151.1] mm

=== Run ===
phase: approach_orient
orient:     t=  0.0 s | axis_err= 11.5 deg | rot_err= 11.5 deg
approach Dp        auto=[ 134.14,   97.25,  122.28]  manual=[  20.00,   20.00,   20.00] Ns/m
approach DR        auto=[  12.73,   16.36,    4.08]  manual=[  12.00,   12.00,   12.00] Nms/rad
orient:     t=  0.2 s | axis_err=  4.5 deg | rot_err=  4.5 deg
orient:     t=  0.4 s | axis_err=  2.3 deg | rot_err=  2.3 deg

Orientation reached: axis_err=1.9 deg
phase: approach_descend
descend:    t=  0.0 s | distance=   0.1 mm | height= +98.2 mm (target 20.0) | force= -0.0 N
descend:    t=  0.2 s | distance=  20.1 mm | height= +86.1 mm (target 20.0) | force=  0.8 N
descend:    t=  0.4 s | distance=  40.1 mm | height= +69.2 mm (target 20.0) | force=  1.6 N
descend:    t=  0.6 s | distance=  60.2 mm | height= +51.5 mm (target 20.0) | force=  1.7 N
descend:    t=  0.8 s | distance=  80.3 mm | height= +33.6 mm (target 20.0) | force=  2.1 N

[GATE] Reached 20 mm above the plane. Press Enter to start the set-up press (e+Enter stops).
pause auto damping: fitted Dp factor=0.551, DR factor=1.960
pause Dp [xyz]     auto=[ 206.54,  155.25,  224.88]  manual=[ 200.00,  200.00,  200.00] Ns/m
pause DR [t1t2n]   auto=[  11.74,   17.28,    2.04]  manual=[  12.73,   16.36,    4.08] Nms/rad
[GATE] Continuing to the set-up press.
descend:    t=  2.5 s | distance=  95.6 mm | height= +19.5 mm (target 20.0) | force=  0.4 N

Clearance reached: distance=95.6 mm | height=19.5 mm | target=20.0 mm | force=0.4 N (not used for the switch)
offset_ee = [20.0, 60.0, 20.0] mm
p_EE_at_contact = [546.5, -65.7, 65.4] mm
contact_point = [560.2, -126.4, 24.1] mm
edge_offset_base = [13.7, -60.7, -41.3] mm
phase: set_up
set_up Dp [xyz]    auto=[ 237.04,  178.21,  108.11]  manual=[  10.00,   10.00,  175.00] Ns/m
set_up DR [t1t2n]  auto=[   1.41,    2.07,    0.77]  manual=[  10.01,   10.01,   10.00] Nms/rad
set_up:     t=  0.0 s | tip=  0.0 deg | F=  0.0 N | M=  0.0 Nm (limit 150.0) | edge= 19.5 mm
set_up:     t=  0.2 s | tip=  0.3 deg | F=  1.3 N | M=  0.4 Nm (limit 150.0) | edge= 14.0 mm
set_up:     t=  0.4 s | tip=  0.5 deg | F=  1.6 N | M=  0.5 Nm (limit 150.0) | edge=  6.3 mm
set_up:     t=  0.6 s | tip=  0.7 deg | F=  2.7 N | M=  1.1 Nm (limit 150.0) | edge=  2.9 mm
set_up:     t=  0.8 s | tip=  0.9 deg | F=  1.3 N | M=  0.4 Nm (limit 150.0) | edge= 11.9 mm
set_up:     t=  1.0 s | tip=  1.0 deg | F=  1.9 N | M=  0.6 Nm (limit 150.0) | edge= 21.7 mm
set_up:     t=  1.2 s | tip=  0.9 deg | F= 10.0 N | M=  5.5 Nm (limit 150.0) | edge= 24.0 mm
set_up:     t=  1.4 s | tip=  0.9 deg | F= 14.0 N | M=  7.7 Nm (limit 150.0) | edge= 24.1 mm
set_up:     t=  1.6 s | tip=  0.9 deg | F= 17.9 N | M=  9.8 Nm (limit 150.0) | edge= 24.3 mm
set_up:     t=  1.8 s | tip=  1.0 deg | F= 21.4 N | M= 11.7 Nm (limit 150.0) | edge= 24.5 mm
set_up:     t=  2.0 s | tip=  1.1 deg | F= 25.2 N | M= 13.9 Nm (limit 150.0) | edge= 24.8 mm
set_up:     t=  2.2 s | tip=  1.1 deg | F= 28.7 N | M= 15.7 Nm (limit 150.0) | edge= 25.2 mm
set_up:     t=  2.4 s | tip=  1.2 deg | F= 32.7 N | M= 17.9 Nm (limit 150.0) | edge= 25.5 mm
set_up:     t=  2.6 s | tip=  1.3 deg | F= 36.6 N | M= 20.0 Nm (limit 150.0) | edge= 25.7 mm
set_up:     t=  2.8 s | tip=  1.4 deg | F= 40.1 N | M= 21.8 Nm (limit 150.0) | edge= 25.9 mm
set_up:     t=  3.0 s | tip=  1.5 deg | F= 43.6 N | M= 23.7 Nm (limit 150.0) | edge= 26.2 mm
set_up:     t=  3.2 s | tip=  1.6 deg | F= 46.9 N | M= 25.5 Nm (limit 150.0) | edge= 26.4 mm
set_up:     t=  3.4 s | tip=  1.7 deg | F= 50.4 N | M= 27.4 Nm (limit 150.0) | edge= 26.7 mm
set_up:     t=  3.6 s | tip=  1.8 deg | F= 53.8 N | M= 29.3 Nm (limit 150.0) | edge= 26.9 mm
set_up:     t=  3.8 s | tip=  1.9 deg | F= 57.2 N | M= 31.1 Nm (limit 150.0) | edge= 27.1 mm
set_up:     t=  4.0 s | tip=  2.0 deg | F= 61.5 N | M= 33.4 Nm (limit 150.0) | edge= 27.3 mm
set_up:     t=  4.2 s | tip=  2.1 deg | F= 56.6 N | M= 30.8 Nm (limit 150.0) | edge= 27.3 mm
set_up:     t=  4.4 s | tip=  2.2 deg | F= 56.5 N | M= 30.8 Nm (limit 150.0) | edge= 27.3 mm
set_up:     t=  4.6 s | tip=  2.2 deg | F= 56.5 N | M= 30.8 Nm (limit 150.0) | edge= 27.3 mm
set_up:     t=  4.8 s | tip=  2.2 deg | F= 56.6 N | M= 30.9 Nm (limit 150.0) | edge= 27.3 mm
set_up:     t=  5.0 s | tip=  2.3 deg | F= 56.7 N | M= 31.0 Nm (limit 150.0) | edge= 27.4 mm
set_up:     t=  5.2 s | tip=  2.3 deg | F= 56.6 N | M= 31.0 Nm (limit 150.0) | edge= 27.4 mm
set_up:     t=  5.4 s | tip=  2.3 deg | F= 56.4 N | M= 30.9 Nm (limit 150.0) | edge= 27.4 mm
set_up:     t=  5.6 s | tip=  2.4 deg | F= 56.3 N | M= 31.0 Nm (limit 150.0) | edge= 27.5 mm
set_up:     t=  5.8 s | tip=  2.5 deg | F= 55.9 N | M= 30.9 Nm (limit 150.0) | edge= 27.5 mm
set_up:     t=  6.0 s | tip=  2.7 deg | F= 55.5 N | M= 30.8 Nm (limit 150.0) | edge= 27.6 mm
set_up:     t=  6.2 s | tip=  2.8 deg | F= 55.3 N | M= 30.6 Nm (limit 150.0) | edge= 27.7 mm
set_up:     t=  6.4 s | tip=  2.8 deg | F= 55.3 N | M= 30.5 Nm (limit 150.0) | edge= 27.7 mm
set_up:     t=  6.6 s | tip=  2.8 deg | F= 55.3 N | M= 30.5 Nm (limit 150.0) | edge= 27.7 mm
set_up:     t=  6.8 s | tip=  2.8 deg | F= 55.5 N | M= 30.6 Nm (limit 150.0) | edge= 27.7 mm
set_up:     t=  7.0 s | tip=  2.8 deg | F= 55.3 N | M= 30.5 Nm (limit 150.0) | edge= 27.7 mm
set_up:     t=  7.2 s | tip=  2.8 deg | F= 55.5 N | M= 30.7 Nm (limit 150.0) | edge= 27.7 mm
set_up:     t=  7.4 s | tip=  2.8 deg | F= 55.4 N | M= 30.5 Nm (limit 150.0) | edge= 27.7 mm
set_up:     t=  7.6 s | tip=  2.8 deg | F= 55.3 N | M= 30.5 Nm (limit 150.0) | edge= 27.7 mm
set_up:     t=  7.8 s | tip=  2.8 deg | F= 55.3 N | M= 30.5 Nm (limit 150.0) | edge= 27.7 mm
set_up:     t=  8.0 s | tip=  2.8 deg | F= 55.3 N | M= 30.5 Nm (limit 150.0) | edge= 27.7 mm
set_up:     t=  8.2 s | tip=  2.8 deg | F= 55.3 N | M= 30.5 Nm (limit 150.0) | edge= 27.7 mm
set_up:     t=  8.4 s | tip=  2.8 deg | F= 55.3 N | M= 30.5 Nm (limit 150.0) | edge= 27.7 mm
set_up:     t=  8.6 s | tip=  2.8 deg | F= 55.3 N | M= 30.6 Nm (limit 150.0) | edge= 27.7 mm
set_up:     t=  8.8 s | tip=  2.8 deg | F= 55.5 N | M= 30.6 Nm (limit 150.0) | edge= 27.7 mm
set_up:     t=  9.0 s | tip=  2.8 deg | F= 55.4 N | M= 30.6 Nm (limit 150.0) | edge= 27.7 mm
set_up:     t=  9.2 s | tip=  2.8 deg | F= 55.4 N | M= 30.6 Nm (limit 150.0) | edge= 27.7 mm
set_up:     t=  9.4 s | tip=  2.8 deg | F= 55.6 N | M= 30.7 Nm (limit 150.0) | edge= 27.7 mm
set_up:     t=  9.6 s | tip=  2.8 deg | F= 55.7 N | M= 30.8 Nm (limit 150.0) | edge= 27.7 mm
set_up:     t=  9.8 s | tip=  2.8 deg | F= 55.5 N | M= 30.6 Nm (limit 150.0) | edge= 27.7 mm
set_up:     t= 10.0 s | tip=  2.8 deg | F= 55.5 N | M= 30.6 Nm (limit 150.0) | edge= 27.7 mm
set_up:     t= 10.2 s | tip=  2.8 deg | F= 55.4 N | M= 30.6 Nm (limit 150.0) | edge= 27.7 mm
set_up:     t= 10.4 s | tip=  2.8 deg | F= 55.4 N | M= 30.6 Nm (limit 150.0) | edge= 27.7 mm
set_up:     t= 10.6 s | tip=  2.8 deg | F= 55.4 N | M= 30.6 Nm (limit 150.0) | edge= 27.7 mm
set_up:     t= 10.8 s | tip=  2.8 deg | F= 55.4 N | M= 30.5 Nm (limit 150.0) | edge= 27.7 mm
set_up:     t= 11.0 s | tip=  2.8 deg | F= 55.4 N | M= 30.6 Nm (limit 150.0) | edge= 27.7 mm
set_up:     t= 11.2 s | tip=  2.8 deg | F= 55.4 N | M= 30.6 Nm (limit 150.0) | edge= 27.7 mm
set_up:     t= 11.4 s | tip=  2.8 deg | F= 55.4 N | M= 30.5 Nm (limit 150.0) | edge= 27.7 mm
set_up:     t= 11.6 s | tip=  2.8 deg | F= 55.4 N | M= 30.5 Nm (limit 150.0) | edge= 27.7 mm
set_up:     t= 11.8 s | tip=  2.8 deg | F= 55.4 N | M= 30.5 Nm (limit 150.0) | edge= 27.7 mm

=== Set-up result ===
stop: time | t=12.0 s | tip=2.8 deg | F=55.3 N | M=30.5 Nm
edge_from_contact = [-6.8, +0.4, -26.9] mm | norm=27.7 mm
tcp_from_contact  = [-21.0, +61.1, -4.2] mm | norm=64.8 mm
alignment: before=0.43 deg | after=3.02 deg | gain=-2.59 deg

=== Set-up surface-frame breakdown ===
frame: alignment-target [tangent1, tangent2, normal]
force        [N]      = [    -4.37,     -0.62,    -55.13]
tcp_disp     [mm]     = [    -3.27,     +0.47,    -45.97]
edge_disp    [mm]     = [    -4.48,     +0.44,    -27.35]
Kp_eff=F/tcp [N/m]    = [   1335.5,   -1327.2,    1199.3]
moment@edge  [Nm]     = [    +3.27,    +28.83,     -0.68]
tip_angle    [deg]    = [    -0.05,     -2.83,     +0.17]
KR_eff=M/ang [Nm/rad] = [  -3940.1,    -584.3,    -229.4]

finite_axis: angle=2.8 deg | axis_from_edge=[-545.0, +13.9, +124.9] mm | dir=[+0.011, +0.998, -0.061] | pitch=+40.4 mm/rad

=== Coupled stiffness from the measured pole ===
source spring K_pole/D_pole (diagonal, from parameters):
  Kp [N/m]     = [2000, 2000, 350]
  KR [Nm/rad]  = [5, 5, 50]
  Dp [Ns/m]    = [10, 10, 175]
  DR [Nms/rad] = [10.01, 10.01, 10]

poles compared (lever r_c = TCP - pole):
  (A) measured axis : angle=2.8 deg | pitch=+40.4 mm/rad
      pole_from_edge = [-538.1, 15.5, 151.7] mm
      r_c            = [523.9, 45.2, -129.0] mm
  (B) manual pole   : COMMANDED this run, contact reference
      pole_from_edge = [-0.1, -0.4, -52.8] mm
      r_c            = [-6.8, 60.7, 121.0] mm
      r_c(B)-r_c(A)  = [-530.7, 15.4, 250.0] mm

K_TCP = Ad^T K_pole Ad  [rows fx..mz | cols tx..rz]:
  (A) measured axis:
           tx        ty        tz    |    rx        ry        rz
  fx [    2000        0        0 |        0      258    90.48 ]
  fy [       0     2000        0 |     -258        0    -1048 ]
  fz [       0        0      350 |   -15.83    183.4        0 ]
     ---------------------------+---------------------------
  mx [       0     -258   -15.83 |    39.34   -8.296    139.1 ]
  my [     258        0    183.4 |   -8.296    134.4    11.67 ]
  mz [   90.48    -1048        0 |    139.1    11.67    602.8 ]
  (A) K_TCP eigenvalues = [3.857, 4.965, 38.77, 445.8, 2035, 2598] -> PSD ok (>=0) (min=3.857)
  (B) manual pole:
           tx        ty        tz    |    rx        ry        rz
  fx [    2000        0        0 |        0     -242    121.4 ]
  fy [       0     2000        0 |      242        0    13.54 ]
  fz [       0        0      350 |   -21.24   -2.369        0 ]
     ---------------------------+---------------------------
  mx [       0      242   -21.24 |    35.92   0.1437    5.545 ]
  my [    -242        0   -2.369 |   0.1437    34.31   -14.69 ]
  mz [   121.4    13.54        0 |    5.545   -14.69    57.11 ]
  (B) K_TCP eigenvalues = [4.909, 4.929, 49.8, 351.3, 2029, 2037] -> PSD ok (>=0) (min=4.909)

D_TCP = Ad^T D_pole Ad:
  (A) measured axis:
           tx        ty        tz    |    rx        ry        rz
  fx [     237        0        0 |        0    30.58    10.72 ]
  fy [       0    178.2        0 |   -22.99        0   -93.37 ]
  fz [       0        0    108.1 |   -4.891    56.64        0 ]
     ---------------------------+---------------------------
  mx [       0   -22.99   -4.891 |    4.593   -2.562    11.99 ]
  my [   30.58        0    56.64 |   -2.562    35.69    1.383 ]
  mz [   10.72   -93.37        0 |    11.99    1.383    50.18 ]
  (A) D_TCP eigenvalues = [0.6007, 1.397, 1.606, 137.3, 228.7, 244.3] -> PSD ok (>=0) (min=0.6007)
  (B) manual pole:
           tx        ty        tz    |    rx        ry        rz
  fx [     237        0        0 |        0   -28.69    14.38 ]
  fy [       0    178.2        0 |    21.57        0    1.206 ]
  fz [       0        0    108.1 |    -6.56  -0.7316        0 ]
     ---------------------------+---------------------------
  mx [       0    21.57    -6.56 |    4.413  0.04439   0.0907 ]
  my [  -28.69        0  -0.7316 |  0.04439    5.549   -1.741 ]
  mz [   14.38    1.206        0 |   0.0907   -1.741     1.66 ]
  (B) D_TCP eigenvalues = [0.7711, 1.385, 2.042, 108.5, 180.9, 241.4] -> PSD ok (>=0) (min=0.7711)
phase: grind

Stop requested with e + Enter. Finishing control loop...

Joint motion [deg]:
joint    start   final   delta
------------------------------
q1       -2.7    -1.7     1.0
q2       18.1    33.4    15.3
q3       -5.1    -2.6     2.5
q4     -122.8  -121.1     1.7
q5       17.5     1.6   -16.0
q6      139.5   146.2     6.7
q7       26.8    41.9    15.1

=== Final result ===
p_d = [529.1, -36.3, -133.3] mm
p_EE = [537.4, -43.4, 19.5] mm
e_p = [-8.3, 7.1, -152.8] mm
position_error = 153.18 mm
e_R = [0.34, -3.18, -0.32] deg
rotation_error = 3.22 deg
csv: surface_grinding_controller_log.csv
