
Press Enter to recover and configure the robot.
Robot recovered or already ready.
keys: e stop | m menu | g hand-guide

=== Startup mode ===
  s = run the phase sequence from q_init
  h = hold the q_init pose
  t = hold with the set-up impedance
  g = hand-guide the start pose
  q = go to q_init and inspect
  o = open the hand now
  c = grasp the tool now
  r = recalibrate hand width, fingers empty
  f = fetch the tool from the holder
  b = put the tool back
  e = stop and quit
While a run is going: e+Enter stops, m+Enter comes back here.
Choice [s/h/t/g/q/o/c/r/f/b/e]: 
=== Phase sequence mode ===
Moving to q_init (horizontal_table_search)
  q1..q7 [deg] = [0.8, 12.1, -0.5, -130.9, -0.2, 142.9, 44.7] deg
  horizontal_table_search = [0.014777, 0.210911, -0.009320, -2.284835, -0.002725, 2.493410, 0.780694] rad
q_init reached.

=== Start pose ===
q_start = [0.9, 12.1, -0.5, -130.9, -0.2, 142.9, 44.7] deg
p_start = [531.3, 2.4, 156.9] mm

=== Run ===
phase: approach_orient
  Kp=[150, 150, 150] N/m  KR=[90, 90, 90] Nm/rad  [t1,t2,n]
  Dp=[126.5, 103.6, 128.3] Ns/m  DR=[13.45, 15.80, 2.01] Nms/rad  auto (factor 1.90)
orient:     t=  0.0 s | axis_err= 11.1 deg | spin_err=  0.8 deg
orient:     t=  0.2 s | axis_err= 10.4 deg | spin_err=  0.9 deg
orient:     t=  0.4 s | axis_err=  7.7 deg | spin_err=  0.5 deg
orient:     t=  0.6 s | axis_err=  4.1 deg | spin_err=  0.1 deg
orient:     t=  0.8 s | axis_err=  2.4 deg | spin_err=  0.2 deg
orient:     t=  1.0 s | axis_err=  2.3 deg | spin_err=  0.2 deg
orient:     t=  1.2 s | axis_err=  2.2 deg | spin_err=  0.2 deg
orient:     t=  1.4 s | axis_err=  2.2 deg | spin_err=  0.2 deg
orient:     t=  1.6 s | axis_err=  2.2 deg | spin_err=  0.2 deg
orient:     t=  1.8 s | axis_err=  2.2 deg | spin_err=  0.2 deg
orient:     t=  2.0 s | axis_err=  2.2 deg | spin_err=  0.2 deg
orient:     t=  2.2 s | axis_err=  2.2 deg | spin_err=  0.2 deg
orient:     t=  2.4 s | axis_err=  2.2 deg | spin_err=  0.2 deg
orient:     t=  2.6 s | axis_err=  2.2 deg | spin_err=  0.2 deg
orient:     t=  2.8 s | axis_err=  2.2 deg | spin_err=  0.2 deg
orient:     t=  3.0 s | axis_err=  2.2 deg | spin_err=  0.2 deg
orient:     t=  3.2 s | axis_err=  2.2 deg | spin_err=  0.2 deg
orient:     t=  3.4 s | axis_err=  2.2 deg | spin_err=  0.2 deg
orient:     t=  3.6 s | axis_err=  2.2 deg | spin_err=  0.2 deg
orient:     t=  3.8 s | axis_err=  2.2 deg | spin_err=  0.2 deg
orient:     t=  4.0 s | axis_err=  2.2 deg | spin_err=  0.2 deg
orient:     t=  4.2 s | axis_err=  2.2 deg | spin_err=  0.2 deg
orient:     t=  4.4 s | axis_err=  2.2 deg | spin_err=  0.2 deg
orient:     t=  4.6 s | axis_err=  2.2 deg | spin_err=  0.2 deg
orient:     t=  4.8 s | axis_err=  2.2 deg | spin_err=  0.2 deg

Orientation settled short of the 2.0 deg gate after 5.0 s: axis_err=2.2 deg | spin_err=0.2 deg
phase: approach_descend
  Kp=[150, 150, 150] N/m  KR=[90, 90, 90] Nm/rad  [t1,t2,n]
  Dp=[126.5, 103.6, 128.3] Ns/m  DR=[13.45, 15.80, 2.01] Nms/rad  auto (factor 1.90)
  descend to 20 mm clearance at 0.100 m/s
descend:    t=  0.0 s | distance=   0.1 mm | height=+132.7 mm (target 20.0) | force=  0.0 N
descend:    t=  0.2 s | distance=  20.1 mm | height=+122.4 mm (target 20.0) | force=  0.3 N
descend:    t=  0.4 s | distance=  40.1 mm | height=+105.9 mm (target 20.0) | force=  0.4 N
descend:    t=  0.6 s | distance=  60.1 mm | height= +88.9 mm (target 20.0) | force=  1.6 N
descend:    t=  0.8 s | distance=  80.1 mm | height= +71.3 mm (target 20.0) | force=  0.8 N
descend:    t=  1.0 s | distance= 100.1 mm | height= +54.2 mm (target 20.0) | force=  1.6 N
descend:    t=  1.2 s | distance= 120.1 mm | height= +37.5 mm (target 20.0) | force=  0.7 N
descend:    t=  1.4 s | distance= 140.1 mm | height= +20.7 mm (target 20.0) | force=  2.0 N

[GATE] Reached 20 mm above the plane. Press Enter to start the set-up press (e+Enter stops).
  gate hold: Kp=[5000, 5000, 5000] N/m [x,y,z]  KR=[90, 90, 90] Nm/rad [t1,t2,n]
             Dp=[206.6, 150.9, 242.9] Ns/m  DR=[11.12, 14.31, 2.43] Nms/rad  auto
[GATE] Continuing to the set-up press.

Clearance reached: distance=141.0 mm | height=19.9 mm | target=20.0 mm | force=1.9 N (not used for the switch)
offset_ee = [-20.0, -60.0, 20.0] mm
p_EE_at_contact = [530.4, -7.8, 47.4] mm
contact_point = [510.6, 48.3, -1.1] mm
edge_offset_base = [-19.8, 56.0, -48.5] mm
phase: set_up

--- set-up impedance ---
  f = Kp*e_p + Dp*de,   m = KR*e_R + DR*dw   (decoupled)
  Kp [t1,t2,n]  = [  2000.0,    300.0,    800.0] N/m
  Dp [t1,t2,n]  = [   224.1,     69.3,    170.7] Ns/m   auto
  KR [t1,t2,n]  = [    50.0,      5.0,     50.0] Nm/rad
  DR [t1,t2,n]  = [     4.6,      1.9,      1.0] Nms/rad   auto
set_up:     t=  0.0 s | tip=  0.0 deg | F=  0.1 N | M=  0.0 Nm (limit 150.0) | edge= 19.8 mm
set_up:     t=  0.2 s | tip=  0.6 deg | F=  1.7 N | M=  1.2 Nm (limit 150.0) | edge= 11.1 mm
set_up:     t=  0.4 s | tip=  1.1 deg | F=  1.4 N | M=  1.2 Nm (limit 150.0) | edge=  5.0 mm
set_up:     t=  0.6 s | tip=  1.2 deg | F= 12.6 N | M=  7.5 Nm (limit 150.0) | edge=  3.2 mm
set_up:     t=  0.8 s | tip=  1.2 deg | F= 20.5 N | M= 11.6 Nm (limit 150.0) | edge=  3.1 mm
set_up:     t=  1.0 s | tip=  1.3 deg | F= 29.2 N | M= 16.3 Nm (limit 150.0) | edge=  3.0 mm
set_up:     t=  1.2 s | tip=  1.3 deg | F= 37.1 N | M= 20.6 Nm (limit 150.0) | edge=  3.0 mm
set_up:     t=  1.4 s | tip=  1.3 deg | F= 44.6 N | M= 24.5 Nm (limit 150.0) | edge=  3.0 mm
set_up:     t=  1.6 s | tip=  1.3 deg | F= 52.5 N | M= 28.6 Nm (limit 150.0) | edge=  2.9 mm
set_up:     t=  1.8 s | tip=  1.2 deg | F= 47.2 N | M= 25.8 Nm (limit 150.0) | edge=  2.9 mm
set_up:     t=  2.0 s | tip=  1.2 deg | F= 47.1 N | M= 25.8 Nm (limit 150.0) | edge=  2.9 mm
set_up:     t=  2.2 s | tip=  1.2 deg | F= 47.0 N | M= 25.7 Nm (limit 150.0) | edge=  2.9 mm
set_up:     t=  2.4 s | tip=  1.2 deg | F= 47.1 N | M= 25.7 Nm (limit 150.0) | edge=  2.9 mm
set_up:     t=  2.6 s | tip=  1.2 deg | F= 46.9 N | M= 25.7 Nm (limit 150.0) | edge=  2.9 mm
set_up:     t=  2.8 s | tip=  1.2 deg | F= 46.9 N | M= 25.7 Nm (limit 150.0) | edge=  2.9 mm
set_up:     t=  3.0 s | tip=  1.2 deg | F= 46.7 N | M= 25.6 Nm (limit 150.0) | edge=  2.9 mm
set_up:     t=  3.2 s | tip=  1.2 deg | F= 46.9 N | M= 25.7 Nm (limit 150.0) | edge=  2.9 mm
set_up:     t=  3.4 s | tip=  1.2 deg | F= 46.9 N | M= 25.6 Nm (limit 150.0) | edge=  2.9 mm
set_up:     t=  3.6 s | tip=  1.2 deg | F= 46.8 N | M= 25.6 Nm (limit 150.0) | edge=  2.9 mm
set_up:     t=  3.8 s | tip=  1.2 deg | F= 46.8 N | M= 25.6 Nm (limit 150.0) | edge=  2.9 mm
set_up:     t=  4.0 s | tip=  1.2 deg | F= 46.8 N | M= 25.6 Nm (limit 150.0) | edge=  2.9 mm
set_up:     t=  4.2 s | tip=  1.2 deg | F= 46.8 N | M= 25.6 Nm (limit 150.0) | edge=  2.9 mm
set_up:     t=  4.4 s | tip=  1.2 deg | F= 46.8 N | M= 25.6 Nm (limit 150.0) | edge=  2.9 mm
set_up:     t=  4.6 s | tip=  1.2 deg | F= 46.7 N | M= 25.6 Nm (limit 150.0) | edge=  2.9 mm
set_up:     t=  4.8 s | tip=  1.2 deg | F= 46.7 N | M= 25.6 Nm (limit 150.0) | edge=  2.9 mm

=== Set-up result ===
stop: time | t=5.0 s | tip=1.2 deg | F=46.6 N | M=25.5 Nm
edge_from_contact = [-2.7, +0.9, +0.8] mm | norm=2.9 mm
tcp_from_contact  = [+17.4, -55.7, +28.9] mm | norm=65.1 mm
alignment: before=6.77 deg | after=6.29 deg | gain=+0.48 deg
alignment components [t1,t2,n] deg: before=[-6.76,+0.33,+0.00] | after=[-6.13,+1.39,+0.00]

=== Set-up surface-frame breakdown ===
frame: alignment-target [tangent1, tangent2, normal]
force        [N]      = [    -3.98,     -0.12,    -46.39]
tcp_disp     [mm]     = [    +1.48,     -1.64,    -19.69]
edge_disp    [mm]     = [    +2.03,     -1.95,     +0.74]
Kp_eff=F/tcp [N/m]    = [  -2691.3,      74.3,    2355.8]
moment@edge  [Nm]     = [   -13.26,    -23.03,     +0.87]
tip_angle    [deg]    = [    +0.63,     +1.08,     -0.04]
KR_eff=M/ang [Nm/rad] = [  -1204.7,   -1225.2,   -1172.1]

[GATE] Set up finished (holding the pressed pose). Press Enter to start the grind (e+Enter stops).

Stop requested with e + Enter. Finishing control loop...

Joint motion [deg]:
joint    start   final   delta
------------------------------
q1        0.9     1.4     0.5
q2       12.1    29.4    17.3
q3       -0.5    -2.1    -1.5
q4     -130.9  -129.6     1.3
q5       -0.2   -18.8   -18.6
q6      142.9   158.8    15.9
q7       44.7    61.8    17.0

=== Final result ===
p_d = [529.1, -10.0, -32.4] mm
p_EE = [528.1, -7.4, 27.7] mm
e_p = [1.0, -2.5, -60.2] mm
position_error = 60.25 mm
e_R = [-0.12, -1.24, -0.01] deg
rotation_error = 1.25 deg
csv: logs/surface_grinding_controller_log.csv
