
Press Enter to recover and configure the robot.
Robot recovered or already ready.
Collision: custom thresholds.

=== Startup choice ===
  q = go to q_init (from params/common.txt), then choose again
  g = guiding mode: go to q_init, then hand-guide to your pose;
      use s+Enter for sequence or h+Enter for hold
  o = open the Franka hand now (release/load tool), then choose again
  c = close/grasp the tool now, then choose again
  r = continue to run mode (available after q_init is reached)
Choice [q/g/o/c/r, Enter = q]: Moving to q_init...
q_init reached.

=== Startup choice ===
  q = go to q_init (from params/common.txt), then choose again
  g = guiding mode: go to q_init, then hand-guide to your pose;
      use s+Enter for sequence or h+Enter for hold
  o = open the Franka hand now (release/load tool), then choose again
  c = close/grasp the tool now, then choose again
  r = continue to run mode
Choice [q/g/o/c/r, Enter = q]: 
=== Run mode ===
  s = phase sequence (approach / set up / grind)
  h = hold at the start pose
Choice [s/h, Enter = s]: Selected: phase sequence. Nullspace mode from parameters: nullspace_damping_plus_sigma.

=== Setup ===
run: phase sequence | approach_orient: on | nullspace: nullspace_damping_plus_sigma
nullspace parameters: d_null=2.000 | k_sigma=1.000 Nm | alpha=0.0800 rad
hold: Kp=300.0 N/m | KR=40.0 Nm/rad | damping=auto translation+rotation (factor fitted online toward Dp=50.0 Ns/m)
manual_guidance_start: off | manual_damping=0.50
descend: clearance=20.0 mm | speed=0.100 m/s | max_distance=640 mm
alignment push: start=captured | end=+180 mm | speed=0.050 m/s | ramp_time~=4.0 s | timeout=12.0 s | moment_threshold=150.0 Nm
grind: sweep | axis=tangent2 | amplitude=30 mm | frequency=0.20 Hz
coupled stiffness: apply=on | saved=yes | pole=manual
gates: pause_before_set_up=on | pause_auto_damping=on | pause_before_grind=off | debug_period=0.20 s
alignment-target normal=[+0.087, -0.000, +0.996] | tilt a(x)=0.0 deg, b(y)=5.0 deg (from angles)
tool face: 40 x 120 mm | center offset EE=[+0.0, +0.0, +20.0] mm
Gripper already holding the tool (width 65.1 mm); keeping grasp.
Press e+Enter to stop the controller before the duration expires.
During hold: press g+Enter to hand-guide the tool, then p+Enter to recapture and resume hold.
experiment_duration <= 0: running indefinitely until e + Enter.

=== Start pose ===
q_start = [-2.8, 18.1, -5.1, -122.8, 17.5, 139.5, 26.8] deg
p_start = [565.1, -59.5, 151.1] mm

=== Run ===
phase: approach_orient
orient:     t=  0.0 s | axis_err= 11.5 deg | rot_err= 11.5 deg
approach Dp        auto=[ 134.14,   97.25,  122.28]  manual=[  20.00,   20.00,   20.00] Ns/m
approach DR        auto=[  12.73,   16.36,    4.08]  manual=[  12.00,   12.00,   12.00] Nms/rad
orient:     t=  0.2 s | axis_err=  4.5 deg | rot_err=  4.5 deg
orient:     t=  0.4 s | axis_err=  2.3 deg | rot_err=  2.3 deg

Orientation reached: axis_err=1.9 deg
phase: approach_descend
descend:    t=  0.0 s | distance=   0.1 mm | height= +97.4 mm (target 20.0) | force=  0.0 N
descend:    t=  0.2 s | distance=  20.1 mm | height= +85.3 mm (target 20.0) | force=  0.8 N
descend:    t=  0.4 s | distance=  40.1 mm | height= +68.6 mm (target 20.0) | force=  1.7 N
descend:    t=  0.6 s | distance=  60.2 mm | height= +51.0 mm (target 20.0) | force=  1.9 N
descend:    t=  0.8 s | distance=  80.3 mm | height= +33.3 mm (target 20.0) | force=  2.0 N

[GATE] Reached 20 mm above the plane. Press Enter to start the set-up press (e+Enter stops).
pause auto damping: fitted Dp factor=0.551, DR factor=1.960
pause Dp [xyz]     auto=[ 206.58,  155.24,  224.85]  manual=[ 200.00,  200.00,  200.00] Ns/m
pause DR [t1t2n]   auto=[  11.73,   17.28,    2.04]  manual=[  12.73,   16.36,    4.08] Nms/rad
[GATE] Continuing to the set-up press.
descend:    t=  7.2 s | distance=  95.3 mm | height= +19.5 mm (target 20.0) | force=  0.7 N

Clearance reached: distance=95.3 mm | height=19.5 mm | target=20.0 mm | force=0.7 N (not used for the switch)
offset_ee = [20.0, 60.0, 20.0] mm
p_EE_at_contact = [546.5, -65.6, 65.5] mm
contact_point = [560.2, -126.2, 24.1] mm
edge_offset_base = [13.7, -60.7, -41.4] mm
phase: set_up
set_up Dp [xyz]    auto=[ 237.08,  178.18,  108.09]  manual=[  10.00,   10.00,  175.00] Ns/m
set_up DR [t1t2n]  auto=[   1.41,    2.07,    0.77]  manual=[  10.01,   10.01,   10.00] Nms/rad
set_up:     t=  0.0 s | tip=  0.0 deg | F=  0.0 N | M=  0.0 Nm (limit 150.0) | edge= 19.5 mm
set_up:     t=  0.2 s | tip=  0.6 deg | F=  1.0 N | M=  0.5 Nm (limit 150.0) | edge= 13.5 mm
set_up:     t=  0.4 s | tip=  1.2 deg | F=  1.6 N | M=  0.6 Nm (limit 150.0) | edge=  6.5 mm
set_up:     t=  0.6 s | tip=  1.8 deg | F=  2.5 N | M=  1.1 Nm (limit 150.0) | edge=  5.7 mm
set_up:     t=  0.8 s | tip=  2.5 deg | F=  1.6 N | M=  0.5 Nm (limit 150.0) | edge= 13.7 mm
set_up:     t=  1.0 s | tip=  2.9 deg | F= 10.1 N | M=  5.4 Nm (limit 150.0) | edge= 21.1 mm
set_up:     t=  1.2 s | tip=  2.9 deg | F= 11.7 N | M=  6.4 Nm (limit 150.0) | edge= 21.1 mm
set_up:     t=  1.4 s | tip=  2.9 deg | F= 15.6 N | M=  8.4 Nm (limit 150.0) | edge= 21.2 mm
set_up:     t=  1.6 s | tip=  2.9 deg | F= 19.0 N | M= 10.2 Nm (limit 150.0) | edge= 21.4 mm
set_up:     t=  1.8 s | tip=  2.9 deg | F= 22.8 N | M= 12.1 Nm (limit 150.0) | edge= 21.5 mm
set_up:     t=  2.0 s | tip=  2.9 deg | F= 26.9 N | M= 14.3 Nm (limit 150.0) | edge= 21.7 mm
set_up:     t=  2.2 s | tip=  3.0 deg | F= 30.7 N | M= 16.3 Nm (limit 150.0) | edge= 21.9 mm
set_up:     t=  2.4 s | tip=  3.0 deg | F= 34.7 N | M= 18.3 Nm (limit 150.0) | edge= 22.0 mm
set_up:     t=  2.6 s | tip=  3.0 deg | F= 38.3 N | M= 20.2 Nm (limit 150.0) | edge= 22.2 mm
set_up:     t=  2.8 s | tip=  3.0 deg | F= 42.2 N | M= 22.2 Nm (limit 150.0) | edge= 22.4 mm
set_up:     t=  3.0 s | tip=  3.0 deg | F= 45.9 N | M= 24.0 Nm (limit 150.0) | edge= 22.5 mm
set_up:     t=  3.2 s | tip=  3.0 deg | F= 49.7 N | M= 25.9 Nm (limit 150.0) | edge= 22.7 mm
set_up:     t=  3.4 s | tip=  3.0 deg | F= 53.4 N | M= 27.9 Nm (limit 150.0) | edge= 22.8 mm
set_up:     t=  3.6 s | tip=  3.1 deg | F= 57.1 N | M= 29.8 Nm (limit 150.0) | edge= 23.0 mm
set_up:     t=  3.8 s | tip=  3.1 deg | F= 61.1 N | M= 31.8 Nm (limit 150.0) | edge= 23.1 mm
set_up:     t=  4.0 s | tip=  3.1 deg | F= 64.8 N | M= 33.8 Nm (limit 150.0) | edge= 23.2 mm
set_up:     t=  4.2 s | tip=  3.1 deg | F= 61.0 N | M= 31.4 Nm (limit 150.0) | edge= 23.2 mm
set_up:     t=  4.4 s | tip=  3.1 deg | F= 60.9 N | M= 31.4 Nm (limit 150.0) | edge= 23.2 mm
set_up:     t=  4.6 s | tip=  3.1 deg | F= 60.9 N | M= 31.4 Nm (limit 150.0) | edge= 23.2 mm
set_up:     t=  4.8 s | tip=  3.1 deg | F= 60.9 N | M= 31.3 Nm (limit 150.0) | edge= 23.2 mm
set_up:     t=  5.0 s | tip=  3.1 deg | F= 60.9 N | M= 31.3 Nm (limit 150.0) | edge= 23.2 mm
set_up:     t=  5.2 s | tip=  3.1 deg | F= 60.7 N | M= 31.2 Nm (limit 150.0) | edge= 23.2 mm
set_up:     t=  5.4 s | tip=  3.1 deg | F= 60.8 N | M= 31.3 Nm (limit 150.0) | edge= 23.2 mm
set_up:     t=  5.6 s | tip=  3.1 deg | F= 60.8 N | M= 31.3 Nm (limit 150.0) | edge= 23.2 mm
set_up:     t=  5.8 s | tip=  3.1 deg | F= 60.9 N | M= 31.3 Nm (limit 150.0) | edge= 23.2 mm
set_up:     t=  6.0 s | tip=  3.1 deg | F= 61.0 N | M= 31.4 Nm (limit 150.0) | edge= 23.2 mm
set_up:     t=  6.2 s | tip=  3.1 deg | F= 60.9 N | M= 31.4 Nm (limit 150.0) | edge= 23.2 mm
set_up:     t=  6.4 s | tip=  3.1 deg | F= 61.0 N | M= 31.4 Nm (limit 150.0) | edge= 23.2 mm
set_up:     t=  6.6 s | tip=  3.1 deg | F= 60.9 N | M= 31.4 Nm (limit 150.0) | edge= 23.2 mm
set_up:     t=  6.8 s | tip=  3.1 deg | F= 60.9 N | M= 31.3 Nm (limit 150.0) | edge= 23.2 mm
set_up:     t=  7.0 s | tip=  3.1 deg | F= 60.9 N | M= 31.3 Nm (limit 150.0) | edge= 23.2 mm
set_up:     t=  7.2 s | tip=  3.1 deg | F= 60.8 N | M= 31.3 Nm (limit 150.0) | edge= 23.2 mm
set_up:     t=  7.4 s | tip=  3.1 deg | F= 60.9 N | M= 31.3 Nm (limit 150.0) | edge= 23.2 mm
set_up:     t=  7.6 s | tip=  3.1 deg | F= 60.9 N | M= 31.3 Nm (limit 150.0) | edge= 23.2 mm
set_up:     t=  7.8 s | tip=  3.1 deg | F= 60.9 N | M= 31.3 Nm (limit 150.0) | edge= 23.2 mm
set_up:     t=  8.0 s | tip=  3.1 deg | F= 60.9 N | M= 31.3 Nm (limit 150.0) | edge= 23.2 mm
set_up:     t=  8.2 s | tip=  3.1 deg | F= 60.8 N | M= 31.3 Nm (limit 150.0) | edge= 23.2 mm
set_up:     t=  8.4 s | tip=  3.1 deg | F= 60.8 N | M= 31.3 Nm (limit 150.0) | edge= 23.2 mm
set_up:     t=  8.6 s | tip=  3.1 deg | F= 60.9 N | M= 31.3 Nm (limit 150.0) | edge= 23.2 mm
set_up:     t=  8.8 s | tip=  3.1 deg | F= 60.9 N | M= 31.3 Nm (limit 150.0) | edge= 23.2 mm
set_up:     t=  9.0 s | tip=  3.1 deg | F= 60.8 N | M= 31.3 Nm (limit 150.0) | edge= 23.2 mm
set_up:     t=  9.2 s | tip=  3.1 deg | F= 60.8 N | M= 31.3 Nm (limit 150.0) | edge= 23.2 mm
set_up:     t=  9.4 s | tip=  3.1 deg | F= 60.8 N | M= 31.3 Nm (limit 150.0) | edge= 23.2 mm
set_up:     t=  9.6 s | tip=  3.1 deg | F= 60.8 N | M= 31.3 Nm (limit 150.0) | edge= 23.2 mm
set_up:     t=  9.8 s | tip=  3.1 deg | F= 60.8 N | M= 31.3 Nm (limit 150.0) | edge= 23.2 mm
set_up:     t= 10.0 s | tip=  3.1 deg | F= 60.8 N | M= 31.3 Nm (limit 150.0) | edge= 23.2 mm
set_up:     t= 10.2 s | tip=  3.1 deg | F= 60.8 N | M= 31.3 Nm (limit 150.0) | edge= 23.2 mm
set_up:     t= 10.4 s | tip=  3.1 deg | F= 60.8 N | M= 31.3 Nm (limit 150.0) | edge= 23.2 mm
set_up:     t= 10.6 s | tip=  3.1 deg | F= 60.8 N | M= 31.3 Nm (limit 150.0) | edge= 23.2 mm
set_up:     t= 10.8 s | tip=  3.1 deg | F= 61.0 N | M= 31.4 Nm (limit 150.0) | edge= 23.2 mm
set_up:     t= 11.0 s | tip=  3.1 deg | F= 60.8 N | M= 31.3 Nm (limit 150.0) | edge= 23.2 mm
set_up:     t= 11.2 s | tip=  3.1 deg | F= 60.8 N | M= 31.3 Nm (limit 150.0) | edge= 23.2 mm
set_up:     t= 11.4 s | tip=  3.1 deg | F= 60.6 N | M= 31.1 Nm (limit 150.0) | edge= 23.2 mm
set_up:     t= 11.6 s | tip=  3.1 deg | F= 60.8 N | M= 31.3 Nm (limit 150.0) | edge= 23.2 mm
set_up:     t= 11.8 s | tip=  3.1 deg | F= 60.8 N | M= 31.3 Nm (limit 150.0) | edge= 23.2 mm

=== Set-up result ===
stop: time | t=12.0 s | tip=3.1 deg | F=60.8 N | M=31.3 Nm
edge_from_contact = [-8.1, +0.4, -21.8] mm | norm=23.2 mm
tcp_from_contact  = [-21.9, +61.1, +1.0] mm | norm=65.0 mm
alignment: before=0.47 deg | after=3.27 deg | gain=-2.80 deg

=== Set-up surface-frame breakdown ===
frame: alignment-target [tangent1, tangent2, normal]
force        [N]      = [   -15.80,     -0.89,    -58.67]
tcp_disp     [mm]     = [    -4.69,     +0.47,    -40.97]
edge_disp    [mm]     = [    -6.18,     +0.38,    -22.38]
Kp_eff=F/tcp [N/m]    = [   3367.1,   -1914.5,    1432.3]
moment@edge  [Nm]     = [    +3.72,    +29.04,     -1.35]
tip_angle    [deg]    = [    -0.05,     -3.07,     +0.35]
KR_eff=M/ang [Nm/rad] = [  -4132.6,    -542.8,    -223.9]

finite_axis: angle=3.1 deg | axis_from_edge=[-404.5, +18.6, +138.9] mm | dir=[+0.007, +0.994, -0.113] | pitch=+51.8 mm/rad

=== Coupled stiffness from the measured pole ===
source spring K_pole/D_pole (diagonal, from parameters):
  Kp [N/m]     = [2000, 2000, 350]
  KR [Nm/rad]  = [5, 5, 50]
  Dp [Ns/m]    = [10, 10, 175]
  DR [Nms/rad] = [10.01, 10.01, 10]

poles compared (lever r_c = TCP - pole):
  (A) measured axis : angle=3.1 deg | pitch=+51.8 mm/rad
      pole_from_edge = [-396.3, 21.0, 160.3] mm
      r_c            = [382.5, 39.7, -137.6] mm
  (B) manual pole   : COMMANDED this run, contact reference
      pole_from_edge = [15.1, -0.4, 101.4] mm
      r_c            = [-20.7, 60.7, -38.3] mm
      r_c(B)-r_c(A)  = [-403.2, 20.9, 99.3] mm

K_TCP = Ad^T K_pole Ad  [rows fx..mz | cols tx..rz]:
  (A) measured axis:
           tx        ty        tz    |    rx        ry        rz
  fx [    2000        0        0 |        0    275.2    79.49 ]
  fy [       0     2000        0 |   -275.2        0     -765 ]
  fz [       0        0      350 |   -13.91    133.9        0 ]
     ---------------------------+---------------------------
  mx [       0   -275.2   -13.91 |    43.76   -5.321    109.2 ]
  my [   275.2        0    133.9 |   -5.321    94.08    10.94 ]
  mz [   79.49     -765        0 |    109.2    10.94    345.5 ]
  (A) K_TCP eigenvalues = [4.278, 4.946, 43.19, 401.2, 2039, 2341] -> PSD ok (>=0) (min=4.278)
  (B) manual pole:
           tx        ty        tz    |    rx        ry        rz
  fx [    2000        0        0 |        0    76.61    121.4 ]
  fy [       0     2000        0 |   -76.61        0    41.33 ]
  fz [       0        0      350 |   -21.24   -7.232        0 ]
     ---------------------------+---------------------------
  mx [       0   -76.61   -21.24 |    9.565   0.4388    2.324 ]
  my [   76.61        0   -7.232 |   0.4388    8.084    4.648 ]
  mz [   121.4    41.33        0 |    2.324    4.648    57.88 ]
  (B) K_TCP eigenvalues = [4.972, 4.992, 49.8, 351.5, 2003, 2011] -> PSD ok (>=0) (min=4.972)

D_TCP = Ad^T D_pole Ad:
  (A) measured axis:
           tx        ty        tz    |    rx        ry        rz
  fx [   237.1        0        0 |        0    32.62    9.423 ]
  fy [       0    178.2        0 |   -24.52        0   -68.16 ]
  fz [       0        0    108.1 |   -4.296    41.35        0 ]
     ---------------------------+---------------------------
  mx [       0   -24.52   -4.296 |    4.949   -1.643    9.323 ]
  my [   32.62        0    41.35 |   -1.643    22.38    1.297 ]
  mz [   9.423   -68.16        0 |    9.323    1.297    27.23 ]
  (A) D_TCP eigenvalues = [0.6689, 1.395, 1.777, 123.7, 207.5, 242.9] -> PSD ok (>=0) (min=0.6689)
  (B) manual pole:
           tx        ty        tz    |    rx        ry        rz
  fx [   237.1        0        0 |        0    9.081    14.39 ]
  fy [       0    178.2        0 |   -6.825        0    3.682 ]
  fz [       0        0    108.1 |   -6.558   -2.233        0 ]
     ---------------------------+---------------------------
  mx [       0   -6.825   -6.558 |    2.065   0.1355  -0.1962 ]
  my [   9.081        0   -2.233 |   0.1355    2.467    0.551 ]
  mz [   14.39    3.682        0 |  -0.1962    0.551    1.728 ]
  (B) D_TCP eigenvalues = [0.7716, 1.402, 2.07, 108.5, 178.5, 238.3] -> PSD ok (>=0) (min=0.7716)
phase: grind

Stop requested with e + Enter. Finishing control loop...

Joint motion [deg]:
joint    start   final   delta
------------------------------
q1       -2.8    -3.4    -0.7
q2       18.1    32.6    14.5
q3       -5.1    -2.2     2.9
q4     -122.8  -121.3     1.5
q5       17.5    -0.3   -17.8
q6      139.5   145.3     5.9
q7       26.8    43.2    16.4

=== Final result ===
p_d = [529.1, -62.8, -133.3] mm
p_EE = [535.1, -56.3, 24.7] mm
e_p = [-6.0, -6.4, -158.0] mm
position_error = 158.25 mm
e_R = [1.07, -3.54, 0.75] deg
rotation_error = 3.77 deg
csv: surface_grinding_controller_log.csv
