
====================================================================
  SURFACE GRINDING CONTROLLER
====================================================================
  robot              172.16.0.2
--------------------------------------------------------------------

Press Enter to recover and configure the robot.
  Robot recovered or already ready.

====================================================================
  STARTUP MODE
====================================================================
  run     s   run the phase sequence from q_init
          h   hold the q_init pose
          t   hold with the set-up impedance, to test those gains
          g   hand-guide the start pose, then choose
--------------------------------------------------------------------
  set up  q   go to q_init and inspect
          o   open the hand now
          c   grasp the tool now
          r   recalibrate the hand width, fingers empty
          f   fetch the tool from the holder
          b   put the tool back
--------------------------------------------------------------------
  quit    e   stop and quit
--------------------------------------------------------------------
  in a run    e stop | m menu | g hand-guide | s sequence | t hold
--------------------------------------------------------------------
Choice [s/h/t/g/q/o/c/r/f/b/e]: 
-- selected: phase sequence ----------------------------------------

-- moving to q_init ------------------------------------------------
  case               horizontal_table_search
  q1..q7 [deg]     = [0.8, 12.1, -0.5, -130.9, -0.2, 142.9, 44.7] deg
  horizontal_table_search = [0.014777, 0.210911, -0.009320, -2.284835, -0.002725, 2.493410, 0.780694] rad
  q_init reached.

-- start pose ------------------------------------------------------
  q_start          = [0.9, 12.1, -0.5, -130.9, -0.1, 142.9, 44.7] deg
  p_start          = [    531.3,       2.5,     156.8] mm

====================================================================
  RUN
====================================================================

-- phase: approach_orient ------------------------------------------
  Kp [t1,t2,n]     = [    150.0,     150.0,     150.0] N/m
  Dp [t1,t2,n]     = [    126.5,     103.6,     128.3] Ns/m     auto (factor 1.90)
  KR [t1,t2,n]     = [     90.0,      90.0,      90.0] Nm/rad
  DR [t1,t2,n]     = [     13.5,      15.8,       2.0] Nms/rad  auto (factor 1.90)
orient:     t=  0.0 s | axis_err=  8.6 deg | spin_err=  1.1 deg
orient:     t=  0.2 s | axis_err=  7.9 deg | spin_err=  0.5 deg
orient:     t=  0.4 s | axis_err=  5.6 deg | spin_err=  0.3 deg
orient:     t=  0.6 s | axis_err=  3.1 deg | spin_err=  0.3 deg
orient:     t=  0.8 s | axis_err=  2.4 deg | spin_err=  0.3 deg
orient:     t=  1.0 s | axis_err=  2.2 deg | spin_err=  0.3 deg
orient:     t=  1.2 s | axis_err=  2.2 deg | spin_err=  0.3 deg
orient:     t=  1.4 s | axis_err=  2.2 deg | spin_err=  0.3 deg
orient:     t=  1.6 s | axis_err=  2.2 deg | spin_err=  0.3 deg
orient:     t=  1.8 s | axis_err=  2.2 deg | spin_err=  0.3 deg
orient:     t=  2.0 s | axis_err=  2.2 deg | spin_err=  0.3 deg
orient:     t=  2.2 s | axis_err=  2.2 deg | spin_err=  0.3 deg
orient:     t=  2.4 s | axis_err=  2.2 deg | spin_err=  0.3 deg
orient:     t=  2.6 s | axis_err=  2.2 deg | spin_err=  0.3 deg
orient:     t=  2.8 s | axis_err=  2.2 deg | spin_err=  0.3 deg
orient:     t=  3.0 s | axis_err=  2.2 deg | spin_err=  0.3 deg
orient:     t=  3.2 s | axis_err=  2.2 deg | spin_err=  0.3 deg
orient:     t=  3.4 s | axis_err=  2.2 deg | spin_err=  0.3 deg
orient:     t=  3.6 s | axis_err=  2.2 deg | spin_err=  0.3 deg
orient:     t=  3.8 s | axis_err=  2.2 deg | spin_err=  0.3 deg
orient:     t=  4.0 s | axis_err=  2.2 deg | spin_err=  0.3 deg
orient:     t=  4.2 s | axis_err=  2.2 deg | spin_err=  0.3 deg
orient:     t=  4.4 s | axis_err=  2.2 deg | spin_err=  0.3 deg
orient:     t=  4.6 s | axis_err=  2.2 deg | spin_err=  0.3 deg
orient:     t=  4.8 s | axis_err=  2.2 deg | spin_err=  0.3 deg

Orientation settled short of the 2.0 deg gate after 5.0 s: axis_err=2.2 deg | spin_err=0.3 deg

-- phase: approach_descend -----------------------------------------
  Kp [t1,t2,n]     = [    150.0,     150.0,     150.0] N/m
  Dp [t1,t2,n]     = [    126.5,     103.6,     128.3] Ns/m     auto (factor 1.90)
  KR [t1,t2,n]     = [     90.0,      90.0,      90.0] Nm/rad
  DR [t1,t2,n]     = [     13.5,      15.8,       2.0] Nms/rad  auto (factor 1.90)
  descend to         20 mm clearance at 0.100 m/s
descend:    t=  0.0 s | distance=   0.1 mm | height=+134.2 mm (target 20.0) | force=  0.0 N
descend:    t=  0.2 s | distance=  20.1 mm | height=+123.7 mm (target 20.0) | force=  0.1 N
descend:    t=  0.4 s | distance=  40.1 mm | height=+107.0 mm (target 20.0) | force=  1.4 N
descend:    t=  0.6 s | distance=  60.1 mm | height= +89.9 mm (target 20.0) | force=  1.7 N
descend:    t=  0.8 s | distance=  80.1 mm | height= +72.2 mm (target 20.0) | force=  1.4 N
descend:    t=  1.0 s | distance= 100.1 mm | height= +54.2 mm (target 20.0) | force=  1.5 N
descend:    t=  1.2 s | distance= 120.1 mm | height= +35.6 mm (target 20.0) | force=  1.5 N

[GATE] Reached 20 mm above the plane. Press Enter to start the set-up press (e+Enter stops).

-- gate hold -------------------------------------------------------
  Kp [x,y,z]       = [   5000.0,    5000.0,    5000.0] N/m
  Dp [x,y,z]       = [    204.7,     150.9,     247.2] Ns/m     auto
  KR [t1,t2,n]     = [     90.0,      90.0,      90.0] Nm/rad
  DR [t1,t2,n]     = [     13.8,      12.0,       2.6] Nms/rad  auto
[GATE] Continuing to the set-up press.

Clearance reached: distance=136.8 mm | height=19.9 mm | target=20.0 mm | force=0.6 N (not used for the switch)
  offset_ee        = [    -20.0,      60.0,      20.0] mm
  p_EE_at_contact  = [    535.9,      12.3,      46.0] mm
  contact_point    = [    516.6,     -46.9,       1.4] mm
  edge_offset      = [    -19.3,     -59.1,     -44.6] mm

-- phase: set_up ---------------------------------------------------

-- set-up impedance ------------------------------------------------
  law                wrench = K_TCP*dx + D_TCP*dv
                     K_TCP  = Ad(r_c)^T * blkdiag(Kp,KR) * Ad(r_c)
  Kp [t1,t2,n]     = [   2000.0,    2000.0,     800.0] N/m
  Dp [t1,t2,n]     = [    213.0,     186.9,     172.3] Ns/m     auto
  KR [t1,t2,n]     = [      5.0,       5.0,      50.0] Nm/rad
  DR [t1,t2,n]     = [      1.8,       1.6,       1.1] Nms/rad  auto
  p_c [EE]         = [     43.3,     -51.1,     -52.1] mm       the pole on the tool, from p_EE
  r_c [t1,t2,n]    = [     54.4,      25.4,     -60.0] mm       commanded: p_TCP - p_c, in the plane
set_up:     t=  0.0 s | tip=  0.0 deg | F=  0.1 N | M=  0.0 Nm (limit 150.0) | edge= 19.8 mm
set_up:     t=  0.2 s | tip=  0.4 deg | F=  1.6 N | M=  1.5 Nm (limit 150.0) | edge= 10.6 mm
set_up:     t=  0.4 s | tip=  1.0 deg | F=  1.8 N | M=  1.5 Nm (limit 150.0) | edge=  5.1 mm
set_up:     t=  0.6 s | tip=  1.3 deg | F= 12.2 N | M=  7.4 Nm (limit 150.0) | edge=  4.0 mm
set_up:     t=  0.8 s | tip=  1.3 deg | F= 19.6 N | M= 11.6 Nm (limit 150.0) | edge=  4.1 mm
set_up:     t=  1.0 s | tip=  1.4 deg | F= 27.0 N | M= 15.6 Nm (limit 150.0) | edge=  4.2 mm
set_up:     t=  1.2 s | tip=  1.5 deg | F= 34.9 N | M= 20.1 Nm (limit 150.0) | edge=  4.4 mm
set_up:     t=  1.4 s | tip=  1.6 deg | F= 42.8 N | M= 24.5 Nm (limit 150.0) | edge=  4.5 mm
set_up:     t=  1.6 s | tip=  1.9 deg | F= 50.7 N | M= 28.9 Nm (limit 150.0) | edge=  4.7 mm
set_up:     t=  1.8 s | tip=  2.0 deg | F= 44.1 N | M= 25.3 Nm (limit 150.0) | edge=  4.6 mm
set_up:     t=  2.0 s | tip=  2.1 deg | F= 43.7 N | M= 25.1 Nm (limit 150.0) | edge=  4.7 mm
set_up:     t=  2.2 s | tip=  2.2 deg | F= 42.0 N | M= 24.2 Nm (limit 150.0) | edge=  4.9 mm
set_up:     t=  2.4 s | tip=  2.3 deg | F= 42.7 N | M= 24.6 Nm (limit 150.0) | edge=  4.9 mm
set_up:     t=  2.6 s | tip=  2.3 deg | F= 42.5 N | M= 24.4 Nm (limit 150.0) | edge=  4.9 mm
set_up:     t=  2.8 s | tip=  2.4 deg | F= 42.4 N | M= 24.3 Nm (limit 150.0) | edge=  4.9 mm
set_up:     t=  3.0 s | tip=  2.4 deg | F= 42.5 N | M= 24.4 Nm (limit 150.0) | edge=  4.9 mm
set_up:     t=  3.2 s | tip=  2.4 deg | F= 42.4 N | M= 24.4 Nm (limit 150.0) | edge=  4.9 mm
set_up:     t=  3.4 s | tip=  2.4 deg | F= 42.4 N | M= 24.4 Nm (limit 150.0) | edge=  4.9 mm
set_up:     t=  3.6 s | tip=  2.4 deg | F= 42.5 N | M= 24.4 Nm (limit 150.0) | edge=  4.9 mm
set_up:     t=  3.8 s | tip=  2.4 deg | F= 42.5 N | M= 24.5 Nm (limit 150.0) | edge=  4.9 mm
set_up:     t=  4.0 s | tip=  2.4 deg | F= 42.5 N | M= 24.5 Nm (limit 150.0) | edge=  4.9 mm
set_up:     t=  4.2 s | tip=  2.4 deg | F= 42.5 N | M= 24.5 Nm (limit 150.0) | edge=  4.9 mm
set_up:     t=  4.4 s | tip=  2.4 deg | F= 42.5 N | M= 24.4 Nm (limit 150.0) | edge=  4.9 mm
set_up:     t=  4.6 s | tip=  2.4 deg | F= 42.6 N | M= 24.5 Nm (limit 150.0) | edge=  4.9 mm
set_up:     t=  4.8 s | tip=  2.4 deg | F= 42.6 N | M= 24.5 Nm (limit 150.0) | edge=  4.9 mm

====================================================================
  SET-UP RESULT
====================================================================
  stop: time | t=5.0 s | tip=2.4 deg | F=42.5 N | M=24.5 Nm
  edge_from_contact = [-4.4, -1.6, -1.4] mm | norm=4.9 mm
  tcp_from_contact  = [+15.3, +57.6, +21.2] mm | norm=63.3 mm
  alignment: before=6.94 deg | after=4.60 deg | gain=+2.34 deg
  alignment components [t1,t2,n] deg: before=[+1.92,-6.67,+0.00] | after=[+1.51,-4.34,-0.00]

-- set-up surface-frame breakdown ----------------------------------
  frame              alignment-target [tangent1, tangent2, normal]
  force        [N]      = [    -0.60,     +2.33,    -42.48]
  tcp_disp     [mm]     = [    +3.64,     -0.74,    -23.48]
  edge_disp    [mm]     = [    +4.57,     -0.45,     -1.56]
  Kp_eff=F/tcp [N/m]    = [   -164.7,   -3150.5,    1808.8]
  moment@edge  [Nm]     = [    -7.10,    -24.56,     -1.26]
  tip_angle    [deg]    = [    -0.43,     +2.32,     -0.13]
  KR_eff=M/ang [Nm/rad] = [    956.9,    -605.3,     548.1]

-- centre of compliance --------------------------------------------
  definition         r_c = p_TCP - p_c
  p_TCP [x,y,z]    = [    535.9,      12.3,      46.0] mm
  p_c [EE]         = [     43.3,     -51.1,     -52.1] mm
  r_c [t1,t2,n]    = [     54.4,      25.4,     -60.0] mm
                     p_c resolved at first contact

-- what the TCP feels ----------------------------------------------
  K_TCP translation = [   1999.6,    1999.1,     801.3] N/m
  K_TCP rotation   = [     13.7,      13.1,      57.6] Nm/rad
  commanded KR was = [      5.0,       5.0,      50.0] Nm/rad   the rest is the lever
  D_TCP translation = [    208.3,     191.6,     172.3] Ns/m
  D_TCP rotation   = [      2.8,       2.6,       1.8] Nms/rad
  coupling           max |moment per unit translation| = 117.6 Nm/m (K), 12.1 Nms/m (D)
  eigenvalues        K_TCP 4.96 .. 2015 | D_TCP 1.07 .. 214  (both positive: valid springs)

  K_TCP [N/m, Nm/rad | rows fx..mz, cols tx..rz]:
           tx        ty        tz    |    rx        ry        rz
  fx [    2000  -0.5725   -20.68 |  -0.9524    116.9   -95.32 ]
  fy [ -0.5725     1999   -33.18 |   -117.6    1.278    79.02 ]
  fz [  -20.68   -33.18    801.3 |    40.11   -32.86  -0.3253 ]
     ---------------------------+---------------------------
  mx [ -0.9524   -117.6    40.11 |    13.75   -1.619   -3.825 ]
  my [   116.9    1.278   -32.86 |   -1.619    13.11   -4.274 ]
  mz [  -95.32    79.02  -0.3253 |   -3.825   -4.274    57.62 ]

  D_TCP [Ns/m, Nms/rad]:
           tx        ty        tz    |    rx        ry        rz
  fx [   208.3    9.975  -0.8976 |  -0.6216    12.12   -9.533 ]
  fy [   9.975    191.6   -0.706 |   -11.15   0.6068    7.095 ]
  fz [ -0.8976   -0.706    172.3 |    8.254   -6.861  0.01488 ]
     ---------------------------+---------------------------
  mx [ -0.6216   -11.15    8.254 |    2.822  -0.2732  -0.4257 ]
  my [   12.12   0.6068   -6.861 |  -0.2732    2.606  -0.5709 ]
  mz [  -9.533    7.095  0.01488 |  -0.4257  -0.5709    1.806 ]

[GATE] Set up finished (holding the pressed pose). Press Enter to start the grind (e+Enter stops).

Stop requested with e + Enter. Finishing control loop...

-- joint motion [deg] ----------------------------------------------
  joint       start    final    delta
  q1            0.9      3.0     +2.1
  q2           12.1     30.3    +18.2
  q3           -0.5     -1.3     -0.7
  q4         -130.9   -130.5     +0.4
  q5           -0.1      7.7     +7.8
  q6          142.9    163.4    +20.5
  q7           44.7     40.2     -4.5

====================================================================
  FINAL RESULT
====================================================================
  p_d              = [    534.5,      10.1,     -33.9] mm
  p_EE             = [    531.9,      10.8,      22.6] mm
  e_p              = [      2.6,      -0.7,     -56.5] mm
  e_R              = [     1.37,     -1.93,     -0.10] deg
--------------------------------------------------------------------
  position error     56.54 mm
  rotation error     2.37 deg
  csv                logs/surface_grinding_controller_log.csv
--------------------------------------------------------------------
