
Press Enter to recover and configure the robot.
Robot recovered or already ready.
keys: e stop | m menu | g hand-guide

=== Startup mode ===
  s = run the phase sequence from q_init
  h = hold the q_init pose
  t = hold with the set-up impedance
  g = hand-guide the start pose
  q = go to q_init and inspect
  o = open the hand now
  c = grasp the tool now
  r = recalibrate hand width, fingers empty
  f = fetch the tool from the holder
  b = put the tool back
  e = stop and quit
While a run is going: e+Enter stops, m+Enter comes back here.
Choice [s/h/t/g/q/o/c/r/f/b/e]: 
=== Phase sequence mode ===
Moving to q_init (horizontal_table_search)
  q1..q7 [deg] = [0.8, 12.1, -0.5, -130.9, -0.2, 142.9, 44.7] deg
  horizontal_table_search = [0.014777, 0.210911, -0.009320, -2.284835, -0.002725, 2.493410, 0.780694] rad
q_init reached.

=== Start pose ===
q_start = [0.9, 12.1, -0.6, -130.9, -0.1, 142.9, 44.7] deg
p_start = [531.3, 2.4, 156.9] mm

=== Run ===
phase: approach_orient
  Kp=[150, 150, 150] N/m  KR=[90, 90, 90] Nm/rad  [t1,t2,n]
  Dp=[126.5, 103.6, 128.3] Ns/m  DR=[13.46, 15.79, 2.02] Nms/rad  auto (factor 1.90)
orient:     t=  0.0 s | axis_err= 11.1 deg | spin_err= 24.2 deg
orient:     t=  0.2 s | axis_err= 11.1 deg | spin_err= 21.3 deg
orient:     t=  0.4 s | axis_err= 10.4 deg | spin_err= 17.6 deg
orient:     t=  0.6 s | axis_err=  8.8 deg | spin_err= 14.1 deg
orient:     t=  0.8 s | axis_err=  7.1 deg | spin_err= 10.5 deg
orient:     t=  1.0 s | axis_err=  5.5 deg | spin_err=  6.8 deg
orient:     t=  1.2 s | axis_err=  3.9 deg | spin_err=  3.2 deg
orient:     t=  1.4 s | axis_err=  2.4 deg | spin_err=  0.0 deg
orient:     t=  1.6 s | axis_err=  2.2 deg | spin_err=  0.2 deg
orient:     t=  1.8 s | axis_err=  2.2 deg | spin_err=  0.2 deg
orient:     t=  2.0 s | axis_err=  2.2 deg | spin_err=  0.2 deg
orient:     t=  2.2 s | axis_err=  2.2 deg | spin_err=  0.2 deg
orient:     t=  2.4 s | axis_err=  2.2 deg | spin_err=  0.2 deg
orient:     t=  2.6 s | axis_err=  2.1 deg | spin_err=  0.2 deg
orient:     t=  2.8 s | axis_err=  2.1 deg | spin_err=  0.2 deg
orient:     t=  3.0 s | axis_err=  2.1 deg | spin_err=  0.2 deg
orient:     t=  3.2 s | axis_err=  2.1 deg | spin_err=  0.2 deg
orient:     t=  3.4 s | axis_err=  2.1 deg | spin_err=  0.2 deg
orient:     t=  3.6 s | axis_err=  2.1 deg | spin_err=  0.2 deg
orient:     t=  3.8 s | axis_err=  2.1 deg | spin_err=  0.2 deg
orient:     t=  4.0 s | axis_err=  2.1 deg | spin_err=  0.2 deg
orient:     t=  4.2 s | axis_err=  2.1 deg | spin_err=  0.2 deg
orient:     t=  4.4 s | axis_err=  2.1 deg | spin_err=  0.2 deg
orient:     t=  4.6 s | axis_err=  2.1 deg | spin_err=  0.2 deg
orient:     t=  4.8 s | axis_err=  2.1 deg | spin_err=  0.2 deg

Orientation settled short of the 2.0 deg gate after 5.0 s: axis_err=2.1 deg | spin_err=0.2 deg
phase: approach_descend
  Kp=[150, 150, 150] N/m  KR=[90, 90, 90] Nm/rad  [t1,t2,n]
  Dp=[126.5, 103.6, 128.3] Ns/m  DR=[13.46, 15.79, 2.02] Nms/rad  auto (factor 1.90)
  descend to 20 mm clearance at 0.100 m/s
descend:    t=  0.0 s | distance=   0.1 mm | height=+132.8 mm (target 20.0) | force= -0.0 N
descend:    t=  0.2 s | distance=  20.1 mm | height=+122.4 mm (target 20.0) | force=  0.2 N
descend:    t=  0.4 s | distance=  40.1 mm | height=+106.4 mm (target 20.0) | force=  0.6 N
descend:    t=  0.6 s | distance=  60.1 mm | height= +89.3 mm (target 20.0) | force=  1.8 N
descend:    t=  0.8 s | distance=  80.1 mm | height= +72.2 mm (target 20.0) | force=  0.5 N
descend:    t=  1.0 s | distance= 100.1 mm | height= +55.3 mm (target 20.0) | force=  1.6 N
descend:    t=  1.2 s | distance= 120.1 mm | height= +37.6 mm (target 20.0) | force=  0.6 N
descend:    t=  1.4 s | distance= 140.1 mm | height= +20.2 mm (target 20.0) | force=  1.9 N

[GATE] Reached 20 mm above the plane. Press Enter to start the set-up press (e+Enter stops).
  gate hold: Kp=[5000, 5000, 5000] N/m [x,y,z]  KR=[90, 90, 90] Nm/rad [t1,t2,n]
             Dp=[206.7, 150.6, 243.0] Ns/m  DR=[11.17, 14.27, 2.41] Nms/rad  auto
[GATE] Continuing to the set-up press.
descend:    t=  4.7 s | distance= 140.4 mm | height= +19.3 mm (target 20.0) | force= -0.6 N

Clearance reached: distance=140.4 mm | height=19.3 mm | target=20.0 mm | force=-0.6 N (not used for the switch)
offset_ee = [-20.0, -60.0, 20.0] mm
p_EE_at_contact = [532.0, -8.6, 46.9] mm
contact_point = [488.9, 33.2, -0.3] mm
edge_offset_base = [-43.1, 41.8, -47.3] mm
phase: set_up

--- set-up impedance ---
  f = Kp*e_p + Dp*de,   m = KR*e_R + DR*dw   (decoupled)
  Kp [t1,t2,n]  = [  2000.0,   2000.0,    800.0] N/m
  Dp [t1,t2,n]  = [   223.3,    179.4,    170.8] Ns/m   auto
  KR [t1,t2,n]  = [     5.0,      5.0,     50.0] Nm/rad
  DR [t1,t2,n]  = [     1.5,      1.9,      1.0] Nms/rad   auto
set_up:     t=  0.0 s | tip=  0.0 deg | F=  0.0 N | M=  0.0 Nm (limit 150.0) | edge= 19.3 mm
set_up:     t=  0.2 s | tip=  0.6 deg | F=  1.9 N | M=  1.6 Nm (limit 150.0) | edge= 13.2 mm
set_up:     t=  0.4 s | tip=  1.3 deg | F=  2.8 N | M=  1.9 Nm (limit 150.0) | edge=  4.9 mm
set_up:     t=  0.6 s | tip=  1.4 deg | F= 16.8 N | M=  9.3 Nm (limit 150.0) | edge=  3.0 mm
set_up:     t=  0.8 s | tip=  1.4 deg | F= 24.4 N | M= 13.2 Nm (limit 150.0) | edge=  3.0 mm
set_up:     t=  1.0 s | tip=  1.4 deg | F= 32.1 N | M= 17.1 Nm (limit 150.0) | edge=  3.0 mm
set_up:     t=  1.2 s | tip=  1.4 deg | F= 40.6 N | M= 21.6 Nm (limit 150.0) | edge=  2.9 mm
set_up:     t=  1.4 s | tip=  1.5 deg | F= 48.4 N | M= 25.7 Nm (limit 150.0) | edge=  2.9 mm
set_up:     t=  1.6 s | tip=  1.5 deg | F= 57.0 N | M= 30.2 Nm (limit 150.0) | edge=  2.9 mm
set_up:     t=  1.8 s | tip=  1.5 deg | F= 49.8 N | M= 26.5 Nm (limit 150.0) | edge=  2.9 mm
set_up:     t=  2.0 s | tip=  1.5 deg | F= 49.7 N | M= 26.4 Nm (limit 150.0) | edge=  2.9 mm
set_up:     t=  2.2 s | tip=  1.5 deg | F= 49.7 N | M= 26.4 Nm (limit 150.0) | edge=  2.9 mm
set_up:     t=  2.4 s | tip=  1.5 deg | F= 49.6 N | M= 26.4 Nm (limit 150.0) | edge=  2.9 mm
set_up:     t=  2.6 s | tip=  1.5 deg | F= 49.6 N | M= 26.4 Nm (limit 150.0) | edge=  2.9 mm
set_up:     t=  2.8 s | tip=  1.5 deg | F= 49.6 N | M= 26.4 Nm (limit 150.0) | edge=  2.9 mm
set_up:     t=  3.0 s | tip=  1.5 deg | F= 49.5 N | M= 26.3 Nm (limit 150.0) | edge=  2.9 mm
set_up:     t=  3.2 s | tip=  1.5 deg | F= 49.5 N | M= 26.3 Nm (limit 150.0) | edge=  2.9 mm
set_up:     t=  3.4 s | tip=  1.5 deg | F= 49.4 N | M= 26.3 Nm (limit 150.0) | edge=  2.9 mm
set_up:     t=  3.6 s | tip=  1.5 deg | F= 49.4 N | M= 26.3 Nm (limit 150.0) | edge=  2.9 mm
set_up:     t=  3.8 s | tip=  1.5 deg | F= 49.4 N | M= 26.3 Nm (limit 150.0) | edge=  2.9 mm
set_up:     t=  4.0 s | tip=  1.5 deg | F= 49.4 N | M= 26.3 Nm (limit 150.0) | edge=  2.9 mm
set_up:     t=  4.2 s | tip=  1.5 deg | F= 49.4 N | M= 26.3 Nm (limit 150.0) | edge=  2.9 mm
set_up:     t=  4.4 s | tip=  1.5 deg | F= 49.4 N | M= 26.3 Nm (limit 150.0) | edge=  2.9 mm
set_up:     t=  4.6 s | tip=  1.5 deg | F= 49.4 N | M= 26.3 Nm (limit 150.0) | edge=  2.9 mm
set_up:     t=  4.8 s | tip=  1.5 deg | F= 49.4 N | M= 26.3 Nm (limit 150.0) | edge=  2.9 mm

=== Set-up result ===
stop: time | t=5.0 s | tip=1.5 deg | F=49.2 N | M=26.2 Nm
edge_from_contact = [-2.7, -0.4, +1.1] mm | norm=2.9 mm
tcp_from_contact  = [+40.7, -42.8, +27.8] mm | norm=65.3 mm
alignment: before=7.28 deg | after=6.78 deg | gain=+0.51 deg
alignment components [t1,t2,n] deg: before=[-7.28,+0.17,+0.00] | after=[-6.61,+1.51,-0.00]

=== Set-up surface-frame breakdown ===
frame: alignment-target [tangent1, tangent2, normal]
force        [N]      = [    -4.96,     +0.06,    -48.94]
tcp_disp     [mm]     = [    +2.09,     -0.43,    -19.47]
edge_disp    [mm]     = [    +2.63,     -0.78,     +1.01]
Kp_eff=F/tcp [N/m]    = [  -2371.3,    -141.4,    2512.9]
moment@edge  [Nm]     = [   -14.22,    -24.66,     +1.09]
tip_angle    [deg]    = [    +0.68,     +1.34,     +0.09]
KR_eff=M/ang [Nm/rad] = [  -1204.8,   -1057.3,     666.8]

[GATE] Set up finished (holding the pressed pose). Press Enter to start the grind (e+Enter stops).

Stop requested with e + Enter. Finishing control loop...

Joint motion [deg]:
joint    start   final   delta
------------------------------
q1        0.9     3.4     2.5
q2       12.1    29.6    17.5
q3       -0.6    -4.0    -3.5
q4     -130.9  -129.4     1.5
q5       -0.1   -17.1   -17.0
q6      142.9   158.9    16.1
q7       44.7    35.6    -9.1

=== Final result ===
p_d = [530.7, -10.8, -32.4] mm
p_EE = [529.6, -9.6, 27.5] mm
e_p = [1.0, -1.1, -59.9] mm
position_error = 59.88 mm
e_R = [-0.05, -1.50, 0.14] deg
rotation_error = 1.50 deg
csv: logs/surface_grinding_controller_log.csv
