
Press Enter to recover and configure the robot.
Robot recovered or already ready.
keys: e stop | m menu | g hand-guide

=== Startup mode ===
  s = run the phase sequence from q_init
  h = hold the q_init pose
  t = hold with the set-up impedance
  g = hand-guide the start pose
  q = go to q_init and inspect
  o = open the hand now
  c = grasp the tool now
  r = recalibrate hand width, fingers empty
  f = fetch the tool from the holder
  b = put the tool back
  e = stop and quit
While a run is going: e+Enter stops, m+Enter comes back here.
Choice [s/h/t/g/q/o/c/r/f/b/e]: 
=== Phase sequence mode ===
Moving to q_init (horizontal_table_search)
  q1..q7 [deg] = [0.8, 12.1, -0.5, -130.9, -0.2, 142.9, 44.7] deg
  horizontal_table_search = [0.014777, 0.210911, -0.009320, -2.284835, -0.002725, 2.493410, 0.780694] rad
q_init reached.

=== Start pose ===
q_start = [0.9, 12.1, -0.5, -130.9, -0.1, 142.9, 44.7] deg
p_start = [531.1, 2.6, 156.6] mm

=== Run ===
phase: approach_orient
  Kp=[150, 150, 150] N/m  KR=[90, 90, 90] Nm/rad  [t1,t2,n]
  Dp=[126.5, 103.6, 128.3] Ns/m  DR=[13.46, 15.79, 2.02] Nms/rad  auto (factor 1.90)
orient:     t=  0.0 s | axis_err=  8.7 deg | spin_err=  1.1 deg
orient:     t=  0.2 s | axis_err=  7.9 deg | spin_err=  0.4 deg
orient:     t=  0.4 s | axis_err=  5.7 deg | spin_err=  0.2 deg
orient:     t=  0.6 s | axis_err=  3.4 deg | spin_err=  0.3 deg
orient:     t=  0.8 s | axis_err=  2.7 deg | spin_err=  0.4 deg
orient:     t=  1.0 s | axis_err=  2.6 deg | spin_err=  0.4 deg
orient:     t=  1.2 s | axis_err=  2.6 deg | spin_err=  0.4 deg
orient:     t=  1.4 s | axis_err=  2.5 deg | spin_err=  0.4 deg
orient:     t=  1.6 s | axis_err=  2.5 deg | spin_err=  0.4 deg
orient:     t=  1.8 s | axis_err=  2.5 deg | spin_err=  0.4 deg
orient:     t=  2.0 s | axis_err=  2.5 deg | spin_err=  0.4 deg
orient:     t=  2.2 s | axis_err=  2.5 deg | spin_err=  0.4 deg
orient:     t=  2.4 s | axis_err=  2.5 deg | spin_err=  0.4 deg
orient:     t=  2.6 s | axis_err=  2.5 deg | spin_err=  0.4 deg
orient:     t=  2.8 s | axis_err=  2.5 deg | spin_err=  0.4 deg
orient:     t=  3.0 s | axis_err=  2.5 deg | spin_err=  0.4 deg
orient:     t=  3.2 s | axis_err=  2.5 deg | spin_err=  0.4 deg
orient:     t=  3.4 s | axis_err=  2.5 deg | spin_err=  0.4 deg
orient:     t=  3.6 s | axis_err=  2.5 deg | spin_err=  0.4 deg
orient:     t=  3.8 s | axis_err=  2.5 deg | spin_err=  0.4 deg
orient:     t=  4.0 s | axis_err=  2.5 deg | spin_err=  0.4 deg
orient:     t=  4.2 s | axis_err=  2.5 deg | spin_err=  0.4 deg
orient:     t=  4.4 s | axis_err=  2.5 deg | spin_err=  0.4 deg
orient:     t=  4.6 s | axis_err=  2.5 deg | spin_err=  0.4 deg
orient:     t=  4.8 s | axis_err=  2.5 deg | spin_err=  0.4 deg

Orientation settled short of the 2.0 deg gate after 5.0 s: axis_err=2.5 deg | spin_err=0.4 deg
phase: approach_descend
  Kp=[150, 150, 150] N/m  KR=[90, 90, 90] Nm/rad  [t1,t2,n]
  Dp=[126.5, 103.6, 128.3] Ns/m  DR=[13.46, 15.79, 2.02] Nms/rad  auto (factor 1.90)
  descend to 20 mm clearance at 0.100 m/s
descend:    t=  0.0 s | distance=   0.1 mm | height=+133.8 mm (target 20.0) | force= -0.0 N
descend:    t=  0.2 s | distance=  20.1 mm | height=+123.0 mm (target 20.0) | force=  0.5 N
descend:    t=  0.4 s | distance=  40.1 mm | height=+106.6 mm (target 20.0) | force=  0.2 N
descend:    t=  0.6 s | distance=  60.1 mm | height= +89.6 mm (target 20.0) | force=  1.9 N
descend:    t=  0.8 s | distance=  80.1 mm | height= +72.0 mm (target 20.0) | force=  0.8 N
descend:    t=  1.0 s | distance= 100.1 mm | height= +54.2 mm (target 20.0) | force=  1.7 N
descend:    t=  1.2 s | distance= 120.1 mm | height= +36.0 mm (target 20.0) | force=  1.5 N

[GATE] Reached 20 mm above the plane. Press Enter to start the set-up press (e+Enter stops).
  gate hold: Kp=[5000, 5000, 5000] N/m [x,y,z]  KR=[90, 90, 90] Nm/rad [t1,t2,n]
             Dp=[204.8, 150.4, 247.7] Ns/m  DR=[13.69, 12.06, 2.51] Nms/rad  auto
[GATE] Continuing to the set-up press.

Clearance reached: distance=137.7 mm | height=19.8 mm | target=20.0 mm | force=1.5 N (not used for the switch)
offset_ee = [-20.0, 60.0, 20.0] mm
p_EE_at_contact = [534.3, 13.9, 45.7] mm
contact_point = [515.0, -45.3, 1.4] mm
edge_offset_base = [-19.2, -59.2, -44.3] mm
phase: set_up

--- set-up impedance ---
  f = Kp*e_p + Dp*de,   m = KR*e_R + DR*dw   (decoupled)
  Kp [t1,t2,n]  = [  2000.0,   2000.0,    800.0] N/m
  Dp [t1,t2,n]  = [   213.3,    186.0,    172.6] Ns/m   auto
  KR [t1,t2,n]  = [     5.0,      5.0,     50.0] Nm/rad
  DR [t1,t2,n]  = [     1.8,      1.6,      1.1] Nms/rad   auto
set_up:     t=  0.0 s | tip=  0.0 deg | F=  0.1 N | M=  0.0 Nm (limit 150.0) | edge= 19.7 mm
set_up:     t=  0.2 s | tip=  0.5 deg | F=  1.7 N | M=  1.6 Nm (limit 150.0) | edge= 10.5 mm
set_up:     t=  0.4 s | tip=  1.0 deg | F=  1.8 N | M=  1.5 Nm (limit 150.0) | edge=  4.1 mm
set_up:     t=  0.6 s | tip=  1.3 deg | F= 10.8 N | M=  6.6 Nm (limit 150.0) | edge=  2.3 mm
set_up:     t=  0.8 s | tip=  1.3 deg | F= 20.1 N | M= 11.3 Nm (limit 150.0) | edge=  2.8 mm
set_up:     t=  1.0 s | tip=  1.3 deg | F= 27.2 N | M= 15.1 Nm (limit 150.0) | edge=  3.0 mm
set_up:     t=  1.2 s | tip=  1.4 deg | F= 35.1 N | M= 19.2 Nm (limit 150.0) | edge=  3.1 mm
set_up:     t=  1.4 s | tip=  1.4 deg | F= 43.2 N | M= 23.5 Nm (limit 150.0) | edge=  3.3 mm
set_up:     t=  1.6 s | tip=  1.4 deg | F= 51.5 N | M= 28.0 Nm (limit 150.0) | edge=  3.5 mm
set_up:     t=  1.8 s | tip=  1.4 deg | F= 45.7 N | M= 25.1 Nm (limit 150.0) | edge=  3.3 mm
set_up:     t=  2.0 s | tip=  1.4 deg | F= 45.5 N | M= 25.0 Nm (limit 150.0) | edge=  3.3 mm
set_up:     t=  2.2 s | tip=  1.4 deg | F= 45.4 N | M= 24.9 Nm (limit 150.0) | edge=  3.4 mm
set_up:     t=  2.4 s | tip=  1.4 deg | F= 45.4 N | M= 24.9 Nm (limit 150.0) | edge=  3.4 mm
set_up:     t=  2.6 s | tip=  1.4 deg | F= 45.2 N | M= 24.8 Nm (limit 150.0) | edge=  3.4 mm
set_up:     t=  2.8 s | tip=  1.4 deg | F= 45.3 N | M= 24.8 Nm (limit 150.0) | edge=  3.4 mm
set_up:     t=  3.0 s | tip=  1.4 deg | F= 45.2 N | M= 24.8 Nm (limit 150.0) | edge=  3.4 mm
set_up:     t=  3.2 s | tip=  1.4 deg | F= 45.2 N | M= 24.8 Nm (limit 150.0) | edge=  3.4 mm
set_up:     t=  3.4 s | tip=  1.4 deg | F= 45.2 N | M= 24.8 Nm (limit 150.0) | edge=  3.4 mm
set_up:     t=  3.6 s | tip=  1.4 deg | F= 45.1 N | M= 24.8 Nm (limit 150.0) | edge=  3.4 mm
set_up:     t=  3.8 s | tip=  1.4 deg | F= 45.3 N | M= 24.8 Nm (limit 150.0) | edge=  3.4 mm
set_up:     t=  4.0 s | tip=  1.4 deg | F= 45.1 N | M= 24.7 Nm (limit 150.0) | edge=  3.4 mm
set_up:     t=  4.2 s | tip=  1.4 deg | F= 45.1 N | M= 24.7 Nm (limit 150.0) | edge=  3.4 mm
set_up:     t=  4.4 s | tip=  1.4 deg | F= 45.0 N | M= 24.7 Nm (limit 150.0) | edge=  3.4 mm
set_up:     t=  4.6 s | tip=  1.4 deg | F= 45.0 N | M= 24.7 Nm (limit 150.0) | edge=  3.4 mm
set_up:     t=  4.8 s | tip=  1.4 deg | F= 45.0 N | M= 24.7 Nm (limit 150.0) | edge=  3.4 mm

=== Set-up result ===
stop: time | t=5.0 s | tip=1.4 deg | F=45.0 N | M=24.7 Nm
edge_from_contact = [-2.9, +0.2, -1.7] mm | norm=3.4 mm
tcp_from_contact  = [+16.6, +58.9, +22.1] mm | norm=65.1 mm
alignment: before=6.80 deg | after=5.70 deg | gain=+1.10 deg
alignment components [t1,t2,n] deg: before=[+1.71,-6.58,+0.00] | after=[+2.17,-5.27,+0.00]

=== Set-up surface-frame breakdown ===
frame: alignment-target [tangent1, tangent2, normal]
force        [N]      = [    -3.40,     +2.53,    -44.78]
tcp_disp     [mm]     = [    +1.87,     -1.21,    -22.21]
edge_disp    [mm]     = [    +2.47,     -1.42,     -1.79]
Kp_eff=F/tcp [N/m]    = [  -1817.5,   -2093.0,    2016.4]
moment@edge  [Nm]     = [    -7.77,    -24.66,     -0.60]
tip_angle    [deg]    = [    +0.46,     +1.31,     +0.01]
KR_eff=M/ang [Nm/rad] = [   -971.1,   -1076.2,       n/a]

[GATE] Set up finished (holding the pressed pose). Press Enter to start the grind (e+Enter stops).

Stop requested with e + Enter. Finishing control loop...

Joint motion [deg]:
joint    start   final   delta
------------------------------
q1        0.9     0.7    -0.2
q2       12.1    30.1    18.0
q3       -0.5     1.0     1.6
q4     -130.9  -131.0    -0.0
q5       -0.1     7.4     7.5
q6      142.9   164.2    21.3
q7       44.7    40.2    -4.6

=== Final result ===
p_d = [532.9, 11.7, -34.1] mm
p_EE = [531.7, 13.6, 23.5] mm
e_p = [1.2, -1.9, -57.6] mm
position_error = 57.66 mm
e_R = [0.14, -1.38, 0.04] deg
rotation_error = 1.39 deg
csv: logs/surface_grinding_controller_log.csv
