
Press Enter to recover and configure the robot.
Robot recovered or already ready.
Collision: custom thresholds.

=== Startup choice ===
  q = go to q_init (from params/common.txt), then choose again
  g = guiding mode: go to q_init, then hand-guide to your pose;
      use s+Enter for sequence or h+Enter for hold
  o = open the Franka hand now (release/load tool), then choose again
  c = close/grasp the tool now, then choose again
  r = continue to run mode (available after q_init is reached)
Choice [q/g/o/c/r, Enter = q]: Moving to q_init...
q_init reached.

=== Startup choice ===
  q = go to q_init (from params/common.txt), then choose again
  g = guiding mode: go to q_init, then hand-guide to your pose;
      use s+Enter for sequence or h+Enter for hold
  o = open the Franka hand now (release/load tool), then choose again
  c = close/grasp the tool now, then choose again
  r = continue to run mode
Choice [q/g/o/c/r, Enter = q]: 
=== Run mode ===
  s = phase sequence (approach / set up / grind)
  h = hold at the start pose
Choice [s/h, Enter = s]: Selected: phase sequence. Nullspace mode from parameters: nullspace_damping_plus_sigma.

=== Setup ===
run: phase sequence | approach_orient: on | nullspace: nullspace_damping_plus_sigma
nullspace parameters: d_null=2.000 | k_sigma=1.000 Nm | alpha=0.0800 rad
hold: Kp=300.0 N/m | KR=40.0 Nm/rad | damping=auto translation+rotation (factor fitted online toward Dp=50.0 Ns/m)
manual_guidance_start: off | manual_damping=0.50
descend: clearance=20.0 mm | speed=0.100 m/s | max_distance=640 mm
alignment push: start=captured | end=+180 mm | speed=0.050 m/s | ramp_time~=4.0 s | timeout=12.0 s | moment_threshold=150.0 Nm
grind: sweep | axis=tangent2 | amplitude=30 mm | frequency=0.20 Hz
coupled stiffness: apply=on | saved=yes | pole=manual
gates: pause_before_set_up=on | pause_auto_damping=on | pause_before_grind=off | debug_period=0.20 s
alignment-target normal=[+0.087, -0.000, +0.996] | tilt a(x)=0.0 deg, b(y)=5.0 deg (from angles)
tool face: 40 x 120 mm | center offset EE=[+0.0, +0.0, +20.0] mm
Gripper already holding the tool (width 65.0 mm); keeping grasp.
Press e+Enter to stop the controller before the duration expires.
During hold: press g+Enter to hand-guide the tool, then p+Enter to recapture and resume hold.
experiment_duration <= 0: running indefinitely until e + Enter.

=== Start pose ===
q_start = [-2.8, 18.1, -5.1, -122.8, 17.5, 139.5, 26.8] deg
p_start = [565.0, -59.5, 151.0] mm

=== Run ===
phase: approach_orient
orient:     t=  0.0 s | axis_err= 11.4 deg | rot_err= 11.4 deg
approach Dp        auto=[ 134.13,   97.25,  122.30]  manual=[  20.00,   20.00,   20.00] Ns/m
approach DR        auto=[  12.73,   16.36,    4.08]  manual=[  12.00,   12.00,   12.00] Nms/rad
orient:     t=  0.2 s | axis_err=  4.5 deg | rot_err=  4.5 deg
orient:     t=  0.4 s | axis_err=  2.3 deg | rot_err=  2.3 deg

Orientation reached: axis_err=1.9 deg
phase: approach_descend
descend:    t=  0.0 s | distance=   0.1 mm | height= +97.6 mm (target 20.0) | force=  0.0 N
descend:    t=  0.2 s | distance=  20.1 mm | height= +85.7 mm (target 20.0) | force=  0.3 N
descend:    t=  0.4 s | distance=  40.1 mm | height= +68.6 mm (target 20.0) | force=  1.8 N
descend:    t=  0.6 s | distance=  60.2 mm | height= +50.9 mm (target 20.0) | force=  2.7 N
descend:    t=  0.8 s | distance=  80.3 mm | height= +32.7 mm (target 20.0) | force=  1.2 N

[GATE] Reached 20 mm above the plane. Press Enter to start the set-up press (e+Enter stops).
pause auto damping: fitted Dp factor=0.551, DR factor=1.962
pause Dp [xyz]     auto=[ 206.43,  155.18,  225.01]  manual=[ 200.00,  200.00,  200.00] Ns/m
pause DR [t1t2n]   auto=[  11.74,   17.28,    2.04]  manual=[  12.73,   16.36,    4.08] Nms/rad
[GATE] Continuing to the set-up press.
descend:    t=  5.7 s | distance=  94.6 mm | height= +19.6 mm (target 20.0) | force=  0.6 N

Clearance reached: distance=94.6 mm | height=19.6 mm | target=20.0 mm | force=0.6 N (not used for the switch)
offset_ee = [0.0, 60.0, 20.0] mm
p_EE_at_contact = [545.4, -65.2, 65.6] mm
contact_point = [539.2, -125.0, 25.9] mm
edge_offset_base = [-6.2, -59.8, -39.7] mm
phase: set_up
set_up Dp [xyz]    auto=[ 236.96,  178.15,  108.20]  manual=[  10.00,   10.00,  175.00] Ns/m
set_up DR [t1t2n]  auto=[   1.41,    2.07,    0.77]  manual=[  10.01,   10.01,   10.00] Nms/rad
set_up:     t=  0.0 s | tip=  0.0 deg | F=  0.0 N | M=  0.0 Nm (limit 150.0) | edge= 19.6 mm
set_up:     t=  0.2 s | tip=  0.3 deg | F=  1.2 N | M=  0.4 Nm (limit 150.0) | edge= 14.1 mm
set_up:     t=  0.4 s | tip=  0.4 deg | F=  1.3 N | M=  0.4 Nm (limit 150.0) | edge=  6.1 mm
set_up:     t=  0.6 s | tip=  0.5 deg | F=  1.6 N | M=  0.5 Nm (limit 150.0) | edge=  3.7 mm
set_up:     t=  0.8 s | tip=  0.5 deg | F=  1.5 N | M=  0.5 Nm (limit 150.0) | edge= 12.3 mm
set_up:     t=  1.0 s | tip=  0.6 deg | F=  7.3 N | M=  3.7 Nm (limit 150.0) | edge= 20.7 mm
set_up:     t=  1.2 s | tip=  0.6 deg | F= 12.0 N | M=  6.2 Nm (limit 150.0) | edge= 20.8 mm
set_up:     t=  1.4 s | tip=  0.6 deg | F= 15.5 N | M=  8.0 Nm (limit 150.0) | edge= 20.9 mm
set_up:     t=  1.6 s | tip=  0.6 deg | F= 19.2 N | M= 10.0 Nm (limit 150.0) | edge= 21.0 mm
set_up:     t=  1.8 s | tip=  0.6 deg | F= 22.8 N | M= 11.7 Nm (limit 150.0) | edge= 21.1 mm
set_up:     t=  2.0 s | tip=  0.7 deg | F= 26.6 N | M= 13.7 Nm (limit 150.0) | edge= 21.3 mm
set_up:     t=  2.2 s | tip=  0.7 deg | F= 30.0 N | M= 15.5 Nm (limit 150.0) | edge= 21.4 mm
set_up:     t=  2.4 s | tip=  1.0 deg | F= 33.1 N | M= 17.0 Nm (limit 150.0) | edge= 21.5 mm
set_up:     t=  2.6 s | tip=  1.1 deg | F= 37.0 N | M= 19.0 Nm (limit 150.0) | edge= 21.6 mm
set_up:     t=  2.8 s | tip=  1.1 deg | F= 41.1 N | M= 21.1 Nm (limit 150.0) | edge= 21.7 mm
set_up:     t=  3.0 s | tip=  1.2 deg | F= 44.7 N | M= 22.8 Nm (limit 150.0) | edge= 21.8 mm
set_up:     t=  3.2 s | tip=  1.2 deg | F= 48.5 N | M= 24.7 Nm (limit 150.0) | edge= 21.9 mm
set_up:     t=  3.4 s | tip=  1.3 deg | F= 52.1 N | M= 26.3 Nm (limit 150.0) | edge= 22.0 mm
set_up:     t=  3.6 s | tip=  1.4 deg | F= 56.4 N | M= 28.2 Nm (limit 150.0) | edge= 22.1 mm
set_up:     t=  3.8 s | tip=  1.4 deg | F= 60.7 N | M= 30.2 Nm (limit 150.0) | edge= 22.2 mm
set_up:     t=  4.0 s | tip=  1.4 deg | F= 65.1 N | M= 32.4 Nm (limit 150.0) | edge= 22.2 mm
set_up:     t=  4.2 s | tip=  1.4 deg | F= 59.7 N | M= 29.4 Nm (limit 150.0) | edge= 22.1 mm
set_up:     t=  4.4 s | tip=  1.4 deg | F= 59.8 N | M= 29.5 Nm (limit 150.0) | edge= 22.1 mm
set_up:     t=  4.6 s | tip=  1.4 deg | F= 60.0 N | M= 29.6 Nm (limit 150.0) | edge= 22.1 mm
set_up:     t=  4.8 s | tip=  1.4 deg | F= 59.8 N | M= 29.5 Nm (limit 150.0) | edge= 22.2 mm
set_up:     t=  5.0 s | tip=  1.4 deg | F= 59.8 N | M= 29.5 Nm (limit 150.0) | edge= 22.2 mm
set_up:     t=  5.2 s | tip=  1.4 deg | F= 59.8 N | M= 29.5 Nm (limit 150.0) | edge= 22.2 mm
set_up:     t=  5.4 s | tip=  1.4 deg | F= 59.7 N | M= 29.5 Nm (limit 150.0) | edge= 22.2 mm
set_up:     t=  5.6 s | tip=  1.4 deg | F= 59.7 N | M= 29.5 Nm (limit 150.0) | edge= 22.2 mm
set_up:     t=  5.8 s | tip=  1.4 deg | F= 59.6 N | M= 29.5 Nm (limit 150.0) | edge= 22.2 mm
set_up:     t=  6.0 s | tip=  1.4 deg | F= 59.6 N | M= 29.5 Nm (limit 150.0) | edge= 22.2 mm
set_up:     t=  6.2 s | tip=  1.4 deg | F= 59.5 N | M= 29.4 Nm (limit 150.0) | edge= 22.2 mm
set_up:     t=  6.4 s | tip=  1.4 deg | F= 59.6 N | M= 29.5 Nm (limit 150.0) | edge= 22.2 mm
set_up:     t=  6.6 s | tip=  1.4 deg | F= 59.6 N | M= 29.5 Nm (limit 150.0) | edge= 22.2 mm
set_up:     t=  6.8 s | tip=  1.4 deg | F= 59.5 N | M= 29.4 Nm (limit 150.0) | edge= 22.2 mm
set_up:     t=  7.0 s | tip=  1.4 deg | F= 59.7 N | M= 29.6 Nm (limit 150.0) | edge= 22.2 mm
set_up:     t=  7.2 s | tip=  1.4 deg | F= 59.8 N | M= 29.6 Nm (limit 150.0) | edge= 22.2 mm
set_up:     t=  7.4 s | tip=  1.4 deg | F= 59.7 N | M= 29.6 Nm (limit 150.0) | edge= 22.2 mm
set_up:     t=  7.6 s | tip=  1.4 deg | F= 59.7 N | M= 29.5 Nm (limit 150.0) | edge= 22.2 mm
set_up:     t=  7.8 s | tip=  1.4 deg | F= 59.7 N | M= 29.5 Nm (limit 150.0) | edge= 22.2 mm
set_up:     t=  8.0 s | tip=  1.4 deg | F= 59.7 N | M= 29.5 Nm (limit 150.0) | edge= 22.2 mm
set_up:     t=  8.2 s | tip=  1.4 deg | F= 59.7 N | M= 29.5 Nm (limit 150.0) | edge= 22.2 mm
set_up:     t=  8.4 s | tip=  1.4 deg | F= 59.7 N | M= 29.5 Nm (limit 150.0) | edge= 22.2 mm
set_up:     t=  8.6 s | tip=  1.4 deg | F= 59.7 N | M= 29.5 Nm (limit 150.0) | edge= 22.2 mm
set_up:     t=  8.8 s | tip=  1.4 deg | F= 59.7 N | M= 29.5 Nm (limit 150.0) | edge= 22.2 mm
set_up:     t=  9.0 s | tip=  1.4 deg | F= 59.7 N | M= 29.5 Nm (limit 150.0) | edge= 22.2 mm
set_up:     t=  9.2 s | tip=  1.4 deg | F= 59.7 N | M= 29.5 Nm (limit 150.0) | edge= 22.2 mm
set_up:     t=  9.4 s | tip=  1.4 deg | F= 59.7 N | M= 29.5 Nm (limit 150.0) | edge= 22.2 mm
set_up:     t=  9.6 s | tip=  1.4 deg | F= 59.7 N | M= 29.5 Nm (limit 150.0) | edge= 22.2 mm
set_up:     t=  9.8 s | tip=  1.4 deg | F= 59.7 N | M= 29.5 Nm (limit 150.0) | edge= 22.2 mm
set_up:     t= 10.0 s | tip=  1.4 deg | F= 59.7 N | M= 29.5 Nm (limit 150.0) | edge= 22.2 mm
set_up:     t= 10.2 s | tip=  1.4 deg | F= 59.6 N | M= 29.5 Nm (limit 150.0) | edge= 22.2 mm
set_up:     t= 10.4 s | tip=  1.4 deg | F= 59.7 N | M= 29.5 Nm (limit 150.0) | edge= 22.2 mm
set_up:     t= 10.6 s | tip=  1.4 deg | F= 59.7 N | M= 29.5 Nm (limit 150.0) | edge= 22.2 mm
set_up:     t= 10.8 s | tip=  1.4 deg | F= 59.7 N | M= 29.5 Nm (limit 150.0) | edge= 22.2 mm
set_up:     t= 11.0 s | tip=  1.4 deg | F= 59.7 N | M= 29.5 Nm (limit 150.0) | edge= 22.2 mm
set_up:     t= 11.2 s | tip=  1.4 deg | F= 59.7 N | M= 29.5 Nm (limit 150.0) | edge= 22.2 mm
set_up:     t= 11.4 s | tip=  1.4 deg | F= 59.7 N | M= 29.5 Nm (limit 150.0) | edge= 22.2 mm
set_up:     t= 11.6 s | tip=  1.4 deg | F= 59.7 N | M= 29.5 Nm (limit 150.0) | edge= 22.2 mm
set_up:     t= 11.8 s | tip=  1.4 deg | F= 60.0 N | M= 29.6 Nm (limit 150.0) | edge= 22.2 mm

=== Set-up result ===
stop: time | t=12.0 s | tip=1.4 deg | F=59.8 N | M=29.5 Nm
edge_from_contact = [-4.2, +0.6, -21.8] mm | norm=22.2 mm
tcp_from_contact  = [-0.2, +60.8, -3.0] mm | norm=60.9 mm
alignment: before=0.47 deg | after=0.92 deg | gain=-0.45 deg

=== Set-up surface-frame breakdown ===
frame: alignment-target [tangent1, tangent2, normal]
force        [N]      = [   -13.30,     -0.58,    -58.30]
tcp_disp     [mm]     = [    -2.67,     +1.04,    -43.07]
edge_disp    [mm]     = [    -2.33,     +0.55,    -22.05]
Kp_eff=F/tcp [N/m]    = [   4981.9,    -555.9,    1353.8]
moment@edge  [Nm]     = [    +0.35,    +29.13,     -0.48]
tip_angle    [deg]    = [    +1.35,     -0.12,     -0.37]
KR_eff=M/ang [Nm/rad] = [     14.7,  -13518.0,      75.6]

finite_axis: angle=1.4 deg | axis_from_edge=[-89.4, -888.1, -16.2] mm | dir=[-0.935, +0.088, +0.344] | pitch=-141.1 mm/rad

=== Coupled stiffness from the measured pole ===
source spring K_pole/D_pole (diagonal, from parameters):
  Kp [N/m]     = [2000, 2000, 350]
  KR [Nm/rad]  = [5, 5, 50]
  Dp [Ns/m]    = [10, 10, 175]
  DR [Nms/rad] = [10.01, 10.01, 10]

poles compared (lever r_c = TCP - pole):
  (A) measured axis : angle=1.4 deg | pitch=-141.1 mm/rad
      pole_from_edge = [-81.9, -889.0, 4.4] mm
      r_c            = [85.9, 949.2, 14.4] mm
  (B) manual pole   : COMMANDED this run, contact reference
      pole_from_edge = [-35.8, 79.4, 21.8] mm
      r_c            = [46.2, -20.2, 39.7] mm
      r_c(B)-r_c(A)  = [-39.7, -969.4, 25.3] mm

K_TCP = Ad^T K_pole Ad  [rows fx..mz | cols tx..rz]:
  (A) measured axis:
           tx        ty        tz    |    rx        ry        rz
  fx [    2000        0        0 |        0    -28.8     1898 ]
  fy [       0     2000        0 |     28.8        0   -171.8 ]
  fz [       0        0      350 |   -332.2    30.07        0 ]
     ---------------------------+---------------------------
  mx [       0     28.8   -332.2 |    321.1   -28.54    1.433 ]
  my [   -28.8        0    30.07 |   -28.54    7.998   -27.34 ]
  mz [    1898   -171.8        0 |    1.433   -27.34     1866 ]
  (A) K_TCP eigenvalues = [2.61, 4.997, 26.04, 670.4, 2001, 3841] -> PSD ok (>=0) (min=2.61)
  (B) manual pole:
           tx        ty        tz    |    rx        ry        rz
  fx [    2000        0        0 |        0   -79.36   -40.45 ]
  fy [       0     2000        0 |    79.36        0   -92.41 ]
  fz [       0        0      350 |    7.078    16.17        0 ]
     ---------------------------+---------------------------
  mx [       0    79.36    7.078 |    8.634    0.327   0.2404 ]
  my [  -79.36        0    16.17 |    0.327    8.896    1.605 ]
  mz [  -40.45   -92.41        0 |   0.2404    1.605    54.75 ]
  (B) K_TCP eigenvalues = [4.979, 4.991, 49.89, 350.9, 2003, 2008] -> PSD ok (>=0) (min=4.979)

D_TCP = Ad^T D_pole Ad:
  (A) measured axis:
           tx        ty        tz    |    rx        ry        rz
  fx [     237        0        0 |        0   -3.412    224.9 ]
  fy [       0    178.2        0 |    2.565        0   -15.31 ]
  fz [       0        0    108.2 |   -102.7    9.295        0 ]
     ---------------------------+---------------------------
  mx [       0    2.565   -102.7 |    98.93   -8.823  -0.2756 ]
  my [  -3.412        0    9.295 |   -8.823    2.918   -3.239 ]
  mz [   224.9   -15.31        0 |  -0.2756   -3.239    215.6 ]
  (A) D_TCP eigenvalues = [0.4055, 0.7377, 2.066, 178.3, 207.3, 451.9] -> PSD ok (>=0) (min=0.4055)
  (B) manual pole:
           tx        ty        tz    |    rx        ry        rz
  fx [     237        0        0 |        0   -9.402   -4.792 ]
  fy [       0    178.2        0 |    7.069        0   -8.231 ]
  fz [       0        0    108.2 |    2.188    4.999        0 ]
     ---------------------------+---------------------------
  mx [       0    7.069    2.188 |     1.73   0.1011  -0.3818 ]
  my [  -9.402        0    4.999 |   0.1011    2.674   0.1901 ]
  mz [  -4.792   -8.231        0 |  -0.3818   0.1901    1.256 ]
  (B) D_TCP eigenvalues = [0.7726, 1.407, 2.062, 108.5, 178.8, 237.4] -> PSD ok (>=0) (min=0.7726)
phase: grind

Stop requested with e + Enter. Finishing control loop...

Joint motion [deg]:
joint    start   final   delta
------------------------------
q1       -2.8    -5.7    -3.0
q2       18.1    32.1    14.0
q3       -5.1    -2.8     2.4
q4     -122.8  -123.5    -0.7
q5       17.5    -0.3   -17.9
q6      139.5   150.2    10.7
q7       26.8    40.5    13.7

=== Final result ===
p_d = [528.0, -90.9, -133.2] mm
p_EE = [532.9, -83.8, 23.9] mm
e_p = [-4.9, -7.1, -157.1] mm
position_error = 157.32 mm
e_R = [1.40, -0.47, 0.66] deg
rotation_error = 1.61 deg
csv: surface_grinding_controller_log.csv
