
Press Enter to recover and configure the robot.
Robot recovered or already ready.
Collision: custom thresholds.

=== Startup choice ===
  q = go to q_init (from params/common.txt), then choose again
  g = guiding mode: go to q_init, then hand-guide to your pose;
      use s+Enter for sequence or h+Enter for hold
  o = open the Franka hand now (release/load tool), then choose again
  c = close/grasp the tool now, then choose again
  r = continue to run mode (available after q_init is reached)
Choice [q/g/o/c/r, Enter = q]: Moving to q_init...
q_init reached.

=== Startup choice ===
  q = go to q_init (from params/common.txt), then choose again
  g = guiding mode: go to q_init, then hand-guide to your pose;
      use s+Enter for sequence or h+Enter for hold
  o = open the Franka hand now (release/load tool), then choose again
  c = close/grasp the tool now, then choose again
  r = continue to run mode
Choice [q/g/o/c/r, Enter = q]: 
=== Run mode ===
  s = phase sequence (approach / set up / grind)
  h = hold at the start pose
Choice [s/h, Enter = s]: Selected: phase sequence. Nullspace mode from parameters: nullspace_damping_plus_sigma.

=== Setup ===
run: phase sequence | approach_orient: on | nullspace: nullspace_damping_plus_sigma
nullspace parameters: d_null=2.000 | k_sigma=1.000 Nm | alpha=0.0800 rad
hold: Kp=300.0 N/m | KR=40.0 Nm/rad | damping=auto translation+rotation (factor fitted online toward Dp=50.0 Ns/m)
manual_guidance_start: off | manual_damping=0.50
descend: clearance=20.0 mm | speed=0.100 m/s | max_distance=640 mm
alignment push: start=captured | end=+180 mm | speed=0.050 m/s | ramp_time~=4.0 s | timeout=12.0 s | moment_threshold=150.0 Nm
grind: sweep | axis=tangent2 | amplitude=30 mm | frequency=0.20 Hz
coupled stiffness: apply=on | saved=yes | pole=manual
gates: pause_before_set_up=on | pause_auto_damping=on | pause_before_grind=off | debug_period=0.20 s
alignment-target normal=[+0.087, -0.000, +0.996] | tilt a(x)=0.0 deg, b(y)=5.0 deg (from angles)
tool face: 40 x 120 mm | center offset EE=[+0.0, +0.0, +20.0] mm
Gripper already holding the tool (width 65.0 mm); keeping grasp.
Press e+Enter to stop the controller before the duration expires.
During hold: press g+Enter to hand-guide the tool, then p+Enter to recapture and resume hold.
experiment_duration <= 0: running indefinitely until e + Enter.

=== Start pose ===
q_start = [-2.7, 18.1, -5.1, -122.8, 17.5, 139.5, 26.8] deg
p_start = [565.2, -59.4, 151.2] mm

=== Run ===
phase: approach_orient
orient:     t=  0.0 s | axis_err= 11.5 deg | rot_err= 11.5 deg
approach Dp        auto=[ 134.15,   97.25,  122.27]  manual=[  20.00,   20.00,   20.00] Ns/m
approach DR        auto=[  12.73,   16.36,    4.08]  manual=[  12.00,   12.00,   12.00] Nms/rad
orient:     t=  0.2 s | axis_err=  4.6 deg | rot_err=  4.6 deg
orient:     t=  0.4 s | axis_err=  2.5 deg | rot_err=  2.5 deg

Orientation reached: axis_err=2.0 deg
phase: approach_descend
descend:    t=  0.0 s | distance=   0.1 mm | height= +94.9 mm (target 20.0) | force= -0.0 N
descend:    t=  0.2 s | distance=  20.1 mm | height= +82.7 mm (target 20.0) | force=  2.0 N
descend:    t=  0.4 s | distance=  40.1 mm | height= +67.0 mm (target 20.0) | force=  2.6 N
descend:    t=  0.6 s | distance=  60.2 mm | height= +50.4 mm (target 20.0) | force=  2.6 N
descend:    t=  0.8 s | distance=  80.3 mm | height= +33.0 mm (target 20.0) | force=  2.0 N

[GATE] Reached 20 mm above the plane. Press Enter to start the set-up press (e+Enter stops).
pause auto damping: fitted Dp factor=0.551, DR factor=1.960
pause Dp [xyz]     auto=[ 206.54,  155.19,  224.91]  manual=[ 200.00,  200.00,  200.00] Ns/m
pause DR [t1t2n]   auto=[  11.73,   17.28,    2.04]  manual=[  12.73,   16.36,    4.08] Nms/rad
[GATE] Continuing to the set-up press.
descend:    t=  1.2 s | distance=  95.2 mm | height= +19.4 mm (target 20.0) | force=  0.9 N

Clearance reached: distance=95.2 mm | height=19.4 mm | target=20.0 mm | force=0.9 N (not used for the switch)
offset_ee = [20.0, 60.0, 20.0] mm
p_EE_at_contact = [546.1, -64.3, 65.5] mm
contact_point = [559.9, -125.0, 24.1] mm
edge_offset_base = [13.8, -60.6, -41.3] mm
phase: set_up
set_up Dp [xyz]    auto=[ 237.05,  178.14,  108.14]  manual=[  10.00,   10.00,  175.00] Ns/m
set_up DR [t1t2n]  auto=[   1.41,    2.07,    0.78]  manual=[  10.01,   10.01,   10.00] Nms/rad
set_up:     t=  0.0 s | tip=  0.0 deg | F=  0.0 N | M=  0.0 Nm (limit 150.0) | edge= 19.4 mm
set_up:     t=  0.2 s | tip=  0.5 deg | F=  1.8 N | M=  0.8 Nm (limit 150.0) | edge= 13.5 mm
set_up:     t=  0.4 s | tip=  1.2 deg | F=  2.7 N | M=  1.1 Nm (limit 150.0) | edge=  6.4 mm
set_up:     t=  0.6 s | tip=  1.8 deg | F=  2.7 N | M=  1.0 Nm (limit 150.0) | edge=  5.8 mm
set_up:     t=  0.8 s | tip=  2.4 deg | F=  2.3 N | M=  0.8 Nm (limit 150.0) | edge= 13.6 mm
set_up:     t=  1.0 s | tip=  2.5 deg | F= 13.3 N | M=  7.2 Nm (limit 150.0) | edge= 19.8 mm
set_up:     t=  1.2 s | tip=  2.5 deg | F= 13.1 N | M=  7.0 Nm (limit 150.0) | edge= 19.9 mm
set_up:     t=  1.4 s | tip=  2.5 deg | F= 17.2 N | M=  9.4 Nm (limit 150.0) | edge= 20.0 mm
set_up:     t=  1.6 s | tip=  2.5 deg | F= 20.8 N | M= 11.3 Nm (limit 150.0) | edge= 20.1 mm
set_up:     t=  1.8 s | tip=  2.5 deg | F= 24.5 N | M= 13.1 Nm (limit 150.0) | edge= 20.2 mm
set_up:     t=  2.0 s | tip=  2.5 deg | F= 28.1 N | M= 15.0 Nm (limit 150.0) | edge= 20.3 mm
set_up:     t=  2.2 s | tip=  2.6 deg | F= 32.0 N | M= 16.9 Nm (limit 150.0) | edge= 20.5 mm
set_up:     t=  2.4 s | tip=  2.6 deg | F= 35.6 N | M= 18.8 Nm (limit 150.0) | edge= 20.6 mm
set_up:     t=  2.6 s | tip=  2.6 deg | F= 39.5 N | M= 20.8 Nm (limit 150.0) | edge= 20.7 mm
set_up:     t=  2.8 s | tip=  2.6 deg | F= 43.3 N | M= 22.7 Nm (limit 150.0) | edge= 20.9 mm
set_up:     t=  3.0 s | tip=  2.6 deg | F= 47.1 N | M= 24.6 Nm (limit 150.0) | edge= 21.0 mm
set_up:     t=  3.2 s | tip=  2.6 deg | F= 51.1 N | M= 26.6 Nm (limit 150.0) | edge= 21.2 mm
set_up:     t=  3.4 s | tip=  2.6 deg | F= 54.9 N | M= 28.5 Nm (limit 150.0) | edge= 21.3 mm
set_up:     t=  3.6 s | tip=  2.7 deg | F= 58.4 N | M= 30.2 Nm (limit 150.0) | edge= 21.4 mm
set_up:     t=  3.8 s | tip=  2.7 deg | F= 62.2 N | M= 32.1 Nm (limit 150.0) | edge= 21.6 mm
set_up:     t=  4.0 s | tip=  2.7 deg | F= 66.3 N | M= 34.4 Nm (limit 150.0) | edge= 21.6 mm
set_up:     t=  4.2 s | tip=  2.7 deg | F= 61.7 N | M= 31.8 Nm (limit 150.0) | edge= 21.6 mm
set_up:     t=  4.4 s | tip=  2.7 deg | F= 61.7 N | M= 31.7 Nm (limit 150.0) | edge= 21.6 mm
set_up:     t=  4.6 s | tip=  2.7 deg | F= 61.7 N | M= 31.8 Nm (limit 150.0) | edge= 21.6 mm
set_up:     t=  4.8 s | tip=  2.7 deg | F= 61.6 N | M= 31.7 Nm (limit 150.0) | edge= 21.6 mm
set_up:     t=  5.0 s | tip=  2.7 deg | F= 61.6 N | M= 31.7 Nm (limit 150.0) | edge= 21.6 mm
set_up:     t=  5.2 s | tip=  2.7 deg | F= 61.6 N | M= 31.7 Nm (limit 150.0) | edge= 21.6 mm
set_up:     t=  5.4 s | tip=  2.7 deg | F= 61.6 N | M= 31.7 Nm (limit 150.0) | edge= 21.6 mm
set_up:     t=  5.6 s | tip=  2.7 deg | F= 61.5 N | M= 31.6 Nm (limit 150.0) | edge= 21.6 mm
set_up:     t=  5.8 s | tip=  2.7 deg | F= 61.5 N | M= 31.6 Nm (limit 150.0) | edge= 21.6 mm
set_up:     t=  6.0 s | tip=  2.7 deg | F= 61.5 N | M= 31.6 Nm (limit 150.0) | edge= 21.6 mm
set_up:     t=  6.2 s | tip=  2.7 deg | F= 61.6 N | M= 31.6 Nm (limit 150.0) | edge= 21.6 mm
set_up:     t=  6.4 s | tip=  2.7 deg | F= 61.6 N | M= 31.6 Nm (limit 150.0) | edge= 21.6 mm
set_up:     t=  6.6 s | tip=  2.7 deg | F= 61.5 N | M= 31.6 Nm (limit 150.0) | edge= 21.6 mm
set_up:     t=  6.8 s | tip=  2.7 deg | F= 61.5 N | M= 31.6 Nm (limit 150.0) | edge= 21.6 mm
set_up:     t=  7.0 s | tip=  2.7 deg | F= 61.5 N | M= 31.6 Nm (limit 150.0) | edge= 21.6 mm
set_up:     t=  7.2 s | tip=  2.7 deg | F= 61.5 N | M= 31.5 Nm (limit 150.0) | edge= 21.6 mm
set_up:     t=  7.4 s | tip=  2.7 deg | F= 61.5 N | M= 31.5 Nm (limit 150.0) | edge= 21.6 mm
set_up:     t=  7.6 s | tip=  2.7 deg | F= 61.5 N | M= 31.5 Nm (limit 150.0) | edge= 21.6 mm
set_up:     t=  7.8 s | tip=  2.7 deg | F= 61.5 N | M= 31.5 Nm (limit 150.0) | edge= 21.6 mm
set_up:     t=  8.0 s | tip=  2.7 deg | F= 61.5 N | M= 31.5 Nm (limit 150.0) | edge= 21.6 mm
set_up:     t=  8.2 s | tip=  2.7 deg | F= 61.4 N | M= 31.5 Nm (limit 150.0) | edge= 21.6 mm
set_up:     t=  8.4 s | tip=  2.7 deg | F= 61.5 N | M= 31.5 Nm (limit 150.0) | edge= 21.6 mm
set_up:     t=  8.6 s | tip=  2.7 deg | F= 61.5 N | M= 31.5 Nm (limit 150.0) | edge= 21.6 mm
set_up:     t=  8.8 s | tip=  2.7 deg | F= 61.4 N | M= 31.5 Nm (limit 150.0) | edge= 21.6 mm
set_up:     t=  9.0 s | tip=  2.7 deg | F= 61.4 N | M= 31.5 Nm (limit 150.0) | edge= 21.6 mm
set_up:     t=  9.2 s | tip=  2.7 deg | F= 61.4 N | M= 31.4 Nm (limit 150.0) | edge= 21.6 mm
set_up:     t=  9.4 s | tip=  2.7 deg | F= 61.4 N | M= 31.5 Nm (limit 150.0) | edge= 21.6 mm
set_up:     t=  9.6 s | tip=  2.7 deg | F= 61.5 N | M= 31.5 Nm (limit 150.0) | edge= 21.6 mm
set_up:     t=  9.8 s | tip=  2.7 deg | F= 61.4 N | M= 31.4 Nm (limit 150.0) | edge= 21.6 mm
set_up:     t= 10.0 s | tip=  2.7 deg | F= 61.4 N | M= 31.4 Nm (limit 150.0) | edge= 21.6 mm
set_up:     t= 10.2 s | tip=  2.7 deg | F= 61.4 N | M= 31.5 Nm (limit 150.0) | edge= 21.6 mm
set_up:     t= 10.4 s | tip=  2.7 deg | F= 61.4 N | M= 31.5 Nm (limit 150.0) | edge= 21.6 mm
set_up:     t= 10.6 s | tip=  2.7 deg | F= 61.4 N | M= 31.4 Nm (limit 150.0) | edge= 21.6 mm
set_up:     t= 10.8 s | tip=  2.7 deg | F= 61.4 N | M= 31.4 Nm (limit 150.0) | edge= 21.6 mm
set_up:     t= 11.0 s | tip=  2.7 deg | F= 61.4 N | M= 31.4 Nm (limit 150.0) | edge= 21.6 mm
set_up:     t= 11.2 s | tip=  2.7 deg | F= 61.4 N | M= 31.4 Nm (limit 150.0) | edge= 21.6 mm
set_up:     t= 11.4 s | tip=  2.7 deg | F= 61.4 N | M= 31.4 Nm (limit 150.0) | edge= 21.6 mm
set_up:     t= 11.6 s | tip=  2.7 deg | F= 61.4 N | M= 31.4 Nm (limit 150.0) | edge= 21.6 mm
set_up:     t= 11.8 s | tip=  2.7 deg | F= 61.4 N | M= 31.4 Nm (limit 150.0) | edge= 21.6 mm

=== Set-up result ===
stop: time | t=12.0 s | tip=2.7 deg | F=61.4 N | M=31.4 Nm
edge_from_contact = [-7.7, +0.5, -20.2] mm | norm=21.6 mm
tcp_from_contact  = [-22.3, +61.2, +2.4] mm | norm=65.1 mm
alignment: before=0.50 deg | after=2.89 deg | gain=-2.39 deg

=== Set-up surface-frame breakdown ===
frame: alignment-target [tangent1, tangent2, normal]
force        [N]      = [   -14.92,     -2.06,    -59.50]
tcp_disp     [mm]     = [    -5.06,     +0.53,    -39.51]
edge_disp    [mm]     = [    -5.88,     +0.54,    -20.80]
Kp_eff=F/tcp [N/m]    = [   2947.7,   -3902.6,    1506.0]
moment@edge  [Nm]     = [    +3.06,    +29.30,     -1.60]
tip_angle    [deg]    = [    +0.08,     -2.70,     -0.16]
KR_eff=M/ang [Nm/rad] = [   2108.0,    -620.8,     567.5]

finite_axis: angle=2.7 deg | axis_from_edge=[-430.8, -20.4, +151.3] mm | dir=[-0.025, +0.998, +0.062] | pitch=-10.9 mm/rad

=== Coupled stiffness from the measured pole ===
source spring K_pole/D_pole (diagonal, from parameters):
  Kp [N/m]     = [2000, 2000, 350]
  KR [Nm/rad]  = [5, 5, 50]
  Dp [Ns/m]    = [10, 10, 175]
  DR [Nms/rad] = [10.01, 10.01, 10]

poles compared (lever r_c = TCP - pole):
  (A) measured axis : angle=2.7 deg | pitch=-10.9 mm/rad
      pole_from_edge = [-423.1, -21.4, 171.5] mm
      r_c            = [408.5, 82.0, -148.9] mm
  (B) manual pole   : COMMANDED this run, contact reference
      pole_from_edge = [14.6, 39.5, 99.9] mm
      r_c            = [-20.8, 20.6, -38.4] mm
      r_c(B)-r_c(A)  = [-429.2, -61.4, 110.5] mm

K_TCP = Ad^T K_pole Ad  [rows fx..mz | cols tx..rz]:
  (A) measured axis:
           tx        ty        tz    |    rx        ry        rz
  fx [    2000        0        0 |        0    297.8    164.1 ]
  fy [       0     2000        0 |   -297.8        0     -817 ]
  fz [       0        0      350 |   -28.71      143        0 ]
     ---------------------------+---------------------------
  mx [       0   -297.8   -28.71 |    52.04   -11.73    125.5 ]
  my [   297.8        0      143 |   -11.73    107.7    24.43 ]
  mz [   164.1     -817        0 |    125.5    24.43    396.8 ]
  (A) K_TCP eigenvalues = [4.174, 4.936, 42.22, 409.8, 2046, 2399] -> PSD ok (>=0) (min=4.174)
  (B) manual pole:
           tx        ty        tz    |    rx        ry        rz
  fx [    2000        0        0 |        0    76.75    41.28 ]
  fy [       0     2000        0 |   -76.75        0     41.5 ]
  fz [       0        0      350 |   -7.225   -7.263        0 ]
     ---------------------------+---------------------------
  mx [       0   -76.75   -7.225 |    8.436   0.1499    2.314 ]
  my [   76.75        0   -7.263 |   0.1499    8.096    1.584 ]
  mz [   41.28     41.5        0 |    2.314    1.584    51.37 ]
  (B) K_TCP eigenvalues = [4.988, 4.992, 49.96, 350.3, 2003, 2005] -> PSD ok (>=0) (min=4.988)

D_TCP = Ad^T D_pole Ad:
  (A) measured axis:
           tx        ty        tz    |    rx        ry        rz
  fx [     237        0        0 |        0    35.29    19.45 ]
  fy [       0    178.1        0 |   -26.52        0   -72.77 ]
  fz [       0        0    108.1 |   -8.872    44.17        0 ]
     ---------------------------+---------------------------
  mx [       0   -26.52   -8.872 |    6.082   -3.624    10.78 ]
  my [   35.29        0    44.17 |   -3.624    25.37    2.896 ]
  mz [   19.45   -72.77        0 |    10.78    2.896     32.1 ]
  (A) D_TCP eigenvalues = [0.6536, 1.382, 1.748, 126.3, 210.7, 246.1] -> PSD ok (>=0) (min=0.6536)
  (B) manual pole:
           tx        ty        tz    |    rx        ry        rz
  fx [     237        0        0 |        0    9.097    4.893 ]
  fy [       0    178.1        0 |   -6.836        0    3.697 ]
  fz [       0        0    108.1 |   -2.232   -2.244        0 ]
     ---------------------------+---------------------------
  mx [       0   -6.836   -2.232 |    1.713  0.04632   -0.197 ]
  my [   9.097        0   -2.244 |  0.04632    2.468   0.1878 ]
  mz [   4.893    3.697        0 |   -0.197   0.1878   0.9576 ]
  (B) D_TCP eigenvalues = [0.7745, 1.407, 2.069, 108.2, 178.5, 237.5] -> PSD ok (>=0) (min=0.7745)
phase: grind

Stop requested with e + Enter. Finishing control loop...

Joint motion [deg]:
joint    start   final   delta
------------------------------
q1       -2.7    -4.9    -2.1
q2       18.1    32.4    14.3
q3       -5.1    -4.0     1.2
q4     -122.8  -121.5     1.3
q5       17.5     0.7   -16.9
q6      139.5   145.9     6.5
q7       26.8    39.3    12.5

=== Final result ===
p_d = [528.7, -93.7, -133.2] mm
p_EE = [532.6, -87.9, 26.6] mm
e_p = [-3.9, -5.8, -159.8] mm
position_error = 159.99 mm
e_R = [1.14, -3.00, 0.72] deg
rotation_error = 3.29 deg
csv: surface_grinding_controller_log.csv
