
Press Enter to recover and configure the robot.
Robot recovered or already ready.
keys: e stop | m menu | g hand-guide

=== Startup mode ===
  s = run the phase sequence from q_init
  h = hold the q_init pose
  t = hold with the set-up impedance
  g = hand-guide the start pose
  q = go to q_init and inspect
  o = open the hand now
  c = grasp the tool now
  r = recalibrate hand width, fingers empty
  f = fetch the tool from the holder
  b = put the tool back
  e = stop and quit
While a run is going: e+Enter stops, m+Enter comes back here.
Choice [s/h/t/g/q/o/c/r/f/b/e]: 
=== Phase sequence mode ===
Moving to q_init (horizontal_table_search)
  q1..q7 [deg] = [0.8, 12.1, -0.5, -130.9, -0.2, 142.9, 44.7] deg
  horizontal_table_search = [0.014777, 0.210911, -0.009320, -2.284835, -0.002725, 2.493410, 0.780694] rad
q_init reached.

=== Start pose ===
q_start = [0.8, 12.1, -0.5, -130.9, -0.2, 142.9, 44.7] deg
p_start = [531.3, 2.4, 156.8] mm

=== Run ===
phase: approach_orient
  Kp=[150, 150, 150] N/m  KR=[90, 90, 90] Nm/rad  [t1,t2,n]
  Dp=[126.5, 103.6, 128.3] Ns/m  DR=[13.45, 15.79, 2.01] Nms/rad  auto (factor 1.90)
orient:     t=  0.0 s | axis_err=  9.0 deg | spin_err=  0.8 deg
orient:     t=  0.2 s | axis_err=  8.1 deg | spin_err=  0.6 deg
orient:     t=  0.4 s | axis_err=  5.6 deg | spin_err=  0.1 deg
orient:     t=  0.6 s | axis_err=  3.2 deg | spin_err=  0.4 deg
orient:     t=  0.8 s | axis_err=  2.6 deg | spin_err=  0.4 deg
orient:     t=  1.0 s | axis_err=  2.4 deg | spin_err=  0.4 deg
orient:     t=  1.2 s | axis_err=  2.4 deg | spin_err=  0.4 deg
orient:     t=  1.4 s | axis_err=  2.3 deg | spin_err=  0.4 deg
orient:     t=  1.6 s | axis_err=  2.3 deg | spin_err=  0.4 deg
orient:     t=  1.8 s | axis_err=  2.3 deg | spin_err=  0.4 deg
orient:     t=  2.0 s | axis_err=  2.3 deg | spin_err=  0.4 deg
orient:     t=  2.2 s | axis_err=  2.3 deg | spin_err=  0.4 deg
orient:     t=  2.4 s | axis_err=  2.3 deg | spin_err=  0.4 deg
orient:     t=  2.6 s | axis_err=  2.3 deg | spin_err=  0.4 deg
orient:     t=  2.8 s | axis_err=  2.3 deg | spin_err=  0.3 deg
orient:     t=  3.0 s | axis_err=  2.3 deg | spin_err=  0.3 deg
orient:     t=  3.2 s | axis_err=  2.3 deg | spin_err=  0.3 deg
orient:     t=  3.4 s | axis_err=  2.3 deg | spin_err=  0.3 deg
orient:     t=  3.6 s | axis_err=  2.3 deg | spin_err=  0.3 deg
orient:     t=  3.8 s | axis_err=  2.3 deg | spin_err=  0.3 deg
orient:     t=  4.0 s | axis_err=  2.3 deg | spin_err=  0.3 deg
orient:     t=  4.2 s | axis_err=  2.3 deg | spin_err=  0.4 deg
orient:     t=  4.4 s | axis_err=  2.3 deg | spin_err=  0.3 deg
orient:     t=  4.6 s | axis_err=  2.3 deg | spin_err=  0.3 deg
orient:     t=  4.8 s | axis_err=  2.3 deg | spin_err=  0.3 deg

Orientation settled short of the 2.0 deg gate after 5.0 s: axis_err=2.3 deg | spin_err=0.3 deg
phase: approach_descend
  Kp=[150, 150, 150] N/m  KR=[90, 90, 90] Nm/rad  [t1,t2,n]
  Dp=[126.5, 103.6, 128.3] Ns/m  DR=[13.45, 15.79, 2.01] Nms/rad  auto (factor 1.90)
  descend to 20 mm clearance at 0.100 m/s
descend:    t=  0.0 s | distance=   0.1 mm | height=+134.9 mm (target 20.0) | force= -0.0 N
descend:    t=  0.2 s | distance=  20.1 mm | height=+123.9 mm (target 20.0) | force=  1.2 N
descend:    t=  0.4 s | distance=  40.1 mm | height=+106.6 mm (target 20.0) | force=  0.3 N
descend:    t=  0.6 s | distance=  60.1 mm | height= +88.6 mm (target 20.0) | force=  1.8 N
descend:    t=  0.8 s | distance=  80.1 mm | height= +70.1 mm (target 20.0) | force=  0.9 N
descend:    t=  1.0 s | distance= 100.2 mm | height= +51.3 mm (target 20.0) | force= -0.0 N
descend:    t=  1.2 s | distance= 120.2 mm | height= +32.4 mm (target 20.0) | force=  1.3 N

[GATE] Reached 20 mm above the plane. Press Enter to start the set-up press (e+Enter stops).
  gate hold: Kp=[5000, 5000, 5000] N/m [x,y,z]  KR=[90, 90, 90] Nm/rad [t1,t2,n]
             Dp=[205.1, 145.6, 252.8] Ns/m  DR=[13.79, 11.94, 2.54] Nms/rad  auto
[GATE] Continuing to the set-up press.
descend:    t=  4.7 s | distance= 133.3 mm | height= +19.2 mm (target 20.0) | force= -0.9 N

Clearance reached: distance=133.3 mm | height=19.2 mm | target=20.0 mm | force=-0.9 N (not used for the switch)
offset_ee = [-20.0, 60.0, 20.0] mm
p_EE_at_contact = [534.8, 8.7, 43.8] mm
contact_point = [517.4, -51.6, 1.5] mm
edge_offset_base = [-17.4, -60.3, -42.3] mm
phase: set_up

--- set-up impedance ---
  f = Kp*e_p + Dp*de,   m = KR*e_R + DR*dw   (decoupled)
  Kp [t1,t2,n]  = [  2000.0,   2000.0,    800.0] N/m
  Dp [t1,t2,n]  = [   211.5,    179.6,    175.3] Ns/m   auto
  KR [t1,t2,n]  = [     5.0,      5.0,     50.0] Nm/rad
  DR [t1,t2,n]  = [     2.0,      1.7,      1.2] Nms/rad   auto
set_up:     t=  0.0 s | tip=  0.0 deg | F=  0.0 N | M=  0.0 Nm (limit 150.0) | edge= 19.2 mm
set_up:     t=  0.2 s | tip=  0.6 deg | F=  1.8 N | M=  1.2 Nm (limit 150.0) | edge= 12.8 mm
set_up:     t=  0.4 s | tip=  1.3 deg | F=  2.7 N | M=  1.5 Nm (limit 150.0) | edge=  4.3 mm
set_up:     t=  0.6 s | tip=  1.5 deg | F= 15.3 N | M=  8.3 Nm (limit 150.0) | edge=  1.8 mm
set_up:     t=  0.8 s | tip=  1.5 deg | F= 21.9 N | M= 11.7 Nm (limit 150.0) | edge=  1.9 mm
set_up:     t=  1.0 s | tip=  1.5 deg | F= 30.5 N | M= 16.1 Nm (limit 150.0) | edge=  2.0 mm
set_up:     t=  1.2 s | tip=  1.6 deg | F= 37.8 N | M= 19.9 Nm (limit 150.0) | edge=  2.1 mm
set_up:     t=  1.4 s | tip=  1.6 deg | F= 46.2 N | M= 24.3 Nm (limit 150.0) | edge=  2.4 mm
set_up:     t=  1.6 s | tip=  1.6 deg | F= 53.7 N | M= 28.5 Nm (limit 150.0) | edge=  2.4 mm
set_up:     t=  1.8 s | tip=  1.6 deg | F= 46.8 N | M= 24.9 Nm (limit 150.0) | edge=  2.4 mm
set_up:     t=  2.0 s | tip=  1.6 deg | F= 46.8 N | M= 24.9 Nm (limit 150.0) | edge=  2.4 mm
set_up:     t=  2.2 s | tip=  1.6 deg | F= 46.8 N | M= 24.9 Nm (limit 150.0) | edge=  2.4 mm
set_up:     t=  2.4 s | tip=  1.6 deg | F= 46.5 N | M= 24.8 Nm (limit 150.0) | edge=  2.4 mm
set_up:     t=  2.6 s | tip=  1.6 deg | F= 46.6 N | M= 24.8 Nm (limit 150.0) | edge=  2.4 mm
set_up:     t=  2.8 s | tip=  1.6 deg | F= 46.5 N | M= 24.8 Nm (limit 150.0) | edge=  2.4 mm
set_up:     t=  3.0 s | tip=  1.6 deg | F= 46.6 N | M= 24.8 Nm (limit 150.0) | edge=  2.4 mm
set_up:     t=  3.2 s | tip=  1.6 deg | F= 46.5 N | M= 24.7 Nm (limit 150.0) | edge=  2.4 mm
set_up:     t=  3.4 s | tip=  1.6 deg | F= 46.4 N | M= 24.7 Nm (limit 150.0) | edge=  2.4 mm
set_up:     t=  3.6 s | tip=  1.6 deg | F= 46.4 N | M= 24.7 Nm (limit 150.0) | edge=  2.4 mm
set_up:     t=  3.8 s | tip=  1.6 deg | F= 46.4 N | M= 24.7 Nm (limit 150.0) | edge=  2.4 mm
set_up:     t=  4.0 s | tip=  1.6 deg | F= 46.3 N | M= 24.7 Nm (limit 150.0) | edge=  2.4 mm
set_up:     t=  4.2 s | tip=  1.6 deg | F= 46.5 N | M= 24.7 Nm (limit 150.0) | edge=  2.4 mm
set_up:     t=  4.4 s | tip=  1.6 deg | F= 46.5 N | M= 24.7 Nm (limit 150.0) | edge=  2.4 mm
set_up:     t=  4.6 s | tip=  1.6 deg | F= 46.4 N | M= 24.7 Nm (limit 150.0) | edge=  2.4 mm
set_up:     t=  4.8 s | tip=  1.6 deg | F= 46.3 N | M= 24.7 Nm (limit 150.0) | edge=  2.4 mm

=== Set-up result ===
stop: time | t=5.0 s | tip=1.6 deg | F=46.3 N | M=24.7 Nm
edge_from_contact = [-0.8, +0.3, -2.3] mm | norm=2.4 mm
tcp_from_contact  = [+16.8, +60.1, +20.3] mm | norm=65.6 mm
alignment: before=8.95 deg | after=7.39 deg | gain=+1.56 deg
alignment components [t1,t2,n] deg: before=[-1.80,-8.77,-0.00] | after=[-1.20,-7.29,+0.00]

=== Set-up surface-frame breakdown ===
frame: alignment-target [tangent1, tangent2, normal]
force        [N]      = [    +0.35,     +1.03,    -46.28]
tcp_disp     [mm]     = [    +0.01,     -0.46,    -22.04]
edge_disp    [mm]     = [    +0.51,     -0.59,     -2.30]
Kp_eff=F/tcp [N/m]    = [      n/a,   -2253.9,    2100.0]
moment@edge  [Nm]     = [    -8.33,    -24.20,     -0.68]
tip_angle    [deg]    = [    +0.58,     +1.48,     -0.16]
KR_eff=M/ang [Nm/rad] = [   -822.4,    -936.1,     237.8]

[GATE] Set up finished (holding the pressed pose). Press Enter to start the grind (e+Enter stops).

Stop requested with e + Enter. Finishing control loop...

Joint motion [deg]:
joint    start   final   delta
------------------------------
q1        0.8     0.7    -0.2
q2       12.1    30.4    18.3
q3       -0.5     0.3     0.8
q4     -130.9  -132.4    -1.5
q5       -0.2     1.0     1.1
q6      142.9   169.4    26.5
q7       44.7    44.9     0.2

=== Final result ===
p_d = [533.4, 6.6, -35.3] mm
p_EE = [534.2, 8.5, 21.8] mm
e_p = [-0.8, -2.0, -57.1] mm
position_error = 57.10 mm
e_R = [0.10, -1.59, -0.12] deg
rotation_error = 1.60 deg
csv: logs/surface_grinding_controller_log.csv
