
====================================================================
  SURFACE GRINDING CONTROLLER
====================================================================
  robot              172.16.0.2
--------------------------------------------------------------------

Press Enter to recover and configure the robot.
  Robot recovered or already ready.

====================================================================
  STARTUP MODE
====================================================================
  run     s   run the phase sequence from q_init
          h   hold the q_init pose
          t   hold with the set-up impedance, to test those gains
          g   hand-guide the start pose, then choose
--------------------------------------------------------------------
  set up  q   go to q_init and inspect
          o   open the hand now
          c   grasp the tool now
          r   recalibrate the hand width, fingers empty
          f   fetch the tool from the holder
          b   put the tool back
--------------------------------------------------------------------
  quit    e   stop and quit
--------------------------------------------------------------------
  in a run    e stop | m menu | g hand-guide | s sequence | t hold
--------------------------------------------------------------------
Choice [s/h/t/g/q/o/c/r/f/b/e]: 
-- selected: phase sequence ----------------------------------------

-- moving to q_init ------------------------------------------------
  case               horizontal_table_search
  q1..q7 [deg]     = [0.8, 12.1, -0.5, -130.9, -0.2, 142.9, 44.7] deg
  horizontal_table_search = [0.014777, 0.210911, -0.009320, -2.284835, -0.002725, 2.493410, 0.780694] rad
  q_init reached.

-- start pose ------------------------------------------------------
  q_start          = [0.9, 12.1, -0.5, -130.9, -0.1, 142.9, 44.7] deg
  p_start          = [    531.4,       2.5,     156.9] mm

====================================================================
  RUN
====================================================================

-- phase: approach_orient ------------------------------------------
  Kp [t1,t2,n]     = [    150.0,     150.0,     150.0] N/m
  Dp [t1,t2,n]     = [    126.5,     103.6,     128.3] Ns/m     auto (factor 1.90)
  KR [t1,t2,n]     = [     90.0,      90.0,      90.0] Nm/rad
  DR [t1,t2,n]     = [     13.5,      15.8,       2.0] Nms/rad  auto (factor 1.90)
orient:     t=  0.0 s | axis_err=  9.0 deg | spin_err=  0.6 deg
orient:     t=  0.2 s | axis_err=  8.4 deg | spin_err=  0.1 deg
orient:     t=  0.4 s | axis_err=  5.9 deg | spin_err=  0.2 deg
orient:     t=  0.6 s | axis_err=  3.1 deg | spin_err=  0.2 deg
orient:     t=  0.8 s | axis_err=  2.5 deg | spin_err=  0.3 deg
orient:     t=  1.0 s | axis_err=  2.4 deg | spin_err=  0.2 deg
orient:     t=  1.2 s | axis_err=  2.3 deg | spin_err=  0.2 deg
orient:     t=  1.4 s | axis_err=  2.3 deg | spin_err=  0.2 deg
orient:     t=  1.6 s | axis_err=  2.3 deg | spin_err=  0.2 deg
orient:     t=  1.8 s | axis_err=  2.3 deg | spin_err=  0.2 deg
orient:     t=  2.0 s | axis_err=  2.3 deg | spin_err=  0.2 deg
orient:     t=  2.2 s | axis_err=  2.3 deg | spin_err=  0.2 deg
orient:     t=  2.4 s | axis_err=  2.3 deg | spin_err=  0.2 deg
orient:     t=  2.6 s | axis_err=  2.3 deg | spin_err=  0.2 deg
orient:     t=  2.8 s | axis_err=  2.3 deg | spin_err=  0.2 deg
orient:     t=  3.0 s | axis_err=  2.3 deg | spin_err=  0.2 deg
orient:     t=  3.2 s | axis_err=  2.3 deg | spin_err=  0.2 deg
orient:     t=  3.4 s | axis_err=  2.3 deg | spin_err=  0.2 deg
orient:     t=  3.6 s | axis_err=  2.2 deg | spin_err=  0.2 deg
orient:     t=  3.8 s | axis_err=  2.2 deg | spin_err=  0.2 deg
orient:     t=  4.0 s | axis_err=  2.2 deg | spin_err=  0.2 deg
orient:     t=  4.2 s | axis_err=  2.2 deg | spin_err=  0.2 deg
orient:     t=  4.4 s | axis_err=  2.2 deg | spin_err=  0.2 deg
orient:     t=  4.6 s | axis_err=  2.2 deg | spin_err=  0.2 deg
orient:     t=  4.8 s | axis_err=  2.2 deg | spin_err=  0.2 deg

Orientation settled short of the 2.0 deg gate after 5.0 s: axis_err=2.2 deg | spin_err=0.2 deg

-- phase: approach_descend -----------------------------------------
  Kp [t1,t2,n]     = [    150.0,     150.0,     150.0] N/m
  Dp [t1,t2,n]     = [    126.5,     103.6,     128.3] Ns/m     auto (factor 1.90)
  KR [t1,t2,n]     = [     90.0,      90.0,      90.0] Nm/rad
  DR [t1,t2,n]     = [     13.5,      15.8,       2.0] Nms/rad  auto (factor 1.90)
  descend to         20 mm clearance at 0.100 m/s
descend:    t=  0.0 s | distance=   0.1 mm | height=+121.6 mm (target 20.0) | force=  0.0 N
descend:    t=  0.2 s | distance=  20.1 mm | height=+110.9 mm (target 20.0) | force=  1.4 N
descend:    t=  0.4 s | distance=  40.1 mm | height= +96.1 mm (target 20.0) | force=  2.6 N
descend:    t=  0.6 s | distance=  60.1 mm | height= +80.1 mm (target 20.0) | force=  2.5 N
descend:    t=  0.8 s | distance=  80.1 mm | height= +63.7 mm (target 20.0) | force=  1.6 N
descend:    t=  1.0 s | distance= 100.1 mm | height= +47.1 mm (target 20.0) | force=  2.7 N
descend:    t=  1.2 s | distance= 120.1 mm | height= +30.2 mm (target 20.0) | force=  1.9 N

[GATE] Reached 20 mm above the plane. Press Enter to start the set-up press (e+Enter stops).

-- gate hold -------------------------------------------------------
  Kp [x,y,z]       = [   5000.0,    5000.0,    5000.0] N/m
  Dp [x,y,z]       = [    205.8,     156.6,     239.0] Ns/m     auto
  KR [t1,t2,n]     = [     90.0,      90.0,      90.0] Nm/rad
  DR [t1,t2,n]     = [     13.2,      12.6,       2.5] Nms/rad  auto
[GATE] Continuing to the set-up press.

Clearance reached: distance=132.5 mm | height=19.8 mm | target=20.0 mm | force=2.1 N (not used for the switch)
  offset_ee        = [     20.0,      60.0,      20.0] mm
  p_EE_at_contact  = [    509.9,       5.8,      48.1] mm
  contact_point    = [    527.0,     -52.9,       1.4] mm
  edge_offset      = [     17.1,     -58.6,     -46.6] mm

-- phase: set_up ---------------------------------------------------

-- set-up impedance ------------------------------------------------
  law                wrench = K_TCP*dx + D_TCP*dv
                     K_TCP  = Ad(r_c)^T * blkdiag(Kp,KR) * Ad(r_c)
  Kp [t1,t2,n]     = [   2000.0,    2000.0,     800.0] N/m
  Dp [t1,t2,n]     = [    218.7,     193.9,     169.1] Ns/m     auto
  KR [t1,t2,n]     = [      5.0,       5.0,      50.0] Nm/rad
  DR [t1,t2,n]     = [      1.8,       1.7,       1.1] Nms/rad  auto
  p_c [EE]         = [     25.2,      53.8,      -8.1] mm       the pole on the tool, from p_EE
  r_c [t1,t2,n]    = [      0.0,     -60.0,       0.0] mm       commanded: p_TCP - p_c, in the plane
set_up:     t=  0.0 s | tip=  0.0 deg | F=  0.1 N | M=  0.0 Nm (limit 150.0) | edge= 19.7 mm
set_up:     t=  0.2 s | tip=  0.6 deg | F=  1.5 N | M=  1.9 Nm (limit 150.0) | edge= 10.8 mm
set_up:     t=  0.4 s | tip=  1.1 deg | F=  1.0 N | M=  1.7 Nm (limit 150.0) | edge=  4.6 mm
set_up:     t=  0.6 s | tip=  1.6 deg | F= 13.9 N | M=  8.0 Nm (limit 150.0) | edge=  3.7 mm
set_up:     t=  0.8 s | tip=  1.6 deg | F= 18.9 N | M= 10.6 Nm (limit 150.0) | edge=  3.9 mm
set_up:     t=  1.0 s | tip=  1.6 deg | F= 26.8 N | M= 14.8 Nm (limit 150.0) | edge=  4.1 mm
set_up:     t=  1.2 s | tip=  1.6 deg | F= 34.6 N | M= 19.0 Nm (limit 150.0) | edge=  4.4 mm
set_up:     t=  1.4 s | tip=  1.7 deg | F= 43.1 N | M= 23.6 Nm (limit 150.0) | edge=  4.7 mm
set_up:     t=  1.6 s | tip=  1.7 deg | F= 51.1 N | M= 27.8 Nm (limit 150.0) | edge=  5.1 mm
set_up:     t=  1.8 s | tip=  1.7 deg | F= 45.9 N | M= 24.9 Nm (limit 150.0) | edge=  4.9 mm
set_up:     t=  2.0 s | tip=  1.7 deg | F= 45.7 N | M= 24.9 Nm (limit 150.0) | edge=  4.9 mm
set_up:     t=  2.2 s | tip=  1.7 deg | F= 45.7 N | M= 24.8 Nm (limit 150.0) | edge=  4.9 mm
set_up:     t=  2.4 s | tip=  1.7 deg | F= 45.6 N | M= 24.7 Nm (limit 150.0) | edge=  4.9 mm
set_up:     t=  2.6 s | tip=  1.7 deg | F= 45.5 N | M= 24.7 Nm (limit 150.0) | edge=  4.9 mm
set_up:     t=  2.8 s | tip=  1.7 deg | F= 45.4 N | M= 24.7 Nm (limit 150.0) | edge=  4.9 mm
set_up:     t=  3.0 s | tip=  1.7 deg | F= 45.4 N | M= 24.6 Nm (limit 150.0) | edge=  4.9 mm
set_up:     t=  3.2 s | tip=  1.7 deg | F= 45.4 N | M= 24.7 Nm (limit 150.0) | edge=  5.0 mm
set_up:     t=  3.4 s | tip=  1.7 deg | F= 45.3 N | M= 24.6 Nm (limit 150.0) | edge=  5.0 mm
set_up:     t=  3.6 s | tip=  1.7 deg | F= 45.4 N | M= 24.6 Nm (limit 150.0) | edge=  5.0 mm
set_up:     t=  3.8 s | tip=  1.7 deg | F= 45.3 N | M= 24.6 Nm (limit 150.0) | edge=  5.0 mm
set_up:     t=  4.0 s | tip=  1.7 deg | F= 45.3 N | M= 24.6 Nm (limit 150.0) | edge=  5.0 mm
set_up:     t=  4.2 s | tip=  1.7 deg | F= 45.3 N | M= 24.6 Nm (limit 150.0) | edge=  5.0 mm
set_up:     t=  4.4 s | tip=  1.7 deg | F= 45.2 N | M= 24.6 Nm (limit 150.0) | edge=  5.0 mm
set_up:     t=  4.6 s | tip=  1.7 deg | F= 45.3 N | M= 24.6 Nm (limit 150.0) | edge=  5.0 mm
set_up:     t=  4.8 s | tip=  1.7 deg | F= 45.3 N | M= 24.6 Nm (limit 150.0) | edge=  5.0 mm

====================================================================
  SET-UP RESULT
====================================================================
  stop: time | t=5.0 s | tip=1.7 deg | F=45.2 N | M=24.5 Nm
  edge_from_contact = [-3.1, +0.4, -3.9] mm | norm=5.0 mm
  tcp_from_contact  = [-19.7, +58.5, +23.3] mm | norm=66.0 mm
  alignment: before=8.10 deg | after=9.17 deg | gain=-1.07 deg
  alignment components [t1,t2,n] deg: before=[+7.91,+1.77,+0.00] | after=[+8.54,+3.35,-0.00]

-- set-up surface-frame breakdown ----------------------------------
  frame              alignment-target [tangent1, tangent2, normal]
  force        [N]      = [    -3.32,     +2.74,    -44.99]
  tcp_disp     [mm]     = [    +1.77,     -1.40,    -23.34]
  edge_disp    [mm]     = [    +2.53,     -1.70,     -3.93]
  Kp_eff=F/tcp [N/m]    = [  -1869.2,   -1961.4,    1927.7]
  moment@edge  [Nm]     = [    -8.18,    -22.55,     -0.39]
  tip_angle    [deg]    = [    +0.63,     +1.58,     -0.03]
  KR_eff=M/ang [Nm/rad] = [   -743.7,    -816.0,       n/a]

-- centre of compliance --------------------------------------------
  definition         r_c = p_TCP - p_c
  p_TCP [x,y,z]    = [    509.9,       5.8,      48.1] mm
  p_c [EE]         = [     25.2,      53.8,      -8.1] mm
  r_c [t1,t2,n]    = [      0.0,     -60.0,       0.0] mm
                     p_c resolved at first contact

-- what the TCP feels ----------------------------------------------
  K_TCP translation = [   1999.6,    1999.1,     801.3] N/m
  K_TCP rotation   = [      7.4,       5.6,      57.1] Nm/rad
  commanded KR was = [      5.0,       5.0,      50.0] Nm/rad   the rest is the lever
  D_TCP translation = [    214.3,     198.3,     169.1] Ns/m
  D_TCP rotation   = [      2.3,       1.8,       1.9] Nms/rad
  coupling           max |moment per unit translation| = 108.7 Nm/m (K), 11.9 Nms/m (D)
  eigenvalues        K_TCP 4.98 .. 2007 | D_TCP 1.06 .. 220  (both positive: valid springs)

  K_TCP [N/m, Nm/rad | rows fx..mz, cols tx..rz]:
           tx        ty        tz    |    rx        ry        rz
  fx [    2000  -0.5725   -20.68 |    1.125    2.657    108.7 ]
  fy [ -0.5725     1999   -33.18 |  -0.3277   0.8422    50.75 ]
  fz [  -20.68   -33.18    801.3 |   -43.51   -20.38   -1.967 ]
     ---------------------------+---------------------------
  mx [   1.125  -0.3277   -43.51 |    7.378    1.128   0.8284 ]
  my [   2.657   0.8422   -20.38 |    1.128    5.555     1.41 ]
  mz [   108.7    50.75   -1.967 |   0.8284     1.41    57.15 ]

  D_TCP [Ns/m, Nms/rad]:
           tx        ty        tz    |    rx        ry        rz
  fx [   214.3    9.485   -1.042 |  0.04651   0.2548    11.88 ]
  fy [   9.485    198.3  -0.9732 |  -0.1585  0.03483    5.554 ]
  fz [  -1.042  -0.9732    169.1 |    -9.19   -4.297 -0.08134 ]
     ---------------------------+---------------------------
  mx [ 0.04651  -0.1585    -9.19 |    2.252    0.263  -0.0141 ]
  my [  0.2548  0.03483   -4.297 |    0.263    1.811 -0.003297 ]
  mz [   11.88    5.554 -0.08134 |  -0.0141 -0.003297    1.856 ]

[GATE] Set up finished (holding the pressed pose). Press Enter to start the grind (e+Enter stops).

Stop requested with e + Enter. Finishing control loop...

-- joint motion [deg] ----------------------------------------------
  joint       start    final    delta
  q1            0.9      0.6     -0.3
  q2           12.1     29.1    +17.0
  q3           -0.5     -0.4     +0.1
  q4         -130.9   -128.6     +2.3
  q5           -0.1     10.0    +10.1
  q6          142.9    150.1     +7.2
  q7           44.7     36.5     -8.2

====================================================================
  FINAL RESULT
====================================================================
  p_d              = [    508.5,       3.6,     -31.7] mm
  p_EE             = [    507.3,       5.6,      24.7] mm
  e_p              = [      1.2,      -2.1,     -56.5] mm
  e_R              = [     0.10,     -1.70,      0.02] deg
--------------------------------------------------------------------
  position error     56.54 mm
  rotation error     1.70 deg
  csv                logs/surface_grinding_controller_log.csv
--------------------------------------------------------------------
