
Press Enter to recover and configure the robot.
Robot recovered or already ready.
Collision: custom thresholds.

=== Startup choice ===
  q = go to q_init (from params/common.txt), then choose again
  g = guiding mode: go to q_init, then hand-guide to your pose;
      use s+Enter for sequence or h+Enter for hold
  o = open the Franka hand now (release/load tool), then choose again
  c = close/grasp the tool now, then choose again
  r = continue to run mode (available after q_init is reached)
Choice [q/g/o/c/r, Enter = q]: Moving to q_init...
q_init reached.

=== Startup choice ===
  q = go to q_init (from params/common.txt), then choose again
  g = guiding mode: go to q_init, then hand-guide to your pose;
      use s+Enter for sequence or h+Enter for hold
  o = open the Franka hand now (release/load tool), then choose again
  c = close/grasp the tool now, then choose again
  r = continue to run mode
Choice [q/g/o/c/r, Enter = q]: Moving to q_init...
q_init reached.

=== Startup choice ===
  q = go to q_init (from params/common.txt), then choose again
  g = guiding mode: go to q_init, then hand-guide to your pose;
      use s+Enter for sequence or h+Enter for hold
  o = open the Franka hand now (release/load tool), then choose again
  c = close/grasp the tool now, then choose again
  r = continue to run mode
Choice [q/g/o/c/r, Enter = q]: 
=== Run mode ===
  s = phase sequence (approach / set up / grind)
  h = hold at the start pose
Choice [s/h, Enter = s]: Selected: phase sequence. Nullspace mode from parameters: nullspace_damping_plus_sigma.

=== Setup ===
run: phase sequence | approach_orient: on | nullspace: nullspace_damping_plus_sigma
nullspace parameters: d_null=2.000 | k_sigma=1.000 Nm | alpha=0.0800 rad
hold: Kp=300.0 N/m | KR=40.0 Nm/rad | damping=auto translation+rotation (factor fitted online toward Dp=50.0 Ns/m)
manual_guidance_start: off | manual_damping=0.50
descend: clearance=20.0 mm | speed=0.100 m/s | max_distance=640 mm
alignment push: start=captured | end=+180 mm | speed=0.050 m/s | ramp_time~=4.0 s | timeout=12.0 s | moment_threshold=150.0 Nm
grind: sweep | axis=tangent2 | amplitude=30 mm | frequency=0.20 Hz
coupled stiffness: apply=on | saved=yes | pole=manual
gates: pause_before_set_up=on | pause_auto_damping=on | pause_before_grind=off | debug_period=0.20 s
alignment-target normal=[+0.087, -0.000, +0.996] | tilt a(x)=0.0 deg, b(y)=5.0 deg (from angles)
tool face: 40 x 120 mm | center offset EE=[+0.0, +0.0, +20.0] mm
Gripper already holding the tool (width 65.0 mm); keeping grasp.
Press e+Enter to stop the controller before the duration expires.
During hold: press g+Enter to hand-guide the tool, then p+Enter to recapture and resume hold.
experiment_duration <= 0: running indefinitely until e + Enter.

=== Start pose ===
q_start = [-2.7, 18.1, -5.1, -122.8, 17.5, 139.4, 26.8] deg
p_start = [565.1, -59.3, 151.1] mm

=== Run ===
phase: approach_orient
orient:     t=  0.0 s | axis_err= 11.5 deg | rot_err= 11.5 deg
approach Dp        auto=[ 134.15,   97.25,  122.27]  manual=[  20.00,   20.00,   20.00] Ns/m
approach DR        auto=[  12.73,   16.37,    4.08]  manual=[  12.00,   12.00,   12.00] Nms/rad
orient:     t=  0.2 s | axis_err=  4.6 deg | rot_err=  4.6 deg
orient:     t=  0.4 s | axis_err=  2.3 deg | rot_err=  2.3 deg

Orientation reached: axis_err=1.9 deg
phase: approach_descend
descend:    t=  0.0 s | distance=   0.1 mm | height= +97.7 mm (target 20.0) | force=  0.0 N
descend:    t=  0.2 s | distance=  20.1 mm | height= +85.7 mm (target 20.0) | force=  1.0 N
descend:    t=  0.4 s | distance=  40.1 mm | height= +69.1 mm (target 20.0) | force=  1.9 N
descend:    t=  0.6 s | distance=  60.2 mm | height= +51.9 mm (target 20.0) | force=  3.0 N
descend:    t=  0.8 s | distance=  80.3 mm | height= +34.5 mm (target 20.0) | force=  1.6 N

[GATE] Reached 20 mm above the plane. Press Enter to start the set-up press (e+Enter stops).
pause auto damping: fitted Dp factor=0.551, DR factor=1.959
pause Dp [xyz]     auto=[ 206.67,  155.21,  224.79]  manual=[ 200.00,  200.00,  200.00] Ns/m
pause DR [t1t2n]   auto=[  11.71,   17.30,    2.04]  manual=[  12.73,   16.37,    4.08] Nms/rad
[GATE] Continuing to the set-up press.
descend:    t=  1.5 s | distance=  97.0 mm | height= +19.6 mm (target 20.0) | force=  1.0 N

Clearance reached: distance=97.0 mm | height=19.6 mm | target=20.0 mm | force=1.0 N (not used for the switch)
offset_ee = [20.0, 60.0, 20.0] mm
p_EE_at_contact = [546.6, -64.0, 65.6] mm
contact_point = [560.3, -124.6, 24.1] mm
edge_offset_base = [13.7, -60.7, -41.5] mm
phase: set_up
set_up Dp [xyz]    auto=[ 237.19,  178.15,  108.07]  manual=[  10.00,   10.00,  175.00] Ns/m
set_up DR [t1t2n]  auto=[   1.41,    2.08,    0.78]  manual=[  10.01,   10.01,   10.00] Nms/rad
set_up:     t=  0.0 s | tip=  0.0 deg | F=  0.0 N | M=  0.0 Nm (limit 150.0) | edge= 19.6 mm
set_up:     t=  0.2 s | tip=  0.6 deg | F=  0.9 N | M=  0.5 Nm (limit 150.0) | edge= 13.7 mm
set_up:     t=  0.4 s | tip=  1.2 deg | F=  1.8 N | M=  0.7 Nm (limit 150.0) | edge=  7.5 mm
set_up:     t=  0.6 s | tip=  1.8 deg | F=  1.9 N | M=  0.5 Nm (limit 150.0) | edge=  5.0 mm
set_up:     t=  0.8 s | tip=  2.4 deg | F=  2.3 N | M=  0.9 Nm (limit 150.0) | edge= 11.0 mm
set_up:     t=  1.0 s | tip=  2.9 deg | F=  7.1 N | M=  3.7 Nm (limit 150.0) | edge= 18.1 mm
set_up:     t=  1.2 s | tip=  3.0 deg | F= 11.4 N | M=  6.5 Nm (limit 150.0) | edge= 18.4 mm
set_up:     t=  1.4 s | tip=  3.0 deg | F= 14.7 N | M=  8.4 Nm (limit 150.0) | edge= 19.2 mm
set_up:     t=  1.6 s | tip=  3.2 deg | F= 17.1 N | M=  9.9 Nm (limit 150.0) | edge= 20.5 mm
set_up:     t=  1.8 s | tip=  3.3 deg | F= 22.0 N | M= 12.6 Nm (limit 150.0) | edge= 20.9 mm
set_up:     t=  2.0 s | tip=  3.6 deg | F= 25.0 N | M= 14.6 Nm (limit 150.0) | edge= 21.4 mm
set_up:     t=  2.2 s | tip=  4.1 deg | F= 28.2 N | M= 16.4 Nm (limit 150.0) | edge= 22.0 mm
set_up:     t=  2.4 s | tip=  4.7 deg | F= 30.5 N | M= 17.6 Nm (limit 150.0) | edge= 22.7 mm
set_up:     t=  2.6 s | tip=  5.7 deg | F= 32.5 N | M= 18.6 Nm (limit 150.0) | edge= 24.0 mm
set_up:     t=  2.8 s | tip=  7.1 deg | F= 35.8 N | M= 20.3 Nm (limit 150.0) | edge= 25.4 mm
set_up:     t=  3.0 s | tip=  8.8 deg | F= 37.3 N | M= 21.0 Nm (limit 150.0) | edge= 27.2 mm
set_up:     t=  3.2 s | tip= 10.4 deg | F= 40.8 N | M= 22.9 Nm (limit 150.0) | edge= 28.6 mm
set_up:     t=  3.4 s | tip= 12.0 deg | F= 42.9 N | M= 24.4 Nm (limit 150.0) | edge= 30.5 mm
set_up:     t=  3.6 s | tip= 13.0 deg | F= 47.4 N | M= 26.8 Nm (limit 150.0) | edge= 31.6 mm
set_up:     t=  3.8 s | tip= 14.4 deg | F= 48.4 N | M= 27.1 Nm (limit 150.0) | edge= 33.5 mm
set_up:     t=  4.0 s | tip= 16.0 deg | F= 52.7 N | M= 29.8 Nm (limit 150.0) | edge= 35.0 mm
set_up:     t=  4.2 s | tip= 16.9 deg | F= 48.1 N | M= 27.6 Nm (limit 150.0) | edge= 36.1 mm
set_up:     t=  4.4 s | tip= 17.2 deg | F= 47.7 N | M= 27.2 Nm (limit 150.0) | edge= 36.4 mm
set_up:     t=  4.6 s | tip= 17.4 deg | F= 47.5 N | M= 27.1 Nm (limit 150.0) | edge= 36.5 mm
set_up:     t=  4.8 s | tip= 17.4 deg | F= 47.5 N | M= 27.0 Nm (limit 150.0) | edge= 36.6 mm
set_up:     t=  5.0 s | tip= 17.4 deg | F= 47.4 N | M= 26.9 Nm (limit 150.0) | edge= 36.6 mm
set_up:     t=  5.2 s | tip= 17.4 deg | F= 47.5 N | M= 26.9 Nm (limit 150.0) | edge= 36.6 mm
set_up:     t=  5.4 s | tip= 17.4 deg | F= 47.6 N | M= 26.9 Nm (limit 150.0) | edge= 36.6 mm
set_up:     t=  5.6 s | tip= 17.4 deg | F= 47.6 N | M= 26.9 Nm (limit 150.0) | edge= 36.6 mm
set_up:     t=  5.8 s | tip= 17.4 deg | F= 47.5 N | M= 26.9 Nm (limit 150.0) | edge= 36.6 mm
set_up:     t=  6.0 s | tip= 17.4 deg | F= 47.6 N | M= 26.9 Nm (limit 150.0) | edge= 36.6 mm
set_up:     t=  6.2 s | tip= 17.4 deg | F= 47.5 N | M= 26.9 Nm (limit 150.0) | edge= 36.6 mm
set_up:     t=  6.4 s | tip= 17.4 deg | F= 47.3 N | M= 26.9 Nm (limit 150.0) | edge= 36.6 mm
set_up:     t=  6.6 s | tip= 17.4 deg | F= 47.5 N | M= 26.9 Nm (limit 150.0) | edge= 36.6 mm
set_up:     t=  6.8 s | tip= 17.4 deg | F= 47.5 N | M= 26.9 Nm (limit 150.0) | edge= 36.6 mm
set_up:     t=  7.0 s | tip= 17.4 deg | F= 47.6 N | M= 26.9 Nm (limit 150.0) | edge= 36.6 mm
set_up:     t=  7.2 s | tip= 17.4 deg | F= 47.6 N | M= 27.0 Nm (limit 150.0) | edge= 36.6 mm
set_up:     t=  7.4 s | tip= 17.4 deg | F= 47.5 N | M= 26.9 Nm (limit 150.0) | edge= 36.6 mm
set_up:     t=  7.6 s | tip= 17.4 deg | F= 47.5 N | M= 26.9 Nm (limit 150.0) | edge= 36.6 mm
set_up:     t=  7.8 s | tip= 17.4 deg | F= 47.4 N | M= 26.9 Nm (limit 150.0) | edge= 36.7 mm
set_up:     t=  8.0 s | tip= 17.4 deg | F= 47.5 N | M= 26.9 Nm (limit 150.0) | edge= 36.7 mm
set_up:     t=  8.2 s | tip= 17.4 deg | F= 47.5 N | M= 26.9 Nm (limit 150.0) | edge= 36.7 mm
set_up:     t=  8.4 s | tip= 17.4 deg | F= 47.6 N | M= 26.9 Nm (limit 150.0) | edge= 36.7 mm
set_up:     t=  8.6 s | tip= 17.4 deg | F= 47.6 N | M= 26.9 Nm (limit 150.0) | edge= 36.7 mm
set_up:     t=  8.8 s | tip= 17.4 deg | F= 47.7 N | M= 27.0 Nm (limit 150.0) | edge= 36.7 mm
set_up:     t=  9.0 s | tip= 17.4 deg | F= 47.7 N | M= 27.0 Nm (limit 150.0) | edge= 36.7 mm
set_up:     t=  9.2 s | tip= 17.4 deg | F= 47.6 N | M= 27.0 Nm (limit 150.0) | edge= 36.7 mm
set_up:     t=  9.4 s | tip= 17.4 deg | F= 47.6 N | M= 27.0 Nm (limit 150.0) | edge= 36.7 mm
set_up:     t=  9.6 s | tip= 17.5 deg | F= 47.5 N | M= 26.9 Nm (limit 150.0) | edge= 36.7 mm
set_up:     t=  9.8 s | tip= 17.5 deg | F= 47.4 N | M= 26.9 Nm (limit 150.0) | edge= 36.7 mm
set_up:     t= 10.0 s | tip= 17.5 deg | F= 47.4 N | M= 26.9 Nm (limit 150.0) | edge= 36.7 mm
set_up:     t= 10.2 s | tip= 17.5 deg | F= 47.4 N | M= 26.9 Nm (limit 150.0) | edge= 36.7 mm
set_up:     t= 10.4 s | tip= 17.5 deg | F= 47.5 N | M= 26.8 Nm (limit 150.0) | edge= 36.7 mm
set_up:     t= 10.6 s | tip= 17.5 deg | F= 47.5 N | M= 26.9 Nm (limit 150.0) | edge= 36.7 mm
set_up:     t= 10.8 s | tip= 17.5 deg | F= 47.6 N | M= 26.9 Nm (limit 150.0) | edge= 36.7 mm
set_up:     t= 11.0 s | tip= 17.5 deg | F= 47.6 N | M= 26.9 Nm (limit 150.0) | edge= 36.7 mm
set_up:     t= 11.2 s | tip= 17.5 deg | F= 47.7 N | M= 27.0 Nm (limit 150.0) | edge= 36.7 mm
set_up:     t= 11.4 s | tip= 17.5 deg | F= 47.9 N | M= 27.1 Nm (limit 150.0) | edge= 36.7 mm
set_up:     t= 11.6 s | tip= 17.5 deg | F= 47.7 N | M= 27.0 Nm (limit 150.0) | edge= 36.7 mm
set_up:     t= 11.8 s | tip= 17.5 deg | F= 47.5 N | M= 26.9 Nm (limit 150.0) | edge= 36.7 mm

=== Set-up result ===
stop: time | t=12.0 s | tip=17.5 deg | F=47.7 N | M=27.0 Nm
edge_from_contact = [-29.0, +2.4, -22.4] mm | norm=36.7 mm
tcp_from_contact  = [-36.4, +62.1, +5.6] mm | norm=72.2 mm
alignment: before=0.51 deg | after=17.77 deg | gain=-17.27 deg

=== Set-up surface-frame breakdown ===
frame: alignment-target [tangent1, tangent2, normal]
force        [N]      = [    -5.01,     +1.24,    -47.38]
tcp_disp     [mm]     = [   -19.51,     +1.43,    -37.73]
edge_disp    [mm]     = [   -26.90,     +2.41,    -24.84]
Kp_eff=F/tcp [N/m]    = [    256.8,     869.4,    1255.6]
moment@edge  [Nm]     = [    +3.06,    +25.70,     +0.42]
tip_angle    [deg]    = [    -2.41,    -17.30,     +0.11]
KR_eff=M/ang [Nm/rad] = [    -72.9,     -85.1,     214.5]

finite_axis: angle=17.5 deg | axis_from_edge=[-86.5, +13.5, +83.2] mm | dir=[+0.137, +0.990, -0.018] | pitch=-3.8 mm/rad

=== Coupled stiffness from the measured pole ===
source spring K_pole/D_pole (diagonal, from parameters):
  Kp [N/m]     = [2000, 2000, 350]
  KR [Nm/rad]  = [5, 5, 50]
  Dp [Ns/m]    = [10, 10, 175]
  DR [Nms/rad] = [10.01, 10.01, 10]

poles compared (lever r_c = TCP - pole):
  (A) measured axis : angle=17.5 deg | pitch=-3.8 mm/rad
      pole_from_edge = [-57.7, 9.9, 105.7] mm
      r_c            = [50.2, 49.7, -77.7] mm
  (B) manual pole   : COMMANDED this run, contact reference
      pole_from_edge = [115.6, -2.4, 95.1] mm
      r_c            = [-100.4, 60.7, -31.3] mm
      r_c(B)-r_c(A)  = [-150.6, 10.9, 46.4] mm

K_TCP = Ad^T K_pole Ad  [rows fx..mz | cols tx..rz]:
  (A) measured axis:
           tx        ty        tz    |    rx        ry        rz
  fx [    2000        0        0 |        0    155.4    99.48 ]
  fy [       0     2000        0 |   -155.4        0   -100.4 ]
  fz [       0        0      350 |   -17.41    17.57        0 ]
     ---------------------------+---------------------------
  mx [       0   -155.4   -17.41 |    18.28  -0.8739    11.71 ]
  my [   155.4        0    17.57 |  -0.8739    17.95    7.728 ]
  mz [   99.48   -100.4        0 |    11.71    7.728    59.65 ]
  (A) K_TCP eigenvalues = [4.945, 4.973, 49.71, 351.8, 2012, 2022] -> PSD ok (>=0) (min=4.945)
  (B) manual pole:
           tx        ty        tz    |    rx        ry        rz
  fx [    2000        0        0 |        0    62.51    121.3 ]
  fy [       0     2000        0 |   -62.51        0    200.8 ]
  fz [       0        0      350 |   -21.23   -35.14        0 ]
     ---------------------------+---------------------------
  mx [       0   -62.51   -21.23 |    8.583    2.131   -2.368 ]
  my [   62.51        0   -35.14 |    2.131    10.48    3.791 ]
  mz [   121.3    200.8        0 |   -2.368    3.791    77.17 ]
  (B) K_TCP eigenvalues = [4.926, 4.992, 49.34, 354.9, 2002, 2030] -> PSD ok (>=0) (min=4.926)

D_TCP = Ad^T D_pole Ad:
  (A) measured axis:
           tx        ty        tz    |    rx        ry        rz
  fx [   237.2        0        0 |        0    18.43     11.8 ]
  fy [       0    178.1        0 |   -13.84        0   -8.942 ]
  fz [       0        0    108.1 |   -5.375    5.424        0 ]
     ---------------------------+---------------------------
  mx [       0   -13.84   -5.375 |    2.746  -0.2698   0.6396 ]
  my [   18.43        0    5.424 |  -0.2698     3.78   0.9165 ]
  mz [    11.8   -8.942        0 |   0.6396   0.9165    1.816 ]
  (A) D_TCP eigenvalues = [0.771, 1.398, 2.059, 108.6, 179.7, 239.2] -> PSD ok (>=0) (min=0.771)
  (B) manual pole:
           tx        ty        tz    |    rx        ry        rz
  fx [   237.2        0        0 |        0    7.413    14.39 ]
  fy [       0    178.1        0 |   -5.568        0    17.88 ]
  fz [       0        0    108.1 |   -6.555   -10.85        0 ]
     ---------------------------+---------------------------
  mx [       0   -5.568   -6.555 |    1.976    0.658  -0.6139 ]
  my [   7.413        0   -10.85 |    0.658    3.397   0.4496 ]
  mz [   14.39    17.88        0 |  -0.6139   0.4496    3.448 ]
  (B) D_TCP eigenvalues = [0.7653, 1.401, 2.054, 109.6, 180.1, 238.3] -> PSD ok (>=0) (min=0.7653)
phase: grind

Stop requested with e + Enter. Finishing control loop...

Joint motion [deg]:
joint    start   final   delta
------------------------------
q1       -2.7    -2.4     0.4
q2       18.1    36.6    18.5
q3       -5.1    -1.8     3.3
q4     -122.8  -111.9    11.0
q5       17.5     0.3   -17.2
q6      139.4   128.4   -11.0
q7       26.8    43.7    16.9

=== Final result ===
p_d = [529.2, -35.8, -133.2] mm
p_EE = [534.9, -41.1, 25.6] mm
e_p = [-5.7, 5.3, -158.8] mm
position_error = 159.03 mm
e_R = [-0.03, -14.80, 0.40] deg
rotation_error = 14.81 deg
csv: surface_grinding_controller_log.csv
