
====================================================================
  SURFACE GRINDING CONTROLLER
====================================================================
  robot              172.16.0.2
--------------------------------------------------------------------

Press Enter to recover and configure the robot.
  Robot recovered or already ready.

====================================================================
  STARTUP MODE
====================================================================
  run     s   run the phase sequence from q_init
          h   hold the q_init pose
          t   hold with the set-up impedance, to test those gains
          g   hand-guide the start pose, then choose
--------------------------------------------------------------------
  set up  q   go to q_init and inspect
          o   open the hand now
          c   grasp the tool now
          r   recalibrate the hand width, fingers empty
          f   fetch the tool from the holder
          b   put the tool back
--------------------------------------------------------------------
  quit    e   stop and quit
--------------------------------------------------------------------
  in a run    e stop | m menu | g hand-guide | s sequence | t hold
--------------------------------------------------------------------
Choice [s/h/t/g/q/o/c/r/f/b/e]: 
-- selected: phase sequence ----------------------------------------

-- moving to q_init ------------------------------------------------
  case               horizontal_table_search
  q1..q7 [deg]     = [0.8, 12.1, -0.5, -130.9, -0.2, 142.9, 44.7] deg
  horizontal_table_search = [0.014777, 0.210911, -0.009320, -2.284835, -0.002725, 2.493410, 0.780694] rad
  q_init reached.

-- start pose ------------------------------------------------------
  q_start          = [0.8, 12.1, -0.5, -130.9, -0.2, 142.9, 44.7] deg
  p_start          = [    531.1,       2.3,     156.7] mm

====================================================================
  RUN
====================================================================

-- phase: approach_orient ------------------------------------------
  Kp [t1,t2,n]     = [    150.0,     150.0,     150.0] N/m
  Dp [t1,t2,n]     = [    126.5,     103.6,     128.3] Ns/m     auto (factor 1.90)
  KR [t1,t2,n]     = [     90.0,      90.0,      90.0] Nm/rad
  DR [t1,t2,n]     = [     13.5,      15.8,       2.0] Nms/rad  auto (factor 1.90)
orient:     t=  0.0 s | axis_err= 11.0 deg | spin_err=  0.6 deg
orient:     t=  0.2 s | axis_err= 10.4 deg | spin_err=  0.6 deg
orient:     t=  0.4 s | axis_err=  8.0 deg | spin_err=  0.4 deg
orient:     t=  0.6 s | axis_err=  4.7 deg | spin_err=  0.0 deg
orient:     t=  0.8 s | axis_err=  3.0 deg | spin_err=  0.0 deg
orient:     t=  1.0 s | axis_err=  2.5 deg | spin_err=  0.0 deg
orient:     t=  1.2 s | axis_err=  2.2 deg | spin_err=  0.0 deg
orient:     t=  1.4 s | axis_err=  2.1 deg | spin_err=  0.1 deg
orient:     t=  1.6 s | axis_err=  2.0 deg | spin_err=  0.1 deg
orient:     t=  1.8 s | axis_err=  2.0 deg | spin_err=  0.1 deg

Orientation reached: axis_err=2.0 deg | spin_err=0.1 deg

-- phase: approach_descend -----------------------------------------
  Kp [t1,t2,n]     = [    150.0,     150.0,     150.0] N/m
  Dp [t1,t2,n]     = [    126.5,     103.6,     128.3] Ns/m     auto (factor 1.90)
  KR [t1,t2,n]     = [     90.0,      90.0,      90.0] Nm/rad
  DR [t1,t2,n]     = [     13.5,      15.8,       2.0] Nms/rad  auto (factor 1.90)
  descend to         20 mm clearance at 0.100 m/s
descend:    t=  0.0 s | distance=   0.1 mm | height=+119.9 mm (target 20.0) | force=  0.0 N
descend:    t=  0.2 s | distance=  20.2 mm | height=+109.1 mm (target 20.0) | force=  1.8 N
descend:    t=  0.4 s | distance=  40.3 mm | height= +94.2 mm (target 20.0) | force=  2.7 N
descend:    t=  0.6 s | distance=  60.4 mm | height= +77.9 mm (target 20.0) | force=  1.8 N
descend:    t=  0.8 s | distance=  80.5 mm | height= +61.3 mm (target 20.0) | force=  2.2 N
descend:    t=  1.0 s | distance= 100.6 mm | height= +44.3 mm (target 20.0) | force=  1.8 N
descend:    t=  1.2 s | distance= 120.7 mm | height= +27.3 mm (target 20.0) | force=  3.6 N

[GATE] Reached 20 mm above the plane. Press Enter to start the set-up press (e+Enter stops).

-- gate hold -------------------------------------------------------
  Kp [x,y,z]       = [   5000.0,    5000.0,    5000.0] N/m
  Dp [x,y,z]       = [    207.5,     155.1,     236.1] Ns/m     auto
  KR [t1,t2,n]     = [     90.0,      90.0,      90.0] Nm/rad
  DR [t1,t2,n]     = [     11.3,      14.3,       2.5] Nms/rad  auto
[GATE] Continuing to the set-up press.

Clearance reached: distance=129.3 mm | height=19.9 mm | target=20.0 mm | force=3.3 N (not used for the switch)
  offset_ee        = [     20.0,     -60.0,      20.0] mm
  p_EE_at_contact  = [    500.9,      -4.2,      45.6] mm
  contact_point    = [    516.6,      53.7,      -1.4] mm
  edge_offset      = [     15.7,      57.8,     -46.9] mm

-- phase: set_up ---------------------------------------------------

-- set-up impedance ------------------------------------------------
  law                wrench = K_TCP*dx + D_TCP*dv
                     K_TCP  = Ad(r_c)^T * blkdiag(Kp,KR) * Ad(r_c)
  Kp [t1,t2,n]     = [   2000.0,    2000.0,     800.0] N/m
  Dp [t1,t2,n]     = [    225.2,     188.7,     167.7] Ns/m     auto
  KR [t1,t2,n]     = [      5.0,       5.0,      50.0] Nm/rad
  DR [t1,t2,n]     = [      1.6,       2.0,       1.1] Nms/rad  auto
  p_c [EE]         = [    -80.4,      37.8,      14.2] mm       the pole on the tool, from p_EE
  r_c [t1,t2,n]    = [    -90.0,       0.0,       0.0] mm       commanded: p_TCP - p_c, in the plane
set_up:     t=  0.0 s | tip=  0.0 deg | F=  0.1 N | M=  0.0 Nm (limit 150.0) | edge= 19.8 mm
set_up:     t=  0.2 s | tip=  0.6 deg | F=  0.3 N | M=  1.0 Nm (limit 150.0) | edge= 10.4 mm
set_up:     t=  0.4 s | tip=  0.5 deg | F=  1.1 N | M=  1.2 Nm (limit 150.0) | edge=  3.4 mm
set_up:     t=  0.6 s | tip=  0.3 deg | F= 11.2 N | M=  5.5 Nm (limit 150.0) | edge=  1.6 mm
set_up:     t=  0.8 s | tip=  0.3 deg | F= 18.9 N | M=  9.1 Nm (limit 150.0) | edge=  0.8 mm
set_up:     t=  1.0 s | tip=  1.3 deg | F= 27.1 N | M= 13.2 Nm (limit 150.0) | edge=  0.7 mm
set_up:     t=  1.2 s | tip=  3.1 deg | F= 31.6 N | M= 15.5 Nm (limit 150.0) | edge=  1.3 mm
set_up:     t=  1.4 s | tip=  5.8 deg | F= 34.6 N | M= 16.9 Nm (limit 150.0) | edge=  2.1 mm
set_up:     t=  1.6 s | tip=  8.8 deg | F= 38.7 N | M= 18.4 Nm (limit 150.0) | edge=  3.1 mm
set_up:     t=  1.8 s | tip= 10.0 deg | F= 32.8 N | M= 15.4 Nm (limit 150.0) | edge=  3.6 mm
set_up:     t=  2.0 s | tip= 10.0 deg | F= 33.0 N | M= 15.7 Nm (limit 150.0) | edge=  3.6 mm
set_up:     t=  2.2 s | tip= 10.0 deg | F= 32.9 N | M= 15.7 Nm (limit 150.0) | edge=  3.6 mm
set_up:     t=  2.4 s | tip= 10.0 deg | F= 32.9 N | M= 15.7 Nm (limit 150.0) | edge=  3.6 mm
set_up:     t=  2.6 s | tip= 10.0 deg | F= 32.7 N | M= 15.6 Nm (limit 150.0) | edge=  3.6 mm
set_up:     t=  2.8 s | tip= 10.0 deg | F= 32.7 N | M= 15.6 Nm (limit 150.0) | edge=  3.6 mm
set_up:     t=  3.0 s | tip= 10.0 deg | F= 32.7 N | M= 15.6 Nm (limit 150.0) | edge=  3.6 mm
set_up:     t=  3.2 s | tip= 10.0 deg | F= 32.6 N | M= 15.6 Nm (limit 150.0) | edge=  3.6 mm
set_up:     t=  3.4 s | tip= 10.0 deg | F= 32.6 N | M= 15.6 Nm (limit 150.0) | edge=  3.6 mm
set_up:     t=  3.6 s | tip= 10.0 deg | F= 32.6 N | M= 15.6 Nm (limit 150.0) | edge=  3.6 mm
set_up:     t=  3.8 s | tip= 10.0 deg | F= 32.5 N | M= 15.5 Nm (limit 150.0) | edge=  3.6 mm
set_up:     t=  4.0 s | tip= 10.0 deg | F= 32.5 N | M= 15.5 Nm (limit 150.0) | edge=  3.6 mm
set_up:     t=  4.2 s | tip= 10.0 deg | F= 32.5 N | M= 15.5 Nm (limit 150.0) | edge=  3.6 mm
set_up:     t=  4.4 s | tip= 10.0 deg | F= 32.5 N | M= 15.5 Nm (limit 150.0) | edge=  3.6 mm
set_up:     t=  4.6 s | tip= 10.0 deg | F= 32.5 N | M= 15.5 Nm (limit 150.0) | edge=  3.6 mm
set_up:     t=  4.8 s | tip= 10.0 deg | F= 32.4 N | M= 15.5 Nm (limit 150.0) | edge=  3.6 mm

====================================================================
  SET-UP RESULT
====================================================================
  stop: time | t=5.0 s | tip=10.0 deg | F=32.4 N | M=15.5 Nm
  edge_from_contact = [+3.3, +0.7, +1.3] mm | norm=3.6 mm
  tcp_from_contact  = [-16.6, -58.6, +23.5] mm | norm=65.3 mm
  alignment: before=9.61 deg | after=0.67 deg | gain=+8.94 deg
  alignment components [t1,t2,n] deg: before=[+1.95,+9.41,+0.00] | after=[-0.60,-0.28,+0.00]

-- set-up surface-frame breakdown ----------------------------------
  frame              alignment-target [tangent1, tangent2, normal]
  force        [N]      = [    -2.23,     -1.03,    -32.30]
  tcp_disp     [mm]     = [    +0.52,     -0.13,    -23.49]
  edge_disp    [mm]     = [    -3.23,     +0.80,     +1.42]
  Kp_eff=F/tcp [N/m]    = [  -4275.4,    8174.4,    1374.7]
  moment@edge  [Nm]     = [    -8.50,    -12.41,     +0.49]
  tip_angle    [deg]    = [    -2.54,     -9.69,     -0.11]
  KR_eff=M/ang [Nm/rad] = [    191.7,      73.4,    -258.5]

-- centre of compliance --------------------------------------------
  definition         r_c = p_TCP - p_c
  p_TCP [x,y,z]    = [    500.9,      -4.2,      45.6] mm
  p_c [EE]         = [    -80.4,      37.8,      14.2] mm
  r_c [t1,t2,n]    = [    -90.0,       0.0,       0.0] mm
                     p_c resolved at first contact

-- what the TCP feels ----------------------------------------------
  K_TCP translation = [   1999.6,    1999.1,     801.3] N/m
  K_TCP rotation   = [      6.2,      10.4,      66.1] Nm/rad
  commanded KR was = [      5.0,       5.0,      50.0] Nm/rad   the rest is the lever
  D_TCP translation = [    218.7,     195.2,     167.7] Ns/m
  D_TCP rotation   = [      1.9,       3.0,       2.6] Nms/rad
  coupling           max |moment per unit translation| = 163.0 Nm/m (K), 15.4 Nms/m (D)
  eigenvalues        K_TCP 4.96 .. 2017 | D_TCP 1.09 .. 225  (both positive: valid springs)

  K_TCP [N/m, Nm/rad | rows fx..mz, cols tx..rz]:
           tx        ty        tz    |    rx        ry        rz
  fx [    2000  -0.5725   -20.68 |   0.7885    3.233    76.15 ]
  fy [ -0.5725     1999   -33.18 |   -3.655   -2.706     -163 ]
  fz [  -20.68   -33.18    801.3 |   -30.41    65.27    1.918 ]
     ---------------------------+---------------------------
  mx [  0.7885   -3.655   -30.41 |     6.18   -2.456    1.104 ]
  my [   3.233   -2.706    65.27 |   -2.456    10.36    1.588 ]
  mz [   76.15     -163    1.918 |    1.104    1.588    66.14 ]

  D_TCP [Ns/m, Nms/rad]:
           tx        ty        tz    |    rx        ry        rz
  fx [   218.7    13.99   -1.267 |  0.01381   0.4346    7.182 ]
  fy [   13.99    195.2   -1.004 |   -0.442  -0.0474   -15.38 ]
  fz [  -1.267   -1.004    167.7 |   -6.381    13.67  0.03359 ]
     ---------------------------+---------------------------
  mx [ 0.01381   -0.442   -6.381 |    1.875  -0.6796  0.03176 ]
  my [  0.4346  -0.0474    13.67 |  -0.6796    3.013 0.001019 ]
  mz [   7.182   -15.38  0.03359 |  0.03176 0.001019    2.625 ]

[GATE] Set up finished (holding the pressed pose). Press Enter to start the grind (e+Enter stops).

Stop requested with e + Enter. Finishing control loop...

-- joint motion [deg] ----------------------------------------------
  joint       start    final    delta
  q1            0.8      0.1     -0.8
  q2           12.1     27.6    +15.5
  q3           -0.5     -0.7     -0.2
  q4         -130.9   -135.0     -4.1
  q5           -0.2     -5.5     -5.3
  q6          142.9    162.5    +19.6
  q7           44.7     49.6     +4.9

====================================================================
  FINAL RESULT
====================================================================
  p_d              = [    499.5,      -6.4,     -34.3] mm
  p_EE             = [    500.0,      -5.0,      22.1] mm
  e_p              = [     -0.4,      -1.5,     -56.4] mm
  e_R              = [    -1.80,      9.85,     -0.35] deg
--------------------------------------------------------------------
  position error     56.38 mm
  rotation error     10.02 deg
  csv                logs/surface_grinding_controller_log.csv
--------------------------------------------------------------------
