
Press Enter to recover and configure the robot.
Robot recovered or already ready.
keys: e stop | m menu | g hand-guide

=== Startup mode ===
  s = run the phase sequence from q_init
  h = hold the q_init pose
  t = hold with the set-up impedance
  g = hand-guide the start pose
  q = go to q_init and inspect
  o = open the hand now
  c = grasp the tool now
  r = recalibrate hand width, fingers empty
  f = fetch the tool from the holder
  b = put the tool back
  e = stop and quit
While a run is going: e+Enter stops, m+Enter comes back here.
Choice [s/h/t/g/q/o/c/r/f/b/e]: 
=== Phase sequence mode ===
Moving to q_init (horizontal_table_search)
  q1..q7 [deg] = [0.8, 12.1, -0.5, -130.9, -0.2, 142.9, 44.7] deg
  horizontal_table_search = [0.014777, 0.210911, -0.009320, -2.284835, -0.002725, 2.493410, 0.780694] rad
q_init reached.

=== Start pose ===
q_start = [0.9, 12.1, -0.5, -130.9, -0.1, 142.9, 44.7] deg
p_start = [531.3, 2.6, 156.9] mm

=== Run ===
phase: approach_orient
  Kp=[150, 150, 150] N/m  KR=[90, 90, 90] Nm/rad  [t1,t2,n]
  Dp=[126.5, 103.6, 128.3] Ns/m  DR=[13.46, 15.79, 2.02] Nms/rad  auto (factor 1.90)
orient:     t=  0.0 s | axis_err=  1.5 deg | spin_err= 24.3 deg
orient:     t=  0.2 s | axis_err=  1.4 deg | spin_err= 21.0 deg
orient:     t=  0.4 s | axis_err=  1.4 deg | spin_err= 17.1 deg
orient:     t=  0.6 s | axis_err=  1.4 deg | spin_err= 13.1 deg
orient:     t=  0.8 s | axis_err=  1.3 deg | spin_err=  9.1 deg
orient:     t=  1.0 s | axis_err=  1.3 deg | spin_err=  5.1 deg
orient:     t=  1.2 s | axis_err=  1.3 deg | spin_err=  1.1 deg

Orientation reached: axis_err=1.3 deg | spin_err=0.5 deg
phase: approach_descend
  Kp=[150, 150, 150] N/m  KR=[90, 90, 90] Nm/rad  [t1,t2,n]
  Dp=[126.5, 103.6, 128.3] Ns/m  DR=[13.46, 15.79, 2.02] Nms/rad  auto (factor 1.90)
  descend to 20 mm clearance at 0.100 m/s
descend:    t=  0.0 s | distance=   0.1 mm | height=+133.0 mm (target 20.0) | force=  0.1 N
descend:    t=  0.2 s | distance=  20.2 mm | height=+120.8 mm (target 20.0) | force=  1.3 N
descend:    t=  0.4 s | distance=  40.3 mm | height=+103.7 mm (target 20.0) | force=  1.3 N
descend:    t=  0.6 s | distance=  60.4 mm | height= +85.7 mm (target 20.0) | force=  0.6 N
descend:    t=  0.8 s | distance=  80.5 mm | height= +67.4 mm (target 20.0) | force=  2.1 N
descend:    t=  1.0 s | distance= 100.6 mm | height= +48.9 mm (target 20.0) | force=  2.3 N
descend:    t=  1.2 s | distance= 120.7 mm | height= +30.5 mm (target 20.0) | force=  2.4 N

[GATE] Reached 20 mm above the plane. Press Enter to start the set-up press (e+Enter stops).
  gate hold: Kp=[5000, 5000, 5000] N/m [x,y,z]  KR=[90, 90, 90] Nm/rad [t1,t2,n]
             Dp=[206.0, 152.0, 243.7] Ns/m  DR=[12.40, 13.07, 1.86] Nms/rad  auto
[GATE] Continuing to the set-up press.
descend:    t=  3.3 s | distance= 132.3 mm | height= +19.4 mm (target 20.0) | force= -0.1 N

Clearance reached: distance=132.3 mm | height=19.4 mm | target=20.0 mm | force=-0.1 N (not used for the switch)
offset_ee = [-20.0, 60.0, 20.0] mm
p_EE_at_contact = [522.1, 0.2, 40.7] mm
contact_point = [528.5, -63.4, 1.7] mm
edge_offset_base = [6.5, -63.5, -39.0] mm
phase: set_up

--- set-up impedance ---
  f = Kp*e_p + Dp*de,   m = KR*e_R + DR*dw   (decoupled)
  Kp [t1,t2,n]  = [  2000.0,   2000.0,    800.0] N/m
  Dp [t1,t2,n]  = [   218.0,    186.1,    171.2] Ns/m   auto
  KR [t1,t2,n]  = [     5.0,      5.0,     50.0] Nm/rad
  DR [t1,t2,n]  = [     1.7,      1.7,      0.8] Nms/rad   auto
set_up:     t=  0.0 s | tip=  0.0 deg | F=  0.0 N | M=  0.0 Nm (limit 150.0) | edge= 19.4 mm
set_up:     t=  0.2 s | tip=  0.5 deg | F=  1.7 N | M=  0.8 Nm (limit 150.0) | edge= 12.7 mm
set_up:     t=  0.4 s | tip=  1.2 deg | F=  2.7 N | M=  1.1 Nm (limit 150.0) | edge=  4.0 mm
set_up:     t=  0.6 s | tip=  1.2 deg | F= 15.7 N | M=  8.5 Nm (limit 150.0) | edge=  1.8 mm
set_up:     t=  0.8 s | tip=  1.2 deg | F= 23.9 N | M= 13.0 Nm (limit 150.0) | edge=  1.7 mm
set_up:     t=  1.0 s | tip=  1.2 deg | F= 32.0 N | M= 17.3 Nm (limit 150.0) | edge=  1.7 mm
set_up:     t=  1.2 s | tip=  1.2 deg | F= 39.8 N | M= 21.5 Nm (limit 150.0) | edge=  1.8 mm
set_up:     t=  1.4 s | tip=  1.2 deg | F= 47.7 N | M= 25.7 Nm (limit 150.0) | edge=  1.8 mm
set_up:     t=  1.6 s | tip=  1.2 deg | F= 55.7 N | M= 29.9 Nm (limit 150.0) | edge=  1.9 mm
set_up:     t=  1.8 s | tip=  1.2 deg | F= 50.3 N | M= 27.0 Nm (limit 150.0) | edge=  1.9 mm
set_up:     t=  2.0 s | tip=  1.2 deg | F= 50.2 N | M= 27.0 Nm (limit 150.0) | edge=  1.9 mm
set_up:     t=  2.2 s | tip=  1.2 deg | F= 50.1 N | M= 26.9 Nm (limit 150.0) | edge=  1.9 mm
set_up:     t=  2.4 s | tip=  1.2 deg | F= 50.1 N | M= 26.9 Nm (limit 150.0) | edge=  1.9 mm
set_up:     t=  2.6 s | tip=  1.2 deg | F= 50.0 N | M= 26.8 Nm (limit 150.0) | edge=  1.9 mm
set_up:     t=  2.8 s | tip=  1.2 deg | F= 49.9 N | M= 26.8 Nm (limit 150.0) | edge=  1.9 mm
set_up:     t=  3.0 s | tip=  1.2 deg | F= 49.8 N | M= 26.8 Nm (limit 150.0) | edge=  1.9 mm
set_up:     t=  3.2 s | tip=  1.2 deg | F= 49.8 N | M= 26.8 Nm (limit 150.0) | edge=  1.9 mm
set_up:     t=  3.4 s | tip=  1.2 deg | F= 49.8 N | M= 26.8 Nm (limit 150.0) | edge=  1.9 mm
set_up:     t=  3.6 s | tip=  1.2 deg | F= 49.8 N | M= 26.8 Nm (limit 150.0) | edge=  1.9 mm
set_up:     t=  3.8 s | tip=  1.2 deg | F= 49.8 N | M= 26.7 Nm (limit 150.0) | edge=  1.9 mm
set_up:     t=  4.0 s | tip=  1.2 deg | F= 49.7 N | M= 26.7 Nm (limit 150.0) | edge=  1.9 mm
set_up:     t=  4.2 s | tip=  1.2 deg | F= 49.7 N | M= 26.7 Nm (limit 150.0) | edge=  1.9 mm
set_up:     t=  4.4 s | tip=  1.2 deg | F= 49.7 N | M= 26.7 Nm (limit 150.0) | edge=  1.9 mm
set_up:     t=  4.6 s | tip=  1.2 deg | F= 49.7 N | M= 26.7 Nm (limit 150.0) | edge=  1.9 mm
set_up:     t=  4.8 s | tip=  1.2 deg | F= 49.7 N | M= 26.7 Nm (limit 150.0) | edge=  1.9 mm

=== Set-up result ===
stop: time | t=5.0 s | tip=1.2 deg | F=49.7 N | M=26.7 Nm
edge_from_contact = [-1.9, +0.1, -0.3] mm | norm=1.9 mm
tcp_from_contact  = [-8.2, +63.1, +19.5] mm | norm=66.6 mm
alignment: before=1.04 deg | after=1.72 deg | gain=-0.67 deg
alignment components [t1,t2,n] deg: before=[+1.01,-0.25,+0.00] | after=[+1.48,+0.87,+0.00]

=== Set-up surface-frame breakdown ===
frame: alignment-target [tangent1, tangent2, normal]
force        [N]      = [    -4.14,     +3.26,    -49.39]
tcp_disp     [mm]     = [    +1.16,     -0.73,    -19.57]
edge_disp    [mm]     = [    +1.62,     -0.92,     -0.30]
Kp_eff=F/tcp [N/m]    = [  -3567.0,   -4472.1,    2523.2]
moment@edge  [Nm]     = [   -10.51,    -24.18,     -0.90]
tip_angle    [deg]    = [    +0.47,     +1.12,     +0.04]
KR_eff=M/ang [Nm/rad] = [  -1283.8,   -1239.0,   -1275.4]

[GATE] Set up finished (holding the pressed pose). Press Enter to start the grind (e+Enter stops).
[GATE] Continuing to grind.
phase: grind
  free-slide press hold. Impedance as set up.

Stop requested with e + Enter. Finishing control loop...

Joint motion [deg]:
joint    start   final   delta
------------------------------
q1        0.9     0.9     0.1
q2       12.1    29.9    17.8
q3       -0.5    -0.8    -0.3
q4     -130.9  -129.7     1.2
q5       -0.1    -0.1     0.0
q6      142.9   157.5    14.7
q7       44.7    20.5   -24.2

=== Final result ===
p_d = [518.7, -1.9, -38.6] mm
p_EE = [520.3, -0.2, 21.1] mm
e_p = [-1.5, -1.7, -59.7] mm
position_error = 59.71 mm
e_R = [0.06, -1.21, 0.07] deg
rotation_error = 1.21 deg
csv: logs/surface_grinding_controller_log.csv
