
Press Enter to recover and configure the robot.
Robot recovered or already ready.
keys: e stop | m menu | g hand-guide

=== Startup mode ===
  s = run the phase sequence from q_init
  h = hold the q_init pose
  t = hold with the set-up impedance
  g = hand-guide the start pose
  q = go to q_init and inspect
  o = open the hand now
  c = grasp the tool now
  r = recalibrate hand width, fingers empty
  f = fetch the tool from the holder
  b = put the tool back
  e = stop and quit
While a run is going: e+Enter stops, m+Enter comes back here.
Choice [s/h/t/g/q/o/c/r/f/b/e]: 
=== Phase sequence mode ===
Moving to q_init (horizontal_table_search)
  q1..q7 [deg] = [0.8, 12.1, -0.5, -130.9, -0.2, 142.9, 44.7] deg
  horizontal_table_search = [0.014777, 0.210911, -0.009320, -2.284835, -0.002725, 2.493410, 0.780694] rad
q_init reached.

=== Start pose ===
q_start = [0.9, 12.1, -0.5, -130.9, -0.2, 142.9, 44.7] deg
p_start = [531.3, 2.5, 156.9] mm

=== Run ===
phase: approach_orient
  Kp=[150, 150, 150] N/m  KR=[90, 90, 90] Nm/rad  [t1,t2,n]
  Dp=[126.5, 103.6, 128.3] Ns/m  DR=[13.45, 15.80, 2.01] Nms/rad  auto (factor 1.90)
orient:     t=  0.0 s | axis_err= 11.0 deg | spin_err= 24.2 deg
orient:     t=  0.2 s | axis_err= 10.9 deg | spin_err= 21.2 deg
orient:     t=  0.4 s | axis_err= 10.1 deg | spin_err= 17.4 deg
orient:     t=  0.6 s | axis_err=  8.7 deg | spin_err= 14.0 deg
orient:     t=  0.8 s | axis_err=  7.0 deg | spin_err= 10.4 deg
orient:     t=  1.0 s | axis_err=  5.4 deg | spin_err=  6.7 deg
orient:     t=  1.2 s | axis_err=  3.8 deg | spin_err=  3.1 deg
orient:     t=  1.4 s | axis_err=  2.5 deg | spin_err=  0.0 deg
orient:     t=  1.6 s | axis_err=  2.2 deg | spin_err=  0.1 deg
orient:     t=  1.8 s | axis_err=  2.2 deg | spin_err=  0.1 deg
orient:     t=  2.0 s | axis_err=  2.2 deg | spin_err=  0.1 deg
orient:     t=  2.2 s | axis_err=  2.2 deg | spin_err=  0.1 deg
orient:     t=  2.4 s | axis_err=  2.2 deg | spin_err=  0.1 deg
orient:     t=  2.6 s | axis_err=  2.2 deg | spin_err=  0.1 deg
orient:     t=  2.8 s | axis_err=  2.2 deg | spin_err=  0.1 deg
orient:     t=  3.0 s | axis_err=  2.2 deg | spin_err=  0.2 deg
orient:     t=  3.2 s | axis_err=  2.2 deg | spin_err=  0.2 deg
orient:     t=  3.4 s | axis_err=  2.2 deg | spin_err=  0.2 deg
orient:     t=  3.6 s | axis_err=  2.2 deg | spin_err=  0.2 deg
orient:     t=  3.8 s | axis_err=  2.2 deg | spin_err=  0.2 deg
orient:     t=  4.0 s | axis_err=  2.2 deg | spin_err=  0.2 deg
orient:     t=  4.2 s | axis_err=  2.2 deg | spin_err=  0.2 deg
orient:     t=  4.4 s | axis_err=  2.2 deg | spin_err=  0.2 deg
orient:     t=  4.6 s | axis_err=  2.2 deg | spin_err=  0.2 deg
orient:     t=  4.8 s | axis_err=  2.2 deg | spin_err=  0.2 deg

Orientation settled short of the 2.0 deg gate after 5.0 s: axis_err=2.2 deg | spin_err=0.2 deg
phase: approach_descend
  Kp=[150, 150, 150] N/m  KR=[90, 90, 90] Nm/rad  [t1,t2,n]
  Dp=[126.5, 103.6, 128.3] Ns/m  DR=[13.45, 15.80, 2.01] Nms/rad  auto (factor 1.90)
  descend to 20 mm clearance at 0.100 m/s
descend:    t=  0.0 s | distance=   0.1 mm | height=+133.0 mm (target 20.0) | force=  0.0 N
descend:    t=  0.2 s | distance=  20.1 mm | height=+122.7 mm (target 20.0) | force=  0.3 N
descend:    t=  0.4 s | distance=  40.1 mm | height=+106.7 mm (target 20.0) | force=  1.2 N
descend:    t=  0.6 s | distance=  60.1 mm | height= +89.7 mm (target 20.0) | force=  2.0 N
descend:    t=  0.8 s | distance=  80.1 mm | height= +72.3 mm (target 20.0) | force=  0.9 N
descend:    t=  1.0 s | distance= 100.1 mm | height= +55.6 mm (target 20.0) | force=  1.8 N
descend:    t=  1.2 s | distance= 120.1 mm | height= +38.2 mm (target 20.0) | force=  0.6 N
descend:    t=  1.4 s | distance= 140.1 mm | height= +20.9 mm (target 20.0) | force=  2.1 N

[GATE] Reached 20 mm above the plane. Press Enter to start the set-up press (e+Enter stops).
  gate hold: Kp=[5000, 5000, 5000] N/m [x,y,z]  KR=[90, 90, 90] Nm/rad [t1,t2,n]
             Dp=[206.7, 150.6, 242.9] Ns/m  DR=[11.18, 14.25, 2.39] Nms/rad  auto
[GATE] Continuing to the set-up press.
descend:    t=  6.2 s | distance= 141.2 mm | height= +19.2 mm (target 20.0) | force= -0.6 N

Clearance reached: distance=141.2 mm | height=19.2 mm | target=20.0 mm | force=-0.6 N (not used for the switch)
offset_ee = [-20.0, -60.0, 20.0] mm
p_EE_at_contact = [532.2, -9.1, 46.8] mm
contact_point = [489.1, 32.7, -0.3] mm
edge_offset_base = [-43.1, 41.8, -47.1] mm
phase: set_up

--- set-up impedance ---
  f = Kp*e_p + Dp*de,   m = KR*e_R + DR*dw   (decoupled)
  Kp [t1,t2,n]  = [  2000.0,   2000.0,    800.0] N/m
  Dp [t1,t2,n]  = [   223.2,    179.6,    170.8] Ns/m   auto
  KR [t1,t2,n]  = [    50.0,      5.0,     50.0] Nm/rad
  DR [t1,t2,n]  = [     4.6,      1.9,      1.0] Nms/rad   auto
set_up:     t=  0.0 s | tip=  0.0 deg | F=  0.0 N | M=  0.0 Nm (limit 150.0) | edge= 19.2 mm
set_up:     t=  0.2 s | tip=  0.6 deg | F=  2.1 N | M=  1.7 Nm (limit 150.0) | edge= 13.2 mm
set_up:     t=  0.4 s | tip=  1.2 deg | F=  3.2 N | M=  2.0 Nm (limit 150.0) | edge=  5.0 mm
set_up:     t=  0.6 s | tip=  1.4 deg | F= 16.6 N | M=  9.3 Nm (limit 150.0) | edge=  2.7 mm
set_up:     t=  0.8 s | tip=  1.4 deg | F= 24.2 N | M= 13.2 Nm (limit 150.0) | edge=  2.7 mm
set_up:     t=  1.0 s | tip=  1.4 deg | F= 32.4 N | M= 17.5 Nm (limit 150.0) | edge=  2.6 mm
set_up:     t=  1.2 s | tip=  1.4 deg | F= 40.3 N | M= 21.6 Nm (limit 150.0) | edge=  2.5 mm
set_up:     t=  1.4 s | tip=  1.4 deg | F= 48.0 N | M= 25.5 Nm (limit 150.0) | edge=  2.5 mm
set_up:     t=  1.6 s | tip=  1.5 deg | F= 57.1 N | M= 30.3 Nm (limit 150.0) | edge=  2.5 mm
set_up:     t=  1.8 s | tip=  1.5 deg | F= 49.4 N | M= 26.3 Nm (limit 150.0) | edge=  2.5 mm
set_up:     t=  2.0 s | tip=  1.5 deg | F= 49.4 N | M= 26.3 Nm (limit 150.0) | edge=  2.5 mm
set_up:     t=  2.2 s | tip=  1.5 deg | F= 49.4 N | M= 26.3 Nm (limit 150.0) | edge=  2.5 mm
set_up:     t=  2.4 s | tip=  1.5 deg | F= 49.3 N | M= 26.3 Nm (limit 150.0) | edge=  2.5 mm
set_up:     t=  2.6 s | tip=  1.5 deg | F= 49.3 N | M= 26.3 Nm (limit 150.0) | edge=  2.5 mm
set_up:     t=  2.8 s | tip=  1.5 deg | F= 49.3 N | M= 26.3 Nm (limit 150.0) | edge=  2.5 mm
set_up:     t=  3.0 s | tip=  1.5 deg | F= 49.0 N | M= 26.2 Nm (limit 150.0) | edge=  2.5 mm
set_up:     t=  3.2 s | tip=  1.5 deg | F= 49.1 N | M= 26.2 Nm (limit 150.0) | edge=  2.5 mm
set_up:     t=  3.4 s | tip=  1.5 deg | F= 49.3 N | M= 26.3 Nm (limit 150.0) | edge=  2.5 mm
set_up:     t=  3.6 s | tip=  1.5 deg | F= 49.1 N | M= 26.2 Nm (limit 150.0) | edge=  2.5 mm
set_up:     t=  3.8 s | tip=  1.5 deg | F= 49.1 N | M= 26.2 Nm (limit 150.0) | edge=  2.5 mm
set_up:     t=  4.0 s | tip=  1.5 deg | F= 49.1 N | M= 26.2 Nm (limit 150.0) | edge=  2.5 mm
set_up:     t=  4.2 s | tip=  1.5 deg | F= 49.1 N | M= 26.2 Nm (limit 150.0) | edge=  2.5 mm
set_up:     t=  4.4 s | tip=  1.5 deg | F= 49.1 N | M= 26.2 Nm (limit 150.0) | edge=  2.5 mm
set_up:     t=  4.6 s | tip=  1.5 deg | F= 49.1 N | M= 26.2 Nm (limit 150.0) | edge=  2.5 mm
set_up:     t=  4.8 s | tip=  1.5 deg | F= 49.1 N | M= 26.2 Nm (limit 150.0) | edge=  2.5 mm

=== Set-up result ===
stop: time | t=5.0 s | tip=1.5 deg | F=49.1 N | M=26.2 Nm
edge_from_contact = [-2.2, -0.2, +1.0] mm | norm=2.5 mm
tcp_from_contact  = [+41.2, -42.6, +27.9] mm | norm=65.5 mm
alignment: before=7.22 deg | after=6.84 deg | gain=+0.38 deg
alignment components [t1,t2,n] deg: before=[-7.22,+0.18,+0.00] | after=[-6.67,+1.53,+0.00]

=== Set-up surface-frame breakdown ===
frame: alignment-target [tangent1, tangent2, normal]
force        [N]      = [    -4.26,     +0.52,    -48.87]
tcp_disp     [mm]     = [    +1.52,     -0.45,    -19.29]
edge_disp    [mm]     = [    +2.15,     -0.71,     +0.98]
Kp_eff=F/tcp [N/m]    = [  -2803.1,   -1150.4,    2533.1]
moment@edge  [Nm]     = [   -14.10,    -24.73,     +0.63]
tip_angle    [deg]    = [    +0.55,     +1.35,     +0.00]
KR_eff=M/ang [Nm/rad] = [  -1474.4,   -1046.4,       n/a]

[GATE] Set up finished (holding the pressed pose). Press Enter to start the grind (e+Enter stops).

Stop requested with e + Enter. Finishing control loop...

Joint motion [deg]:
joint    start   final   delta
------------------------------
q1        0.9     3.5     2.6
q2       12.1    29.7    17.6
q3       -0.5    -4.1    -3.6
q4     -130.9  -129.3     1.6
q5       -0.2   -17.1   -16.9
q6      142.9   158.9    16.0
q7       44.7    35.5    -9.2

=== Final result ===
p_d = [530.9, -11.3, -32.4] mm
p_EE = [530.3, -9.9, 27.5] mm
e_p = [0.5, -1.4, -60.0] mm
position_error = 59.97 mm
e_R = [0.08, -1.46, 0.04] deg
rotation_error = 1.46 deg
csv: logs/surface_grinding_controller_log.csv
