
Press Enter to recover and configure the robot.
Robot recovered or already ready.
Collision: custom thresholds.

=== Startup mode ===
  s = go to q_init, then run the phase sequence
  h = go to q_init, then hold that pose
  g = guiding mode: go to q_init, then hand-guide to your pose;
      use s+Enter for sequence or h+Enter for hold
  q = go to q_init, inspect the posture, then choose again
  o = open the Franka hand now (release/load tool), then choose again
  c = close/grasp the tool now, then choose again
Choice [s/h/g/q/o/c]: Moving to q_init...
q_init reached.
Selected: phase sequence. Nullspace mode from parameters: nullspace_damping_only.

=== Setup ===
run: phase sequence | approach_orient: on | nullspace: nullspace_damping_only
nullspace parameters: d_null=2.000 | k_sigma=1.000 Nm (inactive) | alpha=0.0800 rad
hold: Kp=300.0 N/m | KR=40.0 Nm/rad | damping=auto translation+rotation (factor fitted online toward Dp=50.0 Ns/m)
manual_guidance_start: off | manual_damping=0.50
descend: clearance=20.0 mm | speed=0.100 m/s | max_distance=640 mm
alignment push: start=captured | end=+60 mm | speed=0.050 m/s | ramp_time~=1.6 s | timeout=5.0 s | moment_threshold=150.0 Nm
grind: free-slide hold | axis=tangent2 | amplitude=30 mm | frequency=0.20 Hz
set-up translation: frame=surface [t1,t2,n] | Kp=[2000.0, 2000.0, 800.0] N/m
coupled stiffness: apply=off | pole=commanded
gates: pause_before_set_up=on | pause_auto_damping=on | pause_before_grind=off | debug_period=0.20 s
surface-plane normal=[+0.017, +0.028, +0.999] | tilt a(x)=-1.6 deg, b(y)=1.0 deg (from angles)
tool-axis command offset: tangent1=+0.0 deg | tangent2=+0.0 deg
tool face: 40 x 120 mm | center offset EE=[+0.0, +0.0, +20.0] mm
Gripper already holding the tool (width 65.6 mm); keeping grasp.
Press e+Enter to stop the controller before the duration expires.
During hold: press g+Enter to hand-guide the tool, then p+Enter to recapture and resume hold.
experiment_duration <= 0: running indefinitely until e + Enter.

=== Start pose ===
q_start = [-0.9, 10.0, -1.1, -130.3, 0.0, 145.2, 42.7] deg
p_start = [550.5, -19.5, 185.3] mm

=== Run ===
phase: approach_orient
orient:     t=  0.0 s | axis_err=  5.7 deg | rot_err=  5.7 deg
approach Dp        auto=[ 127.10,  105.71,  125.80]  manual=[  20.00,   20.00,   20.00] Ns/m
approach DR        auto=[  13.61,   15.17,    2.22]  manual=[  12.00,   12.00,   12.00] Nms/rad
orient:     t=  0.2 s | axis_err=  2.8 deg | rot_err=  2.8 deg
orient:     t=  0.4 s | axis_err=  2.0 deg | rot_err=  2.0 deg

Orientation reached: axis_err=1.9 deg
phase: approach_descend
descend:    t=  0.0 s | distance=   0.1 mm | height=+157.2 mm (target 20.0) | force=  0.0 N
descend:    t=  0.2 s | distance=  20.1 mm | height=+145.2 mm (target 20.0) | force=  1.9 N
descend:    t=  0.4 s | distance=  40.1 mm | height=+128.4 mm (target 20.0) | force=  1.2 N
descend:    t=  0.6 s | distance=  60.2 mm | height=+110.8 mm (target 20.0) | force=  2.4 N
descend:    t=  0.8 s | distance=  80.3 mm | height= +92.7 mm (target 20.0) | force=  0.8 N
descend:    t=  1.0 s | distance= 100.4 mm | height= +74.5 mm (target 20.0) | force=  2.4 N
descend:    t=  1.2 s | distance= 120.5 mm | height= +56.0 mm (target 20.0) | force=  2.8 N
descend:    t=  1.4 s | distance= 140.6 mm | height= +37.9 mm (target 20.0) | force=  2.5 N

[GATE] Reached 20 mm above the plane. Press Enter to start the set-up press (e+Enter stops).
pause auto damping: fitted Dp factor=0.548, DR factor=2.006
pause Dp [xyz]     auto=[ 199.24,  147.63,  233.73]  manual=[ 200.00,  200.00,  200.00] Ns/m
pause DR [t1t2n]   auto=[  14.32,   14.48,    2.10]  manual=[  13.61,   15.17,    2.22] Nms/rad
[GATE] Continuing to the set-up press.
descend:    t=  2.4 s | distance= 160.2 mm | height= +19.2 mm (target 20.0) | force=  0.4 N

Clearance reached: distance=160.2 mm | height=19.2 mm | target=20.0 mm | force=0.4 N (not used for the switch)
offset_ee = [-20.0, 60.0, 20.0] mm
p_EE_at_contact = [531.5, -22.1, 40.9] mm
contact_point = [511.2, -82.9, 2.5] mm
edge_offset_base = [-20.3, -60.8, -38.4] mm
phase: set_up
set_up Dp [t1t2n]  auto=[ 216.42,  188.89,  169.98]  manual=[  50.00,   50.00,   25.00] Ns/m
set_up DR [t1t2n]  auto=[   1.69,    1.70,    0.78]  manual=[  10.01,   10.01,   10.00] Nms/rad
set_up:     t=  0.0 s | tip=  0.0 deg | F=  0.0 N | M=  0.0 Nm (limit 150.0) | edge= 19.2 mm
set_up:     t=  0.2 s | tip=  0.5 deg | F=  2.0 N | M=  0.9 Nm (limit 150.0) | edge= 12.7 mm
set_up:     t=  0.4 s | tip=  1.2 deg | F=  1.9 N | M=  0.8 Nm (limit 150.0) | edge=  4.1 mm
set_up:     t=  0.6 s | tip=  1.4 deg | F= 16.4 N | M=  8.6 Nm (limit 150.0) | edge=  2.1 mm
set_up:     t=  0.8 s | tip=  1.4 deg | F= 24.2 N | M= 12.7 Nm (limit 150.0) | edge=  2.1 mm
set_up:     t=  1.0 s | tip=  1.4 deg | F= 31.9 N | M= 16.8 Nm (limit 150.0) | edge=  2.2 mm
set_up:     t=  1.2 s | tip=  1.4 deg | F= 39.9 N | M= 21.1 Nm (limit 150.0) | edge=  2.2 mm
set_up:     t=  1.4 s | tip=  1.4 deg | F= 47.8 N | M= 25.3 Nm (limit 150.0) | edge=  2.3 mm
set_up:     t=  1.6 s | tip=  1.4 deg | F= 56.5 N | M= 29.9 Nm (limit 150.0) | edge=  2.3 mm
set_up:     t=  1.8 s | tip=  1.5 deg | F= 49.3 N | M= 26.1 Nm (limit 150.0) | edge=  2.4 mm
set_up:     t=  2.0 s | tip=  1.5 deg | F= 49.2 N | M= 26.0 Nm (limit 150.0) | edge=  2.4 mm
set_up:     t=  2.2 s | tip=  1.5 deg | F= 49.2 N | M= 26.0 Nm (limit 150.0) | edge=  2.4 mm
set_up:     t=  2.4 s | tip=  1.5 deg | F= 49.1 N | M= 26.0 Nm (limit 150.0) | edge=  2.4 mm
set_up:     t=  2.6 s | tip=  1.5 deg | F= 49.1 N | M= 26.0 Nm (limit 150.0) | edge=  2.4 mm
set_up:     t=  2.8 s | tip=  1.5 deg | F= 49.0 N | M= 25.9 Nm (limit 150.0) | edge=  2.4 mm
set_up:     t=  3.0 s | tip=  1.5 deg | F= 49.0 N | M= 25.9 Nm (limit 150.0) | edge=  2.4 mm
set_up:     t=  3.2 s | tip=  1.5 deg | F= 49.0 N | M= 25.9 Nm (limit 150.0) | edge=  2.4 mm
set_up:     t=  3.4 s | tip=  1.5 deg | F= 48.9 N | M= 25.9 Nm (limit 150.0) | edge=  2.4 mm
set_up:     t=  3.6 s | tip=  1.5 deg | F= 49.0 N | M= 25.9 Nm (limit 150.0) | edge=  2.4 mm
set_up:     t=  3.8 s | tip=  1.5 deg | F= 49.0 N | M= 25.9 Nm (limit 150.0) | edge=  2.4 mm
set_up:     t=  4.0 s | tip=  1.5 deg | F= 49.1 N | M= 26.0 Nm (limit 150.0) | edge=  2.4 mm
set_up:     t=  4.2 s | tip=  1.5 deg | F= 49.0 N | M= 25.9 Nm (limit 150.0) | edge=  2.4 mm
set_up:     t=  4.4 s | tip=  1.5 deg | F= 49.0 N | M= 25.9 Nm (limit 150.0) | edge=  2.4 mm
set_up:     t=  4.6 s | tip=  1.5 deg | F= 49.0 N | M= 25.9 Nm (limit 150.0) | edge=  2.4 mm
set_up:     t=  4.8 s | tip=  1.5 deg | F= 48.9 N | M= 25.9 Nm (limit 150.0) | edge=  2.4 mm

=== Set-up result ===
stop: time | t=5.0 s | tip=1.5 deg | F=49.0 N | M=25.9 Nm
edge_from_contact = [-2.3, +0.3, -0.6] mm | norm=2.4 mm
tcp_from_contact  = [+18.2, +60.6, +18.1] mm | norm=65.8 mm
alignment: before=0.98 deg | after=1.83 deg | gain=-0.85 deg
alignment components [t1,t2,n] deg: before=[+0.92,-0.35,+0.00] | after=[+1.57,+0.95,+0.00]

=== Set-up surface-frame breakdown ===
frame: alignment-target [tangent1, tangent2, normal]
force        [N]      = [    -3.99,     +1.53,    -48.81]
tcp_disp     [mm]     = [    +1.42,     -1.04,    -20.30]
edge_disp    [mm]     = [    +1.91,     -1.29,     -0.60]
Kp_eff=F/tcp [N/m]    = [  -2802.8,   -1463.5,    2404.2]
moment@edge  [Nm]     = [    -9.28,    -25.46,     -0.20]
tip_angle    [deg]    = [    +0.65,     +1.30,     +0.01]
KR_eff=M/ang [Nm/rad] = [   -815.4,   -1123.2,       n/a]

=== Commanded centre of compliance ===
lever convention: r_c = p_TCP - p_c
parameterization: legacy base-frame pole-from-edge
  r_c base = [60.3, -19.2, 38.4] mm
  r_c [t1,t2,n] = [-45.5, 43.6, 38.8] mm
  pole_from_edge = [-40.0, 80.0, 0.0] mm

K_TCP = Ad^T K_pole Ad  [rows fx..mz | cols tx..rz]:
  commanded:
           tx        ty        tz    |    rx        ry        rz
  fx [    2000  -0.5725   -20.68 |  -0.4185   -77.95   -38.31 ]
  fy [ -0.5725     1999   -33.18 |    76.05   -1.979   -120.5 ]
  fz [  -20.68   -33.18    801.3 |    14.09    49.11    2.397 ]
     ---------------------------+---------------------------
  mx [ -0.4185    76.05    14.09 |    8.201   0.8872   -3.802 ]
  my [  -77.95   -1.979    49.11 |   0.8872    10.99    2.858 ]
  mz [  -38.31   -120.5    2.397 |   -3.802    2.858    57.95 ]
  K_TCP eigenvalues = [4.973, 4.992, 49.8, 803.2, 2003, 2011] -> PSD ok (>=0) (min=4.973)

D_TCP = Ad^T D_pole Ad:
  commanded:
           tx        ty        tz    |    rx        ry        rz
  fx [   211.5    10.54   -1.008 |   0.3849   -8.173    -4.69 ]
  fy [   10.54    193.8   -0.841 |    7.418  -0.4549   -11.89 ]
  fz [  -1.008   -0.841      170 |    3.228    10.29  0.07003 ]
     ---------------------------+---------------------------
  mx [  0.3849    7.418    3.228 |    2.034   0.1747  -0.4702 ]
  my [  -8.173  -0.4549    10.29 |   0.1747    2.629   0.1589 ]
  mz [   -4.69   -11.89  0.07003 |  -0.4702   0.1589    1.588 ]
  D_TCP eigenvalues = [0.7772, 1.679, 1.692, 170.7, 189.6, 217.2] -> PSD ok (>=0) (min=0.7772)
phase: grind

Stop requested with e + Enter. Finishing control loop...

Joint motion [deg]:
joint    start   final   delta
------------------------------
q1       -0.9    -0.9     0.0
q2       10.0    30.9    20.9
q3       -1.1    -1.3    -0.2
q4     -130.3  -127.7     2.5
q5        0.0     0.1     0.1
q6      145.2   156.5    11.3
q7       42.7    42.7    -0.0

=== Final result ===
p_d = [527.8, -23.9, -38.3] mm
p_EE = [529.3, -22.3, 20.5] mm
e_p = [-1.6, -1.6, -58.8] mm
position_error = 58.89 mm
e_R = [-0.04, -1.46, 0.06] deg
rotation_error = 1.46 deg
csv: surface_grinding_controller_log.csv
