
====================================================================
  SURFACE GRINDING CONTROLLER
====================================================================
  robot              172.16.0.2
--------------------------------------------------------------------

Press Enter to recover and configure the robot.
  Robot recovered or already ready.

====================================================================
  STARTUP MODE
====================================================================
  run     s   run the phase sequence from q_init
          h   hold the q_init pose
          t   hold with the set-up impedance, to test those gains
          g   hand-guide the start pose, then choose
--------------------------------------------------------------------
  set up  q   go to q_init and inspect
          o   open the hand now
          c   grasp the tool now
          r   recalibrate the hand width, fingers empty
          f   fetch the tool from the holder
          b   put the tool back
--------------------------------------------------------------------
  quit    e   stop and quit
--------------------------------------------------------------------
  in a run    e stop | m menu | g hand-guide | s sequence | t hold
--------------------------------------------------------------------
Choice [s/h/t/g/q/o/c/r/f/b/e]: 
-- selected: phase sequence ----------------------------------------

-- moving to q_init ------------------------------------------------
  case               horizontal_table_search
  q1..q7 [deg]     = [0.8, 12.1, -0.5, -130.9, -0.2, 142.9, 44.7] deg
  horizontal_table_search = [0.014777, 0.210911, -0.009320, -2.284835, -0.002725, 2.493410, 0.780694] rad
  q_init reached.

-- start pose ------------------------------------------------------
  q_start          = [0.8, 12.1, -0.5, -130.9, -0.1, 142.9, 44.7] deg
  p_start          = [    531.4,       2.5,     156.9] mm

====================================================================
  RUN
====================================================================

-- phase: approach_orient ------------------------------------------
  Kp [t1,t2,n]     = [    150.0,     150.0,     150.0] N/m
  Dp [t1,t2,n]     = [    126.5,     103.6,     128.3] Ns/m     auto (factor 1.90)
  KR [t1,t2,n]     = [     90.0,      90.0,      90.0] Nm/rad
  DR [t1,t2,n]     = [     13.5,      15.8,       2.0] Nms/rad  auto (factor 1.90)
orient:     t=  0.0 s | axis_err=  9.0 deg | spin_err=  0.8 deg
orient:     t=  0.2 s | axis_err=  8.1 deg | spin_err=  0.6 deg
orient:     t=  0.4 s | axis_err=  5.6 deg | spin_err=  0.1 deg
orient:     t=  0.6 s | axis_err=  3.2 deg | spin_err=  0.4 deg
orient:     t=  0.8 s | axis_err=  2.6 deg | spin_err=  0.4 deg
orient:     t=  1.0 s | axis_err=  2.4 deg | spin_err=  0.4 deg
orient:     t=  1.2 s | axis_err=  2.3 deg | spin_err=  0.3 deg
orient:     t=  1.4 s | axis_err=  2.3 deg | spin_err=  0.3 deg
orient:     t=  1.6 s | axis_err=  2.3 deg | spin_err=  0.3 deg
orient:     t=  1.8 s | axis_err=  2.3 deg | spin_err=  0.3 deg
orient:     t=  2.0 s | axis_err=  2.3 deg | spin_err=  0.3 deg
orient:     t=  2.2 s | axis_err=  2.3 deg | spin_err=  0.3 deg
orient:     t=  2.4 s | axis_err=  2.3 deg | spin_err=  0.3 deg
orient:     t=  2.6 s | axis_err=  2.3 deg | spin_err=  0.3 deg
orient:     t=  2.8 s | axis_err=  2.3 deg | spin_err=  0.3 deg
orient:     t=  3.0 s | axis_err=  2.3 deg | spin_err=  0.3 deg
orient:     t=  3.2 s | axis_err=  2.3 deg | spin_err=  0.3 deg
orient:     t=  3.4 s | axis_err=  2.3 deg | spin_err=  0.3 deg
orient:     t=  3.6 s | axis_err=  2.3 deg | spin_err=  0.3 deg
orient:     t=  3.8 s | axis_err=  2.3 deg | spin_err=  0.3 deg
orient:     t=  4.0 s | axis_err=  2.3 deg | spin_err=  0.3 deg
orient:     t=  4.2 s | axis_err=  2.3 deg | spin_err=  0.3 deg
orient:     t=  4.4 s | axis_err=  2.3 deg | spin_err=  0.3 deg
orient:     t=  4.6 s | axis_err=  2.3 deg | spin_err=  0.3 deg
orient:     t=  4.8 s | axis_err=  2.3 deg | spin_err=  0.3 deg

Orientation settled short of the 2.0 deg gate after 5.0 s: axis_err=2.3 deg | spin_err=0.3 deg

-- phase: approach_descend -----------------------------------------
  Kp [t1,t2,n]     = [    150.0,     150.0,     150.0] N/m
  Dp [t1,t2,n]     = [    126.5,     103.6,     128.3] Ns/m     auto (factor 1.90)
  KR [t1,t2,n]     = [     90.0,      90.0,      90.0] Nm/rad
  DR [t1,t2,n]     = [     13.5,      15.8,       2.0] Nms/rad  auto (factor 1.90)
  descend to         20 mm clearance at 0.100 m/s
descend:    t=  0.0 s | distance=   0.1 mm | height=+136.5 mm (target 20.0) | force= -0.0 N
descend:    t=  0.2 s | distance=  20.1 mm | height=+125.1 mm (target 20.0) | force=  0.3 N
descend:    t=  0.4 s | distance=  40.1 mm | height=+107.8 mm (target 20.0) | force=  0.2 N
descend:    t=  0.6 s | distance=  60.1 mm | height= +89.9 mm (target 20.0) | force=  1.0 N
descend:    t=  0.8 s | distance=  80.1 mm | height= +71.6 mm (target 20.0) | force=  1.3 N
descend:    t=  1.0 s | distance= 100.1 mm | height= +52.9 mm (target 20.0) | force=  0.1 N
descend:    t=  1.2 s | distance= 120.1 mm | height= +34.1 mm (target 20.0) | force=  0.8 N

[GATE] Reached 20 mm above the plane. Press Enter to start the set-up press (e+Enter stops).

-- gate hold -------------------------------------------------------
  Kp [x,y,z]       = [   5000.0,    5000.0,    5000.0] N/m
  Dp [x,y,z]       = [    205.1,     145.8,     252.3] Ns/m     auto
  KR [t1,t2,n]     = [     90.0,      90.0,      90.0] Nm/rad
  DR [t1,t2,n]     = [     13.8,      12.0,       2.5] Nms/rad  auto
[GATE] Continuing to the set-up press.

Clearance reached: distance=135.1 mm | height=19.9 mm | target=20.0 mm | force=0.5 N (not used for the switch)
  offset_ee        = [    -20.0,      60.0,      20.0] mm
  p_EE_at_contact  = [    535.6,       8.1,      44.3] mm
  contact_point    = [    518.1,     -52.2,       1.5] mm
  edge_offset      = [    -17.5,     -60.4,     -42.8] mm

-- phase: set_up ---------------------------------------------------

-- set-up impedance ------------------------------------------------
  law                wrench = K_TCP*dx + D_TCP*dv
                     K_TCP  = Ad(r_c)^T * blkdiag(Kp,KR) * Ad(r_c)
  Kp [t1,t2,n]     = [   2000.0,    2000.0,     800.0] N/m
  Dp [t1,t2,n]     = [    212.1,     180.3,     174.7] Ns/m     auto
  KR [t1,t2,n]     = [      5.0,       5.0,      50.0] Nm/rad
  DR [t1,t2,n]     = [      1.9,       1.7,       1.1] Nms/rad  auto
  p_c [EE]         = [     71.5,     -33.8,      11.9] mm       the pole on the tool, from p_EE
  r_c [t1,t2,n]    = [     80.0,       0.0,       0.0] mm       commanded: p_TCP - p_c, in the plane
set_up:     t=  0.0 s | tip=  0.0 deg | F=  0.1 N | M=  0.0 Nm (limit 150.0) | edge= 19.8 mm
set_up:     t=  0.2 s | tip=  0.3 deg | F=  1.3 N | M=  1.0 Nm (limit 150.0) | edge= 10.8 mm
set_up:     t=  0.4 s | tip=  0.8 deg | F=  1.3 N | M=  1.0 Nm (limit 150.0) | edge=  5.4 mm
set_up:     t=  0.6 s | tip=  1.3 deg | F= 11.2 N | M=  7.0 Nm (limit 150.0) | edge=  2.5 mm
set_up:     t=  0.8 s | tip=  1.4 deg | F= 17.8 N | M= 10.7 Nm (limit 150.0) | edge=  2.3 mm
set_up:     t=  1.0 s | tip=  2.1 deg | F= 24.1 N | M= 14.1 Nm (limit 150.0) | edge=  2.5 mm
set_up:     t=  1.2 s | tip=  3.6 deg | F= 30.0 N | M= 17.4 Nm (limit 150.0) | edge=  3.1 mm
set_up:     t=  1.4 s | tip=  5.3 deg | F= 35.6 N | M= 20.7 Nm (limit 150.0) | edge=  3.7 mm
set_up:     t=  1.6 s | tip=  7.3 deg | F= 40.6 N | M= 23.5 Nm (limit 150.0) | edge=  4.4 mm
set_up:     t=  1.8 s | tip=  8.3 deg | F= 36.1 N | M= 21.3 Nm (limit 150.0) | edge=  4.5 mm
set_up:     t=  2.0 s | tip=  8.4 deg | F= 35.7 N | M= 21.0 Nm (limit 150.0) | edge=  4.5 mm
set_up:     t=  2.2 s | tip=  8.4 deg | F= 35.8 N | M= 21.0 Nm (limit 150.0) | edge=  4.5 mm
set_up:     t=  2.4 s | tip=  8.4 deg | F= 36.0 N | M= 21.1 Nm (limit 150.0) | edge=  4.5 mm
set_up:     t=  2.6 s | tip=  8.4 deg | F= 35.9 N | M= 21.0 Nm (limit 150.0) | edge=  4.5 mm
set_up:     t=  2.8 s | tip=  8.4 deg | F= 36.1 N | M= 21.1 Nm (limit 150.0) | edge=  4.5 mm
set_up:     t=  3.0 s | tip=  8.4 deg | F= 36.0 N | M= 21.1 Nm (limit 150.0) | edge=  4.5 mm
set_up:     t=  3.2 s | tip=  8.4 deg | F= 36.0 N | M= 21.1 Nm (limit 150.0) | edge=  4.5 mm
set_up:     t=  3.4 s | tip=  8.4 deg | F= 36.0 N | M= 21.1 Nm (limit 150.0) | edge=  4.5 mm
set_up:     t=  3.6 s | tip=  8.4 deg | F= 36.1 N | M= 21.1 Nm (limit 150.0) | edge=  4.5 mm
set_up:     t=  3.8 s | tip=  8.4 deg | F= 36.2 N | M= 21.2 Nm (limit 150.0) | edge=  4.5 mm
set_up:     t=  4.0 s | tip=  8.4 deg | F= 36.1 N | M= 21.2 Nm (limit 150.0) | edge=  4.5 mm
set_up:     t=  4.2 s | tip=  8.4 deg | F= 35.9 N | M= 21.1 Nm (limit 150.0) | edge=  4.5 mm
set_up:     t=  4.4 s | tip=  8.4 deg | F= 35.9 N | M= 21.1 Nm (limit 150.0) | edge=  4.5 mm
set_up:     t=  4.6 s | tip=  8.4 deg | F= 35.9 N | M= 21.1 Nm (limit 150.0) | edge=  4.5 mm
set_up:     t=  4.8 s | tip=  8.4 deg | F= 35.9 N | M= 21.1 Nm (limit 150.0) | edge=  4.5 mm

====================================================================
  SET-UP RESULT
====================================================================
  stop: time | t=5.0 s | tip=8.4 deg | F=35.9 N | M=21.1 Nm
  edge_from_contact = [-4.2, -1.2, -0.8] mm | norm=4.5 mm
  tcp_from_contact  = [+16.0, +58.8, +18.9] mm | norm=63.8 mm
  alignment: before=8.42 deg | after=1.64 deg | gain=+6.79 deg
  alignment components [t1,t2,n] deg: before=[-1.68,-8.26,-0.00] | after=[+1.56,-0.49,+0.00]

-- set-up surface-frame breakdown ----------------------------------
  frame              alignment-target [tangent1, tangent2, normal]
  force        [N]      = [    -1.55,     +0.12,    -35.88]
  tcp_disp     [mm]     = [    +1.41,     +0.40,    -23.90]
  edge_disp    [mm]     = [    +4.34,     -0.70,     -0.93]
  Kp_eff=F/tcp [N/m]    = [  -1097.4,     287.4,    1501.2]
  moment@edge  [Nm]     = [    -6.46,    -21.05,     +0.07]
  tip_angle    [deg]    = [    +3.22,     +7.77,     -0.29]
  KR_eff=M/ang [Nm/rad] = [   -115.0,    -155.2,     -13.1]

-- centre of compliance --------------------------------------------
  definition         r_c = p_TCP - p_c
  p_TCP [x,y,z]    = [    535.6,       8.1,      44.3] mm
  p_c [EE]         = [     71.5,     -33.8,      11.9] mm
  r_c [t1,t2,n]    = [     80.0,      -0.0,       0.0] mm
                     p_c resolved at first contact

-- what the TCP feels ----------------------------------------------
  K_TCP translation = [   1999.6,    1999.1,     801.3] N/m
  K_TCP rotation   = [      5.9,       9.2,      62.7] Nm/rad
  commanded KR was = [      5.0,       5.0,      50.0] Nm/rad   the rest is the lever
  D_TCP translation = [    206.4,     186.0,     174.7] Ns/m
  D_TCP rotation   = [      2.1,       2.6,       2.3] Nms/rad
  coupling           max |moment per unit translation| = 144.9 Nm/m (K), 13.1 Nms/m (D)
  eigenvalues        K_TCP 4.97 .. 2013 | D_TCP 1.11 .. 212  (both positive: valid springs)

  K_TCP [N/m, Nm/rad | rows fx..mz, cols tx..rz]:
           tx        ty        tz    |    rx        ry        rz
  fx [    2000  -0.5725   -20.68 |  -0.7009   -2.874   -67.69 ]
  fy [ -0.5725     1999   -33.18 |    3.249    2.405    144.9 ]
  fz [  -20.68   -33.18    801.3 |    27.03   -58.02   -1.705 ]
     ---------------------------+---------------------------
  mx [ -0.7009    3.249    27.03 |    5.935   -1.936    1.035 ]
  my [  -2.874    2.405   -58.02 |   -1.936    9.245    1.516 ]
  mz [  -67.69    144.9   -1.705 |    1.035    1.516    62.74 ]

  D_TCP [Ns/m, Nms/rad]:
           tx        ty        tz    |    rx        ry        rz
  fx [   206.4    12.19  -0.8846 | -0.003262  -0.3872   -6.099 ]
  fy [   12.19      186  -0.5224 |    0.389  0.01119    13.06 ]
  fz [ -0.8846  -0.5224    174.7 |     5.91   -12.66 -0.007932 ]
     ---------------------------+---------------------------
  mx [-0.003262    0.389     5.91 |     2.08  -0.3313  0.01251 ]
  my [ -0.3872  0.01119   -12.66 |  -0.3313    2.634 -0.004264 ]
  mz [  -6.099    13.06 -0.007932 |  0.01251 -0.004264    2.274 ]

[GATE] Set up finished (holding the pressed pose). Press Enter to start the grind (e+Enter stops).

Stop requested with e + Enter. Finishing control loop...

-- joint motion [deg] ----------------------------------------------
  joint       start    final    delta
  q1            0.8      1.3     +0.4
  q2           12.1     31.2    +19.0
  q3           -0.5     -0.5     +0.1
  q4         -130.9   -127.7     +3.2
  q5           -0.1      0.8     +1.0
  q6          142.9    158.0    +15.1
  q7           44.7     45.0     +0.3

====================================================================
  FINAL RESULT
====================================================================
  p_d              = [    534.3,       5.9,     -35.5] mm
  p_EE             = [    534.1,       6.5,      20.5] mm
  e_p              = [      0.1,      -0.6,     -56.0] mm
  e_R              = [     0.37,     -8.41,     -0.07] deg
--------------------------------------------------------------------
  position error     56.01 mm
  rotation error     8.42 deg
  csv                logs/surface_grinding_controller_log.csv
--------------------------------------------------------------------
