
Press Enter to recover and configure the robot.
Robot recovered or already ready.
Collision: custom thresholds.

=== Startup choice ===
  q = go to q_init (from params/common.txt), then choose again
  g = guiding mode: go to q_init, then hand-guide to your pose;
      use s+Enter for sequence or h+Enter for hold
  o = open the Franka hand now (release/load tool), then choose again
  c = close/grasp the tool now, then choose again
  r = continue to run mode (available after q_init is reached)
Choice [q/g/o/c/r, Enter = q]: Moving to q_init...
q_init reached.

=== Startup choice ===
  q = go to q_init (from params/common.txt), then choose again
  g = guiding mode: go to q_init, then hand-guide to your pose;
      use s+Enter for sequence or h+Enter for hold
  o = open the Franka hand now (release/load tool), then choose again
  c = close/grasp the tool now, then choose again
  r = continue to run mode
Choice [q/g/o/c/r, Enter = q]: 
=== Run mode ===
  s = phase sequence (approach / set up / grind)
  h = hold at the start pose
Choice [s/h, Enter = s]: Selected: phase sequence. Nullspace mode from parameters: nullspace_damping_plus_sigma.

=== Setup ===
run: phase sequence | approach_orient: on | nullspace: nullspace_damping_plus_sigma
nullspace parameters: d_null=2.000 | k_sigma=1.000 Nm | alpha=0.0800 rad
hold: Kp=300.0 N/m | KR=40.0 Nm/rad | damping=auto translation+rotation (factor fitted online toward Dp=50.0 Ns/m)
manual_guidance_start: off | manual_damping=0.50
descend: clearance=20.0 mm | speed=0.100 m/s | max_distance=640 mm
alignment push: start=captured | end=+180 mm | speed=0.050 m/s | ramp_time~=4.0 s | timeout=12.0 s | moment_threshold=150.0 Nm
grind: sweep | axis=tangent2 | amplitude=30 mm | frequency=0.20 Hz
coupled stiffness: apply=off | saved=yes | pole=manual
gates: pause_before_set_up=on | pause_auto_damping=on | pause_before_grind=off | debug_period=0.20 s
alignment-target normal=[+0.087, -0.000, +0.996] | tilt a(x)=0.0 deg, b(y)=5.0 deg (from angles)
tool face: 40 x 120 mm | center offset EE=[+0.0, +0.0, +20.0] mm
Gripper already holding the tool (width 65.0 mm); keeping grasp.
Press e+Enter to stop the controller before the duration expires.
During hold: press g+Enter to hand-guide the tool, then p+Enter to recapture and resume hold.
experiment_duration <= 0: running indefinitely until e + Enter.

=== Start pose ===
q_start = [-2.7, 18.1, -5.1, -122.8, 17.5, 139.5, 26.8] deg
p_start = [565.0, -59.4, 151.0] mm

=== Run ===
phase: approach_orient
orient:     t=  0.0 s | axis_err= 11.4 deg | rot_err= 11.4 deg
approach Dp        auto=[ 134.13,   97.25,  122.29]  manual=[  20.00,   20.00,   20.00] Ns/m
approach DR        auto=[  12.73,   16.36,    4.08]  manual=[  12.00,   12.00,   12.00] Nms/rad
orient:     t=  0.2 s | axis_err=  4.5 deg | rot_err=  4.5 deg
orient:     t=  0.4 s | axis_err=  2.3 deg | rot_err=  2.3 deg

Orientation reached: axis_err=1.8 deg
phase: approach_descend
descend:    t=  0.0 s | distance=   0.1 mm | height= +97.7 mm (target 20.0) | force= -0.0 N
descend:    t=  0.2 s | distance=  20.1 mm | height= +85.7 mm (target 20.0) | force=  0.4 N
descend:    t=  0.4 s | distance=  40.1 mm | height= +68.7 mm (target 20.0) | force=  1.3 N
descend:    t=  0.6 s | distance=  60.2 mm | height= +51.0 mm (target 20.0) | force=  2.3 N
descend:    t=  0.8 s | distance=  80.3 mm | height= +33.2 mm (target 20.0) | force=  1.4 N

[GATE] Reached 20 mm above the plane. Press Enter to start the set-up press (e+Enter stops).
pause auto damping: fitted Dp factor=0.551, DR factor=1.961
pause Dp [xyz]     auto=[ 206.44,  155.19,  225.00]  manual=[ 200.00,  200.00,  200.00] Ns/m
pause DR [t1t2n]   auto=[  11.73,   17.28,    2.04]  manual=[  12.73,   16.36,    4.08] Nms/rad
[GATE] Continuing to the set-up press.
descend:    t=  5.7 s | distance=  95.3 mm | height= +19.4 mm (target 20.0) | force=  0.5 N

Clearance reached: distance=95.3 mm | height=19.4 mm | target=20.0 mm | force=0.5 N (not used for the switch)
offset_ee = [20.0, 60.0, 20.0] mm
p_EE_at_contact = [545.3, -65.4, 65.5] mm
contact_point = [559.0, -126.1, 24.2] mm
edge_offset_base = [13.7, -60.7, -41.3] mm
phase: set_up
set_up Dp [xyz]    auto=[ 236.97,  178.17,  108.19]  manual=[  10.00,   10.00,  175.00] Ns/m
set_up DR [t1t2n]  auto=[   4.46,    6.55,    0.77]  manual=[  10.01,   10.01,   10.00] Nms/rad
set_up:     t=  0.0 s | tip=  0.0 deg | F=  0.0 N | M=  0.0 Nm (limit 150.0) | edge= 19.4 mm
set_up:     t=  0.2 s | tip=  0.4 deg | F=  1.0 N | M=  0.2 Nm (limit 150.0) | edge= 13.9 mm
set_up:     t=  0.4 s | tip=  0.5 deg | F=  1.5 N | M=  0.4 Nm (limit 150.0) | edge=  6.3 mm
set_up:     t=  0.6 s | tip=  0.6 deg | F=  1.3 N | M=  0.3 Nm (limit 150.0) | edge=  3.5 mm
set_up:     t=  0.8 s | tip=  0.6 deg | F=  1.8 N | M=  0.7 Nm (limit 150.0) | edge= 11.9 mm
set_up:     t=  1.0 s | tip=  0.6 deg | F= 12.3 N | M=  6.6 Nm (limit 150.0) | edge= 19.1 mm
set_up:     t=  1.2 s | tip=  0.6 deg | F= 12.4 N | M=  6.5 Nm (limit 150.0) | edge= 19.2 mm
set_up:     t=  1.4 s | tip=  0.6 deg | F= 16.4 N | M=  8.5 Nm (limit 150.0) | edge= 19.3 mm
set_up:     t=  1.6 s | tip=  0.6 deg | F= 20.1 N | M= 10.4 Nm (limit 150.0) | edge= 19.5 mm
set_up:     t=  1.8 s | tip=  0.6 deg | F= 23.9 N | M= 12.3 Nm (limit 150.0) | edge= 19.6 mm
set_up:     t=  2.0 s | tip=  0.6 deg | F= 27.9 N | M= 14.4 Nm (limit 150.0) | edge= 19.7 mm
set_up:     t=  2.2 s | tip=  0.7 deg | F= 31.6 N | M= 16.3 Nm (limit 150.0) | edge= 19.9 mm
set_up:     t=  2.4 s | tip=  0.7 deg | F= 35.5 N | M= 18.3 Nm (limit 150.0) | edge= 20.0 mm
set_up:     t=  2.6 s | tip=  0.7 deg | F= 39.1 N | M= 20.4 Nm (limit 150.0) | edge= 20.2 mm
set_up:     t=  2.8 s | tip=  1.0 deg | F= 42.8 N | M= 22.0 Nm (limit 150.0) | edge= 20.3 mm
set_up:     t=  3.0 s | tip=  1.1 deg | F= 46.4 N | M= 23.8 Nm (limit 150.0) | edge= 20.4 mm
set_up:     t=  3.2 s | tip=  1.1 deg | F= 50.3 N | M= 25.7 Nm (limit 150.0) | edge= 20.6 mm
set_up:     t=  3.4 s | tip=  1.1 deg | F= 54.1 N | M= 27.5 Nm (limit 150.0) | edge= 20.7 mm
set_up:     t=  3.6 s | tip=  1.2 deg | F= 57.7 N | M= 29.3 Nm (limit 150.0) | edge= 20.8 mm
set_up:     t=  3.8 s | tip=  1.2 deg | F= 61.2 N | M= 31.1 Nm (limit 150.0) | edge= 21.0 mm
set_up:     t=  4.0 s | tip=  1.3 deg | F= 65.4 N | M= 33.3 Nm (limit 150.0) | edge= 21.0 mm
set_up:     t=  4.2 s | tip=  1.3 deg | F= 60.5 N | M= 30.6 Nm (limit 150.0) | edge= 21.0 mm
set_up:     t=  4.4 s | tip=  1.3 deg | F= 60.5 N | M= 30.6 Nm (limit 150.0) | edge= 21.0 mm
set_up:     t=  4.6 s | tip=  1.3 deg | F= 60.5 N | M= 30.6 Nm (limit 150.0) | edge= 21.0 mm
set_up:     t=  4.8 s | tip=  1.3 deg | F= 60.4 N | M= 30.6 Nm (limit 150.0) | edge= 21.0 mm
set_up:     t=  5.0 s | tip=  1.3 deg | F= 60.4 N | M= 30.5 Nm (limit 150.0) | edge= 21.0 mm
set_up:     t=  5.2 s | tip=  1.3 deg | F= 60.4 N | M= 30.5 Nm (limit 150.0) | edge= 21.0 mm
set_up:     t=  5.4 s | tip=  1.3 deg | F= 60.4 N | M= 30.5 Nm (limit 150.0) | edge= 21.0 mm
set_up:     t=  5.6 s | tip=  1.3 deg | F= 60.4 N | M= 30.5 Nm (limit 150.0) | edge= 21.0 mm
set_up:     t=  5.8 s | tip=  1.3 deg | F= 60.3 N | M= 30.5 Nm (limit 150.0) | edge= 21.0 mm
set_up:     t=  6.0 s | tip=  1.3 deg | F= 60.3 N | M= 30.5 Nm (limit 150.0) | edge= 21.0 mm
set_up:     t=  6.2 s | tip=  1.3 deg | F= 60.1 N | M= 30.4 Nm (limit 150.0) | edge= 21.0 mm
set_up:     t=  6.4 s | tip=  1.3 deg | F= 60.3 N | M= 30.4 Nm (limit 150.0) | edge= 21.0 mm
set_up:     t=  6.6 s | tip=  1.3 deg | F= 60.3 N | M= 30.4 Nm (limit 150.0) | edge= 21.0 mm
set_up:     t=  6.8 s | tip=  1.3 deg | F= 60.3 N | M= 30.4 Nm (limit 150.0) | edge= 21.0 mm
set_up:     t=  7.0 s | tip=  1.3 deg | F= 60.3 N | M= 30.4 Nm (limit 150.0) | edge= 21.0 mm
set_up:     t=  7.2 s | tip=  1.3 deg | F= 60.3 N | M= 30.4 Nm (limit 150.0) | edge= 21.0 mm
set_up:     t=  7.4 s | tip=  1.3 deg | F= 60.3 N | M= 30.4 Nm (limit 150.0) | edge= 21.0 mm
set_up:     t=  7.6 s | tip=  1.3 deg | F= 60.3 N | M= 30.4 Nm (limit 150.0) | edge= 21.0 mm
set_up:     t=  7.8 s | tip=  1.3 deg | F= 60.3 N | M= 30.4 Nm (limit 150.0) | edge= 21.0 mm
set_up:     t=  8.0 s | tip=  1.3 deg | F= 60.3 N | M= 30.4 Nm (limit 150.0) | edge= 21.0 mm
set_up:     t=  8.2 s | tip=  1.3 deg | F= 60.3 N | M= 30.4 Nm (limit 150.0) | edge= 21.0 mm
set_up:     t=  8.4 s | tip=  1.3 deg | F= 60.3 N | M= 30.4 Nm (limit 150.0) | edge= 21.0 mm
set_up:     t=  8.6 s | tip=  1.3 deg | F= 60.3 N | M= 30.4 Nm (limit 150.0) | edge= 21.0 mm
set_up:     t=  8.8 s | tip=  1.3 deg | F= 60.3 N | M= 30.4 Nm (limit 150.0) | edge= 21.0 mm
set_up:     t=  9.0 s | tip=  1.3 deg | F= 60.3 N | M= 30.4 Nm (limit 150.0) | edge= 21.0 mm
set_up:     t=  9.2 s | tip=  1.3 deg | F= 60.3 N | M= 30.4 Nm (limit 150.0) | edge= 21.0 mm
set_up:     t=  9.4 s | tip=  1.3 deg | F= 60.3 N | M= 30.4 Nm (limit 150.0) | edge= 21.0 mm
set_up:     t=  9.6 s | tip=  1.3 deg | F= 60.3 N | M= 30.4 Nm (limit 150.0) | edge= 21.0 mm
set_up:     t=  9.8 s | tip=  1.3 deg | F= 60.4 N | M= 30.4 Nm (limit 150.0) | edge= 21.0 mm
set_up:     t= 10.0 s | tip=  1.3 deg | F= 60.2 N | M= 30.3 Nm (limit 150.0) | edge= 21.0 mm
set_up:     t= 10.2 s | tip=  1.3 deg | F= 60.5 N | M= 30.5 Nm (limit 150.0) | edge= 21.0 mm
set_up:     t= 10.4 s | tip=  1.3 deg | F= 60.4 N | M= 30.4 Nm (limit 150.0) | edge= 21.0 mm
set_up:     t= 10.6 s | tip=  1.3 deg | F= 60.4 N | M= 30.4 Nm (limit 150.0) | edge= 21.0 mm
set_up:     t= 10.8 s | tip=  1.3 deg | F= 60.3 N | M= 30.4 Nm (limit 150.0) | edge= 21.0 mm
set_up:     t= 11.0 s | tip=  1.3 deg | F= 60.3 N | M= 30.4 Nm (limit 150.0) | edge= 21.0 mm
set_up:     t= 11.2 s | tip=  1.3 deg | F= 60.3 N | M= 30.4 Nm (limit 150.0) | edge= 21.0 mm
set_up:     t= 11.4 s | tip=  1.3 deg | F= 60.4 N | M= 30.4 Nm (limit 150.0) | edge= 21.0 mm
set_up:     t= 11.6 s | tip=  1.3 deg | F= 60.4 N | M= 30.4 Nm (limit 150.0) | edge= 21.0 mm
set_up:     t= 11.8 s | tip=  1.3 deg | F= 60.3 N | M= 30.4 Nm (limit 150.0) | edge= 21.0 mm

=== Set-up result ===
stop: time | t=12.0 s | tip=1.3 deg | F=60.3 N | M=30.4 Nm
edge_from_contact = [-4.6, +0.5, -20.5] mm | norm=21.0 mm
tcp_from_contact  = [-20.3, +61.4, +0.7] mm | norm=64.6 mm
alignment: before=0.44 deg | after=1.07 deg | gain=-0.62 deg

=== Set-up surface-frame breakdown ===
frame: alignment-target [tangent1, tangent2, normal]
force        [N]      = [   -15.26,     -2.66,    -58.30]
tcp_disp     [mm]     = [    -3.01,     +0.69,    -40.96]
edge_disp    [mm]     = [    -2.75,     +0.53,    -20.81]
Kp_eff=F/tcp [N/m]    = [   5067.1,   -3847.8,    1423.2]
moment@edge  [Nm]     = [    +2.67,    +28.29,     -1.88]
tip_angle    [deg]    = [    +0.90,     -0.79,     -0.50]
KR_eff=M/ang [Nm/rad] = [    169.6,   -2059.6,     213.5]

finite_axis: angle=1.3 deg | axis_from_edge=[-562.9, -682.9, +97.7] mm | dir=[-0.658, +0.606, +0.447] | pitch=-257.9 mm/rad
(coupled_K_tcp/coupled_D_tcp queued for the next run)

=== Coupled stiffness from the measured pole ===
source spring K_pole/D_pole (diagonal, from parameters):
  Kp [N/m]     = [2000, 2000, 350]
  KR [Nm/rad]  = [50, 50, 50]
  Dp [Ns/m]    = [10, 10, 175]
  DR [Nms/rad] = [10.01, 10.01, 10]

poles compared (lever r_c = TCP - pole):
  (A) measured axis : angle=1.3 deg | pitch=-257.9 mm/rad
      pole_from_edge = [-554.5, -686.9, 115.5] mm
      r_c            = [538.8, 747.8, -94.3] mm
  (B) manual pole   : comparison only, contact reference
      pole_from_edge = [-35.4, 79.5, 20.5] mm
      r_c            = [26.3, -19.3, 41.3] mm
      r_c(B)-r_c(A)  = [-512.5, -767.1, 135.6] mm

K_TCP = Ad^T K_pole Ad  [rows fx..mz | cols tx..rz]:
  (A) measured axis:
           tx        ty        tz    |    rx        ry        rz
  fx [    2000        0        0 |        0    188.6     1496 ]
  fy [       0     2000        0 |   -188.6        0    -1078 ]
  fz [       0        0      350 |   -261.7    188.6        0 ]
     ---------------------------+---------------------------
  mx [       0   -188.6   -261.7 |    263.5     -141    101.6 ]
  my [   188.6        0    188.6 |     -141    169.4    141.1 ]
  mz [    1496    -1078        0 |    101.6    141.1     1749 ]
  (A) K_TCP eigenvalues = [25.95, 26.74, 50, 666.8, 2022, 3740] -> PSD ok (>=0) (min=25.95)
  (B) manual pole:
           tx        ty        tz    |    rx        ry        rz
  fx [    2000        0        0 |        0   -82.54   -38.63 ]
  fy [       0     2000        0 |    82.54        0   -52.58 ]
  fz [       0        0      350 |    6.761    9.201        0 ]
     ---------------------------+---------------------------
  mx [       0    82.54    6.761 |    53.54   0.1777    -2.17 ]
  my [  -82.54        0    9.201 |   0.1777    53.65    1.594 ]
  mz [  -38.63   -52.58        0 |    -2.17    1.594    52.13 ]
  (B) K_TCP eigenvalues = [49.85, 49.86, 50, 350.4, 2003, 2006] -> PSD ok (>=0) (min=49.85)

D_TCP = Ad^T D_pole Ad:
  (A) measured axis:
           tx        ty        tz    |    rx        ry        rz
  fx [     237        0        0 |        0    22.35    177.2 ]
  fy [       0    178.2        0 |   -16.81        0   -95.99 ]
  fz [       0        0    108.2 |    -80.9    58.29        0 ]
     ---------------------------+---------------------------
  mx [       0   -16.81    -80.9 |    66.51   -43.59    8.734 ]
  my [   22.35        0    58.29 |   -43.59    40.06    16.71 ]
  mz [   177.2   -95.99        0 |    8.734    16.71      185 ]
  (A) D_TCP eigenvalues = [0.4168, 2.595, 5.978, 184.4, 211.1, 410.4] -> PSD ok (>=0) (min=0.4168)
  (B) manual pole:
           tx        ty        tz    |    rx        ry        rz
  fx [     237        0        0 |        0   -9.779   -4.577 ]
  fy [       0    178.2        0 |    7.353        0   -4.684 ]
  fz [       0        0    108.2 |     2.09    2.844        0 ]
     ---------------------------+---------------------------
  mx [       0    7.353     2.09 |    4.773  0.05494  -0.5131 ]
  my [  -9.779        0    2.844 |  0.05494     7.03   0.1889 ]
  mz [  -4.577   -4.684        0 |  -0.5131   0.1889    1.014 ]
  (B) D_TCP eigenvalues = [0.7736, 4.447, 6.535, 108.3, 178.6, 237.5] -> PSD ok (>=0) (min=0.7736)
phase: grind

Stop requested with e + Enter. Finishing control loop...
params/sequence.txt updated after control loop (73 queued values).

Joint motion [deg]:
joint    start   final   delta
------------------------------
q1       -2.7    -6.1    -3.3
q2       18.1    31.9    13.8
q3       -5.1    -2.5     2.6
q4     -122.8  -123.2    -0.3
q5       17.5    -0.4   -17.9
q6      139.5   149.0     9.5
q7       26.8    40.4    13.6

=== Final result ===
p_d = [527.9, -90.0, -133.2] mm
p_EE = [532.5, -84.1, 26.0] mm
e_p = [-4.6, -5.8, -159.2] mm
position_error = 159.37 mm
e_R = [1.13, -1.04, 0.75] deg
rotation_error = 1.71 deg
csv: surface_grinding_controller_log.csv
