
Press Enter to recover and configure the robot.
Robot recovered or already ready.
Collision: custom thresholds.

=== Startup choice ===
  q = go to q_init (from params/common.txt), then choose again
  g = guiding mode: go to q_init, then hand-guide to your pose;
      use s+Enter for sequence or h+Enter for hold
  o = open the Franka hand now (release/load tool), then choose again
  c = close/grasp the tool now, then choose again
  r = continue to run mode (available after q_init is reached)
Choice [q/g/o/c/r, Enter = q]: Moving to q_init...
q_init reached.

=== Startup choice ===
  q = go to q_init (from params/common.txt), then choose again
  g = guiding mode: go to q_init, then hand-guide to your pose;
      use s+Enter for sequence or h+Enter for hold
  o = open the Franka hand now (release/load tool), then choose again
  c = close/grasp the tool now, then choose again
  r = continue to run mode
Choice [q/g/o/c/r, Enter = q]: Moving to q_init...
q_init reached.

=== Startup choice ===
  q = go to q_init (from params/common.txt), then choose again
  g = guiding mode: go to q_init, then hand-guide to your pose;
      use s+Enter for sequence or h+Enter for hold
  o = open the Franka hand now (release/load tool), then choose again
  c = close/grasp the tool now, then choose again
  r = continue to run mode
Choice [q/g/o/c/r, Enter = q]: 
=== Run mode ===
  s = phase sequence (approach / set up / grind)
  h = hold at the start pose
Choice [s/h, Enter = s]: Selected: phase sequence. Nullspace mode from parameters: nullspace_damping_plus_sigma.

=== Setup ===
run: phase sequence | approach_orient: on | nullspace: nullspace_damping_plus_sigma
nullspace parameters: d_null=2.000 | k_sigma=1.000 Nm | alpha=0.0800 rad
hold: Kp=300.0 N/m | KR=40.0 Nm/rad | damping=auto translation+rotation (factor fitted online toward Dp=50.0 Ns/m)
manual_guidance_start: off | manual_damping=0.50
descend: clearance=20.0 mm | speed=0.100 m/s | max_distance=640 mm
alignment push: start=captured | end=+180 mm | speed=0.050 m/s | ramp_time~=4.0 s | timeout=12.0 s | moment_threshold=150.0 Nm
grind: sweep | axis=tangent2 | amplitude=30 mm | frequency=0.20 Hz
coupled stiffness: apply=on | saved=yes | pole=manual
gates: pause_before_set_up=on | pause_auto_damping=on | pause_before_grind=off | debug_period=0.20 s
alignment-target normal=[+0.087, -0.000, +0.996] | tilt a(x)=0.0 deg, b(y)=5.0 deg (from angles)
tool face: 40 x 120 mm | center offset EE=[+0.0, +0.0, +20.0] mm
Gripper already holding the tool (width 65.0 mm); keeping grasp.
Press e+Enter to stop the controller before the duration expires.
During hold: press g+Enter to hand-guide the tool, then p+Enter to recapture and resume hold.
experiment_duration <= 0: running indefinitely until e + Enter.

=== Start pose ===
q_start = [-2.7, 18.1, -5.1, -122.8, 17.5, 139.5, 26.8] deg
p_start = [565.2, -59.3, 151.1] mm

=== Run ===
phase: approach_orient
orient:     t=  0.0 s | axis_err= 11.5 deg | rot_err= 11.5 deg
approach Dp        auto=[ 134.15,   97.24,  122.28]  manual=[  20.00,   20.00,   20.00] Ns/m
approach DR        auto=[  12.73,   16.37,    4.08]  manual=[  12.00,   12.00,   12.00] Nms/rad
orient:     t=  0.2 s | axis_err=  4.5 deg | rot_err=  4.5 deg
orient:     t=  0.4 s | axis_err=  2.3 deg | rot_err=  2.3 deg

Orientation reached: axis_err=1.9 deg
phase: approach_descend
descend:    t=  0.0 s | distance=   0.1 mm | height= +97.7 mm (target 20.0) | force=  0.0 N
descend:    t=  0.2 s | distance=  20.1 mm | height= +85.6 mm (target 20.0) | force=  0.8 N
descend:    t=  0.4 s | distance=  40.1 mm | height= +68.9 mm (target 20.0) | force=  1.8 N
descend:    t=  0.6 s | distance=  60.2 mm | height= +51.4 mm (target 20.0) | force=  1.6 N
descend:    t=  0.8 s | distance=  80.3 mm | height= +33.7 mm (target 20.0) | force=  1.7 N

[GATE] Reached 20 mm above the plane. Press Enter to start the set-up press (e+Enter stops).
pause auto damping: fitted Dp factor=0.551, DR factor=1.959
pause Dp [xyz]     auto=[ 206.63,  155.22,  224.83]  manual=[ 200.00,  200.00,  200.00] Ns/m
pause DR [t1t2n]   auto=[  11.72,   17.29,    2.04]  manual=[  12.73,   16.37,    4.08] Nms/rad
[GATE] Continuing to the set-up press.
descend:    t=  1.2 s | distance=  95.9 mm | height= +19.4 mm (target 20.0) | force= -0.0 N

Clearance reached: distance=95.9 mm | height=19.4 mm | target=20.0 mm | force=-0.0 N (not used for the switch)
offset_ee = [20.0, 60.0, 20.0] mm
p_EE_at_contact = [546.7, -64.2, 65.4] mm
contact_point = [560.5, -124.8, 24.1] mm
edge_offset_base = [13.8, -60.7, -41.3] mm
phase: set_up
set_up Dp [xyz]    auto=[ 237.13,  178.16,  108.08]  manual=[  10.00,   10.00,  175.00] Ns/m
set_up DR [t1t2n]  auto=[   1.41,    2.07,    0.78]  manual=[  10.01,   10.01,   10.00] Nms/rad
set_up:     t=  0.0 s | tip=  0.0 deg | F=  0.0 N | M=  0.0 Nm (limit 150.0) | edge= 19.4 mm
set_up:     t=  0.2 s | tip=  0.4 deg | F=  1.3 N | M=  0.5 Nm (limit 150.0) | edge= 13.8 mm
set_up:     t=  0.4 s | tip=  0.9 deg | F=  2.2 N | M=  0.9 Nm (limit 150.0) | edge=  6.7 mm
set_up:     t=  0.6 s | tip=  1.1 deg | F=  3.5 N | M=  1.5 Nm (limit 150.0) | edge=  3.4 mm
set_up:     t=  0.8 s | tip=  1.4 deg | F=  2.3 N | M=  0.9 Nm (limit 150.0) | edge= 12.0 mm
set_up:     t=  1.0 s | tip=  1.7 deg | F= 13.9 N | M=  7.5 Nm (limit 150.0) | edge= 19.1 mm
set_up:     t=  1.2 s | tip=  1.7 deg | F= 13.2 N | M=  7.2 Nm (limit 150.0) | edge= 19.2 mm
set_up:     t=  1.4 s | tip=  1.7 deg | F= 16.9 N | M=  9.6 Nm (limit 150.0) | edge= 19.3 mm
set_up:     t=  1.6 s | tip=  1.7 deg | F= 20.4 N | M= 11.5 Nm (limit 150.0) | edge= 19.4 mm
set_up:     t=  1.8 s | tip=  1.7 deg | F= 24.0 N | M= 13.4 Nm (limit 150.0) | edge= 19.5 mm
set_up:     t=  2.0 s | tip=  1.8 deg | F= 27.7 N | M= 15.4 Nm (limit 150.0) | edge= 19.7 mm
set_up:     t=  2.2 s | tip=  1.8 deg | F= 31.5 N | M= 17.3 Nm (limit 150.0) | edge= 19.8 mm
set_up:     t=  2.4 s | tip=  1.8 deg | F= 34.9 N | M= 19.2 Nm (limit 150.0) | edge= 20.0 mm
set_up:     t=  2.6 s | tip=  1.9 deg | F= 38.9 N | M= 21.3 Nm (limit 150.0) | edge= 20.2 mm
set_up:     t=  2.8 s | tip=  1.9 deg | F= 42.7 N | M= 23.4 Nm (limit 150.0) | edge= 20.3 mm
set_up:     t=  3.0 s | tip=  2.0 deg | F= 46.5 N | M= 25.4 Nm (limit 150.0) | edge= 20.5 mm
set_up:     t=  3.2 s | tip=  2.1 deg | F= 50.4 N | M= 27.5 Nm (limit 150.0) | edge= 20.7 mm
set_up:     t=  3.4 s | tip=  2.2 deg | F= 54.1 N | M= 29.4 Nm (limit 150.0) | edge= 20.9 mm
set_up:     t=  3.6 s | tip=  2.2 deg | F= 57.7 N | M= 31.2 Nm (limit 150.0) | edge= 21.1 mm
set_up:     t=  3.8 s | tip=  2.3 deg | F= 61.8 N | M= 33.5 Nm (limit 150.0) | edge= 21.2 mm
set_up:     t=  4.0 s | tip=  2.4 deg | F= 65.7 N | M= 35.6 Nm (limit 150.0) | edge= 21.3 mm
set_up:     t=  4.2 s | tip=  2.4 deg | F= 61.2 N | M= 32.9 Nm (limit 150.0) | edge= 21.3 mm
set_up:     t=  4.4 s | tip=  2.4 deg | F= 61.2 N | M= 32.9 Nm (limit 150.0) | edge= 21.3 mm
set_up:     t=  4.6 s | tip=  2.4 deg | F= 61.2 N | M= 32.9 Nm (limit 150.0) | edge= 21.3 mm
set_up:     t=  4.8 s | tip=  2.4 deg | F= 61.1 N | M= 32.8 Nm (limit 150.0) | edge= 21.3 mm
set_up:     t=  5.0 s | tip=  2.4 deg | F= 61.3 N | M= 32.9 Nm (limit 150.0) | edge= 21.3 mm
set_up:     t=  5.2 s | tip=  2.4 deg | F= 61.1 N | M= 32.8 Nm (limit 150.0) | edge= 21.3 mm
set_up:     t=  5.4 s | tip=  2.4 deg | F= 61.1 N | M= 32.8 Nm (limit 150.0) | edge= 21.3 mm
set_up:     t=  5.6 s | tip=  2.4 deg | F= 61.1 N | M= 32.8 Nm (limit 150.0) | edge= 21.3 mm
set_up:     t=  5.8 s | tip=  2.4 deg | F= 61.1 N | M= 32.8 Nm (limit 150.0) | edge= 21.3 mm
set_up:     t=  6.0 s | tip=  2.4 deg | F= 61.0 N | M= 32.7 Nm (limit 150.0) | edge= 21.3 mm
set_up:     t=  6.2 s | tip=  2.4 deg | F= 61.1 N | M= 32.8 Nm (limit 150.0) | edge= 21.3 mm
set_up:     t=  6.4 s | tip=  2.4 deg | F= 61.0 N | M= 32.7 Nm (limit 150.0) | edge= 21.3 mm
set_up:     t=  6.6 s | tip=  2.4 deg | F= 61.0 N | M= 32.7 Nm (limit 150.0) | edge= 21.4 mm
set_up:     t=  6.8 s | tip=  2.4 deg | F= 61.0 N | M= 32.7 Nm (limit 150.0) | edge= 21.3 mm
set_up:     t=  7.0 s | tip=  2.4 deg | F= 61.0 N | M= 32.7 Nm (limit 150.0) | edge= 21.3 mm
set_up:     t=  7.2 s | tip=  2.4 deg | F= 61.0 N | M= 32.7 Nm (limit 150.0) | edge= 21.4 mm
set_up:     t=  7.4 s | tip=  2.4 deg | F= 61.0 N | M= 32.7 Nm (limit 150.0) | edge= 21.4 mm
set_up:     t=  7.6 s | tip=  2.4 deg | F= 61.0 N | M= 32.7 Nm (limit 150.0) | edge= 21.4 mm
set_up:     t=  7.8 s | tip=  2.4 deg | F= 61.0 N | M= 32.7 Nm (limit 150.0) | edge= 21.4 mm
set_up:     t=  8.0 s | tip=  2.4 deg | F= 61.0 N | M= 32.7 Nm (limit 150.0) | edge= 21.4 mm
set_up:     t=  8.2 s | tip=  2.4 deg | F= 61.0 N | M= 32.7 Nm (limit 150.0) | edge= 21.4 mm
set_up:     t=  8.4 s | tip=  2.4 deg | F= 61.0 N | M= 32.7 Nm (limit 150.0) | edge= 21.4 mm
set_up:     t=  8.6 s | tip=  2.4 deg | F= 61.0 N | M= 32.7 Nm (limit 150.0) | edge= 21.4 mm
set_up:     t=  8.8 s | tip=  2.4 deg | F= 61.0 N | M= 32.7 Nm (limit 150.0) | edge= 21.4 mm
set_up:     t=  9.0 s | tip=  2.4 deg | F= 60.9 N | M= 32.7 Nm (limit 150.0) | edge= 21.4 mm
set_up:     t=  9.2 s | tip=  2.4 deg | F= 60.9 N | M= 32.7 Nm (limit 150.0) | edge= 21.4 mm
set_up:     t=  9.4 s | tip=  2.4 deg | F= 60.8 N | M= 32.6 Nm (limit 150.0) | edge= 21.4 mm
set_up:     t=  9.6 s | tip=  2.4 deg | F= 60.9 N | M= 32.7 Nm (limit 150.0) | edge= 21.4 mm
set_up:     t=  9.8 s | tip=  2.4 deg | F= 60.9 N | M= 32.6 Nm (limit 150.0) | edge= 21.4 mm
set_up:     t= 10.0 s | tip=  2.4 deg | F= 60.9 N | M= 32.7 Nm (limit 150.0) | edge= 21.4 mm
set_up:     t= 10.2 s | tip=  2.4 deg | F= 60.8 N | M= 32.6 Nm (limit 150.0) | edge= 21.4 mm
set_up:     t= 10.4 s | tip=  2.4 deg | F= 60.9 N | M= 32.6 Nm (limit 150.0) | edge= 21.4 mm
set_up:     t= 10.6 s | tip=  2.4 deg | F= 60.9 N | M= 32.7 Nm (limit 150.0) | edge= 21.4 mm
set_up:     t= 10.8 s | tip=  2.4 deg | F= 60.9 N | M= 32.6 Nm (limit 150.0) | edge= 21.4 mm
set_up:     t= 11.0 s | tip=  2.4 deg | F= 61.0 N | M= 32.7 Nm (limit 150.0) | edge= 21.4 mm
set_up:     t= 11.2 s | tip=  2.4 deg | F= 60.8 N | M= 32.6 Nm (limit 150.0) | edge= 21.4 mm
set_up:     t= 11.4 s | tip=  2.4 deg | F= 60.9 N | M= 32.7 Nm (limit 150.0) | edge= 21.4 mm
set_up:     t= 11.6 s | tip=  2.4 deg | F= 60.8 N | M= 32.6 Nm (limit 150.0) | edge= 21.4 mm
set_up:     t= 11.8 s | tip=  2.4 deg | F= 60.9 N | M= 32.6 Nm (limit 150.0) | edge= 21.4 mm

=== Set-up result ===
stop: time | t=12.0 s | tip=2.4 deg | F=60.9 N | M=32.6 Nm
edge_from_contact = [-5.9, +0.5, -20.5] mm | norm=21.4 mm
tcp_from_contact  = [-20.4, +61.2, +2.1] mm | norm=64.5 mm
alignment: before=0.49 deg | after=2.63 deg | gain=-2.14 deg

=== Set-up surface-frame breakdown ===
frame: alignment-target [tangent1, tangent2, normal]
force        [N]      = [   -13.21,     -1.11,    -59.41]
tcp_disp     [mm]     = [    -3.15,     +0.51,    -39.66]
edge_disp    [mm]     = [    -4.09,     +0.51,    -20.96]
Kp_eff=F/tcp [N/m]    = [   4192.5,   -2169.1,    1497.9]
moment@edge  [Nm]     = [    +3.73,    +30.45,     -1.32]
tip_angle    [deg]    = [    -0.04,     -2.39,     +0.06]
KR_eff=M/ang [Nm/rad] = [  -5629.9,    -730.5,   -1181.5]

finite_axis: angle=2.4 deg | axis_from_edge=[-494.5, +10.4, +131.4] mm | dir=[+0.013, +1.000, -0.028] | pitch=+24.0 mm/rad

=== Coupled stiffness from the measured pole ===
source spring K_pole/D_pole (diagonal, from parameters):
  Kp [N/m]     = [2000, 2000, 350]
  KR [Nm/rad]  = [5, 5, 50]
  Dp [Ns/m]    = [10, 10, 175]
  DR [Nms/rad] = [10.01, 10.01, 10]

poles compared (lever r_c = TCP - pole):
  (A) measured axis : angle=2.4 deg | pitch=+24.0 mm/rad
      pole_from_edge = [-488.5, 10.9, 151.9] mm
      r_c            = [474.1, 49.8, -129.2] mm
  (B) manual pole   : COMMANDED this run, contact reference
      pole_from_edge = [5.9, -0.5, 20.5] mm
      r_c            = [-13.8, 60.7, 41.3] mm
      r_c(B)-r_c(A)  = [-487.9, 10.8, 170.6] mm

K_TCP = Ad^T K_pole Ad  [rows fx..mz | cols tx..rz]:
  (A) measured axis:
           tx        ty        tz    |    rx        ry        rz
  fx [    2000        0        0 |        0    258.5    99.61 ]
  fy [       0     2000        0 |   -258.5        0   -948.2 ]
  fz [       0        0      350 |   -17.43    165.9        0 ]
     ---------------------------+---------------------------
  mx [       0   -258.5   -17.43 |    39.62   -8.264    126.5 ]
  my [   258.5        0    165.9 |   -8.264    117.1    12.87 ]
  mz [   99.61   -948.2        0 |    126.5    12.87    504.1 ]
  (A) K_TCP eigenvalues = [4.011, 4.961, 40.35, 428.8, 2035, 2498] -> PSD ok (>=0) (min=4.011)
  (B) manual pole:
           tx        ty        tz    |    rx        ry        rz
  fx [    2000        0        0 |        0   -82.68    121.3 ]
  fy [       0     2000        0 |    82.68        0    27.52 ]
  fz [       0        0      350 |   -21.23   -4.816        0 ]
     ---------------------------+---------------------------
  mx [       0    82.68   -21.23 |    10.05   0.2921    5.045 ]
  my [  -82.68        0   -4.816 |   0.2921    8.484   -5.014 ]
  mz [   121.3    27.52        0 |    5.045   -5.014    57.39 ]
  (B) K_TCP eigenvalues = [4.972, 4.992, 49.8, 351.4, 2003, 2011] -> PSD ok (>=0) (min=4.972)

D_TCP = Ad^T D_pole Ad:
  (A) measured axis:
           tx        ty        tz    |    rx        ry        rz
  fx [   237.1        0        0 |        0    30.65    11.81 ]
  fy [       0    178.2        0 |   -23.03        0   -84.46 ]
  fz [       0        0    108.1 |   -5.383    51.24        0 ]
     ---------------------------+---------------------------
  mx [       0   -23.03   -5.383 |    4.649   -2.552    10.86 ]
  my [   30.65        0    51.24 |   -2.552    30.33    1.526 ]
  mz [   11.81   -84.46        0 |    10.86    1.526    41.41 ]
  (A) D_TCP eigenvalues = [0.6258, 1.396, 1.671, 132.1, 220.3, 243.6] -> PSD ok (>=0) (min=0.6258)
  (B) manual pole:
           tx        ty        tz    |    rx        ry        rz
  fx [   237.1        0        0 |        0   -9.802    14.38 ]
  fy [       0    178.2        0 |    7.365        0    2.451 ]
  fz [       0        0    108.1 |   -6.555   -1.487        0 ]
     ---------------------------+---------------------------
  mx [       0    7.365   -6.555 |    2.107   0.0902  0.04624 ]
  my [  -9.802        0   -1.487 |   0.0902      2.5  -0.5945 ]
  mz [   14.38    2.451        0 |  0.04624  -0.5945    1.686 ]
  (B) D_TCP eigenvalues = [0.772, 1.402, 2.071, 108.5, 178.5, 238.4] -> PSD ok (>=0) (min=0.772)
phase: grind

Stop requested with e + Enter. Finishing control loop...

Joint motion [deg]:
joint    start   final   delta
------------------------------
q1       -2.7    -1.2     1.6
q2       18.1    32.4    14.2
q3       -5.1    -3.1     2.1
q4     -122.8  -121.8     1.0
q5       17.5     1.8   -15.8
q6      139.5   146.1     6.6
q7       26.8    41.9    15.1

=== Final result ===
p_d = [529.3, -36.2, -133.3] mm
p_EE = [536.8, -42.5, 25.9] mm
e_p = [-7.5, 6.3, -159.2] mm
position_error = 159.49 mm
e_R = [0.55, -2.83, -0.23] deg
rotation_error = 2.89 deg
csv: surface_grinding_controller_log.csv
