
Press Enter to recover and configure the robot.
Robot recovered or already ready.
Collision: custom thresholds.

=== Startup choice ===
  q = go to q_init (from params/common.txt), then choose again
  g = guiding mode: go to q_init, then hand-guide to your pose;
      use s+Enter for sequence or h+Enter for hold
  o = open the Franka hand now (release/load tool), then choose again
  c = close/grasp the tool now, then choose again
  r = continue to run mode (available after q_init is reached)
Choice [q/g/o/c/r, Enter = q]: Moving to q_init...
q_init reached.

=== Startup choice ===
  q = go to q_init (from params/common.txt), then choose again
  g = guiding mode: go to q_init, then hand-guide to your pose;
      use s+Enter for sequence or h+Enter for hold
  o = open the Franka hand now (release/load tool), then choose again
  c = close/grasp the tool now, then choose again
  r = continue to run mode
Choice [q/g/o/c/r, Enter = q]: 
=== Run mode ===
  s = phase sequence (approach / set up / grind)
  h = hold at the start pose
Choice [s/h, Enter = s]: Selected: phase sequence. Nullspace mode from parameters: nullspace_damping_plus_sigma.

=== Setup ===
run: phase sequence | approach_orient: on | nullspace: nullspace_damping_plus_sigma
nullspace parameters: d_null=2.000 | k_sigma=1.000 Nm | alpha=0.0800 rad
hold: Kp=300.0 N/m | KR=40.0 Nm/rad | damping=auto translation+rotation (factor fitted online toward Dp=50.0 Ns/m)
manual_guidance_start: off | manual_damping=0.50
descend: clearance=20.0 mm | speed=0.100 m/s | max_distance=640 mm
alignment push: start=captured | end=+180 mm | speed=0.050 m/s | ramp_time~=4.0 s | timeout=12.0 s | moment_threshold=150.0 Nm
grind: sweep | axis=tangent2 | amplitude=30 mm | frequency=0.20 Hz
coupled stiffness: apply=on | saved=yes | pole=manual
gates: pause_before_set_up=on | pause_auto_damping=on | pause_before_grind=off | debug_period=0.20 s
alignment-target normal=[+0.087, -0.000, +0.996] | tilt a(x)=0.0 deg, b(y)=5.0 deg (from angles)
tool face: 40 x 120 mm | center offset EE=[+0.0, +0.0, +20.0] mm
Gripper already holding the tool (width 65.1 mm); keeping grasp.
Press e+Enter to stop the controller before the duration expires.
During hold: press g+Enter to hand-guide the tool, then p+Enter to recapture and resume hold.
experiment_duration <= 0: running indefinitely until e + Enter.

=== Start pose ===
q_start = [-2.7, 18.1, -5.1, -122.8, 17.5, 139.5, 26.8] deg
p_start = [565.0, -59.4, 151.0] mm

=== Run ===
phase: approach_orient
orient:     t=  0.0 s | axis_err= 11.4 deg | rot_err= 11.4 deg
approach Dp        auto=[ 134.14,   97.25,  122.29]  manual=[  20.00,   20.00,   20.00] Ns/m
approach DR        auto=[  12.73,   16.37,    4.07]  manual=[  12.00,   12.00,   12.00] Nms/rad
orient:     t=  0.2 s | axis_err=  4.6 deg | rot_err=  4.6 deg
orient:     t=  0.4 s | axis_err=  2.4 deg | rot_err=  2.4 deg

Orientation reached: axis_err=2.0 deg
phase: approach_descend
descend:    t=  0.0 s | distance=   0.1 mm | height= +97.3 mm (target 20.0) | force=  0.0 N
descend:    t=  0.2 s | distance=  20.1 mm | height= +85.4 mm (target 20.0) | force=  0.2 N
descend:    t=  0.4 s | distance=  40.1 mm | height= +68.3 mm (target 20.0) | force=  1.5 N
descend:    t=  0.6 s | distance=  60.2 mm | height= +50.8 mm (target 20.0) | force=  2.2 N
descend:    t=  0.8 s | distance=  80.3 mm | height= +33.0 mm (target 20.0) | force=  1.2 N

[GATE] Reached 20 mm above the plane. Press Enter to start the set-up press (e+Enter stops).
pause auto damping: fitted Dp factor=0.551, DR factor=1.962
pause Dp [xyz]     auto=[ 206.39,  155.30,  225.00]  manual=[ 200.00,  200.00,  200.00] Ns/m
pause DR [t1t2n]   auto=[  11.77,   17.26,    2.04]  manual=[  12.73,   16.37,    4.07] Nms/rad
[GATE] Continuing to the set-up press.
descend:    t=  3.0 s | distance=  95.1 mm | height= +19.5 mm (target 20.0) | force=  0.6 N

Clearance reached: distance=95.1 mm | height=19.5 mm | target=20.0 mm | force=0.6 N (not used for the switch)
offset_ee = [0.0, 60.0, 20.0] mm
p_EE_at_contact = [545.4, -65.8, 65.6] mm
contact_point = [539.2, -125.6, 25.9] mm
edge_offset_base = [-6.1, -59.8, -39.7] mm
phase: set_up
set_up Dp [xyz]    auto=[ 236.91,  178.30,  108.19]  manual=[  10.00,   10.00,  175.00] Ns/m
set_up DR [t1t2n]  auto=[   1.41,    2.07,    0.78]  manual=[  10.01,   10.01,   10.00] Nms/rad
set_up:     t=  0.0 s | tip=  0.0 deg | F=  0.0 N | M=  0.0 Nm (limit 150.0) | edge= 19.5 mm
set_up:     t=  0.2 s | tip=  0.4 deg | F=  1.6 N | M=  0.5 Nm (limit 150.0) | edge= 14.0 mm
set_up:     t=  0.4 s | tip=  0.4 deg | F=  1.3 N | M=  0.4 Nm (limit 150.0) | edge=  6.3 mm
set_up:     t=  0.6 s | tip=  0.7 deg | F=  1.5 N | M=  0.5 Nm (limit 150.0) | edge=  3.5 mm
set_up:     t=  0.8 s | tip=  0.9 deg | F=  1.7 N | M=  0.6 Nm (limit 150.0) | edge= 12.2 mm
set_up:     t=  1.0 s | tip=  0.8 deg | F= 12.7 N | M=  6.5 Nm (limit 150.0) | edge= 20.3 mm
set_up:     t=  1.2 s | tip=  0.8 deg | F= 11.8 N | M=  6.2 Nm (limit 150.0) | edge= 20.4 mm
set_up:     t=  1.4 s | tip=  0.8 deg | F= 15.4 N | M=  7.9 Nm (limit 150.0) | edge= 20.5 mm
set_up:     t=  1.6 s | tip=  0.8 deg | F= 18.8 N | M=  9.6 Nm (limit 150.0) | edge= 20.6 mm
set_up:     t=  1.8 s | tip=  0.8 deg | F= 23.0 N | M= 11.8 Nm (limit 150.0) | edge= 20.7 mm
set_up:     t=  2.0 s | tip=  0.8 deg | F= 26.6 N | M= 13.6 Nm (limit 150.0) | edge= 20.9 mm
set_up:     t=  2.2 s | tip=  0.8 deg | F= 30.4 N | M= 15.5 Nm (limit 150.0) | edge= 21.0 mm
set_up:     t=  2.4 s | tip=  0.8 deg | F= 34.1 N | M= 17.3 Nm (limit 150.0) | edge= 21.1 mm
set_up:     t=  2.6 s | tip=  0.9 deg | F= 37.8 N | M= 19.2 Nm (limit 150.0) | edge= 21.3 mm
set_up:     t=  2.8 s | tip=  1.0 deg | F= 41.5 N | M= 21.1 Nm (limit 150.0) | edge= 21.4 mm
set_up:     t=  3.0 s | tip=  1.0 deg | F= 45.0 N | M= 23.0 Nm (limit 150.0) | edge= 21.6 mm
set_up:     t=  3.2 s | tip=  1.1 deg | F= 48.6 N | M= 24.8 Nm (limit 150.0) | edge= 21.7 mm
set_up:     t=  3.4 s | tip=  1.4 deg | F= 51.7 N | M= 26.3 Nm (limit 150.0) | edge= 21.7 mm
set_up:     t=  3.6 s | tip=  1.4 deg | F= 55.3 N | M= 28.0 Nm (limit 150.0) | edge= 21.8 mm
set_up:     t=  3.8 s | tip=  1.4 deg | F= 59.2 N | M= 29.9 Nm (limit 150.0) | edge= 22.0 mm
set_up:     t=  4.0 s | tip=  1.3 deg | F= 63.3 N | M= 31.9 Nm (limit 150.0) | edge= 22.1 mm
set_up:     t=  4.2 s | tip=  1.3 deg | F= 59.6 N | M= 30.1 Nm (limit 150.0) | edge= 22.1 mm
set_up:     t=  4.4 s | tip=  1.3 deg | F= 59.3 N | M= 30.0 Nm (limit 150.0) | edge= 22.1 mm
set_up:     t=  4.6 s | tip=  1.3 deg | F= 59.4 N | M= 30.0 Nm (limit 150.0) | edge= 22.1 mm
set_up:     t=  4.8 s | tip=  1.3 deg | F= 59.4 N | M= 30.0 Nm (limit 150.0) | edge= 22.1 mm
set_up:     t=  5.0 s | tip=  1.3 deg | F= 59.3 N | M= 30.0 Nm (limit 150.0) | edge= 22.1 mm
set_up:     t=  5.2 s | tip=  1.3 deg | F= 59.3 N | M= 30.0 Nm (limit 150.0) | edge= 22.1 mm
set_up:     t=  5.4 s | tip=  1.3 deg | F= 59.3 N | M= 30.0 Nm (limit 150.0) | edge= 22.1 mm
set_up:     t=  5.6 s | tip=  1.3 deg | F= 59.2 N | M= 29.9 Nm (limit 150.0) | edge= 22.1 mm
set_up:     t=  5.8 s | tip=  1.3 deg | F= 59.2 N | M= 29.9 Nm (limit 150.0) | edge= 22.1 mm
set_up:     t=  6.0 s | tip=  1.3 deg | F= 59.2 N | M= 29.9 Nm (limit 150.0) | edge= 22.1 mm
set_up:     t=  6.2 s | tip=  1.3 deg | F= 59.2 N | M= 29.9 Nm (limit 150.0) | edge= 22.1 mm
set_up:     t=  6.4 s | tip=  1.3 deg | F= 59.2 N | M= 29.9 Nm (limit 150.0) | edge= 22.1 mm
set_up:     t=  6.6 s | tip=  1.3 deg | F= 59.2 N | M= 29.9 Nm (limit 150.0) | edge= 22.1 mm
set_up:     t=  6.8 s | tip=  1.3 deg | F= 59.1 N | M= 29.9 Nm (limit 150.0) | edge= 22.1 mm
set_up:     t=  7.0 s | tip=  1.3 deg | F= 59.1 N | M= 29.9 Nm (limit 150.0) | edge= 22.1 mm
set_up:     t=  7.2 s | tip=  1.3 deg | F= 59.1 N | M= 29.9 Nm (limit 150.0) | edge= 22.1 mm
set_up:     t=  7.4 s | tip=  1.3 deg | F= 59.1 N | M= 29.9 Nm (limit 150.0) | edge= 22.1 mm
set_up:     t=  7.6 s | tip=  1.3 deg | F= 59.2 N | M= 29.9 Nm (limit 150.0) | edge= 22.1 mm
set_up:     t=  7.8 s | tip=  1.3 deg | F= 59.1 N | M= 29.8 Nm (limit 150.0) | edge= 22.1 mm
set_up:     t=  8.0 s | tip=  1.3 deg | F= 59.1 N | M= 29.8 Nm (limit 150.0) | edge= 22.1 mm
set_up:     t=  8.2 s | tip=  1.3 deg | F= 59.1 N | M= 29.8 Nm (limit 150.0) | edge= 22.1 mm
set_up:     t=  8.4 s | tip=  1.3 deg | F= 59.1 N | M= 29.8 Nm (limit 150.0) | edge= 22.1 mm
set_up:     t=  8.6 s | tip=  1.3 deg | F= 59.1 N | M= 29.8 Nm (limit 150.0) | edge= 22.1 mm
set_up:     t=  8.8 s | tip=  1.3 deg | F= 59.1 N | M= 29.8 Nm (limit 150.0) | edge= 22.1 mm
set_up:     t=  9.0 s | tip=  1.3 deg | F= 59.1 N | M= 29.8 Nm (limit 150.0) | edge= 22.1 mm
set_up:     t=  9.2 s | tip=  1.3 deg | F= 59.1 N | M= 29.8 Nm (limit 150.0) | edge= 22.1 mm
set_up:     t=  9.4 s | tip=  1.3 deg | F= 59.0 N | M= 29.8 Nm (limit 150.0) | edge= 22.1 mm
set_up:     t=  9.6 s | tip=  1.3 deg | F= 59.1 N | M= 29.8 Nm (limit 150.0) | edge= 22.1 mm
set_up:     t=  9.8 s | tip=  1.3 deg | F= 59.1 N | M= 29.8 Nm (limit 150.0) | edge= 22.1 mm
set_up:     t= 10.0 s | tip=  1.3 deg | F= 59.1 N | M= 29.8 Nm (limit 150.0) | edge= 22.1 mm
set_up:     t= 10.2 s | tip=  1.3 deg | F= 59.2 N | M= 29.8 Nm (limit 150.0) | edge= 22.1 mm
set_up:     t= 10.4 s | tip=  1.3 deg | F= 59.2 N | M= 29.8 Nm (limit 150.0) | edge= 22.1 mm
set_up:     t= 10.6 s | tip=  1.3 deg | F= 59.2 N | M= 29.9 Nm (limit 150.0) | edge= 22.1 mm
set_up:     t= 10.8 s | tip=  1.3 deg | F= 59.2 N | M= 29.9 Nm (limit 150.0) | edge= 22.1 mm
set_up:     t= 11.0 s | tip=  1.3 deg | F= 59.2 N | M= 29.9 Nm (limit 150.0) | edge= 22.1 mm
set_up:     t= 11.2 s | tip=  1.3 deg | F= 59.2 N | M= 29.9 Nm (limit 150.0) | edge= 22.1 mm
set_up:     t= 11.4 s | tip=  1.3 deg | F= 59.2 N | M= 29.9 Nm (limit 150.0) | edge= 22.1 mm
set_up:     t= 11.6 s | tip=  1.3 deg | F= 59.2 N | M= 29.9 Nm (limit 150.0) | edge= 22.1 mm
set_up:     t= 11.8 s | tip=  1.3 deg | F= 59.2 N | M= 29.9 Nm (limit 150.0) | edge= 22.1 mm

=== Set-up result ===
stop: time | t=12.0 s | tip=1.3 deg | F=59.1 N | M=29.8 Nm
edge_from_contact = [-5.4, +0.2, -21.4] mm | norm=22.1 mm
tcp_from_contact  = [-1.1, +60.3, -2.2] mm | norm=60.3 mm
alignment: before=0.51 deg | after=1.12 deg | gain=-0.61 deg

=== Set-up surface-frame breakdown ===
frame: alignment-target [tangent1, tangent2, normal]
force        [N]      = [   -10.31,     -1.00,    -58.15]
tcp_disp     [mm]     = [    -3.53,     +0.52,    -42.38]
edge_disp    [mm]     = [    -3.55,     +0.18,    -21.81]
Kp_eff=F/tcp [N/m]    = [   2918.6,   -1930.6,    1372.2]
moment@edge  [Nm]     = [    +1.42,    +29.30,     -0.62]
tip_angle    [deg]    = [    +0.94,     -0.92,     -0.29]
KR_eff=M/ang [Nm/rad] = [     86.7,   -1832.2,     123.3]

finite_axis: angle=1.3 deg | axis_from_edge=[-630.8, -682.0, +143.2] mm | dir=[-0.677, +0.683, +0.274] | pitch=-87.8 mm/rad

=== Coupled stiffness from the measured pole ===
source spring K_pole/D_pole (diagonal, from parameters):
  Kp [N/m]     = [2000, 2000, 350]
  KR [Nm/rad]  = [5, 5, 50]
  Dp [Ns/m]    = [10, 10, 175]
  DR [Nms/rad] = [10.01, 10.01, 10]

poles compared (lever r_c = TCP - pole):
  (A) measured axis : angle=1.3 deg | pitch=-87.8 mm/rad
      pole_from_edge = [-624.0, -683.6, 164.0] mm
      r_c            = [628.4, 743.7, -144.9] mm
  (B) manual pole   : COMMANDED this run, contact reference
      pole_from_edge = [-34.6, 79.8, 21.4] mm
      r_c            = [46.1, -20.2, 39.7] mm
      r_c(B)-r_c(A)  = [-582.2, -763.9, 184.5] mm

K_TCP = Ad^T K_pole Ad  [rows fx..mz | cols tx..rz]:
  (A) measured axis:
           tx        ty        tz    |    rx        ry        rz
  fx [    2000        0        0 |        0    289.7     1487 ]
  fy [       0     2000        0 |   -289.7        0    -1257 ]
  fz [       0        0      350 |   -260.3    219.9        0 ]
     ---------------------------+---------------------------
  mx [       0   -289.7   -260.3 |    240.9   -163.6    185.9 ]
  my [   289.7        0    219.9 |   -163.6    185.2    215.5 ]
  mz [    1487    -1257        0 |    185.9    215.5     1945 ]
  (A) K_TCP eigenvalues = [2.531, 4.955, 25.46, 674, 2052, 3962] -> PSD ok (>=0) (min=2.531)
  (B) manual pole:
           tx        ty        tz    |    rx        ry        rz
  fx [    2000        0        0 |        0   -79.36   -40.47 ]
  fy [       0     2000        0 |    79.36        0   -92.29 ]
  fz [       0        0      350 |    7.082    16.15        0 ]
     ---------------------------+---------------------------
  mx [       0    79.36    7.082 |    8.634   0.3268   0.2448 ]
  my [  -79.36        0    16.15 |   0.3268    8.895    1.606 ]
  mz [  -40.47   -92.29        0 |   0.2448    1.606    54.74 ]
  (B) K_TCP eigenvalues = [4.979, 4.991, 49.89, 350.9, 2003, 2008] -> PSD ok (>=0) (min=4.979)

D_TCP = Ad^T D_pole Ad:
  (A) measured axis:
           tx        ty        tz    |    rx        ry        rz
  fx [   236.9        0        0 |        0    34.32    176.2 ]
  fy [       0    178.3        0 |   -25.83        0     -112 ]
  fz [       0        0    108.2 |   -80.46    67.98        0 ]
     ---------------------------+---------------------------
  mx [       0   -25.83   -80.46 |    64.99   -50.56    16.17 ]
  my [   34.32        0    67.98 |   -50.56    49.76    25.52 ]
  mz [   176.2     -112        0 |    16.17    25.52    202.2 ]
  (A) D_TCP eigenvalues = [0.3944, 0.8022, 1.839, 184.2, 226.5, 426.6] -> PSD ok (>=0) (min=0.3944)
  (B) manual pole:
           tx        ty        tz    |    rx        ry        rz
  fx [   236.9        0        0 |        0   -9.401   -4.794 ]
  fy [       0    178.3        0 |    7.075        0   -8.228 ]
  fz [       0        0    108.2 |    2.189    4.992        0 ]
     ---------------------------+---------------------------
  mx [       0    7.075    2.189 |    1.733    0.101  -0.3819 ]
  my [  -9.401        0    4.992 |    0.101    2.673   0.1902 ]
  mz [  -4.794   -8.228        0 |  -0.3819   0.1902    1.257 ]
  (B) D_TCP eigenvalues = [0.7733, 1.41, 2.061, 108.5, 179, 237.4] -> PSD ok (>=0) (min=0.7733)
phase: grind

Stop requested with e + Enter. Finishing control loop...

Joint motion [deg]:
joint    start   final   delta
------------------------------
q1       -2.7    -3.8    -1.1
q2       18.1    32.2    14.0
q3       -5.1    -0.5     4.6
q4     -122.8  -123.2    -0.4
q5       17.5    -0.1   -17.6
q6      139.5   148.4     9.0
q7       26.8    43.1    16.4

=== Final result ===
p_d = [528.0, -37.6, -133.2] mm
p_EE = [533.6, -41.5, 22.6] mm
e_p = [-5.6, 3.9, -155.7] mm
position_error = 155.87 mm
e_R = [0.29, -1.81, -0.20] deg
rotation_error = 1.84 deg
csv: surface_grinding_controller_log.csv
