
Press Enter to recover and configure the robot.
Robot recovered or already ready.
keys: e stop | m menu | g hand-guide

=== Startup mode ===
  s = run the phase sequence from q_init
  h = hold the q_init pose
  t = hold with the set-up impedance
  g = hand-guide the start pose
  q = go to q_init and inspect
  o = open the hand now
  c = grasp the tool now
  r = recalibrate hand width, fingers empty
  f = fetch the tool from the holder
  b = put the tool back
  e = stop and quit
While a run is going: e+Enter stops, m+Enter comes back here.
Choice [s/h/t/g/q/o/c/r/f/b/e]: 
=== Phase sequence mode ===
Moving to q_init (horizontal_table_search)
  q1..q7 [deg] = [0.8, 12.1, -0.5, -130.9, -0.2, 142.9, 44.7] deg
  horizontal_table_search = [0.014777, 0.210911, -0.009320, -2.284835, -0.002725, 2.493410, 0.780694] rad
q_init reached.

=== Start pose ===
q_start = [0.8, 12.1, -0.6, -130.9, -0.2, 142.9, 44.7] deg
p_start = [531.3, 2.3, 156.9] mm

=== Run ===
phase: approach_orient
  Kp=[150, 150, 150] N/m  KR=[90, 90, 90] Nm/rad  [t1,t2,n]
  Dp=[126.5, 103.6, 128.3] Ns/m  DR=[13.45, 15.79, 2.01] Nms/rad  auto (factor 1.90)
orient:     t=  0.0 s | axis_err=  9.0 deg | spin_err=  0.8 deg
orient:     t=  0.2 s | axis_err=  8.1 deg | spin_err=  0.6 deg
orient:     t=  0.4 s | axis_err=  5.6 deg | spin_err=  0.1 deg
orient:     t=  0.6 s | axis_err=  3.3 deg | spin_err=  0.4 deg
orient:     t=  0.8 s | axis_err=  2.7 deg | spin_err=  0.5 deg
orient:     t=  1.0 s | axis_err=  2.5 deg | spin_err=  0.4 deg
orient:     t=  1.2 s | axis_err=  2.4 deg | spin_err=  0.4 deg
orient:     t=  1.4 s | axis_err=  2.4 deg | spin_err=  0.4 deg
orient:     t=  1.6 s | axis_err=  2.4 deg | spin_err=  0.4 deg
orient:     t=  1.8 s | axis_err=  2.4 deg | spin_err=  0.4 deg
orient:     t=  2.0 s | axis_err=  2.4 deg | spin_err=  0.4 deg
orient:     t=  2.2 s | axis_err=  2.3 deg | spin_err=  0.4 deg
orient:     t=  2.4 s | axis_err=  2.3 deg | spin_err=  0.4 deg
orient:     t=  2.6 s | axis_err=  2.3 deg | spin_err=  0.4 deg
orient:     t=  2.8 s | axis_err=  2.3 deg | spin_err=  0.4 deg
orient:     t=  3.0 s | axis_err=  2.3 deg | spin_err=  0.4 deg
orient:     t=  3.2 s | axis_err=  2.3 deg | spin_err=  0.4 deg
orient:     t=  3.4 s | axis_err=  2.3 deg | spin_err=  0.4 deg
orient:     t=  3.6 s | axis_err=  2.3 deg | spin_err=  0.4 deg
orient:     t=  3.8 s | axis_err=  2.3 deg | spin_err=  0.4 deg
orient:     t=  4.0 s | axis_err=  2.3 deg | spin_err=  0.4 deg
orient:     t=  4.2 s | axis_err=  2.3 deg | spin_err=  0.4 deg
orient:     t=  4.4 s | axis_err=  2.3 deg | spin_err=  0.4 deg
orient:     t=  4.6 s | axis_err=  2.3 deg | spin_err=  0.4 deg
orient:     t=  4.8 s | axis_err=  2.3 deg | spin_err=  0.4 deg

Orientation settled short of the 2.0 deg gate after 5.0 s: axis_err=2.3 deg | spin_err=0.4 deg
phase: approach_descend
  Kp=[150, 150, 150] N/m  KR=[90, 90, 90] Nm/rad  [t1,t2,n]
  Dp=[126.5, 103.6, 128.3] Ns/m  DR=[13.45, 15.79, 2.01] Nms/rad  auto (factor 1.90)
  descend to 20 mm clearance at 0.100 m/s
descend:    t=  0.0 s | distance=   0.1 mm | height=+135.7 mm (target 20.0) | force= -0.0 N
descend:    t=  0.2 s | distance=  20.1 mm | height=+124.8 mm (target 20.0) | force=  0.4 N
descend:    t=  0.4 s | distance=  40.1 mm | height=+107.7 mm (target 20.0) | force= -0.1 N
descend:    t=  0.6 s | distance=  60.1 mm | height= +89.9 mm (target 20.0) | force=  1.3 N
descend:    t=  0.8 s | distance=  80.1 mm | height= +71.4 mm (target 20.0) | force=  0.6 N
descend:    t=  1.0 s | distance= 100.1 mm | height= +52.5 mm (target 20.0) | force=  0.3 N
descend:    t=  1.2 s | distance= 120.1 mm | height= +33.5 mm (target 20.0) | force=  1.1 N

[GATE] Reached 20 mm above the plane. Press Enter to start the set-up press (e+Enter stops).
  gate hold: Kp=[5000, 5000, 5000] N/m [x,y,z]  KR=[90, 90, 90] Nm/rad [t1,t2,n]
             Dp=[205.1, 145.7, 252.5] Ns/m  DR=[13.79, 11.95, 2.53] Nms/rad  auto
[GATE] Continuing to the set-up press.

Clearance reached: distance=134.4 mm | height=19.9 mm | target=20.0 mm | force=0.5 N (not used for the switch)
offset_ee = [-20.0, 60.0, 20.0] mm
p_EE_at_contact = [535.1, 7.5, 44.3] mm
contact_point = [517.6, -52.9, 1.6] mm
edge_offset_base = [-17.5, -60.4, -42.7] mm
phase: set_up

--- set-up impedance ---
  wrench = K_TCP*dx + D_TCP*dv, K_TCP = Ad(r_c)^T*blkdiag(Kp,KR)*Ad(r_c)
  Kp [t1,t2,n]  = [  2000.0,   2000.0,    800.0] N/m
  Dp [t1,t2,n]  = [   212.0,    180.3,    174.8] Ns/m   auto
  KR [t1,t2,n]  = [     5.0,      5.0,     50.0] Nm/rad
  DR [t1,t2,n]  = [     1.9,      1.7,      1.1] Nms/rad   auto
  r_c [t1,t2,n] = [     3.5,      0.0,     19.7] mm   centre of compliance
set_up:     t=  0.0 s | tip=  0.0 deg | F=  0.1 N | M=  0.0 Nm (limit 150.0) | edge= 19.8 mm
set_up:     t=  0.2 s | tip=  0.4 deg | F=  1.1 N | M=  1.0 Nm (limit 150.0) | edge= 10.4 mm
set_up:     t=  0.4 s | tip=  1.0 deg | F=  1.2 N | M=  1.1 Nm (limit 150.0) | edge=  4.0 mm
set_up:     t=  0.6 s | tip=  1.2 deg | F= 11.5 N | M=  6.7 Nm (limit 150.0) | edge=  1.5 mm
set_up:     t=  0.8 s | tip=  1.2 deg | F= 19.1 N | M= 10.6 Nm (limit 150.0) | edge=  1.4 mm
set_up:     t=  1.0 s | tip=  1.2 deg | F= 26.6 N | M= 14.5 Nm (limit 150.0) | edge=  1.6 mm
set_up:     t=  1.2 s | tip=  1.3 deg | F= 34.9 N | M= 19.1 Nm (limit 150.0) | edge=  1.9 mm
set_up:     t=  1.4 s | tip=  1.3 deg | F= 42.5 N | M= 23.2 Nm (limit 150.0) | edge=  2.3 mm
set_up:     t=  1.6 s | tip=  1.3 deg | F= 51.1 N | M= 27.8 Nm (limit 150.0) | edge=  2.6 mm
set_up:     t=  1.8 s | tip=  1.4 deg | F= 45.7 N | M= 25.0 Nm (limit 150.0) | edge=  2.4 mm
set_up:     t=  2.0 s | tip=  1.4 deg | F= 45.6 N | M= 25.0 Nm (limit 150.0) | edge=  2.4 mm
set_up:     t=  2.2 s | tip=  1.4 deg | F= 45.5 N | M= 24.9 Nm (limit 150.0) | edge=  2.4 mm
set_up:     t=  2.4 s | tip=  1.4 deg | F= 45.5 N | M= 24.9 Nm (limit 150.0) | edge=  2.4 mm
set_up:     t=  2.6 s | tip=  1.4 deg | F= 45.4 N | M= 24.9 Nm (limit 150.0) | edge=  2.4 mm
set_up:     t=  2.8 s | tip=  1.4 deg | F= 45.4 N | M= 24.9 Nm (limit 150.0) | edge=  2.4 mm
set_up:     t=  3.0 s | tip=  1.4 deg | F= 45.4 N | M= 24.9 Nm (limit 150.0) | edge=  2.4 mm
set_up:     t=  3.2 s | tip=  1.4 deg | F= 45.3 N | M= 24.9 Nm (limit 150.0) | edge=  2.4 mm
set_up:     t=  3.4 s | tip=  1.4 deg | F= 45.3 N | M= 24.9 Nm (limit 150.0) | edge=  2.4 mm
set_up:     t=  3.6 s | tip=  1.4 deg | F= 45.3 N | M= 24.8 Nm (limit 150.0) | edge=  2.4 mm
set_up:     t=  3.8 s | tip=  1.4 deg | F= 45.3 N | M= 24.9 Nm (limit 150.0) | edge=  2.4 mm
set_up:     t=  4.0 s | tip=  1.4 deg | F= 45.2 N | M= 24.8 Nm (limit 150.0) | edge=  2.4 mm
set_up:     t=  4.2 s | tip=  1.4 deg | F= 45.3 N | M= 24.8 Nm (limit 150.0) | edge=  2.4 mm
set_up:     t=  4.4 s | tip=  1.4 deg | F= 45.3 N | M= 24.8 Nm (limit 150.0) | edge=  2.4 mm
set_up:     t=  4.6 s | tip=  1.4 deg | F= 45.2 N | M= 24.8 Nm (limit 150.0) | edge=  2.4 mm
set_up:     t=  4.8 s | tip=  1.4 deg | F= 45.3 N | M= 24.8 Nm (limit 150.0) | edge=  2.4 mm

=== Set-up result ===
stop: time | t=5.0 s | tip=1.4 deg | F=45.3 N | M=24.8 Nm
edge_from_contact = [-0.1, +0.3, -2.4] mm | norm=2.4 mm
tcp_from_contact  = [+17.5, +60.3, +19.9] mm | norm=65.8 mm
alignment: before=8.44 deg | after=7.11 deg | gain=+1.33 deg
alignment components [t1,t2,n] deg: before=[-1.75,-8.26,+0.00] | after=[-1.25,-7.00,+0.00]

=== Set-up surface-frame breakdown ===
frame: alignment-target [tangent1, tangent2, normal]
force        [N]      = [    +0.26,     +1.07,    -45.24]
tcp_disp     [mm]     = [    -0.55,     -0.26,    -22.78]
edge_disp    [mm]     = [    -0.13,     -0.36,     -2.39]
Kp_eff=F/tcp [N/m]    = [   -466.2,   -4078.8,    1985.9]
moment@edge  [Nm]     = [    -8.49,    -24.29,     -0.63]
tip_angle    [deg]    = [    +0.48,     +1.27,     -0.15]
KR_eff=M/ang [Nm/rad] = [  -1018.5,   -1099.5,     242.5]

=== Centre of compliance ===
  r_c = p_TCP - p_c [t1,t2,n] = [3.5, 0.0, 19.7] mm
  K_TCP: translation [2000, 1999, 801] N/m | rotation [5.80, 5.82, 49.97] Nm/rad
         commanded KR was [5.01, 5.03, 49.95]; the rest is the lever
  D_TCP: translation [206.3, 185.9, 174.9] Ns/m | rotation [1.96, 1.80, 1.12] Nms/rad
  coupling: max |moment per unit translation| = 39.5 Nm/m (K), 4.1 Nms/m (D)
  K_TCP eigenvalues 5.00 .. 2001 | D_TCP 1.12 .. 212  (both positive: valid springs)

  K_TCP [N/m, Nm/rad | rows fx..mz, cols tx..rz]:
           tx        ty        tz    |    rx        ry        rz
  fx [    2000  -0.5725   -20.68 | -0.03043    -39.5   -1.849 ]
  fy [ -0.5725     1999   -33.18 |    39.51   0.1044     5.61 ]
  fz [  -20.68   -33.18    801.3 |  0.08387   -1.839   -0.074 ]
     ---------------------------+---------------------------
  mx [-0.03043    39.51  0.08387 |    5.795  0.02183   0.8865 ]
  my [   -39.5   0.1044   -1.839 |  0.02183    5.821    1.281 ]
  mz [  -1.849     5.61   -0.074 |   0.8865    1.281    49.97 ]

  D_TCP [Ns/m, Nms/rad]:
           tx        ty        tz    |    rx        ry        rz
  fx [   206.3    12.16  -0.8797 |   0.2397   -4.078  -0.1564 ]
  fy [   12.16    185.9  -0.5169 |    3.677  -0.2391   0.5105 ]
  fz [ -0.8797  -0.5169    174.9 |   0.1513  -0.4733 -0.000638 ]
     ---------------------------+---------------------------
  mx [  0.2397    3.677   0.1513 |    1.957  0.09342 -0.00578 ]
  my [  -4.078  -0.2391  -0.4733 |  0.09342      1.8 -0.01511 ]
  mz [ -0.1564   0.5105 -0.000638 | -0.00578 -0.01511    1.124 ]

[GATE] Set up finished (holding the pressed pose). Press Enter to start the grind (e+Enter stops).

Stop requested with e + Enter. Finishing control loop...

Joint motion [deg]:
joint    start   final   delta
------------------------------
q1        0.8     0.9     0.1
q2       12.1    30.6    18.5
q3       -0.6    -0.0     0.5
q4     -130.9  -132.1    -1.2
q5       -0.2     1.0     1.1
q6      142.9   168.9    26.0
q7       44.7    44.8     0.1

=== Final result ===
p_d = [533.7, 5.3, -35.6] mm
p_EE = [535.1, 7.4, 21.5] mm
e_p = [-1.4, -2.1, -57.1] mm
position_error = 57.11 mm
e_R = [0.10, -1.35, -0.11] deg
rotation_error = 1.36 deg
csv: logs/surface_grinding_controller_log.csv
