
Press Enter to recover and configure the robot.
Robot recovered or already ready.
Collision: custom thresholds.

=== Startup choice ===
  q = go to q_init (from params/common.txt), then choose again
  g = guiding mode: go to q_init, then hand-guide to your pose;
      use s+Enter for sequence or h+Enter for hold
  o = open the Franka hand now (release/load tool), then choose again
  c = close/grasp the tool now, then choose again
  r = continue to run mode (available after q_init is reached)
Choice [q/g/o/c/r, Enter = q]: Moving to q_init...
q_init reached.

=== Startup choice ===
  q = go to q_init (from params/common.txt), then choose again
  g = guiding mode: go to q_init, then hand-guide to your pose;
      use s+Enter for sequence or h+Enter for hold
  o = open the Franka hand now (release/load tool), then choose again
  c = close/grasp the tool now, then choose again
  r = continue to run mode
Choice [q/g/o/c/r, Enter = q]: 
=== Run mode ===
  s = phase sequence (approach / set up / grind)
  h = hold at the start pose
Choice [s/h, Enter = s]: Selected: phase sequence. Nullspace mode from parameters: nullspace_damping_plus_sigma.

=== Setup ===
run: phase sequence | approach_orient: on | nullspace: nullspace_damping_plus_sigma
nullspace parameters: d_null=2.000 | k_sigma=1.000 Nm | alpha=0.0800 rad
hold: Kp=300.0 N/m | KR=40.0 Nm/rad | damping=auto translation+rotation (factor fitted online toward Dp=50.0 Ns/m)
manual_guidance_start: off | manual_damping=0.50
descend: clearance=20.0 mm | speed=0.100 m/s | max_distance=640 mm
alignment push: start=captured | end=+180 mm | speed=0.050 m/s | ramp_time~=4.0 s | timeout=12.0 s | moment_threshold=150.0 Nm
grind: sweep | axis=tangent2 | amplitude=30 mm | frequency=0.20 Hz
coupled stiffness: apply=on | saved=yes | pole=manual
gates: pause_before_set_up=on | pause_auto_damping=on | pause_before_grind=off | debug_period=0.20 s
alignment-target normal=[+0.087, -0.000, +0.996] | tilt a(x)=0.0 deg, b(y)=5.0 deg (from angles)
tool face: 40 x 120 mm | center offset EE=[+0.0, +0.0, +20.0] mm
Gripper already holding the tool (width 65.1 mm); keeping grasp.
Press e+Enter to stop the controller before the duration expires.
During hold: press g+Enter to hand-guide the tool, then p+Enter to recapture and resume hold.
experiment_duration <= 0: running indefinitely until e + Enter.

=== Start pose ===
q_start = [-2.8, 18.1, -5.1, -122.8, 17.5, 139.5, 26.8] deg
p_start = [565.1, -59.5, 151.1] mm

=== Run ===
phase: approach_orient
orient:     t=  0.0 s | axis_err= 11.5 deg | rot_err= 11.5 deg
approach Dp        auto=[ 134.14,   97.25,  122.28]  manual=[  20.00,   20.00,   20.00] Ns/m
approach DR        auto=[  12.73,   16.36,    4.08]  manual=[  12.00,   12.00,   12.00] Nms/rad
orient:     t=  0.2 s | axis_err=  4.5 deg | rot_err=  4.5 deg
orient:     t=  0.4 s | axis_err=  2.3 deg | rot_err=  2.3 deg

Orientation reached: axis_err=1.9 deg
phase: approach_descend
descend:    t=  0.0 s | distance=   0.1 mm | height= +98.0 mm (target 20.0) | force=  0.0 N
descend:    t=  0.2 s | distance=  20.4 mm | height= +85.7 mm (target 20.0) | force=  0.8 N
descend:    t=  0.4 s | distance=  40.4 mm | height= +68.8 mm (target 20.0) | force=  1.8 N
descend:    t=  0.6 s | distance=  60.5 mm | height= +51.2 mm (target 20.0) | force=  1.6 N
descend:    t=  0.8 s | distance=  80.6 mm | height= +33.4 mm (target 20.0) | force=  2.0 N

[GATE] Reached 20 mm above the plane. Press Enter to start the set-up press (e+Enter stops).
pause auto damping: fitted Dp factor=0.551, DR factor=1.960
pause Dp [xyz]     auto=[ 206.58,  155.27,  224.85]  manual=[ 200.00,  200.00,  200.00] Ns/m
pause DR [t1t2n]   auto=[  11.73,   17.28,    2.04]  manual=[  12.73,   16.36,    4.08] Nms/rad
[GATE] Continuing to the set-up press.
descend:    t=  1.4 s | distance=  95.6 mm | height= +19.6 mm (target 20.0) | force=  0.5 N

Clearance reached: distance=95.6 mm | height=19.6 mm | target=20.0 mm | force=0.5 N (not used for the switch)
offset_ee = [20.0, 60.0, 20.0] mm
p_EE_at_contact = [546.5, -66.1, 65.5] mm
contact_point = [560.2, -126.7, 24.1] mm
edge_offset_base = [13.7, -60.7, -41.4] mm
phase: set_up
set_up Dp [xyz]    auto=[ 237.06,  178.22,  108.09]  manual=[  10.00,   10.00,  175.00] Ns/m
set_up DR [t1t2n]  auto=[   1.41,    2.07,    0.77]  manual=[  10.01,   10.01,   10.00] Nms/rad
set_up:     t=  0.0 s | tip=  0.0 deg | F=  0.1 N | M=  0.0 Nm (limit 150.0) | edge= 19.6 mm
set_up:     t=  0.2 s | tip=  0.5 deg | F=  1.4 N | M=  0.6 Nm (limit 150.0) | edge= 13.6 mm
set_up:     t=  0.4 s | tip=  1.0 deg | F=  2.5 N | M=  1.0 Nm (limit 150.0) | edge=  6.5 mm
set_up:     t=  0.6 s | tip=  1.3 deg | F=  2.4 N | M=  1.0 Nm (limit 150.0) | edge=  4.2 mm
set_up:     t=  0.8 s | tip=  1.6 deg | F=  2.2 N | M=  0.8 Nm (limit 150.0) | edge= 12.6 mm
set_up:     t=  1.0 s | tip=  1.9 deg | F= 12.2 N | M=  6.6 Nm (limit 150.0) | edge= 19.6 mm
set_up:     t=  1.2 s | tip=  1.9 deg | F= 12.5 N | M=  6.9 Nm (limit 150.0) | edge= 19.7 mm
set_up:     t=  1.4 s | tip=  1.9 deg | F= 16.3 N | M=  9.1 Nm (limit 150.0) | edge= 19.8 mm
set_up:     t=  1.6 s | tip=  2.0 deg | F= 19.8 N | M= 11.1 Nm (limit 150.0) | edge= 19.9 mm
set_up:     t=  1.8 s | tip=  2.0 deg | F= 23.5 N | M= 13.0 Nm (limit 150.0) | edge= 20.1 mm
set_up:     t=  2.0 s | tip=  2.0 deg | F= 27.0 N | M= 14.9 Nm (limit 150.0) | edge= 20.2 mm
set_up:     t=  2.2 s | tip=  2.0 deg | F= 30.7 N | M= 16.8 Nm (limit 150.0) | edge= 20.4 mm
set_up:     t=  2.4 s | tip=  2.1 deg | F= 34.5 N | M= 18.8 Nm (limit 150.0) | edge= 20.5 mm
set_up:     t=  2.6 s | tip=  2.1 deg | F= 38.4 N | M= 20.8 Nm (limit 150.0) | edge= 20.7 mm
set_up:     t=  2.8 s | tip=  2.1 deg | F= 42.0 N | M= 22.7 Nm (limit 150.0) | edge= 20.9 mm
set_up:     t=  3.0 s | tip=  2.1 deg | F= 45.9 N | M= 24.6 Nm (limit 150.0) | edge= 21.1 mm
set_up:     t=  3.2 s | tip=  2.2 deg | F= 49.8 N | M= 26.6 Nm (limit 150.0) | edge= 21.2 mm
set_up:     t=  3.4 s | tip=  2.2 deg | F= 53.5 N | M= 28.5 Nm (limit 150.0) | edge= 21.4 mm
set_up:     t=  3.6 s | tip=  2.2 deg | F= 57.3 N | M= 30.4 Nm (limit 150.0) | edge= 21.6 mm
set_up:     t=  3.8 s | tip=  2.3 deg | F= 61.3 N | M= 32.4 Nm (limit 150.0) | edge= 21.7 mm
set_up:     t=  4.0 s | tip=  2.3 deg | F= 65.2 N | M= 34.5 Nm (limit 150.0) | edge= 21.8 mm
set_up:     t=  4.2 s | tip=  2.3 deg | F= 61.3 N | M= 32.1 Nm (limit 150.0) | edge= 21.8 mm
set_up:     t=  4.4 s | tip=  2.3 deg | F= 61.3 N | M= 32.1 Nm (limit 150.0) | edge= 21.8 mm
set_up:     t=  4.6 s | tip=  2.3 deg | F= 61.3 N | M= 32.1 Nm (limit 150.0) | edge= 21.8 mm
set_up:     t=  4.8 s | tip=  2.3 deg | F= 61.2 N | M= 32.1 Nm (limit 150.0) | edge= 21.8 mm
set_up:     t=  5.0 s | tip=  2.3 deg | F= 61.2 N | M= 32.1 Nm (limit 150.0) | edge= 21.8 mm
set_up:     t=  5.2 s | tip=  2.3 deg | F= 61.2 N | M= 32.1 Nm (limit 150.0) | edge= 21.8 mm
set_up:     t=  5.4 s | tip=  2.3 deg | F= 61.2 N | M= 32.1 Nm (limit 150.0) | edge= 21.8 mm
set_up:     t=  5.6 s | tip=  2.3 deg | F= 61.2 N | M= 32.0 Nm (limit 150.0) | edge= 21.8 mm
set_up:     t=  5.8 s | tip=  2.3 deg | F= 61.1 N | M= 32.0 Nm (limit 150.0) | edge= 21.8 mm
set_up:     t=  6.0 s | tip=  2.3 deg | F= 61.1 N | M= 32.0 Nm (limit 150.0) | edge= 21.8 mm
set_up:     t=  6.2 s | tip=  2.3 deg | F= 61.1 N | M= 32.0 Nm (limit 150.0) | edge= 21.8 mm
set_up:     t=  6.4 s | tip=  2.3 deg | F= 61.1 N | M= 32.0 Nm (limit 150.0) | edge= 21.8 mm
set_up:     t=  6.6 s | tip=  2.3 deg | F= 61.1 N | M= 32.0 Nm (limit 150.0) | edge= 21.8 mm
set_up:     t=  6.8 s | tip=  2.3 deg | F= 61.1 N | M= 32.0 Nm (limit 150.0) | edge= 21.8 mm
set_up:     t=  7.0 s | tip=  2.3 deg | F= 61.1 N | M= 32.0 Nm (limit 150.0) | edge= 21.8 mm
set_up:     t=  7.2 s | tip=  2.3 deg | F= 61.1 N | M= 32.0 Nm (limit 150.0) | edge= 21.8 mm
set_up:     t=  7.4 s | tip=  2.3 deg | F= 61.1 N | M= 32.0 Nm (limit 150.0) | edge= 21.8 mm
set_up:     t=  7.6 s | tip=  2.3 deg | F= 61.1 N | M= 32.0 Nm (limit 150.0) | edge= 21.8 mm
set_up:     t=  7.8 s | tip=  2.3 deg | F= 61.1 N | M= 32.0 Nm (limit 150.0) | edge= 21.8 mm
set_up:     t=  8.0 s | tip=  2.3 deg | F= 61.1 N | M= 32.0 Nm (limit 150.0) | edge= 21.8 mm
set_up:     t=  8.2 s | tip=  2.3 deg | F= 61.1 N | M= 32.0 Nm (limit 150.0) | edge= 21.8 mm
set_up:     t=  8.4 s | tip=  2.3 deg | F= 61.1 N | M= 32.0 Nm (limit 150.0) | edge= 21.8 mm
set_up:     t=  8.6 s | tip=  2.3 deg | F= 61.1 N | M= 32.0 Nm (limit 150.0) | edge= 21.8 mm
set_up:     t=  8.8 s | tip=  2.3 deg | F= 61.1 N | M= 32.0 Nm (limit 150.0) | edge= 21.8 mm
set_up:     t=  9.0 s | tip=  2.3 deg | F= 61.0 N | M= 31.9 Nm (limit 150.0) | edge= 21.8 mm
set_up:     t=  9.2 s | tip=  2.3 deg | F= 61.1 N | M= 32.0 Nm (limit 150.0) | edge= 21.8 mm
set_up:     t=  9.4 s | tip=  2.3 deg | F= 61.0 N | M= 31.9 Nm (limit 150.0) | edge= 21.8 mm
set_up:     t=  9.6 s | tip=  2.3 deg | F= 61.0 N | M= 31.9 Nm (limit 150.0) | edge= 21.8 mm
set_up:     t=  9.8 s | tip=  2.3 deg | F= 61.0 N | M= 31.9 Nm (limit 150.0) | edge= 21.8 mm
set_up:     t= 10.0 s | tip=  2.3 deg | F= 61.0 N | M= 32.0 Nm (limit 150.0) | edge= 21.8 mm
set_up:     t= 10.2 s | tip=  2.3 deg | F= 61.0 N | M= 32.0 Nm (limit 150.0) | edge= 21.8 mm
set_up:     t= 10.4 s | tip=  2.3 deg | F= 61.0 N | M= 31.9 Nm (limit 150.0) | edge= 21.8 mm
set_up:     t= 10.6 s | tip=  2.3 deg | F= 61.0 N | M= 31.9 Nm (limit 150.0) | edge= 21.8 mm
set_up:     t= 10.8 s | tip=  2.3 deg | F= 61.0 N | M= 32.0 Nm (limit 150.0) | edge= 21.8 mm
set_up:     t= 11.0 s | tip=  2.3 deg | F= 61.0 N | M= 32.0 Nm (limit 150.0) | edge= 21.8 mm
set_up:     t= 11.2 s | tip=  2.3 deg | F= 61.0 N | M= 32.0 Nm (limit 150.0) | edge= 21.8 mm
set_up:     t= 11.4 s | tip=  2.3 deg | F= 61.2 N | M= 32.0 Nm (limit 150.0) | edge= 21.8 mm
set_up:     t= 11.6 s | tip=  2.3 deg | F= 61.0 N | M= 31.9 Nm (limit 150.0) | edge= 21.8 mm
set_up:     t= 11.8 s | tip=  2.3 deg | F= 61.0 N | M= 31.9 Nm (limit 150.0) | edge= 21.8 mm

=== Set-up result ===
stop: time | t=12.0 s | tip=2.3 deg | F=61.0 N | M=31.9 Nm
edge_from_contact = [-6.1, +0.3, -21.0] mm | norm=21.8 mm
tcp_from_contact  = [-20.4, +61.1, +1.5] mm | norm=64.4 mm
alignment: before=0.45 deg | after=2.46 deg | gain=-2.01 deg

=== Set-up surface-frame breakdown ===
frame: alignment-target [tangent1, tangent2, normal]
force        [N]      = [   -15.96,     -0.72,    -58.90]
tcp_disp     [mm]     = [    -3.16,     +0.40,    -40.37]
edge_disp    [mm]     = [    -4.25,     +0.31,    -21.42]
Kp_eff=F/tcp [N/m]    = [   5054.5,   -1799.3,    1458.8]
moment@edge  [Nm]     = [    +3.70,    +29.74,     -1.31]
tip_angle    [deg]    = [    +0.06,     -2.26,     +0.26]
KR_eff=M/ang [Nm/rad] = [   3837.3,    -752.3,    -293.0]

finite_axis: angle=2.3 deg | axis_from_edge=[-525.5, -2.3, +141.7] mm | dir=[-0.034, +0.993, -0.110] | pitch=+70.7 mm/rad

=== Coupled stiffness from the measured pole ===
source spring K_pole/D_pole (diagonal, from parameters):
  Kp [N/m]     = [2000, 2000, 350]
  KR [Nm/rad]  = [5, 5, 50]
  Dp [Ns/m]    = [10, 10, 175]
  DR [Nms/rad] = [10.01, 10.01, 10]

poles compared (lever r_c = TCP - pole):
  (A) measured axis : angle=2.3 deg | pitch=+70.7 mm/rad
      pole_from_edge = [-519.5, 0.2, 162.4] mm
      r_c            = [505.2, 60.6, -140.0] mm
  (B) manual pole   : COMMANDED this run, contact reference
      pole_from_edge = [9.6, -0.3, 60.8] mm
      r_c            = [-17.2, 60.7, 1.6] mm
      r_c(B)-r_c(A)  = [-522.4, 0.1, 141.5] mm

K_TCP = Ad^T K_pole Ad  [rows fx..mz | cols tx..rz]:
  (A) measured axis:
           tx        ty        tz    |    rx        ry        rz
  fx [    2000        0        0 |        0    279.9    121.1 ]
  fy [       0     2000        0 |   -279.9        0    -1010 ]
  fz [       0        0      350 |   -21.19    176.8        0 ]
     ---------------------------+---------------------------
  mx [       0   -279.9   -21.19 |     45.8   -10.71    145.3 ]
  my [   279.9        0    176.8 |   -10.71    133.5    16.95 ]
  mz [   121.1    -1010        0 |    145.3    16.95    567.4 ]
  (A) K_TCP eigenvalues = [3.902, 4.953, 39.31, 439.4, 2042, 2568] -> PSD ok (>=0) (min=3.902)
  (B) manual pole:
           tx        ty        tz    |    rx        ry        rz
  fx [    2000        0        0 |        0   -3.112    121.4 ]
  fy [       0     2000        0 |    3.112        0     34.4 ]
  fz [       0        0      350 |   -21.24   -6.021        0 ]
     ---------------------------+---------------------------
  mx [       0    3.112   -21.24 |    6.635   0.3653    3.961 ]
  my [  -3.112        0   -6.021 |   0.3653    5.108  -0.1888 ]
  mz [   121.4     34.4        0 |    3.961  -0.1888    57.61 ]
  (B) K_TCP eigenvalues = [4.98, 5, 49.8, 351.4, 2000, 2008] -> PSD ok (>=0) (min=4.98)

D_TCP = Ad^T D_pole Ad:
  (A) measured axis:
           tx        ty        tz    |    rx        ry        rz
  fx [   237.1        0        0 |        0    33.18    14.36 ]
  fy [       0    178.2        0 |   -24.94        0   -90.03 ]
  fz [       0        0    108.1 |   -6.545     54.6        0 ]
     ---------------------------+---------------------------
  mx [       0   -24.94   -6.545 |    5.293   -3.307    12.55 ]
  my [   33.18        0     54.6 |   -3.307     34.3    2.009 ]
  mz [   14.36   -90.03        0 |    12.55    2.009    47.13 ]
  (A) D_TCP eigenvalues = [0.6088, 1.391, 1.63, 135.2, 225.4, 245.9] -> PSD ok (>=0) (min=0.6088)
  (B) manual pole:
           tx        ty        tz    |    rx        ry        rz
  fx [   237.1        0        0 |        0  -0.3689    14.38 ]
  fy [       0    178.2        0 |   0.2773        0    3.066 ]
  fz [       0        0    108.1 |   -6.558   -1.859        0 ]
     ---------------------------+---------------------------
  mx [       0   0.2773   -6.558 |    1.804   0.1128 -0.05046 ]
  my [ -0.3689        0   -1.859 |   0.1128    2.106 -0.02238 ]
  mz [   14.38    3.066        0 | -0.05046 -0.02238    1.705 ]
  (B) D_TCP eigenvalues = [0.7714, 1.405, 2.072, 108.5, 178.3, 237.9] -> PSD ok (>=0) (min=0.7714)
phase: grind

Stop requested with e + Enter. Finishing control loop...

Joint motion [deg]:
joint    start   final   delta
------------------------------
q1       -2.8    -2.1     0.6
q2       18.1    32.3    14.2
q3       -5.1    -2.2     3.0
q4     -122.8  -121.9     0.9
q5       17.5     0.3   -17.2
q6      139.5   146.4     6.9
q7       26.8    43.1    16.3

=== Final result ===
p_d = [529.1, -42.9, -133.3] mm
p_EE = [536.3, -43.3, 25.4] mm
e_p = [-7.2, 0.3, -158.7] mm
position_error = 158.87 mm
e_R = [0.83, -2.77, -0.16] deg
rotation_error = 2.90 deg
csv: surface_grinding_controller_log.csv
